Running 2 processes.
Start training small_toy_510.small_toy with seed 1.
Any[]
(2, 13)
(2, 6)
(2, 3)
(2, 4)
dimension: 2, class: 3
cart cost: 2.7500000000000004
size of X: (2, 9)
ngroups: 2
UB: 2.6999999999999993
Iter	left	lev	LB	UB	gap	
0      0      1          0.1000     2.7000     2600.0000  % 
UB: 2.6999999999999993
branching on 1 with d.
1      1      2          0.1000     2.7000     2600.0000  % 
LB close or above UB, fathomed
2      0      2          0.1000     2.7000     2600.0000  % 
UB: 2.6999999999999993
branching on 2 with d.
3      1      3          0.1000     2.7000     2600.0000  % 
UB: 2.6999999999999993
branching on 3 with d.
4      2      4          0.1000     2.7000     2600.0000  % 
LB close or above UB, fathomed
5      1      4          0.1000     2.7000     2600.0000  % 
UB: 2.6999999999999993
branching on CartesianIndex(1, 1) with a.
6      2      5          0.1000     2.7000     2600.0000  % 
LB close or above UB, fathomed
7      1      5          0.1000     2.7000     2600.0000  % 
LB close or above UB, fathomed
8      0      3          0.1000     2.7000     2600.0000  % 
UB: 2.6999999999999993
branching on 3 with d.
9      1      4          0.1000     2.7000     2600.0000  % 
UB: 2.6999999999999993
branching on CartesianIndex(1, 1) with a.
10     2      5          0.1000     2.7000     2600.0000  % 
LB close or above UB, fathomed
11     1      5          0.1000     2.7000     2600.0000  % 
UB: 2.6999999999999993
branching on 1 with b.
12     2      4          0.1000     2.7000     2600.0000  % 
UB: 2.6999999999999993
branching on CartesianIndex(1, 1) with a.
13     3      6          0.1000     2.7000     2600.0000  % 
LB close or above UB, fathomed
14     2      6          0.1000     2.7000     2600.0000  % 
UB: 2.6999999999999993
branching on CartesianIndex(1, 2) with a.
15     3      7          0.1000     2.7000     2600.0000  % 
LB close or above UB, fathomed
16     2      7          0.1000     2.7000     2600.0000  % 
LB close or above UB, fathomed
17     1      5          0.1500     2.7000     1700.0000  % 
UB: 2.6999999999999993
branching on CartesianIndex(1, 2) with a.
18     2      6          0.1500     2.7000     1700.0000  % 
UB: 2.6999999999999993
branching on 1 with b.
19     3      7          0.1500     2.7000     1700.0000  % 
UB: 2.6999999999999993
branching on CartesianIndex(1, 3) with a.
20     4      8          0.1500     2.7000     1700.0000  % 
UB: 2.6999999999999993
branching on 1 with b.
21     5      9          0.1500     2.7000     1700.0000  % 
LB close or above UB, fathomed
22     4      9          0.1500     2.7000     1700.0000  % 
UB: 2.6999999999999993
branching on 2 with b.
23     5      10         0.1500     2.7000     1700.0000  % 
UB: 2.6999999999999993
branching on 3 with b.
24     6      11         0.1500     2.7000     1700.0000  % 
LB close or above UB, fathomed
25     5      11         0.1500     2.7000     1700.0000  % 
UB: 2.6999999999999993
branching on CartesianIndex(1, 4) with c.
26     6      12         0.1500     2.7000     1700.0000  % 
LB close or above UB, fathomed
27     5      12         0.1500     2.7000     1700.0000  % 
LB close or above UB, fathomed
28     4      10         0.1500     2.7000     1700.0000  % 
LB close or above UB, fathomed
29     3      8          0.1500     2.7000     1700.0000  % 
UB: 2.6999999999999993
branching on CartesianIndex(1, 4) with c.
30     4      9          0.1500     2.7000     1700.0000  % 
UB: 2.6999999999999993
branching on 1 with b.
31     5      10         0.1500     2.7000     1700.0000  % 
LB close or above UB, fathomed
32     4      10         0.1500     2.7000     1700.0000  % 
UB: 2.6999999999999993
branching on CartesianIndex(2, 4) with c.
33     5      9          0.1500     2.7000     1700.0000  % 
LB close or above UB, fathomed
34     4      7          0.1500     2.7000     1700.0000  % 
LB close or above UB, fathomed
35     3      6          0.1500     2.7000     1700.0000  % 
UB: 2.6999999999999993
branching on 1 with b.
36     4      7          0.1500     2.7000     1700.0000  % 
UB: 2.6999999999999993
branching on 1 with b.
37     5      8          0.1500     2.7000     1700.0000  % 
LB close or above UB, fathomed
38     4      8          0.1500     2.7000     1700.0000  % 
UB: 2.6999999999999993
branching on CartesianIndex(1, 3) with a.
39     5      9          0.1500     2.7000     1700.0000  % 
UB: 2.6999999999999993
branching on 2 with b.
40     6      10         0.1500     2.7000     1700.0000  % 
LB close or above UB, fathomed
41     5      10         0.1500     2.7000     1700.0000  % 
UB: 2.6999999999999993
branching on CartesianIndex(1, 4) with c.
42     6      11         0.1500     2.7000     1700.0000  % 
LB close or above UB, fathomed
43     5      11         0.1500     2.7000     1700.0000  % 
UB: 2.6999999999999993
branching on CartesianIndex(1, 5) with c.
44     6      12         0.1500     2.7000     1700.0000  % 
UB: 2.6999999999999993
branching on CartesianIndex(2, 5) with c.
45     7      13         0.1500     2.7000     1700.0000  % 
LB close or above UB, fathomed
46     6      13         0.1500     2.7000     1700.0000  % 
LB close or above UB, fathomed
47     5      12         0.1500     2.7000     1700.0000  % 
LB close or above UB, fathomed
48     4      9          0.1500     2.7000     1700.0000  % 
UB: 2.6999999999999993
branching on CartesianIndex(1, 4) with c.
49     5      10         0.1500     2.7000     1700.0000  % 
LB close or above UB, fathomed
50     4      10         0.1500     2.7000     1700.0000  % 
UB: 2.6999999999999993
branching on CartesianIndex(1, 5) with c.
51     5      11         0.1500     2.7000     1700.0000  % 
UB: 2.6999999999999993
branching on 2 with b.
52     6      12         0.1500     2.7000     1700.0000  % 
LB close or above UB, fathomed
53     5      12         0.1500     2.7000     1700.0000  % 
UB: 2.6999999999999993
branching on CartesianIndex(2, 5) with c.
54     6      13         0.1500     2.7000     1700.0000  % 
LB close or above UB, fathomed
55     5      13         0.1500     2.7000     1700.0000  % 
UB: 2.6999999999999993
branching on 3 with b.
56     6      11         0.1500     2.7000     1700.0000  % 
LB close or above UB, fathomed
57     5      7          0.1500     2.7000     1700.0000  % 
LB close or above UB, fathomed
58     4      5          0.1500     2.7000     1700.0000  % 
UB: 2.6999999999999993
branching on 1 with b.
59     5      6          0.1500     2.7000     1700.0000  % 
LB close or above UB, fathomed
60     4      6          0.1500     2.7000     1700.0000  % 
UB: 2.6999999999999993
branching on 1 with b.
61     5      7          0.1500     2.7000     1700.0000  % 
UB: 2.6999999999999993
branching on CartesianIndex(1, 2) with a.
62     6      8          0.1500     2.7000     1700.0000  % 
UB: 2.6999999999999993
branching on 2 with b.
63     7      9          0.1500     2.7000     1700.0000  % 
UB: 2.6999999999999993
branching on 3 with b.
64     8      9          0.1500     2.7000     1700.0000  % 
UB: 2.6999999999999993
branching on CartesianIndex(1, 3) with a.
65     9      8          0.1500     2.7000     1700.0000  % 
UB: 2.6999999999999993
branching on CartesianIndex(1, 3) with a.
66     10     9          0.1500     2.7000     1700.0000  % 
UB: 2.6999999999999993
branching on 2 with b.
67     11     10         0.1500     2.7000     1700.0000  % 
UB: 2.6999999999999993
branching on CartesianIndex(1, 4) with c.
68     12     11         0.1500     2.7000     1700.0000  % 
LB close or above UB, fathomed
69     11     11         0.1500     2.7000     1700.0000  % 
UB: 2.6999999999999993
branching on 3 with b.
70     12     12         0.1500     2.7000     1700.0000  % 
UB: 2.6999999999999993
branching on CartesianIndex(1, 5) with c.
71     13     12         0.1500     2.7000     1700.0000  % 
LB close or above UB, fathomed
72     12     10         0.1500     2.7000     1700.0000  % 
LB close or above UB, fathomed
73     11     9          0.1500     2.7000     1700.0000  % 
UB: 2.6999999999999993
branching on CartesianIndex(1, 4) with c.
74     12     7          0.1500     2.7000     1700.0000  % 
LB close or above UB, fathomed
75     11     10         0.1500     2.7000     1700.0000  % 
LB close or above UB, fathomed
76     10     10         0.1500     2.7000     1700.0000  % 
UB: 2.6999999999999993
branching on CartesianIndex(1, 5) with c.
77     11     11         0.1500     2.7000     1700.0000  % 
UB: 2.6999999999999993
branching on 2 with b.
78     12     12         0.1500     2.7000     1700.0000  % 
UB: 2.6999999999999993
branching on 3 with b.
79     13     12         0.1500     2.7000     1700.0000  % 
LB close or above UB, fathomed
80     12     11         0.1500     2.7000     1700.0000  % 
LB close or above UB, fathomed
81     11     14         0.1500     2.7000     1700.0000  % 
LB close or above UB, fathomed
82     10     14         0.1500     2.7000     1700.0000  % 
UB: 2.6999999999999993
branching on CartesianIndex(1, 6) with c.
83     11     10         0.1500     2.7000     1700.0000  % 
UB: 2.6999999999999993
branching on CartesianIndex(1, 3) with a.
84     12     10         0.1500     2.7000     1700.0000  % 
UB: 2.6999999999999993
branching on CartesianIndex(1, 3) with a.
85     13     11         0.1500     2.7000     1700.0000  % 
UB: 2.6999999999999993
branching on CartesianIndex(1, 4) with c.
86     14     11         0.1500     2.7000     1700.0000  % 
UB: 2.6999999999999993
branching on CartesianIndex(1, 4) with c.
87     15     12         0.1500     2.7000     1700.0000  % 
LB close or above UB, fathomed
88     14     12         0.1500     2.7000     1700.0000  % 
UB: 2.6999999999999993
branching on 1 with b.
89     14     13         0.1500     2.7000     1700.0000  % 
UB: 2.6999999999999993
branching on CartesianIndex(1, 5) with c.
90     15     14         0.1500     2.7000     1700.0000  % 
UB: 2.6999999999999993
branching on CartesianIndex(2, 5) with c.
91     16     15         0.1500     2.7000     1700.0000  % 
LB close or above UB, fathomed
92     15     15         0.1500     2.7000     1700.0000  % 
UB: 2.6999999999999993
branching on CartesianIndex(1, 6) with c.
93     16     16         0.1500     2.7000     1700.0000  % 
UB: 2.6999999999999993
branching on CartesianIndex(2, 6) with c.
94     17     17         0.1500     2.7000     1700.0000  % 
LB close or above UB, fathomed
95     16     17         0.1500     2.7000     1700.0000  % 
UB: 2.6999999999999993
branching on CartesianIndex(1, 7) with c.
96     17     18         0.1500     2.7000     1700.0000  % 
UB: 2.6999999999999993
branching on 2 with b.
97     18     19         0.1500     2.7000     1700.0000  % 
LB close or above UB, fathomed
98     17     19         0.1500     2.7000     1700.0000  % 
UB: 2.6999999999999993
branching on CartesianIndex(2, 7) with c.
99     18     20         0.1500     2.7000     1700.0000  % 
UB: 2.6999999999999993
branching on 3 with b.
100    19     21         0.1500     2.7000     1700.0000  % 
UB: 2.6999999999999993
branching on 1 with b.
101    20     22         0.1500     2.7000     1700.0000  % 
UB: 2.6999999999999993
branching on 2 with b.
102    21     23         0.1500     2.7000     1700.0000  % 
LB close or above UB, fathomed
103    20     23         0.1500     2.7000     1700.0000  % 
UB: 2.6999999999999993
branching on 3 with b.
104    20     24         0.1500     2.7000     1700.0000  % 
UB: 2.6999999999999993
branching on 1 with b.
105    21     25         0.1500     2.7000     1700.0000  % 
UB: 2.6999999999999993
branching on 2 with b.
106    21     26         0.1500     2.7000     1700.0000  % 
UB: 2.6999999999999993
branching on 3 with b.
107    22     27         0.1500     2.7000     1700.0000  % 
LB close or above UB, fathomed
108    21     27         0.1500     2.7000     1700.0000  % 
LB close or above UB, fathomed
109    20     25         0.1500     2.7000     1700.0000  % 
UB: 2.6999999999999993
branching on 2 with b.
110    20     26         0.1500     2.7000     1700.0000  % 
UB: 2.6999999999999993
branching on 3 with b.
111    21     27         0.1500     2.7000     1700.0000  % 
LB close or above UB, fathomed
112    20     27         0.1500     2.7000     1700.0000  % 
LB close or above UB, fathomed
113    19     22         0.1500     2.7000     1700.0000  % 
LB close or above UB, fathomed
114    18     21         0.1500     2.7000     1700.0000  % 
LB close or above UB, fathomed
115    17     20         0.1500     2.7000     1700.0000  % 
LB close or above UB, fathomed
116    16     18         0.1500     2.7000     1700.0000  % 
LB close or above UB, fathomed
117    15     16         0.1500     2.7000     1700.0000  % 
LB close or above UB, fathomed
118    14     14         0.1500     2.7000     1700.0000  % 
LB close or above UB, fathomed
119    13     12         0.1500     2.7000     1700.0000  % 
LB close or above UB, fathomed
120    12     12         0.1500     2.7000     1700.0000  % 
UB: 2.6999999999999993
branching on CartesianIndex(1, 5) with c.
121    13     13         0.1500     2.7000     1700.0000  % 
UB: 2.6999999999999993
branching on CartesianIndex(2, 5) with c.
122    14     14         0.1500     2.7000     1700.0000  % 
LB close or above UB, fathomed
123    13     14         0.1500     2.7000     1700.0000  % 
UB: 2.6999999999999993
branching on CartesianIndex(1, 6) with c.
124    14     15         0.1500     2.7000     1700.0000  % 
UB: 2.6999999999999993
branching on CartesianIndex(2, 6) with c.
125    15     16         0.1500     2.7000     1700.0000  % 
LB close or above UB, fathomed
126    14     16         0.1500     2.7000     1700.0000  % 
LB close or above UB, fathomed
127    13     15         0.1500     2.7000     1700.0000  % 
LB close or above UB, fathomed
128    12     13         0.1500     2.7000     1700.0000  % 
LB close or above UB, fathomed
129    11     11         0.1500     2.7000     1700.0000  % 
UB: 2.6999999999999993
branching on CartesianIndex(1, 4) with c.
130    12     12         0.1500     2.7000     1700.0000  % 
LB close or above UB, fathomed
131    11     12         0.1500     2.7000     1700.0000  % 
UB: 2.6999999999999993
branching on 1 with b.
132    11     13         0.1500     2.7000     1700.0000  % 
UB: 2.6999999999999993
branching on CartesianIndex(1, 5) with c.
133    12     14         0.1500     2.7000     1700.0000  % 
UB: 2.6999999999999993
branching on 2 with b.
134    13     15         0.1500     2.7000     1700.0000  % 
LB close or above UB, fathomed
135    12     15         0.1500     2.7000     1700.0000  % 
UB: 2.6999999999999993
branching on 3 with b.
136    13     16         0.1500     2.7000     1700.0000  % 
LB close or above UB, fathomed
137    12     16         0.1500     2.7000     1700.0000  % 
UB: 2.6999999999999993
branching on 1 with b.
138    13     17         0.1500     2.7000     1700.0000  % 
UB: 2.6999999999999993
branching on 2 with b.
139    14     18         0.1500     2.7000     1700.0000  % 
LB close or above UB, fathomed
140    13     18         0.1500     2.7000     1700.0000  % 
UB: 2.6999999999999993
branching on CartesianIndex(2, 5) with c.
141    14     19         0.1500     2.7000     1700.0000  % 
LB close or above UB, fathomed
142    13     19         0.1500     2.7000     1700.0000  % 
UB: 2.6999999999999993
branching on CartesianIndex(1, 6) with c.
143    14     20         0.1500     2.7000     1700.0000  % 
UB: 2.6999999999999993
branching on 3 with b.
144    15     21         0.1500     2.7000     1700.0000  % 
UB: 2.6999999999999993
branching on CartesianIndex(2, 6) with c.
145    16     22         0.1500     2.7000     1700.0000  % 
LB close or above UB, fathomed
146    15     22         0.1500     2.7000     1700.0000  % 
UB: 2.6999999999999993
branching on CartesianIndex(1, 7) with c.
147    16     23         0.1500     2.7000     1700.0000  % 
UB: 2.6999999999999993
branching on CartesianIndex(2, 7) with c.
148    17     24         0.1500     2.7000     1700.0000  % 
UB: 2.6999999999999993
branching on 1 with b.
149    18     25         0.1500     2.7000     1700.0000  % 
UB: 2.6999999999999993
branching on 2 with b.
150    18     26         0.1500     2.7000     1700.0000  % 
UB: 2.6999999999999993
branching on 3 with b.
151    19     27         0.1500     2.7000     1700.0000  % 
LB close or above UB, fathomed
152    18     27         0.1500     2.7000     1700.0000  % 
LB close or above UB, fathomed
153    17     25         0.1500     2.7000     1700.0000  % 
UB: 2.6999999999999993
branching on 2 with b.
154    17     26         0.1500     2.7000     1700.0000  % 
UB: 2.6999999999999993
branching on 3 with b.
155    18     27         0.1500     2.7000     1700.0000  % 
LB close or above UB, fathomed
156    17     27         0.1500     2.7000     1700.0000  % 
LB close or above UB, fathomed
157    16     24         0.1500     2.7000     1700.0000  % 
LB close or above UB, fathomed
158    15     23         0.1500     2.7000     1700.0000  % 
LB close or above UB, fathomed
159    14     21         0.1500     2.7000     1700.0000  % 
LB close or above UB, fathomed
160    13     20         0.1500     2.7000     1700.0000  % 
LB close or above UB, fathomed
161    12     17         0.1500     2.7000     1700.0000  % 
LB close or above UB, fathomed
162    11     14         0.1500     2.7000     1700.0000  % 
LB close or above UB, fathomed
163    10     11         0.1500     2.7000     1700.0000  % 
LB close or above UB, fathomed
164    9      15         0.1500     2.7000     1700.0000  % 
UB: 2.6999999999999993
branching on CartesianIndex(2, 6) with c.
165    10     16         0.1500     2.7000     1700.0000  % 
LB close or above UB, fathomed
166    9      16         0.1500     2.7000     1700.0000  % 
UB: 2.6999999999999993
branching on CartesianIndex(1, 7) with c.
167    10     17         0.1500     2.7000     1700.0000  % 
UB: 2.6999999999999993
branching on 1 with b.
168    11     18         0.1500     2.7000     1700.0000  % 
LB close or above UB, fathomed
169    10     18         0.1500     2.7000     1700.0000  % 
LB close or above UB, fathomed
170    9      17         0.1500     2.7000     1700.0000  % 
LB close or above UB, fathomed
171    8      15         0.1500     2.7000     1700.0000  % 
LB close or above UB, fathomed
172    7      13         0.1500     2.7000     1700.0000  % 
LB close or above UB, fathomed
173    6      13         0.1500     2.7000     1700.0000  % 
UB: 2.6999999999999993
branching on CartesianIndex(2, 5) with c.
174    7      14         0.1500     2.7000     1700.0000  % 
LB close or above UB, fathomed
175    6      14         0.1500     2.7000     1700.0000  % 
UB: 2.6999999999999993
branching on CartesianIndex(1, 6) with c.
176    7      15         0.1500     2.7000     1700.0000  % 
LB close or above UB, fathomed
177    6      15         0.1500     2.7000     1700.0000  % 
UB: 2.6999999999999993
branching on CartesianIndex(1, 7) with c.
178    7      16         0.1500     2.7000     1700.0000  % 
UB: 2.6999999999999993
branching on 1 with b.
179    7      17         0.1500     2.7000     1700.0000  % 
UB: 2.6999999999999993
branching on 2 with b.
180    8      18         0.1500     2.7000     1700.0000  % 
UB: 2.6999999999999993
branching on 3 with b.
181    9      19         0.1500     2.7000     1700.0000  % 
UB: 2.6999999999999993
branching on 1 with b.
182    10     20         0.1500     2.7000     1700.0000  % 
LB close or above UB, fathomed
183    9      20         0.1500     2.7000     1700.0000  % 
LB close or above UB, fathomed
184    8      19         0.1500     2.7000     1700.0000  % 
LB close or above UB, fathomed
185    7      18         0.1500     2.7000     1700.0000  % 
UB: 2.6999999999999993
branching on CartesianIndex(2, 7) with c.
186    8      19         0.1500     2.7000     1700.0000  % 
UB: 2.6999999999999993
branching on 3 with b.
187    9      20         0.1500     2.7000     1700.0000  % 
UB: 2.6999999999999993
branching on 1 with b.
188    10     21         0.1500     2.7000     1700.0000  % 
LB close or above UB, fathomed
189    9      21         0.1500     2.7000     1700.0000  % 
LB close or above UB, fathomed
190    8      20         0.1500     2.7000     1700.0000  % 
LB close or above UB, fathomed
191    7      19         0.1500     2.7000     1700.0000  % 
LB close or above UB, fathomed
192    6      16         0.1500     2.7000     1700.0000  % 
LB close or above UB, fathomed
193    5      13         0.1500     2.7000     1700.0000  % 
UB: 2.6999999999999993
branching on CartesianIndex(2, 5) with c.
194    6      14         0.1500     2.7000     1700.0000  % 
LB close or above UB, fathomed
195    5      14         0.1500     2.7000     1700.0000  % 
UB: 2.6999999999999993
branching on CartesianIndex(1, 6) with c.
196    6      15         0.1500     2.7000     1700.0000  % 
LB close or above UB, fathomed
197    5      15         0.1500     2.7000     1700.0000  % 
UB: 2.6999999999999993
branching on 1 with b.
198    5      16         0.1500     2.7000     1700.0000  % 
UB: 2.6999999999999993
branching on 2 with b.
199    6      17         0.1500     2.7000     1700.0000  % 
UB: 2.6999999999999993
branching on CartesianIndex(1, 7) with c.
200    7      18         0.1500     2.7000     1700.0000  % 
UB: 2.6999999999999993
branching on CartesianIndex(2, 7) with c.
201    8      19         0.1500     2.7000     1700.0000  % 
UB: 2.6999999999999993
branching on 3 with b.
202    9      20         0.1500     2.7000     1700.0000  % 
UB: 2.6999999999999993
branching on 1 with b.
203    10     21         0.1500     2.7000     1700.0000  % 
LB close or above UB, fathomed
204    9      21         0.1500     2.7000     1700.0000  % 
LB close or above UB, fathomed
205    8      20         0.1500     2.7000     1700.0000  % 
UB: 2.6999999999999993
branching on 1 with b.
206    9      19         0.1500     2.7000     1700.0000  % 
LB close or above UB, fathomed
207    8      18         0.1500     2.7000     1700.0000  % 
LB close or above UB, fathomed
208    7      17         0.1500     2.7000     1700.0000  % 
UB: 2.6999999999999993
branching on CartesianIndex(1, 7) with c.
209    8      18         0.1500     2.7000     1700.0000  % 
UB: 2.6999999999999993
branching on CartesianIndex(2, 7) with c.
210    9      19         0.1500     2.7000     1700.0000  % 
UB: 2.6999999999999993
branching on 3 with b.
211    10     20         0.1500     2.7000     1700.0000  % 
UB: 2.6999999999999993
branching on 1 with b.
212    11     21         0.1500     2.7000     1700.0000  % 
LB close or above UB, fathomed
213    10     21         0.1500     2.7000     1700.0000  % 
LB close or above UB, fathomed
214    9      20         0.1500     2.7000     1700.0000  % 
UB: 2.6999999999999993
branching on 1 with b.
215    10     19         0.1500     2.7000     1700.0000  % 
LB close or above UB, fathomed
216    9      18         0.1500     2.7000     1700.0000  % 
LB close or above UB, fathomed
217    8      13         0.1500     2.7000     1700.0000  % 
LB close or above UB, fathomed
218    7      10         0.1500     2.7000     1700.0000  % 
UB: 2.6999999999999993
branching on 3 with b.
219    8      11         0.1500     2.7000     1700.0000  % 
UB: 2.6999999999999993
branching on CartesianIndex(1, 4) with c.
220    9      12         0.1500     2.7000     1700.0000  % 
LB close or above UB, fathomed
221    8      12         0.1500     2.7000     1700.0000  % 
UB: 2.6999999999999993
branching on CartesianIndex(1, 5) with c.
222    9      13         0.1500     2.7000     1700.0000  % 
UB: 2.6999999999999993
branching on CartesianIndex(2, 5) with c.
223    10     14         0.1500     2.7000     1700.0000  % 
LB close or above UB, fathomed
224    9      14         0.1500     2.7000     1700.0000  % 
UB: 2.6999999999999993
branching on CartesianIndex(1, 6) with c.
225    10     15         0.1500     2.7000     1700.0000  % 
UB: 2.6999999999999993
branching on CartesianIndex(2, 6) with c.
226    11     16         0.1500     2.7000     1700.0000  % 
LB close or above UB, fathomed
227    10     16         0.1500     2.7000     1700.0000  % 
UB: 2.6999999999999993
branching on CartesianIndex(1, 7) with c.
228    11     17         0.1500     2.7000     1700.0000  % 
UB: 2.6999999999999993
branching on CartesianIndex(2, 7) with c.
229    12     18         0.1500     2.7000     1700.0000  % 
UB: 2.6999999999999993
branching on 1 with b.
230    12     19         0.1500     2.7000     1700.0000  % 
UB: 2.6999999999999993
branching on 2 with b.
231    13     20         0.1500     2.7000     1700.0000  % 
UB: 2.6999999999999993
branching on 3 with b.
232    14     21         0.1500     2.7000     1700.0000  % 
LB close or above UB, fathomed
233    13     21         0.1500     2.7000     1700.0000  % 
UB: 2.6999999999999993
branching on 1 with b.
234    14     20         0.1500     2.7000     1700.0000  % 
LB close or above UB, fathomed
235    13     18         0.1500     2.7000     1700.0000  % 
LB close or above UB, fathomed
236    12     17         0.1500     2.7000     1700.0000  % 
LB close or above UB, fathomed
237    11     15         0.1500     2.7000     1700.0000  % 
LB close or above UB, fathomed
238    10     13         0.1500     2.7000     1700.0000  % 
LB close or above UB, fathomed
239    9      11         0.1500     2.7000     1700.0000  % 
LB close or above UB, fathomed
240    8      10         0.1500     2.7000     1700.0000  % 
UB: 2.6999999999999993
branching on CartesianIndex(1, 4) with c.
241    9      11         0.1500     2.7000     1700.0000  % 
LB close or above UB, fathomed
242    8      11         0.1500     2.7000     1700.0000  % 
UB: 2.6999999999999993
branching on CartesianIndex(1, 5) with c.
243    9      12         0.1500     2.7000     1700.0000  % 
UB: 2.6999999999999993
branching on CartesianIndex(2, 5) with c.
244    10     13         0.1500     2.7000     1700.0000  % 
LB close or above UB, fathomed
245    9      13         0.1500     2.7000     1700.0000  % 
UB: 2.6999999999999993
branching on 3 with b.
246    10     14         0.1500     2.7000     1700.0000  % 
LB close or above UB, fathomed
247    9      14         0.1500     2.7000     1700.0000  % 
UB: 2.6999999999999993
branching on CartesianIndex(1, 6) with c.
248    10     15         0.1500     2.7000     1700.0000  % 
UB: 2.6999999999999993
branching on 1 with b.
249    10     16         0.1500     2.7000     1700.0000  % 
UB: 2.6999999999999993
branching on CartesianIndex(2, 6) with c.
250    11     17         0.1500     2.7000     1700.0000  % 
LB close or above UB, fathomed
251    10     17         0.1500     2.7000     1700.0000  % 
UB: 2.6999999999999993
branching on CartesianIndex(1, 7) with c.
252    11     18         0.1500     2.7000     1700.0000  % 
UB: 2.6999999999999993
branching on CartesianIndex(2, 7) with c.
253    12     19         0.1500     2.7000     1700.0000  % 
UB: 2.6999999999999993
branching on 2 with b.
254    13     20         0.1500     2.7000     1700.0000  % 
UB: 2.6999999999999993
branching on 3 with b.
255    14     21         0.1500     2.7000     1700.0000  % 
UB: 2.6999999999999993
branching on 1 with b.
256    15     22         0.1500     2.7000     1700.0000  % 
UB: 2.6999999999999993
branching on 2 with b.
257    15     23         0.1500     2.7000     1700.0000  % 
UB: 2.6999999999999993
branching on 3 with b.
258    15     24         0.1500     2.7000     1700.0000  % 
UB: 2.6999999999999993
branching on 1 with b.
259    16     25         0.1500     2.7000     1700.0000  % 
UB: 2.6999999999999993
branching on 2 with b.
260    17     26         0.1500     2.7000     1700.0000  % 
UB: 2.6999999999999993
branching on 3 with b.
261    18     27         0.1500     2.7000     1700.0000  % 
LB close or above UB, fathomed
262    17     27         0.1500     2.7000     1700.0000  % 
LB close or above UB, fathomed
263    16     26         0.1500     2.7000     1700.0000  % 
UB: 2.6999999999999993
branching on 3 with b.
264    17     27         0.1500     2.7000     1700.0000  % 
LB close or above UB, fathomed
265    16     27         0.1500     2.7000     1700.0000  % 
LB close or above UB, fathomed
266    15     25         0.1500     2.7000     1700.0000  % 
UB: 2.6999999999999993
branching on 2 with b.
267    16     26         0.1500     2.7000     1700.0000  % 
UB: 2.6999999999999993
branching on 3 with b.
268    17     27         0.1500     2.7000     1700.0000  % 
LB close or above UB, fathomed
269    16     27         0.1500     2.7000     1700.0000  % 
LB close or above UB, fathomed
270    15     26         0.1500     2.7000     1700.0000  % 
UB: 2.6999999999999993
branching on 3 with b.
271    16     27         0.1500     2.7000     1700.0000  % 
LB close or above UB, fathomed
272    15     27         0.1500     2.7000     1700.0000  % 
LB close or above UB, fathomed
273    14     22         0.1500     2.7000     1700.0000  % 
LB close or above UB, fathomed
274    13     21         0.1500     2.7000     1700.0000  % 
LB close or above UB, fathomed
275    12     20         0.1500     2.7000     1700.0000  % 
LB close or above UB, fathomed
276    11     19         0.1500     2.7000     1700.0000  % 
LB close or above UB, fathomed
277    10     18         0.1500     2.7000     1700.0000  % 
LB close or above UB, fathomed
278    9      15         0.1500     2.7000     1700.0000  % 
LB close or above UB, fathomed
279    8      12         0.1500     2.7000     1700.0000  % 
LB close or above UB, fathomed
280    7      11         0.1500     2.7000     1700.0000  % 
LB close or above UB, fathomed
281    6      11         0.1500     2.7000     1700.0000  % 
UB: 2.6999999999999993
branching on 2 with b.
282    7      12         0.1500     2.7000     1700.0000  % 
UB: 2.6999999999999993
branching on 3 with b.
283    8      13         0.1500     2.7000     1700.0000  % 
LB close or above UB, fathomed
284    7      13         0.1500     2.7000     1700.0000  % 
UB: 2.6999999999999993
branching on CartesianIndex(1, 5) with c.
285    8      14         0.1500     2.7000     1700.0000  % 
LB close or above UB, fathomed
286    7      14         0.1500     2.7000     1700.0000  % 
UB: 2.6999999999999993
branching on CartesianIndex(1, 6) with c.
287    8      15         0.1500     2.7000     1700.0000  % 
UB: 2.6999999999999993
branching on CartesianIndex(2, 6) with c.
288    9      16         0.1500     2.7000     1700.0000  % 
LB close or above UB, fathomed
289    8      16         0.1500     2.7000     1700.0000  % 
UB: 2.6999999999999993
branching on CartesianIndex(1, 7) with c.
290    9      17         0.1500     2.7000     1700.0000  % 
UB: 2.6999999999999993
branching on CartesianIndex(2, 7) with c.
291    10     18         0.1500     2.7000     1700.0000  % 
UB: 2.6999999999999993
branching on 1 with b.
292    11     19         0.1500     2.7000     1700.0000  % 
LB close or above UB, fathomed
293    10     19         0.1500     2.7000     1700.0000  % 
LB close or above UB, fathomed
294    9      18         0.1500     2.7000     1700.0000  % 
LB close or above UB, fathomed
295    8      17         0.1500     2.7000     1700.0000  % 
LB close or above UB, fathomed
296    7      15         0.1500     2.7000     1700.0000  % 
LB close or above UB, fathomed
297    6      12         0.1500     2.7000     1700.0000  % 
LB close or above UB, fathomed
298    5      22         0.1500     2.7000     1700.0000  % 
UB: 2.6999999999999993
branching on 2 with b.
299    5      23         0.1500     2.7000     1700.0000  % 
UB: 2.6999999999999993
branching on 3 with b.
300    6      24         0.1500     2.7000     1700.0000  % 
UB: 2.6999999999999993
branching on 1 with b.
301    7      25         0.1500     2.7000     1700.0000  % 
UB: 2.6999999999999993
branching on 2 with b.
302    8      26         0.1500     2.7000     1700.0000  % 
UB: 2.6999999999999993
branching on 3 with b.
303    9      27         0.1500     2.7000     1700.0000  % 
LB close or above UB, fathomed
304    8      27         0.1500     2.7000     1700.0000  % 
LB close or above UB, fathomed
305    7      26         0.1500     2.7000     1700.0000  % 
UB: 2.6999999999999993
branching on 3 with b.
306    8      27         0.1500     2.7000     1700.0000  % 
LB close or above UB, fathomed
307    7      27         0.1500     2.7000     1700.0000  % 
LB close or above UB, fathomed
308    6      25         0.1500     2.7000     1700.0000  % 
UB: 2.6999999999999993
branching on 2 with b.
309    7      26         0.1500     2.7000     1700.0000  % 
UB: 2.6999999999999993
branching on 3 with b.
310    8      27         0.1500     2.7000     1700.0000  % 
LB close or above UB, fathomed
311    7      27         0.1500     2.7000     1700.0000  % 
LB close or above UB, fathomed
312    6      26         0.1500     2.7000     1700.0000  % 
UB: 2.6999999999999993
branching on 3 with b.
313    7      27         0.1500     2.7000     1700.0000  % 
LB close or above UB, fathomed
314    6      27         0.1500     2.7000     1700.0000  % 
LB close or above UB, fathomed
315    5      24         0.1500     2.7000     1700.0000  % 
LB close or above UB, fathomed
316    4      22         0.1500     2.7000     1700.0000  % 
LB close or above UB, fathomed
317    3      21         0.1500     2.7000     1700.0000  % 
LB close or above UB, fathomed
318    2      21         0.1500     2.7000     1700.0000  % 
LB close or above UB, fathomed
319    1      21         0.1500     2.7000     1700.0000  % 
LB close or above UB, fathomed
320    0      21         0.1500     2.7000     1700.0000  % 
LB close or above UB, fathomed
all node solved
solved nodes:  321
321                                                   2.7000e+00     2.7000e+00     0.0000  % 
2×3 Matrix{Float64}:
 1.0  0.0  1.0
 0.0  1.0  0.0
3-element Vector{Float64}:
 0.6520054399145916
 0.5392361548578342
 0.8402687443077541
3×7 Matrix{Float64}:
 0.0  0.0  0.0  1.0  0.0  0.0  0.0
 0.0  0.0  0.0  0.0  1.0  1.0  0.0
 0.0  0.0  0.0  0.0  0.0  0.0  1.0
3-element Vector{Float64}:
 1.0
 1.0
 1.0
2×3 Matrix{Float64}:
  1.0  -0.0  -0.0
 -0.0   1.0  -0.0
3-element Vector{Float64}:
 0.661374613744103
 0.4030403644356354
 0.0
3×7 Matrix{Float64}:
 0.0  0.0  0.0   1.0  0.0   0.0  -0.0
 0.0  0.0  0.0   0.0  1.0  -0.0   0.0
 0.0  0.0  0.0  -0.0  0.0   1.0   1.0
3-element Vector{Float64}:
 1.0
 1.0
 0.0
comparison (CRT and Glb)on prediction: Dict{Bool, Int64}(0 => 0, 1 => 4)
Dataname	 time	 objv	 lb	 gap	 train_w	 train_g	 test_w	 test_g
small_toy_510.small_toy	 60.56	 2.6999999999999993	 2.7	 0.0	 88.889	 88.889	 50.0	 50.0
