Running 2 processes.
Start training small_toy_446.small_toy with seed 1.
Any[]
(2, 13)
(2, 6)
(2, 3)
(2, 4)
dimension: 2, class: 3
cart cost: 7.9
size of X: (2, 9)
ngroups: 2
UB: 2.75
Iter	left	lev	LB	UB	gap	
0      0      1          0.1000     2.7500     2650.0000  % 
UB: 2.75
branching on 1 with d.
1      1      2          0.1000     2.7500     2650.0000  % 
LB close or above UB, fathomed
2      0      2          0.1000     2.7500     2650.0000  % 
UB: 2.75
branching on 2 with d.
3      1      3          0.1000     2.7500     2650.0000  % 
UB: 2.75
branching on 3 with d.
4      2      4          0.1000     2.7500     2650.0000  % 
LB close or above UB, fathomed
5      1      4          0.1000     2.7500     2650.0000  % 
UB: 2.75
branching on CartesianIndex(1, 1) with a.
6      2      5          0.1000     2.7500     2650.0000  % 
UB: 2.75
branching on CartesianIndex(1, 3) with a.
7      3      6          0.1000     2.7500     2650.0000  % 
UB: 2.75
branching on 1 with b.
8      4      6          0.1000     2.7500     2650.0000  % 
UB: 2.75
branching on CartesianIndex(1, 5) with c.
9      5      7          0.1000     2.7500     2650.0000  % 
LB close or above UB, fathomed
10     4      7          0.1000     2.7500     2650.0000  % 
UB: 2.75
branching on CartesianIndex(1, 6) with c.
11     5      5          0.1000     2.7500     2650.0000  % 
UB: 2.75
branching on 1 with b.
12     6      3          0.1000     2.7500     2650.0000  % 
UB: 2.75
branching on 3 with d.
13     7      4          0.1000     2.7500     2650.0000  % 
UB: 2.75
branching on 1 with b.
14     8      5          0.1000     2.7500     2650.0000  % 
UB: 2.75
branching on CartesianIndex(1, 1) with a.
15     9      5          0.1000     2.7500     2650.0000  % 
UB: 2.75
branching on 1 with b.
16     10     6          0.1000     2.7500     2650.0000  % 
UB: 2.75
branching on CartesianIndex(1, 1) with a.
17     11     7          0.1000     2.7500     2650.0000  % 
UB: 2.75
branching on CartesianIndex(1, 2) with a.
18     12     7          0.1000     2.7500     2650.0000  % 
UB: 2.75
branching on 2 with b.
19     13     8          0.1000     2.7500     2650.0000  % 
UB: 2.75
branching on CartesianIndex(1, 2) with a.
20     14     9          0.1000     2.7500     2650.0000  % 
UB: 2.75
branching on CartesianIndex(1, 4) with c.
21     15     10         0.1000     2.7500     2650.0000  % 
LB close or above UB, fathomed
22     14     10         0.1000     2.7500     2650.0000  % 
UB: 2.75
branching on CartesianIndex(1, 5) with c.
23     15     11         0.1000     2.7500     2650.0000  % 
UB: 2.75
branching on CartesianIndex(2, 5) with c.
24     16     12         0.1000     2.7500     2650.0000  % 
LB close or above UB, fathomed
25     15     12         0.1000     2.7500     2650.0000  % 
UB: 2.75
branching on CartesianIndex(1, 7) with c.
26     16     13         0.1000     2.7500     2650.0000  % 
UB: 2.75
branching on CartesianIndex(2, 7) with c.
27     17     14         0.1000     2.7500     2650.0000  % 
UB: 2.75
branching on 1 with b.
28     18     15         0.1000     2.7500     2650.0000  % 
UB: 2.75
branching on 2 with b.
29     19     15         0.1000     2.7500     2650.0000  % 
UB: 2.75
branching on 2 with b.
30     20     14         0.1000     2.7500     2650.0000  % 
LB close or above UB, fathomed
31     19     13         0.1000     2.7500     2650.0000  % 
LB close or above UB, fathomed
32     18     11         0.1000     2.7500     2650.0000  % 
LB close or above UB, fathomed
33     17     9          0.1000     2.7500     2650.0000  % 
UB: 2.75
branching on CartesianIndex(1, 4) with c.
34     18     8          0.1000     2.7500     2650.0000  % 
UB: 2.75
branching on CartesianIndex(1, 2) with a.
35     19     6          0.1000     2.7500     2650.0000  % 
UB: 2.75
branching on 2 with b.
36     20     4          0.1000     2.7500     2650.0000  % 
UB: 2.75
branching on 1 with b.
37     21     8          0.1000     2.7500     2650.0000  % 
UB: 2.75
branching on CartesianIndex(2, 6) with c.
38     22     9          0.1000     2.7500     2650.0000  % 
LB close or above UB, fathomed
39     21     9          0.1000     2.7500     2650.0000  % 
UB: 2.75
branching on 1 with b.
40     22     10         0.1000     2.7500     2650.0000  % 
UB: 2.75
branching on 1 with b.
41     23     11         0.1000     2.7500     2650.0000  % 
UB: 2.75
branching on CartesianIndex(1, 7) with c.
42     24     11         0.1000     2.7500     2650.0000  % 
UB: 2.75
branching on 3 with b.
43     25     12         0.1000     2.7500     2650.0000  % 
LB close or above UB, fathomed
44     24     12         0.1000     2.7500     2650.0000  % 
UB: 2.75
branching on CartesianIndex(1, 7) with c.
45     25     13         0.1000     2.7500     2650.0000  % 
UB: 2.75
branching on CartesianIndex(2, 7) with c.
46     26     14         0.1000     2.7500     2650.0000  % 
UB: 2.75
branching on 1 with b.
47     26     15         0.1000     2.7500     2650.0000  % 
UB: 2.75
branching on 3 with b.
48     27     14         0.1000     2.7500     2650.0000  % 
LB close or above UB, fathomed
49     26     13         0.1000     2.7500     2650.0000  % 
LB close or above UB, fathomed
50     25     10         0.1000     2.7500     2650.0000  % 
LB close or above UB, fathomed
51     24     8          0.1000     2.7500     2650.0000  % 
LB close or above UB, fathomed
52     23     5          0.1500     2.7500     1733.3333  % 
UB: 2.75
branching on CartesianIndex(1, 1) with a.
53     24     6          0.1500     2.7500     1733.3333  % 
UB: 2.75
branching on CartesianIndex(1, 2) with a.
54     25     7          0.1500     2.7500     1733.3333  % 
UB: 2.75
branching on CartesianIndex(1, 3) with a.
55     26     8          0.1500     2.7500     1733.3333  % 
UB: 2.75
branching on 1 with b.
56     27     8          0.1500     2.7500     1733.3333  % 
UB: 2.75
branching on CartesianIndex(1, 4) with c.
57     28     9          0.1500     2.7500     1733.3333  % 
UB: 2.75
branching on 1 with b.
58     29     10         0.1500     2.7500     1733.3333  % 
LB close or above UB, fathomed
59     28     10         0.1500     2.7500     1733.3333  % 
UB: 2.75
branching on CartesianIndex(2, 4) with c.
60     29     9          0.1500     2.7500     1733.3333  % 
UB: 2.75
branching on 1 with b.
61     30     10         0.1500     2.7500     1733.3333  % 
LB close or above UB, fathomed
62     29     10         0.1500     2.7500     1733.3333  % 
UB: 2.75
branching on 2 with b.
63     30     11         0.1500     2.7500     1733.3333  % 
UB: 2.75
branching on 3 with b.
64     31     12         0.1500     2.7500     1733.3333  % 
LB close or above UB, fathomed
65     30     12         0.1500     2.7500     1733.3333  % 
UB: 2.75
branching on CartesianIndex(1, 5) with c.
66     31     11         0.1500     2.7500     1733.3333  % 
UB: 2.75
branching on 3 with b.
67     32     12         0.1500     2.7500     1733.3333  % 
LB close or above UB, fathomed
68     31     12         0.1500     2.7500     1733.3333  % 
UB: 2.75
branching on 1 with b.
69     31     7          0.1500     2.7500     1733.3333  % 
UB: 2.75
branching on 1 with b.
70     32     8          0.1500     2.7500     1733.3333  % 
LB close or above UB, fathomed
71     31     8          0.1500     2.7500     1733.3333  % 
UB: 2.75
branching on CartesianIndex(1, 3) with a.
72     32     9          0.1500     2.7500     1733.3333  % 
LB close or above UB, fathomed
73     31     9          0.1500     2.7500     1733.3333  % 
UB: 2.75
branching on CartesianIndex(1, 4) with c.
74     32     10         0.1500     2.7500     1733.3333  % 
UB: 2.75
branching on 2 with b.
75     33     10         0.1500     2.7500     1733.3333  % 
UB: 2.75
branching on CartesianIndex(1, 5) with c.
76     34     11         0.1500     2.7500     1733.3333  % 
UB: 2.75
branching on CartesianIndex(2, 5) with c.
77     35     12         0.1500     2.7500     1733.3333  % 
UB: 2.75
branching on 2 with b.
78     36     13         0.1500     2.7500     1733.3333  % 
LB close or above UB, fathomed
79     35     13         0.1500     2.7500     1733.3333  % 
UB: 2.75
branching on CartesianIndex(1, 6) with c.
80     36     14         0.1500     2.7500     1733.3333  % 
UB: 2.75
branching on 3 with b.
81     37     15         0.1500     2.7500     1733.3333  % 
LB close or above UB, fathomed
82     36     15         0.1500     2.7500     1733.3333  % 
UB: 2.75
branching on CartesianIndex(2, 6) with c.
83     37     14         0.1500     2.7500     1733.3333  % 
LB close or above UB, fathomed
84     36     12         0.1500     2.7500     1733.3333  % 
UB: 2.75
branching on CartesianIndex(1, 6) with c.
85     37     13         0.1500     2.7500     1733.3333  % 
UB: 2.75
branching on 2 with b.
86     38     14         0.1500     2.7500     1733.3333  % 
LB close or above UB, fathomed
87     37     14         0.1500     2.7500     1733.3333  % 
UB: 2.75
branching on CartesianIndex(2, 6) with c.
88     38     15         0.1500     2.7500     1733.3333  % 
LB close or above UB, fathomed
89     37     15         0.1500     2.7500     1733.3333  % 
UB: 2.75
branching on CartesianIndex(1, 7) with c.
90     38     16         0.1500     2.7500     1733.3333  % 
UB: 2.75
branching on CartesianIndex(2, 7) with c.
91     39     17         0.1500     2.7500     1733.3333  % 
UB: 2.75
branching on 3 with b.
92     40     18         0.1500     2.7500     1733.3333  % 
LB close or above UB, fathomed
93     39     18         0.1500     2.7500     1733.3333  % 
UB: 2.75
branching on 1 with b.
94     39     19         0.1500     2.7500     1733.3333  % 
LB close or above UB, fathomed
95     38     17         0.1500     2.7500     1733.3333  % 
LB close or above UB, fathomed
96     37     16         0.1500     2.7500     1733.3333  % 
LB close or above UB, fathomed
97     36     13         0.1500     2.7500     1733.3333  % 
LB close or above UB, fathomed
98     35     11         0.1500     2.7500     1733.3333  % 
UB: 2.75
branching on CartesianIndex(1, 6) with c.
99     36     12         0.1500     2.7500     1733.3333  % 
UB: 2.75
branching on CartesianIndex(2, 6) with c.
100    37     13         0.1500     2.7500     1733.3333  % 
LB close or above UB, fathomed
101    36     13         0.1500     2.7500     1733.3333  % 
UB: 2.75
branching on CartesianIndex(1, 7) with c.
102    37     14         0.1500     2.7500     1733.3333  % 
UB: 2.75
branching on CartesianIndex(2, 7) with c.
103    38     15         0.1500     2.7500     1733.3333  % 
UB: 2.75
branching on 2 with b.
104    39     16         0.1500     2.7500     1733.3333  % 
UB: 2.75
branching on 3 with b.
105    40     17         0.1500     2.7500     1733.3333  % 
LB close or above UB, fathomed
106    39     17         0.1500     2.7500     1733.3333  % 
UB: 2.75
branching on 1 with b.
107    39     18         0.1500     2.7500     1733.3333  % 
LB close or above UB, fathomed
108    38     16         0.1500     2.7500     1733.3333  % 
UB: 2.75
branching on 3 with b.
109    39     15         0.1500     2.7500     1733.3333  % 
LB close or above UB, fathomed
110    38     14         0.1500     2.7500     1733.3333  % 
LB close or above UB, fathomed
111    37     12         0.1500     2.7500     1733.3333  % 
LB close or above UB, fathomed
112    36     6          0.1500     2.7500     1733.3333  % 
LB close or above UB, fathomed
113    35     5          0.1500     2.7500     1733.3333  % 
UB: 2.75
branching on CartesianIndex(1, 1) with a.
114    36     6          0.1500     2.7500     1733.3333  % 
LB close or above UB, fathomed
115    35     6          0.1500     2.7500     1733.3333  % 
UB: 2.75
branching on 1 with b.
116    36     7          0.1500     2.7500     1733.3333  % 
UB: 2.75
branching on 2 with b.
117    37     8          0.1500     2.7500     1733.3333  % 
UB: 2.75
branching on CartesianIndex(1, 2) with a.
118    38     9          0.1500     2.7500     1733.3333  % 
UB: 2.75
branching on 3 with b.
119    39     9          0.1500     2.7500     1733.3333  % 
LB close or above UB, fathomed
120    38     8          0.1500     2.7500     1733.3333  % 
LB close or above UB, fathomed
121    37     7          0.1500     2.7500     1733.3333  % 
LB close or above UB, fathomed
122    36     17         0.1500     2.7500     1733.3333  % 
LB close or above UB, fathomed
123    35     17         0.1500     2.7500     1733.3333  % 
UB: 2.75
branching on 1 with b.
124    35     18         0.1500     2.7500     1733.3333  % 
LB close or above UB, fathomed
125    34     10         0.1500     2.7500     1733.3333  % 
UB: 2.75
branching on CartesianIndex(1, 3) with a.
126    35     10         0.1500     2.7500     1733.3333  % 
UB: 2.75
branching on CartesianIndex(1, 3) with a.
127    36     11         0.1500     2.7500     1733.3333  % 
UB: 2.75
branching on CartesianIndex(1, 4) with c.
128    37     11         0.1500     2.7500     1733.3333  % 
UB: 2.75
branching on 1 with b.
129    38     16         0.1500     2.7500     1733.3333  % 
LB close or above UB, fathomed
130    37     16         0.1500     2.7500     1733.3333  % 
UB: 2.75
branching on CartesianIndex(1, 7) with c.
131    38     17         0.1500     2.7500     1733.3333  % 
UB: 2.75
branching on 1 with b.
132    38     18         0.1500     2.7500     1733.3333  % 
LB close or above UB, fathomed
133    37     17         0.1500     2.7500     1733.3333  % 
LB close or above UB, fathomed
134    36     13         0.1500     2.7500     1733.3333  % 
LB close or above UB, fathomed
135    35     13         0.1500     2.7500     1733.3333  % 
UB: 2.75
branching on 1 with b.
136    35     14         0.1500     2.7500     1733.3333  % 
LB close or above UB, fathomed
137    34     13         0.1500     2.7500     1733.3333  % 
UB: 2.75
branching on 1 with b.
138    34     14         0.1500     2.7500     1733.3333  % 
LB close or above UB, fathomed
139    33     9          0.1500     2.7500     1733.3333  % 
LB close or above UB, fathomed
140    32     9          0.1500     2.7500     1733.3333  % 
UB: 2.75
branching on 2 with b.
141    33     10         0.1500     2.7500     1733.3333  % 
UB: 2.75
branching on 3 with b.
142    34     11         0.1500     2.7500     1733.3333  % 
LB close or above UB, fathomed
143    33     11         0.1500     2.7500     1733.3333  % 
UB: 2.75
branching on 1 with b.
144    33     12         0.1500     2.7500     1733.3333  % 
LB close or above UB, fathomed
145    32     10         0.1500     2.7500     1733.3333  % 
LB close or above UB, fathomed
146    31     12         0.1500     2.7500     1733.3333  % 
UB: 2.75
branching on CartesianIndex(1, 4) with c.
147    32     13         0.1500     2.7500     1733.3333  % 
LB close or above UB, fathomed
148    31     13         0.1500     2.7500     1733.3333  % 
UB: 2.75
branching on CartesianIndex(1, 5) with c.
149    32     14         0.1500     2.7500     1733.3333  % 
UB: 2.75
branching on CartesianIndex(2, 5) with c.
150    33     15         0.1500     2.7500     1733.3333  % 
LB close or above UB, fathomed
151    32     15         0.1500     2.7500     1733.3333  % 
UB: 2.75
branching on CartesianIndex(1, 6) with c.
152    33     16         0.1500     2.7500     1733.3333  % 
UB: 2.75
branching on 2 with b.
153    34     17         0.1500     2.7500     1733.3333  % 
LB close or above UB, fathomed
154    33     17         0.1500     2.7500     1733.3333  % 
UB: 2.75
branching on 3 with b.
155    34     18         0.1500     2.7500     1733.3333  % 
UB: 2.75
branching on CartesianIndex(2, 6) with c.
156    35     19         0.1500     2.7500     1733.3333  % 
LB close or above UB, fathomed
157    34     19         0.1500     2.7500     1733.3333  % 
UB: 2.75
branching on CartesianIndex(1, 7) with c.
158    35     20         0.1500     2.7500     1733.3333  % 
UB: 2.75
branching on 1 with b.
159    35     21         0.1500     2.7500     1733.3333  % 
UB: 2.75
branching on CartesianIndex(2, 7) with c.
160    36     22         0.1500     2.7500     1733.3333  % 
UB: 2.75
branching on 2 with b.
161    36     23         0.1500     2.7500     1733.3333  % 
LB close or above UB, fathomed
162    35     22         0.1500     2.7500     1733.3333  % 
LB close or above UB, fathomed
163    34     20         0.1500     2.7500     1733.3333  % 
LB close or above UB, fathomed
164    33     18         0.1500     2.7500     1733.3333  % 
UB: 2.75
branching on CartesianIndex(2, 6) with c.
165    34     16         0.1500     2.7500     1733.3333  % 
LB close or above UB, fathomed
166    33     14         0.1500     2.7500     1733.3333  % 
LB close or above UB, fathomed
167    32     12         0.1500     2.7500     1733.3333  % 
LB close or above UB, fathomed
168    31     12         0.1500     2.7500     1733.3333  % 
LB close or above UB, fathomed
169    30     12         0.1500     2.7500     1733.3333  % 
UB: 2.75
branching on CartesianIndex(1, 5) with c.
170    31     13         0.1500     2.7500     1733.3333  % 
UB: 2.75
branching on CartesianIndex(2, 5) with c.
171    32     14         0.1500     2.7500     1733.3333  % 
LB close or above UB, fathomed
172    31     14         0.1500     2.7500     1733.3333  % 
UB: 2.75
branching on CartesianIndex(1, 6) with c.
173    32     15         0.1500     2.7500     1733.3333  % 
UB: 2.75
branching on CartesianIndex(2, 6) with c.
174    33     16         0.1500     2.7500     1733.3333  % 
UB: 2.75
branching on CartesianIndex(1, 7) with c.
175    34     17         0.1500     2.7500     1733.3333  % 
UB: 2.75
branching on CartesianIndex(2, 7) with c.
176    35     18         0.1500     2.7500     1733.3333  % 
UB: 2.75
branching on 1 with b.
177    36     19         0.1500     2.7500     1733.3333  % 
LB close or above UB, fathomed
178    35     19         0.1500     2.7500     1733.3333  % 
LB close or above UB, fathomed
179    34     18         0.1500     2.7500     1733.3333  % 
LB close or above UB, fathomed
180    33     17         0.1500     2.7500     1733.3333  % 
LB close or above UB, fathomed
181    32     16         0.1500     2.7500     1733.3333  % 
LB close or above UB, fathomed
182    31     15         0.1500     2.7500     1733.3333  % 
LB close or above UB, fathomed
183    30     13         0.1500     2.7500     1733.3333  % 
LB close or above UB, fathomed
184    29     11         0.1500     2.7500     1733.3333  % 
UB: 2.75
branching on CartesianIndex(1, 4) with c.
185    30     12         0.1500     2.7500     1733.3333  % 
LB close or above UB, fathomed
186    29     12         0.1500     2.7500     1733.3333  % 
UB: 2.75
branching on 1 with b.
187    30     13         0.1500     2.7500     1733.3333  % 
LB close or above UB, fathomed
188    29     13         0.1500     2.7500     1733.3333  % 
LB close or above UB, fathomed
189    28     11         0.1500     2.7500     1733.3333  % 
UB: 2.75
branching on CartesianIndex(1, 4) with c.
190    29     12         0.1500     2.7500     1733.3333  % 
LB close or above UB, fathomed
191    28     12         0.1500     2.7500     1733.3333  % 
UB: 2.75
branching on CartesianIndex(1, 5) with c.
192    29     13         0.1500     2.7500     1733.3333  % 
UB: 2.75
branching on CartesianIndex(2, 5) with c.
193    30     14         0.1500     2.7500     1733.3333  % 
LB close or above UB, fathomed
194    29     14         0.1500     2.7500     1733.3333  % 
UB: 2.75
branching on CartesianIndex(1, 6) with c.
195    30     15         0.1500     2.7500     1733.3333  % 
UB: 2.75
branching on CartesianIndex(2, 6) with c.
196    31     16         0.1500     2.7500     1733.3333  % 
UB: 2.75
branching on CartesianIndex(1, 7) with c.
197    32     17         0.1500     2.7500     1733.3333  % 
UB: 2.75
branching on 1 with b.
198    33     18         0.1500     2.7500     1733.3333  % 
LB close or above UB, fathomed
199    32     18         0.1500     2.7500     1733.3333  % 
LB close or above UB, fathomed
200    31     17         0.1500     2.7500     1733.3333  % 
LB close or above UB, fathomed
201    30     16         0.1500     2.7500     1733.3333  % 
UB: 2.75
branching on CartesianIndex(1, 7) with c.
202    31     17         0.1500     2.7500     1733.3333  % 
UB: 2.75
branching on 1 with b.
203    32     18         0.1500     2.7500     1733.3333  % 
LB close or above UB, fathomed
204    31     18         0.1500     2.7500     1733.3333  % 
LB close or above UB, fathomed
205    30     17         0.1500     2.7500     1733.3333  % 
LB close or above UB, fathomed
206    29     15         0.1500     2.7500     1733.3333  % 
UB: 2.75
branching on CartesianIndex(1, 7) with c.
207    30     16         0.1500     2.7500     1733.3333  % 
UB: 2.75
branching on CartesianIndex(2, 7) with c.
208    31     17         0.1500     2.7500     1733.3333  % 
UB: 2.75
branching on 1 with b.
209    32     18         0.1500     2.7500     1733.3333  % 
LB close or above UB, fathomed
210    31     18         0.1500     2.7500     1733.3333  % 
LB close or above UB, fathomed
211    30     17         0.1500     2.7500     1733.3333  % 
LB close or above UB, fathomed
212    29     16         0.1500     2.7500     1733.3333  % 
LB close or above UB, fathomed
213    28     13         0.1500     2.7500     1733.3333  % 
LB close or above UB, fathomed
214    27     11         0.1500     2.7500     1733.3333  % 
UB: 2.75
branching on 3 with b.
215    28     12         0.1500     2.7500     1733.3333  % 
LB close or above UB, fathomed
216    27     12         0.1500     2.7500     1733.3333  % 
UB: 2.75
branching on CartesianIndex(2, 4) with c.
217    28     13         0.1500     2.7500     1733.3333  % 
UB: 2.75
branching on CartesianIndex(1, 5) with c.
218    29     13         0.1500     2.7500     1733.3333  % 
UB: 2.75
branching on 1 with b.
219    29     11         0.1500     2.7500     1733.3333  % 
LB close or above UB, fathomed
220    28     11         0.1500     2.7500     1733.3333  % 
UB: 2.75
branching on 2 with b.
221    29     12         0.1500     2.7500     1733.3333  % 
UB: 2.75
branching on CartesianIndex(1, 5) with c.
222    30     13         0.1500     2.7500     1733.3333  % 
LB close or above UB, fathomed
223    29     13         0.1500     2.7500     1733.3333  % 
UB: 2.75
branching on CartesianIndex(1, 6) with c.
224    30     14         0.1500     2.7500     1733.3333  % 
UB: 2.75
branching on CartesianIndex(2, 6) with c.
225    31     15         0.1500     2.7500     1733.3333  % 
LB close or above UB, fathomed
226    30     15         0.1500     2.7500     1733.3333  % 
UB: 2.75
branching on CartesianIndex(1, 7) with c.
227    31     16         0.1500     2.7500     1733.3333  % 
UB: 2.75
branching on CartesianIndex(2, 7) with c.
228    32     17         0.1500     2.7500     1733.3333  % 
UB: 2.75
branching on 3 with b.
229    33     18         0.1500     2.7500     1733.3333  % 
LB close or above UB, fathomed
230    32     18         0.1500     2.7500     1733.3333  % 
UB: 2.75
branching on 1 with b.
231    32     19         0.1500     2.7500     1733.3333  % 
LB close or above UB, fathomed
232    31     17         0.1500     2.7500     1733.3333  % 
LB close or above UB, fathomed
233    30     16         0.1500     2.7500     1733.3333  % 
LB close or above UB, fathomed
234    29     14         0.1500     2.7500     1733.3333  % 
LB close or above UB, fathomed
235    28     12         0.1500     2.7500     1733.3333  % 
LB close or above UB, fathomed
236    27     11         0.1500     2.7500     1733.3333  % 
UB: 2.75
branching on 2 with b.
237    28     12         0.1500     2.7500     1733.3333  % 
UB: 2.75
branching on 3 with b.
238    29     13         0.1500     2.7500     1733.3333  % 
LB close or above UB, fathomed
239    28     13         0.1500     2.7500     1733.3333  % 
UB: 2.75
branching on CartesianIndex(1, 5) with c.
240    29     14         0.1500     2.7500     1733.3333  % 
LB close or above UB, fathomed
241    28     14         0.1500     2.7500     1733.3333  % 
UB: 2.75
branching on CartesianIndex(1, 6) with c.
242    29     15         0.1500     2.7500     1733.3333  % 
UB: 2.75
branching on CartesianIndex(2, 6) with c.
243    30     16         0.1500     2.7500     1733.3333  % 
LB close or above UB, fathomed
244    29     16         0.1500     2.7500     1733.3333  % 
UB: 2.75
branching on CartesianIndex(1, 7) with c.
245    30     17         0.1500     2.7500     1733.3333  % 
UB: 2.75
branching on CartesianIndex(2, 7) with c.
246    31     18         0.1500     2.7500     1733.3333  % 
UB: 2.75
branching on 1 with b.
247    31     19         0.1500     2.7500     1733.3333  % 
LB close or above UB, fathomed
248    30     18         0.1500     2.7500     1733.3333  % 
LB close or above UB, fathomed
249    29     17         0.1500     2.7500     1733.3333  % 
LB close or above UB, fathomed
250    28     15         0.1500     2.7500     1733.3333  % 
LB close or above UB, fathomed
251    27     12         0.1500     2.7500     1733.3333  % 
LB close or above UB, fathomed
252    26     14         0.1500     2.7500     1733.3333  % 
LB close or above UB, fathomed
253    25     14         0.1500     2.7500     1733.3333  % 
LB close or above UB, fathomed
254    24     14         0.1500     2.7500     1733.3333  % 
UB: 2.75
branching on CartesianIndex(1, 6) with c.
255    25     15         0.1500     2.7500     1733.3333  % 
UB: 2.75
branching on CartesianIndex(2, 6) with c.
256    26     16         0.1500     2.7500     1733.3333  % 
LB close or above UB, fathomed
257    25     16         0.1500     2.7500     1733.3333  % 
UB: 2.75
branching on 1 with b.
258    25     17         0.1500     2.7500     1733.3333  % 
LB close or above UB, fathomed
259    24     15         0.1500     2.7500     1733.3333  % 
LB close or above UB, fathomed
260    23     16         2.7000     2.7500     1.8519     % 
UB: 2.75
branching on 1 with b.
261    24     17         2.7000     2.7500     1.8519     % 
UB: 2.75
branching on 3 with b.
262    25     17         2.7000     2.7500     1.8519     % 
LB close or above UB, fathomed
263    24     16         2.7000     2.7500     1.8519     % 
LB close or above UB, fathomed
264    23     18         2.7000     2.7500     1.8519     % 
LB close or above UB, fathomed
265    22     18         2.7000     2.7500     1.8519     % 
LB close or above UB, fathomed
266    21     7          2.7000     2.7500     1.8519     % 
UB: 2.75
branching on CartesianIndex(1, 1) with a.
267    22     8          2.7000     2.7500     1.8519     % 
LB close or above UB, fathomed
268    21     8          2.7000     2.7500     1.8519     % 
UB: 2.75
branching on 1 with b.
269    21     9          2.7000     2.7500     1.8519     % 
UB: 2.75
branching on CartesianIndex(1, 2) with a.
270    22     10         2.7000     2.7500     1.8519     % 
UB: 2.75
branching on CartesianIndex(1, 4) with c.
271    23     11         2.7000     2.7500     1.8519     % 
LB close or above UB, fathomed
272    22     11         2.7000     2.7500     1.8519     % 
UB: 2.75
branching on CartesianIndex(1, 5) with c.
273    23     10         2.7000     2.7500     1.8519     % 
LB close or above UB, fathomed
274    22     7          2.7000     2.7500     1.8519     % 
LB close or above UB, fathomed
275    21     9          2.7000     2.7500     1.8519     % 
UB: 2.75
branching on CartesianIndex(1, 4) with c.
276    22     10         2.7000     2.7500     1.8519     % 
LB close or above UB, fathomed
277    21     10         2.7000     2.7500     1.8519     % 
UB: 2.75
branching on CartesianIndex(1, 5) with c.
278    22     11         2.7000     2.7500     1.8519     % 
UB: 2.75
branching on CartesianIndex(2, 5) with c.
279    23     12         2.7000     2.7500     1.8519     % 
LB close or above UB, fathomed
280    22     12         2.7000     2.7500     1.8519     % 
UB: 2.75
branching on CartesianIndex(1, 7) with c.
281    23     13         2.7000     2.7500     1.8519     % 
UB: 2.75
branching on CartesianIndex(2, 7) with c.
282    24     14         2.7000     2.7500     1.8519     % 
UB: 2.75
branching on 1 with b.
283    25     15         2.7000     2.7500     1.8519     % 
LB close or above UB, fathomed
284    24     15         2.7000     2.7500     1.8519     % 
LB close or above UB, fathomed
285    23     14         2.7000     2.7500     1.8519     % 
LB close or above UB, fathomed
286    22     13         2.7000     2.7500     1.8519     % 
LB close or above UB, fathomed
287    21     11         2.7000     2.7500     1.8519     % 
LB close or above UB, fathomed
288    20     9          2.7000     2.7500     1.8519     % 
LB close or above UB, fathomed
289    19     10         2.7000     2.7500     1.8519     % 
LB close or above UB, fathomed
290    18     10         2.7000     2.7500     1.8519     % 
UB: 2.75
branching on CartesianIndex(1, 5) with c.
291    19     11         2.7000     2.7500     1.8519     % 
UB: 2.75
branching on CartesianIndex(2, 5) with c.
292    20     12         2.7000     2.7500     1.8519     % 
LB close or above UB, fathomed
293    19     12         2.7000     2.7500     1.8519     % 
UB: 2.75
branching on 1 with b.
294    20     11         2.7000     2.7500     1.8519     % 
LB close or above UB, fathomed
295    19     16         2.7000     2.7500     1.8519     % 
LB close or above UB, fathomed
296    18     16         2.7000     2.7500     1.8519     % 
UB: 2.75
branching on 1 with b.
297    18     17         2.7000     2.7500     1.8519     % 
UB: 2.75
branching on 2 with b.
298    18     18         2.7000     2.7500     1.8519     % 
LB close or above UB, fathomed
299    17     16         2.7000     2.7500     1.8519     % 
LB close or above UB, fathomed
300    16     16         2.7000     2.7500     1.8519     % 
UB: 2.75
branching on 1 with b.
301    16     17         2.7000     2.7500     1.8519     % 
UB: 2.75
branching on 2 with b.
302    16     18         2.7000     2.7500     1.8519     % 
LB close or above UB, fathomed
303    15     6          2.7000     2.7500     1.8519     % 
LB close or above UB, fathomed
304    14     6          2.7000     2.7500     1.8519     % 
LB close or above UB, fathomed
305    13     6          2.7000     2.7500     1.8519     % 
UB: 2.75
branching on CartesianIndex(1, 3) with a.
306    14     6          2.7000     2.7500     1.8519     % 
LB close or above UB, fathomed
307    13     7          2.7000     2.7500     1.8519     % 
UB: 2.75
branching on 1 with b.
308    14     8          2.7000     2.7500     1.8519     % 
LB close or above UB, fathomed
309    13     8          2.7000     2.7500     1.8519     % 
UB: 2.75
branching on 3 with b.
310    14     9          2.7000     2.7500     1.8519     % 
LB close or above UB, fathomed
311    13     9          2.7000     2.7500     1.8519     % 
UB: 2.75
branching on CartesianIndex(1, 5) with c.
312    14     10         2.7000     2.7500     1.8519     % 
LB close or above UB, fathomed
313    13     10         2.7000     2.7500     1.8519     % 
UB: 2.75
branching on CartesianIndex(1, 6) with c.
314    14     11         2.7000     2.7500     1.8519     % 
UB: 2.75
branching on 1 with b.
315    14     12         2.7000     2.7500     1.8519     % 
LB close or above UB, fathomed
316    13     11         2.7000     2.7500     1.8519     % 
LB close or above UB, fathomed
317    12     7          2.7000     2.7500     1.8519     % 
LB close or above UB, fathomed
318    11     7          2.7000     2.7500     1.8519     % 
UB: 2.75
branching on CartesianIndex(1, 5) with c.
319    12     8          2.7000     2.7500     1.8519     % 
LB close or above UB, fathomed
320    11     8          2.7000     2.7500     1.8519     % 
UB: 2.75
branching on 1 with b.
321    12     9          2.7000     2.7500     1.8519     % 
UB: 2.75
branching on 3 with b.
322    13     10         2.7000     2.7500     1.8519     % 
LB close or above UB, fathomed
323    12     10         2.7000     2.7500     1.8519     % 
LB close or above UB, fathomed
324    11     9          2.7000     2.7500     1.8519     % 
UB: 2.75
branching on 3 with b.
325    12     10         2.7000     2.7500     1.8519     % 
LB close or above UB, fathomed
326    11     10         2.7000     2.7500     1.8519     % 
LB close or above UB, fathomed
327    10     7          2.7000     2.7500     1.8519     % 
UB: 2.75
branching on CartesianIndex(1, 5) with c.
328    11     8          2.7000     2.7500     1.8519     % 
LB close or above UB, fathomed
329    10     8          2.7000     2.7500     1.8519     % 
UB: 2.75
branching on 1 with b.
330    11     9          2.7000     2.7500     1.8519     % 
UB: 2.75
branching on CartesianIndex(1, 6) with c.
331    12     10         2.7000     2.7500     1.8519     % 
UB: 2.75
branching on 3 with b.
332    13     11         2.7000     2.7500     1.8519     % 
LB close or above UB, fathomed
333    12     11         2.7000     2.7500     1.8519     % 
UB: 2.75
branching on CartesianIndex(2, 6) with c.
334    13     12         2.7000     2.7500     1.8519     % 
LB close or above UB, fathomed
335    12     12         2.7000     2.7500     1.8519     % 
UB: 2.75
branching on 1 with b.
336    12     13         2.7000     2.7500     1.8519     % 
UB: 2.75
branching on 3 with b.
337    13     14         2.7000     2.7500     1.8519     % 
UB: 2.75
branching on CartesianIndex(1, 7) with c.
338    14     15         2.7000     2.7500     1.8519     % 
UB: 2.75
branching on CartesianIndex(2, 7) with c.
339    15     16         2.7000     2.7500     1.8519     % 
UB: 2.75
branching on 1 with b.
340    15     17         2.7000     2.7500     1.8519     % 
UB: 2.75
branching on 3 with b.
341    16     18         2.7000     2.7500     1.8519     % 
LB close or above UB, fathomed
342    15     18         2.7000     2.7500     1.8519     % 
LB close or above UB, fathomed
343    14     16         2.7000     2.7500     1.8519     % 
LB close or above UB, fathomed
344    13     15         2.7000     2.7500     1.8519     % 
LB close or above UB, fathomed
345    12     14         2.7000     2.7500     1.8519     % 
LB close or above UB, fathomed
346    11     10         2.7000     2.7500     1.8519     % 
LB close or above UB, fathomed
347    10     9          2.7000     2.7500     1.8519     % 
UB: 2.75
branching on CartesianIndex(1, 6) with c.
348    11     10         2.7000     2.7500     1.8519     % 
UB: 2.75
branching on CartesianIndex(2, 6) with c.
349    12     11         2.7000     2.7500     1.8519     % 
LB close or above UB, fathomed
350    11     11         2.7000     2.7500     1.8519     % 
UB: 2.75
branching on CartesianIndex(1, 7) with c.
351    12     12         2.7000     2.7500     1.8519     % 
UB: 2.75
branching on CartesianIndex(2, 7) with c.
352    13     13         2.7000     2.7500     1.8519     % 
UB: 2.75
branching on 3 with b.
353    14     14         2.7000     2.7500     1.8519     % 
LB close or above UB, fathomed
354    13     14         2.7000     2.7500     1.8519     % 
UB: 2.75
branching on 1 with b.
355    13     15         2.7000     2.7500     1.8519     % 
UB: 2.75
branching on 3 with b.
356    14     16         2.7000     2.7500     1.8519     % 
UB: 2.75
branching on 1 with b.
357    14     17         2.7000     2.7500     1.8519     % 
UB: 2.75
branching on 3 with b.
358    15     18         2.7000     2.7500     1.8519     % 
LB close or above UB, fathomed
359    14     18         2.7000     2.7500     1.8519     % 
LB close or above UB, fathomed
360    13     16         2.7000     2.7500     1.8519     % 
LB close or above UB, fathomed
361    12     13         2.7000     2.7500     1.8519     % 
LB close or above UB, fathomed
362    11     12         2.7000     2.7500     1.8519     % 
LB close or above UB, fathomed
363    10     10         2.7000     2.7500     1.8519     % 
LB close or above UB, fathomed
364    9      13         2.7000     2.7500     1.8519     % 
LB close or above UB, fathomed
365    8      13         2.7000     2.7500     1.8519     % 
LB close or above UB, fathomed
366    7      12         2.7000     2.7500     1.8519     % 
UB: 2.75
branching on CartesianIndex(2, 5) with c.
367    8      13         2.7000     2.7500     1.8519     % 
LB close or above UB, fathomed
368    7      13         2.7000     2.7500     1.8519     % 
UB: 2.75
branching on CartesianIndex(1, 7) with c.
369    8      14         2.7000     2.7500     1.8519     % 
UB: 2.75
branching on CartesianIndex(2, 7) with c.
370    9      15         2.7000     2.7500     1.8519     % 
UB: 2.75
branching on 2 with b.
371    10     16         2.7000     2.7500     1.8519     % 
LB close or above UB, fathomed
372    9      16         2.7000     2.7500     1.8519     % 
UB: 2.75
branching on 1 with b.
373    10     17         2.7000     2.7500     1.8519     % 
UB: 2.75
branching on 2 with b.
374    10     18         2.7000     2.7500     1.8519     % 
LB close or above UB, fathomed
375    9      17         2.7000     2.7500     1.8519     % 
LB close or above UB, fathomed
376    8      15         2.7000     2.7500     1.8519     % 
LB close or above UB, fathomed
377    7      14         2.7000     2.7500     1.8519     % 
LB close or above UB, fathomed
378    6      12         2.7000     2.7500     1.8519     % 
LB close or above UB, fathomed
379    5      12         2.7000     2.7500     1.8519     % 
UB: 2.75
branching on 3 with b.
380    6      13         2.7000     2.7500     1.8519     % 
LB close or above UB, fathomed
381    5      13         2.7000     2.7500     1.8519     % 
UB: 2.75
branching on CartesianIndex(2, 7) with c.
382    6      14         2.7000     2.7500     1.8519     % 
UB: 2.75
branching on 1 with b.
383    6      15         2.7000     2.7500     1.8519     % 
UB: 2.75
branching on 3 with b.
384    7      16         2.7000     2.7500     1.8519     % 
UB: 2.75
branching on 1 with b.
385    7      17         2.7000     2.7500     1.8519     % 
UB: 2.75
branching on 3 with b.
386    8      18         2.7000     2.7500     1.8519     % 
LB close or above UB, fathomed
387    7      18         2.7000     2.7500     1.8519     % 
LB close or above UB, fathomed
388    6      16         2.7000     2.7500     1.8519     % 
LB close or above UB, fathomed
389    5      14         2.7000     2.7500     1.8519     % 
LB close or above UB, fathomed
390    4      12         2.7000     2.7500     1.8519     % 
LB close or above UB, fathomed
391    3      8          2.7000     2.7500     1.8519     % 
UB: 2.75
branching on 2 with b.
392    4      9          2.7000     2.7500     1.8519     % 
UB: 2.75
branching on 1 with b.
393    5      10         2.7000     2.7500     1.8519     % 
LB close or above UB, fathomed
394    4      10         2.7000     2.7500     1.8519     % 
LB close or above UB, fathomed
395    3      9          2.7000     2.7500     1.8519     % 
LB close or above UB, fathomed
396    2      8          2.7000     2.7500     1.8519     % 
UB: 2.75
branching on CartesianIndex(1, 4) with c.
397    3      9          2.7000     2.7500     1.8519     % 
LB close or above UB, fathomed
398    2      9          2.7000     2.7500     1.8519     % 
UB: 2.75
branching on 2 with b.
399    3      10         2.7000     2.7500     1.8519     % 
LB close or above UB, fathomed
400    2      10         2.7000     2.7500     1.8519     % 
LB close or above UB, fathomed
401    1      19         2.7167     2.7500     1.2270     % 
LB close or above UB, fathomed
402    0      19         2.7167     2.7500     1.2270     % 
LB close or above UB, fathomed
all node solved
solved nodes:  403
403                                                   2.7333e+00     2.7500e+00     0.6098  % 
2×3 Matrix{Float64}:
 1.0  0.0  0.0
 0.0  0.0  1.0
3-element Vector{Float64}:
 0.1643963648072166
 0.0
 0.146265393573358
3×7 Matrix{Float64}:
 0.0  0.0  0.0  0.0  1.0  1.0  0.0
 0.0  0.0  0.0  0.0  0.0  0.0  1.0
 0.0  0.0  0.0  0.0  0.0  0.0  0.0
3-element Vector{Float64}:
 1.0
 0.0
 1.0
2×3 Matrix{Float64}:
  1.0  1.0  -0.0
 -0.0  0.0   1.0
3-element Vector{Float64}:
 0.5901946351905241
 0.026795332255619364
 0.31239897103991576
3×7 Matrix{Float64}:
 0.0  0.0  0.0   1.0  -0.0  1.0   0.0
 0.0  0.0  0.0  -0.0   1.0  0.0  -0.0
 0.0  0.0  0.0   0.0  -0.0  0.0   1.0
3-element Vector{Float64}:
 1.0
 1.0
 1.0
comparison (CRT and Glb)on prediction: Dict{Bool, Int64}(0 => 3, 1 => 1)
Dataname	 time	 objv	 lb	 gap	 train_w	 train_g	 test_w	 test_g
small_toy_446.small_toy	 58.0	 2.75	 2.733	 0.0061	 66.667	 88.889	 75.0	 50.0
