Running 2 processes.
Start training small_toy_124.small_toy with seed 1.
Any[]
(2, 13)
(2, 6)
(2, 3)
(2, 4)
dimension: 2, class: 3
cart cost: 2.7000000000000006
size of X: (2, 9)
ngroups: 2
UB: 2.6999999999999993
Iter	left	lev	LB	UB	gap	
0      0      1          0.1000     2.7000     2600.0000  % 
UB: 2.6999999999999993
branching on 1 with d.
1      1      2          0.1000     2.7000     2600.0000  % 
LB close or above UB, fathomed
2      0      2          0.1000     2.7000     2600.0000  % 
UB: 2.6999999999999993
branching on 2 with d.
3      1      3          0.1000     2.7000     2600.0000  % 
UB: 2.6999999999999993
branching on 3 with d.
4      2      4          0.1000     2.7000     2600.0000  % 
LB close or above UB, fathomed
5      1      4          0.1000     2.7000     2600.0000  % 
UB: 2.6999999999999993
branching on CartesianIndex(1, 1) with a.
6      2      5          0.1000     2.7000     2600.0000  % 
UB: 2.6999999999999993
branching on CartesianIndex(1, 3) with a.
7      3      6          0.1000     2.7000     2600.0000  % 
UB: 2.6999999999999993
branching on 1 with b.
8      4      7          0.1000     2.7000     2600.0000  % 
UB: 2.6999999999999993
branching on CartesianIndex(1, 5) with c.
9      5      8          0.1000     2.7000     2600.0000  % 
LB close or above UB, fathomed
10     4      8          0.1000     2.7000     2600.0000  % 
UB: 2.6999999999999993
branching on CartesianIndex(1, 6) with c.
11     5      9          0.1000     2.7000     2600.0000  % 
UB: 2.6999999999999993
branching on 1 with b.
12     6      10         0.1000     2.7000     2600.0000  % 
LB close or above UB, fathomed
13     5      10         0.1000     2.7000     2600.0000  % 
UB: 2.6999999999999993
branching on 3 with b.
14     6      11         0.1000     2.7000     2600.0000  % 
LB close or above UB, fathomed
15     5      11         0.1000     2.7000     2600.0000  % 
LB close or above UB, fathomed
16     4      9          0.1000     2.7000     2600.0000  % 
LB close or above UB, fathomed
17     3      7          0.1000     2.7000     2600.0000  % 
LB close or above UB, fathomed
18     2      6          0.1000     2.7000     2600.0000  % 
UB: 2.6999999999999993
branching on 1 with b.
19     3      7          0.1000     2.7000     2600.0000  % 
UB: 2.6999999999999993
branching on CartesianIndex(1, 5) with c.
20     4      8          0.1000     2.7000     2600.0000  % 
LB close or above UB, fathomed
21     3      8          0.1000     2.7000     2600.0000  % 
UB: 2.6999999999999993
branching on CartesianIndex(1, 6) with c.
22     4      9          0.1000     2.7000     2600.0000  % 
UB: 2.6999999999999993
branching on 1 with b.
23     5      10         0.1000     2.7000     2600.0000  % 
LB close or above UB, fathomed
24     4      10         0.1000     2.7000     2600.0000  % 
UB: 2.6999999999999993
branching on 3 with b.
25     5      11         0.1000     2.7000     2600.0000  % 
LB close or above UB, fathomed
26     4      11         0.1000     2.7000     2600.0000  % 
UB: 2.6999999999999993
branching on CartesianIndex(2, 6) with c.
27     5      12         0.1000     2.7000     2600.0000  % 
LB close or above UB, fathomed
28     4      12         0.1000     2.7000     2600.0000  % 
UB: 2.6999999999999993
branching on CartesianIndex(1, 7) with c.
29     5      13         0.1000     2.7000     2600.0000  % 
UB: 2.6999999999999993
branching on CartesianIndex(2, 7) with c.
30     6      14         0.1000     2.7000     2600.0000  % 
UB: 2.6999999999999993
branching on 1 with b.
31     6      15         0.1000     2.7000     2600.0000  % 
UB: 2.6999999999999993
branching on 3 with b.
32     7      16         0.1000     2.7000     2600.0000  % 
LB close or above UB, fathomed
33     6      16         0.1000     2.7000     2600.0000  % 
LB close or above UB, fathomed
34     5      14         0.1000     2.7000     2600.0000  % 
LB close or above UB, fathomed
35     4      13         0.1000     2.7000     2600.0000  % 
LB close or above UB, fathomed
36     3      9          0.1000     2.7000     2600.0000  % 
LB close or above UB, fathomed
37     2      7          0.1000     2.7000     2600.0000  % 
LB close or above UB, fathomed
38     1      5          0.1000     2.7000     2600.0000  % 
UB: 2.6999999999999993
branching on CartesianIndex(1, 3) with a.
39     2      6          0.1000     2.7000     2600.0000  % 
UB: 2.6999999999999993
branching on 1 with b.
40     3      7          0.1000     2.7000     2600.0000  % 
LB close or above UB, fathomed
41     2      7          0.1000     2.7000     2600.0000  % 
LB close or above UB, fathomed
42     1      6          0.1000     2.7000     2600.0000  % 
UB: 2.6999999999999993
branching on 1 with b.
43     2      7          0.1000     2.7000     2600.0000  % 
LB close or above UB, fathomed
44     1      7          0.1000     2.7000     2600.0000  % 
LB close or above UB, fathomed
45     0      3          0.1000     2.7000     2600.0000  % 
UB: 2.6999999999999993
branching on 3 with d.
46     1      4          0.1000     2.7000     2600.0000  % 
UB: 2.6999999999999993
branching on 1 with b.
47     2      5          0.1000     2.7000     2600.0000  % 
LB close or above UB, fathomed
48     1      5          0.1000     2.7000     2600.0000  % 
UB: 2.6999999999999993
branching on CartesianIndex(1, 1) with a.
49     2      6          0.1000     2.7000     2600.0000  % 
LB close or above UB, fathomed
50     1      6          0.1000     2.7000     2600.0000  % 
UB: 2.6999999999999993
branching on CartesianIndex(1, 2) with a.
51     2      7          0.1000     2.7000     2600.0000  % 
UB: 2.6999999999999993
branching on 1 with b.
52     3      8          0.1000     2.7000     2600.0000  % 
LB close or above UB, fathomed
53     2      8          0.1000     2.7000     2600.0000  % 
LB close or above UB, fathomed
54     1      7          0.1000     2.7000     2600.0000  % 
UB: 2.6999999999999993
branching on CartesianIndex(1, 4) with c.
55     2      8          0.1000     2.7000     2600.0000  % 
LB close or above UB, fathomed
56     1      8          0.1000     2.7000     2600.0000  % 
UB: 2.6999999999999993
branching on CartesianIndex(1, 5) with c.
57     2      4          0.1000     2.7000     2600.0000  % 
UB: 2.6999999999999993
branching on 1 with b.
58     3      9          0.1000     2.7000     2600.0000  % 
UB: 2.6999999999999993
branching on 1 with b.
59     4      10         0.1000     2.7000     2600.0000  % 
LB close or above UB, fathomed
60     3      10         0.1000     2.7000     2600.0000  % 
LB close or above UB, fathomed
61     2      9          0.1000     2.7000     2600.0000  % 
LB close or above UB, fathomed
62     1      5          0.1500     2.7000     1700.0000  % 
UB: 2.6999999999999993
branching on 1 with b.
63     2      6          0.1500     2.7000     1700.0000  % 
UB: 2.6999999999999993
branching on 2 with b.
64     3      7          0.1500     2.7000     1700.0000  % 
UB: 2.6999999999999993
branching on CartesianIndex(1, 1) with a.
65     4      8          0.1500     2.7000     1700.0000  % 
LB close or above UB, fathomed
66     3      8          0.1500     2.7000     1700.0000  % 
LB close or above UB, fathomed
67     2      7          0.1500     2.7000     1700.0000  % 
UB: 2.6999999999999993
branching on CartesianIndex(1, 1) with a.
68     3      8          0.1500     2.7000     1700.0000  % 
LB close or above UB, fathomed
69     2      8          0.1500     2.7000     1700.0000  % 
LB close or above UB, fathomed
70     1      6          0.1500     2.7000     1700.0000  % 
UB: 2.6999999999999993
branching on CartesianIndex(1, 1) with a.
71     2      7          0.1500     2.7000     1700.0000  % 
UB: 2.6999999999999993
branching on CartesianIndex(1, 2) with a.
72     3      8          0.1500     2.7000     1700.0000  % 
UB: 2.6999999999999993
branching on 2 with b.
73     4      9          0.1500     2.7000     1700.0000  % 
UB: 2.6999999999999993
branching on CartesianIndex(1, 3) with a.
74     5      10         0.1500     2.7000     1700.0000  % 
UB: 2.6999999999999993
branching on 3 with b.
75     6      11         0.1500     2.7000     1700.0000  % 
LB close or above UB, fathomed
76     5      11         0.1500     2.7000     1700.0000  % 
UB: 2.6999999999999993
branching on CartesianIndex(1, 4) with c.
77     6      12         0.1500     2.7000     1700.0000  % 
LB close or above UB, fathomed
78     5      12         0.1500     2.7000     1700.0000  % 
UB: 2.6999999999999993
branching on 1 with b.
79     5      13         0.1500     2.7000     1700.0000  % 
UB: 2.6999999999999993
branching on CartesianIndex(1, 5) with c.
80     6      14         0.1500     2.7000     1700.0000  % 
UB: 2.6999999999999993
branching on CartesianIndex(2, 5) with c.
81     7      15         0.1500     2.7000     1700.0000  % 
UB: 2.6999999999999993
branching on 2 with b.
82     8      16         0.1500     2.7000     1700.0000  % 
LB close or above UB, fathomed
83     7      16         0.1500     2.7000     1700.0000  % 
UB: 2.6999999999999993
branching on CartesianIndex(1, 6) with c.
84     8      17         0.1500     2.7000     1700.0000  % 
UB: 2.6999999999999993
branching on CartesianIndex(2, 6) with c.
85     9      18         0.1500     2.7000     1700.0000  % 
LB close or above UB, fathomed
86     8      18         0.1500     2.7000     1700.0000  % 
UB: 2.6999999999999993
branching on CartesianIndex(1, 7) with c.
87     9      19         0.1500     2.7000     1700.0000  % 
UB: 2.6999999999999993
branching on CartesianIndex(2, 7) with c.
88     10     20         0.1500     2.7000     1700.0000  % 
UB: 2.6999999999999993
branching on 3 with b.
89     11     21         0.1500     2.7000     1700.0000  % 
UB: 2.6999999999999993
branching on 1 with b.
90     12     22         0.1500     2.7000     1700.0000  % 
UB: 2.6999999999999993
branching on 2 with b.
91     12     23         0.1500     2.7000     1700.0000  % 
UB: 2.6999999999999993
branching on 3 with b.
92     13     24         0.1500     2.7000     1700.0000  % 
LB close or above UB, fathomed
93     12     24         0.1500     2.7000     1700.0000  % 
LB close or above UB, fathomed
94     11     22         0.1500     2.7000     1700.0000  % 
UB: 2.6999999999999993
branching on 2 with b.
95     11     21         0.1500     2.7000     1700.0000  % 
LB close or above UB, fathomed
96     10     20         0.1500     2.7000     1700.0000  % 
LB close or above UB, fathomed
97     9      19         0.1500     2.7000     1700.0000  % 
LB close or above UB, fathomed
98     8      17         0.1500     2.7000     1700.0000  % 
LB close or above UB, fathomed
99     7      15         0.1500     2.7000     1700.0000  % 
LB close or above UB, fathomed
100    6      14         0.1500     2.7000     1700.0000  % 
LB close or above UB, fathomed
101    5      10         0.1500     2.7000     1700.0000  % 
UB: 2.6999999999999993
branching on CartesianIndex(1, 4) with c.
102    6      11         0.1500     2.7000     1700.0000  % 
UB: 2.6999999999999993
branching on CartesianIndex(2, 4) with c.
103    7      11         0.1500     2.7000     1700.0000  % 
UB: 2.6999999999999993
branching on 3 with b.
104    8      12         0.1500     2.7000     1700.0000  % 
LB close or above UB, fathomed
105    7      12         0.1500     2.7000     1700.0000  % 
UB: 2.6999999999999993
branching on 1 with b.
106    7      9          0.1500     2.7000     1700.0000  % 
UB: 2.6999999999999993
branching on 3 with b.
107    8      8          0.1500     2.7000     1700.0000  % 
UB: 2.6999999999999993
branching on CartesianIndex(1, 3) with a.
108    9      9          0.1500     2.7000     1700.0000  % 
UB: 2.6999999999999993
branching on 2 with b.
109    10     10         0.1500     2.7000     1700.0000  % 
UB: 2.6999999999999993
branching on CartesianIndex(1, 4) with c.
110    11     10         0.1500     2.7000     1700.0000  % 
UB: 2.6999999999999993
branching on CartesianIndex(1, 4) with c.
111    12     11         0.1500     2.7000     1700.0000  % 
LB close or above UB, fathomed
112    11     11         0.1500     2.7000     1700.0000  % 
UB: 2.6999999999999993
branching on 3 with b.
113    12     12         0.1500     2.7000     1700.0000  % 
LB close or above UB, fathomed
114    11     12         0.1500     2.7000     1700.0000  % 
UB: 2.6999999999999993
branching on CartesianIndex(1, 5) with c.
115    12     13         0.1500     2.7000     1700.0000  % 
UB: 2.6999999999999993
branching on 1 with b.
116    12     14         0.1500     2.7000     1700.0000  % 
UB: 2.6999999999999993
branching on CartesianIndex(2, 5) with c.
117    13     15         0.1500     2.7000     1700.0000  % 
UB: 2.6999999999999993
branching on CartesianIndex(1, 6) with c.
118    14     16         0.1500     2.7000     1700.0000  % 
UB: 2.6999999999999993
branching on CartesianIndex(2, 6) with c.
119    15     17         0.1500     2.7000     1700.0000  % 
LB close or above UB, fathomed
120    14     17         0.1500     2.7000     1700.0000  % 
UB: 2.6999999999999993
branching on CartesianIndex(1, 7) with c.
121    15     18         0.1500     2.7000     1700.0000  % 
UB: 2.6999999999999993
branching on CartesianIndex(2, 7) with c.
122    16     19         0.1500     2.7000     1700.0000  % 
UB: 2.6999999999999993
branching on 2 with b.
123    17     20         0.1500     2.7000     1700.0000  % 
UB: 2.6999999999999993
branching on 3 with b.
124    18     20         0.1500     2.7000     1700.0000  % 
UB: 2.6999999999999993
branching on 3 with b.
125    19     21         0.1500     2.7000     1700.0000  % 
UB: 2.6999999999999993
branching on 1 with b.
126    20     22         0.1500     2.7000     1700.0000  % 
UB: 2.6999999999999993
branching on 2 with b.
127    21     23         0.1500     2.7000     1700.0000  % 
UB: 2.6999999999999993
branching on 3 with b.
128    22     24         0.1500     2.7000     1700.0000  % 
LB close or above UB, fathomed
129    21     24         0.1500     2.7000     1700.0000  % 
LB close or above UB, fathomed
130    20     23         0.1500     2.7000     1700.0000  % 
UB: 2.6999999999999993
branching on 3 with b.
131    21     22         0.1500     2.7000     1700.0000  % 
UB: 2.6999999999999993
branching on 2 with b.
132    22     21         0.1500     2.7000     1700.0000  % 
LB close or above UB, fathomed
133    21     19         0.1500     2.7000     1700.0000  % 
LB close or above UB, fathomed
134    20     18         0.1500     2.7000     1700.0000  % 
LB close or above UB, fathomed
135    19     16         0.1500     2.7000     1700.0000  % 
LB close or above UB, fathomed
136    18     15         0.1500     2.7000     1700.0000  % 
LB close or above UB, fathomed
137    17     13         0.1500     2.7000     1700.0000  % 
LB close or above UB, fathomed
138    16     9          0.1500     2.7000     1700.0000  % 
UB: 2.6999999999999993
branching on 2 with b.
139    17     10         0.1500     2.7000     1700.0000  % 
UB: 2.6999999999999993
branching on CartesianIndex(1, 4) with c.
140    18     10         0.1500     2.7000     1700.0000  % 
UB: 2.6999999999999993
branching on 3 with b.
141    19     11         0.1500     2.7000     1700.0000  % 
LB close or above UB, fathomed
142    18     11         0.1500     2.7000     1700.0000  % 
UB: 2.6999999999999993
branching on CartesianIndex(1, 4) with c.
143    19     7          0.1500     2.7000     1700.0000  % 
LB close or above UB, fathomed
144    18     5          0.1500     2.7000     1700.0000  % 
UB: 2.6999999999999993
branching on 1 with b.
145    19     6          0.1500     2.7000     1700.0000  % 
UB: 2.6999999999999993
branching on 2 with b.
146    20     7          0.1500     2.7000     1700.0000  % 
UB: 2.6999999999999993
branching on CartesianIndex(1, 1) with a.
147    21     8          0.1500     2.7000     1700.0000  % 
LB close or above UB, fathomed
148    20     8          0.1500     2.7000     1700.0000  % 
UB: 2.6999999999999993
branching on 3 with b.
149    21     9          0.1500     2.7000     1700.0000  % 
UB: 2.6999999999999993
branching on CartesianIndex(1, 2) with a.
150    22     9          0.1500     2.7000     1700.0000  % 
UB: 2.6999999999999993
branching on CartesianIndex(1, 2) with a.
151    23     10         0.1500     2.7000     1700.0000  % 
UB: 2.6999999999999993
branching on CartesianIndex(1, 3) with a.
152    24     10         0.1500     2.7000     1700.0000  % 
UB: 2.6999999999999993
branching on 1 with b.
153    24     11         0.1500     2.7000     1700.0000  % 
UB: 2.6999999999999993
branching on CartesianIndex(1, 3) with a.
154    25     12         0.1500     2.7000     1700.0000  % 
LB close or above UB, fathomed
155    24     12         0.1500     2.7000     1700.0000  % 
UB: 2.6999999999999993
branching on CartesianIndex(1, 4) with c.
156    25     13         0.1500     2.7000     1700.0000  % 
LB close or above UB, fathomed
157    24     13         0.1500     2.7000     1700.0000  % 
LB close or above UB, fathomed
158    23     7          0.1500     2.7000     1700.0000  % 
UB: 2.6999999999999993
branching on 3 with b.
159    24     6          0.1500     2.7000     1700.0000  % 
LB close or above UB, fathomed
160    23     11         0.1500     2.7000     1700.0000  % 
UB: 2.6999999999999993
branching on CartesianIndex(2, 4) with c.
161    24     11         0.1500     2.7000     1700.0000  % 
UB: 2.6999999999999993
branching on CartesianIndex(1, 5) with c.
162    25     12         0.1500     2.7000     1700.0000  % 
LB close or above UB, fathomed
163    24     12         0.1500     2.7000     1700.0000  % 
UB: 2.6999999999999993
branching on CartesianIndex(1, 6) with c.
164    25     13         0.1500     2.7000     1700.0000  % 
UB: 2.6999999999999993
branching on 3 with b.
165    26     14         0.1500     2.7000     1700.0000  % 
LB close or above UB, fathomed
166    25     14         0.1500     2.7000     1700.0000  % 
UB: 2.6999999999999993
branching on CartesianIndex(2, 6) with c.
167    26     13         0.1500     2.7000     1700.0000  % 
LB close or above UB, fathomed
168    25     21         0.1500     2.7000     1700.0000  % 
UB: 2.6999999999999993
branching on 1 with b.
169    26     22         0.1500     2.7000     1700.0000  % 
UB: 2.6999999999999993
branching on 2 with b.
170    26     23         0.1500     2.7000     1700.0000  % 
UB: 2.6999999999999993
branching on 3 with b.
171    27     22         0.1500     2.7000     1700.0000  % 
UB: 2.6999999999999993
branching on 2 with b.
172    27     21         0.1500     2.7000     1700.0000  % 
LB close or above UB, fathomed
173    26     11         0.1500     2.7000     1700.0000  % 
UB: 2.6999999999999993
branching on CartesianIndex(2, 4) with c.
174    27     11         0.1500     2.7000     1700.0000  % 
UB: 2.6999999999999993
branching on 3 with b.
175    28     12         0.1500     2.7000     1700.0000  % 
LB close or above UB, fathomed
176    27     12         0.1500     2.7000     1700.0000  % 
LB close or above UB, fathomed
177    26     23         0.1500     2.7000     1700.0000  % 
UB: 2.6999999999999993
branching on 3 with b.
178    27     24         0.1500     2.7000     1700.0000  % 
LB close or above UB, fathomed
179    26     24         0.1500     2.7000     1700.0000  % 
LB close or above UB, fathomed
180    25     11         0.1500     2.7000     1700.0000  % 
LB close or above UB, fathomed
181    24     11         0.1500     2.7000     1700.0000  % 
UB: 2.6999999999999993
branching on 1 with b.
182    24     12         0.1500     2.7000     1700.0000  % 
UB: 2.6999999999999993
branching on CartesianIndex(1, 4) with c.
183    25     13         0.1500     2.7000     1700.0000  % 
LB close or above UB, fathomed
184    24     13         0.1500     2.7000     1700.0000  % 
UB: 2.6999999999999993
branching on CartesianIndex(1, 5) with c.
185    25     14         0.1500     2.7000     1700.0000  % 
UB: 2.6999999999999993
branching on CartesianIndex(2, 5) with c.
186    26     15         0.1500     2.7000     1700.0000  % 
LB close or above UB, fathomed
187    25     15         0.1500     2.7000     1700.0000  % 
UB: 2.6999999999999993
branching on CartesianIndex(1, 6) with c.
188    26     16         0.1500     2.7000     1700.0000  % 
UB: 2.6999999999999993
branching on CartesianIndex(2, 6) with c.
189    27     17         0.1500     2.7000     1700.0000  % 
LB close or above UB, fathomed
190    26     17         0.1500     2.7000     1700.0000  % 
UB: 2.6999999999999993
branching on CartesianIndex(1, 7) with c.
191    27     18         0.1500     2.7000     1700.0000  % 
UB: 2.6999999999999993
branching on CartesianIndex(2, 7) with c.
192    28     19         0.1500     2.7000     1700.0000  % 
UB: 2.6999999999999993
branching on 2 with b.
193    29     20         0.1500     2.7000     1700.0000  % 
LB close or above UB, fathomed
194    28     20         0.1500     2.7000     1700.0000  % 
UB: 2.6999999999999993
branching on 3 with b.
195    29     21         0.1500     2.7000     1700.0000  % 
LB close or above UB, fathomed
196    28     21         0.1500     2.7000     1700.0000  % 
LB close or above UB, fathomed
197    27     19         0.1500     2.7000     1700.0000  % 
LB close or above UB, fathomed
198    26     18         0.1500     2.7000     1700.0000  % 
LB close or above UB, fathomed
199    25     16         0.1500     2.7000     1700.0000  % 
LB close or above UB, fathomed
200    24     14         0.1500     2.7000     1700.0000  % 
LB close or above UB, fathomed
201    23     23         0.1500     2.7000     1700.0000  % 
UB: 2.6999999999999993
branching on 3 with b.
202    24     24         0.1500     2.7000     1700.0000  % 
LB close or above UB, fathomed
203    23     24         0.1500     2.7000     1700.0000  % 
LB close or above UB, fathomed
204    22     23         0.1500     2.7000     1700.0000  % 
UB: 2.6999999999999993
branching on 3 with b.
205    23     24         0.1500     2.7000     1700.0000  % 
LB close or above UB, fathomed
206    22     24         0.1500     2.7000     1700.0000  % 
LB close or above UB, fathomed
207    21     24         0.1500     2.7000     1700.0000  % 
LB close or above UB, fathomed
208    20     24         0.1500     2.7000     1700.0000  % 
LB close or above UB, fathomed
209    19     13         0.1500     2.7000     1700.0000  % 
UB: 2.6999999999999993
branching on CartesianIndex(1, 5) with c.
210    20     14         0.1500     2.7000     1700.0000  % 
UB: 2.6999999999999993
branching on 2 with b.
211    21     15         0.1500     2.7000     1700.0000  % 
LB close or above UB, fathomed
212    20     15         0.1500     2.7000     1700.0000  % 
UB: 2.6999999999999993
branching on 3 with b.
213    21     16         0.1500     2.7000     1700.0000  % 
UB: 2.6999999999999993
branching on CartesianIndex(2, 5) with c.
214    22     17         0.1500     2.7000     1700.0000  % 
LB close or above UB, fathomed
215    21     17         0.1500     2.7000     1700.0000  % 
LB close or above UB, fathomed
216    20     16         0.1500     2.7000     1700.0000  % 
LB close or above UB, fathomed
217    19     14         0.1500     2.7000     1700.0000  % 
UB: 2.6999999999999993
branching on CartesianIndex(1, 6) with c.
218    20     15         0.1500     2.7000     1700.0000  % 
UB: 2.6999999999999993
branching on 2 with b.
219    21     16         0.1500     2.7000     1700.0000  % 
UB: 2.6999999999999993
branching on CartesianIndex(2, 6) with c.
220    22     17         0.1500     2.7000     1700.0000  % 
LB close or above UB, fathomed
221    21     17         0.1500     2.7000     1700.0000  % 
UB: 2.6999999999999993
branching on CartesianIndex(1, 7) with c.
222    22     18         0.1500     2.7000     1700.0000  % 
UB: 2.6999999999999993
branching on CartesianIndex(2, 7) with c.
223    23     19         0.1500     2.7000     1700.0000  % 
UB: 2.6999999999999993
branching on 3 with b.
224    24     20         0.1500     2.7000     1700.0000  % 
LB close or above UB, fathomed
225    23     20         0.1500     2.7000     1700.0000  % 
LB close or above UB, fathomed
226    22     19         0.1500     2.7000     1700.0000  % 
LB close or above UB, fathomed
227    21     18         0.1500     2.7000     1700.0000  % 
LB close or above UB, fathomed
228    20     16         0.1500     2.7000     1700.0000  % 
UB: 2.6999999999999993
branching on CartesianIndex(2, 6) with c.
229    21     17         0.1500     2.7000     1700.0000  % 
LB close or above UB, fathomed
230    20     17         0.1500     2.7000     1700.0000  % 
UB: 2.6999999999999993
branching on CartesianIndex(1, 7) with c.
231    21     18         0.1500     2.7000     1700.0000  % 
UB: 2.6999999999999993
branching on 3 with b.
232    22     19         0.1500     2.7000     1700.0000  % 
LB close or above UB, fathomed
233    21     19         0.1500     2.7000     1700.0000  % 
LB close or above UB, fathomed
234    20     18         0.1500     2.7000     1700.0000  % 
LB close or above UB, fathomed
235    19     15         0.1500     2.7000     1700.0000  % 
LB close or above UB, fathomed
236    18     23         0.1500     2.7000     1700.0000  % 
UB: 2.6999999999999993
branching on 3 with b.
237    19     24         0.1500     2.7000     1700.0000  % 
LB close or above UB, fathomed
238    18     24         0.1500     2.7000     1700.0000  % 
LB close or above UB, fathomed
239    17     24         0.1500     2.7000     1700.0000  % 
LB close or above UB, fathomed
240    16     24         0.1500     2.7000     1700.0000  % 
LB close or above UB, fathomed
241    15     15         0.1500     2.7000     1700.0000  % 
LB close or above UB, fathomed
242    14     15         0.1500     2.7000     1700.0000  % 
UB: 2.6999999999999993
branching on CartesianIndex(1, 7) with c.
243    15     16         0.1500     2.7000     1700.0000  % 
UB: 2.6999999999999993
branching on CartesianIndex(2, 7) with c.
244    16     17         0.1500     2.7000     1700.0000  % 
UB: 2.6999999999999993
branching on 1 with b.
245    16     18         0.1500     2.7000     1700.0000  % 
UB: 2.6999999999999993
branching on 2 with b.
246    17     19         0.1500     2.7000     1700.0000  % 
UB: 2.6999999999999993
branching on 3 with b.
247    18     20         0.1500     2.7000     1700.0000  % 
LB close or above UB, fathomed
248    17     20         0.1500     2.7000     1700.0000  % 
LB close or above UB, fathomed
249    16     19         0.1500     2.7000     1700.0000  % 
UB: 2.6999999999999993
branching on 3 with b.
250    17     20         0.1500     2.7000     1700.0000  % 
LB close or above UB, fathomed
251    16     20         0.1500     2.7000     1700.0000  % 
LB close or above UB, fathomed
252    15     17         0.1500     2.7000     1700.0000  % 
LB close or above UB, fathomed
253    14     16         0.1500     2.7000     1700.0000  % 
LB close or above UB, fathomed
254    13     8          0.1500     2.7000     1700.0000  % 
UB: 2.6999999999999993
branching on CartesianIndex(1, 1) with a.
255    14     9          0.1500     2.7000     1700.0000  % 
LB close or above UB, fathomed
256    13     9          0.1500     2.7000     1700.0000  % 
UB: 2.6999999999999993
branching on CartesianIndex(1, 2) with a.
257    14     10         0.1500     2.7000     1700.0000  % 
UB: 2.6999999999999993
branching on 1 with b.
258    14     10         0.1500     2.7000     1700.0000  % 
LB close or above UB, fathomed
259    13     8          0.1500     2.7000     1700.0000  % 
UB: 2.6999999999999993
branching on CartesianIndex(1, 1) with a.
260    14     9          0.1500     2.7000     1700.0000  % 
LB close or above UB, fathomed
261    13     9          0.1500     2.7000     1700.0000  % 
UB: 2.6999999999999993
branching on CartesianIndex(1, 2) with a.
262    14     10         0.1500     2.7000     1700.0000  % 
UB: 2.6999999999999993
branching on 1 with b.
263    14     11         0.1500     2.7000     1700.0000  % 
UB: 2.6999999999999993
branching on CartesianIndex(1, 3) with a.
264    15     12         0.1500     2.7000     1700.0000  % 
LB close or above UB, fathomed
265    14     12         0.1500     2.7000     1700.0000  % 
UB: 2.6999999999999993
branching on CartesianIndex(1, 4) with c.
266    15     13         0.1500     2.7000     1700.0000  % 
LB close or above UB, fathomed
267    14     13         0.1500     2.7000     1700.0000  % 
UB: 2.6999999999999993
branching on CartesianIndex(1, 5) with c.
268    15     14         0.1500     2.7000     1700.0000  % 
UB: 2.6999999999999993
branching on 2 with b.
269    16     15         0.1500     2.7000     1700.0000  % 
UB: 2.6999999999999993
branching on CartesianIndex(2, 5) with c.
270    17     16         0.1500     2.7000     1700.0000  % 
LB close or above UB, fathomed
271    16     16         0.1500     2.7000     1700.0000  % 
UB: 2.6999999999999993
branching on CartesianIndex(1, 6) with c.
272    17     17         0.1500     2.7000     1700.0000  % 
UB: 2.6999999999999993
branching on CartesianIndex(2, 6) with c.
273    18     18         0.1500     2.7000     1700.0000  % 
LB close or above UB, fathomed
274    17     18         0.1500     2.7000     1700.0000  % 
UB: 2.6999999999999993
branching on 3 with b.
275    18     19         0.1500     2.7000     1700.0000  % 
LB close or above UB, fathomed
276    17     19         0.1500     2.7000     1700.0000  % 
LB close or above UB, fathomed
277    16     17         0.1500     2.7000     1700.0000  % 
LB close or above UB, fathomed
278    15     15         0.1500     2.7000     1700.0000  % 
LB close or above UB, fathomed
279    14     14         0.1500     2.7000     1700.0000  % 
LB close or above UB, fathomed
280    13     10         0.1500     2.7000     1700.0000  % 
LB close or above UB, fathomed
281    12     10         0.1500     2.7000     1700.0000  % 
UB: 2.6999999999999993
branching on CartesianIndex(1, 3) with a.
282    13     11         0.1500     2.7000     1700.0000  % 
UB: 2.6999999999999993
branching on 1 with b.
283    13     12         0.1500     2.7000     1700.0000  % 
UB: 2.6999999999999993
branching on CartesianIndex(1, 4) with c.
284    14     13         0.1500     2.7000     1700.0000  % 
LB close or above UB, fathomed
285    13     13         0.1500     2.7000     1700.0000  % 
UB: 2.6999999999999993
branching on CartesianIndex(1, 5) with c.
286    14     14         0.1500     2.7000     1700.0000  % 
UB: 2.6999999999999993
branching on CartesianIndex(2, 5) with c.
287    15     15         0.1500     2.7000     1700.0000  % 
LB close or above UB, fathomed
288    14     15         0.1500     2.7000     1700.0000  % 
UB: 2.6999999999999993
branching on CartesianIndex(1, 6) with c.
289    15     16         0.1500     2.7000     1700.0000  % 
UB: 2.6999999999999993
branching on CartesianIndex(2, 6) with c.
290    16     17         0.1500     2.7000     1700.0000  % 
LB close or above UB, fathomed
291    15     17         0.1500     2.7000     1700.0000  % 
LB close or above UB, fathomed
292    14     16         0.1500     2.7000     1700.0000  % 
LB close or above UB, fathomed
293    13     14         0.1500     2.7000     1700.0000  % 
LB close or above UB, fathomed
294    12     11         0.1500     2.7000     1700.0000  % 
LB close or above UB, fathomed
295    11     10         0.1500     2.7000     1700.0000  % 
LB close or above UB, fathomed
296    10     12         0.1500     2.7000     1700.0000  % 
LB close or above UB, fathomed
297    9      12         0.1500     2.7000     1700.0000  % 
UB: 2.6999999999999993
branching on CartesianIndex(1, 5) with c.
298    10     13         0.1500     2.7000     1700.0000  % 
UB: 2.6999999999999993
branching on CartesianIndex(2, 5) with c.
299    11     14         0.1500     2.7000     1700.0000  % 
UB: 2.6999999999999993
branching on CartesianIndex(1, 6) with c.
300    12     15         0.1500     2.7000     1700.0000  % 
UB: 2.6999999999999993
branching on CartesianIndex(2, 6) with c.
301    13     16         0.1500     2.7000     1700.0000  % 
LB close or above UB, fathomed
302    12     16         0.1500     2.7000     1700.0000  % 
UB: 2.6999999999999993
branching on CartesianIndex(1, 7) with c.
303    13     17         0.1500     2.7000     1700.0000  % 
UB: 2.6999999999999993
branching on 1 with b.
304    13     18         0.1500     2.7000     1700.0000  % 
UB: 2.6999999999999993
branching on CartesianIndex(2, 7) with c.
305    14     19         0.1500     2.7000     1700.0000  % 
UB: 2.6999999999999993
branching on 2 with b.
306    15     20         0.1500     2.7000     1700.0000  % 
UB: 2.6999999999999993
branching on 3 with b.
307    16     21         0.1500     2.7000     1700.0000  % 
LB close or above UB, fathomed
308    15     21         0.1500     2.7000     1700.0000  % 
LB close or above UB, fathomed
309    14     20         0.1500     2.7000     1700.0000  % 
UB: 2.6999999999999993
branching on 3 with b.
310    15     21         0.1500     2.7000     1700.0000  % 
LB close or above UB, fathomed
311    14     21         0.1500     2.7000     1700.0000  % 
LB close or above UB, fathomed
312    13     19         0.1500     2.7000     1700.0000  % 
LB close or above UB, fathomed
313    12     17         0.1500     2.7000     1700.0000  % 
LB close or above UB, fathomed
314    11     15         0.1500     2.7000     1700.0000  % 
LB close or above UB, fathomed
315    10     14         0.1500     2.7000     1700.0000  % 
UB: 2.6999999999999993
branching on CartesianIndex(1, 6) with c.
316    11     15         0.1500     2.7000     1700.0000  % 
UB: 2.6999999999999993
branching on 1 with b.
317    11     16         0.1500     2.7000     1700.0000  % 
UB: 2.6999999999999993
branching on CartesianIndex(2, 6) with c.
318    12     17         0.1500     2.7000     1700.0000  % 
LB close or above UB, fathomed
319    11     17         0.1500     2.7000     1700.0000  % 
UB: 2.6999999999999993
branching on CartesianIndex(1, 7) with c.
320    12     18         0.1500     2.7000     1700.0000  % 
UB: 2.6999999999999993
branching on CartesianIndex(2, 7) with c.
321    13     19         0.1500     2.7000     1700.0000  % 
UB: 2.6999999999999993
branching on 2 with b.
322    14     20         0.1500     2.7000     1700.0000  % 
UB: 2.6999999999999993
branching on 3 with b.
323    15     21         0.1500     2.7000     1700.0000  % 
LB close or above UB, fathomed
324    14     21         0.1500     2.7000     1700.0000  % 
LB close or above UB, fathomed
325    13     20         0.1500     2.7000     1700.0000  % 
UB: 2.6999999999999993
branching on 3 with b.
326    14     21         0.1500     2.7000     1700.0000  % 
LB close or above UB, fathomed
327    13     21         0.1500     2.7000     1700.0000  % 
LB close or above UB, fathomed
328    12     19         0.1500     2.7000     1700.0000  % 
LB close or above UB, fathomed
329    11     18         0.1500     2.7000     1700.0000  % 
LB close or above UB, fathomed
330    10     15         0.1500     2.7000     1700.0000  % 
LB close or above UB, fathomed
331    9      13         0.1500     2.7000     1700.0000  % 
UB: 2.6999999999999993
branching on CartesianIndex(1, 6) with c.
332    10     14         0.1500     2.7000     1700.0000  % 
UB: 2.6999999999999993
branching on CartesianIndex(2, 6) with c.
333    11     15         0.1500     2.7000     1700.0000  % 
LB close or above UB, fathomed
334    10     15         0.1500     2.7000     1700.0000  % 
UB: 2.6999999999999993
branching on CartesianIndex(1, 7) with c.
335    11     16         0.1500     2.7000     1700.0000  % 
UB: 2.6999999999999993
branching on 1 with b.
336    11     17         0.1500     2.7000     1700.0000  % 
UB: 2.6999999999999993
branching on 2 with b.
337    12     18         0.1500     2.7000     1700.0000  % 
UB: 2.6999999999999993
branching on CartesianIndex(2, 7) with c.
338    13     19         0.1500     2.7000     1700.0000  % 
UB: 2.6999999999999993
branching on 3 with b.
339    14     20         0.1500     2.7000     1700.0000  % 
LB close or above UB, fathomed
340    13     20         0.1500     2.7000     1700.0000  % 
LB close or above UB, fathomed
341    12     19         0.1500     2.7000     1700.0000  % 
LB close or above UB, fathomed
342    11     18         0.1500     2.7000     1700.0000  % 
UB: 2.6999999999999993
branching on CartesianIndex(2, 7) with c.
343    12     19         0.1500     2.7000     1700.0000  % 
UB: 2.6999999999999993
branching on 3 with b.
344    13     20         0.1500     2.7000     1700.0000  % 
LB close or above UB, fathomed
345    12     20         0.1500     2.7000     1700.0000  % 
LB close or above UB, fathomed
346    11     19         0.1500     2.7000     1700.0000  % 
LB close or above UB, fathomed
347    10     16         0.1500     2.7000     1700.0000  % 
LB close or above UB, fathomed
348    9      14         0.1500     2.7000     1700.0000  % 
LB close or above UB, fathomed
349    8      12         0.1500     2.7000     1700.0000  % 
UB: 2.6999999999999993
branching on CartesianIndex(1, 5) with c.
350    9      13         0.1500     2.7000     1700.0000  % 
LB close or above UB, fathomed
351    8      13         0.1500     2.7000     1700.0000  % 
UB: 2.6999999999999993
branching on CartesianIndex(1, 6) with c.
352    9      14         0.1500     2.7000     1700.0000  % 
UB: 2.6999999999999993
branching on 3 with b.
353    10     15         0.1500     2.7000     1700.0000  % 
LB close or above UB, fathomed
354    9      15         0.1500     2.7000     1700.0000  % 
UB: 2.6999999999999993
branching on CartesianIndex(2, 6) with c.
355    10     16         0.1500     2.7000     1700.0000  % 
LB close or above UB, fathomed
356    9      16         0.1500     2.7000     1700.0000  % 
UB: 2.6999999999999993
branching on CartesianIndex(1, 7) with c.
357    10     17         0.1500     2.7000     1700.0000  % 
UB: 2.6999999999999993
branching on CartesianIndex(2, 7) with c.
358    11     18         0.1500     2.7000     1700.0000  % 
UB: 2.6999999999999993
branching on 1 with b.
359    11     19         0.1500     2.7000     1700.0000  % 
UB: 2.6999999999999993
branching on 2 with b.
360    12     20         0.1500     2.7000     1700.0000  % 
UB: 2.6999999999999993
branching on 3 with b.
361    13     21         0.1500     2.7000     1700.0000  % 
LB close or above UB, fathomed
362    12     21         0.1500     2.7000     1700.0000  % 
LB close or above UB, fathomed
363    11     20         0.1500     2.7000     1700.0000  % 
LB close or above UB, fathomed
364    10     18         0.1500     2.7000     1700.0000  % 
LB close or above UB, fathomed
365    9      17         0.1500     2.7000     1700.0000  % 
LB close or above UB, fathomed
366    8      14         0.1500     2.7000     1700.0000  % 
LB close or above UB, fathomed
367    7      12         0.1500     2.7000     1700.0000  % 
UB: 2.6999999999999993
branching on 3 with b.
368    8      13         0.1500     2.7000     1700.0000  % 
LB close or above UB, fathomed
369    7      13         0.1500     2.7000     1700.0000  % 
UB: 2.6999999999999993
branching on CartesianIndex(1, 5) with c.
370    8      14         0.1500     2.7000     1700.0000  % 
LB close or above UB, fathomed
371    7      14         0.1500     2.7000     1700.0000  % 
UB: 2.6999999999999993
branching on CartesianIndex(1, 6) with c.
372    8      15         0.1500     2.7000     1700.0000  % 
UB: 2.6999999999999993
branching on CartesianIndex(2, 6) with c.
373    9      16         0.1500     2.7000     1700.0000  % 
LB close or above UB, fathomed
374    8      16         0.1500     2.7000     1700.0000  % 
UB: 2.6999999999999993
branching on CartesianIndex(1, 7) with c.
375    9      17         0.1500     2.7000     1700.0000  % 
UB: 2.6999999999999993
branching on 1 with b.
376    9      18         0.1500     2.7000     1700.0000  % 
UB: 2.6999999999999993
branching on CartesianIndex(2, 7) with c.
377    10     19         0.1500     2.7000     1700.0000  % 
UB: 2.6999999999999993
branching on 2 with b.
378    11     20         0.1500     2.7000     1700.0000  % 
UB: 2.6999999999999993
branching on 3 with b.
379    12     21         0.1500     2.7000     1700.0000  % 
LB close or above UB, fathomed
380    11     21         0.1500     2.7000     1700.0000  % 
LB close or above UB, fathomed
381    10     20         0.1500     2.7000     1700.0000  % 
LB close or above UB, fathomed
382    9      19         0.1500     2.7000     1700.0000  % 
LB close or above UB, fathomed
383    8      17         0.1500     2.7000     1700.0000  % 
LB close or above UB, fathomed
384    7      15         0.1500     2.7000     1700.0000  % 
LB close or above UB, fathomed
385    6      12         0.1500     2.7000     1700.0000  % 
UB: 2.6999999999999993
branching on CartesianIndex(1, 5) with c.
386    7      13         0.1500     2.7000     1700.0000  % 
LB close or above UB, fathomed
387    6      13         0.1500     2.7000     1700.0000  % 
UB: 2.6999999999999993
branching on CartesianIndex(1, 6) with c.
388    7      14         0.1500     2.7000     1700.0000  % 
UB: 2.6999999999999993
branching on 3 with b.
389    8      15         0.1500     2.7000     1700.0000  % 
LB close or above UB, fathomed
390    7      15         0.1500     2.7000     1700.0000  % 
LB close or above UB, fathomed
391    6      14         0.1500     2.7000     1700.0000  % 
LB close or above UB, fathomed
392    5      12         0.1500     2.7000     1700.0000  % 
UB: 2.6999999999999993
branching on 3 with b.
393    6      13         0.1500     2.7000     1700.0000  % 
LB close or above UB, fathomed
394    5      13         0.1500     2.7000     1700.0000  % 
LB close or above UB, fathomed
395    4      12         0.1500     2.7000     1700.0000  % 
UB: 2.6999999999999993
branching on 3 with b.
396    5      13         0.1500     2.7000     1700.0000  % 
LB close or above UB, fathomed
397    4      13         0.1500     2.7000     1700.0000  % 
UB: 2.6999999999999993
branching on 1 with b.
398    4      12         0.1500     2.7000     1700.0000  % 
UB: 2.6999999999999993
branching on 3 with b.
399    5      13         0.1500     2.7000     1700.0000  % 
LB close or above UB, fathomed
400    4      13         0.1500     2.7000     1700.0000  % 
UB: 2.6999999999999993
branching on CartesianIndex(1, 5) with c.
401    5      10         0.1500     2.7000     1700.0000  % 
LB close or above UB, fathomed
402    4      10         0.1500     2.7000     1700.0000  % 
UB: 2.6999999999999993
branching on 1 with b.
403    4      11         0.1500     2.7000     1700.0000  % 
UB: 2.6999999999999993
branching on CartesianIndex(1, 3) with a.
404    5      12         0.1500     2.7000     1700.0000  % 
LB close or above UB, fathomed
405    4      12         0.1500     2.7000     1700.0000  % 
UB: 2.6999999999999993
branching on CartesianIndex(1, 4) with c.
406    5      13         0.1500     2.7000     1700.0000  % 
LB close or above UB, fathomed
407    4      13         0.1500     2.7000     1700.0000  % 
UB: 2.6999999999999993
branching on CartesianIndex(1, 5) with c.
408    5      14         0.1500     2.7000     1700.0000  % 
UB: 2.6999999999999993
branching on 2 with b.
409    6      15         0.1500     2.7000     1700.0000  % 
UB: 2.6999999999999993
branching on 3 with b.
410    7      16         0.1500     2.7000     1700.0000  % 
LB close or above UB, fathomed
411    6      16         0.1500     2.7000     1700.0000  % 
LB close or above UB, fathomed
412    5      15         0.1500     2.7000     1700.0000  % 
UB: 2.6999999999999993
branching on CartesianIndex(2, 5) with c.
413    6      14         0.1500     2.7000     1700.0000  % 
UB: 2.6999999999999993
branching on CartesianIndex(1, 6) with c.
414    7      15         0.1500     2.7000     1700.0000  % 
UB: 2.6999999999999993
branching on CartesianIndex(2, 6) with c.
415    8      16         0.1500     2.7000     1700.0000  % 
LB close or above UB, fathomed
416    7      16         0.1500     2.7000     1700.0000  % 
UB: 2.6999999999999993
branching on CartesianIndex(1, 7) with c.
417    8      17         0.1500     2.7000     1700.0000  % 
UB: 2.6999999999999993
branching on CartesianIndex(2, 7) with c.
418    9      18         0.1500     2.7000     1700.0000  % 
UB: 2.6999999999999993
branching on 2 with b.
419    10     19         0.1500     2.7000     1700.0000  % 
UB: 2.6999999999999993
branching on 3 with b.
420    11     20         0.1500     2.7000     1700.0000  % 
LB close or above UB, fathomed
421    10     20         0.1500     2.7000     1700.0000  % 
LB close or above UB, fathomed
422    9      19         0.1500     2.7000     1700.0000  % 
UB: 2.6999999999999993
branching on 3 with b.
423    10     20         0.1500     2.7000     1700.0000  % 
LB close or above UB, fathomed
424    9      20         0.1500     2.7000     1700.0000  % 
LB close or above UB, fathomed
425    8      18         0.1500     2.7000     1700.0000  % 
LB close or above UB, fathomed
426    7      17         0.1500     2.7000     1700.0000  % 
LB close or above UB, fathomed
427    6      15         0.1500     2.7000     1700.0000  % 
LB close or above UB, fathomed
428    5      16         0.1500     2.7000     1700.0000  % 
UB: 2.6999999999999993
branching on CartesianIndex(1, 6) with c.
429    6      17         0.1500     2.7000     1700.0000  % 
UB: 2.6999999999999993
branching on CartesianIndex(2, 6) with c.
430    7      18         0.1500     2.7000     1700.0000  % 
LB close or above UB, fathomed
431    6      18         0.1500     2.7000     1700.0000  % 
UB: 2.6999999999999993
branching on 3 with b.
432    7      19         0.1500     2.7000     1700.0000  % 
LB close or above UB, fathomed
433    6      19         0.1500     2.7000     1700.0000  % 
LB close or above UB, fathomed
434    5      17         0.1500     2.7000     1700.0000  % 
LB close or above UB, fathomed
435    4      16         0.1500     2.7000     1700.0000  % 
UB: 2.6999999999999993
branching on 3 with b.
436    5      17         0.1500     2.7000     1700.0000  % 
LB close or above UB, fathomed
437    4      17         0.1500     2.7000     1700.0000  % 
LB close or above UB, fathomed
438    3      14         0.1500     2.7000     1700.0000  % 
LB close or above UB, fathomed
439    2      14         0.1500     2.7000     1700.0000  % 
UB: 2.6999999999999993
branching on CartesianIndex(1, 6) with c.
440    3      15         0.1500     2.7000     1700.0000  % 
UB: 2.6999999999999993
branching on CartesianIndex(2, 6) with c.
441    4      16         0.1500     2.7000     1700.0000  % 
LB close or above UB, fathomed
442    3      16         0.1500     2.7000     1700.0000  % 
UB: 2.6999999999999993
branching on CartesianIndex(1, 7) with c.
443    4      17         0.1500     2.7000     1700.0000  % 
UB: 2.6999999999999993
branching on CartesianIndex(2, 7) with c.
444    5      18         0.1500     2.7000     1700.0000  % 
UB: 2.6999999999999993
branching on 1 with b.
445    5      19         0.1500     2.7000     1700.0000  % 
UB: 2.6999999999999993
branching on 2 with b.
446    6      20         0.1500     2.7000     1700.0000  % 
UB: 2.6999999999999993
branching on 3 with b.
447    7      21         0.1500     2.7000     1700.0000  % 
LB close or above UB, fathomed
448    6      21         0.1500     2.7000     1700.0000  % 
LB close or above UB, fathomed
449    5      20         0.1500     2.7000     1700.0000  % 
LB close or above UB, fathomed
450    4      18         0.1500     2.7000     1700.0000  % 
LB close or above UB, fathomed
451    3      17         0.1500     2.7000     1700.0000  % 
LB close or above UB, fathomed
452    2      15         0.1500     2.7000     1700.0000  % 
LB close or above UB, fathomed
453    1      14         0.1500     2.7000     1700.0000  % 
UB: 2.6999999999999993
branching on 2 with b.
454    2      15         0.1500     2.7000     1700.0000  % 
UB: 2.6999999999999993
branching on CartesianIndex(1, 5) with c.
455    3      16         0.1500     2.7000     1700.0000  % 
LB close or above UB, fathomed
456    2      16         0.1500     2.7000     1700.0000  % 
UB: 2.6999999999999993
branching on CartesianIndex(1, 6) with c.
457    3      17         0.1500     2.7000     1700.0000  % 
UB: 2.6999999999999993
branching on CartesianIndex(2, 6) with c.
458    4      18         0.1500     2.7000     1700.0000  % 
LB close or above UB, fathomed
459    3      18         0.1500     2.7000     1700.0000  % 
UB: 2.6999999999999993
branching on CartesianIndex(1, 7) with c.
460    4      19         0.1500     2.7000     1700.0000  % 
UB: 2.6999999999999993
branching on CartesianIndex(2, 7) with c.
461    5      20         0.1500     2.7000     1700.0000  % 
UB: 2.6999999999999993
branching on 3 with b.
462    6      21         0.1500     2.7000     1700.0000  % 
LB close or above UB, fathomed
463    5      21         0.1500     2.7000     1700.0000  % 
LB close or above UB, fathomed
464    4      20         0.1500     2.7000     1700.0000  % 
LB close or above UB, fathomed
465    3      19         0.1500     2.7000     1700.0000  % 
LB close or above UB, fathomed
466    2      17         0.1500     2.7000     1700.0000  % 
LB close or above UB, fathomed
467    1      15         0.1500     2.7000     1700.0000  % 
LB close or above UB, fathomed
468    0      11         0.1500     2.7000     1700.0000  % 
UB: 2.6999999999999993
branching on 2 with b.
469    1      12         0.1500     2.7000     1700.0000  % 
UB: 2.6999999999999993
branching on CartesianIndex(1, 3) with a.
470    2      13         0.1500     2.7000     1700.0000  % 
UB: 2.6999999999999993
branching on CartesianIndex(1, 4) with c.
471    3      14         0.1500     2.7000     1700.0000  % 
LB close or above UB, fathomed
472    2      14         0.1500     2.7000     1700.0000  % 
UB: 2.6999999999999993
branching on CartesianIndex(1, 5) with c.
473    3      15         0.1500     2.7000     1700.0000  % 
UB: 2.6999999999999993
branching on CartesianIndex(2, 5) with c.
474    4      16         0.1500     2.7000     1700.0000  % 
LB close or above UB, fathomed
475    3      16         0.1500     2.7000     1700.0000  % 
UB: 2.6999999999999993
branching on CartesianIndex(1, 6) with c.
476    4      17         0.1500     2.7000     1700.0000  % 
UB: 2.6999999999999993
branching on CartesianIndex(2, 6) with c.
477    5      18         0.1500     2.7000     1700.0000  % 
LB close or above UB, fathomed
478    4      18         0.1500     2.7000     1700.0000  % 
LB close or above UB, fathomed
479    3      17         0.1500     2.7000     1700.0000  % 
LB close or above UB, fathomed
480    2      15         0.1500     2.7000     1700.0000  % 
LB close or above UB, fathomed
481    1      13         0.1500     2.7000     1700.0000  % 
LB close or above UB, fathomed
482    0      12         0.1500     2.7000     1700.0000  % 
LB close or above UB, fathomed
all node solved
solved nodes:  483
483                                                   2.6778e+00     2.7000e+00     0.8299  % 
2×3 Matrix{Float64}:
 0.0  0.0  1.0
 1.0  0.0  0.0
3-element Vector{Float64}:
 0.28125929922593074
 0.0
 0.8169563889921183
3×7 Matrix{Float64}:
 0.0  0.0  0.0  0.0  1.0  0.0  0.0
 0.0  0.0  0.0  0.0  0.0  1.0  0.0
 0.0  0.0  0.0  0.0  0.0  0.0  1.0
3-element Vector{Float64}:
 1.0
 0.0
 1.0
2×3 Matrix{Float64}:
 0.0  0.0  1.0
 1.0  0.0  0.0
3-element Vector{Float64}:
 0.26113631907666757
 0.0
 0.7699076579475611
3×7 Matrix{Float64}:
 0.0  0.0  0.0  0.0  1.0  0.0  0.0
 0.0  0.0  0.0  0.0  0.0  1.0  0.0
 0.0  0.0  0.0  0.0  0.0  0.0  1.0
3-element Vector{Float64}:
 1.0
 0.0
 1.0
comparison (CRT and Glb)on prediction: Dict{Bool, Int64}(0 => 0, 1 => 4)
Dataname	 time	 objv	 lb	 gap	 train_w	 train_g	 test_w	 test_g
small_toy_124.small_toy	 59.07	 2.6999999999999993	 2.678	 0.0083	 88.889	 88.889	 75.0	 75.0
