Running 2 processes.
Start training small_toy_499.small_toy with seed 1.
Any[]
(2, 13)
(2, 6)
(2, 3)
(2, 4)
dimension: 2, class: 3
cart cost: 2.7000000000000006
size of X: (2, 9)
ngroups: 2
UB: 2.6999999999999993
Iter	left	lev	LB	UB	gap	
0      0      1          0.1000     2.7000     2600.0000  % 
UB: 2.6999999999999993
branching on 1 with d.
1      1      2          0.1000     2.7000     2600.0000  % 
LB close or above UB, fathomed
2      0      2          0.1000     2.7000     2600.0000  % 
UB: 2.6999999999999993
branching on 2 with d.
3      1      3          0.1000     2.7000     2600.0000  % 
UB: 2.6999999999999993
branching on 3 with d.
4      2      4          0.1000     2.7000     2600.0000  % 
LB close or above UB, fathomed
5      1      4          0.1000     2.7000     2600.0000  % 
UB: 2.6999999999999993
branching on CartesianIndex(1, 1) with a.
6      2      5          0.1000     2.7000     2600.0000  % 
UB: 2.6999999999999993
branching on CartesianIndex(1, 3) with a.
7      3      6          0.1000     2.7000     2600.0000  % 
LB close or above UB, fathomed
8      2      6          0.1000     2.7000     2600.0000  % 
UB: 2.6999999999999993
branching on CartesianIndex(1, 5) with c.
9      3      7          0.1000     2.7000     2600.0000  % 
LB close or above UB, fathomed
10     2      7          0.1000     2.7000     2600.0000  % 
UB: 2.6999999999999993
branching on CartesianIndex(1, 6) with c.
11     3      5          0.1000     2.7000     2600.0000  % 
UB: 2.6999999999999993
branching on 1 with b.
12     4      6          0.1000     2.7000     2600.0000  % 
LB close or above UB, fathomed
13     3      6          0.1000     2.7000     2600.0000  % 
LB close or above UB, fathomed
14     2      3          0.1000     2.7000     2600.0000  % 
UB: 2.6999999999999993
branching on 3 with d.
15     3      4          0.1000     2.7000     2600.0000  % 
UB: 2.6999999999999993
branching on 1 with b.
16     4      5          0.1000     2.7000     2600.0000  % 
LB close or above UB, fathomed
17     3      5          0.1000     2.7000     2600.0000  % 
UB: 2.6999999999999993
branching on CartesianIndex(1, 1) with a.
18     4      6          0.1000     2.7000     2600.0000  % 
LB close or above UB, fathomed
19     3      6          0.1000     2.7000     2600.0000  % 
UB: 2.6999999999999993
branching on CartesianIndex(1, 2) with a.
20     4      4          0.1000     2.7000     2600.0000  % 
UB: 2.6999999999999993
branching on 1 with b.
21     5      7          0.1000     2.7000     2600.0000  % 
UB: 2.6999999999999993
branching on CartesianIndex(1, 4) with c.
22     6      8          0.1000     2.7000     2600.0000  % 
LB close or above UB, fathomed
23     5      8          0.1000     2.7000     2600.0000  % 
UB: 2.6999999999999993
branching on 1 with b.
24     6      9          0.1000     2.7000     2600.0000  % 
UB: 2.6999999999999993
branching on 2 with b.
25     7      10         0.1000     2.7000     2600.0000  % 
UB: 2.6999999999999993
branching on CartesianIndex(1, 5) with c.
26     8      11         0.1000     2.7000     2600.0000  % 
UB: 2.6999999999999993
branching on CartesianIndex(2, 5) with c.
27     9      12         0.1000     2.7000     2600.0000  % 
LB close or above UB, fathomed
28     8      12         0.1000     2.7000     2600.0000  % 
UB: 2.6999999999999993
branching on CartesianIndex(1, 7) with c.
29     9      13         0.1000     2.7000     2600.0000  % 
UB: 2.6999999999999993
branching on CartesianIndex(2, 7) with c.
30     10     14         0.1000     2.7000     2600.0000  % 
UB: 2.6999999999999993
branching on 1 with b.
31     11     15         0.1000     2.7000     2600.0000  % 
LB close or above UB, fathomed
32     10     15         0.1000     2.7000     2600.0000  % 
UB: 2.6999999999999993
branching on 2 with b.
33     11     16         0.1000     2.7000     2600.0000  % 
LB close or above UB, fathomed
34     10     16         0.1000     2.7000     2600.0000  % 
UB: 2.6999999999999993
branching on 1 with b.
35     11     17         0.1000     2.7000     2600.0000  % 
UB: 2.6999999999999993
branching on 2 with b.
36     12     18         0.1000     2.7000     2600.0000  % 
LB close or above UB, fathomed
37     11     18         0.1000     2.7000     2600.0000  % 
UB: 2.6999999999999993
branching on 1 with b.
38     11     19         0.1000     2.7000     2600.0000  % 
LB close or above UB, fathomed
39     10     17         0.1000     2.7000     2600.0000  % 
UB: 2.6999999999999993
branching on 2 with b.
40     11     18         0.1000     2.7000     2600.0000  % 
LB close or above UB, fathomed
41     10     18         0.1000     2.7000     2600.0000  % 
UB: 2.6999999999999993
branching on 1 with b.
42     10     19         0.1000     2.7000     2600.0000  % 
UB: 2.6999999999999993
branching on 2 with b.
43     10     20         0.1000     2.7000     2600.0000  % 
UB: 2.6999999999999993
branching on 1 with b.
44     10     21         0.1000     2.7000     2600.0000  % 
UB: 2.6999999999999993
branching on 2 with b.
45     10     22         0.1000     2.7000     2600.0000  % 
LB close or above UB, fathomed
46     9      14         0.1000     2.7000     2600.0000  % 
LB close or above UB, fathomed
47     8      13         0.1000     2.7000     2600.0000  % 
LB close or above UB, fathomed
48     7      11         0.1000     2.7000     2600.0000  % 
LB close or above UB, fathomed
49     6      10         0.1000     2.7000     2600.0000  % 
LB close or above UB, fathomed
50     5      9          0.1000     2.7000     2600.0000  % 
LB close or above UB, fathomed
51     4      7          0.1000     2.7000     2600.0000  % 
UB: 2.6999999999999993
branching on 1 with b.
52     5      8          0.1000     2.7000     2600.0000  % 
UB: 2.6999999999999993
branching on CartesianIndex(1, 4) with c.
53     6      9          0.1000     2.7000     2600.0000  % 
LB close or above UB, fathomed
54     5      9          0.1000     2.7000     2600.0000  % 
LB close or above UB, fathomed
55     4      8          0.1000     2.7000     2600.0000  % 
LB close or above UB, fathomed
56     3      8          0.1000     2.7000     2600.0000  % 
UB: 2.6999999999999993
branching on CartesianIndex(2, 6) with c.
57     4      9          0.1000     2.7000     2600.0000  % 
LB close or above UB, fathomed
58     3      9          0.1000     2.7000     2600.0000  % 
UB: 2.6999999999999993
branching on 1 with b.
59     4      10         0.1000     2.7000     2600.0000  % 
UB: 2.6999999999999993
branching on CartesianIndex(1, 7) with c.
60     5      11         0.1000     2.7000     2600.0000  % 
UB: 2.6999999999999993
branching on 1 with b.
61     6      12         0.1000     2.7000     2600.0000  % 
LB close or above UB, fathomed
62     5      12         0.1000     2.7000     2600.0000  % 
UB: 2.6999999999999993
branching on 3 with b.
63     6      13         0.1000     2.7000     2600.0000  % 
LB close or above UB, fathomed
64     5      13         0.1000     2.7000     2600.0000  % 
UB: 2.6999999999999993
branching on CartesianIndex(2, 7) with c.
65     6      14         0.1000     2.7000     2600.0000  % 
UB: 2.6999999999999993
branching on 1 with b.
66     7      15         0.1000     2.7000     2600.0000  % 
LB close or above UB, fathomed
67     6      15         0.1000     2.7000     2600.0000  % 
LB close or above UB, fathomed
68     5      14         0.1000     2.7000     2600.0000  % 
LB close or above UB, fathomed
69     4      11         0.1000     2.7000     2600.0000  % 
LB close or above UB, fathomed
70     3      10         0.1000     2.7000     2600.0000  % 
LB close or above UB, fathomed
71     2      8          0.1000     2.7000     2600.0000  % 
LB close or above UB, fathomed
72     1      5          0.1500     2.7000     1700.0000  % 
UB: 2.6999999999999993
branching on 1 with b.
73     2      6          0.1500     2.7000     1700.0000  % 
UB: 2.6999999999999993
branching on CartesianIndex(1, 1) with a.
74     3      7          0.1500     2.7000     1700.0000  % 
LB close or above UB, fathomed
75     2      7          0.1500     2.7000     1700.0000  % 
LB close or above UB, fathomed
76     1      6          0.1500     2.7000     1700.0000  % 
UB: 2.6999999999999993
branching on CartesianIndex(1, 1) with a.
77     2      7          0.1500     2.7000     1700.0000  % 
UB: 2.6999999999999993
branching on 2 with b.
78     3      8          0.1500     2.7000     1700.0000  % 
UB: 2.6999999999999993
branching on 3 with b.
79     4      9          0.1500     2.7000     1700.0000  % 
LB close or above UB, fathomed
80     3      9          0.1500     2.7000     1700.0000  % 
UB: 2.6999999999999993
branching on CartesianIndex(1, 2) with a.
81     4      10         0.1500     2.7000     1700.0000  % 
UB: 2.6999999999999993
branching on 1 with b.
82     5      11         0.1500     2.7000     1700.0000  % 
LB close or above UB, fathomed
83     4      11         0.1500     2.7000     1700.0000  % 
UB: 2.6999999999999993
branching on CartesianIndex(1, 3) with a.
84     5      12         0.1500     2.7000     1700.0000  % 
UB: 2.6999999999999993
branching on CartesianIndex(1, 4) with c.
85     6      13         0.1500     2.7000     1700.0000  % 
LB close or above UB, fathomed
86     5      13         0.1500     2.7000     1700.0000  % 
UB: 2.6999999999999993
branching on CartesianIndex(1, 5) with c.
87     6      14         0.1500     2.7000     1700.0000  % 
UB: 2.6999999999999993
branching on CartesianIndex(2, 5) with c.
88     7      15         0.1500     2.7000     1700.0000  % 
UB: 2.6999999999999993
branching on 2 with b.
89     8      16         0.1500     2.7000     1700.0000  % 
LB close or above UB, fathomed
90     7      16         0.1500     2.7000     1700.0000  % 
UB: 2.6999999999999993
branching on CartesianIndex(1, 6) with c.
91     8      15         0.1500     2.7000     1700.0000  % 
LB close or above UB, fathomed
92     7      14         0.1500     2.7000     1700.0000  % 
LB close or above UB, fathomed
93     6      12         0.1500     2.7000     1700.0000  % 
UB: 2.6999999999999993
branching on CartesianIndex(1, 4) with c.
94     7      13         0.1500     2.7000     1700.0000  % 
LB close or above UB, fathomed
95     6      13         0.1500     2.7000     1700.0000  % 
UB: 2.6999999999999993
branching on CartesianIndex(1, 5) with c.
96     7      14         0.1500     2.7000     1700.0000  % 
UB: 2.6999999999999993
branching on 2 with b.
97     8      15         0.1500     2.7000     1700.0000  % 
LB close or above UB, fathomed
98     7      15         0.1500     2.7000     1700.0000  % 
UB: 2.6999999999999993
branching on CartesianIndex(2, 5) with c.
99     8      16         0.1500     2.7000     1700.0000  % 
UB: 2.6999999999999993
branching on CartesianIndex(1, 6) with c.
100    9      17         0.1500     2.7000     1700.0000  % 
UB: 2.6999999999999993
branching on CartesianIndex(2, 6) with c.
101    10     18         0.1500     2.7000     1700.0000  % 
LB close or above UB, fathomed
102    9      18         0.1500     2.7000     1700.0000  % 
UB: 2.6999999999999993
branching on CartesianIndex(1, 7) with c.
103    10     19         0.1500     2.7000     1700.0000  % 
UB: 2.6999999999999993
branching on 3 with b.
104    11     20         0.1500     2.7000     1700.0000  % 
UB: 2.6999999999999993
branching on CartesianIndex(2, 7) with c.
105    12     21         0.1500     2.7000     1700.0000  % 
UB: 2.6999999999999993
branching on 1 with b.
106    12     22         0.1500     2.7000     1700.0000  % 
UB: 2.6999999999999993
branching on 2 with b.
107    13     23         0.1500     2.7000     1700.0000  % 
LB close or above UB, fathomed
108    12     23         0.1500     2.7000     1700.0000  % 
LB close or above UB, fathomed
109    11     21         0.1500     2.7000     1700.0000  % 
LB close or above UB, fathomed
110    10     20         0.1500     2.7000     1700.0000  % 
LB close or above UB, fathomed
111    9      19         0.1500     2.7000     1700.0000  % 
LB close or above UB, fathomed
112    8      17         0.1500     2.7000     1700.0000  % 
LB close or above UB, fathomed
113    7      16         0.1500     2.7000     1700.0000  % 
LB close or above UB, fathomed
114    6      14         0.1500     2.7000     1700.0000  % 
LB close or above UB, fathomed
115    5      10         0.1500     2.7000     1700.0000  % 
UB: 2.6999999999999993
branching on 1 with b.
116    6      11         0.1500     2.7000     1700.0000  % 
LB close or above UB, fathomed
117    5      11         0.1500     2.7000     1700.0000  % 
LB close or above UB, fathomed
118    4      8          0.1500     2.7000     1700.0000  % 
UB: 2.6999999999999993
branching on 3 with b.
119    5      7          0.1500     2.7000     1700.0000  % 
LB close or above UB, fathomed
120    4      5          0.1500     2.7000     1700.0000  % 
UB: 2.6999999999999993
branching on CartesianIndex(1, 1) with a.
121    5      6          0.1500     2.7000     1700.0000  % 
LB close or above UB, fathomed
122    4      6          0.1500     2.7000     1700.0000  % 
UB: 2.6999999999999993
branching on CartesianIndex(1, 2) with a.
123    5      7          0.1500     2.7000     1700.0000  % 
UB: 2.6999999999999993
branching on CartesianIndex(1, 3) with a.
124    6      8          0.1500     2.7000     1700.0000  % 
UB: 2.6999999999999993
branching on 1 with b.
125    7      9          0.1500     2.7000     1700.0000  % 
UB: 2.6999999999999993
branching on 2 with b.
126    8      10         0.1500     2.7000     1700.0000  % 
UB: 2.6999999999999993
branching on CartesianIndex(1, 4) with c.
127    9      11         0.1500     2.7000     1700.0000  % 
LB close or above UB, fathomed
128    8      11         0.1500     2.7000     1700.0000  % 
UB: 2.6999999999999993
branching on 3 with b.
129    9      12         0.1500     2.7000     1700.0000  % 
UB: 2.6999999999999993
branching on CartesianIndex(1, 5) with c.
130    10     12         0.1500     2.7000     1700.0000  % 
UB: 2.6999999999999993
branching on CartesianIndex(1, 5) with c.
131    11     13         0.1500     2.7000     1700.0000  % 
UB: 2.6999999999999993
branching on 1 with b.
132    12     14         0.1500     2.7000     1700.0000  % 
LB close or above UB, fathomed
133    11     14         0.1500     2.7000     1700.0000  % 
UB: 2.6999999999999993
branching on 2 with b.
134    12     15         0.1500     2.7000     1700.0000  % 
LB close or above UB, fathomed
135    11     15         0.1500     2.7000     1700.0000  % 
UB: 2.6999999999999993
branching on 3 with b.
136    12     16         0.1500     2.7000     1700.0000  % 
UB: 2.6999999999999993
branching on 1 with b.
137    13     17         0.1500     2.7000     1700.0000  % 
UB: 2.6999999999999993
branching on 2 with b.
138    14     18         0.1500     2.7000     1700.0000  % 
LB close or above UB, fathomed
139    13     18         0.1500     2.7000     1700.0000  % 
UB: 2.6999999999999993
branching on CartesianIndex(2, 5) with c.
140    14     19         0.1500     2.7000     1700.0000  % 
LB close or above UB, fathomed
141    13     19         0.1500     2.7000     1700.0000  % 
UB: 2.6999999999999993
branching on CartesianIndex(1, 6) with c.
142    14     20         0.1500     2.7000     1700.0000  % 
UB: 2.6999999999999993
branching on CartesianIndex(2, 6) with c.
143    15     21         0.1500     2.7000     1700.0000  % 
UB: 2.6999999999999993
branching on 3 with b.
144    15     22         0.1500     2.7000     1700.0000  % 
UB: 2.6999999999999993
branching on CartesianIndex(1, 7) with c.
145    16     23         0.1500     2.7000     1700.0000  % 
UB: 2.6999999999999993
branching on CartesianIndex(2, 7) with c.
146    17     24         0.1500     2.7000     1700.0000  % 
UB: 2.6999999999999993
branching on 1 with b.
147    17     25         0.1500     2.7000     1700.0000  % 
LB close or above UB, fathomed
148    16     24         0.1500     2.7000     1700.0000  % 
LB close or above UB, fathomed
149    15     23         0.1500     2.7000     1700.0000  % 
LB close or above UB, fathomed
150    14     21         0.1500     2.7000     1700.0000  % 
LB close or above UB, fathomed
151    13     20         0.1500     2.7000     1700.0000  % 
LB close or above UB, fathomed
152    12     17         0.1500     2.7000     1700.0000  % 
UB: 2.6999999999999993
branching on 2 with b.
153    13     18         0.1500     2.7000     1700.0000  % 
LB close or above UB, fathomed
154    12     18         0.1500     2.7000     1700.0000  % 
UB: 2.6999999999999993
branching on CartesianIndex(2, 5) with c.
155    13     19         0.1500     2.7000     1700.0000  % 
LB close or above UB, fathomed
156    12     19         0.1500     2.7000     1700.0000  % 
UB: 2.6999999999999993
branching on CartesianIndex(1, 6) with c.
157    13     20         0.1500     2.7000     1700.0000  % 
UB: 2.6999999999999993
branching on CartesianIndex(2, 6) with c.
158    14     21         0.1500     2.7000     1700.0000  % 
UB: 2.6999999999999993
branching on 3 with b.
159    14     22         0.1500     2.7000     1700.0000  % 
UB: 2.6999999999999993
branching on CartesianIndex(1, 7) with c.
160    15     23         0.1500     2.7000     1700.0000  % 
UB: 2.6999999999999993
branching on CartesianIndex(2, 7) with c.
161    16     24         0.1500     2.7000     1700.0000  % 
UB: 2.6999999999999993
branching on 1 with b.
162    16     25         0.1500     2.7000     1700.0000  % 
UB: 2.6999999999999993
branching on 2 with b.
163    16     26         0.1500     2.7000     1700.0000  % 
UB: 2.6999999999999993
branching on 3 with b.
164    17     27         0.1500     2.7000     1700.0000  % 
UB: 2.6999999999999993
branching on 1 with b.
165    17     28         0.1500     2.7000     1700.0000  % 
UB: 2.6999999999999993
branching on 2 with b.
166    17     29         0.1500     2.7000     1700.0000  % 
LB close or above UB, fathomed
167    16     27         0.1500     2.7000     1700.0000  % 
UB: 2.6999999999999993
branching on 1 with b.
168    16     28         0.1500     2.7000     1700.0000  % 
UB: 2.6999999999999993
branching on 2 with b.
169    16     29         0.1500     2.7000     1700.0000  % 
LB close or above UB, fathomed
170    15     24         0.1500     2.7000     1700.0000  % 
LB close or above UB, fathomed
171    14     23         0.1500     2.7000     1700.0000  % 
LB close or above UB, fathomed
172    13     21         0.1500     2.7000     1700.0000  % 
LB close or above UB, fathomed
173    12     20         0.1500     2.7000     1700.0000  % 
LB close or above UB, fathomed
174    11     16         0.1500     2.7000     1700.0000  % 
UB: 2.6999999999999993
branching on CartesianIndex(2, 5) with c.
175    12     17         0.1500     2.7000     1700.0000  % 
LB close or above UB, fathomed
176    11     17         0.1500     2.7000     1700.0000  % 
UB: 2.6999999999999993
branching on CartesianIndex(1, 6) with c.
177    12     18         0.1500     2.7000     1700.0000  % 
UB: 2.6999999999999993
branching on CartesianIndex(2, 6) with c.
178    13     19         0.1500     2.7000     1700.0000  % 
UB: 2.6999999999999993
branching on 1 with b.
179    14     20         0.1500     2.7000     1700.0000  % 
UB: 2.6999999999999993
branching on 2 with b.
180    15     21         0.1500     2.7000     1700.0000  % 
LB close or above UB, fathomed
181    14     21         0.1500     2.7000     1700.0000  % 
UB: 2.6999999999999993
branching on 3 with b.
182    14     22         0.1500     2.7000     1700.0000  % 
UB: 2.6999999999999993
branching on CartesianIndex(1, 7) with c.
183    15     23         0.1500     2.7000     1700.0000  % 
UB: 2.6999999999999993
branching on CartesianIndex(2, 7) with c.
184    16     24         0.1500     2.7000     1700.0000  % 
UB: 2.6999999999999993
branching on 1 with b.
185    16     25         0.1500     2.7000     1700.0000  % 
LB close or above UB, fathomed
186    15     24         0.1500     2.7000     1700.0000  % 
UB: 2.6999999999999993
branching on 1 with b.
187    15     25         0.1500     2.7000     1700.0000  % 
LB close or above UB, fathomed
188    14     23         0.1500     2.7000     1700.0000  % 
UB: 2.6999999999999993
branching on 1 with b.
189    14     24         0.1500     2.7000     1700.0000  % 
LB close or above UB, fathomed
190    13     20         0.1500     2.7000     1700.0000  % 
UB: 2.6999999999999993
branching on CartesianIndex(1, 7) with c.
191    14     21         0.1500     2.7000     1700.0000  % 
UB: 2.6999999999999993
branching on CartesianIndex(2, 7) with c.
192    15     22         0.1500     2.7000     1700.0000  % 
UB: 2.6999999999999993
branching on 2 with b.
193    16     23         0.1500     2.7000     1700.0000  % 
LB close or above UB, fathomed
194    15     23         0.1500     2.7000     1700.0000  % 
UB: 2.6999999999999993
branching on 3 with b.
195    15     24         0.1500     2.7000     1700.0000  % 
UB: 2.6999999999999993
branching on 1 with b.
196    15     25         0.1500     2.7000     1700.0000  % 
UB: 2.6999999999999993
branching on 2 with b.
197    15     26         0.1500     2.7000     1700.0000  % 
UB: 2.6999999999999993
branching on 3 with b.
198    15     27         0.1500     2.7000     1700.0000  % 
UB: 2.6999999999999993
branching on 1 with b.
199    15     28         0.1500     2.7000     1700.0000  % 
UB: 2.6999999999999993
branching on 2 with b.
200    15     29         0.1500     2.7000     1700.0000  % 
LB close or above UB, fathomed
201    14     22         0.1500     2.7000     1700.0000  % 
UB: 2.6999999999999993
branching on 2 with b.
202    15     23         0.1500     2.7000     1700.0000  % 
LB close or above UB, fathomed
203    14     23         0.1500     2.7000     1700.0000  % 
UB: 2.6999999999999993
branching on 3 with b.
204    14     24         0.1500     2.7000     1700.0000  % 
UB: 2.6999999999999993
branching on 1 with b.
205    14     25         0.1500     2.7000     1700.0000  % 
UB: 2.6999999999999993
branching on 2 with b.
206    14     26         0.1500     2.7000     1700.0000  % 
UB: 2.6999999999999993
branching on 3 with b.
207    14     27         0.1500     2.7000     1700.0000  % 
UB: 2.6999999999999993
branching on 1 with b.
208    14     28         0.1500     2.7000     1700.0000  % 
UB: 2.6999999999999993
branching on 2 with b.
209    14     29         0.1500     2.7000     1700.0000  % 
LB close or above UB, fathomed
210    13     21         0.1500     2.7000     1700.0000  % 
UB: 2.6999999999999993
branching on 2 with b.
211    14     22         0.1500     2.7000     1700.0000  % 
LB close or above UB, fathomed
212    13     22         0.1500     2.7000     1700.0000  % 
UB: 2.6999999999999993
branching on 3 with b.
213    13     23         0.1500     2.7000     1700.0000  % 
UB: 2.6999999999999993
branching on 1 with b.
214    13     24         0.1500     2.7000     1700.0000  % 
UB: 2.6999999999999993
branching on 2 with b.
215    13     25         0.1500     2.7000     1700.0000  % 
UB: 2.6999999999999993
branching on 3 with b.
216    13     26         0.1500     2.7000     1700.0000  % 
UB: 2.6999999999999993
branching on 1 with b.
217    13     27         0.1500     2.7000     1700.0000  % 
UB: 2.6999999999999993
branching on 2 with b.
218    13     28         0.1500     2.7000     1700.0000  % 
LB close or above UB, fathomed
219    12     19         0.1500     2.7000     1700.0000  % 
LB close or above UB, fathomed
220    11     18         0.1500     2.7000     1700.0000  % 
LB close or above UB, fathomed
221    10     13         0.1500     2.7000     1700.0000  % 
LB close or above UB, fathomed
222    9      10         0.1500     2.7000     1700.0000  % 
UB: 2.6999999999999993
branching on 3 with b.
223    10     9          0.1500     2.7000     1700.0000  % 
LB close or above UB, fathomed
224    9      8          0.1500     2.7000     1700.0000  % 
UB: 2.6999999999999993
branching on CartesianIndex(1, 4) with c.
225    10     9          0.1500     2.7000     1700.0000  % 
UB: 2.6999999999999993
branching on CartesianIndex(2, 4) with c.
226    11     9          0.1500     2.7000     1700.0000  % 
UB: 2.6999999999999993
branching on CartesianIndex(1, 5) with c.
227    12     7          0.1500     2.7000     1700.0000  % 
UB: 2.6999999999999993
branching on CartesianIndex(1, 3) with a.
228    13     8          0.1500     2.7000     1700.0000  % 
UB: 2.6999999999999993
branching on CartesianIndex(1, 4) with c.
229    14     9          0.1500     2.7000     1700.0000  % 
UB: 2.6999999999999993
branching on CartesianIndex(2, 4) with c.
230    15     9          0.1500     2.7000     1700.0000  % 
UB: 2.6999999999999993
branching on 1 with b.
231    16     10         0.1500     2.7000     1700.0000  % 
UB: 2.6999999999999993
branching on 2 with b.
232    17     11         0.1500     2.7000     1700.0000  % 
UB: 2.6999999999999993
branching on CartesianIndex(1, 5) with c.
233    18     12         0.1500     2.7000     1700.0000  % 
UB: 2.6999999999999993
branching on 3 with b.
234    19     13         0.1500     2.7000     1700.0000  % 
UB: 2.6999999999999993
branching on 1 with b.
235    20     13         0.1500     2.7000     1700.0000  % 
LB close or above UB, fathomed
236    19     12         0.1500     2.7000     1700.0000  % 
LB close or above UB, fathomed
237    18     11         0.1500     2.7000     1700.0000  % 
LB close or above UB, fathomed
238    17     10         0.1500     2.7000     1700.0000  % 
LB close or above UB, fathomed
239    16     8          0.1500     2.7000     1700.0000  % 
UB: 2.6999999999999993
branching on 1 with b.
240    17     9          0.1500     2.7000     1700.0000  % 
UB: 2.6999999999999993
branching on CartesianIndex(1, 4) with c.
241    18     10         0.1500     2.7000     1700.0000  % 
UB: 2.6999999999999993
branching on 2 with b.
242    19     10         0.1500     2.7000     1700.0000  % 
UB: 2.6999999999999993
branching on CartesianIndex(1, 5) with c.
243    20     9          0.1500     2.7000     1700.0000  % 
LB close or above UB, fathomed
244    19     11         0.1500     2.7000     1700.0000  % 
UB: 2.6999999999999993
branching on CartesianIndex(2, 5) with c.
245    20     12         0.1500     2.7000     1700.0000  % 
LB close or above UB, fathomed
246    19     12         0.1500     2.7000     1700.0000  % 
UB: 2.6999999999999993
branching on 2 with b.
247    20     13         0.1500     2.7000     1700.0000  % 
UB: 2.6999999999999993
branching on CartesianIndex(1, 6) with c.
248    21     14         0.1500     2.7000     1700.0000  % 
LB close or above UB, fathomed
249    20     14         0.1500     2.7000     1700.0000  % 
UB: 2.6999999999999993
branching on CartesianIndex(1, 7) with c.
250    21     15         0.1500     2.7000     1700.0000  % 
UB: 2.6999999999999993
branching on 3 with b.
251    22     16         0.1500     2.7000     1700.0000  % 
LB close or above UB, fathomed
252    21     16         0.1500     2.7000     1700.0000  % 
UB: 2.6999999999999993
branching on CartesianIndex(2, 7) with c.
253    22     17         0.1500     2.7000     1700.0000  % 
UB: 2.6999999999999993
branching on 1 with b.
254    23     18         0.1500     2.7000     1700.0000  % 
LB close or above UB, fathomed
255    22     18         0.1500     2.7000     1700.0000  % 
UB: 2.6999999999999993
branching on 2 with b.
256    23     19         0.1500     2.7000     1700.0000  % 
UB: 2.6999999999999993
branching on 3 with b.
257    24     20         0.1500     2.7000     1700.0000  % 
UB: 2.6999999999999993
branching on 1 with b.
258    25     21         0.1500     2.7000     1700.0000  % 
UB: 2.6999999999999993
branching on 2 with b.
259    25     22         0.1500     2.7000     1700.0000  % 
UB: 2.6999999999999993
branching on 3 with b.
260    26     23         0.1500     2.7000     1700.0000  % 
LB close or above UB, fathomed
261    25     23         0.1500     2.7000     1700.0000  % 
UB: 2.6999999999999993
branching on 1 with b.
262    25     24         0.1500     2.7000     1700.0000  % 
LB close or above UB, fathomed
263    24     21         0.1500     2.7000     1700.0000  % 
LB close or above UB, fathomed
264    23     20         0.1500     2.7000     1700.0000  % 
LB close or above UB, fathomed
265    22     19         0.1500     2.7000     1700.0000  % 
UB: 2.6999999999999993
branching on 3 with b.
266    23     20         0.1500     2.7000     1700.0000  % 
UB: 2.6999999999999993
branching on 1 with b.
267    24     21         0.1500     2.7000     1700.0000  % 
UB: 2.6999999999999993
branching on 2 with b.
268    24     22         0.1500     2.7000     1700.0000  % 
UB: 2.6999999999999993
branching on 3 with b.
269    25     23         0.1500     2.7000     1700.0000  % 
LB close or above UB, fathomed
270    24     23         0.1500     2.7000     1700.0000  % 
UB: 2.6999999999999993
branching on 1 with b.
271    24     24         0.1500     2.7000     1700.0000  % 
LB close or above UB, fathomed
272    23     21         0.1500     2.7000     1700.0000  % 
LB close or above UB, fathomed
273    22     20         0.1500     2.7000     1700.0000  % 
LB close or above UB, fathomed
274    21     17         0.1500     2.7000     1700.0000  % 
LB close or above UB, fathomed
275    20     15         0.1500     2.7000     1700.0000  % 
LB close or above UB, fathomed
276    19     13         0.1500     2.7000     1700.0000  % 
LB close or above UB, fathomed
277    18     11         0.1500     2.7000     1700.0000  % 
LB close or above UB, fathomed
278    17     17         0.1500     2.7000     1700.0000  % 
UB: 2.6999999999999993
branching on CartesianIndex(2, 6) with c.
279    18     18         0.1500     2.7000     1700.0000  % 
LB close or above UB, fathomed
280    17     18         0.1500     2.7000     1700.0000  % 
UB: 2.6999999999999993
branching on CartesianIndex(1, 7) with c.
281    18     19         0.1500     2.7000     1700.0000  % 
UB: 2.6999999999999993
branching on CartesianIndex(2, 7) with c.
282    19     20         0.1500     2.7000     1700.0000  % 
UB: 2.6999999999999993
branching on 3 with b.
283    20     21         0.1500     2.7000     1700.0000  % 
UB: 2.6999999999999993
branching on 1 with b.
284    20     22         0.1500     2.7000     1700.0000  % 
UB: 2.6999999999999993
branching on 2 with b.
285    21     23         0.1500     2.7000     1700.0000  % 
LB close or above UB, fathomed
286    20     23         0.1500     2.7000     1700.0000  % 
LB close or above UB, fathomed
287    19     21         0.1500     2.7000     1700.0000  % 
LB close or above UB, fathomed
288    18     20         0.1500     2.7000     1700.0000  % 
LB close or above UB, fathomed
289    17     19         0.1500     2.7000     1700.0000  % 
LB close or above UB, fathomed
290    16     17         0.1500     2.7000     1700.0000  % 
LB close or above UB, fathomed
291    15     9          0.1500     2.7000     1700.0000  % 
LB close or above UB, fathomed
292    14     9          0.1500     2.7000     1700.0000  % 
UB: 2.6999999999999993
branching on CartesianIndex(1, 2) with a.
293    15     10         0.1500     2.7000     1700.0000  % 
UB: 2.6999999999999993
branching on 1 with b.
294    16     10         0.1500     2.7000     1700.0000  % 
UB: 2.6999999999999993
branching on 1 with b.
295    17     11         0.1500     2.7000     1700.0000  % 
LB close or above UB, fathomed
296    16     11         0.1500     2.7000     1700.0000  % 
UB: 2.6999999999999993
branching on CartesianIndex(1, 3) with a.
297    17     12         0.1500     2.7000     1700.0000  % 
UB: 2.6999999999999993
branching on CartesianIndex(1, 4) with c.
298    18     13         0.1500     2.7000     1700.0000  % 
LB close or above UB, fathomed
299    17     13         0.1500     2.7000     1700.0000  % 
UB: 2.6999999999999993
branching on CartesianIndex(1, 5) with c.
300    18     14         0.1500     2.7000     1700.0000  % 
UB: 2.6999999999999993
branching on CartesianIndex(2, 5) with c.
301    19     15         0.1500     2.7000     1700.0000  % 
UB: 2.6999999999999993
branching on CartesianIndex(1, 6) with c.
302    20     16         0.1500     2.7000     1700.0000  % 
UB: 2.6999999999999993
branching on CartesianIndex(2, 6) with c.
303    21     17         0.1500     2.7000     1700.0000  % 
LB close or above UB, fathomed
304    20     17         0.1500     2.7000     1700.0000  % 
UB: 2.6999999999999993
branching on CartesianIndex(1, 7) with c.
305    21     18         0.1500     2.7000     1700.0000  % 
UB: 2.6999999999999993
branching on CartesianIndex(2, 7) with c.
306    22     19         0.1500     2.7000     1700.0000  % 
UB: 2.6999999999999993
branching on 2 with b.
307    23     20         0.1500     2.7000     1700.0000  % 
UB: 2.6999999999999993
branching on 3 with b.
308    24     21         0.1500     2.7000     1700.0000  % 
UB: 2.6999999999999993
branching on 1 with b.
309    24     22         0.1500     2.7000     1700.0000  % 
UB: 2.6999999999999993
branching on 2 with b.
310    25     23         0.1500     2.7000     1700.0000  % 
LB close or above UB, fathomed
311    24     23         0.1500     2.7000     1700.0000  % 
UB: 2.6999999999999993
branching on 3 with b.
312    24     24         0.1500     2.7000     1700.0000  % 
UB: 2.6999999999999993
branching on 1 with b.
313    24     25         0.1500     2.7000     1700.0000  % 
LB close or above UB, fathomed
314    23     21         0.1500     2.7000     1700.0000  % 
LB close or above UB, fathomed
315    22     20         0.1500     2.7000     1700.0000  % 
UB: 2.6999999999999993
branching on 3 with b.
316    23     19         0.1500     2.7000     1700.0000  % 
LB close or above UB, fathomed
317    22     18         0.1500     2.7000     1700.0000  % 
LB close or above UB, fathomed
318    21     16         0.1500     2.7000     1700.0000  % 
LB close or above UB, fathomed
319    20     15         0.1500     2.7000     1700.0000  % 
LB close or above UB, fathomed
320    19     14         0.1500     2.7000     1700.0000  % 
LB close or above UB, fathomed
321    18     12         0.1500     2.7000     1700.0000  % 
UB: 2.6999999999999993
branching on 2 with b.
322    19     13         0.1500     2.7000     1700.0000  % 
UB: 2.6999999999999993
branching on CartesianIndex(1, 4) with c.
323    20     14         0.1500     2.7000     1700.0000  % 
LB close or above UB, fathomed
324    19     14         0.1500     2.7000     1700.0000  % 
UB: 2.6999999999999993
branching on CartesianIndex(1, 5) with c.
325    20     15         0.1500     2.7000     1700.0000  % 
UB: 2.6999999999999993
branching on CartesianIndex(2, 5) with c.
326    21     16         0.1500     2.7000     1700.0000  % 
UB: 2.6999999999999993
branching on CartesianIndex(1, 6) with c.
327    22     17         0.1500     2.7000     1700.0000  % 
UB: 2.6999999999999993
branching on CartesianIndex(2, 6) with c.
328    23     18         0.1500     2.7000     1700.0000  % 
LB close or above UB, fathomed
329    22     18         0.1500     2.7000     1700.0000  % 
UB: 2.6999999999999993
branching on 3 with b.
330    23     19         0.1500     2.7000     1700.0000  % 
UB: 2.6999999999999993
branching on CartesianIndex(1, 7) with c.
331    24     20         0.1500     2.7000     1700.0000  % 
UB: 2.6999999999999993
branching on CartesianIndex(2, 7) with c.
332    25     21         0.1500     2.7000     1700.0000  % 
UB: 2.6999999999999993
branching on 1 with b.
333    25     22         0.1500     2.7000     1700.0000  % 
UB: 2.6999999999999993
branching on 2 with b.
334    26     23         0.1500     2.7000     1700.0000  % 
LB close or above UB, fathomed
335    25     23         0.1500     2.7000     1700.0000  % 
UB: 2.6999999999999993
branching on 3 with b.
336    26     24         0.1500     2.7000     1700.0000  % 
LB close or above UB, fathomed
337    25     24         0.1500     2.7000     1700.0000  % 
UB: 2.6999999999999993
branching on 1 with b.
338    25     25         0.1500     2.7000     1700.0000  % 
LB close or above UB, fathomed
339    24     21         0.1500     2.7000     1700.0000  % 
LB close or above UB, fathomed
340    23     20         0.1500     2.7000     1700.0000  % 
LB close or above UB, fathomed
341    22     19         0.1500     2.7000     1700.0000  % 
LB close or above UB, fathomed
342    21     17         0.1500     2.7000     1700.0000  % 
LB close or above UB, fathomed
343    20     16         0.1500     2.7000     1700.0000  % 
LB close or above UB, fathomed
344    19     15         0.1500     2.7000     1700.0000  % 
LB close or above UB, fathomed
345    18     13         0.1500     2.7000     1700.0000  % 
UB: 2.6999999999999993
branching on CartesianIndex(1, 4) with c.
346    19     11         0.1500     2.7000     1700.0000  % 
LB close or above UB, fathomed
347    18     11         0.1500     2.7000     1700.0000  % 
LB close or above UB, fathomed
348    17     11         0.1500     2.7000     1700.0000  % 
UB: 2.6999999999999993
branching on CartesianIndex(2, 4) with c.
349    18     12         0.1500     2.7000     1700.0000  % 
LB close or above UB, fathomed
350    17     12         0.1500     2.7000     1700.0000  % 
UB: 2.6999999999999993
branching on CartesianIndex(1, 5) with c.
351    18     13         0.1500     2.7000     1700.0000  % 
LB close or above UB, fathomed
352    17     13         0.1500     2.7000     1700.0000  % 
LB close or above UB, fathomed
353    16     11         0.1500     2.7000     1700.0000  % 
LB close or above UB, fathomed
354    15     14         0.1500     2.7000     1700.0000  % 
LB close or above UB, fathomed
355    14     14         0.1500     2.7000     1700.0000  % 
UB: 2.6999999999999993
branching on CartesianIndex(2, 5) with c.
356    15     15         0.1500     2.7000     1700.0000  % 
LB close or above UB, fathomed
357    14     15         0.1500     2.7000     1700.0000  % 
UB: 2.6999999999999993
branching on CartesianIndex(1, 6) with c.
358    15     16         0.1500     2.7000     1700.0000  % 
LB close or above UB, fathomed
359    14     16         0.1500     2.7000     1700.0000  % 
UB: 2.6999999999999993
branching on CartesianIndex(1, 7) with c.
360    15     17         0.1500     2.7000     1700.0000  % 
UB: 2.6999999999999993
branching on CartesianIndex(2, 7) with c.
361    16     18         0.1500     2.7000     1700.0000  % 
UB: 2.6999999999999993
branching on 2 with b.
362    17     19         0.1500     2.7000     1700.0000  % 
UB: 2.6999999999999993
branching on 3 with b.
363    18     20         0.1500     2.7000     1700.0000  % 
UB: 2.6999999999999993
branching on 1 with b.
364    19     21         0.1500     2.7000     1700.0000  % 
UB: 2.6999999999999993
branching on 2 with b.
365    19     22         0.1500     2.7000     1700.0000  % 
UB: 2.6999999999999993
branching on 3 with b.
366    19     23         0.1500     2.7000     1700.0000  % 
UB: 2.6999999999999993
branching on 1 with b.
367    19     24         0.1500     2.7000     1700.0000  % 
LB close or above UB, fathomed
368    18     21         0.1500     2.7000     1700.0000  % 
LB close or above UB, fathomed
369    17     20         0.1500     2.7000     1700.0000  % 
UB: 2.6999999999999993
branching on 1 with b.
370    18     21         0.1500     2.7000     1700.0000  % 
UB: 2.6999999999999993
branching on 2 with b.
371    18     22         0.1500     2.7000     1700.0000  % 
UB: 2.6999999999999993
branching on 3 with b.
372    19     23         0.1500     2.7000     1700.0000  % 
UB: 2.6999999999999993
branching on 1 with b.
373    19     24         0.1500     2.7000     1700.0000  % 
LB close or above UB, fathomed
374    18     23         0.1500     2.7000     1700.0000  % 
LB close or above UB, fathomed
375    17     21         0.1500     2.7000     1700.0000  % 
LB close or above UB, fathomed
376    16     19         0.1500     2.7000     1700.0000  % 
UB: 2.6999999999999993
branching on 3 with b.
377    17     20         0.1500     2.7000     1700.0000  % 
UB: 2.6999999999999993
branching on 1 with b.
378    18     21         0.1500     2.7000     1700.0000  % 
UB: 2.6999999999999993
branching on 2 with b.
379    18     22         0.1500     2.7000     1700.0000  % 
UB: 2.6999999999999993
branching on 3 with b.
380    18     23         0.1500     2.7000     1700.0000  % 
UB: 2.6999999999999993
branching on 1 with b.
381    18     24         0.1500     2.7000     1700.0000  % 
LB close or above UB, fathomed
382    17     21         0.1500     2.7000     1700.0000  % 
LB close or above UB, fathomed
383    16     20         0.1500     2.7000     1700.0000  % 
UB: 2.6999999999999993
branching on 1 with b.
384    17     21         0.1500     2.7000     1700.0000  % 
UB: 2.6999999999999993
branching on 2 with b.
385    17     22         0.1500     2.7000     1700.0000  % 
UB: 2.6999999999999993
branching on 3 with b.
386    18     23         0.1500     2.7000     1700.0000  % 
UB: 2.6999999999999993
branching on 1 with b.
387    18     24         0.1500     2.7000     1700.0000  % 
LB close or above UB, fathomed
388    17     23         0.1500     2.7000     1700.0000  % 
LB close or above UB, fathomed
389    16     21         0.1500     2.7000     1700.0000  % 
LB close or above UB, fathomed
390    15     18         0.1500     2.7000     1700.0000  % 
LB close or above UB, fathomed
391    14     17         0.1500     2.7000     1700.0000  % 
LB close or above UB, fathomed
392    13     10         0.1500     2.7000     1700.0000  % 
LB close or above UB, fathomed
393    12     10         0.1500     2.7000     1700.0000  % 
UB: 2.6999999999999993
branching on CartesianIndex(1, 5) with c.
394    13     11         0.1500     2.7000     1700.0000  % 
LB close or above UB, fathomed
395    12     11         0.1500     2.7000     1700.0000  % 
UB: 2.6999999999999993
branching on 1 with b.
396    13     12         0.1500     2.7000     1700.0000  % 
UB: 2.6999999999999993
branching on CartesianIndex(1, 6) with c.
397    14     13         0.1500     2.7000     1700.0000  % 
UB: 2.6999999999999993
branching on 2 with b.
398    15     14         0.1500     2.7000     1700.0000  % 
LB close or above UB, fathomed
399    14     14         0.1500     2.7000     1700.0000  % 
LB close or above UB, fathomed
400    13     13         0.1500     2.7000     1700.0000  % 
LB close or above UB, fathomed
401    12     12         0.1500     2.7000     1700.0000  % 
LB close or above UB, fathomed
402    11     10         0.1500     2.7000     1700.0000  % 
UB: 2.6999999999999993
branching on 1 with b.
403    12     11         0.1500     2.7000     1700.0000  % 
UB: 2.6999999999999993
branching on 2 with b.
404    13     12         0.1500     2.7000     1700.0000  % 
UB: 2.6999999999999993
branching on 3 with b.
405    14     13         0.1500     2.7000     1700.0000  % 
UB: 2.6999999999999993
branching on CartesianIndex(2, 5) with c.
406    15     13         0.1500     2.7000     1700.0000  % 
UB: 2.6999999999999993
branching on CartesianIndex(2, 5) with c.
407    16     14         0.1500     2.7000     1700.0000  % 
LB close or above UB, fathomed
408    15     14         0.1500     2.7000     1700.0000  % 
UB: 2.6999999999999993
branching on 1 with b.
409    16     15         0.1500     2.7000     1700.0000  % 
LB close or above UB, fathomed
410    15     15         0.1500     2.7000     1700.0000  % 
UB: 2.6999999999999993
branching on CartesianIndex(1, 6) with c.
411    16     16         0.1500     2.7000     1700.0000  % 
UB: 2.6999999999999993
branching on CartesianIndex(2, 6) with c.
412    17     17         0.1500     2.7000     1700.0000  % 
UB: 2.6999999999999993
branching on CartesianIndex(1, 7) with c.
413    18     18         0.1500     2.7000     1700.0000  % 
UB: 2.6999999999999993
branching on CartesianIndex(2, 7) with c.
414    19     19         0.1500     2.7000     1700.0000  % 
UB: 2.6999999999999993
branching on 2 with b.
415    20     20         0.1500     2.7000     1700.0000  % 
LB close or above UB, fathomed
416    19     20         0.1500     2.7000     1700.0000  % 
UB: 2.6999999999999993
branching on 3 with b.
417    20     21         0.1500     2.7000     1700.0000  % 
UB: 2.6999999999999993
branching on 1 with b.
418    21     22         0.1500     2.7000     1700.0000  % 
UB: 2.6999999999999993
branching on 2 with b.
419    22     23         0.1500     2.7000     1700.0000  % 
LB close or above UB, fathomed
420    21     23         0.1500     2.7000     1700.0000  % 
UB: 2.6999999999999993
branching on 3 with b.
421    22     24         0.1500     2.7000     1700.0000  % 
UB: 2.6999999999999993
branching on 1 with b.
422    22     25         0.1500     2.7000     1700.0000  % 
LB close or above UB, fathomed
423    21     24         0.1500     2.7000     1700.0000  % 
UB: 2.6999999999999993
branching on 1 with b.
424    21     25         0.1500     2.7000     1700.0000  % 
LB close or above UB, fathomed
425    20     22         0.1500     2.7000     1700.0000  % 
UB: 2.6999999999999993
branching on 2 with b.
426    21     23         0.1500     2.7000     1700.0000  % 
LB close or above UB, fathomed
427    20     23         0.1500     2.7000     1700.0000  % 
UB: 2.6999999999999993
branching on 3 with b.
428    21     24         0.1500     2.7000     1700.0000  % 
UB: 2.6999999999999993
branching on 1 with b.
429    21     25         0.1500     2.7000     1700.0000  % 
UB: 2.6999999999999993
branching on 2 with b.
430    21     26         0.1500     2.7000     1700.0000  % 
UB: 2.6999999999999993
branching on 3 with b.
431    21     27         0.1500     2.7000     1700.0000  % 
UB: 2.6999999999999993
branching on 1 with b.
432    21     28         0.1500     2.7000     1700.0000  % 
UB: 2.6999999999999993
branching on 2 with b.
433    21     29         0.1500     2.7000     1700.0000  % 
LB close or above UB, fathomed
434    20     24         0.1500     2.7000     1700.0000  % 
UB: 2.6999999999999993
branching on 1 with b.
435    20     25         0.1500     2.7000     1700.0000  % 
UB: 2.6999999999999993
branching on 2 with b.
436    20     26         0.1500     2.7000     1700.0000  % 
UB: 2.6999999999999993
branching on 3 with b.
437    21     27         0.1500     2.7000     1700.0000  % 
UB: 2.6999999999999993
branching on 1 with b.
438    21     28         0.1500     2.7000     1700.0000  % 
UB: 2.6999999999999993
branching on 2 with b.
439    21     29         0.1500     2.7000     1700.0000  % 
LB close or above UB, fathomed
440    20     27         0.1500     2.7000     1700.0000  % 
UB: 2.6999999999999993
branching on 1 with b.
441    20     28         0.1500     2.7000     1700.0000  % 
UB: 2.6999999999999993
branching on 2 with b.
442    20     29         0.1500     2.7000     1700.0000  % 
LB close or above UB, fathomed
443    19     21         0.1500     2.7000     1700.0000  % 
UB: 2.6999999999999993
branching on 1 with b.
444    20     22         0.1500     2.7000     1700.0000  % 
UB: 2.6999999999999993
branching on 2 with b.
445    21     23         0.1500     2.7000     1700.0000  % 
LB close or above UB, fathomed
446    20     23         0.1500     2.7000     1700.0000  % 
UB: 2.6999999999999993
branching on 3 with b.
447    21     24         0.1500     2.7000     1700.0000  % 
UB: 2.6999999999999993
branching on 1 with b.
448    21     25         0.1500     2.7000     1700.0000  % 
LB close or above UB, fathomed
449    20     24         0.1500     2.7000     1700.0000  % 
UB: 2.6999999999999993
branching on 1 with b.
450    20     25         0.1500     2.7000     1700.0000  % 
LB close or above UB, fathomed
451    19     22         0.1500     2.7000     1700.0000  % 
UB: 2.6999999999999993
branching on 2 with b.
452    20     23         0.1500     2.7000     1700.0000  % 
LB close or above UB, fathomed
453    19     23         0.1500     2.7000     1700.0000  % 
UB: 2.6999999999999993
branching on 3 with b.
454    20     24         0.1500     2.7000     1700.0000  % 
UB: 2.6999999999999993
branching on 1 with b.
455    20     25         0.1500     2.7000     1700.0000  % 
UB: 2.6999999999999993
branching on 2 with b.
456    20     26         0.1500     2.7000     1700.0000  % 
UB: 2.6999999999999993
branching on 3 with b.
457    20     27         0.1500     2.7000     1700.0000  % 
UB: 2.6999999999999993
branching on 1 with b.
458    20     28         0.1500     2.7000     1700.0000  % 
UB: 2.6999999999999993
branching on 2 with b.
459    20     29         0.1500     2.7000     1700.0000  % 
LB close or above UB, fathomed
460    19     24         0.1500     2.7000     1700.0000  % 
UB: 2.6999999999999993
branching on 1 with b.
461    19     25         0.1500     2.7000     1700.0000  % 
UB: 2.6999999999999993
branching on 2 with b.
462    19     26         0.1500     2.7000     1700.0000  % 
UB: 2.6999999999999993
branching on 3 with b.
463    19     27         0.1500     2.7000     1700.0000  % 
UB: 2.6999999999999993
branching on 1 with b.
464    19     28         0.1500     2.7000     1700.0000  % 
UB: 2.6999999999999993
branching on 2 with b.
465    19     29         0.1500     2.7000     1700.0000  % 
LB close or above UB, fathomed
466    18     19         0.1500     2.7000     1700.0000  % 
LB close or above UB, fathomed
467    17     18         0.1500     2.7000     1700.0000  % 
LB close or above UB, fathomed
468    16     17         0.1500     2.7000     1700.0000  % 
UB: 2.6999999999999993
branching on 2 with b.
469    17     16         0.1500     2.7000     1700.0000  % 
UB: 2.6999999999999993
branching on CartesianIndex(1, 7) with c.
470    18     12         0.1500     2.7000     1700.0000  % 
LB close or above UB, fathomed
471    17     11         0.1500     2.7000     1700.0000  % 
LB close or above UB, fathomed
472    16     10         0.1500     2.7000     1700.0000  % 
LB close or above UB, fathomed
473    15     10         0.1500     2.7000     1700.0000  % 
LB close or above UB, fathomed
474    14     10         0.1500     2.7000     1700.0000  % 
UB: 2.6999999999999993
branching on CartesianIndex(1, 5) with c.
475    15     11         0.1500     2.7000     1700.0000  % 
LB close or above UB, fathomed
476    14     11         0.1500     2.7000     1700.0000  % 
UB: 2.6999999999999993
branching on 1 with b.
477    15     12         0.1500     2.7000     1700.0000  % 
UB: 2.6999999999999993
branching on CartesianIndex(1, 6) with c.
478    16     13         0.1500     2.7000     1700.0000  % 
LB close or above UB, fathomed
479    15     13         0.1500     2.7000     1700.0000  % 
LB close or above UB, fathomed
480    14     12         0.1500     2.7000     1700.0000  % 
LB close or above UB, fathomed
481    13     11         0.1500     2.7000     1700.0000  % 
UB: 2.6999999999999993
branching on CartesianIndex(1, 4) with c.
482    14     12         0.1500     2.7000     1700.0000  % 
LB close or above UB, fathomed
483    13     12         0.1500     2.7000     1700.0000  % 
LB close or above UB, fathomed
484    12     11         0.1500     2.7000     1700.0000  % 
LB close or above UB, fathomed
485    11     17         0.1500     2.7000     1700.0000  % 
UB: 2.6999999999999993
branching on CartesianIndex(2, 7) with c.
486    12     18         0.1500     2.7000     1700.0000  % 
UB: 2.6999999999999993
branching on 2 with b.
487    13     19         0.1500     2.7000     1700.0000  % 
LB close or above UB, fathomed
488    12     19         0.1500     2.7000     1700.0000  % 
UB: 2.6999999999999993
branching on 3 with b.
489    13     20         0.1500     2.7000     1700.0000  % 
UB: 2.6999999999999993
branching on 1 with b.
490    14     21         0.1500     2.7000     1700.0000  % 
UB: 2.6999999999999993
branching on 2 with b.
491    15     22         0.1500     2.7000     1700.0000  % 
LB close or above UB, fathomed
492    14     22         0.1500     2.7000     1700.0000  % 
UB: 2.6999999999999993
branching on 3 with b.
493    15     23         0.1500     2.7000     1700.0000  % 
UB: 2.6999999999999993
branching on 1 with b.
494    15     24         0.1500     2.7000     1700.0000  % 
LB close or above UB, fathomed
495    14     23         0.1500     2.7000     1700.0000  % 
UB: 2.6999999999999993
branching on 1 with b.
496    14     24         0.1500     2.7000     1700.0000  % 
LB close or above UB, fathomed
497    13     21         0.1500     2.7000     1700.0000  % 
UB: 2.6999999999999993
branching on 2 with b.
498    14     22         0.1500     2.7000     1700.0000  % 
LB close or above UB, fathomed
499    13     22         0.1500     2.7000     1700.0000  % 
UB: 2.6999999999999993
branching on 3 with b.
500    14     23         0.1500     2.7000     1700.0000  % 
UB: 2.6999999999999993
branching on 1 with b.
501    14     24         0.1500     2.7000     1700.0000  % 
UB: 2.6999999999999993
branching on 2 with b.
502    14     25         0.1500     2.7000     1700.0000  % 
UB: 2.6999999999999993
branching on 3 with b.
503    14     26         0.1500     2.7000     1700.0000  % 
UB: 2.6999999999999993
branching on 1 with b.
504    14     27         0.1500     2.7000     1700.0000  % 
UB: 2.6999999999999993
branching on 2 with b.
505    14     28         0.1500     2.7000     1700.0000  % 
LB close or above UB, fathomed
506    13     23         0.1500     2.7000     1700.0000  % 
UB: 2.6999999999999993
branching on 1 with b.
507    13     24         0.1500     2.7000     1700.0000  % 
UB: 2.6999999999999993
branching on 2 with b.
508    13     25         0.1500     2.7000     1700.0000  % 
UB: 2.6999999999999993
branching on 3 with b.
509    14     26         0.1500     2.7000     1700.0000  % 
UB: 2.6999999999999993
branching on 1 with b.
510    14     27         0.1500     2.7000     1700.0000  % 
UB: 2.6999999999999993
branching on 2 with b.
511    14     28         0.1500     2.7000     1700.0000  % 
LB close or above UB, fathomed
512    13     26         0.1500     2.7000     1700.0000  % 
UB: 2.6999999999999993
branching on 1 with b.
513    13     27         0.1500     2.7000     1700.0000  % 
UB: 2.6999999999999993
branching on 2 with b.
514    13     28         0.1500     2.7000     1700.0000  % 
LB close or above UB, fathomed
515    12     20         0.1500     2.7000     1700.0000  % 
LB close or above UB, fathomed
516    11     18         0.1500     2.7000     1700.0000  % 
LB close or above UB, fathomed
517    10     17         0.1500     2.7000     1700.0000  % 
LB close or above UB, fathomed
518    9      18         0.1500     2.7000     1700.0000  % 
LB close or above UB, fathomed
519    8      18         0.1500     2.7000     1700.0000  % 
UB: 2.6999999999999993
branching on CartesianIndex(1, 7) with c.
520    9      19         0.1500     2.7000     1700.0000  % 
UB: 2.6999999999999993
branching on 3 with b.
521    10     20         0.1500     2.7000     1700.0000  % 
UB: 2.6999999999999993
branching on CartesianIndex(2, 7) with c.
522    11     21         0.1500     2.7000     1700.0000  % 
UB: 2.6999999999999993
branching on 1 with b.
523    12     22         0.1500     2.7000     1700.0000  % 
UB: 2.6999999999999993
branching on 2 with b.
524    13     23         0.1500     2.7000     1700.0000  % 
LB close or above UB, fathomed
525    12     23         0.1500     2.7000     1700.0000  % 
UB: 2.6999999999999993
branching on 3 with b.
526    13     24         0.1500     2.7000     1700.0000  % 
UB: 2.6999999999999993
branching on 1 with b.
527    13     25         0.1500     2.7000     1700.0000  % 
LB close or above UB, fathomed
528    12     24         0.1500     2.7000     1700.0000  % 
UB: 2.6999999999999993
branching on 1 with b.
529    12     25         0.1500     2.7000     1700.0000  % 
UB: 2.6999999999999993
branching on 2 with b.
530    12     26         0.1500     2.7000     1700.0000  % 
UB: 2.6999999999999993
branching on 3 with b.
531    13     27         0.1500     2.7000     1700.0000  % 
UB: 2.6999999999999993
branching on 1 with b.
532    14     28         0.1500     2.7000     1700.0000  % 
LB close or above UB, fathomed
533    13     28         0.1500     2.7000     1700.0000  % 
UB: 2.6999999999999993
branching on 2 with b.
534    13     29         0.1500     2.7000     1700.0000  % 
LB close or above UB, fathomed
535    12     27         0.1500     2.7000     1700.0000  % 
UB: 2.6999999999999993
branching on 1 with b.
536    13     28         0.1500     2.7000     1700.0000  % 
LB close or above UB, fathomed
537    12     28         0.1500     2.7000     1700.0000  % 
UB: 2.6999999999999993
branching on 2 with b.
538    12     29         0.1500     2.7000     1700.0000  % 
LB close or above UB, fathomed
539    11     22         0.1500     2.7000     1700.0000  % 
UB: 2.6999999999999993
branching on 2 with b.
540    12     23         0.1500     2.7000     1700.0000  % 
LB close or above UB, fathomed
541    11     23         0.1500     2.7000     1700.0000  % 
UB: 2.6999999999999993
branching on 3 with b.
542    12     24         0.1500     2.7000     1700.0000  % 
UB: 2.6999999999999993
branching on 1 with b.
543    12     25         0.1500     2.7000     1700.0000  % 
UB: 2.6999999999999993
branching on 2 with b.
544    12     26         0.1500     2.7000     1700.0000  % 
UB: 2.6999999999999993
branching on 3 with b.
545    12     27         0.1500     2.7000     1700.0000  % 
UB: 2.6999999999999993
branching on 1 with b.
546    12     28         0.1500     2.7000     1700.0000  % 
UB: 2.6999999999999993
branching on 2 with b.
547    12     29         0.1500     2.7000     1700.0000  % 
LB close or above UB, fathomed
548    11     24         0.1500     2.7000     1700.0000  % 
UB: 2.6999999999999993
branching on 1 with b.
549    11     25         0.1500     2.7000     1700.0000  % 
UB: 2.6999999999999993
branching on 2 with b.
550    11     26         0.1500     2.7000     1700.0000  % 
UB: 2.6999999999999993
branching on 3 with b.
551    12     27         0.1500     2.7000     1700.0000  % 
UB: 2.6999999999999993
branching on 1 with b.
552    12     28         0.1500     2.7000     1700.0000  % 
UB: 2.6999999999999993
branching on 2 with b.
553    12     29         0.1500     2.7000     1700.0000  % 
LB close or above UB, fathomed
554    11     27         0.1500     2.7000     1700.0000  % 
UB: 2.6999999999999993
branching on 1 with b.
555    11     28         0.1500     2.7000     1700.0000  % 
UB: 2.6999999999999993
branching on 2 with b.
556    11     29         0.1500     2.7000     1700.0000  % 
LB close or above UB, fathomed
557    10     21         0.1500     2.7000     1700.0000  % 
LB close or above UB, fathomed
558    9      20         0.1500     2.7000     1700.0000  % 
LB close or above UB, fathomed
559    8      19         0.1500     2.7000     1700.0000  % 
LB close or above UB, fathomed
560    7      14         0.1500     2.7000     1700.0000  % 
LB close or above UB, fathomed
561    6      14         0.1500     2.7000     1700.0000  % 
UB: 2.6999999999999993
branching on 1 with b.
562    7      15         0.1500     2.7000     1700.0000  % 
LB close or above UB, fathomed
563    6      15         0.1500     2.7000     1700.0000  % 
UB: 2.6999999999999993
branching on CartesianIndex(1, 6) with c.
564    7      16         0.1500     2.7000     1700.0000  % 
UB: 2.6999999999999993
branching on CartesianIndex(2, 6) with c.
565    8      17         0.1500     2.7000     1700.0000  % 
UB: 2.6999999999999993
branching on 2 with b.
566    9      18         0.1500     2.7000     1700.0000  % 
LB close or above UB, fathomed
567    8      18         0.1500     2.7000     1700.0000  % 
UB: 2.6999999999999993
branching on CartesianIndex(1, 7) with c.
568    9      19         0.1500     2.7000     1700.0000  % 
UB: 2.6999999999999993
branching on 3 with b.
569    10     20         0.1500     2.7000     1700.0000  % 
UB: 2.6999999999999993
branching on CartesianIndex(2, 7) with c.
570    11     21         0.1500     2.7000     1700.0000  % 
UB: 2.6999999999999993
branching on 1 with b.
571    12     22         0.1500     2.7000     1700.0000  % 
UB: 2.6999999999999993
branching on 2 with b.
572    13     23         0.1500     2.7000     1700.0000  % 
LB close or above UB, fathomed
573    12     23         0.1500     2.7000     1700.0000  % 
UB: 2.6999999999999993
branching on 3 with b.
574    12     24         0.1500     2.7000     1700.0000  % 
UB: 2.6999999999999993
branching on 1 with b.
575    12     25         0.1500     2.7000     1700.0000  % 
LB close or above UB, fathomed
576    11     22         0.1500     2.7000     1700.0000  % 
UB: 2.6999999999999993
branching on 2 with b.
577    12     23         0.1500     2.7000     1700.0000  % 
LB close or above UB, fathomed
578    11     23         0.1500     2.7000     1700.0000  % 
UB: 2.6999999999999993
branching on 3 with b.
579    11     24         0.1500     2.7000     1700.0000  % 
UB: 2.6999999999999993
branching on 1 with b.
580    11     25         0.1500     2.7000     1700.0000  % 
UB: 2.6999999999999993
branching on 2 with b.
581    11     26         0.1500     2.7000     1700.0000  % 
UB: 2.6999999999999993
branching on 3 with b.
582    11     27         0.1500     2.7000     1700.0000  % 
UB: 2.6999999999999993
branching on 1 with b.
583    11     28         0.1500     2.7000     1700.0000  % 
UB: 2.6999999999999993
branching on 2 with b.
584    11     29         0.1500     2.7000     1700.0000  % 
LB close or above UB, fathomed
585    10     21         0.1500     2.7000     1700.0000  % 
LB close or above UB, fathomed
586    9      20         0.1500     2.7000     1700.0000  % 
UB: 2.6999999999999993
branching on CartesianIndex(2, 7) with c.
587    10     21         0.1500     2.7000     1700.0000  % 
UB: 2.6999999999999993
branching on 1 with b.
588    11     22         0.1500     2.7000     1700.0000  % 
UB: 2.6999999999999993
branching on 2 with b.
589    12     23         0.1500     2.7000     1700.0000  % 
LB close or above UB, fathomed
590    11     23         0.1500     2.7000     1700.0000  % 
UB: 2.6999999999999993
branching on 3 with b.
591    11     24         0.1500     2.7000     1700.0000  % 
UB: 2.6999999999999993
branching on 1 with b.
592    11     25         0.1500     2.7000     1700.0000  % 
LB close or above UB, fathomed
593    10     22         0.1500     2.7000     1700.0000  % 
UB: 2.6999999999999993
branching on 2 with b.
594    11     23         0.1500     2.7000     1700.0000  % 
LB close or above UB, fathomed
595    10     23         0.1500     2.7000     1700.0000  % 
UB: 2.6999999999999993
branching on 3 with b.
596    10     24         0.1500     2.7000     1700.0000  % 
UB: 2.6999999999999993
branching on 1 with b.
597    10     25         0.1500     2.7000     1700.0000  % 
UB: 2.6999999999999993
branching on 2 with b.
598    10     26         0.1500     2.7000     1700.0000  % 
UB: 2.6999999999999993
branching on 3 with b.
599    10     27         0.1500     2.7000     1700.0000  % 
UB: 2.6999999999999993
branching on 1 with b.
600    10     28         0.1500     2.7000     1700.0000  % 
UB: 2.6999999999999993
branching on 2 with b.
601    10     29         0.1500     2.7000     1700.0000  % 
LB close or above UB, fathomed
602    9      21         0.1500     2.7000     1700.0000  % 
LB close or above UB, fathomed
603    8      19         0.1500     2.7000     1700.0000  % 
LB close or above UB, fathomed
604    7      17         0.1500     2.7000     1700.0000  % 
UB: 2.6999999999999993
branching on 2 with b.
605    8      18         0.1500     2.7000     1700.0000  % 
LB close or above UB, fathomed
606    7      18         0.1500     2.7000     1700.0000  % 
UB: 2.6999999999999993
branching on CartesianIndex(1, 7) with c.
607    8      19         0.1500     2.7000     1700.0000  % 
UB: 2.6999999999999993
branching on CartesianIndex(2, 7) with c.
608    9      20         0.1500     2.7000     1700.0000  % 
UB: 2.6999999999999993
branching on 3 with b.
609    10     21         0.1500     2.7000     1700.0000  % 
UB: 2.6999999999999993
branching on 1 with b.
610    11     22         0.1500     2.7000     1700.0000  % 
UB: 2.6999999999999993
branching on 2 with b.
611    12     23         0.1500     2.7000     1700.0000  % 
LB close or above UB, fathomed
612    11     23         0.1500     2.7000     1700.0000  % 
UB: 2.6999999999999993
branching on 3 with b.
613    11     24         0.1500     2.7000     1700.0000  % 
UB: 2.6999999999999993
branching on 1 with b.
614    11     25         0.1500     2.7000     1700.0000  % 
LB close or above UB, fathomed
615    10     22         0.1500     2.7000     1700.0000  % 
UB: 2.6999999999999993
branching on 2 with b.
616    11     23         0.1500     2.7000     1700.0000  % 
LB close or above UB, fathomed
617    10     23         0.1500     2.7000     1700.0000  % 
UB: 2.6999999999999993
branching on 3 with b.
618    10     24         0.1500     2.7000     1700.0000  % 
UB: 2.6999999999999993
branching on 1 with b.
619    10     25         0.1500     2.7000     1700.0000  % 
UB: 2.6999999999999993
branching on 2 with b.
620    10     26         0.1500     2.7000     1700.0000  % 
UB: 2.6999999999999993
branching on 3 with b.
621    10     27         0.1500     2.7000     1700.0000  % 
UB: 2.6999999999999993
branching on 1 with b.
622    10     28         0.1500     2.7000     1700.0000  % 
UB: 2.6999999999999993
branching on 2 with b.
623    10     29         0.1500     2.7000     1700.0000  % 
LB close or above UB, fathomed
624    9      21         0.1500     2.7000     1700.0000  % 
UB: 2.6999999999999993
branching on 1 with b.
625    10     22         0.1500     2.7000     1700.0000  % 
UB: 2.6999999999999993
branching on 2 with b.
626    11     23         0.1500     2.7000     1700.0000  % 
LB close or above UB, fathomed
627    10     23         0.1500     2.7000     1700.0000  % 
UB: 2.6999999999999993
branching on 3 with b.
628    10     24         0.1500     2.7000     1700.0000  % 
UB: 2.6999999999999993
branching on 1 with b.
629    10     25         0.1500     2.7000     1700.0000  % 
LB close or above UB, fathomed
630    9      22         0.1500     2.7000     1700.0000  % 
UB: 2.6999999999999993
branching on 2 with b.
631    10     23         0.1500     2.7000     1700.0000  % 
LB close or above UB, fathomed
632    9      23         0.1500     2.7000     1700.0000  % 
UB: 2.6999999999999993
branching on 3 with b.
633    9      24         0.1500     2.7000     1700.0000  % 
UB: 2.6999999999999993
branching on 1 with b.
634    9      25         0.1500     2.7000     1700.0000  % 
UB: 2.6999999999999993
branching on 2 with b.
635    9      26         0.1500     2.7000     1700.0000  % 
UB: 2.6999999999999993
branching on 3 with b.
636    9      27         0.1500     2.7000     1700.0000  % 
UB: 2.6999999999999993
branching on 1 with b.
637    9      28         0.1500     2.7000     1700.0000  % 
UB: 2.6999999999999993
branching on 2 with b.
638    9      29         0.1500     2.7000     1700.0000  % 
LB close or above UB, fathomed
639    8      20         0.1500     2.7000     1700.0000  % 
LB close or above UB, fathomed
640    7      19         0.1500     2.7000     1700.0000  % 
LB close or above UB, fathomed
641    6      16         0.1500     2.7000     1700.0000  % 
UB: 2.6999999999999993
branching on CartesianIndex(1, 7) with c.
642    7      17         0.1500     2.7000     1700.0000  % 
UB: 2.6999999999999993
branching on CartesianIndex(2, 7) with c.
643    8      18         0.1500     2.7000     1700.0000  % 
UB: 2.6999999999999993
branching on 2 with b.
644    9      19         0.1500     2.7000     1700.0000  % 
LB close or above UB, fathomed
645    8      19         0.1500     2.7000     1700.0000  % 
UB: 2.6999999999999993
branching on 3 with b.
646    9      20         0.1500     2.7000     1700.0000  % 
UB: 2.6999999999999993
branching on 1 with b.
647    10     21         0.1500     2.7000     1700.0000  % 
UB: 2.6999999999999993
branching on 2 with b.
648    11     22         0.1500     2.7000     1700.0000  % 
LB close or above UB, fathomed
649    10     22         0.1500     2.7000     1700.0000  % 
UB: 2.6999999999999993
branching on 3 with b.
650    10     23         0.1500     2.7000     1700.0000  % 
UB: 2.6999999999999993
branching on 1 with b.
651    10     24         0.1500     2.7000     1700.0000  % 
LB close or above UB, fathomed
652    9      21         0.1500     2.7000     1700.0000  % 
UB: 2.6999999999999993
branching on 2 with b.
653    10     22         0.1500     2.7000     1700.0000  % 
LB close or above UB, fathomed
654    9      22         0.1500     2.7000     1700.0000  % 
UB: 2.6999999999999993
branching on 3 with b.
655    9      23         0.1500     2.7000     1700.0000  % 
UB: 2.6999999999999993
branching on 1 with b.
656    9      24         0.1500     2.7000     1700.0000  % 
UB: 2.6999999999999993
branching on 2 with b.
657    9      25         0.1500     2.7000     1700.0000  % 
UB: 2.6999999999999993
branching on 3 with b.
658    9      26         0.1500     2.7000     1700.0000  % 
UB: 2.6999999999999993
branching on 1 with b.
659    9      27         0.1500     2.7000     1700.0000  % 
UB: 2.6999999999999993
branching on 2 with b.
660    9      28         0.1500     2.7000     1700.0000  % 
LB close or above UB, fathomed
661    8      20         0.1500     2.7000     1700.0000  % 
UB: 2.6999999999999993
branching on 1 with b.
662    9      21         0.1500     2.7000     1700.0000  % 
UB: 2.6999999999999993
branching on 2 with b.
663    10     22         0.1500     2.7000     1700.0000  % 
LB close or above UB, fathomed
664    9      22         0.1500     2.7000     1700.0000  % 
UB: 2.6999999999999993
branching on 3 with b.
665    9      23         0.1500     2.7000     1700.0000  % 
UB: 2.6999999999999993
branching on 1 with b.
666    9      24         0.1500     2.7000     1700.0000  % 
LB close or above UB, fathomed
667    8      21         0.1500     2.7000     1700.0000  % 
UB: 2.6999999999999993
branching on 2 with b.
668    9      22         0.1500     2.7000     1700.0000  % 
LB close or above UB, fathomed
669    8      22         0.1500     2.7000     1700.0000  % 
UB: 2.6999999999999993
branching on 3 with b.
670    8      23         0.1500     2.7000     1700.0000  % 
UB: 2.6999999999999993
branching on 1 with b.
671    8      24         0.1500     2.7000     1700.0000  % 
UB: 2.6999999999999993
branching on 2 with b.
672    8      25         0.1500     2.7000     1700.0000  % 
UB: 2.6999999999999993
branching on 3 with b.
673    8      26         0.1500     2.7000     1700.0000  % 
UB: 2.6999999999999993
branching on 1 with b.
674    8      27         0.1500     2.7000     1700.0000  % 
UB: 2.6999999999999993
branching on 2 with b.
675    8      28         0.1500     2.7000     1700.0000  % 
LB close or above UB, fathomed
676    7      18         0.1500     2.7000     1700.0000  % 
LB close or above UB, fathomed
677    6      17         0.1500     2.7000     1700.0000  % 
LB close or above UB, fathomed
678    5      13         0.1500     2.7000     1700.0000  % 
UB: 2.6999999999999993
branching on 1 with b.
679    6      14         0.1500     2.7000     1700.0000  % 
LB close or above UB, fathomed
680    5      14         0.1500     2.7000     1700.0000  % 
UB: 2.6999999999999993
branching on CartesianIndex(2, 5) with c.
681    6      15         0.1500     2.7000     1700.0000  % 
LB close or above UB, fathomed
682    5      15         0.1500     2.7000     1700.0000  % 
UB: 2.6999999999999993
branching on CartesianIndex(1, 6) with c.
683    6      16         0.1500     2.7000     1700.0000  % 
UB: 2.6999999999999993
branching on CartesianIndex(2, 6) with c.
684    7      17         0.1500     2.7000     1700.0000  % 
UB: 2.6999999999999993
branching on CartesianIndex(1, 7) with c.
685    8      18         0.1500     2.7000     1700.0000  % 
UB: 2.6999999999999993
branching on CartesianIndex(2, 7) with c.
686    9      19         0.1500     2.7000     1700.0000  % 
UB: 2.6999999999999993
branching on 2 with b.
687    10     20         0.1500     2.7000     1700.0000  % 
LB close or above UB, fathomed
688    9      20         0.1500     2.7000     1700.0000  % 
UB: 2.6999999999999993
branching on 3 with b.
689    10     21         0.1500     2.7000     1700.0000  % 
UB: 2.6999999999999993
branching on 1 with b.
690    11     22         0.1500     2.7000     1700.0000  % 
UB: 2.6999999999999993
branching on 2 with b.
691    12     23         0.1500     2.7000     1700.0000  % 
LB close or above UB, fathomed
692    11     23         0.1500     2.7000     1700.0000  % 
UB: 2.6999999999999993
branching on 3 with b.
693    11     24         0.1500     2.7000     1700.0000  % 
UB: 2.6999999999999993
branching on 1 with b.
694    11     25         0.1500     2.7000     1700.0000  % 
LB close or above UB, fathomed
695    10     22         0.1500     2.7000     1700.0000  % 
UB: 2.6999999999999993
branching on 2 with b.
696    11     23         0.1500     2.7000     1700.0000  % 
LB close or above UB, fathomed
697    10     23         0.1500     2.7000     1700.0000  % 
UB: 2.6999999999999993
branching on 3 with b.
698    10     24         0.1500     2.7000     1700.0000  % 
UB: 2.6999999999999993
branching on 1 with b.
699    10     25         0.1500     2.7000     1700.0000  % 
UB: 2.6999999999999993
branching on 2 with b.
700    10     26         0.1500     2.7000     1700.0000  % 
UB: 2.6999999999999993
branching on 3 with b.
701    11     27         0.1500     2.7000     1700.0000  % 
UB: 2.6999999999999993
branching on 1 with b.
702    11     28         0.1500     2.7000     1700.0000  % 
UB: 2.6999999999999993
branching on 2 with b.
703    11     29         0.1500     2.7000     1700.0000  % 
LB close or above UB, fathomed
704    10     27         0.1500     2.7000     1700.0000  % 
UB: 2.6999999999999993
branching on 1 with b.
705    10     28         0.1500     2.7000     1700.0000  % 
UB: 2.6999999999999993
branching on 2 with b.
706    10     29         0.1500     2.7000     1700.0000  % 
LB close or above UB, fathomed
707    9      21         0.1500     2.7000     1700.0000  % 
UB: 2.6999999999999993
branching on 1 with b.
708    10     22         0.1500     2.7000     1700.0000  % 
UB: 2.6999999999999993
branching on 2 with b.
709    11     23         0.1500     2.7000     1700.0000  % 
LB close or above UB, fathomed
710    10     23         0.1500     2.7000     1700.0000  % 
UB: 2.6999999999999993
branching on 3 with b.
711    11     24         0.1500     2.7000     1700.0000  % 
UB: 2.6999999999999993
branching on 1 with b.
712    11     25         0.1500     2.7000     1700.0000  % 
LB close or above UB, fathomed
713    10     24         0.1500     2.7000     1700.0000  % 
UB: 2.6999999999999993
branching on 1 with b.
714    10     25         0.1500     2.7000     1700.0000  % 
LB close or above UB, fathomed
715    9      22         0.1500     2.7000     1700.0000  % 
UB: 2.6999999999999993
branching on 2 with b.
716    10     23         0.1500     2.7000     1700.0000  % 
LB close or above UB, fathomed
717    9      23         0.1500     2.7000     1700.0000  % 
UB: 2.6999999999999993
branching on 3 with b.
718    10     24         0.1500     2.7000     1700.0000  % 
UB: 2.6999999999999993
branching on 1 with b.
719    10     25         0.1500     2.7000     1700.0000  % 
UB: 2.6999999999999993
branching on 2 with b.
720    10     26         0.1500     2.7000     1700.0000  % 
UB: 2.6999999999999993
branching on 3 with b.
721    10     27         0.1500     2.7000     1700.0000  % 
UB: 2.6999999999999993
branching on 1 with b.
722    10     28         0.1500     2.7000     1700.0000  % 
UB: 2.6999999999999993
branching on 2 with b.
723    10     29         0.1500     2.7000     1700.0000  % 
LB close or above UB, fathomed
724    9      24         0.1500     2.7000     1700.0000  % 
UB: 2.6999999999999993
branching on 1 with b.
725    9      25         0.1500     2.7000     1700.0000  % 
UB: 2.6999999999999993
branching on 2 with b.
726    9      26         0.1500     2.7000     1700.0000  % 
UB: 2.6999999999999993
branching on 3 with b.
727    9      27         0.1500     2.7000     1700.0000  % 
UB: 2.6999999999999993
branching on 1 with b.
728    9      28         0.1500     2.7000     1700.0000  % 
UB: 2.6999999999999993
branching on 2 with b.
729    9      29         0.1500     2.7000     1700.0000  % 
LB close or above UB, fathomed
730    8      19         0.1500     2.7000     1700.0000  % 
LB close or above UB, fathomed
731    7      18         0.1500     2.7000     1700.0000  % 
LB close or above UB, fathomed
732    6      17         0.1500     2.7000     1700.0000  % 
UB: 2.6999999999999993
branching on 2 with b.
733    7      18         0.1500     2.7000     1700.0000  % 
LB close or above UB, fathomed
734    6      18         0.1500     2.7000     1700.0000  % 
UB: 2.6999999999999993
branching on 3 with b.
735    7      19         0.1500     2.7000     1700.0000  % 
UB: 2.6999999999999993
branching on CartesianIndex(1, 7) with c.
736    8      20         0.1500     2.7000     1700.0000  % 
UB: 2.6999999999999993
branching on 1 with b.
737    9      21         0.1500     2.7000     1700.0000  % 
UB: 2.6999999999999993
branching on CartesianIndex(2, 7) with c.
738    10     22         0.1500     2.7000     1700.0000  % 
UB: 2.6999999999999993
branching on 2 with b.
739    11     23         0.1500     2.7000     1700.0000  % 
LB close or above UB, fathomed
740    10     23         0.1500     2.7000     1700.0000  % 
UB: 2.6999999999999993
branching on 3 with b.
741    10     24         0.1500     2.7000     1700.0000  % 
UB: 2.6999999999999993
branching on 1 with b.
742    10     25         0.1500     2.7000     1700.0000  % 
LB close or above UB, fathomed
743    9      22         0.1500     2.7000     1700.0000  % 
LB close or above UB, fathomed
744    8      21         0.1500     2.7000     1700.0000  % 
UB: 2.6999999999999993
branching on CartesianIndex(2, 7) with c.
745    9      22         0.1500     2.7000     1700.0000  % 
UB: 2.6999999999999993
branching on 2 with b.
746    10     23         0.1500     2.7000     1700.0000  % 
LB close or above UB, fathomed
747    9      23         0.1500     2.7000     1700.0000  % 
UB: 2.6999999999999993
branching on 3 with b.
748    9      24         0.1500     2.7000     1700.0000  % 
UB: 2.6999999999999993
branching on 1 with b.
749    9      25         0.1500     2.7000     1700.0000  % 
UB: 2.6999999999999993
branching on 2 with b.
750    9      26         0.1500     2.7000     1700.0000  % 
UB: 2.6999999999999993
branching on 3 with b.
751    10     27         0.1500     2.7000     1700.0000  % 
UB: 2.6999999999999993
branching on 1 with b.
752    10     28         0.1500     2.7000     1700.0000  % 
UB: 2.6999999999999993
branching on 2 with b.
753    10     29         0.1500     2.7000     1700.0000  % 
LB close or above UB, fathomed
754    9      27         0.1500     2.7000     1700.0000  % 
UB: 2.6999999999999993
branching on 1 with b.
755    9      28         0.1500     2.7000     1700.0000  % 
UB: 2.6999999999999993
branching on 2 with b.
756    9      29         0.1500     2.7000     1700.0000  % 
LB close or above UB, fathomed
757    8      22         0.1500     2.7000     1700.0000  % 
LB close or above UB, fathomed
758    7      20         0.1500     2.7000     1700.0000  % 
LB close or above UB, fathomed
759    6      19         0.1500     2.7000     1700.0000  % 
UB: 2.6999999999999993
branching on CartesianIndex(1, 7) with c.
760    7      20         0.1500     2.7000     1700.0000  % 
UB: 2.6999999999999993
branching on CartesianIndex(2, 7) with c.
761    8      21         0.1500     2.7000     1700.0000  % 
UB: 2.6999999999999993
branching on 1 with b.
762    9      22         0.1500     2.7000     1700.0000  % 
UB: 2.6999999999999993
branching on 2 with b.
763    10     23         0.1500     2.7000     1700.0000  % 
LB close or above UB, fathomed
764    9      23         0.1500     2.7000     1700.0000  % 
UB: 2.6999999999999993
branching on 3 with b.
765    10     24         0.1500     2.7000     1700.0000  % 
UB: 2.6999999999999993
branching on 1 with b.
766    10     25         0.1500     2.7000     1700.0000  % 
LB close or above UB, fathomed
767    9      24         0.1500     2.7000     1700.0000  % 
LB close or above UB, fathomed
768    8      22         0.1500     2.7000     1700.0000  % 
UB: 2.6999999999999993
branching on 2 with b.
769    9      23         0.1500     2.7000     1700.0000  % 
LB close or above UB, fathomed
770    8      23         0.1500     2.7000     1700.0000  % 
UB: 2.6999999999999993
branching on 3 with b.
771    9      24         0.1500     2.7000     1700.0000  % 
UB: 2.6999999999999993
branching on 1 with b.
772    9      25         0.1500     2.7000     1700.0000  % 
UB: 2.6999999999999993
branching on 2 with b.
773    9      26         0.1500     2.7000     1700.0000  % 
UB: 2.6999999999999993
branching on 3 with b.
774    9      27         0.1500     2.7000     1700.0000  % 
UB: 2.6999999999999993
branching on 1 with b.
775    9      28         0.1500     2.7000     1700.0000  % 
UB: 2.6999999999999993
branching on 2 with b.
776    9      29         0.1500     2.7000     1700.0000  % 
LB close or above UB, fathomed
777    8      24         0.1500     2.7000     1700.0000  % 
LB close or above UB, fathomed
778    7      21         0.1500     2.7000     1700.0000  % 
LB close or above UB, fathomed
779    6      20         0.1500     2.7000     1700.0000  % 
LB close or above UB, fathomed
780    5      16         0.1500     2.7000     1700.0000  % 
UB: 2.6999999999999993
branching on CartesianIndex(1, 7) with c.
781    6      17         0.1500     2.7000     1700.0000  % 
UB: 2.6999999999999993
branching on CartesianIndex(2, 7) with c.
782    7      18         0.1500     2.7000     1700.0000  % 
UB: 2.6999999999999993
branching on 2 with b.
783    8      19         0.1500     2.7000     1700.0000  % 
LB close or above UB, fathomed
784    7      19         0.1500     2.7000     1700.0000  % 
UB: 2.6999999999999993
branching on 3 with b.
785    8      20         0.1500     2.7000     1700.0000  % 
UB: 2.6999999999999993
branching on 1 with b.
786    9      21         0.1500     2.7000     1700.0000  % 
UB: 2.6999999999999993
branching on 2 with b.
787    10     22         0.1500     2.7000     1700.0000  % 
LB close or above UB, fathomed
788    9      22         0.1500     2.7000     1700.0000  % 
UB: 2.6999999999999993
branching on 3 with b.
789    9      23         0.1500     2.7000     1700.0000  % 
UB: 2.6999999999999993
branching on 1 with b.
790    9      24         0.1500     2.7000     1700.0000  % 
LB close or above UB, fathomed
791    8      21         0.1500     2.7000     1700.0000  % 
UB: 2.6999999999999993
branching on 2 with b.
792    9      22         0.1500     2.7000     1700.0000  % 
LB close or above UB, fathomed
793    8      22         0.1500     2.7000     1700.0000  % 
UB: 2.6999999999999993
branching on 3 with b.
794    8      23         0.1500     2.7000     1700.0000  % 
UB: 2.6999999999999993
branching on 1 with b.
795    8      24         0.1500     2.7000     1700.0000  % 
UB: 2.6999999999999993
branching on 2 with b.
796    8      25         0.1500     2.7000     1700.0000  % 
UB: 2.6999999999999993
branching on 3 with b.
797    9      26         0.1500     2.7000     1700.0000  % 
UB: 2.6999999999999993
branching on 1 with b.
798    9      27         0.1500     2.7000     1700.0000  % 
UB: 2.6999999999999993
branching on 2 with b.
799    9      28         0.1500     2.7000     1700.0000  % 
LB close or above UB, fathomed
800    8      26         0.1500     2.7000     1700.0000  % 
UB: 2.6999999999999993
branching on 1 with b.
801    8      27         0.1500     2.7000     1700.0000  % 
UB: 2.6999999999999993
branching on 2 with b.
802    8      28         0.1500     2.7000     1700.0000  % 
LB close or above UB, fathomed
803    7      20         0.1500     2.7000     1700.0000  % 
UB: 2.6999999999999993
branching on 1 with b.
804    8      21         0.1500     2.7000     1700.0000  % 
UB: 2.6999999999999993
branching on 2 with b.
805    9      22         0.1500     2.7000     1700.0000  % 
LB close or above UB, fathomed
806    8      22         0.1500     2.7000     1700.0000  % 
UB: 2.6999999999999993
branching on 3 with b.
807    9      23         0.1500     2.7000     1700.0000  % 
UB: 2.6999999999999993
branching on 1 with b.
808    9      24         0.1500     2.7000     1700.0000  % 
LB close or above UB, fathomed
809    8      23         0.1500     2.7000     1700.0000  % 
LB close or above UB, fathomed
810    7      21         0.1500     2.7000     1700.0000  % 
UB: 2.6999999999999993
branching on 2 with b.
811    8      22         0.1500     2.7000     1700.0000  % 
LB close or above UB, fathomed
812    7      22         0.1500     2.7000     1700.0000  % 
UB: 2.6999999999999993
branching on 3 with b.
813    8      23         0.1500     2.7000     1700.0000  % 
UB: 2.6999999999999993
branching on 1 with b.
814    8      24         0.1500     2.7000     1700.0000  % 
UB: 2.6999999999999993
branching on 2 with b.
815    8      25         0.1500     2.7000     1700.0000  % 
UB: 2.6999999999999993
branching on 3 with b.
816    8      26         0.1500     2.7000     1700.0000  % 
UB: 2.6999999999999993
branching on 1 with b.
817    8      27         0.1500     2.7000     1700.0000  % 
UB: 2.6999999999999993
branching on 2 with b.
818    8      28         0.1500     2.7000     1700.0000  % 
LB close or above UB, fathomed
819    7      23         0.1500     2.7000     1700.0000  % 
LB close or above UB, fathomed
820    6      18         0.1500     2.7000     1700.0000  % 
LB close or above UB, fathomed
821    5      17         0.1500     2.7000     1700.0000  % 
LB close or above UB, fathomed
822    4      13         0.1500     2.7000     1700.0000  % 
LB close or above UB, fathomed
823    3      14         0.1500     2.7000     1700.0000  % 
LB close or above UB, fathomed
824    2      14         0.1500     2.7000     1700.0000  % 
UB: 2.6999999999999993
branching on 3 with b.
825    3      15         0.1500     2.7000     1700.0000  % 
UB: 2.6999999999999993
branching on CartesianIndex(1, 5) with c.
826    4      16         0.1500     2.7000     1700.0000  % 
UB: 2.6999999999999993
branching on CartesianIndex(2, 5) with c.
827    5      17         0.1500     2.7000     1700.0000  % 
UB: 2.6999999999999993
branching on CartesianIndex(1, 6) with c.
828    6      18         0.1500     2.7000     1700.0000  % 
UB: 2.6999999999999993
branching on 1 with b.
829    6      19         0.1500     2.7000     1700.0000  % 
UB: 2.6999999999999993
branching on CartesianIndex(2, 6) with c.
830    7      20         0.1500     2.7000     1700.0000  % 
LB close or above UB, fathomed
831    6      20         0.1500     2.7000     1700.0000  % 
UB: 2.6999999999999993
branching on CartesianIndex(1, 7) with c.
832    7      21         0.1500     2.7000     1700.0000  % 
UB: 2.6999999999999993
branching on CartesianIndex(2, 7) with c.
833    8      22         0.1500     2.7000     1700.0000  % 
UB: 2.6999999999999993
branching on 2 with b.
834    9      23         0.1500     2.7000     1700.0000  % 
UB: 2.6999999999999993
branching on 3 with b.
835    10     24         0.1500     2.7000     1700.0000  % 
LB close or above UB, fathomed
836    9      24         0.1500     2.7000     1700.0000  % 
UB: 2.6999999999999993
branching on 1 with b.
837    9      25         0.1500     2.7000     1700.0000  % 
LB close or above UB, fathomed
838    8      23         0.1500     2.7000     1700.0000  % 
UB: 2.6999999999999993
branching on 3 with b.
839    9      24         0.1500     2.7000     1700.0000  % 
LB close or above UB, fathomed
840    8      24         0.1500     2.7000     1700.0000  % 
UB: 2.6999999999999993
branching on 1 with b.
841    8      25         0.1500     2.7000     1700.0000  % 
LB close or above UB, fathomed
842    7      22         0.1500     2.7000     1700.0000  % 
LB close or above UB, fathomed
843    6      21         0.1500     2.7000     1700.0000  % 
LB close or above UB, fathomed
844    5      18         0.1500     2.7000     1700.0000  % 
LB close or above UB, fathomed
845    4      17         0.1500     2.7000     1700.0000  % 
LB close or above UB, fathomed
846    3      16         0.1500     2.7000     1700.0000  % 
LB close or above UB, fathomed
847    2      15         0.1500     2.7000     1700.0000  % 
LB close or above UB, fathomed
848    1      21         0.1500     2.7000     1700.0000  % 
UB: 2.6999999999999993
branching on 1 with b.
849    1      22         0.1500     2.7000     1700.0000  % 
UB: 2.6999999999999993
branching on 2 with b.
850    2      23         0.1500     2.7000     1700.0000  % 
UB: 2.6999999999999993
branching on 3 with b.
851    2      24         0.1500     2.7000     1700.0000  % 
UB: 2.6999999999999993
branching on 1 with b.
852    2      25         0.1500     2.7000     1700.0000  % 
LB close or above UB, fathomed
853    1      23         0.1500     2.7000     1700.0000  % 
UB: 2.6999999999999993
branching on 3 with b.
854    1      24         0.1500     2.7000     1700.0000  % 
UB: 2.6999999999999993
branching on 1 with b.
855    1      25         0.1500     2.7000     1700.0000  % 
LB close or above UB, fathomed
856    0      21         0.1500     2.7000     1700.0000  % 
LB close or above UB, fathomed
all node solved
solved nodes:  857
857                                                   2.6778e+00     2.7000e+00     0.8299  % 
2×3 Matrix{Float64}:
 1.0  0.0  0.0
 0.0  1.0  0.0
3-element Vector{Float64}:
 0.6737287154272624
 0.23165472972533946
 0.0
3×7 Matrix{Float64}:
 0.0  0.0  0.0  1.0  0.0  0.0  0.0
 0.0  0.0  0.0  0.0  1.0  0.0  0.0
 0.0  0.0  0.0  0.0  0.0  0.0  1.0
3-element Vector{Float64}:
 1.0
 1.0
 0.0
2×3 Matrix{Float64}:
 1.0  0.0  0.0
 0.0  1.0  0.0
3-element Vector{Float64}:
 0.6731212394106688
 0.09459966241311246
 0.0
3×7 Matrix{Float64}:
 0.0  0.0  0.0  1.0  0.0  0.0  0.0
 0.0  0.0  0.0  0.0  1.0  0.0  0.0
 0.0  0.0  0.0  0.0  0.0  0.0  1.0
3-element Vector{Float64}:
 1.0
 1.0
 0.0
comparison (CRT and Glb)on prediction: Dict{Bool, Int64}(0 => 0, 1 => 4)
Dataname	 time	 objv	 lb	 gap	 train_w	 train_g	 test_w	 test_g
small_toy_499.small_toy	 58.5	 2.6999999999999993	 2.678	 0.0083	 88.889	 88.889	 75.0	 75.0
