Running 2 processes.
Start training small_toy_58.small_toy with seed 1.
Any[]
(2, 13)
(2, 6)
(2, 3)
(2, 4)
dimension: 2, class: 3
cart cost: 7.9
size of X: (2, 9)
ngroups: 2
UB: 2.75
Iter	left	lev	LB	UB	gap	
0      0      1          0.1278     2.7500     2052.1739  % 
UB: 2.75
branching on 1 with d.
1      1      2          0.1278     2.7500     2052.1739  % 
LB close or above UB, fathomed
2      0      2          0.1278     2.7500     2052.1739  % 
UB: 2.75
branching on 2 with d.
3      1      3          0.1278     2.7500     2052.1739  % 
UB: 2.75
branching on 3 with d.
4      2      3          0.1278     2.7500     2052.1739  % 
UB: 2.75
branching on 3 with d.
5      3      4          0.1278     2.7500     2052.1739  % 
UB: 2.75
branching on CartesianIndex(1, 1) with a.
6      4      4          0.1278     2.7500     2052.1739  % 
UB: 2.75
branching on CartesianIndex(1, 1) with a.
7      5      5          0.1500     2.7500     1733.3333  % 
UB: 2.75
branching on 1 with b.
8      6      6          0.1500     2.7500     1733.3333  % 
LB close or above UB, fathomed
9      5      6          0.1500     2.7500     1733.3333  % 
LB close or above UB, fathomed
10     4      5          0.1500     2.7500     1733.3333  % 
UB: 2.75
branching on CartesianIndex(1, 2) with a.
11     5      6          0.1500     2.7500     1733.3333  % 
UB: 2.75
branching on 1 with b.
12     6      7          0.1500     2.7500     1733.3333  % 
LB close or above UB, fathomed
13     5      7          0.1500     2.7500     1733.3333  % 
UB: 2.75
branching on 1 with b.
14     6      8          0.1500     2.7500     1733.3333  % 
UB: 2.75
branching on CartesianIndex(1, 3) with a.
15     7      9          0.1500     2.7500     1733.3333  % 
UB: 2.75
branching on 2 with b.
16     8      10         0.1500     2.7500     1733.3333  % 
UB: 2.75
branching on CartesianIndex(1, 4) with c.
17     9      10         0.1500     2.7500     1733.3333  % 
UB: 2.75
branching on CartesianIndex(1, 4) with c.
18     10     9          0.1500     2.7500     1733.3333  % 
UB: 2.75
branching on 2 with b.
19     11     10         0.1500     2.7500     1733.3333  % 
UB: 2.75
branching on CartesianIndex(1, 4) with c.
20     12     11         0.1500     2.7500     1733.3333  % 
LB close or above UB, fathomed
21     11     11         0.1500     2.7500     1733.3333  % 
UB: 2.75
branching on CartesianIndex(1, 5) with c.
22     12     12         0.1500     2.7500     1733.3333  % 
UB: 2.75
branching on 3 with b.
23     13     13         0.1500     2.7500     1733.3333  % 
LB close or above UB, fathomed
24     12     13         0.1500     2.7500     1733.3333  % 
UB: 2.75
branching on 1 with b.
25     12     14         0.1500     2.7500     1733.3333  % 
UB: 2.75
branching on CartesianIndex(2, 5) with c.
26     13     12         0.1500     2.7500     1733.3333  % 
LB close or above UB, fathomed
27     12     10         0.1500     2.7500     1733.3333  % 
UB: 2.75
branching on CartesianIndex(1, 4) with c.
28     13     8          0.1500     2.7500     1733.3333  % 
LB close or above UB, fathomed
29     12     6          0.1500     2.7500     1733.3333  % 
LB close or above UB, fathomed
30     11     15         0.1500     2.7500     1733.3333  % 
LB close or above UB, fathomed
31     10     15         0.1500     2.7500     1733.3333  % 
LB close or above UB, fathomed
32     9      11         0.1500     2.7500     1733.3333  % 
LB close or above UB, fathomed
33     8      11         0.1500     2.7500     1733.3333  % 
UB: 2.75
branching on CartesianIndex(1, 5) with c.
34     9      12         0.1500     2.7500     1733.3333  % 
UB: 2.75
branching on CartesianIndex(2, 5) with c.
35     10     13         0.1500     2.7500     1733.3333  % 
LB close or above UB, fathomed
36     9      13         0.1500     2.7500     1733.3333  % 
LB close or above UB, fathomed
37     8      12         0.1500     2.7500     1733.3333  % 
LB close or above UB, fathomed
38     7      11         0.1500     2.7500     1733.3333  % 
LB close or above UB, fathomed
39     6      11         0.1500     2.7500     1733.3333  % 
UB: 2.75
branching on 3 with b.
40     7      12         0.1500     2.7500     1733.3333  % 
LB close or above UB, fathomed
41     6      12         0.1500     2.7500     1733.3333  % 
UB: 2.75
branching on CartesianIndex(1, 5) with c.
42     7      13         0.1500     2.7500     1733.3333  % 
UB: 2.75
branching on CartesianIndex(2, 5) with c.
43     8      14         0.1500     2.7500     1733.3333  % 
LB close or above UB, fathomed
44     7      14         0.1500     2.7500     1733.3333  % 
LB close or above UB, fathomed
45     6      13         0.1500     2.7500     1733.3333  % 
LB close or above UB, fathomed
46     5      11         0.1500     2.7500     1733.3333  % 
LB close or above UB, fathomed
47     4      11         0.1500     2.7500     1733.3333  % 
UB: 2.75
branching on 3 with b.
48     5      12         0.1500     2.7500     1733.3333  % 
LB close or above UB, fathomed
49     4      12         0.1500     2.7500     1733.3333  % 
LB close or above UB, fathomed
50     3      4          2.6722     2.7500     2.9106     % 
LB close or above UB, fathomed
51     2      4          2.6722     2.7500     2.9106     % 
UB: 2.75
branching on 1 with b.
52     3      5          2.6722     2.7500     2.9106     % 
UB: 2.75
branching on CartesianIndex(1, 1) with a.
53     4      5          2.6722     2.7500     2.9106     % 
LB close or above UB, fathomed
54     3      6          2.7000     2.7500     1.8519     % 
UB: 2.75
branching on CartesianIndex(1, 3) with a.
55     4      7          2.7000     2.7500     1.8519     % 
LB close or above UB, fathomed
56     3      7          2.7000     2.7500     1.8519     % 
UB: 2.75
branching on CartesianIndex(1, 5) with c.
57     4      8          2.7000     2.7500     1.8519     % 
LB close or above UB, fathomed
58     3      8          2.7000     2.7500     1.8519     % 
LB close or above UB, fathomed
59     2      6          2.7000     2.7500     1.8519     % 
UB: 2.75
branching on CartesianIndex(1, 3) with a.
60     3      5          2.7000     2.7500     1.8519     % 
LB close or above UB, fathomed
61     2      5          2.7000     2.7500     1.8519     % 
UB: 2.75
branching on CartesianIndex(1, 2) with a.
62     3      6          2.7000     2.7500     1.8519     % 
LB close or above UB, fathomed
63     2      6          2.7000     2.7500     1.8519     % 
UB: 2.75
branching on 1 with b.
64     3      7          2.7000     2.7500     1.8519     % 
LB close or above UB, fathomed
65     2      7          2.7000     2.7500     1.8519     % 
UB: 2.75
branching on CartesianIndex(1, 4) with c.
66     3      8          2.7000     2.7500     1.8519     % 
LB close or above UB, fathomed
67     2      8          2.7000     2.7500     1.8519     % 
UB: 2.75
branching on CartesianIndex(1, 5) with c.
68     3      9          2.7000     2.7500     1.8519     % 
UB: 2.75
branching on 1 with b.
69     4      10         2.7000     2.7500     1.8519     % 
UB: 2.75
branching on 2 with b.
70     5      11         2.7000     2.7500     1.8519     % 
LB close or above UB, fathomed
71     4      11         2.7000     2.7500     1.8519     % 
LB close or above UB, fathomed
72     3      10         2.7000     2.7500     1.8519     % 
UB: 2.75
branching on 2 with b.
73     4      9          2.7000     2.7500     1.8519     % 
LB close or above UB, fathomed
74     3      11         2.7000     2.7500     1.8519     % 
LB close or above UB, fathomed
75     2      11         2.7000     2.7500     1.8519     % 
LB close or above UB, fathomed
76     1      7          2.7000     2.7500     1.8519     % 
UB: 2.75
branching on CartesianIndex(1, 5) with c.
77     2      8          2.7000     2.7500     1.8519     % 
LB close or above UB, fathomed
78     1      8          2.7000     2.7500     1.8519     % 
UB: 2.75
branching on 1 with b.
79     2      9          2.7000     2.7500     1.8519     % 
UB: 2.75
branching on CartesianIndex(1, 6) with c.
80     3      10         2.7000     2.7500     1.8519     % 
LB close or above UB, fathomed
81     2      10         2.7000     2.7500     1.8519     % 
LB close or above UB, fathomed
82     1      9          2.7000     2.7500     1.8519     % 
UB: 2.75
branching on 3 with b.
83     2      10         2.7000     2.7500     1.8519     % 
LB close or above UB, fathomed
84     1      10         2.7000     2.7500     1.8519     % 
LB close or above UB, fathomed
85     0      7          2.7000     2.7500     1.8519     % 
LB close or above UB, fathomed
all node solved
solved nodes:  86
86                                                    2.7500e+00     2.7500e+00     0.0000  % 
2×3 Matrix{Float64}:
 1.0  0.0  0.0
 0.0  0.0  1.0
3-element Vector{Float64}:
 0.2657443455366463
 0.0
 0.20478794913499812
3×7 Matrix{Float64}:
 0.0  0.0  0.0  0.0  1.0  1.0  0.0
 0.0  0.0  0.0  0.0  0.0  0.0  1.0
 0.0  0.0  0.0  0.0  0.0  0.0  0.0
3-element Vector{Float64}:
 1.0
 0.0
 1.0
2×3 Matrix{Float64}:
  1.0   1.0  -0.0
 -0.0  -0.0   1.0
3-element Vector{Float64}:
 0.6384405487154599
 0.12070547145903687
 0.3528841464253196
3×7 Matrix{Float64}:
 0.0  0.0  0.0  1.0  -0.0   1.0  -0.0
 0.0  0.0  0.0  0.0   1.0   0.0   0.0
 0.0  0.0  0.0  0.0   0.0  -0.0   1.0
3-element Vector{Float64}:
 1.0
 1.0
 1.0
comparison (CRT and Glb)on prediction: Dict{Bool, Int64}(0 => 2, 1 => 2)
Dataname	 time	 objv	 lb	 gap	 train_w	 train_g	 test_w	 test_g
small_toy_58.small_toy	 56.66	 2.75	 2.75	 0.0	 66.667	 88.889	 75.0	 75.0
