Running 2 processes.
Start training small_toy_926.small_toy with seed 1.
Any[]
(2, 13)
(2, 6)
(2, 3)
(2, 4)
dimension: 2, class: 3
cart cost: 2.7500000000000004
size of X: (2, 9)
ngroups: 2
UB: 2.7499999999999996
Iter	left	lev	LB	UB	gap	
0      0      1          0.0833     2.7500     3200.0000  % 
UB: 2.7499999999999996
branching on 1 with d.
1      1      2          0.0833     2.7500     3200.0000  % 
LB close or above UB, fathomed
2      0      2          0.0833     2.7500     3200.0000  % 
UB: 2.7499999999999996
branching on 2 with d.
3      1      3          0.0833     2.7500     3200.0000  % 
UB: 2.7499999999999996
branching on 3 with d.
4      2      4          0.0833     2.7500     3200.0000  % 
LB close or above UB, fathomed
5      1      4          0.0833     2.7500     3200.0000  % 
UB: 2.7499999999999996
branching on CartesianIndex(1, 1) with a.
6      2      3          0.0833     2.7500     3200.0000  % 
UB: 2.7499999999999996
branching on 3 with d.
7      3      4          0.1000     2.7500     2650.0000  % 
UB: 2.7499999999999996
branching on 1 with b.
8      4      5          0.1000     2.7500     2650.0000  % 
UB: 2.7499999999999996
branching on CartesianIndex(1, 1) with a.
9      5      5          0.1000     2.7500     2650.0000  % 
UB: 2.7499999999999996
branching on CartesianIndex(1, 1) with a.
10     6      6          0.1000     2.7500     2650.0000  % 
UB: 2.7499999999999996
branching on CartesianIndex(1, 2) with a.
11     7      6          0.1000     2.7500     2650.0000  % 
UB: 2.7499999999999996
branching on 1 with b.
12     8      4          0.1000     2.7500     2650.0000  % 
UB: 2.7499999999999996
branching on CartesianIndex(1, 1) with a.
13     9      5          0.1000     2.7500     2650.0000  % 
UB: 2.7499999999999996
branching on 1 with b.
14     10     6          0.1000     2.7500     2650.0000  % 
UB: 2.7499999999999996
branching on CartesianIndex(1, 3) with a.
15     11     7          0.1000     2.7500     2650.0000  % 
UB: 2.7499999999999996
branching on 1 with b.
16     12     8          0.1000     2.7500     2650.0000  % 
UB: 2.7499999999999996
branching on CartesianIndex(1, 5) with c.
17     13     8          0.1000     2.7500     2650.0000  % 
UB: 2.7499999999999996
branching on CartesianIndex(1, 5) with c.
18     14     9          0.1000     2.7500     2650.0000  % 
LB close or above UB, fathomed
19     13     9          0.1000     2.7500     2650.0000  % 
UB: 2.7499999999999996
branching on CartesianIndex(1, 6) with c.
20     14     10         0.1000     2.7500     2650.0000  % 
UB: 2.7499999999999996
branching on 3 with b.
21     15     11         0.1000     2.7500     2650.0000  % 
LB close or above UB, fathomed
22     14     11         0.1000     2.7500     2650.0000  % 
UB: 2.7499999999999996
branching on CartesianIndex(2, 6) with c.
23     15     10         0.1000     2.7500     2650.0000  % 
LB close or above UB, fathomed
24     14     7          0.1000     2.7500     2650.0000  % 
UB: 2.7499999999999996
branching on 1 with b.
25     15     6          0.1000     2.7500     2650.0000  % 
LB close or above UB, fathomed
26     14     5          0.1000     2.7500     2650.0000  % 
UB: 2.7499999999999996
branching on CartesianIndex(1, 3) with a.
27     15     8          0.1000     2.7500     2650.0000  % 
UB: 2.7499999999999996
branching on CartesianIndex(1, 5) with c.
28     16     8          0.1000     2.7500     2650.0000  % 
UB: 2.7499999999999996
branching on 3 with b.
29     17     9          0.1000     2.7500     2650.0000  % 
LB close or above UB, fathomed
30     16     9          0.1000     2.7500     2650.0000  % 
UB: 2.7499999999999996
branching on CartesianIndex(1, 5) with c.
31     17     10         0.1000     2.7500     2650.0000  % 
LB close or above UB, fathomed
32     16     10         0.1000     2.7500     2650.0000  % 
UB: 2.7499999999999996
branching on CartesianIndex(1, 6) with c.
33     17     11         0.1000     2.7500     2650.0000  % 
UB: 2.7499999999999996
branching on CartesianIndex(2, 6) with c.
34     18     12         0.1000     2.7500     2650.0000  % 
LB close or above UB, fathomed
35     17     12         0.1000     2.7500     2650.0000  % 
UB: 2.7499999999999996
branching on 1 with b.
36     18     13         0.1000     2.7500     2650.0000  % 
UB: 2.7499999999999996
branching on 3 with b.
37     19     13         0.1000     2.7500     2650.0000  % 
LB close or above UB, fathomed
38     18     11         0.1000     2.7500     2650.0000  % 
LB close or above UB, fathomed
39     17     7          0.1000     2.7500     2650.0000  % 
UB: 2.7499999999999996
branching on 2 with b.
40     18     7          0.1000     2.7500     2650.0000  % 
UB: 2.7499999999999996
branching on 2 with b.
41     19     8          0.1000     2.7500     2650.0000  % 
UB: 2.7499999999999996
branching on CartesianIndex(1, 2) with a.
42     20     9          0.1000     2.7500     2650.0000  % 
UB: 2.7499999999999996
branching on CartesianIndex(1, 4) with c.
43     21     10         0.1000     2.7500     2650.0000  % 
LB close or above UB, fathomed
44     20     10         0.1000     2.7500     2650.0000  % 
UB: 2.7499999999999996
branching on CartesianIndex(1, 5) with c.
45     21     11         0.1000     2.7500     2650.0000  % 
UB: 2.7499999999999996
branching on CartesianIndex(2, 5) with c.
46     22     12         0.1000     2.7500     2650.0000  % 
LB close or above UB, fathomed
47     21     12         0.1000     2.7500     2650.0000  % 
UB: 2.7499999999999996
branching on CartesianIndex(1, 7) with c.
48     22     13         0.1000     2.7500     2650.0000  % 
UB: 2.7499999999999996
branching on CartesianIndex(2, 7) with c.
49     23     14         0.1000     2.7500     2650.0000  % 
UB: 2.7499999999999996
branching on 1 with b.
50     24     15         0.1000     2.7500     2650.0000  % 
UB: 2.7499999999999996
branching on 2 with b.
51     25     15         0.1000     2.7500     2650.0000  % 
UB: 2.7499999999999996
branching on 2 with b.
52     26     14         0.1000     2.7500     2650.0000  % 
LB close or above UB, fathomed
53     25     13         0.1000     2.7500     2650.0000  % 
LB close or above UB, fathomed
54     24     11         0.1000     2.7500     2650.0000  % 
LB close or above UB, fathomed
55     23     9          0.1000     2.7500     2650.0000  % 
UB: 2.7499999999999996
branching on CartesianIndex(1, 4) with c.
56     24     8          0.1000     2.7500     2650.0000  % 
UB: 2.7499999999999996
branching on CartesianIndex(1, 2) with a.
57     25     5          0.1500     2.7500     1733.3333  % 
UB: 2.7499999999999996
branching on 1 with b.
58     26     6          0.1500     2.7500     1733.3333  % 
UB: 2.7499999999999996
branching on 1 with b.
59     27     7          0.1500     2.7500     1733.3333  % 
LB close or above UB, fathomed
60     26     7          0.1500     2.7500     1733.3333  % 
UB: 2.7499999999999996
branching on 2 with b.
61     27     8          0.1500     2.7500     1733.3333  % 
UB: 2.7499999999999996
branching on CartesianIndex(1, 2) with a.
62     28     9          0.1500     2.7500     1733.3333  % 
UB: 2.7499999999999996
branching on 3 with b.
63     29     10         0.1500     2.7500     1733.3333  % 
LB close or above UB, fathomed
64     28     10         0.1500     2.7500     1733.3333  % 
UB: 2.7499999999999996
branching on CartesianIndex(1, 3) with a.
65     29     11         0.1500     2.7500     1733.3333  % 
UB: 2.7499999999999996
branching on CartesianIndex(1, 4) with c.
66     30     12         0.1500     2.7500     1733.3333  % 
LB close or above UB, fathomed
67     29     12         0.1500     2.7500     1733.3333  % 
UB: 2.7499999999999996
branching on CartesianIndex(1, 5) with c.
68     30     13         0.1500     2.7500     1733.3333  % 
UB: 2.7499999999999996
branching on 1 with b.
69     31     14         0.1500     2.7500     1733.3333  % 
LB close or above UB, fathomed
70     30     14         0.1500     2.7500     1733.3333  % 
LB close or above UB, fathomed
71     29     13         0.1500     2.7500     1733.3333  % 
LB close or above UB, fathomed
72     28     11         0.1500     2.7500     1733.3333  % 
UB: 2.7499999999999996
branching on 1 with b.
73     29     9          0.1500     2.7500     1733.3333  % 
UB: 2.7499999999999996
branching on CartesianIndex(1, 3) with a.
74     30     8          0.1500     2.7500     1733.3333  % 
UB: 2.7499999999999996
branching on 3 with b.
75     31     6          0.1500     2.7500     1733.3333  % 
LB close or above UB, fathomed
76     30     5          0.1500     2.7500     1733.3333  % 
UB: 2.7499999999999996
branching on CartesianIndex(1, 2) with a.
77     31     6          0.1500     2.7500     1733.3333  % 
UB: 2.7499999999999996
branching on 1 with b.
78     32     7          0.1500     2.7500     1733.3333  % 
LB close or above UB, fathomed
79     31     7          0.1500     2.7500     1733.3333  % 
UB: 2.7499999999999996
branching on CartesianIndex(1, 3) with a.
80     32     8          0.1500     2.7500     1733.3333  % 
UB: 2.7499999999999996
branching on 1 with b.
81     33     9          0.1500     2.7500     1733.3333  % 
UB: 2.7499999999999996
branching on 2 with b.
82     34     10         0.1500     2.7500     1733.3333  % 
UB: 2.7499999999999996
branching on 3 with b.
83     35     11         0.1500     2.7500     1733.3333  % 
UB: 2.7499999999999996
branching on CartesianIndex(1, 4) with c.
84     36     11         0.1500     2.7500     1733.3333  % 
UB: 2.7499999999999996
branching on CartesianIndex(1, 4) with c.
85     37     10         0.1500     2.7500     1733.3333  % 
UB: 2.7499999999999996
branching on 3 with b.
86     38     9          0.1500     2.7500     1733.3333  % 
LB close or above UB, fathomed
87     37     8          0.1500     2.7500     1733.3333  % 
UB: 2.7499999999999996
branching on CartesianIndex(1, 4) with c.
88     38     9          0.1500     2.7500     1733.3333  % 
LB close or above UB, fathomed
89     37     9          0.1500     2.7500     1733.3333  % 
UB: 2.7499999999999996
branching on CartesianIndex(1, 5) with c.
90     38     6          0.1500     2.7500     1733.3333  % 
LB close or above UB, fathomed
91     37     9          0.1500     2.7500     1733.3333  % 
LB close or above UB, fathomed
92     36     9          0.1500     2.7500     1733.3333  % 
UB: 2.7499999999999996
branching on CartesianIndex(1, 2) with a.
93     37     10         0.1500     2.7500     1733.3333  % 
UB: 2.7499999999999996
branching on CartesianIndex(1, 3) with a.
94     38     10         0.1500     2.7500     1733.3333  % 
UB: 2.7499999999999996
branching on CartesianIndex(1, 3) with a.
95     39     11         0.1500     2.7500     1733.3333  % 
UB: 2.7499999999999996
branching on CartesianIndex(1, 4) with c.
96     40     12         0.1500     2.7500     1733.3333  % 
LB close or above UB, fathomed
97     39     12         0.1500     2.7500     1733.3333  % 
UB: 2.7499999999999996
branching on CartesianIndex(1, 5) with c.
98     40     13         0.1500     2.7500     1733.3333  % 
UB: 2.7499999999999996
branching on CartesianIndex(2, 5) with c.
99     41     14         0.1500     2.7500     1733.3333  % 
UB: 2.7499999999999996
branching on CartesianIndex(1, 6) with c.
100    42     15         0.1500     2.7500     1733.3333  % 
UB: 2.7499999999999996
branching on CartesianIndex(2, 6) with c.
101    43     16         0.1500     2.7500     1733.3333  % 
LB close or above UB, fathomed
102    42     16         0.1500     2.7500     1733.3333  % 
UB: 2.7499999999999996
branching on CartesianIndex(1, 7) with c.
103    43     17         0.1500     2.7500     1733.3333  % 
UB: 2.7499999999999996
branching on 1 with b.
104    44     18         0.1500     2.7500     1733.3333  % 
LB close or above UB, fathomed
105    43     18         0.1500     2.7500     1733.3333  % 
LB close or above UB, fathomed
106    42     17         0.1500     2.7500     1733.3333  % 
LB close or above UB, fathomed
107    41     15         0.1500     2.7500     1733.3333  % 
LB close or above UB, fathomed
108    40     14         0.1500     2.7500     1733.3333  % 
LB close or above UB, fathomed
109    39     13         0.1500     2.7500     1733.3333  % 
LB close or above UB, fathomed
110    38     11         0.1500     2.7500     1733.3333  % 
UB: 2.7499999999999996
branching on CartesianIndex(1, 4) with c.
111    39     10         0.1500     2.7500     1733.3333  % 
UB: 2.7499999999999996
branching on 3 with b.
112    40     11         0.1500     2.7500     1733.3333  % 
LB close or above UB, fathomed
113    39     11         0.1500     2.7500     1733.3333  % 
LB close or above UB, fathomed
114    38     10         0.1500     2.7500     1733.3333  % 
UB: 2.7499999999999996
branching on 3 with b.
115    39     11         0.1500     2.7500     1733.3333  % 
LB close or above UB, fathomed
116    38     11         0.1500     2.7500     1733.3333  % 
UB: 2.7499999999999996
branching on CartesianIndex(1, 4) with c.
117    39     12         0.1500     2.7500     1733.3333  % 
UB: 2.7499999999999996
branching on CartesianIndex(2, 4) with c.
118    40     13         0.1500     2.7500     1733.3333  % 
UB: 2.7499999999999996
branching on CartesianIndex(1, 5) with c.
119    41     14         0.1500     2.7500     1733.3333  % 
LB close or above UB, fathomed
120    40     14         0.1500     2.7500     1733.3333  % 
UB: 2.7499999999999996
branching on CartesianIndex(1, 6) with c.
121    41     15         0.1500     2.7500     1733.3333  % 
UB: 2.7499999999999996
branching on CartesianIndex(2, 6) with c.
122    42     16         0.1500     2.7500     1733.3333  % 
LB close or above UB, fathomed
123    41     16         0.1500     2.7500     1733.3333  % 
UB: 2.7499999999999996
branching on CartesianIndex(1, 7) with c.
124    42     17         0.1500     2.7500     1733.3333  % 
UB: 2.7499999999999996
branching on CartesianIndex(2, 7) with c.
125    43     18         0.1500     2.7500     1733.3333  % 
UB: 2.7499999999999996
branching on 1 with b.
126    44     19         0.1500     2.7500     1733.3333  % 
LB close or above UB, fathomed
127    43     19         0.1500     2.7500     1733.3333  % 
LB close or above UB, fathomed
128    42     18         0.1500     2.7500     1733.3333  % 
LB close or above UB, fathomed
129    41     17         0.1500     2.7500     1733.3333  % 
LB close or above UB, fathomed
130    40     15         0.1500     2.7500     1733.3333  % 
LB close or above UB, fathomed
131    39     13         0.1500     2.7500     1733.3333  % 
UB: 2.7499999999999996
branching on 1 with b.
132    40     14         0.1500     2.7500     1733.3333  % 
LB close or above UB, fathomed
133    39     14         0.1500     2.7500     1733.3333  % 
LB close or above UB, fathomed
134    38     12         0.1500     2.7500     1733.3333  % 
UB: 2.7499999999999996
branching on CartesianIndex(1, 5) with c.
135    39     13         0.1500     2.7500     1733.3333  % 
LB close or above UB, fathomed
136    38     13         0.1500     2.7500     1733.3333  % 
UB: 2.7499999999999996
branching on 1 with b.
137    39     14         0.1500     2.7500     1733.3333  % 
UB: 2.7499999999999996
branching on 2 with b.
138    40     14         0.1500     2.7500     1733.3333  % 
LB close or above UB, fathomed
139    39     12         0.1500     2.7500     1733.3333  % 
LB close or above UB, fathomed
140    38     12         0.1500     2.7500     1733.3333  % 
UB: 2.7499999999999996
branching on CartesianIndex(1, 5) with c.
141    39     13         0.1500     2.7500     1733.3333  % 
UB: 2.7499999999999996
branching on 1 with b.
142    40     14         0.1500     2.7500     1733.3333  % 
LB close or above UB, fathomed
143    39     14         0.1500     2.7500     1733.3333  % 
LB close or above UB, fathomed
144    38     13         0.1500     2.7500     1733.3333  % 
UB: 2.7499999999999996
branching on 1 with b.
145    39     14         0.1500     2.7500     1733.3333  % 
UB: 2.7499999999999996
branching on CartesianIndex(1, 6) with c.
146    40     14         0.1500     2.7500     1733.3333  % 
LB close or above UB, fathomed
147    39     11         0.1500     2.7500     1733.3333  % 
LB close or above UB, fathomed
148    38     11         0.1500     2.7500     1733.3333  % 
UB: 2.7499999999999996
branching on CartesianIndex(1, 4) with c.
149    39     12         0.1500     2.7500     1733.3333  % 
LB close or above UB, fathomed
150    38     12         0.1500     2.7500     1733.3333  % 
UB: 2.7499999999999996
branching on CartesianIndex(1, 5) with c.
151    39     13         0.1500     2.7500     1733.3333  % 
UB: 2.7499999999999996
branching on CartesianIndex(2, 5) with c.
152    40     14         0.1500     2.7500     1733.3333  % 
UB: 2.7499999999999996
branching on 1 with b.
153    41     15         0.1500     2.7500     1733.3333  % 
UB: 2.7499999999999996
branching on CartesianIndex(1, 6) with c.
154    42     15         0.1500     2.7500     1733.3333  % 
LB close or above UB, fathomed
155    41     14         0.1500     2.7500     1733.3333  % 
UB: 2.7499999999999996
branching on CartesianIndex(1, 6) with c.
156    42     15         0.1500     2.7500     1733.3333  % 
UB: 2.7499999999999996
branching on CartesianIndex(2, 6) with c.
157    43     16         0.1500     2.7500     1733.3333  % 
LB close or above UB, fathomed
158    42     16         0.1500     2.7500     1733.3333  % 
UB: 2.7499999999999996
branching on 1 with b.
159    43     17         0.1500     2.7500     1733.3333  % 
LB close or above UB, fathomed
160    42     17         0.1500     2.7500     1733.3333  % 
LB close or above UB, fathomed
161    41     15         0.1500     2.7500     1733.3333  % 
LB close or above UB, fathomed
162    40     13         0.1500     2.7500     1733.3333  % 
UB: 2.7499999999999996
branching on 1 with b.
163    41     14         0.1500     2.7500     1733.3333  % 
UB: 2.7499999999999996
branching on CartesianIndex(1, 6) with c.
164    42     14         0.1500     2.7500     1733.3333  % 
LB close or above UB, fathomed
165    41     10         0.1500     2.7500     1733.3333  % 
UB: 2.7499999999999996
branching on CartesianIndex(2, 5) with c.
166    42     11         0.1500     2.7500     1733.3333  % 
LB close or above UB, fathomed
167    41     11         0.1500     2.7500     1733.3333  % 
UB: 2.7499999999999996
branching on 1 with b.
168    42     12         0.1500     2.7500     1733.3333  % 
UB: 2.7499999999999996
branching on CartesianIndex(1, 6) with c.
169    43     13         0.1500     2.7500     1733.3333  % 
UB: 2.7499999999999996
branching on CartesianIndex(2, 6) with c.
170    44     14         0.1500     2.7500     1733.3333  % 
UB: 2.7499999999999996
branching on 2 with b.
171    45     15         0.1500     2.7500     1733.3333  % 
UB: 2.7499999999999996
branching on 3 with b.
172    46     16         0.1500     2.7500     1733.3333  % 
UB: 2.7499999999999996
branching on CartesianIndex(1, 7) with c.
173    47     17         0.1500     2.7500     1733.3333  % 
UB: 2.7499999999999996
branching on CartesianIndex(2, 7) with c.
174    48     18         0.1500     2.7500     1733.3333  % 
UB: 2.7499999999999996
branching on 1 with b.
175    49     19         0.1500     2.7500     1733.3333  % 
LB close or above UB, fathomed
176    48     19         0.1500     2.7500     1733.3333  % 
LB close or above UB, fathomed
177    47     18         0.1500     2.7500     1733.3333  % 
LB close or above UB, fathomed
178    46     17         0.1500     2.7500     1733.3333  % 
LB close or above UB, fathomed
179    45     16         0.1500     2.7500     1733.3333  % 
UB: 2.7499999999999996
branching on 1 with b.
180    46     17         0.1500     2.7500     1733.3333  % 
LB close or above UB, fathomed
181    45     17         0.1500     2.7500     1733.3333  % 
LB close or above UB, fathomed
182    44     15         0.1500     2.7500     1733.3333  % 
LB close or above UB, fathomed
183    43     14         0.1500     2.7500     1733.3333  % 
UB: 2.7499999999999996
branching on 2 with b.
184    44     15         0.1500     2.7500     1733.3333  % 
UB: 2.7499999999999996
branching on CartesianIndex(1, 7) with c.
185    45     16         0.1500     2.7500     1733.3333  % 
UB: 2.7499999999999996
branching on CartesianIndex(2, 7) with c.
186    46     17         0.1500     2.7500     1733.3333  % 
UB: 2.7499999999999996
branching on 3 with b.
187    47     18         0.1500     2.7500     1733.3333  % 
UB: 2.7499999999999996
branching on 1 with b.
188    48     19         0.1500     2.7500     1733.3333  % 
LB close or above UB, fathomed
189    47     19         0.1500     2.7500     1733.3333  % 
LB close or above UB, fathomed
190    46     18         0.1500     2.7500     1733.3333  % 
UB: 2.7499999999999996
branching on 1 with b.
191    47     19         0.1500     2.7500     1733.3333  % 
UB: 2.7499999999999996
branching on 2 with b.
192    48     20         0.1500     2.7500     1733.3333  % 
LB close or above UB, fathomed
193    47     20         0.1500     2.7500     1733.3333  % 
UB: 2.7499999999999996
branching on 3 with b.
194    48     21         0.1500     2.7500     1733.3333  % 
UB: 2.7499999999999996
branching on 1 with b.
195    48     22         0.1500     2.7500     1733.3333  % 
UB: 2.7499999999999996
branching on 2 with b.
196    49     23         0.1500     2.7500     1733.3333  % 
LB close or above UB, fathomed
197    48     23         0.1500     2.7500     1733.3333  % 
UB: 2.7499999999999996
branching on 3 with b.
198    49     24         0.1500     2.7500     1733.3333  % 
LB close or above UB, fathomed
199    48     24         0.1500     2.7500     1733.3333  % 
LB close or above UB, fathomed
200    47     21         0.1500     2.7500     1733.3333  % 
LB close or above UB, fathomed
201    46     19         0.1500     2.7500     1733.3333  % 
LB close or above UB, fathomed
202    45     17         0.1500     2.7500     1733.3333  % 
LB close or above UB, fathomed
203    44     16         0.1500     2.7500     1733.3333  % 
LB close or above UB, fathomed
204    43     15         0.1500     2.7500     1733.3333  % 
UB: 2.7499999999999996
branching on 3 with b.
205    44     16         0.1500     2.7500     1733.3333  % 
LB close or above UB, fathomed
206    43     16         0.1500     2.7500     1733.3333  % 
UB: 2.7499999999999996
branching on CartesianIndex(1, 7) with c.
207    44     17         0.1500     2.7500     1733.3333  % 
UB: 2.7499999999999996
branching on CartesianIndex(2, 7) with c.
208    45     18         0.1500     2.7500     1733.3333  % 
UB: 2.7499999999999996
branching on 1 with b.
209    46     19         0.1500     2.7500     1733.3333  % 
UB: 2.7499999999999996
branching on 2 with b.
210    47     20         0.1500     2.7500     1733.3333  % 
UB: 2.7499999999999996
branching on 3 with b.
211    48     21         0.1500     2.7500     1733.3333  % 
UB: 2.7499999999999996
branching on 1 with b.
212    48     22         0.1500     2.7500     1733.3333  % 
UB: 2.7499999999999996
branching on 2 with b.
213    48     23         0.1500     2.7500     1733.3333  % 
UB: 2.7499999999999996
branching on 3 with b.
214    49     24         0.1500     2.7500     1733.3333  % 
LB close or above UB, fathomed
215    48     24         0.1500     2.7500     1733.3333  % 
LB close or above UB, fathomed
216    47     21         0.1500     2.7500     1733.3333  % 
LB close or above UB, fathomed
217    46     20         0.1500     2.7500     1733.3333  % 
LB close or above UB, fathomed
218    45     19         0.1500     2.7500     1733.3333  % 
LB close or above UB, fathomed
219    44     18         0.1500     2.7500     1733.3333  % 
LB close or above UB, fathomed
220    43     17         0.1500     2.7500     1733.3333  % 
LB close or above UB, fathomed
221    42     13         0.1500     2.7500     1733.3333  % 
UB: 2.7499999999999996
branching on CartesianIndex(1, 7) with c.
222    43     14         0.1500     2.7500     1733.3333  % 
UB: 2.7499999999999996
branching on 2 with b.
223    44     15         0.1500     2.7500     1733.3333  % 
UB: 2.7499999999999996
branching on CartesianIndex(2, 7) with c.
224    45     16         0.1500     2.7500     1733.3333  % 
UB: 2.7499999999999996
branching on 3 with b.
225    46     17         0.1500     2.7500     1733.3333  % 
UB: 2.7499999999999996
branching on 1 with b.
226    47     18         0.1500     2.7500     1733.3333  % 
LB close or above UB, fathomed
227    46     18         0.1500     2.7500     1733.3333  % 
LB close or above UB, fathomed
228    45     17         0.1500     2.7500     1733.3333  % 
UB: 2.7499999999999996
branching on 1 with b.
229    46     18         0.1500     2.7500     1733.3333  % 
LB close or above UB, fathomed
230    45     18         0.1500     2.7500     1733.3333  % 
LB close or above UB, fathomed
231    44     16         0.1500     2.7500     1733.3333  % 
LB close or above UB, fathomed
232    43     15         0.1500     2.7500     1733.3333  % 
LB close or above UB, fathomed
233    42     14         0.1500     2.7500     1733.3333  % 
LB close or above UB, fathomed
234    41     12         0.1500     2.7500     1733.3333  % 
LB close or above UB, fathomed
235    40     10         0.1500     2.7500     1733.3333  % 
LB close or above UB, fathomed
236    39     11         0.1500     2.7500     1733.3333  % 
UB: 2.7499999999999996
branching on 1 with b.
237    40     12         0.1500     2.7500     1733.3333  % 
LB close or above UB, fathomed
238    39     12         0.1500     2.7500     1733.3333  % 
LB close or above UB, fathomed
239    38     11         0.1500     2.7500     1733.3333  % 
LB close or above UB, fathomed
240    37     12         0.1500     2.7500     1733.3333  % 
LB close or above UB, fathomed
241    36     12         0.1500     2.7500     1733.3333  % 
UB: 2.7499999999999996
branching on CartesianIndex(1, 5) with c.
242    37     13         0.1500     2.7500     1733.3333  % 
UB: 2.7499999999999996
branching on CartesianIndex(2, 5) with c.
243    38     14         0.1500     2.7500     1733.3333  % 
LB close or above UB, fathomed
244    37     14         0.1500     2.7500     1733.3333  % 
UB: 2.7499999999999996
branching on CartesianIndex(1, 6) with c.
245    38     15         0.1500     2.7500     1733.3333  % 
UB: 2.7499999999999996
branching on CartesianIndex(2, 6) with c.
246    39     16         0.1500     2.7500     1733.3333  % 
UB: 2.7499999999999996
branching on 1 with b.
247    40     17         0.1500     2.7500     1733.3333  % 
UB: 2.7499999999999996
branching on CartesianIndex(1, 7) with c.
248    41     18         0.1500     2.7500     1733.3333  % 
UB: 2.7499999999999996
branching on 2 with b.
249    42     19         0.1500     2.7500     1733.3333  % 
LB close or above UB, fathomed
250    41     19         0.1500     2.7500     1733.3333  % 
UB: 2.7499999999999996
branching on CartesianIndex(2, 7) with c.
251    42     20         0.1500     2.7500     1733.3333  % 
LB close or above UB, fathomed
252    41     20         0.1500     2.7500     1733.3333  % 
UB: 2.7499999999999996
branching on 3 with b.
253    42     21         0.1500     2.7500     1733.3333  % 
LB close or above UB, fathomed
254    41     21         0.1500     2.7500     1733.3333  % 
LB close or above UB, fathomed
255    40     18         0.1500     2.7500     1733.3333  % 
LB close or above UB, fathomed
256    39     17         0.1500     2.7500     1733.3333  % 
LB close or above UB, fathomed
257    38     16         0.1500     2.7500     1733.3333  % 
LB close or above UB, fathomed
258    37     15         0.1500     2.7500     1733.3333  % 
LB close or above UB, fathomed
259    36     13         0.1500     2.7500     1733.3333  % 
LB close or above UB, fathomed
260    35     12         0.1500     2.7500     1733.3333  % 
LB close or above UB, fathomed
261    34     12         0.1500     2.7500     1733.3333  % 
UB: 2.7499999999999996
branching on CartesianIndex(1, 5) with c.
262    35     13         0.1500     2.7500     1733.3333  % 
UB: 2.7499999999999996
branching on 1 with b.
263    36     14         0.1500     2.7500     1733.3333  % 
LB close or above UB, fathomed
264    35     14         0.1500     2.7500     1733.3333  % 
LB close or above UB, fathomed
265    34     13         0.1500     2.7500     1733.3333  % 
LB close or above UB, fathomed
266    33     12         0.1500     2.7500     1733.3333  % 
LB close or above UB, fathomed
267    32     12         0.1500     2.7500     1733.3333  % 
LB close or above UB, fathomed
268    31     9          2.7000     2.7500     1.8519     % 
UB: 2.7499999999999996
branching on 1 with b.
269    32     10         2.7000     2.7500     1.8519     % 
LB close or above UB, fathomed
270    31     10         2.7000     2.7500     1.8519     % 
LB close or above UB, fathomed
271    30     9          2.7000     2.7500     1.8519     % 
UB: 2.7499999999999996
branching on CartesianIndex(1, 4) with c.
272    31     10         2.7000     2.7500     1.8519     % 
LB close or above UB, fathomed
273    30     10         2.7000     2.7500     1.8519     % 
UB: 2.7499999999999996
branching on CartesianIndex(1, 5) with c.
274    31     6          2.7000     2.7500     1.8519     % 
LB close or above UB, fathomed
275    30     6          2.7000     2.7500     1.8519     % 
LB close or above UB, fathomed
276    29     11         2.7000     2.7500     1.8519     % 
UB: 2.7499999999999996
branching on CartesianIndex(2, 5) with c.
277    30     12         2.7000     2.7500     1.8519     % 
LB close or above UB, fathomed
278    29     12         2.7000     2.7500     1.8519     % 
UB: 2.7499999999999996
branching on CartesianIndex(1, 7) with c.
279    30     13         2.7000     2.7500     1.8519     % 
UB: 2.7499999999999996
branching on CartesianIndex(2, 7) with c.
280    31     14         2.7000     2.7500     1.8519     % 
UB: 2.7499999999999996
branching on 1 with b.
281    32     15         2.7000     2.7500     1.8519     % 
LB close or above UB, fathomed
282    31     15         2.7000     2.7500     1.8519     % 
LB close or above UB, fathomed
283    30     14         2.7000     2.7500     1.8519     % 
LB close or above UB, fathomed
284    29     13         2.7000     2.7500     1.8519     % 
LB close or above UB, fathomed
285    28     11         2.7000     2.7500     1.8519     % 
LB close or above UB, fathomed
286    27     10         2.7000     2.7500     1.8519     % 
LB close or above UB, fathomed
287    26     10         2.7000     2.7500     1.8519     % 
UB: 2.7499999999999996
branching on CartesianIndex(1, 5) with c.
288    27     11         2.7000     2.7500     1.8519     % 
UB: 2.7499999999999996
branching on CartesianIndex(2, 5) with c.
289    28     12         2.7000     2.7500     1.8519     % 
LB close or above UB, fathomed
290    27     12         2.7000     2.7500     1.8519     % 
UB: 2.7499999999999996
branching on CartesianIndex(1, 7) with c.
291    28     13         2.7000     2.7500     1.8519     % 
UB: 2.7499999999999996
branching on CartesianIndex(2, 7) with c.
292    29     14         2.7000     2.7500     1.8519     % 
UB: 2.7499999999999996
branching on 1 with b.
293    30     15         2.7000     2.7500     1.8519     % 
LB close or above UB, fathomed
294    29     15         2.7000     2.7500     1.8519     % 
LB close or above UB, fathomed
295    28     14         2.7000     2.7500     1.8519     % 
LB close or above UB, fathomed
296    27     13         2.7000     2.7500     1.8519     % 
LB close or above UB, fathomed
297    26     11         2.7000     2.7500     1.8519     % 
LB close or above UB, fathomed
298    25     16         2.7000     2.7500     1.8519     % 
LB close or above UB, fathomed
299    24     16         2.7000     2.7500     1.8519     % 
UB: 2.7499999999999996
branching on 1 with b.
300    24     17         2.7000     2.7500     1.8519     % 
UB: 2.7499999999999996
branching on 2 with b.
301    25     18         2.7000     2.7500     1.8519     % 
LB close or above UB, fathomed
302    24     18         2.7000     2.7500     1.8519     % 
LB close or above UB, fathomed
303    23     16         2.7000     2.7500     1.8519     % 
LB close or above UB, fathomed
304    22     16         2.7000     2.7500     1.8519     % 
UB: 2.7499999999999996
branching on 1 with b.
305    22     17         2.7000     2.7500     1.8519     % 
UB: 2.7499999999999996
branching on 2 with b.
306    23     18         2.7000     2.7500     1.8519     % 
LB close or above UB, fathomed
307    22     18         2.7000     2.7500     1.8519     % 
LB close or above UB, fathomed
308    21     8          2.7000     2.7500     1.8519     % 
UB: 2.7499999999999996
branching on CartesianIndex(1, 2) with a.
309    22     9          2.7000     2.7500     1.8519     % 
UB: 2.7499999999999996
branching on CartesianIndex(1, 4) with c.
310    23     10         2.7000     2.7500     1.8519     % 
LB close or above UB, fathomed
311    22     10         2.7000     2.7500     1.8519     % 
UB: 2.7499999999999996
branching on CartesianIndex(1, 5) with c.
312    23     11         2.7000     2.7500     1.8519     % 
UB: 2.7499999999999996
branching on CartesianIndex(2, 5) with c.
313    24     12         2.7000     2.7500     1.8519     % 
LB close or above UB, fathomed
314    23     12         2.7000     2.7500     1.8519     % 
UB: 2.7499999999999996
branching on 1 with b.
315    23     13         2.7000     2.7500     1.8519     % 
UB: 2.7499999999999996
branching on CartesianIndex(1, 7) with c.
316    24     14         2.7000     2.7500     1.8519     % 
UB: 2.7499999999999996
branching on 2 with b.
317    25     15         2.7000     2.7500     1.8519     % 
LB close or above UB, fathomed
318    24     15         2.7000     2.7500     1.8519     % 
UB: 2.7499999999999996
branching on CartesianIndex(2, 7) with c.
319    25     16         2.7000     2.7500     1.8519     % 
UB: 2.7499999999999996
branching on 1 with b.
320    25     17         2.7000     2.7500     1.8519     % 
UB: 2.7499999999999996
branching on 2 with b.
321    26     18         2.7000     2.7500     1.8519     % 
LB close or above UB, fathomed
322    25     18         2.7000     2.7500     1.8519     % 
LB close or above UB, fathomed
323    24     16         2.7000     2.7500     1.8519     % 
LB close or above UB, fathomed
324    23     14         2.7000     2.7500     1.8519     % 
LB close or above UB, fathomed
325    22     11         2.7000     2.7500     1.8519     % 
LB close or above UB, fathomed
326    21     9          2.7000     2.7500     1.8519     % 
LB close or above UB, fathomed
327    20     8          2.7000     2.7500     1.8519     % 
UB: 2.7499999999999996
branching on CartesianIndex(1, 2) with a.
328    21     9          2.7000     2.7500     1.8519     % 
LB close or above UB, fathomed
329    20     9          2.7000     2.7500     1.8519     % 
LB close or above UB, fathomed
330    19     14         2.7000     2.7500     1.8519     % 
UB: 2.7499999999999996
branching on CartesianIndex(1, 7) with c.
331    20     15         2.7000     2.7500     1.8519     % 
UB: 2.7499999999999996
branching on CartesianIndex(2, 7) with c.
332    21     16         2.7000     2.7500     1.8519     % 
UB: 2.7499999999999996
branching on 1 with b.
333    21     17         2.7000     2.7500     1.8519     % 
UB: 2.7499999999999996
branching on 3 with b.
334    22     18         2.7000     2.7500     1.8519     % 
LB close or above UB, fathomed
335    21     18         2.7000     2.7500     1.8519     % 
LB close or above UB, fathomed
336    20     16         2.7000     2.7500     1.8519     % 
LB close or above UB, fathomed
337    19     15         2.7000     2.7500     1.8519     % 
LB close or above UB, fathomed
338    18     14         2.7000     2.7500     1.8519     % 
LB close or above UB, fathomed
339    17     9          2.7000     2.7500     1.8519     % 
LB close or above UB, fathomed
340    16     9          2.7000     2.7500     1.8519     % 
UB: 2.7499999999999996
branching on 3 with b.
341    17     10         2.7000     2.7500     1.8519     % 
LB close or above UB, fathomed
342    16     10         2.7000     2.7500     1.8519     % 
UB: 2.7499999999999996
branching on CartesianIndex(1, 6) with c.
343    17     11         2.7000     2.7500     1.8519     % 
UB: 2.7499999999999996
branching on CartesianIndex(2, 6) with c.
344    18     12         2.7000     2.7500     1.8519     % 
LB close or above UB, fathomed
345    17     12         2.7000     2.7500     1.8519     % 
UB: 2.7499999999999996
branching on CartesianIndex(1, 7) with c.
346    18     13         2.7000     2.7500     1.8519     % 
UB: 2.7499999999999996
branching on CartesianIndex(2, 7) with c.
347    19     14         2.7000     2.7500     1.8519     % 
UB: 2.7499999999999996
branching on 1 with b.
348    19     15         2.7000     2.7500     1.8519     % 
UB: 2.7499999999999996
branching on 3 with b.
349    20     16         2.7000     2.7500     1.8519     % 
UB: 2.7499999999999996
branching on 1 with b.
350    20     17         2.7000     2.7500     1.8519     % 
UB: 2.7499999999999996
branching on 3 with b.
351    21     18         2.7000     2.7500     1.8519     % 
LB close or above UB, fathomed
352    20     18         2.7000     2.7500     1.8519     % 
LB close or above UB, fathomed
353    19     16         2.7000     2.7500     1.8519     % 
LB close or above UB, fathomed
354    18     14         2.7000     2.7500     1.8519     % 
LB close or above UB, fathomed
355    17     13         2.7000     2.7500     1.8519     % 
LB close or above UB, fathomed
356    16     11         2.7000     2.7500     1.8519     % 
LB close or above UB, fathomed
357    15     6          2.7000     2.7500     1.8519     % 
UB: 2.7499999999999996
branching on 1 with b.
358    16     7          2.7000     2.7500     1.8519     % 
UB: 2.7499999999999996
branching on CartesianIndex(1, 5) with c.
359    17     8          2.7000     2.7500     1.8519     % 
LB close or above UB, fathomed
360    16     8          2.7000     2.7500     1.8519     % 
UB: 2.7499999999999996
branching on CartesianIndex(1, 6) with c.
361    17     9          2.7000     2.7500     1.8519     % 
UB: 2.7499999999999996
branching on 1 with b.
362    18     10         2.7000     2.7500     1.8519     % 
UB: 2.7499999999999996
branching on 3 with b.
363    19     11         2.7000     2.7500     1.8519     % 
LB close or above UB, fathomed
364    18     11         2.7000     2.7500     1.8519     % 
LB close or above UB, fathomed
365    17     10         2.7000     2.7500     1.8519     % 
UB: 2.7499999999999996
branching on CartesianIndex(2, 6) with c.
366    18     11         2.7000     2.7500     1.8519     % 
UB: 2.7499999999999996
branching on 3 with b.
367    19     12         2.7000     2.7500     1.8519     % 
LB close or above UB, fathomed
368    18     12         2.7000     2.7500     1.8519     % 
LB close or above UB, fathomed
369    17     11         2.7000     2.7500     1.8519     % 
LB close or above UB, fathomed
370    16     9          2.7000     2.7500     1.8519     % 
LB close or above UB, fathomed
371    15     7          2.7000     2.7500     1.8519     % 
UB: 2.7499999999999996
branching on 1 with b.
372    16     8          2.7000     2.7500     1.8519     % 
UB: 2.7499999999999996
branching on CartesianIndex(1, 5) with c.
373    17     9          2.7000     2.7500     1.8519     % 
LB close or above UB, fathomed
374    16     9          2.7000     2.7500     1.8519     % 
UB: 2.7499999999999996
branching on CartesianIndex(1, 6) with c.
375    17     10         2.7000     2.7500     1.8519     % 
UB: 2.7499999999999996
branching on 3 with b.
376    18     11         2.7000     2.7500     1.8519     % 
LB close or above UB, fathomed
377    17     11         2.7000     2.7500     1.8519     % 
LB close or above UB, fathomed
378    16     10         2.7000     2.7500     1.8519     % 
LB close or above UB, fathomed
379    15     8          2.7000     2.7500     1.8519     % 
LB close or above UB, fathomed
380    14     6          2.7000     2.7500     1.8519     % 
UB: 2.7499999999999996
branching on 1 with b.
381    15     7          2.7000     2.7500     1.8519     % 
UB: 2.7499999999999996
branching on 1 with b.
382    16     8          2.7000     2.7500     1.8519     % 
UB: 2.7499999999999996
branching on 3 with b.
383    17     9          2.7000     2.7500     1.8519     % 
LB close or above UB, fathomed
384    16     9          2.7000     2.7500     1.8519     % 
UB: 2.7499999999999996
branching on 1 with b.
385    16     10         2.7000     2.7500     1.8519     % 
UB: 2.7499999999999996
branching on CartesianIndex(1, 5) with c.
386    17     11         2.7000     2.7500     1.8519     % 
LB close or above UB, fathomed
387    16     11         2.7000     2.7500     1.8519     % 
UB: 2.7499999999999996
branching on CartesianIndex(1, 6) with c.
388    17     12         2.7000     2.7500     1.8519     % 
UB: 2.7499999999999996
branching on CartesianIndex(2, 6) with c.
389    18     13         2.7000     2.7500     1.8519     % 
LB close or above UB, fathomed
390    17     13         2.7000     2.7500     1.8519     % 
UB: 2.7499999999999996
branching on CartesianIndex(1, 7) with c.
391    18     14         2.7000     2.7500     1.8519     % 
UB: 2.7499999999999996
branching on 3 with b.
392    19     15         2.7000     2.7500     1.8519     % 
UB: 2.7499999999999996
branching on CartesianIndex(2, 7) with c.
393    20     16         2.7000     2.7500     1.8519     % 
UB: 2.7499999999999996
branching on 1 with b.
394    20     17         2.7000     2.7500     1.8519     % 
UB: 2.7499999999999996
branching on 3 with b.
395    21     18         2.7000     2.7500     1.8519     % 
LB close or above UB, fathomed
396    20     18         2.7000     2.7500     1.8519     % 
LB close or above UB, fathomed
397    19     16         2.7000     2.7500     1.8519     % 
LB close or above UB, fathomed
398    18     15         2.7000     2.7500     1.8519     % 
LB close or above UB, fathomed
399    17     14         2.7000     2.7500     1.8519     % 
LB close or above UB, fathomed
400    16     12         2.7000     2.7500     1.8519     % 
LB close or above UB, fathomed
401    15     8          2.7000     2.7500     1.8519     % 
UB: 2.7499999999999996
branching on 3 with b.
402    16     9          2.7000     2.7500     1.8519     % 
LB close or above UB, fathomed
403    15     9          2.7000     2.7500     1.8519     % 
UB: 2.7499999999999996
branching on CartesianIndex(1, 5) with c.
404    16     10         2.7000     2.7500     1.8519     % 
LB close or above UB, fathomed
405    15     10         2.7000     2.7500     1.8519     % 
UB: 2.7499999999999996
branching on CartesianIndex(1, 6) with c.
406    16     11         2.7000     2.7500     1.8519     % 
UB: 2.7499999999999996
branching on CartesianIndex(2, 6) with c.
407    17     12         2.7000     2.7500     1.8519     % 
LB close or above UB, fathomed
408    16     12         2.7000     2.7500     1.8519     % 
UB: 2.7499999999999996
branching on 1 with b.
409    16     13         2.7000     2.7500     1.8519     % 
UB: 2.7499999999999996
branching on 3 with b.
410    17     14         2.7000     2.7500     1.8519     % 
UB: 2.7499999999999996
branching on CartesianIndex(1, 7) with c.
411    18     15         2.7000     2.7500     1.8519     % 
UB: 2.7499999999999996
branching on CartesianIndex(2, 7) with c.
412    19     16         2.7000     2.7500     1.8519     % 
UB: 2.7499999999999996
branching on 1 with b.
413    19     17         2.7000     2.7500     1.8519     % 
UB: 2.7499999999999996
branching on 3 with b.
414    20     18         2.7000     2.7500     1.8519     % 
LB close or above UB, fathomed
415    19     18         2.7000     2.7500     1.8519     % 
LB close or above UB, fathomed
416    18     16         2.7000     2.7500     1.8519     % 
LB close or above UB, fathomed
417    17     15         2.7000     2.7500     1.8519     % 
LB close or above UB, fathomed
418    16     14         2.7000     2.7500     1.8519     % 
LB close or above UB, fathomed
419    15     11         2.7000     2.7500     1.8519     % 
LB close or above UB, fathomed
420    14     7          2.7000     2.7500     1.8519     % 
UB: 2.7499999999999996
branching on CartesianIndex(1, 5) with c.
421    15     8          2.7000     2.7500     1.8519     % 
LB close or above UB, fathomed
422    14     8          2.7000     2.7500     1.8519     % 
UB: 2.7499999999999996
branching on CartesianIndex(1, 6) with c.
423    15     9          2.7000     2.7500     1.8519     % 
UB: 2.7499999999999996
branching on CartesianIndex(2, 6) with c.
424    16     10         2.7000     2.7500     1.8519     % 
LB close or above UB, fathomed
425    15     10         2.7000     2.7500     1.8519     % 
UB: 2.7499999999999996
branching on CartesianIndex(1, 7) with c.
426    16     11         2.7000     2.7500     1.8519     % 
UB: 2.7499999999999996
branching on CartesianIndex(2, 7) with c.
427    17     12         2.7000     2.7500     1.8519     % 
UB: 2.7499999999999996
branching on 1 with b.
428    18     13         2.7000     2.7500     1.8519     % 
UB: 2.7499999999999996
branching on 3 with b.
429    19     14         2.7000     2.7500     1.8519     % 
LB close or above UB, fathomed
430    18     14         2.7000     2.7500     1.8519     % 
UB: 2.7499999999999996
branching on 1 with b.
431    19     15         2.7000     2.7500     1.8519     % 
UB: 2.7499999999999996
branching on 3 with b.
432    20     16         2.7000     2.7500     1.8519     % 
UB: 2.7499999999999996
branching on 1 with b.
433    20     17         2.7000     2.7500     1.8519     % 
UB: 2.7499999999999996
branching on 3 with b.
434    21     18         2.7000     2.7500     1.8519     % 
LB close or above UB, fathomed
435    20     18         2.7000     2.7500     1.8519     % 
LB close or above UB, fathomed
436    19     16         2.7000     2.7500     1.8519     % 
LB close or above UB, fathomed
437    18     15         2.7000     2.7500     1.8519     % 
LB close or above UB, fathomed
438    17     13         2.7000     2.7500     1.8519     % 
LB close or above UB, fathomed
439    16     12         2.7000     2.7500     1.8519     % 
LB close or above UB, fathomed
440    15     11         2.7000     2.7500     1.8519     % 
LB close or above UB, fathomed
441    14     9          2.7000     2.7500     1.8519     % 
LB close or above UB, fathomed
442    13     12         2.7000     2.7500     1.8519     % 
UB: 2.7499999999999996
branching on CartesianIndex(1, 7) with c.
443    14     13         2.7000     2.7500     1.8519     % 
UB: 2.7499999999999996
branching on CartesianIndex(2, 7) with c.
444    15     14         2.7000     2.7500     1.8519     % 
LB close or above UB, fathomed
445    14     14         2.7000     2.7500     1.8519     % 
UB: 2.7499999999999996
branching on 1 with b.
446    15     15         2.7000     2.7500     1.8519     % 
LB close or above UB, fathomed
447    14     15         2.7000     2.7500     1.8519     % 
LB close or above UB, fathomed
448    13     13         2.7000     2.7500     1.8519     % 
LB close or above UB, fathomed
449    12     12         2.7000     2.7500     1.8519     % 
UB: 2.7499999999999996
branching on CartesianIndex(1, 7) with c.
450    13     13         2.7000     2.7500     1.8519     % 
UB: 2.7499999999999996
branching on 1 with b.
451    14     14         2.7000     2.7500     1.8519     % 
LB close or above UB, fathomed
452    13     14         2.7000     2.7500     1.8519     % 
LB close or above UB, fathomed
453    12     13         2.7000     2.7500     1.8519     % 
LB close or above UB, fathomed
454    11     9          2.7000     2.7500     1.8519     % 
LB close or above UB, fathomed
455    10     9          2.7000     2.7500     1.8519     % 
UB: 2.7499999999999996
branching on CartesianIndex(1, 6) with c.
456    11     10         2.7000     2.7500     1.8519     % 
UB: 2.7499999999999996
branching on CartesianIndex(2, 6) with c.
457    12     11         2.7000     2.7500     1.8519     % 
UB: 2.7499999999999996
branching on CartesianIndex(1, 7) with c.
458    13     12         2.7000     2.7500     1.8519     % 
UB: 2.7499999999999996
branching on 3 with b.
459    14     13         2.7000     2.7500     1.8519     % 
LB close or above UB, fathomed
460    13     13         2.7000     2.7500     1.8519     % 
LB close or above UB, fathomed
461    12     12         2.7000     2.7500     1.8519     % 
LB close or above UB, fathomed
462    11     11         2.7000     2.7500     1.8519     % 
LB close or above UB, fathomed
463    10     10         2.7000     2.7500     1.8519     % 
LB close or above UB, fathomed
464    9      7          2.7000     2.7500     1.8519     % 
UB: 2.7499999999999996
branching on 1 with b.
465    10     8          2.7000     2.7500     1.8519     % 
UB: 2.7499999999999996
branching on 2 with b.
466    11     9          2.7000     2.7500     1.8519     % 
UB: 2.7499999999999996
branching on 1 with b.
467    11     10         2.7000     2.7500     1.8519     % 
UB: 2.7499999999999996
branching on 2 with b.
468    12     11         2.7000     2.7500     1.8519     % 
LB close or above UB, fathomed
469    11     11         2.7000     2.7500     1.8519     % 
UB: 2.7499999999999996
branching on CartesianIndex(1, 4) with c.
470    12     12         2.7000     2.7500     1.8519     % 
LB close or above UB, fathomed
471    11     12         2.7000     2.7500     1.8519     % 
UB: 2.7499999999999996
branching on CartesianIndex(1, 5) with c.
472    12     13         2.7000     2.7500     1.8519     % 
UB: 2.7499999999999996
branching on CartesianIndex(2, 5) with c.
473    13     14         2.7000     2.7500     1.8519     % 
LB close or above UB, fathomed
474    12     14         2.7000     2.7500     1.8519     % 
UB: 2.7499999999999996
branching on CartesianIndex(1, 7) with c.
475    13     15         2.7000     2.7500     1.8519     % 
UB: 2.7499999999999996
branching on CartesianIndex(2, 7) with c.
476    14     16         2.7000     2.7500     1.8519     % 
UB: 2.7499999999999996
branching on 1 with b.
477    14     17         2.7000     2.7500     1.8519     % 
UB: 2.7499999999999996
branching on 2 with b.
478    15     18         2.7000     2.7500     1.8519     % 
LB close or above UB, fathomed
479    14     18         2.7000     2.7500     1.8519     % 
LB close or above UB, fathomed
480    13     16         2.7000     2.7500     1.8519     % 
LB close or above UB, fathomed
481    12     15         2.7000     2.7500     1.8519     % 
LB close or above UB, fathomed
482    11     13         2.7000     2.7500     1.8519     % 
LB close or above UB, fathomed
483    10     9          2.7000     2.7500     1.8519     % 
LB close or above UB, fathomed
484    9      8          2.7000     2.7500     1.8519     % 
LB close or above UB, fathomed
485    8      7          2.7000     2.7500     1.8519     % 
UB: 2.7499999999999996
branching on 1 with b.
486    9      8          2.7000     2.7500     1.8519     % 
UB: 2.7499999999999996
branching on 2 with b.
487    10     9          2.7000     2.7500     1.8519     % 
LB close or above UB, fathomed
488    9      9          2.7000     2.7500     1.8519     % 
LB close or above UB, fathomed
489    8      8          2.7000     2.7500     1.8519     % 
LB close or above UB, fathomed
490    7      15         2.7167     2.7500     1.2270     % 
LB close or above UB, fathomed
491    6      15         2.7167     2.7500     1.2270     % 
LB close or above UB, fathomed
492    5      16         2.7167     2.7500     1.2270     % 
LB close or above UB, fathomed
493    4      16         2.7167     2.7500     1.2270     % 
LB close or above UB, fathomed
494    3      15         2.7167     2.7500     1.2270     % 
LB close or above UB, fathomed
495    2      15         2.7167     2.7500     1.2270     % 
LB close or above UB, fathomed
496    1      15         2.7167     2.7500     1.2270     % 
UB: 2.7499999999999996
branching on CartesianIndex(1, 6) with c.
497    2      16         2.7167     2.7500     1.2270     % 
LB close or above UB, fathomed
498    1      16         2.7167     2.7500     1.2270     % 
LB close or above UB, fathomed
499    0      15         2.7167     2.7500     1.2270     % 
UB: 2.7499999999999996
branching on CartesianIndex(1, 6) with c.
500    1      16         2.7167     2.7500     1.2270     % 
LB close or above UB, fathomed
501    0      16         2.7167     2.7500     1.2270     % 
LB close or above UB, fathomed
all node solved
solved nodes:  502
502                                                   2.7333e+00     2.7500e+00     0.6098  % 
2×3 Matrix{Float64}:
 1.0  0.0  1.0
 0.0  1.0  0.0
3-element Vector{Float64}:
 0.6081446195521116
 0.5306229607675548
 0.8108856144316163
3×7 Matrix{Float64}:
 0.0  0.0  0.0  1.0  0.0  0.0  0.0
 0.0  0.0  0.0  0.0  1.0  1.0  0.0
 0.0  0.0  0.0  0.0  0.0  0.0  1.0
3-element Vector{Float64}:
 1.0
 1.0
 1.0
2×3 Matrix{Float64}:
 1.0  0.0  1.0
 0.0  1.0  0.0
3-element Vector{Float64}:
 0.6092253340597515
 0.4308258865349257
 0.6740821385769566
3×7 Matrix{Float64}:
 0.0  0.0  0.0  1.0  0.0  0.0  0.0
 0.0  0.0  0.0  0.0  1.0  1.0  0.0
 0.0  0.0  0.0  0.0  0.0  0.0  1.0
3-element Vector{Float64}:
 1.0
 1.0
 1.0
comparison (CRT and Glb)on prediction: Dict{Bool, Int64}(0 => 0, 1 => 4)
Dataname	 time	 objv	 lb	 gap	 train_w	 train_g	 test_w	 test_g
small_toy_926.small_toy	 59.52	 2.7499999999999996	 2.733	 0.0061	 88.889	 88.889	 50.0	 50.0
