Running 2 processes.
Start training small_toy_989.small_toy with seed 1.
Any[]
(2, 13)
(2, 6)
(2, 3)
(2, 4)
dimension: 2, class: 3
cart cost: 2.7500000000000004
size of X: (2, 9)
ngroups: 2
UB: 2.7499999999999996
Iter	left	lev	LB	UB	gap	
0      0      1          0.0833     2.7500     3200.0000  % 
UB: 2.7499999999999996
branching on 1 with d.
1      1      2          0.0833     2.7500     3200.0000  % 
LB close or above UB, fathomed
2      0      2          0.0833     2.7500     3200.0000  % 
UB: 2.7499999999999996
branching on 2 with d.
3      1      3          0.0833     2.7500     3200.0000  % 
UB: 2.7499999999999996
branching on 3 with d.
4      2      4          0.0833     2.7500     3200.0000  % 
LB close or above UB, fathomed
5      1      4          0.0833     2.7500     3200.0000  % 
UB: 2.7499999999999996
branching on CartesianIndex(1, 1) with a.
6      2      3          0.0833     2.7500     3200.0000  % 
UB: 2.7499999999999996
branching on 3 with d.
7      3      4          0.1000     2.7500     2650.0000  % 
UB: 2.7499999999999996
branching on 1 with b.
8      4      5          0.1000     2.7500     2650.0000  % 
UB: 2.7499999999999996
branching on CartesianIndex(1, 1) with a.
9      5      5          0.1000     2.7500     2650.0000  % 
UB: 2.7499999999999996
branching on CartesianIndex(1, 1) with a.
10     6      6          0.1000     2.7500     2650.0000  % 
UB: 2.7499999999999996
branching on CartesianIndex(1, 2) with a.
11     7      6          0.1000     2.7500     2650.0000  % 
UB: 2.7499999999999996
branching on 1 with b.
12     8      4          0.1000     2.7500     2650.0000  % 
UB: 2.7499999999999996
branching on CartesianIndex(1, 1) with a.
13     9      5          0.1000     2.7500     2650.0000  % 
UB: 2.7499999999999996
branching on 1 with b.
14     10     6          0.1000     2.7500     2650.0000  % 
UB: 2.7499999999999996
branching on CartesianIndex(1, 3) with a.
15     11     7          0.1000     2.7500     2650.0000  % 
UB: 2.7499999999999996
branching on 1 with b.
16     12     7          0.1000     2.7500     2650.0000  % 
UB: 2.7499999999999996
branching on CartesianIndex(1, 5) with c.
17     13     6          0.1000     2.7500     2650.0000  % 
LB close or above UB, fathomed
18     12     5          0.1000     2.7500     2650.0000  % 
UB: 2.7499999999999996
branching on 1 with b.
19     13     8          0.1000     2.7500     2650.0000  % 
LB close or above UB, fathomed
20     12     8          0.1000     2.7500     2650.0000  % 
UB: 2.7499999999999996
branching on 1 with b.
21     13     9          0.1000     2.7500     2650.0000  % 
UB: 2.7499999999999996
branching on CartesianIndex(1, 6) with c.
22     14     9          0.1000     2.7500     2650.0000  % 
UB: 2.7499999999999996
branching on 3 with b.
23     15     10         0.1000     2.7500     2650.0000  % 
LB close or above UB, fathomed
24     14     10         0.1000     2.7500     2650.0000  % 
UB: 2.7499999999999996
branching on 1 with b.
25     15     11         0.1000     2.7500     2650.0000  % 
UB: 2.7499999999999996
branching on CartesianIndex(1, 6) with c.
26     16     11         0.1000     2.7500     2650.0000  % 
UB: 2.7499999999999996
branching on CartesianIndex(1, 6) with c.
27     17     7          0.1000     2.7500     2650.0000  % 
UB: 2.7499999999999996
branching on CartesianIndex(1, 2) with a.
28     18     7          0.1000     2.7500     2650.0000  % 
UB: 2.7499999999999996
branching on 2 with b.
29     19     5          0.1500     2.7500     1733.3333  % 
UB: 2.7499999999999996
branching on CartesianIndex(1, 2) with a.
30     20     6          0.1500     2.7500     1733.3333  % 
UB: 2.7499999999999996
branching on 1 with b.
31     21     7          0.1500     2.7500     1733.3333  % 
UB: 2.7499999999999996
branching on 1 with b.
32     22     8          0.1500     2.7500     1733.3333  % 
LB close or above UB, fathomed
33     21     8          0.1500     2.7500     1733.3333  % 
UB: 2.7499999999999996
branching on CartesianIndex(1, 3) with a.
34     22     9          0.1500     2.7500     1733.3333  % 
UB: 2.7499999999999996
branching on CartesianIndex(1, 4) with c.
35     23     10         0.1500     2.7500     1733.3333  % 
LB close or above UB, fathomed
36     22     10         0.1500     2.7500     1733.3333  % 
UB: 2.7499999999999996
branching on 2 with b.
37     23     11         0.1500     2.7500     1733.3333  % 
UB: 2.7499999999999996
branching on CartesianIndex(1, 5) with c.
38     24     12         0.1500     2.7500     1733.3333  % 
UB: 2.7499999999999996
branching on CartesianIndex(2, 5) with c.
39     25     13         0.1500     2.7500     1733.3333  % 
LB close or above UB, fathomed
40     24     13         0.1500     2.7500     1733.3333  % 
UB: 2.7499999999999996
branching on 3 with b.
41     25     14         0.1500     2.7500     1733.3333  % 
LB close or above UB, fathomed
42     24     14         0.1500     2.7500     1733.3333  % 
LB close or above UB, fathomed
43     23     12         0.1500     2.7500     1733.3333  % 
LB close or above UB, fathomed
44     22     11         0.1500     2.7500     1733.3333  % 
LB close or above UB, fathomed
45     21     9          0.1500     2.7500     1733.3333  % 
UB: 2.7499999999999996
branching on 2 with b.
46     22     10         0.1500     2.7500     1733.3333  % 
UB: 2.7499999999999996
branching on 3 with b.
47     23     11         0.1500     2.7500     1733.3333  % 
LB close or above UB, fathomed
48     22     11         0.1500     2.7500     1733.3333  % 
UB: 2.7499999999999996
branching on CartesianIndex(1, 4) with c.
49     23     10         0.1500     2.7500     1733.3333  % 
UB: 2.7499999999999996
branching on CartesianIndex(1, 4) with c.
50     24     7          0.1500     2.7500     1733.3333  % 
LB close or above UB, fathomed
51     23     6          0.1500     2.7500     1733.3333  % 
UB: 2.7499999999999996
branching on 1 with b.
52     24     7          0.1500     2.7500     1733.3333  % 
UB: 2.7499999999999996
branching on CartesianIndex(1, 3) with a.
53     25     8          0.1500     2.7500     1733.3333  % 
UB: 2.7499999999999996
branching on CartesianIndex(1, 4) with c.
54     26     9          0.1500     2.7500     1733.3333  % 
LB close or above UB, fathomed
55     25     9          0.1500     2.7500     1733.3333  % 
UB: 2.7499999999999996
branching on 1 with b.
56     26     10         0.1500     2.7500     1733.3333  % 
LB close or above UB, fathomed
57     25     10         0.1500     2.7500     1733.3333  % 
UB: 2.7499999999999996
branching on 2 with b.
58     26     11         0.1500     2.7500     1733.3333  % 
LB close or above UB, fathomed
59     25     11         0.1500     2.7500     1733.3333  % 
UB: 2.7499999999999996
branching on CartesianIndex(1, 5) with c.
60     26     12         0.1500     2.7500     1733.3333  % 
UB: 2.7499999999999996
branching on 3 with b.
61     27     13         0.1500     2.7500     1733.3333  % 
LB close or above UB, fathomed
62     26     13         0.1500     2.7500     1733.3333  % 
UB: 2.7499999999999996
branching on CartesianIndex(2, 5) with c.
63     27     14         0.1500     2.7500     1733.3333  % 
LB close or above UB, fathomed
64     26     14         0.1500     2.7500     1733.3333  % 
LB close or above UB, fathomed
65     25     12         0.1500     2.7500     1733.3333  % 
LB close or above UB, fathomed
66     24     8          0.1500     2.7500     1733.3333  % 
UB: 2.7499999999999996
branching on 1 with b.
67     25     9          0.1500     2.7500     1733.3333  % 
LB close or above UB, fathomed
68     24     9          0.1500     2.7500     1733.3333  % 
UB: 2.7499999999999996
branching on 2 with b.
69     25     10         0.1500     2.7500     1733.3333  % 
UB: 2.7499999999999996
branching on 3 with b.
70     26     10         0.1500     2.7500     1733.3333  % 
UB: 2.7499999999999996
branching on CartesianIndex(1, 4) with c.
71     27     7          0.1500     2.7500     1733.3333  % 
LB close or above UB, fathomed
72     26     5          0.1500     2.7500     1733.3333  % 
UB: 2.7499999999999996
branching on 1 with b.
73     27     6          0.1500     2.7500     1733.3333  % 
LB close or above UB, fathomed
74     26     6          0.1500     2.7500     1733.3333  % 
UB: 2.7499999999999996
branching on 1 with b.
75     27     7          0.1500     2.7500     1733.3333  % 
UB: 2.7499999999999996
branching on CartesianIndex(1, 2) with a.
76     28     8          0.1500     2.7500     1733.3333  % 
UB: 2.7499999999999996
branching on CartesianIndex(1, 3) with a.
77     29     9          0.1500     2.7500     1733.3333  % 
UB: 2.7499999999999996
branching on 2 with b.
78     30     10         0.1500     2.7500     1733.3333  % 
UB: 2.7499999999999996
branching on 3 with b.
79     31     11         0.1500     2.7500     1733.3333  % 
UB: 2.7499999999999996
branching on CartesianIndex(1, 4) with c.
80     32     11         0.1500     2.7500     1733.3333  % 
UB: 2.7499999999999996
branching on CartesianIndex(1, 4) with c.
81     33     10         0.1500     2.7500     1733.3333  % 
LB close or above UB, fathomed
82     32     9          0.1500     2.7500     1733.3333  % 
UB: 2.7499999999999996
branching on 2 with b.
83     33     10         0.1500     2.7500     1733.3333  % 
UB: 2.7499999999999996
branching on CartesianIndex(1, 4) with c.
84     34     10         0.1500     2.7500     1733.3333  % 
UB: 2.7499999999999996
branching on CartesianIndex(1, 4) with c.
85     35     8          0.1500     2.7500     1733.3333  % 
LB close or above UB, fathomed
86     34     7          0.1500     2.7500     1733.3333  % 
LB close or above UB, fathomed
87     33     11         0.1500     2.7500     1733.3333  % 
LB close or above UB, fathomed
88     32     11         0.1500     2.7500     1733.3333  % 
UB: 2.7499999999999996
branching on 3 with b.
89     33     12         0.1500     2.7500     1733.3333  % 
LB close or above UB, fathomed
90     32     12         0.1500     2.7500     1733.3333  % 
UB: 2.7499999999999996
branching on CartesianIndex(1, 5) with c.
91     33     13         0.1500     2.7500     1733.3333  % 
UB: 2.7499999999999996
branching on 1 with b.
92     34     14         0.1500     2.7500     1733.3333  % 
LB close or above UB, fathomed
93     33     14         0.1500     2.7500     1733.3333  % 
UB: 2.7499999999999996
branching on CartesianIndex(2, 5) with c.
94     34     15         0.1500     2.7500     1733.3333  % 
LB close or above UB, fathomed
95     33     15         0.1500     2.7500     1733.3333  % 
UB: 2.7499999999999996
branching on CartesianIndex(1, 6) with c.
96     34     16         0.1500     2.7500     1733.3333  % 
UB: 2.7499999999999996
branching on 2 with b.
97     35     17         0.1500     2.7500     1733.3333  % 
UB: 2.7499999999999996
branching on CartesianIndex(2, 6) with c.
98     36     18         0.1500     2.7500     1733.3333  % 
LB close or above UB, fathomed
99     35     18         0.1500     2.7500     1733.3333  % 
UB: 2.7499999999999996
branching on CartesianIndex(1, 7) with c.
100    36     19         0.1500     2.7500     1733.3333  % 
UB: 2.7499999999999996
branching on CartesianIndex(2, 7) with c.
101    37     20         0.1500     2.7500     1733.3333  % 
UB: 2.7499999999999996
branching on 3 with b.
102    38     21         0.1500     2.7500     1733.3333  % 
LB close or above UB, fathomed
103    37     21         0.1500     2.7500     1733.3333  % 
LB close or above UB, fathomed
104    36     20         0.1500     2.7500     1733.3333  % 
LB close or above UB, fathomed
105    35     19         0.1500     2.7500     1733.3333  % 
LB close or above UB, fathomed
106    34     17         0.1500     2.7500     1733.3333  % 
LB close or above UB, fathomed
107    33     16         0.1500     2.7500     1733.3333  % 
LB close or above UB, fathomed
108    32     13         0.1500     2.7500     1733.3333  % 
LB close or above UB, fathomed
109    31     11         0.1500     2.7500     1733.3333  % 
LB close or above UB, fathomed
110    30     11         0.1500     2.7500     1733.3333  % 
UB: 2.7499999999999996
branching on CartesianIndex(1, 5) with c.
111    31     12         0.1500     2.7500     1733.3333  % 
UB: 2.7499999999999996
branching on 3 with b.
112    32     13         0.1500     2.7500     1733.3333  % 
LB close or above UB, fathomed
113    31     13         0.1500     2.7500     1733.3333  % 
UB: 2.7499999999999996
branching on CartesianIndex(2, 5) with c.
114    32     14         0.1500     2.7500     1733.3333  % 
LB close or above UB, fathomed
115    31     14         0.1500     2.7500     1733.3333  % 
UB: 2.7499999999999996
branching on 1 with b.
116    32     15         0.1500     2.7500     1733.3333  % 
LB close or above UB, fathomed
117    31     15         0.1500     2.7500     1733.3333  % 
UB: 2.7499999999999996
branching on CartesianIndex(1, 6) with c.
118    32     16         0.1500     2.7500     1733.3333  % 
UB: 2.7499999999999996
branching on CartesianIndex(2, 6) with c.
119    33     17         0.1500     2.7500     1733.3333  % 
LB close or above UB, fathomed
120    32     17         0.1500     2.7500     1733.3333  % 
UB: 2.7499999999999996
branching on CartesianIndex(1, 7) with c.
121    33     18         0.1500     2.7500     1733.3333  % 
UB: 2.7499999999999996
branching on CartesianIndex(2, 7) with c.
122    34     19         0.1500     2.7500     1733.3333  % 
UB: 2.7499999999999996
branching on 2 with b.
123    35     20         0.1500     2.7500     1733.3333  % 
LB close or above UB, fathomed
124    34     20         0.1500     2.7500     1733.3333  % 
UB: 2.7499999999999996
branching on 3 with b.
125    35     21         0.1500     2.7500     1733.3333  % 
LB close or above UB, fathomed
126    34     21         0.1500     2.7500     1733.3333  % 
LB close or above UB, fathomed
127    33     19         0.1500     2.7500     1733.3333  % 
LB close or above UB, fathomed
128    32     18         0.1500     2.7500     1733.3333  % 
LB close or above UB, fathomed
129    31     16         0.1500     2.7500     1733.3333  % 
LB close or above UB, fathomed
130    30     12         0.1500     2.7500     1733.3333  % 
LB close or above UB, fathomed
131    29     12         0.1500     2.7500     1733.3333  % 
LB close or above UB, fathomed
132    28     12         0.1500     2.7500     1733.3333  % 
UB: 2.7499999999999996
branching on CartesianIndex(1, 5) with c.
133    29     13         0.1500     2.7500     1733.3333  % 
UB: 2.7499999999999996
branching on 1 with b.
134    30     14         0.1500     2.7500     1733.3333  % 
LB close or above UB, fathomed
135    29     14         0.1500     2.7500     1733.3333  % 
UB: 2.7499999999999996
branching on 2 with b.
136    30     15         0.1500     2.7500     1733.3333  % 
LB close or above UB, fathomed
137    29     15         0.1500     2.7500     1733.3333  % 
UB: 2.7499999999999996
branching on 3 with b.
138    30     16         0.1500     2.7500     1733.3333  % 
UB: 2.7499999999999996
branching on 1 with b.
139    31     17         0.1500     2.7500     1733.3333  % 
LB close or above UB, fathomed
140    30     17         0.1500     2.7500     1733.3333  % 
UB: 2.7499999999999996
branching on CartesianIndex(2, 5) with c.
141    31     18         0.1500     2.7500     1733.3333  % 
LB close or above UB, fathomed
142    30     18         0.1500     2.7500     1733.3333  % 
UB: 2.7499999999999996
branching on CartesianIndex(1, 6) with c.
143    31     19         0.1500     2.7500     1733.3333  % 
UB: 2.7499999999999996
branching on 2 with b.
144    32     20         0.1500     2.7500     1733.3333  % 
LB close or above UB, fathomed
145    31     20         0.1500     2.7500     1733.3333  % 
LB close or above UB, fathomed
146    30     19         0.1500     2.7500     1733.3333  % 
LB close or above UB, fathomed
147    29     16         0.1500     2.7500     1733.3333  % 
LB close or above UB, fathomed
148    28     13         0.1500     2.7500     1733.3333  % 
LB close or above UB, fathomed
149    27     12         0.1500     2.7500     1733.3333  % 
LB close or above UB, fathomed
150    26     12         0.1500     2.7500     1733.3333  % 
UB: 2.7499999999999996
branching on CartesianIndex(1, 5) with c.
151    27     13         0.1500     2.7500     1733.3333  % 
UB: 2.7499999999999996
branching on CartesianIndex(2, 5) with c.
152    28     14         0.1500     2.7500     1733.3333  % 
LB close or above UB, fathomed
153    27     14         0.1500     2.7500     1733.3333  % 
UB: 2.7499999999999996
branching on CartesianIndex(1, 6) with c.
154    28     15         0.1500     2.7500     1733.3333  % 
UB: 2.7499999999999996
branching on 1 with b.
155    29     16         0.1500     2.7500     1733.3333  % 
LB close or above UB, fathomed
156    28     16         0.1500     2.7500     1733.3333  % 
UB: 2.7499999999999996
branching on CartesianIndex(2, 6) with c.
157    29     17         0.1500     2.7500     1733.3333  % 
UB: 2.7499999999999996
branching on CartesianIndex(1, 7) with c.
158    30     18         0.1500     2.7500     1733.3333  % 
UB: 2.7499999999999996
branching on 2 with b.
159    31     19         0.1500     2.7500     1733.3333  % 
LB close or above UB, fathomed
160    30     19         0.1500     2.7500     1733.3333  % 
UB: 2.7499999999999996
branching on CartesianIndex(2, 7) with c.
161    31     20         0.1500     2.7500     1733.3333  % 
LB close or above UB, fathomed
162    30     20         0.1500     2.7500     1733.3333  % 
LB close or above UB, fathomed
163    29     18         0.1500     2.7500     1733.3333  % 
LB close or above UB, fathomed
164    28     17         0.1500     2.7500     1733.3333  % 
LB close or above UB, fathomed
165    27     15         0.1500     2.7500     1733.3333  % 
LB close or above UB, fathomed
166    26     13         0.1500     2.7500     1733.3333  % 
LB close or above UB, fathomed
167    25     11         0.1500     2.7500     1733.3333  % 
LB close or above UB, fathomed
168    24     11         0.1500     2.7500     1733.3333  % 
UB: 2.7499999999999996
branching on CartesianIndex(1, 5) with c.
169    25     12         0.1500     2.7500     1733.3333  % 
UB: 2.7499999999999996
branching on CartesianIndex(2, 5) with c.
170    26     13         0.1500     2.7500     1733.3333  % 
UB: 2.7499999999999996
branching on 3 with b.
171    27     14         0.1500     2.7500     1733.3333  % 
LB close or above UB, fathomed
172    26     14         0.1500     2.7500     1733.3333  % 
UB: 2.7499999999999996
branching on CartesianIndex(1, 6) with c.
173    27     15         0.1500     2.7500     1733.3333  % 
UB: 2.7499999999999996
branching on CartesianIndex(2, 6) with c.
174    28     16         0.1500     2.7500     1733.3333  % 
LB close or above UB, fathomed
175    27     16         0.1500     2.7500     1733.3333  % 
UB: 2.7499999999999996
branching on CartesianIndex(1, 7) with c.
176    28     17         0.1500     2.7500     1733.3333  % 
UB: 2.7499999999999996
branching on CartesianIndex(2, 7) with c.
177    29     18         0.1500     2.7500     1733.3333  % 
UB: 2.7499999999999996
branching on 1 with b.
178    30     19         0.1500     2.7500     1733.3333  % 
LB close or above UB, fathomed
179    29     19         0.1500     2.7500     1733.3333  % 
LB close or above UB, fathomed
180    28     18         0.1500     2.7500     1733.3333  % 
LB close or above UB, fathomed
181    27     17         0.1500     2.7500     1733.3333  % 
LB close or above UB, fathomed
182    26     15         0.1500     2.7500     1733.3333  % 
LB close or above UB, fathomed
183    25     13         0.1500     2.7500     1733.3333  % 
UB: 2.7499999999999996
branching on 3 with b.
184    26     14         0.1500     2.7500     1733.3333  % 
LB close or above UB, fathomed
185    25     14         0.1500     2.7500     1733.3333  % 
UB: 2.7499999999999996
branching on CartesianIndex(1, 6) with c.
186    26     15         0.1500     2.7500     1733.3333  % 
UB: 2.7499999999999996
branching on 1 with b.
187    27     16         0.1500     2.7500     1733.3333  % 
LB close or above UB, fathomed
188    26     16         0.1500     2.7500     1733.3333  % 
UB: 2.7499999999999996
branching on CartesianIndex(2, 6) with c.
189    27     17         0.1500     2.7500     1733.3333  % 
LB close or above UB, fathomed
190    26     17         0.1500     2.7500     1733.3333  % 
UB: 2.7499999999999996
branching on CartesianIndex(1, 7) with c.
191    27     18         0.1500     2.7500     1733.3333  % 
UB: 2.7499999999999996
branching on CartesianIndex(2, 7) with c.
192    28     19         0.1500     2.7500     1733.3333  % 
UB: 2.7499999999999996
branching on 2 with b.
193    29     20         0.1500     2.7500     1733.3333  % 
UB: 2.7499999999999996
branching on 3 with b.
194    30     21         0.1500     2.7500     1733.3333  % 
LB close or above UB, fathomed
195    29     21         0.1500     2.7500     1733.3333  % 
LB close or above UB, fathomed
196    28     20         0.1500     2.7500     1733.3333  % 
LB close or above UB, fathomed
197    27     19         0.1500     2.7500     1733.3333  % 
LB close or above UB, fathomed
198    26     18         0.1500     2.7500     1733.3333  % 
LB close or above UB, fathomed
199    25     15         0.1500     2.7500     1733.3333  % 
LB close or above UB, fathomed
200    24     12         0.1500     2.7500     1733.3333  % 
UB: 2.7499999999999996
branching on CartesianIndex(1, 6) with c.
201    25     13         0.1500     2.7500     1733.3333  % 
UB: 2.7499999999999996
branching on CartesianIndex(2, 6) with c.
202    26     14         0.1500     2.7500     1733.3333  % 
LB close or above UB, fathomed
203    25     14         0.1500     2.7500     1733.3333  % 
UB: 2.7499999999999996
branching on CartesianIndex(1, 7) with c.
204    26     15         0.1500     2.7500     1733.3333  % 
UB: 2.7499999999999996
branching on 3 with b.
205    27     16         0.1500     2.7500     1733.3333  % 
LB close or above UB, fathomed
206    26     16         0.1500     2.7500     1733.3333  % 
UB: 2.7499999999999996
branching on CartesianIndex(2, 7) with c.
207    27     17         0.1500     2.7500     1733.3333  % 
UB: 2.7499999999999996
branching on 1 with b.
208    28     18         0.1500     2.7500     1733.3333  % 
LB close or above UB, fathomed
209    27     18         0.1500     2.7500     1733.3333  % 
LB close or above UB, fathomed
210    26     17         0.1500     2.7500     1733.3333  % 
LB close or above UB, fathomed
211    25     15         0.1500     2.7500     1733.3333  % 
LB close or above UB, fathomed
212    24     13         0.1500     2.7500     1733.3333  % 
LB close or above UB, fathomed
213    23     11         0.1500     2.7500     1733.3333  % 
LB close or above UB, fathomed
214    22     11         0.1500     2.7500     1733.3333  % 
UB: 2.7499999999999996
branching on CartesianIndex(1, 4) with c.
215    23     12         0.1500     2.7500     1733.3333  % 
UB: 2.7499999999999996
branching on CartesianIndex(2, 4) with c.
216    24     13         0.1500     2.7500     1733.3333  % 
UB: 2.7499999999999996
branching on CartesianIndex(1, 5) with c.
217    25     14         0.1500     2.7500     1733.3333  % 
LB close or above UB, fathomed
218    24     14         0.1500     2.7500     1733.3333  % 
UB: 2.7499999999999996
branching on 1 with b.
219    25     15         0.1500     2.7500     1733.3333  % 
LB close or above UB, fathomed
220    24     15         0.1500     2.7500     1733.3333  % 
LB close or above UB, fathomed
221    23     13         0.1500     2.7500     1733.3333  % 
UB: 2.7499999999999996
branching on CartesianIndex(1, 5) with c.
222    24     14         0.1500     2.7500     1733.3333  % 
LB close or above UB, fathomed
223    23     14         0.1500     2.7500     1733.3333  % 
UB: 2.7499999999999996
branching on CartesianIndex(1, 6) with c.
224    24     15         0.1500     2.7500     1733.3333  % 
UB: 2.7499999999999996
branching on CartesianIndex(2, 6) with c.
225    25     16         0.1500     2.7500     1733.3333  % 
LB close or above UB, fathomed
226    24     16         0.1500     2.7500     1733.3333  % 
UB: 2.7499999999999996
branching on CartesianIndex(1, 7) with c.
227    25     17         0.1500     2.7500     1733.3333  % 
UB: 2.7499999999999996
branching on CartesianIndex(2, 7) with c.
228    26     18         0.1500     2.7500     1733.3333  % 
UB: 2.7499999999999996
branching on 1 with b.
229    27     19         0.1500     2.7500     1733.3333  % 
LB close or above UB, fathomed
230    26     19         0.1500     2.7500     1733.3333  % 
LB close or above UB, fathomed
231    25     18         0.1500     2.7500     1733.3333  % 
LB close or above UB, fathomed
232    24     17         0.1500     2.7500     1733.3333  % 
LB close or above UB, fathomed
233    23     15         0.1500     2.7500     1733.3333  % 
LB close or above UB, fathomed
234    22     12         0.1500     2.7500     1733.3333  % 
UB: 2.7499999999999996
branching on 1 with b.
235    23     13         0.1500     2.7500     1733.3333  % 
LB close or above UB, fathomed
236    22     13         0.1500     2.7500     1733.3333  % 
LB close or above UB, fathomed
237    21     11         0.1500     2.7500     1733.3333  % 
LB close or above UB, fathomed
238    20     11         0.1500     2.7500     1733.3333  % 
UB: 2.7499999999999996
branching on CartesianIndex(1, 5) with c.
239    21     12         0.1500     2.7500     1733.3333  % 
UB: 2.7499999999999996
branching on 3 with b.
240    22     13         0.1500     2.7500     1733.3333  % 
LB close or above UB, fathomed
241    21     13         0.1500     2.7500     1733.3333  % 
UB: 2.7499999999999996
branching on CartesianIndex(2, 5) with c.
242    22     14         0.1500     2.7500     1733.3333  % 
UB: 2.7499999999999996
branching on CartesianIndex(1, 6) with c.
243    23     15         0.1500     2.7500     1733.3333  % 
UB: 2.7499999999999996
branching on CartesianIndex(2, 6) with c.
244    24     16         0.1500     2.7500     1733.3333  % 
LB close or above UB, fathomed
245    23     16         0.1500     2.7500     1733.3333  % 
UB: 2.7499999999999996
branching on CartesianIndex(1, 7) with c.
246    24     17         0.1500     2.7500     1733.3333  % 
UB: 2.7499999999999996
branching on 1 with b.
247    25     18         0.1500     2.7500     1733.3333  % 
LB close or above UB, fathomed
248    24     18         0.1500     2.7500     1733.3333  % 
LB close or above UB, fathomed
249    23     17         0.1500     2.7500     1733.3333  % 
LB close or above UB, fathomed
250    22     15         0.1500     2.7500     1733.3333  % 
LB close or above UB, fathomed
251    21     14         0.1500     2.7500     1733.3333  % 
UB: 2.7499999999999996
branching on CartesianIndex(1, 6) with c.
252    22     15         0.1500     2.7500     1733.3333  % 
UB: 2.7499999999999996
branching on CartesianIndex(2, 6) with c.
253    23     16         0.1500     2.7500     1733.3333  % 
LB close or above UB, fathomed
254    22     16         0.1500     2.7500     1733.3333  % 
UB: 2.7499999999999996
branching on CartesianIndex(1, 7) with c.
255    23     17         0.1500     2.7500     1733.3333  % 
UB: 2.7499999999999996
branching on CartesianIndex(2, 7) with c.
256    24     18         0.1500     2.7500     1733.3333  % 
UB: 2.7499999999999996
branching on 1 with b.
257    25     19         0.1500     2.7500     1733.3333  % 
LB close or above UB, fathomed
258    24     19         0.1500     2.7500     1733.3333  % 
LB close or above UB, fathomed
259    23     18         0.1500     2.7500     1733.3333  % 
LB close or above UB, fathomed
260    22     17         0.1500     2.7500     1733.3333  % 
LB close or above UB, fathomed
261    21     15         0.1500     2.7500     1733.3333  % 
LB close or above UB, fathomed
262    20     12         0.1500     2.7500     1733.3333  % 
UB: 2.7499999999999996
branching on 3 with b.
263    21     13         0.1500     2.7500     1733.3333  % 
LB close or above UB, fathomed
264    20     13         0.1500     2.7500     1733.3333  % 
UB: 2.7499999999999996
branching on 1 with b.
265    21     14         0.1500     2.7500     1733.3333  % 
UB: 2.7499999999999996
branching on CartesianIndex(1, 6) with c.
266    22     14         0.1500     2.7500     1733.3333  % 
LB close or above UB, fathomed
267    21     12         0.1500     2.7500     1733.3333  % 
UB: 2.7499999999999996
branching on CartesianIndex(2, 4) with c.
268    22     13         0.1500     2.7500     1733.3333  % 
UB: 2.7499999999999996
branching on 1 with b.
269    23     14         0.1500     2.7500     1733.3333  % 
LB close or above UB, fathomed
270    22     14         0.1500     2.7500     1733.3333  % 
LB close or above UB, fathomed
271    21     13         0.1500     2.7500     1733.3333  % 
UB: 2.7499999999999996
branching on CartesianIndex(1, 5) with c.
272    22     14         0.1500     2.7500     1733.3333  % 
LB close or above UB, fathomed
273    21     14         0.1500     2.7500     1733.3333  % 
UB: 2.7499999999999996
branching on CartesianIndex(1, 6) with c.
274    22     15         0.1500     2.7500     1733.3333  % 
UB: 2.7499999999999996
branching on 1 with b.
275    23     16         0.1500     2.7500     1733.3333  % 
LB close or above UB, fathomed
276    22     16         0.1500     2.7500     1733.3333  % 
LB close or above UB, fathomed
277    21     15         0.1500     2.7500     1733.3333  % 
LB close or above UB, fathomed
278    20     12         0.1500     2.7500     1733.3333  % 
UB: 2.7499999999999996
branching on CartesianIndex(1, 5) with c.
279    21     13         0.1500     2.7500     1733.3333  % 
UB: 2.7499999999999996
branching on CartesianIndex(2, 5) with c.
280    22     14         0.1500     2.7500     1733.3333  % 
UB: 2.7499999999999996
branching on CartesianIndex(1, 6) with c.
281    23     15         0.1500     2.7500     1733.3333  % 
UB: 2.7499999999999996
branching on CartesianIndex(2, 6) with c.
282    24     16         0.1500     2.7500     1733.3333  % 
LB close or above UB, fathomed
283    23     16         0.1500     2.7500     1733.3333  % 
UB: 2.7499999999999996
branching on CartesianIndex(1, 7) with c.
284    24     17         0.1500     2.7500     1733.3333  % 
UB: 2.7499999999999996
branching on CartesianIndex(2, 7) with c.
285    25     18         0.1500     2.7500     1733.3333  % 
UB: 2.7499999999999996
branching on 1 with b.
286    26     19         0.1500     2.7500     1733.3333  % 
LB close or above UB, fathomed
287    25     19         0.1500     2.7500     1733.3333  % 
LB close or above UB, fathomed
288    24     18         0.1500     2.7500     1733.3333  % 
LB close or above UB, fathomed
289    23     17         0.1500     2.7500     1733.3333  % 
LB close or above UB, fathomed
290    22     15         0.1500     2.7500     1733.3333  % 
LB close or above UB, fathomed
291    21     14         0.1500     2.7500     1733.3333  % 
UB: 2.7499999999999996
branching on CartesianIndex(1, 6) with c.
292    22     15         0.1500     2.7500     1733.3333  % 
UB: 2.7499999999999996
branching on CartesianIndex(2, 6) with c.
293    23     16         0.1500     2.7500     1733.3333  % 
LB close or above UB, fathomed
294    22     16         0.1500     2.7500     1733.3333  % 
UB: 2.7499999999999996
branching on 1 with b.
295    23     17         0.1500     2.7500     1733.3333  % 
LB close or above UB, fathomed
296    22     17         0.1500     2.7500     1733.3333  % 
UB: 2.7499999999999996
branching on CartesianIndex(1, 7) with c.
297    23     18         0.1500     2.7500     1733.3333  % 
UB: 2.7499999999999996
branching on CartesianIndex(2, 7) with c.
298    24     19         0.1500     2.7500     1733.3333  % 
UB: 2.7499999999999996
branching on 2 with b.
299    25     20         0.1500     2.7500     1733.3333  % 
LB close or above UB, fathomed
300    24     20         0.1500     2.7500     1733.3333  % 
UB: 2.7499999999999996
branching on 3 with b.
301    25     21         0.1500     2.7500     1733.3333  % 
LB close or above UB, fathomed
302    24     21         0.1500     2.7500     1733.3333  % 
LB close or above UB, fathomed
303    23     19         0.1500     2.7500     1733.3333  % 
LB close or above UB, fathomed
304    22     18         0.1500     2.7500     1733.3333  % 
LB close or above UB, fathomed
305    21     15         0.1500     2.7500     1733.3333  % 
LB close or above UB, fathomed
306    20     13         0.1500     2.7500     1733.3333  % 
UB: 2.7499999999999996
branching on CartesianIndex(1, 6) with c.
307    21     14         0.1500     2.7500     1733.3333  % 
UB: 2.7499999999999996
branching on 1 with b.
308    22     15         0.1500     2.7500     1733.3333  % 
LB close or above UB, fathomed
309    21     15         0.1500     2.7500     1733.3333  % 
LB close or above UB, fathomed
310    20     14         0.1500     2.7500     1733.3333  % 
LB close or above UB, fathomed
311    19     12         2.6778     2.7500     2.6971     % 
UB: 2.7499999999999996
branching on CartesianIndex(2, 6) with c.
312    20     12         2.6778     2.7500     2.6971     % 
LB close or above UB, fathomed
313    19     8          2.7000     2.7500     1.8519     % 
UB: 2.7499999999999996
branching on 2 with b.
314    20     9          2.7000     2.7500     1.8519     % 
UB: 2.7499999999999996
branching on 1 with b.
315    21     10         2.7000     2.7500     1.8519     % 
LB close or above UB, fathomed
316    20     10         2.7000     2.7500     1.8519     % 
UB: 2.7499999999999996
branching on 2 with b.
317    21     11         2.7000     2.7500     1.8519     % 
UB: 2.7499999999999996
branching on CartesianIndex(1, 4) with c.
318    22     12         2.7000     2.7500     1.8519     % 
LB close or above UB, fathomed
319    21     12         2.7000     2.7500     1.8519     % 
UB: 2.7499999999999996
branching on CartesianIndex(1, 5) with c.
320    22     13         2.7000     2.7500     1.8519     % 
LB close or above UB, fathomed
321    21     13         2.7000     2.7500     1.8519     % 
LB close or above UB, fathomed
322    20     11         2.7000     2.7500     1.8519     % 
UB: 2.7499999999999996
branching on CartesianIndex(1, 4) with c.
323    21     9          2.7000     2.7500     1.8519     % 
UB: 2.7499999999999996
branching on 1 with b.
324    22     10         2.7000     2.7500     1.8519     % 
LB close or above UB, fathomed
325    21     10         2.7000     2.7500     1.8519     % 
UB: 2.7499999999999996
branching on CartesianIndex(1, 4) with c.
326    22     11         2.7000     2.7500     1.8519     % 
LB close or above UB, fathomed
327    21     11         2.7000     2.7500     1.8519     % 
UB: 2.7499999999999996
branching on CartesianIndex(1, 5) with c.
328    22     12         2.7000     2.7500     1.8519     % 
UB: 2.7499999999999996
branching on CartesianIndex(2, 5) with c.
329    23     13         2.7000     2.7500     1.8519     % 
LB close or above UB, fathomed
330    22     13         2.7000     2.7500     1.8519     % 
UB: 2.7499999999999996
branching on CartesianIndex(1, 7) with c.
331    23     14         2.7000     2.7500     1.8519     % 
UB: 2.7499999999999996
branching on CartesianIndex(2, 7) with c.
332    24     15         2.7000     2.7500     1.8519     % 
LB close or above UB, fathomed
333    23     15         2.7000     2.7500     1.8519     % 
LB close or above UB, fathomed
334    22     14         2.7000     2.7500     1.8519     % 
LB close or above UB, fathomed
335    21     12         2.7000     2.7500     1.8519     % 
LB close or above UB, fathomed
336    20     8          2.7000     2.7500     1.8519     % 
LB close or above UB, fathomed
337    19     12         2.7000     2.7500     1.8519     % 
LB close or above UB, fathomed
338    18     12         2.7000     2.7500     1.8519     % 
UB: 2.7499999999999996
branching on CartesianIndex(1, 5) with c.
339    19     13         2.7000     2.7500     1.8519     % 
UB: 2.7499999999999996
branching on 1 with b.
340    20     14         2.7000     2.7500     1.8519     % 
UB: 2.7499999999999996
branching on CartesianIndex(2, 5) with c.
341    21     15         2.7000     2.7500     1.8519     % 
LB close or above UB, fathomed
342    20     15         2.7000     2.7500     1.8519     % 
UB: 2.7499999999999996
branching on CartesianIndex(1, 7) with c.
343    21     16         2.7000     2.7500     1.8519     % 
UB: 2.7499999999999996
branching on CartesianIndex(2, 7) with c.
344    22     17         2.7000     2.7500     1.8519     % 
LB close or above UB, fathomed
345    21     17         2.7000     2.7500     1.8519     % 
LB close or above UB, fathomed
346    20     16         2.7000     2.7500     1.8519     % 
LB close or above UB, fathomed
347    19     14         2.7000     2.7500     1.8519     % 
UB: 2.7499999999999996
branching on CartesianIndex(2, 5) with c.
348    20     15         2.7000     2.7500     1.8519     % 
LB close or above UB, fathomed
349    19     15         2.7000     2.7500     1.8519     % 
UB: 2.7499999999999996
branching on CartesianIndex(1, 7) with c.
350    20     16         2.7000     2.7500     1.8519     % 
UB: 2.7499999999999996
branching on CartesianIndex(2, 7) with c.
351    21     17         2.7000     2.7500     1.8519     % 
UB: 2.7499999999999996
branching on 2 with b.
352    22     18         2.7000     2.7500     1.8519     % 
LB close or above UB, fathomed
353    21     18         2.7000     2.7500     1.8519     % 
LB close or above UB, fathomed
354    20     17         2.7000     2.7500     1.8519     % 
LB close or above UB, fathomed
355    19     16         2.7000     2.7500     1.8519     % 
LB close or above UB, fathomed
356    18     13         2.7000     2.7500     1.8519     % 
LB close or above UB, fathomed
357    17     13         2.7000     2.7500     1.8519     % 
LB close or above UB, fathomed
358    16     13         2.7000     2.7500     1.8519     % 
UB: 2.7499999999999996
branching on CartesianIndex(1, 7) with c.
359    17     14         2.7000     2.7500     1.8519     % 
UB: 2.7499999999999996
branching on CartesianIndex(2, 7) with c.
360    18     15         2.7000     2.7500     1.8519     % 
UB: 2.7499999999999996
branching on 3 with b.
361    19     16         2.7000     2.7500     1.8519     % 
LB close or above UB, fathomed
362    18     16         2.7000     2.7500     1.8519     % 
LB close or above UB, fathomed
363    17     15         2.7000     2.7500     1.8519     % 
LB close or above UB, fathomed
364    16     14         2.7000     2.7500     1.8519     % 
LB close or above UB, fathomed
365    15     8          2.7000     2.7500     1.8519     % 
UB: 2.7499999999999996
branching on CartesianIndex(1, 2) with a.
366    16     9          2.7000     2.7500     1.8519     % 
UB: 2.7499999999999996
branching on CartesianIndex(1, 4) with c.
367    17     10         2.7000     2.7500     1.8519     % 
LB close or above UB, fathomed
368    16     10         2.7000     2.7500     1.8519     % 
UB: 2.7499999999999996
branching on CartesianIndex(1, 5) with c.
369    17     11         2.7000     2.7500     1.8519     % 
UB: 2.7499999999999996
branching on CartesianIndex(2, 5) with c.
370    18     12         2.7000     2.7500     1.8519     % 
LB close or above UB, fathomed
371    17     12         2.7000     2.7500     1.8519     % 
UB: 2.7499999999999996
branching on CartesianIndex(1, 7) with c.
372    18     13         2.7000     2.7500     1.8519     % 
UB: 2.7499999999999996
branching on CartesianIndex(2, 7) with c.
373    19     14         2.7000     2.7500     1.8519     % 
UB: 2.7499999999999996
branching on 1 with b.
374    19     15         2.7000     2.7500     1.8519     % 
UB: 2.7499999999999996
branching on 2 with b.
375    20     16         2.7000     2.7500     1.8519     % 
LB close or above UB, fathomed
376    19     16         2.7000     2.7500     1.8519     % 
UB: 2.7499999999999996
branching on 1 with b.
377    19     17         2.7000     2.7500     1.8519     % 
UB: 2.7499999999999996
branching on 2 with b.
378    20     18         2.7000     2.7500     1.8519     % 
LB close or above UB, fathomed
379    19     18         2.7000     2.7500     1.8519     % 
LB close or above UB, fathomed
380    18     14         2.7000     2.7500     1.8519     % 
LB close or above UB, fathomed
381    17     13         2.7000     2.7500     1.8519     % 
LB close or above UB, fathomed
382    16     11         2.7000     2.7500     1.8519     % 
LB close or above UB, fathomed
383    15     9          2.7000     2.7500     1.8519     % 
LB close or above UB, fathomed
384    14     8          2.7000     2.7500     1.8519     % 
UB: 2.7499999999999996
branching on 1 with b.
385    14     9          2.7000     2.7500     1.8519     % 
UB: 2.7499999999999996
branching on CartesianIndex(1, 2) with a.
386    15     10         2.7000     2.7500     1.8519     % 
LB close or above UB, fathomed
387    14     10         2.7000     2.7500     1.8519     % 
LB close or above UB, fathomed
388    13     12         2.7000     2.7500     1.8519     % 
UB: 2.7499999999999996
branching on CartesianIndex(2, 6) with c.
389    14     13         2.7000     2.7500     1.8519     % 
LB close or above UB, fathomed
390    13     13         2.7000     2.7500     1.8519     % 
UB: 2.7499999999999996
branching on CartesianIndex(1, 7) with c.
391    14     14         2.7000     2.7500     1.8519     % 
UB: 2.7499999999999996
branching on 3 with b.
392    15     15         2.7000     2.7500     1.8519     % 
LB close or above UB, fathomed
393    14     15         2.7000     2.7500     1.8519     % 
LB close or above UB, fathomed
394    13     14         2.7000     2.7500     1.8519     % 
LB close or above UB, fathomed
395    12     12         2.7000     2.7500     1.8519     % 
LB close or above UB, fathomed
396    11     10         2.7000     2.7500     1.8519     % 
UB: 2.7499999999999996
branching on CartesianIndex(2, 6) with c.
397    12     11         2.7000     2.7500     1.8519     % 
LB close or above UB, fathomed
398    11     11         2.7000     2.7500     1.8519     % 
UB: 2.7499999999999996
branching on 3 with b.
399    12     12         2.7000     2.7500     1.8519     % 
LB close or above UB, fathomed
400    11     12         2.7000     2.7500     1.8519     % 
UB: 2.7499999999999996
branching on CartesianIndex(1, 7) with c.
401    12     13         2.7000     2.7500     1.8519     % 
UB: 2.7499999999999996
branching on 1 with b.
402    13     14         2.7000     2.7500     1.8519     % 
LB close or above UB, fathomed
403    12     14         2.7000     2.7500     1.8519     % 
UB: 2.7499999999999996
branching on CartesianIndex(2, 7) with c.
404    13     15         2.7000     2.7500     1.8519     % 
UB: 2.7499999999999996
branching on 3 with b.
405    14     16         2.7000     2.7500     1.8519     % 
LB close or above UB, fathomed
406    13     16         2.7000     2.7500     1.8519     % 
LB close or above UB, fathomed
407    12     15         2.7000     2.7500     1.8519     % 
LB close or above UB, fathomed
408    11     13         2.7000     2.7500     1.8519     % 
LB close or above UB, fathomed
409    10     10         2.7000     2.7500     1.8519     % 
LB close or above UB, fathomed
410    9      6          2.7000     2.7500     1.8519     % 
UB: 2.7499999999999996
branching on CartesianIndex(1, 3) with a.
411    10     7          2.7000     2.7500     1.8519     % 
UB: 2.7499999999999996
branching on CartesianIndex(1, 5) with c.
412    11     8          2.7000     2.7500     1.8519     % 
LB close or above UB, fathomed
413    10     8          2.7000     2.7500     1.8519     % 
UB: 2.7499999999999996
branching on CartesianIndex(1, 6) with c.
414    11     9          2.7000     2.7500     1.8519     % 
LB close or above UB, fathomed
415    10     9          2.7000     2.7500     1.8519     % 
LB close or above UB, fathomed
416    9      7          2.7000     2.7500     1.8519     % 
UB: 2.7499999999999996
branching on CartesianIndex(1, 5) with c.
417    10     8          2.7000     2.7500     1.8519     % 
LB close or above UB, fathomed
418    9      8          2.7000     2.7500     1.8519     % 
UB: 2.7499999999999996
branching on 1 with b.
419    10     9          2.7000     2.7500     1.8519     % 
UB: 2.7499999999999996
branching on 3 with b.
420    11     10         2.7000     2.7500     1.8519     % 
LB close or above UB, fathomed
421    10     10         2.7000     2.7500     1.8519     % 
UB: 2.7499999999999996
branching on CartesianIndex(1, 6) with c.
422    11     11         2.7000     2.7500     1.8519     % 
UB: 2.7499999999999996
branching on CartesianIndex(2, 6) with c.
423    12     12         2.7000     2.7500     1.8519     % 
LB close or above UB, fathomed
424    11     12         2.7000     2.7500     1.8519     % 
UB: 2.7499999999999996
branching on CartesianIndex(1, 7) with c.
425    12     13         2.7000     2.7500     1.8519     % 
UB: 2.7499999999999996
branching on CartesianIndex(2, 7) with c.
426    13     14         2.7000     2.7500     1.8519     % 
UB: 2.7499999999999996
branching on 1 with b.
427    13     15         2.7000     2.7500     1.8519     % 
UB: 2.7499999999999996
branching on 3 with b.
428    14     16         2.7000     2.7500     1.8519     % 
LB close or above UB, fathomed
429    13     16         2.7000     2.7500     1.8519     % 
LB close or above UB, fathomed
430    12     14         2.7000     2.7500     1.8519     % 
LB close or above UB, fathomed
431    11     13         2.7000     2.7500     1.8519     % 
LB close or above UB, fathomed
432    10     11         2.7000     2.7500     1.8519     % 
LB close or above UB, fathomed
433    9      9          2.7000     2.7500     1.8519     % 
UB: 2.7499999999999996
branching on 3 with b.
434    10     10         2.7000     2.7500     1.8519     % 
LB close or above UB, fathomed
435    9      10         2.7000     2.7500     1.8519     % 
UB: 2.7499999999999996
branching on 1 with b.
436    9      11         2.7000     2.7500     1.8519     % 
UB: 2.7499999999999996
branching on CartesianIndex(1, 6) with c.
437    10     12         2.7000     2.7500     1.8519     % 
UB: 2.7499999999999996
branching on 3 with b.
438    11     13         2.7000     2.7500     1.8519     % 
LB close or above UB, fathomed
439    10     13         2.7000     2.7500     1.8519     % 
LB close or above UB, fathomed
440    9      12         2.7000     2.7500     1.8519     % 
LB close or above UB, fathomed
441    8      6          2.7000     2.7500     1.8519     % 
UB: 2.7499999999999996
branching on 1 with b.
442    9      7          2.7000     2.7500     1.8519     % 
UB: 2.7499999999999996
branching on CartesianIndex(1, 3) with a.
443    10     8          2.7000     2.7500     1.8519     % 
LB close or above UB, fathomed
444    9      8          2.7000     2.7500     1.8519     % 
UB: 2.7499999999999996
branching on 3 with b.
445    10     9          2.7000     2.7500     1.8519     % 
LB close or above UB, fathomed
446    9      9          2.7000     2.7500     1.8519     % 
UB: 2.7499999999999996
branching on 1 with b.
447    10     10         2.7000     2.7500     1.8519     % 
LB close or above UB, fathomed
448    9      10         2.7000     2.7500     1.8519     % 
UB: 2.7499999999999996
branching on 3 with b.
449    10     11         2.7000     2.7500     1.8519     % 
LB close or above UB, fathomed
450    9      11         2.7000     2.7500     1.8519     % 
LB close or above UB, fathomed
451    8      7          2.7000     2.7500     1.8519     % 
LB close or above UB, fathomed
452    7      8          2.7000     2.7500     1.8519     % 
UB: 2.7499999999999996
branching on 3 with b.
453    8      9          2.7000     2.7500     1.8519     % 
LB close or above UB, fathomed
454    7      9          2.7000     2.7500     1.8519     % 
LB close or above UB, fathomed
455    6      8          2.7000     2.7500     1.8519     % 
UB: 2.7499999999999996
branching on CartesianIndex(1, 5) with c.
456    7      9          2.7000     2.7500     1.8519     % 
LB close or above UB, fathomed
457    6      9          2.7000     2.7500     1.8519     % 
UB: 2.7499999999999996
branching on CartesianIndex(1, 6) with c.
458    7      10         2.7000     2.7500     1.8519     % 
UB: 2.7499999999999996
branching on 3 with b.
459    8      11         2.7000     2.7500     1.8519     % 
LB close or above UB, fathomed
460    7      11         2.7000     2.7500     1.8519     % 
UB: 2.7499999999999996
branching on CartesianIndex(2, 6) with c.
461    8      12         2.7000     2.7500     1.8519     % 
LB close or above UB, fathomed
462    7      12         2.7000     2.7500     1.8519     % 
UB: 2.7499999999999996
branching on CartesianIndex(1, 7) with c.
463    8      13         2.7000     2.7500     1.8519     % 
UB: 2.7499999999999996
branching on CartesianIndex(2, 7) with c.
464    9      14         2.7000     2.7500     1.8519     % 
UB: 2.7499999999999996
branching on 1 with b.
465    10     15         2.7000     2.7500     1.8519     % 
LB close or above UB, fathomed
466    9      15         2.7000     2.7500     1.8519     % 
LB close or above UB, fathomed
467    8      14         2.7000     2.7500     1.8519     % 
LB close or above UB, fathomed
468    7      13         2.7000     2.7500     1.8519     % 
LB close or above UB, fathomed
469    6      10         2.7000     2.7500     1.8519     % 
LB close or above UB, fathomed
470    5      7          2.7000     2.7500     1.8519     % 
UB: 2.7499999999999996
branching on CartesianIndex(1, 4) with c.
471    6      8          2.7000     2.7500     1.8519     % 
LB close or above UB, fathomed
472    5      8          2.7000     2.7500     1.8519     % 
UB: 2.7499999999999996
branching on 1 with b.
473    6      9          2.7000     2.7500     1.8519     % 
UB: 2.7499999999999996
branching on CartesianIndex(1, 5) with c.
474    7      10         2.7000     2.7500     1.8519     % 
UB: 2.7499999999999996
branching on CartesianIndex(2, 5) with c.
475    8      11         2.7000     2.7500     1.8519     % 
LB close or above UB, fathomed
476    7      11         2.7000     2.7500     1.8519     % 
UB: 2.7499999999999996
branching on 2 with b.
477    8      12         2.7000     2.7500     1.8519     % 
UB: 2.7499999999999996
branching on CartesianIndex(1, 7) with c.
478    9      13         2.7000     2.7500     1.8519     % 
UB: 2.7499999999999996
branching on 1 with b.
479    9      14         2.7000     2.7500     1.8519     % 
UB: 2.7499999999999996
branching on CartesianIndex(2, 7) with c.
480    10     15         2.7000     2.7500     1.8519     % 
LB close or above UB, fathomed
481    9      15         2.7000     2.7500     1.8519     % 
LB close or above UB, fathomed
482    8      13         2.7000     2.7500     1.8519     % 
LB close or above UB, fathomed
483    7      12         2.7000     2.7500     1.8519     % 
LB close or above UB, fathomed
484    6      10         2.7000     2.7500     1.8519     % 
LB close or above UB, fathomed
485    5      9          2.7000     2.7500     1.8519     % 
LB close or above UB, fathomed
486    4      7          2.7000     2.7500     1.8519     % 
UB: 2.7499999999999996
branching on 1 with b.
487    5      8          2.7000     2.7500     1.8519     % 
UB: 2.7499999999999996
branching on CartesianIndex(1, 4) with c.
488    6      9          2.7000     2.7500     1.8519     % 
LB close or above UB, fathomed
489    5      9          2.7000     2.7500     1.8519     % 
UB: 2.7499999999999996
branching on 2 with b.
490    6      10         2.7000     2.7500     1.8519     % 
LB close or above UB, fathomed
491    5      10         2.7000     2.7500     1.8519     % 
LB close or above UB, fathomed
492    4      8          2.7000     2.7500     1.8519     % 
LB close or above UB, fathomed
493    3      6          2.7000     2.7500     1.8519     % 
LB close or above UB, fathomed
494    2      6          2.7000     2.7500     1.8519     % 
LB close or above UB, fathomed
495    1      15         2.7167     2.7500     1.2270     % 
LB close or above UB, fathomed
496    0      15         2.7167     2.7500     1.2270     % 
LB close or above UB, fathomed
all node solved
solved nodes:  497
497                                                   2.7333e+00     2.7500e+00     0.6098  % 
2×3 Matrix{Float64}:
 1.0  0.0  1.0
 0.0  1.0  0.0
3-element Vector{Float64}:
 0.6381226889961393
 0.575275835030188
 0.853439090893503
3×7 Matrix{Float64}:
 0.0  0.0  0.0  1.0  0.0  0.0  0.0
 0.0  0.0  0.0  0.0  1.0  1.0  0.0
 0.0  0.0  0.0  0.0  0.0  0.0  1.0
3-element Vector{Float64}:
 1.0
 1.0
 1.0
2×3 Matrix{Float64}:
 1.0  0.0  1.0
 0.0  1.0  0.0
3-element Vector{Float64}:
 0.6315600138725974
 0.41779256190586467
 0.7526895717251731
3×7 Matrix{Float64}:
 0.0  0.0  0.0  1.0  0.0  0.0  0.0
 0.0  0.0  0.0  0.0  1.0  1.0  0.0
 0.0  0.0  0.0  0.0  0.0  0.0  1.0
3-element Vector{Float64}:
 1.0
 1.0
 1.0
comparison (CRT and Glb)on prediction: Dict{Bool, Int64}(0 => 1, 1 => 3)
Dataname	 time	 objv	 lb	 gap	 train_w	 train_g	 test_w	 test_g
small_toy_989.small_toy	 58.25	 2.7499999999999996	 2.733	 0.0061	 88.889	 88.889	 50.0	 75.0
