Running 2 processes.
Start training small_toy_457.small_toy with seed 1.
Any[]
(2, 13)
(2, 6)
(2, 3)
(2, 4)
dimension: 2, class: 3
cart cost: 2.7500000000000004
size of X: (2, 9)
ngroups: 2
UB: 2.6999999999999997
Iter	left	lev	LB	UB	gap	
0      0      1          0.1000     2.7000     2600.0000  % 
UB: 2.6999999999999997
branching on 1 with d.
1      1      2          0.1000     2.7000     2600.0000  % 
LB close or above UB, fathomed
2      0      2          0.1000     2.7000     2600.0000  % 
UB: 2.6999999999999997
branching on 2 with d.
3      1      3          0.1000     2.7000     2600.0000  % 
UB: 2.6999999999999997
branching on 3 with d.
4      2      4          0.1000     2.7000     2600.0000  % 
LB close or above UB, fathomed
5      1      4          0.1000     2.7000     2600.0000  % 
UB: 2.6999999999999997
branching on CartesianIndex(1, 1) with a.
6      2      5          0.1000     2.7000     2600.0000  % 
UB: 2.6999999999999997
branching on CartesianIndex(1, 3) with a.
7      3      6          0.1000     2.7000     2600.0000  % 
LB close or above UB, fathomed
8      2      6          0.1000     2.7000     2600.0000  % 
UB: 2.6999999999999997
branching on CartesianIndex(1, 5) with c.
9      3      7          0.1000     2.7000     2600.0000  % 
LB close or above UB, fathomed
10     2      7          0.1000     2.7000     2600.0000  % 
UB: 2.6999999999999997
branching on CartesianIndex(1, 6) with c.
11     3      8          0.1000     2.7000     2600.0000  % 
UB: 2.6999999999999997
branching on 1 with b.
12     4      9          0.1000     2.7000     2600.0000  % 
UB: 2.6999999999999997
branching on CartesianIndex(2, 6) with c.
13     5      10         0.1000     2.7000     2600.0000  % 
LB close or above UB, fathomed
14     4      10         0.1000     2.7000     2600.0000  % 
LB close or above UB, fathomed
15     3      9          0.1000     2.7000     2600.0000  % 
LB close or above UB, fathomed
16     2      8          0.1000     2.7000     2600.0000  % 
LB close or above UB, fathomed
17     1      5          0.1000     2.7000     2600.0000  % 
LB close or above UB, fathomed
18     0      3          0.1000     2.7000     2600.0000  % 
UB: 2.6999999999999997
branching on 3 with d.
19     1      4          0.1000     2.7000     2600.0000  % 
UB: 2.6999999999999997
branching on CartesianIndex(1, 1) with a.
20     2      5          0.1000     2.7000     2600.0000  % 
LB close or above UB, fathomed
21     1      5          0.1000     2.7000     2600.0000  % 
UB: 2.6999999999999997
branching on CartesianIndex(1, 2) with a.
22     2      6          0.1000     2.7000     2600.0000  % 
UB: 2.6999999999999997
branching on 1 with b.
23     3      7          0.1000     2.7000     2600.0000  % 
LB close or above UB, fathomed
24     2      7          0.1000     2.7000     2600.0000  % 
UB: 2.6999999999999997
branching on 1 with b.
25     3      8          0.1000     2.7000     2600.0000  % 
LB close or above UB, fathomed
26     2      8          0.1000     2.7000     2600.0000  % 
LB close or above UB, fathomed
27     1      6          0.1000     2.7000     2600.0000  % 
LB close or above UB, fathomed
28     0      4          0.1000     2.7000     2600.0000  % 
UB: 2.6999999999999997
branching on 1 with b.
29     1      5          0.1500     2.7000     1700.0000  % 
UB: 2.6999999999999997
branching on CartesianIndex(1, 1) with a.
30     2      6          0.1500     2.7000     1700.0000  % 
UB: 2.6999999999999997
branching on 1 with b.
31     3      7          0.1500     2.7000     1700.0000  % 
LB close or above UB, fathomed
32     2      7          0.1500     2.7000     1700.0000  % 
UB: 2.6999999999999997
branching on CartesianIndex(1, 2) with a.
33     3      8          0.1500     2.7000     1700.0000  % 
UB: 2.6999999999999997
branching on CartesianIndex(1, 3) with a.
34     4      9          0.1500     2.7000     1700.0000  % 
LB close or above UB, fathomed
35     3      9          0.1500     2.7000     1700.0000  % 
UB: 2.6999999999999997
branching on 2 with b.
36     4      10         0.1500     2.7000     1700.0000  % 
UB: 2.6999999999999997
branching on 3 with b.
37     5      11         0.1500     2.7000     1700.0000  % 
LB close or above UB, fathomed
38     4      11         0.1500     2.7000     1700.0000  % 
UB: 2.6999999999999997
branching on CartesianIndex(1, 4) with c.
39     5      12         0.1500     2.7000     1700.0000  % 
UB: 2.6999999999999997
branching on 1 with b.
40     5      12         0.1500     2.7000     1700.0000  % 
UB: 2.6999999999999997
branching on CartesianIndex(1, 5) with c.
41     6      13         0.1500     2.7000     1700.0000  % 
UB: 2.6999999999999997
branching on CartesianIndex(2, 5) with c.
42     7      14         0.1500     2.7000     1700.0000  % 
UB: 2.6999999999999997
branching on CartesianIndex(1, 6) with c.
43     8      15         0.1500     2.7000     1700.0000  % 
UB: 2.6999999999999997
branching on CartesianIndex(2, 6) with c.
44     9      16         0.1500     2.7000     1700.0000  % 
LB close or above UB, fathomed
45     8      16         0.1500     2.7000     1700.0000  % 
LB close or above UB, fathomed
46     7      15         0.1500     2.7000     1700.0000  % 
LB close or above UB, fathomed
47     6      14         0.1500     2.7000     1700.0000  % 
UB: 2.6999999999999997
branching on CartesianIndex(1, 6) with c.
48     7      15         0.1500     2.7000     1700.0000  % 
UB: 2.6999999999999997
branching on CartesianIndex(2, 6) with c.
49     8      16         0.1500     2.7000     1700.0000  % 
LB close or above UB, fathomed
50     7      16         0.1500     2.7000     1700.0000  % 
UB: 2.6999999999999997
branching on CartesianIndex(1, 7) with c.
51     8      17         0.1500     2.7000     1700.0000  % 
UB: 2.6999999999999997
branching on CartesianIndex(2, 7) with c.
52     9      18         0.1500     2.7000     1700.0000  % 
UB: 2.6999999999999997
branching on 1 with b.
53     9      19         0.1500     2.7000     1700.0000  % 
LB close or above UB, fathomed
54     8      18         0.1500     2.7000     1700.0000  % 
LB close or above UB, fathomed
55     7      17         0.1500     2.7000     1700.0000  % 
LB close or above UB, fathomed
56     6      15         0.1500     2.7000     1700.0000  % 
LB close or above UB, fathomed
57     5      13         0.1500     2.7000     1700.0000  % 
UB: 2.6999999999999997
branching on CartesianIndex(1, 6) with c.
58     6      14         0.1500     2.7000     1700.0000  % 
UB: 2.6999999999999997
branching on 1 with b.
59     6      15         0.1500     2.7000     1700.0000  % 
UB: 2.6999999999999997
branching on CartesianIndex(2, 6) with c.
60     7      16         0.1500     2.7000     1700.0000  % 
LB close or above UB, fathomed
61     6      16         0.1500     2.7000     1700.0000  % 
LB close or above UB, fathomed
62     5      14         0.1500     2.7000     1700.0000  % 
LB close or above UB, fathomed
63     4      10         0.1500     2.7000     1700.0000  % 
UB: 2.6999999999999997
branching on 3 with b.
64     5      8          0.1500     2.7000     1700.0000  % 
UB: 2.6999999999999997
branching on CartesianIndex(1, 3) with a.
65     6      9          0.1500     2.7000     1700.0000  % 
LB close or above UB, fathomed
66     5      9          0.1500     2.7000     1700.0000  % 
UB: 2.6999999999999997
branching on 2 with b.
67     6      10         0.1500     2.7000     1700.0000  % 
UB: 2.6999999999999997
branching on CartesianIndex(1, 4) with c.
68     7      11         0.1500     2.7000     1700.0000  % 
UB: 2.6999999999999997
branching on 3 with b.
69     8      11         0.1500     2.7000     1700.0000  % 
UB: 2.6999999999999997
branching on 3 with b.
70     9      12         0.1500     2.7000     1700.0000  % 
LB close or above UB, fathomed
71     8      12         0.1500     2.7000     1700.0000  % 
UB: 2.6999999999999997
branching on CartesianIndex(1, 5) with c.
72     9      13         0.1500     2.7000     1700.0000  % 
LB close or above UB, fathomed
73     8      13         0.1500     2.7000     1700.0000  % 
UB: 2.6999999999999997
branching on CartesianIndex(1, 6) with c.
74     9      14         0.1500     2.7000     1700.0000  % 
UB: 2.6999999999999997
branching on 1 with b.
75     9      15         0.1500     2.7000     1700.0000  % 
UB: 2.6999999999999997
branching on CartesianIndex(2, 6) with c.
76     10     16         0.1500     2.7000     1700.0000  % 
LB close or above UB, fathomed
77     9      16         0.1500     2.7000     1700.0000  % 
LB close or above UB, fathomed
78     8      14         0.1500     2.7000     1700.0000  % 
LB close or above UB, fathomed
79     7      10         0.1500     2.7000     1700.0000  % 
UB: 2.6999999999999997
branching on CartesianIndex(1, 4) with c.
80     8      11         0.1500     2.7000     1700.0000  % 
LB close or above UB, fathomed
81     7      11         0.1500     2.7000     1700.0000  % 
UB: 2.6999999999999997
branching on 3 with b.
82     8      12         0.1500     2.7000     1700.0000  % 
LB close or above UB, fathomed
83     7      12         0.1500     2.7000     1700.0000  % 
UB: 2.6999999999999997
branching on CartesianIndex(1, 5) with c.
84     8      13         0.1500     2.7000     1700.0000  % 
UB: 2.6999999999999997
branching on CartesianIndex(2, 5) with c.
85     9      14         0.1500     2.7000     1700.0000  % 
UB: 2.6999999999999997
branching on CartesianIndex(1, 6) with c.
86     10     15         0.1500     2.7000     1700.0000  % 
UB: 2.6999999999999997
branching on CartesianIndex(2, 6) with c.
87     11     16         0.1500     2.7000     1700.0000  % 
LB close or above UB, fathomed
88     10     16         0.1500     2.7000     1700.0000  % 
LB close or above UB, fathomed
89     9      15         0.1500     2.7000     1700.0000  % 
LB close or above UB, fathomed
90     8      14         0.1500     2.7000     1700.0000  % 
UB: 2.6999999999999997
branching on CartesianIndex(1, 6) with c.
91     9      15         0.1500     2.7000     1700.0000  % 
UB: 2.6999999999999997
branching on 1 with b.
92     9      16         0.1500     2.7000     1700.0000  % 
UB: 2.6999999999999997
branching on CartesianIndex(2, 6) with c.
93     10     17         0.1500     2.7000     1700.0000  % 
LB close or above UB, fathomed
94     9      17         0.1500     2.7000     1700.0000  % 
LB close or above UB, fathomed
95     8      15         0.1500     2.7000     1700.0000  % 
LB close or above UB, fathomed
96     7      13         0.1500     2.7000     1700.0000  % 
UB: 2.6999999999999997
branching on 1 with b.
97     7      14         0.1500     2.7000     1700.0000  % 
UB: 2.6999999999999997
branching on CartesianIndex(1, 6) with c.
98     8      15         0.1500     2.7000     1700.0000  % 
UB: 2.6999999999999997
branching on CartesianIndex(2, 6) with c.
99     9      16         0.1500     2.7000     1700.0000  % 
LB close or above UB, fathomed
100    8      16         0.1500     2.7000     1700.0000  % 
LB close or above UB, fathomed
101    7      15         0.1500     2.7000     1700.0000  % 
LB close or above UB, fathomed
102    6      6          0.1500     2.7000     1700.0000  % 
LB close or above UB, fathomed
103    5      5          0.1500     2.7000     1700.0000  % 
UB: 2.6999999999999997
branching on 1 with b.
104    6      6          0.1500     2.7000     1700.0000  % 
UB: 2.6999999999999997
branching on 2 with b.
105    7      7          0.1500     2.7000     1700.0000  % 
UB: 2.6999999999999997
branching on 3 with b.
106    8      8          0.1500     2.7000     1700.0000  % 
UB: 2.6999999999999997
branching on 1 with b.
107    8      9          0.1500     2.7000     1700.0000  % 
UB: 2.6999999999999997
branching on CartesianIndex(1, 1) with a.
108    9      10         0.1500     2.7000     1700.0000  % 
LB close or above UB, fathomed
109    8      10         0.1500     2.7000     1700.0000  % 
UB: 2.6999999999999997
branching on CartesianIndex(1, 2) with a.
110    9      11         0.1500     2.7000     1700.0000  % 
UB: 2.6999999999999997
branching on CartesianIndex(1, 3) with a.
111    10     11         0.1500     2.7000     1700.0000  % 
UB: 2.6999999999999997
branching on 2 with b.
112    11     12         0.1500     2.7000     1700.0000  % 
UB: 2.6999999999999997
branching on CartesianIndex(1, 3) with a.
113    12     12         0.1500     2.7000     1700.0000  % 
UB: 2.6999999999999997
branching on CartesianIndex(1, 3) with a.
114    13     8          0.1500     2.7000     1700.0000  % 
UB: 2.6999999999999997
branching on CartesianIndex(1, 1) with a.
115    14     9          0.1500     2.7000     1700.0000  % 
LB close or above UB, fathomed
116    13     9          0.1500     2.7000     1700.0000  % 
UB: 2.6999999999999997
branching on CartesianIndex(1, 2) with a.
117    14     10         0.1500     2.7000     1700.0000  % 
UB: 2.6999999999999997
branching on CartesianIndex(1, 3) with a.
118    15     10         0.1500     2.7000     1700.0000  % 
UB: 2.6999999999999997
branching on CartesianIndex(1, 3) with a.
119    16     11         0.1500     2.7000     1700.0000  % 
LB close or above UB, fathomed
120    15     11         0.1500     2.7000     1700.0000  % 
UB: 2.6999999999999997
branching on CartesianIndex(1, 4) with c.
121    16     12         0.1500     2.7000     1700.0000  % 
LB close or above UB, fathomed
122    15     12         0.1500     2.7000     1700.0000  % 
UB: 2.6999999999999997
branching on CartesianIndex(1, 5) with c.
123    16     13         0.1500     2.7000     1700.0000  % 
UB: 2.6999999999999997
branching on CartesianIndex(2, 5) with c.
124    17     14         0.1500     2.7000     1700.0000  % 
LB close or above UB, fathomed
125    16     14         0.1500     2.7000     1700.0000  % 
UB: 2.6999999999999997
branching on CartesianIndex(1, 6) with c.
126    17     15         0.1500     2.7000     1700.0000  % 
LB close or above UB, fathomed
127    16     15         0.1500     2.7000     1700.0000  % 
LB close or above UB, fathomed
128    15     13         0.1500     2.7000     1700.0000  % 
LB close or above UB, fathomed
129    14     7          0.1500     2.7000     1700.0000  % 
UB: 2.6999999999999997
branching on CartesianIndex(1, 1) with a.
130    15     6          0.1500     2.7000     1700.0000  % 
UB: 2.6999999999999997
branching on CartesianIndex(1, 1) with a.
131    16     7          0.1500     2.7000     1700.0000  % 
LB close or above UB, fathomed
132    15     7          0.1500     2.7000     1700.0000  % 
LB close or above UB, fathomed
133    14     11         0.1500     2.7000     1700.0000  % 
LB close or above UB, fathomed
134    13     11         0.1500     2.7000     1700.0000  % 
UB: 2.6999999999999997
branching on CartesianIndex(1, 4) with c.
135    14     12         0.1500     2.7000     1700.0000  % 
LB close or above UB, fathomed
136    13     12         0.1500     2.7000     1700.0000  % 
UB: 2.6999999999999997
branching on 1 with b.
137    13     13         0.1500     2.7000     1700.0000  % 
UB: 2.6999999999999997
branching on 2 with b.
138    14     14         0.1500     2.7000     1700.0000  % 
LB close or above UB, fathomed
139    13     14         0.1500     2.7000     1700.0000  % 
UB: 2.6999999999999997
branching on CartesianIndex(1, 5) with c.
140    14     15         0.1500     2.7000     1700.0000  % 
UB: 2.6999999999999997
branching on CartesianIndex(2, 5) with c.
141    15     16         0.1500     2.7000     1700.0000  % 
LB close or above UB, fathomed
142    14     16         0.1500     2.7000     1700.0000  % 
UB: 2.6999999999999997
branching on CartesianIndex(1, 6) with c.
143    15     17         0.1500     2.7000     1700.0000  % 
LB close or above UB, fathomed
144    14     17         0.1500     2.7000     1700.0000  % 
LB close or above UB, fathomed
145    13     15         0.1500     2.7000     1700.0000  % 
LB close or above UB, fathomed
146    12     8          0.1500     2.7000     1700.0000  % 
LB close or above UB, fathomed
147    11     8          0.1500     2.7000     1700.0000  % 
UB: 2.6999999999999997
branching on 3 with b.
148    12     9          0.1500     2.7000     1700.0000  % 
UB: 2.6999999999999997
branching on CartesianIndex(1, 2) with a.
149    13     10         0.1500     2.7000     1700.0000  % 
LB close or above UB, fathomed
150    12     10         0.1500     2.7000     1700.0000  % 
LB close or above UB, fathomed
151    11     9          0.1500     2.7000     1700.0000  % 
UB: 2.6999999999999997
branching on CartesianIndex(1, 2) with a.
152    12     10         0.1500     2.7000     1700.0000  % 
LB close or above UB, fathomed
153    11     10         0.1500     2.7000     1700.0000  % 
LB close or above UB, fathomed
154    10     13         0.1500     2.7000     1700.0000  % 
UB: 2.6999999999999997
branching on 3 with b.
155    11     14         0.1500     2.7000     1700.0000  % 
UB: 2.6999999999999997
branching on CartesianIndex(1, 4) with c.
156    12     15         0.1500     2.7000     1700.0000  % 
LB close or above UB, fathomed
157    11     15         0.1500     2.7000     1700.0000  % 
UB: 2.6999999999999997
branching on CartesianIndex(1, 5) with c.
158    12     16         0.1500     2.7000     1700.0000  % 
UB: 2.6999999999999997
branching on 1 with b.
159    12     17         0.1500     2.7000     1700.0000  % 
UB: 2.6999999999999997
branching on CartesianIndex(2, 5) with c.
160    13     18         0.1500     2.7000     1700.0000  % 
LB close or above UB, fathomed
161    12     18         0.1500     2.7000     1700.0000  % 
LB close or above UB, fathomed
162    11     16         0.1500     2.7000     1700.0000  % 
LB close or above UB, fathomed
163    10     14         0.1500     2.7000     1700.0000  % 
UB: 2.6999999999999997
branching on CartesianIndex(1, 4) with c.
164    11     15         0.1500     2.7000     1700.0000  % 
LB close or above UB, fathomed
165    10     15         0.1500     2.7000     1700.0000  % 
UB: 2.6999999999999997
branching on CartesianIndex(1, 5) with c.
166    11     16         0.1500     2.7000     1700.0000  % 
UB: 2.6999999999999997
branching on CartesianIndex(2, 5) with c.
167    12     17         0.1500     2.7000     1700.0000  % 
LB close or above UB, fathomed
168    11     17         0.1500     2.7000     1700.0000  % 
UB: 2.6999999999999997
branching on CartesianIndex(1, 6) with c.
169    12     18         0.1500     2.7000     1700.0000  % 
LB close or above UB, fathomed
170    11     18         0.1500     2.7000     1700.0000  % 
LB close or above UB, fathomed
171    10     16         0.1500     2.7000     1700.0000  % 
LB close or above UB, fathomed
172    9      13         0.1500     2.7000     1700.0000  % 
LB close or above UB, fathomed
173    8      13         0.1500     2.7000     1700.0000  % 
UB: 2.6999999999999997
branching on CartesianIndex(1, 4) with c.
174    9      14         0.1500     2.7000     1700.0000  % 
LB close or above UB, fathomed
175    8      14         0.1500     2.7000     1700.0000  % 
UB: 2.6999999999999997
branching on CartesianIndex(1, 5) with c.
176    9      15         0.1500     2.7000     1700.0000  % 
UB: 2.6999999999999997
branching on CartesianIndex(2, 5) with c.
177    10     16         0.1500     2.7000     1700.0000  % 
LB close or above UB, fathomed
178    9      16         0.1500     2.7000     1700.0000  % 
UB: 2.6999999999999997
branching on 3 with b.
179    10     17         0.1500     2.7000     1700.0000  % 
LB close or above UB, fathomed
180    9      17         0.1500     2.7000     1700.0000  % 
UB: 2.6999999999999997
branching on CartesianIndex(1, 6) with c.
181    10     18         0.1500     2.7000     1700.0000  % 
LB close or above UB, fathomed
182    9      18         0.1500     2.7000     1700.0000  % 
LB close or above UB, fathomed
183    8      15         0.1500     2.7000     1700.0000  % 
LB close or above UB, fathomed
184    7      13         0.1500     2.7000     1700.0000  % 
LB close or above UB, fathomed
185    6      12         0.1500     2.7000     1700.0000  % 
UB: 2.6999999999999997
branching on CartesianIndex(1, 4) with c.
186    7      13         0.1500     2.7000     1700.0000  % 
LB close or above UB, fathomed
187    6      13         0.1500     2.7000     1700.0000  % 
UB: 2.6999999999999997
branching on CartesianIndex(1, 5) with c.
188    7      14         0.1500     2.7000     1700.0000  % 
UB: 2.6999999999999997
branching on CartesianIndex(2, 5) with c.
189    8      15         0.1500     2.7000     1700.0000  % 
LB close or above UB, fathomed
190    7      15         0.1500     2.7000     1700.0000  % 
UB: 2.6999999999999997
branching on CartesianIndex(1, 6) with c.
191    8      16         0.1500     2.7000     1700.0000  % 
LB close or above UB, fathomed
192    7      16         0.1500     2.7000     1700.0000  % 
LB close or above UB, fathomed
193    6      14         0.1500     2.7000     1700.0000  % 
LB close or above UB, fathomed
194    5      12         0.1500     2.7000     1700.0000  % 
LB close or above UB, fathomed
195    4      12         0.1500     2.7000     1700.0000  % 
LB close or above UB, fathomed
196    3      12         0.1500     2.7000     1700.0000  % 
UB: 2.6999999999999997
branching on CartesianIndex(2, 4) with c.
197    4      13         0.1500     2.7000     1700.0000  % 
UB: 2.6999999999999997
branching on 1 with b.
198    4      14         0.1500     2.7000     1700.0000  % 
UB: 2.6999999999999997
branching on 2 with b.
199    5      15         0.1500     2.7000     1700.0000  % 
UB: 2.6999999999999997
branching on CartesianIndex(1, 5) with c.
200    6      16         0.1500     2.7000     1700.0000  % 
LB close or above UB, fathomed
201    5      16         0.1500     2.7000     1700.0000  % 
UB: 2.6999999999999997
branching on CartesianIndex(1, 6) with c.
202    6      17         0.1500     2.7000     1700.0000  % 
UB: 2.6999999999999997
branching on 3 with b.
203    7      18         0.1500     2.7000     1700.0000  % 
UB: 2.6999999999999997
branching on CartesianIndex(2, 6) with c.
204    8      19         0.1500     2.7000     1700.0000  % 
LB close or above UB, fathomed
205    7      19         0.1500     2.7000     1700.0000  % 
LB close or above UB, fathomed
206    6      18         0.1500     2.7000     1700.0000  % 
LB close or above UB, fathomed
207    5      17         0.1500     2.7000     1700.0000  % 
LB close or above UB, fathomed
208    4      15         0.1500     2.7000     1700.0000  % 
LB close or above UB, fathomed
209    3      13         0.1500     2.7000     1700.0000  % 
UB: 2.6999999999999997
branching on CartesianIndex(1, 5) with c.
210    4      14         0.1500     2.7000     1700.0000  % 
LB close or above UB, fathomed
211    3      14         0.1500     2.7000     1700.0000  % 
UB: 2.6999999999999997
branching on CartesianIndex(1, 6) with c.
212    4      15         0.1500     2.7000     1700.0000  % 
UB: 2.6999999999999997
branching on 1 with b.
213    4      16         0.1500     2.7000     1700.0000  % 
UB: 2.6999999999999997
branching on CartesianIndex(2, 6) with c.
214    5      17         0.1500     2.7000     1700.0000  % 
LB close or above UB, fathomed
215    4      17         0.1500     2.7000     1700.0000  % 
LB close or above UB, fathomed
216    3      15         0.1500     2.7000     1700.0000  % 
LB close or above UB, fathomed
217    2      11         0.1500     2.7000     1700.0000  % 
LB close or above UB, fathomed
218    1      11         0.1500     2.7000     1700.0000  % 
UB: 2.6999999999999997
branching on 1 with b.
219    1      12         0.1500     2.7000     1700.0000  % 
UB: 2.6999999999999997
branching on CartesianIndex(1, 4) with c.
220    2      13         0.1500     2.7000     1700.0000  % 
LB close or above UB, fathomed
221    1      13         0.1500     2.7000     1700.0000  % 
UB: 2.6999999999999997
branching on CartesianIndex(1, 5) with c.
222    2      14         0.1500     2.7000     1700.0000  % 
UB: 2.6999999999999997
branching on CartesianIndex(2, 5) with c.
223    3      15         0.1500     2.7000     1700.0000  % 
UB: 2.6999999999999997
branching on CartesianIndex(1, 6) with c.
224    4      16         0.1500     2.7000     1700.0000  % 
UB: 2.6999999999999997
branching on CartesianIndex(2, 6) with c.
225    5      17         0.1500     2.7000     1700.0000  % 
LB close or above UB, fathomed
226    4      17         0.1500     2.7000     1700.0000  % 
LB close or above UB, fathomed
227    3      16         0.1500     2.7000     1700.0000  % 
LB close or above UB, fathomed
228    2      15         0.1500     2.7000     1700.0000  % 
UB: 2.6999999999999997
branching on CartesianIndex(1, 6) with c.
229    3      16         0.1500     2.7000     1700.0000  % 
UB: 2.6999999999999997
branching on CartesianIndex(2, 6) with c.
230    4      17         0.1500     2.7000     1700.0000  % 
LB close or above UB, fathomed
231    3      17         0.1500     2.7000     1700.0000  % 
LB close or above UB, fathomed
232    2      16         0.1500     2.7000     1700.0000  % 
LB close or above UB, fathomed
233    1      14         0.1500     2.7000     1700.0000  % 
UB: 2.6999999999999997
branching on 2 with b.
234    2      15         0.1500     2.7000     1700.0000  % 
UB: 2.6999999999999997
branching on 3 with b.
235    3      16         0.1500     2.7000     1700.0000  % 
UB: 2.6999999999999997
branching on CartesianIndex(1, 6) with c.
236    4      17         0.1500     2.7000     1700.0000  % 
UB: 2.6999999999999997
branching on CartesianIndex(2, 6) with c.
237    5      18         0.1500     2.7000     1700.0000  % 
LB close or above UB, fathomed
238    4      18         0.1500     2.7000     1700.0000  % 
LB close or above UB, fathomed
239    3      17         0.1500     2.7000     1700.0000  % 
LB close or above UB, fathomed
240    2      16         0.1500     2.7000     1700.0000  % 
LB close or above UB, fathomed
241    1      15         0.1500     2.7000     1700.0000  % 
UB: 2.6999999999999997
branching on CartesianIndex(1, 6) with c.
242    2      16         0.1500     2.7000     1700.0000  % 
UB: 2.6999999999999997
branching on CartesianIndex(2, 6) with c.
243    3      17         0.1500     2.7000     1700.0000  % 
LB close or above UB, fathomed
244    2      17         0.1500     2.7000     1700.0000  % 
LB close or above UB, fathomed
245    1      16         0.1500     2.7000     1700.0000  % 
LB close or above UB, fathomed
246    0      13         0.1500     2.7000     1700.0000  % 
UB: 2.6999999999999997
branching on 2 with b.
247    1      14         0.1500     2.7000     1700.0000  % 
UB: 2.6999999999999997
branching on CartesianIndex(2, 4) with c.
248    2      15         0.1500     2.7000     1700.0000  % 
UB: 2.6999999999999997
branching on 3 with b.
249    3      16         0.1500     2.7000     1700.0000  % 
UB: 2.6999999999999997
branching on CartesianIndex(1, 5) with c.
250    4      17         0.1500     2.7000     1700.0000  % 
LB close or above UB, fathomed
251    3      17         0.1500     2.7000     1700.0000  % 
UB: 2.6999999999999997
branching on CartesianIndex(1, 6) with c.
252    4      18         0.1500     2.7000     1700.0000  % 
UB: 2.6999999999999997
branching on CartesianIndex(2, 6) with c.
253    5      19         0.1500     2.7000     1700.0000  % 
LB close or above UB, fathomed
254    4      19         0.1500     2.7000     1700.0000  % 
LB close or above UB, fathomed
255    3      18         0.1500     2.7000     1700.0000  % 
LB close or above UB, fathomed
256    2      16         0.1500     2.7000     1700.0000  % 
LB close or above UB, fathomed
257    1      15         0.1500     2.7000     1700.0000  % 
UB: 2.6999999999999997
branching on 3 with b.
258    2      16         0.1500     2.7000     1700.0000  % 
UB: 2.6999999999999997
branching on CartesianIndex(1, 5) with c.
259    3      17         0.1500     2.7000     1700.0000  % 
LB close or above UB, fathomed
260    2      17         0.1500     2.7000     1700.0000  % 
UB: 2.6999999999999997
branching on CartesianIndex(1, 6) with c.
261    3      18         0.1500     2.7000     1700.0000  % 
UB: 2.6999999999999997
branching on CartesianIndex(2, 6) with c.
262    4      19         0.1500     2.7000     1700.0000  % 
LB close or above UB, fathomed
263    3      19         0.1500     2.7000     1700.0000  % 
LB close or above UB, fathomed
264    2      18         0.1500     2.7000     1700.0000  % 
LB close or above UB, fathomed
265    1      16         0.1500     2.7000     1700.0000  % 
LB close or above UB, fathomed
266    0      14         0.1500     2.7000     1700.0000  % 
LB close or above UB, fathomed
all node solved
solved nodes:  267
267                                                   2.7000e+00     2.7000e+00     0.0000  % 
2×3 Matrix{Float64}:
 0.0  1.0  0.0
 1.0  0.0  1.0
3-element Vector{Float64}:
 0.3594166132571721
 0.8734055314555198
 0.660537228185596
3×7 Matrix{Float64}:
 0.0  0.0  0.0  1.0  0.0  0.0  0.0
 0.0  0.0  0.0  0.0  0.0  1.0  0.0
 0.0  0.0  0.0  0.0  1.0  0.0  1.0
3-element Vector{Float64}:
 1.0
 1.0
 1.0
2×3 Matrix{Float64}:
 1.0  -0.0   0.0
 0.0   1.0  -0.0
3-element Vector{Float64}:
 0.9854784160496397
 0.37156976037181777
 0.0
3×7 Matrix{Float64}:
 0.0  0.0  0.0  1.0  -0.0  0.0  -0.0
 0.0  0.0  0.0  0.0   1.0  0.0   0.0
 0.0  0.0  0.0  0.0   0.0  1.0   1.0
3-element Vector{Float64}:
 1.0
 1.0
 0.0
comparison (CRT and Glb)on prediction: Dict{Bool, Int64}(0 => 1, 1 => 3)
Dataname	 time	 objv	 lb	 gap	 train_w	 train_g	 test_w	 test_g
small_toy_457.small_toy	 57.65	 2.6999999999999997	 2.7	 0.0	 88.889	 88.889	 50.0	 50.0
