Running 2 processes.
Start training small_toy_187.small_toy with seed 1.
Any[]
(2, 13)
(2, 6)
(2, 3)
(2, 4)
dimension: 2, class: 3
cart cost: 5.349999999999999
size of X: (2, 9)
ngroups: 2
UB: 2.75
Iter	left	lev	LB	UB	gap	
0      0      1          0.1278     2.7500     2052.1739  % 
UB: 2.75
branching on 1 with d.
1      1      2          0.1278     2.7500     2052.1739  % 
LB close or above UB, fathomed
2      0      2          0.1278     2.7500     2052.1739  % 
UB: 2.75
branching on 2 with d.
3      1      3          0.1278     2.7500     2052.1739  % 
UB: 2.75
branching on 3 with d.
4      2      3          0.1278     2.7500     2052.1739  % 
UB: 2.75
branching on 3 with d.
5      3      4          0.1278     2.7500     2052.1739  % 
UB: 2.75
branching on CartesianIndex(1, 1) with a.
6      4      4          0.1278     2.7500     2052.1739  % 
UB: 2.75
branching on CartesianIndex(1, 1) with a.
7      5      5          0.1500     2.7500     1733.3333  % 
UB: 2.75
branching on 1 with b.
8      6      6          0.1500     2.7500     1733.3333  % 
UB: 2.75
branching on CartesianIndex(1, 2) with a.
9      7      7          0.1500     2.7500     1733.3333  % 
UB: 2.75
branching on CartesianIndex(1, 3) with a.
10     8      8          0.1500     2.7500     1733.3333  % 
LB close or above UB, fathomed
11     7      8          0.1500     2.7500     1733.3333  % 
UB: 2.75
branching on 1 with b.
12     8      9          0.1500     2.7500     1733.3333  % 
LB close or above UB, fathomed
13     7      9          0.1500     2.7500     1733.3333  % 
UB: 2.75
branching on 2 with b.
14     8      10         0.1500     2.7500     1733.3333  % 
UB: 2.75
branching on CartesianIndex(1, 4) with c.
15     9      11         0.1500     2.7500     1733.3333  % 
LB close or above UB, fathomed
16     8      11         0.1500     2.7500     1733.3333  % 
UB: 2.75
branching on CartesianIndex(1, 5) with c.
17     9      12         0.1500     2.7500     1733.3333  % 
UB: 2.75
branching on CartesianIndex(2, 5) with c.
18     10     12         0.1500     2.7500     1733.3333  % 
LB close or above UB, fathomed
19     9      10         0.1500     2.7500     1733.3333  % 
LB close or above UB, fathomed
20     8      7          0.1500     2.7500     1733.3333  % 
UB: 2.75
branching on 1 with b.
21     9      8          0.1500     2.7500     1733.3333  % 
LB close or above UB, fathomed
22     8      8          0.1500     2.7500     1733.3333  % 
UB: 2.75
branching on 2 with b.
23     9      9          0.1500     2.7500     1733.3333  % 
UB: 2.75
branching on 3 with b.
24     10     9          0.1500     2.7500     1733.3333  % 
UB: 2.75
branching on 3 with b.
25     11     6          0.1500     2.7500     1733.3333  % 
LB close or above UB, fathomed
26     10     5          0.1500     2.7500     1733.3333  % 
UB: 2.75
branching on CartesianIndex(1, 2) with a.
27     11     6          0.1500     2.7500     1733.3333  % 
UB: 2.75
branching on CartesianIndex(1, 3) with a.
28     12     7          0.1500     2.7500     1733.3333  % 
UB: 2.75
branching on 1 with b.
29     13     8          0.1500     2.7500     1733.3333  % 
LB close or above UB, fathomed
30     12     8          0.1500     2.7500     1733.3333  % 
UB: 2.75
branching on 1 with b.
31     13     9          0.1500     2.7500     1733.3333  % 
UB: 2.75
branching on 2 with b.
32     14     10         0.1500     2.7500     1733.3333  % 
LB close or above UB, fathomed
33     13     10         0.1500     2.7500     1733.3333  % 
UB: 2.75
branching on CartesianIndex(1, 4) with c.
34     14     9          0.1500     2.7500     1733.3333  % 
LB close or above UB, fathomed
35     13     7          0.1500     2.7500     1733.3333  % 
UB: 2.75
branching on 1 with b.
36     14     8          0.1500     2.7500     1733.3333  % 
LB close or above UB, fathomed
37     13     8          0.1500     2.7500     1733.3333  % 
UB: 2.75
branching on CartesianIndex(1, 4) with c.
38     14     9          0.1500     2.7500     1733.3333  % 
UB: 2.75
branching on CartesianIndex(2, 4) with c.
39     15     9          0.1500     2.7500     1733.3333  % 
LB close or above UB, fathomed
40     14     6          0.1500     2.7500     1733.3333  % 
UB: 2.75
branching on 1 with b.
41     15     7          0.1500     2.7500     1733.3333  % 
LB close or above UB, fathomed
42     14     7          0.1500     2.7500     1733.3333  % 
LB close or above UB, fathomed
43     13     10         0.1500     2.7500     1733.3333  % 
LB close or above UB, fathomed
44     12     10         0.1500     2.7500     1733.3333  % 
LB close or above UB, fathomed
45     11     10         0.1500     2.7500     1733.3333  % 
LB close or above UB, fathomed
46     10     10         0.1500     2.7500     1733.3333  % 
UB: 2.75
branching on CartesianIndex(1, 3) with a.
47     11     11         0.1500     2.7500     1733.3333  % 
LB close or above UB, fathomed
48     10     11         0.1500     2.7500     1733.3333  % 
UB: 2.75
branching on CartesianIndex(1, 4) with c.
49     11     13         0.1500     2.7500     1733.3333  % 
LB close or above UB, fathomed
50     10     13         0.1500     2.7500     1733.3333  % 
UB: 2.75
branching on CartesianIndex(1, 6) with c.
51     11     14         0.1500     2.7500     1733.3333  % 
UB: 2.75
branching on 3 with b.
52     12     15         0.1500     2.7500     1733.3333  % 
LB close or above UB, fathomed
53     11     15         0.1500     2.7500     1733.3333  % 
UB: 2.75
branching on CartesianIndex(2, 6) with c.
54     12     16         0.1500     2.7500     1733.3333  % 
LB close or above UB, fathomed
55     11     16         0.1500     2.7500     1733.3333  % 
UB: 2.75
branching on CartesianIndex(1, 7) with c.
56     12     17         0.1500     2.7500     1733.3333  % 
UB: 2.75
branching on CartesianIndex(2, 7) with c.
57     13     18         0.1500     2.7500     1733.3333  % 
UB: 2.75
branching on 1 with b.
58     14     19         0.1500     2.7500     1733.3333  % 
LB close or above UB, fathomed
59     13     19         0.1500     2.7500     1733.3333  % 
UB: 2.75
branching on 2 with b.
60     14     20         0.1500     2.7500     1733.3333  % 
LB close or above UB, fathomed
61     13     20         0.1500     2.7500     1733.3333  % 
UB: 2.75
branching on 3 with b.
62     14     18         0.1500     2.7500     1733.3333  % 
LB close or above UB, fathomed
63     13     17         0.1500     2.7500     1733.3333  % 
LB close or above UB, fathomed
64     12     14         0.1500     2.7500     1733.3333  % 
LB close or above UB, fathomed
65     11     12         0.1500     2.7500     1733.3333  % 
LB close or above UB, fathomed
66     10     12         0.1500     2.7500     1733.3333  % 
LB close or above UB, fathomed
67     9      10         0.1500     2.7500     1733.3333  % 
LB close or above UB, fathomed
68     8      10         0.1500     2.7500     1733.3333  % 
UB: 2.75
branching on 1 with b.
69     9      11         0.1500     2.7500     1733.3333  % 
UB: 2.75
branching on 2 with b.
70     10     12         0.1500     2.7500     1733.3333  % 
LB close or above UB, fathomed
71     9      12         0.1500     2.7500     1733.3333  % 
LB close or above UB, fathomed
72     8      11         0.1500     2.7500     1733.3333  % 
LB close or above UB, fathomed
73     7      11         0.1500     2.7500     1733.3333  % 
LB close or above UB, fathomed
74     6      11         0.1500     2.7500     1733.3333  % 
LB close or above UB, fathomed
75     5      21         0.1500     2.7500     1733.3333  % 
UB: 2.75
branching on 1 with b.
76     6      22         0.1500     2.7500     1733.3333  % 
UB: 2.75
branching on 2 with b.
77     7      23         0.1500     2.7500     1733.3333  % 
LB close or above UB, fathomed
78     6      23         0.1500     2.7500     1733.3333  % 
LB close or above UB, fathomed
79     5      22         0.1500     2.7500     1733.3333  % 
UB: 2.75
branching on 2 with b.
80     6      23         0.1500     2.7500     1733.3333  % 
LB close or above UB, fathomed
81     5      23         0.1500     2.7500     1733.3333  % 
LB close or above UB, fathomed
82     4      21         0.1500     2.7500     1733.3333  % 
LB close or above UB, fathomed
83     3      5          2.7000     2.7500     1.8519     % 
UB: 2.75
branching on CartesianIndex(1, 2) with a.
84     4      6          2.7000     2.7500     1.8519     % 
UB: 2.75
branching on CartesianIndex(1, 4) with c.
85     5      7          2.7000     2.7500     1.8519     % 
LB close or above UB, fathomed
86     4      7          2.7000     2.7500     1.8519     % 
UB: 2.75
branching on 1 with b.
87     5      8          2.7000     2.7500     1.8519     % 
LB close or above UB, fathomed
88     4      8          2.7000     2.7500     1.8519     % 
UB: 2.75
branching on 1 with b.
89     5      9          2.7000     2.7500     1.8519     % 
UB: 2.75
branching on CartesianIndex(1, 5) with c.
90     6      10         2.7000     2.7500     1.8519     % 
UB: 2.75
branching on CartesianIndex(2, 5) with c.
91     7      10         2.7000     2.7500     1.8519     % 
LB close or above UB, fathomed
92     6      9          2.7000     2.7500     1.8519     % 
LB close or above UB, fathomed
93     5      6          2.7000     2.7500     1.8519     % 
UB: 2.75
branching on CartesianIndex(1, 4) with c.
94     6      7          2.7000     2.7500     1.8519     % 
LB close or above UB, fathomed
95     5      7          2.7000     2.7500     1.8519     % 
LB close or above UB, fathomed
96     4      5          2.7000     2.7500     1.8519     % 
UB: 2.75
branching on 1 with b.
97     5      6          2.7000     2.7500     1.8519     % 
LB close or above UB, fathomed
98     4      6          2.7000     2.7500     1.8519     % 
UB: 2.75
branching on CartesianIndex(1, 2) with a.
99     5      7          2.7000     2.7500     1.8519     % 
UB: 2.75
branching on CartesianIndex(1, 4) with c.
100    6      8          2.7000     2.7500     1.8519     % 
LB close or above UB, fathomed
101    5      8          2.7000     2.7500     1.8519     % 
UB: 2.75
branching on CartesianIndex(1, 5) with c.
102    6      9          2.7000     2.7500     1.8519     % 
UB: 2.75
branching on CartesianIndex(2, 5) with c.
103    7      10         2.7000     2.7500     1.8519     % 
LB close or above UB, fathomed
104    6      10         2.7000     2.7500     1.8519     % 
UB: 2.75
branching on 1 with b.
105    7      11         2.7000     2.7500     1.8519     % 
UB: 2.75
branching on 2 with b.
106    8      12         2.7000     2.7500     1.8519     % 
UB: 2.75
branching on 1 with b.
107    8      13         2.7000     2.7500     1.8519     % 
UB: 2.75
branching on CartesianIndex(1, 7) with c.
108    9      14         2.7000     2.7500     1.8519     % 
UB: 2.75
branching on 2 with b.
109    10     15         2.7000     2.7500     1.8519     % 
LB close or above UB, fathomed
110    9      15         2.7000     2.7500     1.8519     % 
UB: 2.75
branching on CartesianIndex(2, 7) with c.
111    10     16         2.7000     2.7500     1.8519     % 
UB: 2.75
branching on 1 with b.
112    11     17         2.7000     2.7500     1.8519     % 
LB close or above UB, fathomed
113    10     17         2.7000     2.7500     1.8519     % 
UB: 2.75
branching on 2 with b.
114    11     18         2.7000     2.7500     1.8519     % 
LB close or above UB, fathomed
115    10     18         2.7000     2.7500     1.8519     % 
LB close or above UB, fathomed
116    9      16         2.7000     2.7500     1.8519     % 
LB close or above UB, fathomed
117    8      14         2.7000     2.7500     1.8519     % 
LB close or above UB, fathomed
118    7      12         2.7000     2.7500     1.8519     % 
LB close or above UB, fathomed
119    6      11         2.7000     2.7500     1.8519     % 
UB: 2.75
branching on 2 with b.
120    7      12         2.7000     2.7500     1.8519     % 
UB: 2.75
branching on CartesianIndex(1, 7) with c.
121    8      13         2.7000     2.7500     1.8519     % 
UB: 2.75
branching on CartesianIndex(2, 7) with c.
122    9      14         2.7000     2.7500     1.8519     % 
UB: 2.75
branching on 1 with b.
123    9      15         2.7000     2.7500     1.8519     % 
UB: 2.75
branching on 2 with b.
124    10     16         2.7000     2.7500     1.8519     % 
LB close or above UB, fathomed
125    9      16         2.7000     2.7500     1.8519     % 
UB: 2.75
branching on 1 with b.
126    9      17         2.7000     2.7500     1.8519     % 
UB: 2.75
branching on 2 with b.
127    10     18         2.7000     2.7500     1.8519     % 
LB close or above UB, fathomed
128    9      18         2.7000     2.7500     1.8519     % 
LB close or above UB, fathomed
129    8      14         2.7000     2.7500     1.8519     % 
LB close or above UB, fathomed
130    7      13         2.7000     2.7500     1.8519     % 
LB close or above UB, fathomed
131    6      12         2.7000     2.7500     1.8519     % 
LB close or above UB, fathomed
132    5      9          2.7000     2.7500     1.8519     % 
LB close or above UB, fathomed
133    4      7          2.7000     2.7500     1.8519     % 
UB: 2.75
branching on 1 with b.
134    5      8          2.7000     2.7500     1.8519     % 
UB: 2.75
branching on CartesianIndex(1, 4) with c.
135    6      9          2.7000     2.7500     1.8519     % 
LB close or above UB, fathomed
136    5      9          2.7000     2.7500     1.8519     % 
LB close or above UB, fathomed
137    4      8          2.7000     2.7500     1.8519     % 
UB: 2.75
branching on 2 with b.
138    5      4          2.7000     2.7500     1.8519     % 
LB close or above UB, fathomed
139    4      4          2.7000     2.7500     1.8519     % 
UB: 2.75
branching on CartesianIndex(1, 1) with a.
140    5      5          2.7000     2.7500     1.8519     % 
UB: 2.75
branching on 1 with b.
141    6      6          2.7000     2.7500     1.8519     % 
UB: 2.75
branching on 1 with b.
142    7      7          2.7000     2.7500     1.8519     % 
LB close or above UB, fathomed
143    6      7          2.7000     2.7500     1.8519     % 
UB: 2.75
branching on 3 with b.
144    7      8          2.7000     2.7500     1.8519     % 
LB close or above UB, fathomed
145    6      8          2.7000     2.7500     1.8519     % 
UB: 2.75
branching on CartesianIndex(1, 3) with a.
146    7      9          2.7000     2.7500     1.8519     % 
UB: 2.75
branching on CartesianIndex(1, 5) with c.
147    8      10         2.7000     2.7500     1.8519     % 
LB close or above UB, fathomed
148    7      10         2.7000     2.7500     1.8519     % 
UB: 2.75
branching on CartesianIndex(1, 6) with c.
149    8      11         2.7000     2.7500     1.8519     % 
UB: 2.75
branching on CartesianIndex(2, 6) with c.
150    9      12         2.7000     2.7500     1.8519     % 
LB close or above UB, fathomed
151    8      12         2.7000     2.7500     1.8519     % 
UB: 2.75
branching on CartesianIndex(1, 7) with c.
152    9      13         2.7000     2.7500     1.8519     % 
UB: 2.75
branching on 1 with b.
153    10     14         2.7000     2.7500     1.8519     % 
LB close or above UB, fathomed
154    9      14         2.7000     2.7500     1.8519     % 
LB close or above UB, fathomed
155    8      13         2.7000     2.7500     1.8519     % 
LB close or above UB, fathomed
156    7      11         2.7000     2.7500     1.8519     % 
LB close or above UB, fathomed
157    6      9          2.7000     2.7500     1.8519     % 
UB: 2.75
branching on CartesianIndex(1, 5) with c.
158    7      10         2.7000     2.7500     1.8519     % 
LB close or above UB, fathomed
159    6      10         2.7000     2.7500     1.8519     % 
UB: 2.75
branching on CartesianIndex(1, 6) with c.
160    7      11         2.7000     2.7500     1.8519     % 
UB: 2.75
branching on CartesianIndex(2, 6) with c.
161    8      12         2.7000     2.7500     1.8519     % 
LB close or above UB, fathomed
162    7      12         2.7000     2.7500     1.8519     % 
UB: 2.75
branching on 1 with b.
163    8      13         2.7000     2.7500     1.8519     % 
LB close or above UB, fathomed
164    7      13         2.7000     2.7500     1.8519     % 
UB: 2.75
branching on CartesianIndex(1, 7) with c.
165    8      14         2.7000     2.7500     1.8519     % 
UB: 2.75
branching on CartesianIndex(2, 7) with c.
166    9      15         2.7000     2.7500     1.8519     % 
UB: 2.75
branching on 3 with b.
167    10     16         2.7000     2.7500     1.8519     % 
UB: 2.75
branching on 1 with b.
168    11     17         2.7000     2.7500     1.8519     % 
UB: 2.75
branching on 3 with b.
169    11     18         2.7000     2.7500     1.8519     % 
UB: 2.75
branching on 1 with b.
170    11     19         2.7000     2.7500     1.8519     % 
LB close or above UB, fathomed
171    10     17         2.7000     2.7500     1.8519     % 
UB: 2.75
branching on 3 with b.
172    10     18         2.7000     2.7500     1.8519     % 
UB: 2.75
branching on 1 with b.
173    10     19         2.7000     2.7500     1.8519     % 
UB: 2.75
branching on 3 with b.
174    11     20         2.7000     2.7500     1.8519     % 
UB: 2.75
branching on 1 with b.
175    11     21         2.7000     2.7500     1.8519     % 
UB: 2.75
branching on 3 with b.
176    11     22         2.7000     2.7500     1.8519     % 
UB: 2.75
branching on 1 with b.
177    11     23         2.7000     2.7500     1.8519     % 
UB: 2.75
branching on 3 with b.
178    12     24         2.7000     2.7500     1.8519     % 
LB close or above UB, fathomed
179    11     24         2.7000     2.7500     1.8519     % 
LB close or above UB, fathomed
180    10     20         2.7000     2.7500     1.8519     % 
LB close or above UB, fathomed
181    9      16         2.7000     2.7500     1.8519     % 
LB close or above UB, fathomed
182    8      15         2.7000     2.7500     1.8519     % 
LB close or above UB, fathomed
183    7      14         2.7000     2.7500     1.8519     % 
LB close or above UB, fathomed
184    6      11         2.7000     2.7500     1.8519     % 
LB close or above UB, fathomed
185    5      6          2.7000     2.7500     1.8519     % 
LB close or above UB, fathomed
186    4      5          2.7000     2.7500     1.8519     % 
UB: 2.75
branching on 1 with b.
187    5      6          2.7000     2.7500     1.8519     % 
UB: 2.75
branching on CartesianIndex(1, 3) with a.
188    6      6          2.7000     2.7500     1.8519     % 
UB: 2.75
branching on CartesianIndex(1, 3) with a.
189    7      7          2.7000     2.7500     1.8519     % 
UB: 2.75
branching on 1 with b.
190    8      8          2.7000     2.7500     1.8519     % 
UB: 2.75
branching on CartesianIndex(1, 5) with c.
191    9      9          2.7000     2.7500     1.8519     % 
LB close or above UB, fathomed
192    8      9          2.7000     2.7500     1.8519     % 
LB close or above UB, fathomed
193    7      8          2.7000     2.7500     1.8519     % 
LB close or above UB, fathomed
194    6      7          2.7000     2.7500     1.8519     % 
UB: 2.75
branching on CartesianIndex(1, 5) with c.
195    7      8          2.7000     2.7500     1.8519     % 
LB close or above UB, fathomed
196    6      8          2.7000     2.7500     1.8519     % 
LB close or above UB, fathomed
197    5      7          2.7000     2.7500     1.8519     % 
UB: 2.75
branching on 1 with b.
198    6      8          2.7000     2.7500     1.8519     % 
LB close or above UB, fathomed
199    5      8          2.7000     2.7500     1.8519     % 
UB: 2.75
branching on CartesianIndex(1, 5) with c.
200    6      9          2.7000     2.7500     1.8519     % 
LB close or above UB, fathomed
201    5      9          2.7000     2.7500     1.8519     % 
LB close or above UB, fathomed
202    4      7          2.7000     2.7500     1.8519     % 
LB close or above UB, fathomed
203    3      9          2.7000     2.7500     1.8519     % 
LB close or above UB, fathomed
204    2      9          2.7000     2.7500     1.8519     % 
LB close or above UB, fathomed
205    1      11         2.7000     2.7500     1.8519     % 
LB close or above UB, fathomed
206    0      11         2.7000     2.7500     1.8519     % 
UB: 2.75
branching on 2 with b.
207    1      12         2.7000     2.7500     1.8519     % 
UB: 2.75
branching on CartesianIndex(1, 7) with c.
208    2      13         2.7000     2.7500     1.8519     % 
UB: 2.75
branching on CartesianIndex(2, 7) with c.
209    3      14         2.7000     2.7500     1.8519     % 
UB: 2.75
branching on 1 with b.
210    4      15         2.7000     2.7500     1.8519     % 
LB close or above UB, fathomed
211    3      15         2.7000     2.7500     1.8519     % 
LB close or above UB, fathomed
212    2      14         2.7000     2.7500     1.8519     % 
LB close or above UB, fathomed
213    1      13         2.7000     2.7500     1.8519     % 
LB close or above UB, fathomed
214    0      12         2.7000     2.7500     1.8519     % 
LB close or above UB, fathomed
all node solved
solved nodes:  215
215                                                   2.7500e+00     2.7500e+00     0.0000  % 
2×3 Matrix{Float64}:
 0.0  0.0  1.0
 1.0  1.0  0.0
3-element Vector{Float64}:
 0.43271758415756567
 0.2642206196102785
 0.7919942277516674
3×7 Matrix{Float64}:
 0.0  0.0  0.0  1.0  0.0  0.0  0.0
 0.0  0.0  0.0  0.0  1.0  1.0  0.0
 0.0  0.0  0.0  0.0  0.0  0.0  1.0
3-element Vector{Float64}:
 1.0
 1.0
 1.0
2×3 Matrix{Float64}:
  1.0   1.0  -0.0
 -0.0  -0.0   1.0
3-element Vector{Float64}:
 0.7267515336963135
 0.06581154265255662
 0.13063225068225526
3×7 Matrix{Float64}:
 0.0  0.0  0.0   1.0  -0.0   1.0  -0.0
 0.0  0.0  0.0  -0.0   1.0   0.0  -0.0
 0.0  0.0  0.0   0.0   0.0  -0.0   1.0
3-element Vector{Float64}:
 1.0
 1.0
 1.0
comparison (CRT and Glb)on prediction: Dict{Bool, Int64}(0 => 1, 1 => 3)
Dataname	 time	 objv	 lb	 gap	 train_w	 train_g	 test_w	 test_g
small_toy_187.small_toy	 57.89	 2.75	 2.75	 0.0	 77.778	 88.889	 75.0	 50.0
