Running 2 processes.
Start training small_toy_192.small_toy with seed 1.
Any[]
(2, 13)
(2, 6)
(2, 3)
(2, 4)
dimension: 2, class: 3
cart cost: 7.9
size of X: (2, 9)
ngroups: 2
UB: 2.75
Iter	left	lev	LB	UB	gap	
0      0      1          0.1000     2.7500     2650.0000  % 
UB: 2.75
branching on 1 with d.
1      1      2          0.1000     2.7500     2650.0000  % 
LB close or above UB, fathomed
2      0      2          0.1000     2.7500     2650.0000  % 
UB: 2.75
branching on 2 with d.
3      1      3          0.1000     2.7500     2650.0000  % 
UB: 2.75
branching on 3 with d.
4      2      4          0.1000     2.7500     2650.0000  % 
LB close or above UB, fathomed
5      1      4          0.1000     2.7500     2650.0000  % 
UB: 2.75
branching on CartesianIndex(1, 1) with a.
6      2      5          0.1000     2.7500     2650.0000  % 
UB: 2.75
branching on CartesianIndex(1, 3) with a.
7      3      6          0.1000     2.7500     2650.0000  % 
UB: 2.75
branching on 1 with b.
8      4      7          0.1000     2.7500     2650.0000  % 
UB: 2.75
branching on CartesianIndex(1, 5) with c.
9      5      8          0.1000     2.7500     2650.0000  % 
LB close or above UB, fathomed
10     4      8          0.1000     2.7500     2650.0000  % 
UB: 2.75
branching on CartesianIndex(1, 6) with c.
11     5      7          0.1000     2.7500     2650.0000  % 
LB close or above UB, fathomed
12     4      6          0.1000     2.7500     2650.0000  % 
UB: 2.75
branching on CartesianIndex(1, 5) with c.
13     5      7          0.1000     2.7500     2650.0000  % 
LB close or above UB, fathomed
14     4      7          0.1000     2.7500     2650.0000  % 
UB: 2.75
branching on CartesianIndex(1, 6) with c.
15     5      5          0.1000     2.7500     2650.0000  % 
UB: 2.75
branching on 1 with b.
16     6      3          0.1000     2.7500     2650.0000  % 
UB: 2.75
branching on 3 with d.
17     7      4          0.1000     2.7500     2650.0000  % 
UB: 2.75
branching on CartesianIndex(1, 1) with a.
18     8      5          0.1000     2.7500     2650.0000  % 
UB: 2.75
branching on 1 with b.
19     9      6          0.1000     2.7500     2650.0000  % 
LB close or above UB, fathomed
20     8      6          0.1000     2.7500     2650.0000  % 
UB: 2.75
branching on 1 with b.
21     9      5          0.1000     2.7500     2650.0000  % 
UB: 2.75
branching on CartesianIndex(1, 2) with a.
22     10     4          0.1000     2.7500     2650.0000  % 
UB: 2.75
branching on 1 with b.
23     11     5          0.1500     2.7500     1733.3333  % 
UB: 2.75
branching on 1 with b.
24     12     6          0.1500     2.7500     1733.3333  % 
UB: 2.75
branching on 2 with b.
25     13     7          0.1500     2.7500     1733.3333  % 
UB: 2.75
branching on 3 with b.
26     14     8          0.1500     2.7500     1733.3333  % 
LB close or above UB, fathomed
27     13     8          0.1500     2.7500     1733.3333  % 
UB: 2.75
branching on CartesianIndex(1, 1) with a.
28     14     9          0.1500     2.7500     1733.3333  % 
LB close or above UB, fathomed
29     13     9          0.1500     2.7500     1733.3333  % 
LB close or above UB, fathomed
30     12     7          0.1500     2.7500     1733.3333  % 
UB: 2.75
branching on 3 with b.
31     13     8          0.1500     2.7500     1733.3333  % 
LB close or above UB, fathomed
32     12     8          0.1500     2.7500     1733.3333  % 
UB: 2.75
branching on CartesianIndex(1, 1) with a.
33     13     9          0.1500     2.7500     1733.3333  % 
LB close or above UB, fathomed
34     12     9          0.1500     2.7500     1733.3333  % 
LB close or above UB, fathomed
35     11     6          0.1500     2.7500     1733.3333  % 
UB: 2.75
branching on 2 with b.
36     12     7          0.1500     2.7500     1733.3333  % 
UB: 2.75
branching on 3 with b.
37     13     8          0.1500     2.7500     1733.3333  % 
LB close or above UB, fathomed
38     12     8          0.1500     2.7500     1733.3333  % 
UB: 2.75
branching on CartesianIndex(1, 1) with a.
39     13     9          0.1500     2.7500     1733.3333  % 
UB: 2.75
branching on 1 with b.
40     13     10         0.1500     2.7500     1733.3333  % 
UB: 2.75
branching on CartesianIndex(1, 2) with a.
41     14     11         0.1500     2.7500     1733.3333  % 
UB: 2.75
branching on CartesianIndex(1, 3) with a.
42     15     12         0.1500     2.7500     1733.3333  % 
UB: 2.75
branching on CartesianIndex(1, 4) with c.
43     16     13         0.1500     2.7500     1733.3333  % 
UB: 2.75
branching on CartesianIndex(2, 4) with c.
44     17     13         0.1500     2.7500     1733.3333  % 
UB: 2.75
branching on CartesianIndex(1, 5) with c.
45     18     14         0.1500     2.7500     1733.3333  % 
UB: 2.75
branching on CartesianIndex(2, 5) with c.
46     19     15         0.1500     2.7500     1733.3333  % 
LB close or above UB, fathomed
47     18     15         0.1500     2.7500     1733.3333  % 
UB: 2.75
branching on CartesianIndex(1, 6) with c.
48     19     16         0.1500     2.7500     1733.3333  % 
LB close or above UB, fathomed
49     18     16         0.1500     2.7500     1733.3333  % 
LB close or above UB, fathomed
50     17     14         0.1500     2.7500     1733.3333  % 
LB close or above UB, fathomed
51     16     12         0.1500     2.7500     1733.3333  % 
UB: 2.75
branching on CartesianIndex(1, 4) with c.
52     17     13         0.1500     2.7500     1733.3333  % 
UB: 2.75
branching on CartesianIndex(2, 4) with c.
53     18     13         0.1500     2.7500     1733.3333  % 
UB: 2.75
branching on CartesianIndex(1, 5) with c.
54     19     14         0.1500     2.7500     1733.3333  % 
UB: 2.75
branching on CartesianIndex(2, 5) with c.
55     20     15         0.1500     2.7500     1733.3333  % 
LB close or above UB, fathomed
56     19     15         0.1500     2.7500     1733.3333  % 
UB: 2.75
branching on CartesianIndex(1, 6) with c.
57     20     14         0.1500     2.7500     1733.3333  % 
LB close or above UB, fathomed
58     19     11         0.1500     2.7500     1733.3333  % 
UB: 2.75
branching on 2 with b.
59     20     12         0.1500     2.7500     1733.3333  % 
UB: 2.75
branching on CartesianIndex(1, 3) with a.
60     21     13         0.1500     2.7500     1733.3333  % 
LB close or above UB, fathomed
61     20     13         0.1500     2.7500     1733.3333  % 
UB: 2.75
branching on CartesianIndex(1, 4) with c.
62     21     14         0.1500     2.7500     1733.3333  % 
UB: 2.75
branching on CartesianIndex(2, 4) with c.
63     22     14         0.1500     2.7500     1733.3333  % 
UB: 2.75
branching on CartesianIndex(1, 5) with c.
64     23     15         0.1500     2.7500     1733.3333  % 
LB close or above UB, fathomed
65     22     15         0.1500     2.7500     1733.3333  % 
LB close or above UB, fathomed
66     21     12         0.1500     2.7500     1733.3333  % 
UB: 2.75
branching on 3 with b.
67     22     9          0.1500     2.7500     1733.3333  % 
LB close or above UB, fathomed
68     21     7          0.1500     2.7500     1733.3333  % 
UB: 2.75
branching on 3 with b.
69     22     8          0.1500     2.7500     1733.3333  % 
LB close or above UB, fathomed
70     21     8          0.1500     2.7500     1733.3333  % 
UB: 2.75
branching on CartesianIndex(1, 1) with a.
71     22     9          0.1500     2.7500     1733.3333  % 
UB: 2.75
branching on CartesianIndex(1, 2) with a.
72     23     10         0.1500     2.7500     1733.3333  % 
UB: 2.75
branching on 1 with b.
73     23     10         0.1500     2.7500     1733.3333  % 
UB: 2.75
branching on CartesianIndex(1, 3) with a.
74     24     11         0.1500     2.7500     1733.3333  % 
UB: 2.75
branching on 1 with b.
75     24     11         0.1500     2.7500     1733.3333  % 
UB: 2.75
branching on CartesianIndex(1, 4) with c.
76     25     9          0.1500     2.7500     1733.3333  % 
LB close or above UB, fathomed
77     24     5          0.1500     2.7500     1733.3333  % 
UB: 2.75
branching on 1 with b.
78     25     6          0.1500     2.7500     1733.3333  % 
UB: 2.75
branching on 2 with b.
79     26     7          0.1500     2.7500     1733.3333  % 
UB: 2.75
branching on CartesianIndex(1, 1) with a.
80     27     8          0.1500     2.7500     1733.3333  % 
LB close or above UB, fathomed
81     26     8          0.1500     2.7500     1733.3333  % 
UB: 2.75
branching on 3 with b.
82     27     9          0.1500     2.7500     1733.3333  % 
UB: 2.75
branching on CartesianIndex(1, 2) with a.
83     28     9          0.1500     2.7500     1733.3333  % 
UB: 2.75
branching on CartesianIndex(1, 2) with a.
84     29     10         0.1500     2.7500     1733.3333  % 
UB: 2.75
branching on CartesianIndex(1, 3) with a.
85     30     11         0.1500     2.7500     1733.3333  % 
UB: 2.75
branching on CartesianIndex(1, 4) with c.
86     31     11         0.1500     2.7500     1733.3333  % 
UB: 2.75
branching on CartesianIndex(1, 4) with c.
87     32     12         0.1500     2.7500     1733.3333  % 
LB close or above UB, fathomed
88     31     12         0.1500     2.7500     1733.3333  % 
UB: 2.75
branching on 1 with b.
89     32     13         0.1500     2.7500     1733.3333  % 
LB close or above UB, fathomed
90     31     13         0.1500     2.7500     1733.3333  % 
LB close or above UB, fathomed
91     30     10         0.1500     2.7500     1733.3333  % 
LB close or above UB, fathomed
92     29     7          0.1500     2.7500     1733.3333  % 
UB: 2.75
branching on CartesianIndex(1, 1) with a.
93     30     6          0.1500     2.7500     1733.3333  % 
LB close or above UB, fathomed
94     29     12         0.1500     2.7500     1733.3333  % 
UB: 2.75
branching on CartesianIndex(1, 4) with c.
95     30     13         0.1500     2.7500     1733.3333  % 
LB close or above UB, fathomed
96     29     13         0.1500     2.7500     1733.3333  % 
UB: 2.75
branching on 2 with b.
97     30     14         0.1500     2.7500     1733.3333  % 
UB: 2.75
branching on CartesianIndex(1, 5) with c.
98     31     15         0.1500     2.7500     1733.3333  % 
UB: 2.75
branching on CartesianIndex(2, 5) with c.
99     32     16         0.1500     2.7500     1733.3333  % 
LB close or above UB, fathomed
100    31     16         0.1500     2.7500     1733.3333  % 
UB: 2.75
branching on CartesianIndex(1, 6) with c.
101    32     17         0.1500     2.7500     1733.3333  % 
UB: 2.75
branching on CartesianIndex(2, 6) with c.
102    33     18         0.1500     2.7500     1733.3333  % 
UB: 2.75
branching on CartesianIndex(1, 7) with c.
103    34     19         0.1500     2.7500     1733.3333  % 
UB: 2.75
branching on 3 with b.
104    35     20         0.1500     2.7500     1733.3333  % 
LB close or above UB, fathomed
105    34     20         0.1500     2.7500     1733.3333  % 
LB close or above UB, fathomed
106    33     19         0.1500     2.7500     1733.3333  % 
LB close or above UB, fathomed
107    32     18         0.1500     2.7500     1733.3333  % 
LB close or above UB, fathomed
108    31     17         0.1500     2.7500     1733.3333  % 
LB close or above UB, fathomed
109    30     15         0.1500     2.7500     1733.3333  % 
LB close or above UB, fathomed
110    29     14         0.1500     2.7500     1733.3333  % 
LB close or above UB, fathomed
111    28     16         0.1500     2.7500     1733.3333  % 
LB close or above UB, fathomed
112    27     16         0.1500     2.7500     1733.3333  % 
LB close or above UB, fathomed
113    26     10         0.1500     2.7500     1733.3333  % 
UB: 2.75
branching on CartesianIndex(1, 3) with a.
114    27     10         0.1500     2.7500     1733.3333  % 
LB close or above UB, fathomed
115    26     11         0.1500     2.7500     1733.3333  % 
UB: 2.75
branching on 1 with b.
116    27     12         0.1500     2.7500     1733.3333  % 
LB close or above UB, fathomed
117    26     12         0.1500     2.7500     1733.3333  % 
LB close or above UB, fathomed
118    25     11         0.1500     2.7500     1733.3333  % 
LB close or above UB, fathomed
119    24     8          0.1500     2.7500     1733.3333  % 
LB close or above UB, fathomed
120    23     8          0.1500     2.7500     1733.3333  % 
UB: 2.75
branching on CartesianIndex(1, 2) with a.
121    24     9          0.1500     2.7500     1733.3333  % 
UB: 2.75
branching on 3 with b.
122    25     10         0.1500     2.7500     1733.3333  % 
UB: 2.75
branching on CartesianIndex(1, 3) with a.
123    26     11         0.1500     2.7500     1733.3333  % 
UB: 2.75
branching on CartesianIndex(1, 4) with c.
124    27     12         0.1500     2.7500     1733.3333  % 
LB close or above UB, fathomed
125    26     12         0.1500     2.7500     1733.3333  % 
UB: 2.75
branching on CartesianIndex(1, 5) with c.
126    27     13         0.1500     2.7500     1733.3333  % 
UB: 2.75
branching on CartesianIndex(2, 5) with c.
127    28     14         0.1500     2.7500     1733.3333  % 
LB close or above UB, fathomed
128    27     14         0.1500     2.7500     1733.3333  % 
UB: 2.75
branching on 1 with b.
129    28     15         0.1500     2.7500     1733.3333  % 
LB close or above UB, fathomed
130    27     15         0.1500     2.7500     1733.3333  % 
LB close or above UB, fathomed
131    26     13         0.1500     2.7500     1733.3333  % 
LB close or above UB, fathomed
132    25     11         0.1500     2.7500     1733.3333  % 
LB close or above UB, fathomed
133    24     10         0.1500     2.7500     1733.3333  % 
UB: 2.75
branching on 1 with b.
134    25     11         0.1500     2.7500     1733.3333  % 
LB close or above UB, fathomed
135    24     11         0.1500     2.7500     1733.3333  % 
LB close or above UB, fathomed
136    23     9          0.1500     2.7500     1733.3333  % 
LB close or above UB, fathomed
137    22     12         0.1500     2.7500     1733.3333  % 
LB close or above UB, fathomed
138    21     12         0.1500     2.7500     1733.3333  % 
UB: 2.75
branching on 1 with b.
139    21     13         0.1500     2.7500     1733.3333  % 
UB: 2.75
branching on CartesianIndex(1, 5) with c.
140    22     14         0.1500     2.7500     1733.3333  % 
UB: 2.75
branching on CartesianIndex(2, 5) with c.
141    23     15         0.1500     2.7500     1733.3333  % 
LB close or above UB, fathomed
142    22     15         0.1500     2.7500     1733.3333  % 
UB: 2.75
branching on CartesianIndex(1, 6) with c.
143    23     16         0.1500     2.7500     1733.3333  % 
UB: 2.75
branching on 2 with b.
144    24     17         0.1500     2.7500     1733.3333  % 
UB: 2.75
branching on 3 with b.
145    25     18         0.1500     2.7500     1733.3333  % 
UB: 2.75
branching on CartesianIndex(2, 6) with c.
146    26     19         0.1500     2.7500     1733.3333  % 
LB close or above UB, fathomed
147    25     19         0.1500     2.7500     1733.3333  % 
UB: 2.75
branching on CartesianIndex(1, 7) with c.
148    26     20         0.1500     2.7500     1733.3333  % 
UB: 2.75
branching on CartesianIndex(2, 7) with c.
149    27     21         0.1500     2.7500     1733.3333  % 
UB: 2.75
branching on 1 with b.
150    27     22         0.1500     2.7500     1733.3333  % 
UB: 2.75
branching on 2 with b.
151    28     23         0.1500     2.7500     1733.3333  % 
LB close or above UB, fathomed
152    27     23         0.1500     2.7500     1733.3333  % 
UB: 2.75
branching on 3 with b.
153    28     24         0.1500     2.7500     1733.3333  % 
LB close or above UB, fathomed
154    27     24         0.1500     2.7500     1733.3333  % 
LB close or above UB, fathomed
155    26     21         0.1500     2.7500     1733.3333  % 
LB close or above UB, fathomed
156    25     20         0.1500     2.7500     1733.3333  % 
LB close or above UB, fathomed
157    24     18         0.1500     2.7500     1733.3333  % 
LB close or above UB, fathomed
158    23     17         0.1500     2.7500     1733.3333  % 
LB close or above UB, fathomed
159    22     16         0.1500     2.7500     1733.3333  % 
LB close or above UB, fathomed
160    21     14         0.1500     2.7500     1733.3333  % 
LB close or above UB, fathomed
161    20     15         0.1500     2.7500     1733.3333  % 
UB: 2.75
branching on CartesianIndex(1, 5) with c.
162    21     16         0.1500     2.7500     1733.3333  % 
LB close or above UB, fathomed
163    20     16         0.1500     2.7500     1733.3333  % 
LB close or above UB, fathomed
164    19     15         0.1500     2.7500     1733.3333  % 
UB: 2.75
branching on CartesianIndex(1, 5) with c.
165    20     16         0.1500     2.7500     1733.3333  % 
LB close or above UB, fathomed
166    19     16         0.1500     2.7500     1733.3333  % 
LB close or above UB, fathomed
167    18     14         0.1500     2.7500     1733.3333  % 
UB: 2.75
branching on 2 with b.
168    19     15         0.1500     2.7500     1733.3333  % 
UB: 2.75
branching on CartesianIndex(1, 5) with c.
169    20     16         0.1500     2.7500     1733.3333  % 
LB close or above UB, fathomed
170    19     16         0.1500     2.7500     1733.3333  % 
LB close or above UB, fathomed
171    18     15         0.1500     2.7500     1733.3333  % 
LB close or above UB, fathomed
172    17     14         0.1500     2.7500     1733.3333  % 
UB: 2.75
branching on CartesianIndex(1, 5) with c.
173    18     15         0.1500     2.7500     1733.3333  % 
LB close or above UB, fathomed
174    17     15         0.1500     2.7500     1733.3333  % 
UB: 2.75
branching on CartesianIndex(1, 6) with c.
175    18     16         0.1500     2.7500     1733.3333  % 
UB: 2.75
branching on CartesianIndex(2, 6) with c.
176    19     17         0.1500     2.7500     1733.3333  % 
LB close or above UB, fathomed
177    18     17         0.1500     2.7500     1733.3333  % 
UB: 2.75
branching on CartesianIndex(1, 7) with c.
178    19     18         0.1500     2.7500     1733.3333  % 
UB: 2.75
branching on 2 with b.
179    20     19         0.1500     2.7500     1733.3333  % 
LB close or above UB, fathomed
180    19     19         0.1500     2.7500     1733.3333  % 
LB close or above UB, fathomed
181    18     18         0.1500     2.7500     1733.3333  % 
LB close or above UB, fathomed
182    17     16         0.1500     2.7500     1733.3333  % 
LB close or above UB, fathomed
183    16     14         0.1500     2.7500     1733.3333  % 
UB: 2.75
branching on 2 with b.
184    17     15         0.1500     2.7500     1733.3333  % 
LB close or above UB, fathomed
185    16     15         0.1500     2.7500     1733.3333  % 
LB close or above UB, fathomed
186    15     14         0.1500     2.7500     1733.3333  % 
UB: 2.75
branching on 2 with b.
187    16     15         0.1500     2.7500     1733.3333  % 
LB close or above UB, fathomed
188    15     15         0.1500     2.7500     1733.3333  % 
LB close or above UB, fathomed
189    14     12         0.1500     2.7500     1733.3333  % 
LB close or above UB, fathomed
190    13     12         0.1500     2.7500     1733.3333  % 
UB: 2.75
branching on CartesianIndex(1, 5) with c.
191    14     13         0.1500     2.7500     1733.3333  % 
UB: 2.75
branching on CartesianIndex(2, 5) with c.
192    15     14         0.1500     2.7500     1733.3333  % 
LB close or above UB, fathomed
193    14     14         0.1500     2.7500     1733.3333  % 
UB: 2.75
branching on CartesianIndex(1, 6) with c.
194    15     15         0.1500     2.7500     1733.3333  % 
UB: 2.75
branching on CartesianIndex(2, 6) with c.
195    16     16         0.1500     2.7500     1733.3333  % 
LB close or above UB, fathomed
196    15     16         0.1500     2.7500     1733.3333  % 
LB close or above UB, fathomed
197    14     15         0.1500     2.7500     1733.3333  % 
LB close or above UB, fathomed
198    13     13         0.1500     2.7500     1733.3333  % 
LB close or above UB, fathomed
199    12     11         0.1500     2.7500     1733.3333  % 
UB: 2.75
branching on CartesianIndex(1, 3) with a.
200    13     12         0.1500     2.7500     1733.3333  % 
LB close or above UB, fathomed
201    12     12         0.1500     2.7500     1733.3333  % 
UB: 2.75
branching on CartesianIndex(1, 4) with c.
202    13     13         0.1500     2.7500     1733.3333  % 
LB close or above UB, fathomed
203    12     13         0.1500     2.7500     1733.3333  % 
LB close or above UB, fathomed
204    11     13         0.1500     2.7500     1733.3333  % 
UB: 2.75
branching on CartesianIndex(1, 3) with a.
205    12     14         0.1500     2.7500     1733.3333  % 
LB close or above UB, fathomed
206    11     14         0.1500     2.7500     1733.3333  % 
UB: 2.75
branching on CartesianIndex(1, 4) with c.
207    12     13         0.1500     2.7500     1733.3333  % 
UB: 2.75
branching on CartesianIndex(1, 3) with a.
208    13     14         0.1500     2.7500     1733.3333  % 
LB close or above UB, fathomed
209    12     14         0.1500     2.7500     1733.3333  % 
LB close or above UB, fathomed
210    11     15         0.1500     2.7500     1733.3333  % 
LB close or above UB, fathomed
211    10     15         0.1500     2.7500     1733.3333  % 
UB: 2.75
branching on CartesianIndex(1, 5) with c.
212    11     16         0.1500     2.7500     1733.3333  % 
LB close or above UB, fathomed
213    10     16         0.1500     2.7500     1733.3333  % 
LB close or above UB, fathomed
214    9      6          2.7000     2.7500     1.8519     % 
UB: 2.75
branching on 1 with b.
215    10     7          2.7000     2.7500     1.8519     % 
LB close or above UB, fathomed
216    9      7          2.7000     2.7500     1.8519     % 
UB: 2.75
branching on CartesianIndex(1, 4) with c.
217    10     8          2.7000     2.7500     1.8519     % 
LB close or above UB, fathomed
218    9      8          2.7000     2.7500     1.8519     % 
UB: 2.75
branching on 1 with b.
219    10     9          2.7000     2.7500     1.8519     % 
UB: 2.75
branching on CartesianIndex(1, 5) with c.
220    11     10         2.7000     2.7500     1.8519     % 
UB: 2.75
branching on 2 with b.
221    12     11         2.7000     2.7500     1.8519     % 
UB: 2.75
branching on CartesianIndex(2, 5) with c.
222    13     12         2.7000     2.7500     1.8519     % 
LB close or above UB, fathomed
223    12     12         2.7000     2.7500     1.8519     % 
UB: 2.75
branching on CartesianIndex(1, 7) with c.
224    13     13         2.7000     2.7500     1.8519     % 
UB: 2.75
branching on CartesianIndex(2, 7) with c.
225    14     14         2.7000     2.7500     1.8519     % 
UB: 2.75
branching on 1 with b.
226    15     15         2.7000     2.7500     1.8519     % 
LB close or above UB, fathomed
227    14     15         2.7000     2.7500     1.8519     % 
LB close or above UB, fathomed
228    13     14         2.7000     2.7500     1.8519     % 
LB close or above UB, fathomed
229    12     13         2.7000     2.7500     1.8519     % 
LB close or above UB, fathomed
230    11     11         2.7000     2.7500     1.8519     % 
UB: 2.75
branching on CartesianIndex(2, 5) with c.
231    12     12         2.7000     2.7500     1.8519     % 
LB close or above UB, fathomed
232    11     12         2.7000     2.7500     1.8519     % 
UB: 2.75
branching on CartesianIndex(1, 7) with c.
233    12     13         2.7000     2.7500     1.8519     % 
UB: 2.75
branching on 1 with b.
234    13     14         2.7000     2.7500     1.8519     % 
LB close or above UB, fathomed
235    12     14         2.7000     2.7500     1.8519     % 
LB close or above UB, fathomed
236    11     13         2.7000     2.7500     1.8519     % 
LB close or above UB, fathomed
237    10     10         2.7000     2.7500     1.8519     % 
LB close or above UB, fathomed
238    9      9          2.7000     2.7500     1.8519     % 
UB: 2.75
branching on CartesianIndex(1, 5) with c.
239    10     6          2.7000     2.7500     1.8519     % 
LB close or above UB, fathomed
240    9      6          2.7000     2.7500     1.8519     % 
UB: 2.75
branching on CartesianIndex(1, 3) with a.
241    10     6          2.7000     2.7500     1.8519     % 
UB: 2.75
branching on 1 with b.
242    11     7          2.7000     2.7500     1.8519     % 
UB: 2.75
branching on CartesianIndex(1, 3) with a.
243    12     8          2.7000     2.7500     1.8519     % 
UB: 2.75
branching on CartesianIndex(1, 5) with c.
244    13     9          2.7000     2.7500     1.8519     % 
LB close or above UB, fathomed
245    12     9          2.7000     2.7500     1.8519     % 
UB: 2.75
branching on 3 with b.
246    13     10         2.7000     2.7500     1.8519     % 
LB close or above UB, fathomed
247    12     10         2.7000     2.7500     1.8519     % 
LB close or above UB, fathomed
248    11     8          2.7000     2.7500     1.8519     % 
LB close or above UB, fathomed
249    10     7          2.7000     2.7500     1.8519     % 
LB close or above UB, fathomed
250    9      8          2.7000     2.7500     1.8519     % 
UB: 2.75
branching on 1 with b.
251    10     9          2.7000     2.7500     1.8519     % 
UB: 2.75
branching on CartesianIndex(2, 6) with c.
252    11     10         2.7000     2.7500     1.8519     % 
LB close or above UB, fathomed
253    10     10         2.7000     2.7500     1.8519     % 
UB: 2.75
branching on CartesianIndex(1, 7) with c.
254    11     11         2.7000     2.7500     1.8519     % 
UB: 2.75
branching on CartesianIndex(2, 7) with c.
255    12     12         2.7000     2.7500     1.8519     % 
UB: 2.75
branching on 1 with b.
256    13     13         2.7000     2.7500     1.8519     % 
LB close or above UB, fathomed
257    12     13         2.7000     2.7500     1.8519     % 
UB: 2.75
branching on 3 with b.
258    13     14         2.7000     2.7500     1.8519     % 
LB close or above UB, fathomed
259    12     14         2.7000     2.7500     1.8519     % 
UB: 2.75
branching on 1 with b.
260    12     15         2.7000     2.7500     1.8519     % 
UB: 2.75
branching on 3 with b.
261    13     16         2.7000     2.7500     1.8519     % 
UB: 2.75
branching on 1 with b.
262    13     17         2.7000     2.7500     1.8519     % 
UB: 2.75
branching on 3 with b.
263    14     18         2.7000     2.7500     1.8519     % 
LB close or above UB, fathomed
264    13     18         2.7000     2.7500     1.8519     % 
LB close or above UB, fathomed
265    12     16         2.7000     2.7500     1.8519     % 
LB close or above UB, fathomed
266    11     12         2.7000     2.7500     1.8519     % 
LB close or above UB, fathomed
267    10     11         2.7000     2.7500     1.8519     % 
LB close or above UB, fathomed
268    9      9          2.7000     2.7500     1.8519     % 
LB close or above UB, fathomed
269    8      8          2.7000     2.7500     1.8519     % 
LB close or above UB, fathomed
270    7      9          2.7000     2.7500     1.8519     % 
UB: 2.75
branching on CartesianIndex(2, 6) with c.
271    8      10         2.7000     2.7500     1.8519     % 
UB: 2.75
branching on CartesianIndex(1, 7) with c.
272    9      11         2.7000     2.7500     1.8519     % 
UB: 2.75
branching on CartesianIndex(2, 7) with c.
273    10     12         2.7000     2.7500     1.8519     % 
LB close or above UB, fathomed
274    9      12         2.7000     2.7500     1.8519     % 
UB: 2.75
branching on 1 with b.
275    10     13         2.7000     2.7500     1.8519     % 
LB close or above UB, fathomed
276    9      13         2.7000     2.7500     1.8519     % 
UB: 2.75
branching on 3 with b.
277    10     14         2.7000     2.7500     1.8519     % 
LB close or above UB, fathomed
278    9      14         2.7000     2.7500     1.8519     % 
UB: 2.75
branching on 1 with b.
279    9      15         2.7000     2.7500     1.8519     % 
UB: 2.75
branching on 3 with b.
280    10     16         2.7000     2.7500     1.8519     % 
LB close or above UB, fathomed
281    9      16         2.7000     2.7500     1.8519     % 
LB close or above UB, fathomed
282    8      11         2.7000     2.7500     1.8519     % 
LB close or above UB, fathomed
283    7      10         2.7000     2.7500     1.8519     % 
LB close or above UB, fathomed
284    6      9          2.7000     2.7500     1.8519     % 
LB close or above UB, fathomed
285    5      7          2.7000     2.7500     1.8519     % 
UB: 2.75
branching on CartesianIndex(1, 5) with c.
286    6      8          2.7000     2.7500     1.8519     % 
LB close or above UB, fathomed
287    5      8          2.7000     2.7500     1.8519     % 
UB: 2.75
branching on CartesianIndex(1, 6) with c.
288    6      9          2.7000     2.7500     1.8519     % 
UB: 2.75
branching on 1 with b.
289    7      10         2.7000     2.7500     1.8519     % 
UB: 2.75
branching on CartesianIndex(2, 6) with c.
290    8      11         2.7000     2.7500     1.8519     % 
LB close or above UB, fathomed
291    7      11         2.7000     2.7500     1.8519     % 
LB close or above UB, fathomed
292    6      10         2.7000     2.7500     1.8519     % 
UB: 2.75
branching on CartesianIndex(2, 6) with c.
293    7      11         2.7000     2.7500     1.8519     % 
LB close or above UB, fathomed
294    6      11         2.7000     2.7500     1.8519     % 
LB close or above UB, fathomed
295    5      9          2.7000     2.7500     1.8519     % 
LB close or above UB, fathomed
296    4      7          2.7000     2.7500     1.8519     % 
LB close or above UB, fathomed
297    3      10         2.7000     2.7500     1.8519     % 
UB: 2.75
branching on 2 with b.
298    4      11         2.7000     2.7500     1.8519     % 
UB: 2.75
branching on CartesianIndex(2, 5) with c.
299    5      12         2.7000     2.7500     1.8519     % 
LB close or above UB, fathomed
300    4      12         2.7000     2.7500     1.8519     % 
LB close or above UB, fathomed
301    3      11         2.7000     2.7500     1.8519     % 
LB close or above UB, fathomed
302    2      10         2.7000     2.7500     1.8519     % 
LB close or above UB, fathomed
303    1      7          2.7000     2.7500     1.8519     % 
UB: 2.75
branching on 2 with b.
304    2      8          2.7000     2.7500     1.8519     % 
UB: 2.75
branching on CartesianIndex(1, 2) with a.
305    3      9          2.7000     2.7500     1.8519     % 
UB: 2.75
branching on CartesianIndex(1, 4) with c.
306    4      10         2.7000     2.7500     1.8519     % 
LB close or above UB, fathomed
307    3      10         2.7000     2.7500     1.8519     % 
UB: 2.75
branching on 1 with b.
308    3      11         2.7000     2.7500     1.8519     % 
UB: 2.75
branching on CartesianIndex(1, 5) with c.
309    4      12         2.7000     2.7500     1.8519     % 
UB: 2.75
branching on CartesianIndex(2, 5) with c.
310    5      13         2.7000     2.7500     1.8519     % 
LB close or above UB, fathomed
311    4      13         2.7000     2.7500     1.8519     % 
LB close or above UB, fathomed
312    3      12         2.7000     2.7500     1.8519     % 
LB close or above UB, fathomed
313    2      9          2.7000     2.7500     1.8519     % 
LB close or above UB, fathomed
314    1      8          2.7000     2.7500     1.8519     % 
UB: 2.75
branching on 1 with b.
315    1      9          2.7000     2.7500     1.8519     % 
UB: 2.75
branching on CartesianIndex(1, 2) with a.
316    2      10         2.7000     2.7500     1.8519     % 
LB close or above UB, fathomed
317    1      10         2.7000     2.7500     1.8519     % 
LB close or above UB, fathomed
318    0      7          2.7000     2.7500     1.8519     % 
LB close or above UB, fathomed
all node solved
solved nodes:  319
319                                                   2.7333e+00     2.7500e+00     0.6098  % 
2×3 Matrix{Float64}:
 1.0  0.0  0.0
 0.0  0.0  1.0
3-element Vector{Float64}:
 0.20501063575923717
 0.0
 0.20099453956412164
3×7 Matrix{Float64}:
 0.0  0.0  0.0  0.0  1.0  1.0  0.0
 0.0  0.0  0.0  0.0  0.0  0.0  1.0
 0.0  0.0  0.0  0.0  0.0  0.0  0.0
3-element Vector{Float64}:
 1.0
 0.0
 1.0
2×3 Matrix{Float64}:
 1.0  -0.0  1.0
 0.0   1.0  0.0
3-element Vector{Float64}:
 0.6503716353165094
 0.9177115701017189
 0.9634876991375734
3×7 Matrix{Float64}:
 0.0  0.0  0.0   1.0  0.0  -0.0   0.0
 0.0  0.0  0.0   0.0  0.0   1.0  -0.0
 0.0  0.0  0.0  -0.0  1.0   0.0   1.0
3-element Vector{Float64}:
 1.0
 1.0
 1.0
comparison (CRT and Glb)on prediction: Dict{Bool, Int64}(0 => 2, 1 => 2)
Dataname	 time	 objv	 lb	 gap	 train_w	 train_g	 test_w	 test_g
small_toy_192.small_toy	 58.54	 2.75	 2.733	 0.0061	 66.667	 88.889	 75.0	 75.0
