Running 2 processes.
Start training small_toy_47.small_toy with seed 1.
Any[]
(2, 13)
(2, 6)
(2, 3)
(2, 4)
dimension: 2, class: 3
cart cost: 2.7000000000000006
size of X: (2, 9)
ngroups: 2
UB: 2.6999999999999993
Iter	left	lev	LB	UB	gap	
0      0      1          0.1000     2.7000     2600.0000  % 
UB: 2.6999999999999993
branching on 1 with d.
1      1      2          0.1000     2.7000     2600.0000  % 
LB close or above UB, fathomed
2      0      2          0.1000     2.7000     2600.0000  % 
UB: 2.6999999999999993
branching on 2 with d.
3      1      3          0.1000     2.7000     2600.0000  % 
UB: 2.6999999999999993
branching on 3 with d.
4      2      4          0.1000     2.7000     2600.0000  % 
LB close or above UB, fathomed
5      1      4          0.1000     2.7000     2600.0000  % 
UB: 2.6999999999999993
branching on CartesianIndex(1, 1) with a.
6      2      5          0.1000     2.7000     2600.0000  % 
UB: 2.6999999999999993
branching on CartesianIndex(1, 3) with a.
7      3      6          0.1000     2.7000     2600.0000  % 
UB: 2.6999999999999993
branching on 1 with b.
8      4      6          0.1000     2.7000     2600.0000  % 
LB close or above UB, fathomed
9      3      5          0.1000     2.7000     2600.0000  % 
LB close or above UB, fathomed
10     2      3          0.1000     2.7000     2600.0000  % 
UB: 2.6999999999999993
branching on 3 with d.
11     3      4          0.1000     2.7000     2600.0000  % 
UB: 2.6999999999999993
branching on 1 with b.
12     4      5          0.1000     2.7000     2600.0000  % 
LB close or above UB, fathomed
13     3      5          0.1000     2.7000     2600.0000  % 
UB: 2.6999999999999993
branching on 1 with b.
14     4      6          0.1000     2.7000     2600.0000  % 
UB: 2.6999999999999993
branching on CartesianIndex(1, 1) with a.
15     5      7          0.1000     2.7000     2600.0000  % 
LB close or above UB, fathomed
16     4      7          0.1000     2.7000     2600.0000  % 
LB close or above UB, fathomed
17     3      6          0.1000     2.7000     2600.0000  % 
LB close or above UB, fathomed
18     2      4          0.1000     2.7000     2600.0000  % 
UB: 2.6999999999999993
branching on 1 with b.
19     3      7          0.1000     2.7000     2600.0000  % 
UB: 2.6999999999999993
branching on CartesianIndex(1, 5) with c.
20     4      8          0.1000     2.7000     2600.0000  % 
LB close or above UB, fathomed
21     3      8          0.1000     2.7000     2600.0000  % 
UB: 2.6999999999999993
branching on CartesianIndex(1, 6) with c.
22     4      9          0.1000     2.7000     2600.0000  % 
UB: 2.6999999999999993
branching on 1 with b.
23     5      10         0.1000     2.7000     2600.0000  % 
LB close or above UB, fathomed
24     4      10         0.1000     2.7000     2600.0000  % 
UB: 2.6999999999999993
branching on 3 with b.
25     5      11         0.1000     2.7000     2600.0000  % 
LB close or above UB, fathomed
26     4      11         0.1000     2.7000     2600.0000  % 
LB close or above UB, fathomed
27     3      9          0.1000     2.7000     2600.0000  % 
LB close or above UB, fathomed
28     2      7          0.1000     2.7000     2600.0000  % 
LB close or above UB, fathomed
29     1      5          0.1500     2.7000     1700.0000  % 
UB: 2.6999999999999993
branching on CartesianIndex(1, 1) with a.
30     2      6          0.1500     2.7000     1700.0000  % 
UB: 2.6999999999999993
branching on 1 with b.
31     3      7          0.1500     2.7000     1700.0000  % 
LB close or above UB, fathomed
32     2      7          0.1500     2.7000     1700.0000  % 
UB: 2.6999999999999993
branching on CartesianIndex(1, 2) with a.
33     3      8          0.1500     2.7000     1700.0000  % 
UB: 2.6999999999999993
branching on CartesianIndex(1, 3) with a.
34     4      9          0.1500     2.7000     1700.0000  % 
UB: 2.6999999999999993
branching on CartesianIndex(1, 4) with c.
35     5      10         0.1500     2.7000     1700.0000  % 
UB: 2.6999999999999993
branching on 2 with b.
36     6      10         0.1500     2.7000     1700.0000  % 
UB: 2.6999999999999993
branching on 2 with b.
37     7      11         0.1500     2.7000     1700.0000  % 
UB: 2.6999999999999993
branching on CartesianIndex(1, 5) with c.
38     8      12         0.1500     2.7000     1700.0000  % 
UB: 2.6999999999999993
branching on CartesianIndex(2, 5) with c.
39     9      13         0.1500     2.7000     1700.0000  % 
UB: 2.6999999999999993
branching on 3 with b.
40     10     13         0.1500     2.7000     1700.0000  % 
UB: 2.6999999999999993
branching on 3 with b.
41     11     14         0.1500     2.7000     1700.0000  % 
LB close or above UB, fathomed
42     10     14         0.1500     2.7000     1700.0000  % 
LB close or above UB, fathomed
43     9      12         0.1500     2.7000     1700.0000  % 
UB: 2.6999999999999993
branching on CartesianIndex(1, 6) with c.
44     10     11         0.1500     2.7000     1700.0000  % 
UB: 2.6999999999999993
branching on CartesianIndex(1, 5) with c.
45     11     9          0.1500     2.7000     1700.0000  % 
UB: 2.6999999999999993
branching on 2 with b.
46     12     10         0.1500     2.7000     1700.0000  % 
UB: 2.6999999999999993
branching on 3 with b.
47     13     11         0.1500     2.7000     1700.0000  % 
LB close or above UB, fathomed
48     12     11         0.1500     2.7000     1700.0000  % 
UB: 2.6999999999999993
branching on CartesianIndex(1, 4) with c.
49     13     10         0.1500     2.7000     1700.0000  % 
LB close or above UB, fathomed
50     12     8          0.1500     2.7000     1700.0000  % 
UB: 2.6999999999999993
branching on CartesianIndex(1, 3) with a.
51     13     9          0.1500     2.7000     1700.0000  % 
UB: 2.6999999999999993
branching on 2 with b.
52     14     10         0.1500     2.7000     1700.0000  % 
UB: 2.6999999999999993
branching on CartesianIndex(1, 4) with c.
53     15     10         0.1500     2.7000     1700.0000  % 
UB: 2.6999999999999993
branching on CartesianIndex(1, 4) with c.
54     16     9          0.1500     2.7000     1700.0000  % 
UB: 2.6999999999999993
branching on CartesianIndex(1, 4) with c.
55     17     10         0.1500     2.7000     1700.0000  % 
LB close or above UB, fathomed
56     16     10         0.1500     2.7000     1700.0000  % 
UB: 2.6999999999999993
branching on CartesianIndex(1, 5) with c.
57     17     11         0.1500     2.7000     1700.0000  % 
UB: 2.6999999999999993
branching on 2 with b.
58     18     12         0.1500     2.7000     1700.0000  % 
LB close or above UB, fathomed
59     17     12         0.1500     2.7000     1700.0000  % 
UB: 2.6999999999999993
branching on CartesianIndex(2, 5) with c.
60     18     13         0.1500     2.7000     1700.0000  % 
LB close or above UB, fathomed
61     17     13         0.1500     2.7000     1700.0000  % 
UB: 2.6999999999999993
branching on CartesianIndex(1, 6) with c.
62     18     14         0.1500     2.7000     1700.0000  % 
UB: 2.6999999999999993
branching on 3 with b.
63     19     15         0.1500     2.7000     1700.0000  % 
LB close or above UB, fathomed
64     18     15         0.1500     2.7000     1700.0000  % 
UB: 2.6999999999999993
branching on CartesianIndex(2, 6) with c.
65     19     16         0.1500     2.7000     1700.0000  % 
LB close or above UB, fathomed
66     18     16         0.1500     2.7000     1700.0000  % 
UB: 2.6999999999999993
branching on 1 with b.
67     18     17         0.1500     2.7000     1700.0000  % 
UB: 2.6999999999999993
branching on CartesianIndex(1, 7) with c.
68     19     18         0.1500     2.7000     1700.0000  % 
UB: 2.6999999999999993
branching on 2 with b.
69     20     19         0.1500     2.7000     1700.0000  % 
LB close or above UB, fathomed
70     19     19         0.1500     2.7000     1700.0000  % 
LB close or above UB, fathomed
71     18     18         0.1500     2.7000     1700.0000  % 
LB close or above UB, fathomed
72     17     14         0.1500     2.7000     1700.0000  % 
LB close or above UB, fathomed
73     16     11         0.1500     2.7000     1700.0000  % 
LB close or above UB, fathomed
74     15     6          0.1500     2.7000     1700.0000  % 
LB close or above UB, fathomed
75     14     5          0.1500     2.7000     1700.0000  % 
UB: 2.6999999999999993
branching on CartesianIndex(1, 1) with a.
76     15     6          0.1500     2.7000     1700.0000  % 
LB close or above UB, fathomed
77     14     6          0.1500     2.7000     1700.0000  % 
UB: 2.6999999999999993
branching on 1 with b.
78     15     7          0.1500     2.7000     1700.0000  % 
UB: 2.6999999999999993
branching on 2 with b.
79     16     8          0.1500     2.7000     1700.0000  % 
UB: 2.6999999999999993
branching on CartesianIndex(1, 2) with a.
80     17     9          0.1500     2.7000     1700.0000  % 
UB: 2.6999999999999993
branching on 3 with b.
81     18     9          0.1500     2.7000     1700.0000  % 
UB: 2.6999999999999993
branching on 3 with b.
82     19     10         0.1500     2.7000     1700.0000  % 
UB: 2.6999999999999993
branching on CartesianIndex(1, 3) with a.
83     20     10         0.1500     2.7000     1700.0000  % 
UB: 2.6999999999999993
branching on CartesianIndex(1, 3) with a.
84     21     11         0.1500     2.7000     1700.0000  % 
LB close or above UB, fathomed
85     20     11         0.1500     2.7000     1700.0000  % 
UB: 2.6999999999999993
branching on CartesianIndex(1, 4) with c.
86     21     12         0.1500     2.7000     1700.0000  % 
LB close or above UB, fathomed
87     20     12         0.1500     2.7000     1700.0000  % 
UB: 2.6999999999999993
branching on CartesianIndex(1, 5) with c.
88     21     13         0.1500     2.7000     1700.0000  % 
UB: 2.6999999999999993
branching on 1 with b.
89     21     14         0.1500     2.7000     1700.0000  % 
UB: 2.6999999999999993
branching on CartesianIndex(2, 5) with c.
90     22     15         0.1500     2.7000     1700.0000  % 
LB close or above UB, fathomed
91     21     15         0.1500     2.7000     1700.0000  % 
LB close or above UB, fathomed
92     20     13         0.1500     2.7000     1700.0000  % 
LB close or above UB, fathomed
93     19     8          0.1500     2.7000     1700.0000  % 
UB: 2.6999999999999993
branching on CartesianIndex(1, 2) with a.
94     20     7          0.1500     2.7000     1700.0000  % 
LB close or above UB, fathomed
95     19     10         0.1500     2.7000     1700.0000  % 
UB: 2.6999999999999993
branching on CartesianIndex(1, 3) with a.
96     20     10         0.1500     2.7000     1700.0000  % 
UB: 2.6999999999999993
branching on 1 with b.
97     20     11         0.1500     2.7000     1700.0000  % 
UB: 2.6999999999999993
branching on CartesianIndex(1, 3) with a.
98     21     12         0.1500     2.7000     1700.0000  % 
LB close or above UB, fathomed
99     20     12         0.1500     2.7000     1700.0000  % 
UB: 2.6999999999999993
branching on CartesianIndex(1, 4) with c.
100    21     13         0.1500     2.7000     1700.0000  % 
LB close or above UB, fathomed
101    20     13         0.1500     2.7000     1700.0000  % 
UB: 2.6999999999999993
branching on CartesianIndex(1, 5) with c.
102    21     14         0.1500     2.7000     1700.0000  % 
UB: 2.6999999999999993
branching on CartesianIndex(2, 5) with c.
103    22     15         0.1500     2.7000     1700.0000  % 
LB close or above UB, fathomed
104    21     15         0.1500     2.7000     1700.0000  % 
LB close or above UB, fathomed
105    20     14         0.1500     2.7000     1700.0000  % 
LB close or above UB, fathomed
106    19     12         0.1500     2.7000     1700.0000  % 
LB close or above UB, fathomed
107    18     12         0.1500     2.7000     1700.0000  % 
UB: 2.6999999999999993
branching on CartesianIndex(1, 5) with c.
108    19     13         0.1500     2.7000     1700.0000  % 
UB: 2.6999999999999993
branching on 1 with b.
109    19     14         0.1500     2.7000     1700.0000  % 
UB: 2.6999999999999993
branching on CartesianIndex(2, 5) with c.
110    20     15         0.1500     2.7000     1700.0000  % 
LB close or above UB, fathomed
111    19     15         0.1500     2.7000     1700.0000  % 
UB: 2.6999999999999993
branching on 2 with b.
112    20     16         0.1500     2.7000     1700.0000  % 
LB close or above UB, fathomed
113    19     16         0.1500     2.7000     1700.0000  % 
UB: 2.6999999999999993
branching on CartesianIndex(1, 6) with c.
114    20     17         0.1500     2.7000     1700.0000  % 
UB: 2.6999999999999993
branching on CartesianIndex(2, 6) with c.
115    21     18         0.1500     2.7000     1700.0000  % 
LB close or above UB, fathomed
116    20     18         0.1500     2.7000     1700.0000  % 
UB: 2.6999999999999993
branching on CartesianIndex(1, 7) with c.
117    21     19         0.1500     2.7000     1700.0000  % 
UB: 2.6999999999999993
branching on CartesianIndex(2, 7) with c.
118    22     20         0.1500     2.7000     1700.0000  % 
UB: 2.6999999999999993
branching on 3 with b.
119    23     21         0.1500     2.7000     1700.0000  % 
UB: 2.6999999999999993
branching on 1 with b.
120    23     22         0.1500     2.7000     1700.0000  % 
UB: 2.6999999999999993
branching on 2 with b.
121    23     23         0.1500     2.7000     1700.0000  % 
UB: 2.6999999999999993
branching on 3 with b.
122    23     24         0.1500     2.7000     1700.0000  % 
UB: 2.6999999999999993
branching on 1 with b.
123    24     25         0.1500     2.7000     1700.0000  % 
LB close or above UB, fathomed
124    23     25         0.1500     2.7000     1700.0000  % 
UB: 2.6999999999999993
branching on 2 with b.
125    23     26         0.1500     2.7000     1700.0000  % 
UB: 2.6999999999999993
branching on 3 with b.
126    24     27         0.1500     2.7000     1700.0000  % 
UB: 2.6999999999999993
branching on 1 with b.
127    24     28         0.1500     2.7000     1700.0000  % 
UB: 2.6999999999999993
branching on 2 with b.
128    25     29         0.1500     2.7000     1700.0000  % 
UB: 2.6999999999999993
branching on 3 with b.
129    26     30         0.1500     2.7000     1700.0000  % 
LB close or above UB, fathomed
130    25     30         0.1500     2.7000     1700.0000  % 
LB close or above UB, fathomed
131    24     29         0.1500     2.7000     1700.0000  % 
UB: 2.6999999999999993
branching on 3 with b.
132    25     30         0.1500     2.7000     1700.0000  % 
LB close or above UB, fathomed
133    24     30         0.1500     2.7000     1700.0000  % 
LB close or above UB, fathomed
134    23     27         0.1500     2.7000     1700.0000  % 
LB close or above UB, fathomed
135    22     21         0.1500     2.7000     1700.0000  % 
LB close or above UB, fathomed
136    21     20         0.1500     2.7000     1700.0000  % 
LB close or above UB, fathomed
137    20     19         0.1500     2.7000     1700.0000  % 
LB close or above UB, fathomed
138    19     17         0.1500     2.7000     1700.0000  % 
LB close or above UB, fathomed
139    18     13         0.1500     2.7000     1700.0000  % 
LB close or above UB, fathomed
140    17     11         0.1500     2.7000     1700.0000  % 
UB: 2.6999999999999993
branching on CartesianIndex(1, 4) with c.
141    18     12         0.1500     2.7000     1700.0000  % 
LB close or above UB, fathomed
142    17     12         0.1500     2.7000     1700.0000  % 
UB: 2.6999999999999993
branching on CartesianIndex(1, 5) with c.
143    18     11         0.1500     2.7000     1700.0000  % 
LB close or above UB, fathomed
144    17     12         0.1500     2.7000     1700.0000  % 
UB: 2.6999999999999993
branching on 3 with b.
145    18     13         0.1500     2.7000     1700.0000  % 
LB close or above UB, fathomed
146    17     13         0.1500     2.7000     1700.0000  % 
LB close or above UB, fathomed
147    16     12         0.1500     2.7000     1700.0000  % 
UB: 2.6999999999999993
branching on 3 with b.
148    17     13         0.1500     2.7000     1700.0000  % 
LB close or above UB, fathomed
149    16     13         0.1500     2.7000     1700.0000  % 
LB close or above UB, fathomed
150    15     13         0.1500     2.7000     1700.0000  % 
UB: 2.6999999999999993
branching on 3 with b.
151    16     14         0.1500     2.7000     1700.0000  % 
LB close or above UB, fathomed
152    15     14         0.1500     2.7000     1700.0000  % 
LB close or above UB, fathomed
153    14     13         0.1500     2.7000     1700.0000  % 
LB close or above UB, fathomed
154    13     14         0.1500     2.7000     1700.0000  % 
LB close or above UB, fathomed
155    12     14         0.1500     2.7000     1700.0000  % 
UB: 2.6999999999999993
branching on CartesianIndex(1, 6) with c.
156    13     15         0.1500     2.7000     1700.0000  % 
UB: 2.6999999999999993
branching on CartesianIndex(2, 6) with c.
157    14     16         0.1500     2.7000     1700.0000  % 
LB close or above UB, fathomed
158    13     16         0.1500     2.7000     1700.0000  % 
UB: 2.6999999999999993
branching on 1 with b.
159    13     17         0.1500     2.7000     1700.0000  % 
UB: 2.6999999999999993
branching on CartesianIndex(1, 7) with c.
160    14     18         0.1500     2.7000     1700.0000  % 
UB: 2.6999999999999993
branching on CartesianIndex(2, 7) with c.
161    15     19         0.1500     2.7000     1700.0000  % 
UB: 2.6999999999999993
branching on 2 with b.
162    16     20         0.1500     2.7000     1700.0000  % 
LB close or above UB, fathomed
163    15     20         0.1500     2.7000     1700.0000  % 
UB: 2.6999999999999993
branching on 3 with b.
164    16     21         0.1500     2.7000     1700.0000  % 
UB: 2.6999999999999993
branching on 1 with b.
165    16     22         0.1500     2.7000     1700.0000  % 
UB: 2.6999999999999993
branching on 2 with b.
166    16     23         0.1500     2.7000     1700.0000  % 
UB: 2.6999999999999993
branching on 3 with b.
167    16     24         0.1500     2.7000     1700.0000  % 
UB: 2.6999999999999993
branching on 1 with b.
168    17     25         0.1500     2.7000     1700.0000  % 
LB close or above UB, fathomed
169    16     25         0.1500     2.7000     1700.0000  % 
UB: 2.6999999999999993
branching on 2 with b.
170    16     26         0.1500     2.7000     1700.0000  % 
UB: 2.6999999999999993
branching on 3 with b.
171    17     27         0.1500     2.7000     1700.0000  % 
LB close or above UB, fathomed
172    16     27         0.1500     2.7000     1700.0000  % 
LB close or above UB, fathomed
173    15     21         0.1500     2.7000     1700.0000  % 
LB close or above UB, fathomed
174    14     19         0.1500     2.7000     1700.0000  % 
LB close or above UB, fathomed
175    13     18         0.1500     2.7000     1700.0000  % 
LB close or above UB, fathomed
176    12     15         0.1500     2.7000     1700.0000  % 
LB close or above UB, fathomed
177    11     13         0.1500     2.7000     1700.0000  % 
UB: 2.6999999999999993
branching on CartesianIndex(2, 5) with c.
178    12     14         0.1500     2.7000     1700.0000  % 
LB close or above UB, fathomed
179    11     14         0.1500     2.7000     1700.0000  % 
UB: 2.6999999999999993
branching on 1 with b.
180    11     15         0.1500     2.7000     1700.0000  % 
UB: 2.6999999999999993
branching on 2 with b.
181    12     16         0.1500     2.7000     1700.0000  % 
UB: 2.6999999999999993
branching on 3 with b.
182    13     17         0.1500     2.7000     1700.0000  % 
LB close or above UB, fathomed
183    12     17         0.1500     2.7000     1700.0000  % 
UB: 2.6999999999999993
branching on CartesianIndex(1, 6) with c.
184    13     18         0.1500     2.7000     1700.0000  % 
LB close or above UB, fathomed
185    12     18         0.1500     2.7000     1700.0000  % 
LB close or above UB, fathomed
186    11     16         0.1500     2.7000     1700.0000  % 
UB: 2.6999999999999993
branching on 3 with b.
187    12     17         0.1500     2.7000     1700.0000  % 
LB close or above UB, fathomed
188    11     17         0.1500     2.7000     1700.0000  % 
UB: 2.6999999999999993
branching on CartesianIndex(1, 6) with c.
189    12     18         0.1500     2.7000     1700.0000  % 
LB close or above UB, fathomed
190    11     18         0.1500     2.7000     1700.0000  % 
LB close or above UB, fathomed
191    10     13         0.1500     2.7000     1700.0000  % 
LB close or above UB, fathomed
192    9      11         0.1500     2.7000     1700.0000  % 
UB: 2.6999999999999993
branching on CartesianIndex(1, 4) with c.
193    10     12         0.1500     2.7000     1700.0000  % 
LB close or above UB, fathomed
194    9      12         0.1500     2.7000     1700.0000  % 
UB: 2.6999999999999993
branching on CartesianIndex(1, 5) with c.
195    10     13         0.1500     2.7000     1700.0000  % 
UB: 2.6999999999999993
branching on CartesianIndex(2, 5) with c.
196    11     14         0.1500     2.7000     1700.0000  % 
LB close or above UB, fathomed
197    10     14         0.1500     2.7000     1700.0000  % 
UB: 2.6999999999999993
branching on 1 with b.
198    10     15         0.1500     2.7000     1700.0000  % 
UB: 2.6999999999999993
branching on 2 with b.
199    11     16         0.1500     2.7000     1700.0000  % 
LB close or above UB, fathomed
200    10     16         0.1500     2.7000     1700.0000  % 
UB: 2.6999999999999993
branching on CartesianIndex(1, 6) with c.
201    11     17         0.1500     2.7000     1700.0000  % 
LB close or above UB, fathomed
202    10     17         0.1500     2.7000     1700.0000  % 
LB close or above UB, fathomed
203    9      13         0.1500     2.7000     1700.0000  % 
LB close or above UB, fathomed
204    8      11         0.1500     2.7000     1700.0000  % 
LB close or above UB, fathomed
205    7      9          0.1500     2.7000     1700.0000  % 
UB: 2.6999999999999993
branching on 3 with b.
206    8      10         0.1500     2.7000     1700.0000  % 
UB: 2.6999999999999993
branching on CartesianIndex(1, 3) with a.
207    9      11         0.1500     2.7000     1700.0000  % 
UB: 2.6999999999999993
branching on CartesianIndex(1, 4) with c.
208    10     12         0.1500     2.7000     1700.0000  % 
LB close or above UB, fathomed
209    9      12         0.1500     2.7000     1700.0000  % 
UB: 2.6999999999999993
branching on CartesianIndex(1, 5) with c.
210    10     13         0.1500     2.7000     1700.0000  % 
UB: 2.6999999999999993
branching on 1 with b.
211    10     14         0.1500     2.7000     1700.0000  % 
UB: 2.6999999999999993
branching on CartesianIndex(2, 5) with c.
212    11     15         0.1500     2.7000     1700.0000  % 
LB close or above UB, fathomed
213    10     15         0.1500     2.7000     1700.0000  % 
UB: 2.6999999999999993
branching on CartesianIndex(1, 6) with c.
214    11     16         0.1500     2.7000     1700.0000  % 
LB close or above UB, fathomed
215    10     16         0.1500     2.7000     1700.0000  % 
LB close or above UB, fathomed
216    9      13         0.1500     2.7000     1700.0000  % 
LB close or above UB, fathomed
217    8      11         0.1500     2.7000     1700.0000  % 
LB close or above UB, fathomed
218    7      10         0.1500     2.7000     1700.0000  % 
UB: 2.6999999999999993
branching on 1 with b.
219    7      11         0.1500     2.7000     1700.0000  % 
UB: 2.6999999999999993
branching on CartesianIndex(1, 3) with a.
220    8      12         0.1500     2.7000     1700.0000  % 
LB close or above UB, fathomed
221    7      12         0.1500     2.7000     1700.0000  % 
UB: 2.6999999999999993
branching on CartesianIndex(1, 4) with c.
222    8      13         0.1500     2.7000     1700.0000  % 
LB close or above UB, fathomed
223    7      13         0.1500     2.7000     1700.0000  % 
UB: 2.6999999999999993
branching on CartesianIndex(1, 5) with c.
224    8      14         0.1500     2.7000     1700.0000  % 
UB: 2.6999999999999993
branching on CartesianIndex(2, 5) with c.
225    9      15         0.1500     2.7000     1700.0000  % 
LB close or above UB, fathomed
226    8      15         0.1500     2.7000     1700.0000  % 
LB close or above UB, fathomed
227    7      14         0.1500     2.7000     1700.0000  % 
LB close or above UB, fathomed
228    6      9          0.1500     2.7000     1700.0000  % 
LB close or above UB, fathomed
229    5      11         0.1500     2.7000     1700.0000  % 
LB close or above UB, fathomed
230    4      11         0.1500     2.7000     1700.0000  % 
UB: 2.6999999999999993
branching on 3 with b.
231    5      12         0.1500     2.7000     1700.0000  % 
LB close or above UB, fathomed
232    4      12         0.1500     2.7000     1700.0000  % 
UB: 2.6999999999999993
branching on CartesianIndex(1, 5) with c.
233    5      13         0.1500     2.7000     1700.0000  % 
UB: 2.6999999999999993
branching on 1 with b.
234    5      14         0.1500     2.7000     1700.0000  % 
UB: 2.6999999999999993
branching on 2 with b.
235    6      15         0.1500     2.7000     1700.0000  % 
LB close or above UB, fathomed
236    5      15         0.1500     2.7000     1700.0000  % 
UB: 2.6999999999999993
branching on 3 with b.
237    6      16         0.1500     2.7000     1700.0000  % 
UB: 2.6999999999999993
branching on 1 with b.
238    6      17         0.1500     2.7000     1700.0000  % 
UB: 2.6999999999999993
branching on CartesianIndex(2, 5) with c.
239    7      18         0.1500     2.7000     1700.0000  % 
UB: 2.6999999999999993
branching on CartesianIndex(1, 6) with c.
240    8      19         0.1500     2.7000     1700.0000  % 
UB: 2.6999999999999993
branching on CartesianIndex(2, 6) with c.
241    9      20         0.1500     2.7000     1700.0000  % 
LB close or above UB, fathomed
242    8      20         0.1500     2.7000     1700.0000  % 
UB: 2.6999999999999993
branching on CartesianIndex(1, 7) with c.
243    9      21         0.1500     2.7000     1700.0000  % 
UB: 2.6999999999999993
branching on CartesianIndex(2, 7) with c.
244    10     22         0.1500     2.7000     1700.0000  % 
UB: 2.6999999999999993
branching on 2 with b.
245    10     23         0.1500     2.7000     1700.0000  % 
UB: 2.6999999999999993
branching on 3 with b.
246    10     24         0.1500     2.7000     1700.0000  % 
UB: 2.6999999999999993
branching on 1 with b.
247    11     25         0.1500     2.7000     1700.0000  % 
LB close or above UB, fathomed
248    10     25         0.1500     2.7000     1700.0000  % 
UB: 2.6999999999999993
branching on 2 with b.
249    11     26         0.1500     2.7000     1700.0000  % 
UB: 2.6999999999999993
branching on 3 with b.
250    12     27         0.1500     2.7000     1700.0000  % 
LB close or above UB, fathomed
251    11     27         0.1500     2.7000     1700.0000  % 
LB close or above UB, fathomed
252    10     26         0.1500     2.7000     1700.0000  % 
LB close or above UB, fathomed
253    9      22         0.1500     2.7000     1700.0000  % 
LB close or above UB, fathomed
254    8      21         0.1500     2.7000     1700.0000  % 
LB close or above UB, fathomed
255    7      19         0.1500     2.7000     1700.0000  % 
LB close or above UB, fathomed
256    6      18         0.1500     2.7000     1700.0000  % 
LB close or above UB, fathomed
257    5      16         0.1500     2.7000     1700.0000  % 
LB close or above UB, fathomed
258    4      13         0.1500     2.7000     1700.0000  % 
LB close or above UB, fathomed
259    3      11         0.1500     2.7000     1700.0000  % 
UB: 2.6999999999999993
branching on CartesianIndex(2, 4) with c.
260    4      12         0.1500     2.7000     1700.0000  % 
UB: 2.6999999999999993
branching on CartesianIndex(1, 5) with c.
261    5      13         0.1500     2.7000     1700.0000  % 
LB close or above UB, fathomed
262    4      13         0.1500     2.7000     1700.0000  % 
UB: 2.6999999999999993
branching on 3 with b.
263    5      14         0.1500     2.7000     1700.0000  % 
LB close or above UB, fathomed
264    4      14         0.1500     2.7000     1700.0000  % 
LB close or above UB, fathomed
265    3      12         0.1500     2.7000     1700.0000  % 
UB: 2.6999999999999993
branching on CartesianIndex(1, 5) with c.
266    4      13         0.1500     2.7000     1700.0000  % 
LB close or above UB, fathomed
267    3      13         0.1500     2.7000     1700.0000  % 
UB: 2.6999999999999993
branching on CartesianIndex(1, 6) with c.
268    4      14         0.1500     2.7000     1700.0000  % 
UB: 2.6999999999999993
branching on 3 with b.
269    5      15         0.1500     2.7000     1700.0000  % 
LB close or above UB, fathomed
270    4      15         0.1500     2.7000     1700.0000  % 
LB close or above UB, fathomed
271    3      14         0.1500     2.7000     1700.0000  % 
LB close or above UB, fathomed
272    2      11         0.1500     2.7000     1700.0000  % 
UB: 2.6999999999999993
branching on CartesianIndex(1, 5) with c.
273    3      12         0.1500     2.7000     1700.0000  % 
LB close or above UB, fathomed
274    2      12         0.1500     2.7000     1700.0000  % 
UB: 2.6999999999999993
branching on 3 with b.
275    3      13         0.1500     2.7000     1700.0000  % 
LB close or above UB, fathomed
276    2      13         0.1500     2.7000     1700.0000  % 
LB close or above UB, fathomed
277    1      11         0.1500     2.7000     1700.0000  % 
UB: 2.6999999999999993
branching on CartesianIndex(2, 4) with c.
278    2      12         0.1500     2.7000     1700.0000  % 
UB: 2.6999999999999993
branching on CartesianIndex(1, 5) with c.
279    3      13         0.1500     2.7000     1700.0000  % 
LB close or above UB, fathomed
280    2      13         0.1500     2.7000     1700.0000  % 
UB: 2.6999999999999993
branching on CartesianIndex(1, 6) with c.
281    3      14         0.1500     2.7000     1700.0000  % 
UB: 2.6999999999999993
branching on 3 with b.
282    4      15         0.1500     2.7000     1700.0000  % 
LB close or above UB, fathomed
283    3      15         0.1500     2.7000     1700.0000  % 
UB: 2.6999999999999993
branching on CartesianIndex(2, 6) with c.
284    4      14         0.1500     2.7000     1700.0000  % 
LB close or above UB, fathomed
285    3      12         0.1500     2.7000     1700.0000  % 
UB: 2.6999999999999993
branching on CartesianIndex(1, 5) with c.
286    4      13         0.1500     2.7000     1700.0000  % 
LB close or above UB, fathomed
287    3      13         0.1500     2.7000     1700.0000  % 
UB: 2.6999999999999993
branching on CartesianIndex(1, 6) with c.
288    4      14         0.1500     2.7000     1700.0000  % 
UB: 2.6999999999999993
branching on 3 with b.
289    5      15         0.1500     2.7000     1700.0000  % 
LB close or above UB, fathomed
290    4      15         0.1500     2.7000     1700.0000  % 
LB close or above UB, fathomed
291    3      14         0.1500     2.7000     1700.0000  % 
LB close or above UB, fathomed
292    2      11         0.1500     2.7000     1700.0000  % 
LB close or above UB, fathomed
293    1      16         0.1500     2.7000     1700.0000  % 
LB close or above UB, fathomed
294    0      16         0.1500     2.7000     1700.0000  % 
LB close or above UB, fathomed
all node solved
solved nodes:  295
295                                                   2.6778e+00     2.7000e+00     0.8299  % 
2×3 Matrix{Float64}:
 0.0  0.0  1.0
 1.0  0.0  0.0
3-element Vector{Float64}:
 0.3395132526522657
 0.0
 0.8114096334600325
3×7 Matrix{Float64}:
 0.0  0.0  0.0  0.0  1.0  0.0  0.0
 0.0  0.0  0.0  0.0  0.0  1.0  0.0
 0.0  0.0  0.0  0.0  0.0  0.0  1.0
3-element Vector{Float64}:
 1.0
 0.0
 1.0
2×3 Matrix{Float64}:
 0.0  0.0  1.0
 1.0  0.0  0.0
3-element Vector{Float64}:
 0.33453337592609067
 0.0
 0.7316763221327823
3×7 Matrix{Float64}:
 0.0  0.0  0.0  0.0  1.0  0.0  0.0
 0.0  0.0  0.0  0.0  0.0  1.0  0.0
 0.0  0.0  0.0  0.0  0.0  0.0  1.0
3-element Vector{Float64}:
 1.0
 0.0
 1.0
comparison (CRT and Glb)on prediction: Dict{Bool, Int64}(0 => 0, 1 => 4)
Dataname	 time	 objv	 lb	 gap	 train_w	 train_g	 test_w	 test_g
small_toy_47.small_toy	 59.08	 2.6999999999999993	 2.678	 0.0083	 88.889	 88.889	 75.0	 75.0
