Running 2 processes.
Start training small_toy_181.small_toy with seed 1.
Any[]
(2, 13)
(2, 6)
(2, 3)
(2, 4)
dimension: 2, class: 3
cart cost: 7.9
size of X: (2, 9)
ngroups: 2
UB: 2.75
Iter	left	lev	LB	UB	gap	
0      0      1          0.1000     2.7500     2650.0000  % 
UB: 2.75
branching on 1 with d.
1      1      2          0.1000     2.7500     2650.0000  % 
LB close or above UB, fathomed
2      0      2          0.1000     2.7500     2650.0000  % 
UB: 2.75
branching on 2 with d.
3      1      3          0.1000     2.7500     2650.0000  % 
UB: 2.75
branching on 3 with d.
4      2      4          0.1000     2.7500     2650.0000  % 
LB close or above UB, fathomed
5      1      4          0.1000     2.7500     2650.0000  % 
UB: 2.75
branching on CartesianIndex(1, 1) with a.
6      2      5          0.1000     2.7500     2650.0000  % 
UB: 2.75
branching on CartesianIndex(1, 3) with a.
7      3      5          0.1000     2.7500     2650.0000  % 
UB: 2.75
branching on 1 with b.
8      4      3          0.1000     2.7500     2650.0000  % 
UB: 2.75
branching on 3 with d.
9      5      4          0.1000     2.7500     2650.0000  % 
UB: 2.75
branching on CartesianIndex(1, 1) with a.
10     6      5          0.1000     2.7500     2650.0000  % 
UB: 2.75
branching on CartesianIndex(1, 2) with a.
11     7      5          0.1000     2.7500     2650.0000  % 
UB: 2.75
branching on 1 with b.
12     8      4          0.1000     2.7500     2650.0000  % 
UB: 2.75
branching on CartesianIndex(1, 1) with a.
13     9      5          0.1500     2.7500     1733.3333  % 
UB: 2.75
branching on 1 with b.
14     10     6          0.1500     2.7500     1733.3333  % 
UB: 2.75
branching on CartesianIndex(1, 2) with a.
15     11     7          0.1500     2.7500     1733.3333  % 
UB: 2.75
branching on 1 with b.
16     12     8          0.1500     2.7500     1733.3333  % 
LB close or above UB, fathomed
17     11     8          0.1500     2.7500     1733.3333  % 
UB: 2.75
branching on CartesianIndex(1, 3) with a.
18     12     9          0.1500     2.7500     1733.3333  % 
UB: 2.75
branching on 2 with b.
19     13     10         0.1500     2.7500     1733.3333  % 
UB: 2.75
branching on CartesianIndex(1, 4) with c.
20     14     11         0.1500     2.7500     1733.3333  % 
LB close or above UB, fathomed
21     13     11         0.1500     2.7500     1733.3333  % 
LB close or above UB, fathomed
22     12     10         0.1500     2.7500     1733.3333  % 
LB close or above UB, fathomed
23     11     9          0.1500     2.7500     1733.3333  % 
UB: 2.75
branching on 2 with b.
24     12     10         0.1500     2.7500     1733.3333  % 
UB: 2.75
branching on 3 with b.
25     13     11         0.1500     2.7500     1733.3333  % 
LB close or above UB, fathomed
26     12     11         0.1500     2.7500     1733.3333  % 
UB: 2.75
branching on CartesianIndex(1, 4) with c.
27     13     10         0.1500     2.7500     1733.3333  % 
LB close or above UB, fathomed
28     12     7          0.1500     2.7500     1733.3333  % 
UB: 2.75
branching on 1 with b.
29     13     8          0.1500     2.7500     1733.3333  % 
LB close or above UB, fathomed
30     12     8          0.1500     2.7500     1733.3333  % 
UB: 2.75
branching on 2 with b.
31     13     9          0.1500     2.7500     1733.3333  % 
UB: 2.75
branching on 3 with b.
32     14     9          0.1500     2.7500     1733.3333  % 
UB: 2.75
branching on CartesianIndex(1, 3) with a.
33     15     10         0.1500     2.7500     1733.3333  % 
UB: 2.75
branching on CartesianIndex(1, 4) with c.
34     16     10         0.1500     2.7500     1733.3333  % 
UB: 2.75
branching on CartesianIndex(1, 4) with c.
35     17     6          0.1500     2.7500     1733.3333  % 
LB close or above UB, fathomed
36     16     5          0.1500     2.7500     1733.3333  % 
UB: 2.75
branching on 1 with b.
37     17     6          0.1500     2.7500     1733.3333  % 
LB close or above UB, fathomed
38     16     6          0.1500     2.7500     1733.3333  % 
UB: 2.75
branching on CartesianIndex(1, 2) with a.
39     17     7          0.1500     2.7500     1733.3333  % 
UB: 2.75
branching on 1 with b.
40     18     8          0.1500     2.7500     1733.3333  % 
UB: 2.75
branching on 2 with b.
41     19     9          0.1500     2.7500     1733.3333  % 
UB: 2.75
branching on CartesianIndex(1, 3) with a.
42     20     10         0.1500     2.7500     1733.3333  % 
UB: 2.75
branching on 3 with b.
43     21     11         0.1500     2.7500     1733.3333  % 
UB: 2.75
branching on CartesianIndex(1, 4) with c.
44     22     11         0.1500     2.7500     1733.3333  % 
LB close or above UB, fathomed
45     21     10         0.1500     2.7500     1733.3333  % 
UB: 2.75
branching on 3 with b.
46     22     9          0.1500     2.7500     1733.3333  % 
LB close or above UB, fathomed
47     21     8          0.1500     2.7500     1733.3333  % 
LB close or above UB, fathomed
48     20     7          0.1500     2.7500     1733.3333  % 
UB: 2.75
branching on CartesianIndex(1, 3) with a.
49     21     8          0.1500     2.7500     1733.3333  % 
UB: 2.75
branching on CartesianIndex(1, 4) with c.
50     22     9          0.1500     2.7500     1733.3333  % 
LB close or above UB, fathomed
51     21     9          0.1500     2.7500     1733.3333  % 
UB: 2.75
branching on 1 with b.
52     22     10         0.1500     2.7500     1733.3333  % 
UB: 2.75
branching on CartesianIndex(1, 5) with c.
53     23     11         0.1500     2.7500     1733.3333  % 
UB: 2.75
branching on CartesianIndex(2, 5) with c.
54     24     12         0.1500     2.7500     1733.3333  % 
LB close or above UB, fathomed
55     23     12         0.1500     2.7500     1733.3333  % 
UB: 2.75
branching on 2 with b.
56     24     13         0.1500     2.7500     1733.3333  % 
UB: 2.75
branching on CartesianIndex(1, 6) with c.
57     25     14         0.1500     2.7500     1733.3333  % 
LB close or above UB, fathomed
58     24     14         0.1500     2.7500     1733.3333  % 
LB close or above UB, fathomed
59     23     13         0.1500     2.7500     1733.3333  % 
LB close or above UB, fathomed
60     22     11         0.1500     2.7500     1733.3333  % 
LB close or above UB, fathomed
61     21     10         0.1500     2.7500     1733.3333  % 
LB close or above UB, fathomed
62     20     8          0.1500     2.7500     1733.3333  % 
UB: 2.75
branching on 1 with b.
63     21     9          0.1500     2.7500     1733.3333  % 
UB: 2.75
branching on 2 with b.
64     22     10         0.1500     2.7500     1733.3333  % 
UB: 2.75
branching on CartesianIndex(1, 4) with c.
65     23     11         0.1500     2.7500     1733.3333  % 
LB close or above UB, fathomed
66     22     11         0.1500     2.7500     1733.3333  % 
UB: 2.75
branching on 3 with b.
67     23     10         0.1500     2.7500     1733.3333  % 
LB close or above UB, fathomed
68     22     9          0.1500     2.7500     1733.3333  % 
LB close or above UB, fathomed
69     21     11         0.1500     2.7500     1733.3333  % 
LB close or above UB, fathomed
70     20     11         0.1500     2.7500     1733.3333  % 
UB: 2.75
branching on CartesianIndex(1, 5) with c.
71     21     12         0.1500     2.7500     1733.3333  % 
UB: 2.75
branching on CartesianIndex(2, 5) with c.
72     22     13         0.1500     2.7500     1733.3333  % 
LB close or above UB, fathomed
73     21     13         0.1500     2.7500     1733.3333  % 
LB close or above UB, fathomed
74     20     12         0.1500     2.7500     1733.3333  % 
LB close or above UB, fathomed
75     19     10         0.1500     2.7500     1733.3333  % 
LB close or above UB, fathomed
76     18     10         0.1500     2.7500     1733.3333  % 
UB: 2.75
branching on CartesianIndex(1, 3) with a.
77     19     11         0.1500     2.7500     1733.3333  % 
LB close or above UB, fathomed
78     18     11         0.1500     2.7500     1733.3333  % 
UB: 2.75
branching on 1 with b.
79     19     12         0.1500     2.7500     1733.3333  % 
LB close or above UB, fathomed
80     18     12         0.1500     2.7500     1733.3333  % 
LB close or above UB, fathomed
81     17     12         0.1500     2.7500     1733.3333  % 
LB close or above UB, fathomed
82     16     12         0.1500     2.7500     1733.3333  % 
UB: 2.75
branching on CartesianIndex(1, 5) with c.
83     17     13         0.1500     2.7500     1733.3333  % 
UB: 2.75
branching on CartesianIndex(2, 5) with c.
84     18     14         0.1500     2.7500     1733.3333  % 
LB close or above UB, fathomed
85     17     14         0.1500     2.7500     1733.3333  % 
UB: 2.75
branching on CartesianIndex(1, 6) with c.
86     18     15         0.1500     2.7500     1733.3333  % 
LB close or above UB, fathomed
87     17     15         0.1500     2.7500     1733.3333  % 
LB close or above UB, fathomed
88     16     13         0.1500     2.7500     1733.3333  % 
LB close or above UB, fathomed
89     15     11         0.1500     2.7500     1733.3333  % 
LB close or above UB, fathomed
90     14     11         0.1500     2.7500     1733.3333  % 
UB: 2.75
branching on CartesianIndex(1, 4) with c.
91     15     12         0.1500     2.7500     1733.3333  % 
LB close or above UB, fathomed
92     14     12         0.1500     2.7500     1733.3333  % 
UB: 2.75
branching on CartesianIndex(1, 5) with c.
93     15     13         0.1500     2.7500     1733.3333  % 
UB: 2.75
branching on CartesianIndex(2, 5) with c.
94     16     14         0.1500     2.7500     1733.3333  % 
LB close or above UB, fathomed
95     15     14         0.1500     2.7500     1733.3333  % 
UB: 2.75
branching on CartesianIndex(1, 6) with c.
96     16     15         0.1500     2.7500     1733.3333  % 
LB close or above UB, fathomed
97     15     15         0.1500     2.7500     1733.3333  % 
LB close or above UB, fathomed
98     14     13         0.1500     2.7500     1733.3333  % 
LB close or above UB, fathomed
99     13     12         0.1500     2.7500     1733.3333  % 
LB close or above UB, fathomed
100    12     12         0.1500     2.7500     1733.3333  % 
UB: 2.75
branching on CartesianIndex(1, 5) with c.
101    13     13         0.1500     2.7500     1733.3333  % 
UB: 2.75
branching on CartesianIndex(2, 5) with c.
102    14     14         0.1500     2.7500     1733.3333  % 
LB close or above UB, fathomed
103    13     14         0.1500     2.7500     1733.3333  % 
UB: 2.75
branching on 1 with b.
104    13     15         0.1500     2.7500     1733.3333  % 
UB: 2.75
branching on 2 with b.
105    14     16         0.1500     2.7500     1733.3333  % 
LB close or above UB, fathomed
106    13     16         0.1500     2.7500     1733.3333  % 
UB: 2.75
branching on 3 with b.
107    14     17         0.1500     2.7500     1733.3333  % 
LB close or above UB, fathomed
108    13     17         0.1500     2.7500     1733.3333  % 
UB: 2.75
branching on 1 with b.
109    14     18         0.1500     2.7500     1733.3333  % 
UB: 2.75
branching on CartesianIndex(1, 6) with c.
110    15     18         0.1500     2.7500     1733.3333  % 
UB: 2.75
branching on CartesianIndex(1, 6) with c.
111    16     19         0.1500     2.7500     1733.3333  % 
LB close or above UB, fathomed
112    15     19         0.1500     2.7500     1733.3333  % 
LB close or above UB, fathomed
113    14     13         0.1500     2.7500     1733.3333  % 
LB close or above UB, fathomed
114    13     11         0.1500     2.7500     1733.3333  % 
LB close or above UB, fathomed
115    12     11         0.1500     2.7500     1733.3333  % 
UB: 2.75
branching on 3 with b.
116    13     12         0.1500     2.7500     1733.3333  % 
LB close or above UB, fathomed
117    12     12         0.1500     2.7500     1733.3333  % 
UB: 2.75
branching on CartesianIndex(1, 5) with c.
118    13     13         0.1500     2.7500     1733.3333  % 
UB: 2.75
branching on CartesianIndex(2, 5) with c.
119    14     14         0.1500     2.7500     1733.3333  % 
LB close or above UB, fathomed
120    13     14         0.1500     2.7500     1733.3333  % 
UB: 2.75
branching on CartesianIndex(1, 6) with c.
121    14     15         0.1500     2.7500     1733.3333  % 
UB: 2.75
branching on CartesianIndex(2, 6) with c.
122    15     16         0.1500     2.7500     1733.3333  % 
LB close or above UB, fathomed
123    14     16         0.1500     2.7500     1733.3333  % 
UB: 2.75
branching on CartesianIndex(1, 7) with c.
124    15     17         0.1500     2.7500     1733.3333  % 
UB: 2.75
branching on CartesianIndex(2, 7) with c.
125    16     18         0.1500     2.7500     1733.3333  % 
UB: 2.75
branching on 1 with b.
126    17     19         0.1500     2.7500     1733.3333  % 
LB close or above UB, fathomed
127    16     19         0.1500     2.7500     1733.3333  % 
LB close or above UB, fathomed
128    15     18         0.1500     2.7500     1733.3333  % 
LB close or above UB, fathomed
129    14     17         0.1500     2.7500     1733.3333  % 
LB close or above UB, fathomed
130    13     15         0.1500     2.7500     1733.3333  % 
LB close or above UB, fathomed
131    12     13         0.1500     2.7500     1733.3333  % 
LB close or above UB, fathomed
132    11     12         0.1500     2.7500     1733.3333  % 
UB: 2.75
branching on CartesianIndex(2, 4) with c.
133    12     13         0.1500     2.7500     1733.3333  % 
LB close or above UB, fathomed
134    11     13         0.1500     2.7500     1733.3333  % 
UB: 2.75
branching on CartesianIndex(1, 5) with c.
135    12     14         0.1500     2.7500     1733.3333  % 
LB close or above UB, fathomed
136    11     14         0.1500     2.7500     1733.3333  % 
UB: 2.75
branching on 1 with b.
137    12     15         0.1500     2.7500     1733.3333  % 
LB close or above UB, fathomed
138    11     15         0.1500     2.7500     1733.3333  % 
LB close or above UB, fathomed
139    10     12         0.1500     2.7500     1733.3333  % 
LB close or above UB, fathomed
140    9      6          2.7000     2.7500     1.8519     % 
LB close or above UB, fathomed
141    8      6          2.7000     2.7500     1.8519     % 
UB: 2.75
branching on 1 with b.
142    9      7          2.7000     2.7500     1.8519     % 
LB close or above UB, fathomed
143    8      7          2.7000     2.7500     1.8519     % 
UB: 2.75
branching on 2 with b.
144    9      6          2.7000     2.7500     1.8519     % 
LB close or above UB, fathomed
145    8      6          2.7000     2.7500     1.8519     % 
UB: 2.75
branching on 1 with b.
146    9      7          2.7000     2.7500     1.8519     % 
LB close or above UB, fathomed
147    8      7          2.7000     2.7500     1.8519     % 
UB: 2.75
branching on 1 with b.
148    9      6          2.7000     2.7500     1.8519     % 
UB: 2.75
branching on 1 with b.
149    10     6          2.7000     2.7500     1.8519     % 
LB close or above UB, fathomed
150    9      6          2.7000     2.7500     1.8519     % 
LB close or above UB, fathomed
151    8      6          2.7000     2.7500     1.8519     % 
UB: 2.75
branching on CartesianIndex(1, 5) with c.
152    9      7          2.7000     2.7500     1.8519     % 
LB close or above UB, fathomed
153    8      7          2.7000     2.7500     1.8519     % 
UB: 2.75
branching on 1 with b.
154    9      8          2.7000     2.7500     1.8519     % 
UB: 2.75
branching on 1 with b.
155    10     9          2.7000     2.7500     1.8519     % 
UB: 2.75
branching on CartesianIndex(1, 6) with c.
156    11     9          2.7000     2.7500     1.8519     % 
UB: 2.75
branching on CartesianIndex(1, 6) with c.
157    12     10         2.7000     2.7500     1.8519     % 
UB: 2.75
branching on 3 with b.
158    13     11         2.7000     2.7500     1.8519     % 
LB close or above UB, fathomed
159    12     11         2.7000     2.7500     1.8519     % 
UB: 2.75
branching on CartesianIndex(2, 6) with c.
160    13     12         2.7000     2.7500     1.8519     % 
LB close or above UB, fathomed
161    12     12         2.7000     2.7500     1.8519     % 
UB: 2.75
branching on CartesianIndex(1, 7) with c.
162    13     13         2.7000     2.7500     1.8519     % 
UB: 2.75
branching on 1 with b.
163    14     14         2.7000     2.7500     1.8519     % 
LB close or above UB, fathomed
164    13     14         2.7000     2.7500     1.8519     % 
LB close or above UB, fathomed
165    12     13         2.7000     2.7500     1.8519     % 
LB close or above UB, fathomed
166    11     10         2.7000     2.7500     1.8519     % 
LB close or above UB, fathomed
167    10     8          2.7000     2.7500     1.8519     % 
LB close or above UB, fathomed
168    9      10         2.7000     2.7500     1.8519     % 
LB close or above UB, fathomed
169    8      10         2.7000     2.7500     1.8519     % 
LB close or above UB, fathomed
170    7      7          2.7000     2.7500     1.8519     % 
UB: 2.75
branching on 3 with b.
171    8      8          2.7000     2.7500     1.8519     % 
LB close or above UB, fathomed
172    7      8          2.7000     2.7500     1.8519     % 
UB: 2.75
branching on CartesianIndex(1, 3) with a.
173    8      9          2.7000     2.7500     1.8519     % 
LB close or above UB, fathomed
174    7      9          2.7000     2.7500     1.8519     % 
LB close or above UB, fathomed
175    6      7          2.7000     2.7500     1.8519     % 
UB: 2.75
branching on 3 with b.
176    7      8          2.7000     2.7500     1.8519     % 
LB close or above UB, fathomed
177    6      8          2.7000     2.7500     1.8519     % 
UB: 2.75
branching on CartesianIndex(1, 3) with a.
178    7      9          2.7000     2.7500     1.8519     % 
LB close or above UB, fathomed
179    6      9          2.7000     2.7500     1.8519     % 
LB close or above UB, fathomed
180    5      8          2.7000     2.7500     1.8519     % 
UB: 2.75
branching on 2 with b.
181    6      9          2.7000     2.7500     1.8519     % 
LB close or above UB, fathomed
182    5      9          2.7000     2.7500     1.8519     % 
LB close or above UB, fathomed
183    4      8          2.7000     2.7500     1.8519     % 
LB close or above UB, fathomed
184    3      8          2.7000     2.7500     1.8519     % 
UB: 2.75
branching on CartesianIndex(1, 2) with a.
185    4      9          2.7000     2.7500     1.8519     % 
LB close or above UB, fathomed
186    3      9          2.7000     2.7500     1.8519     % 
LB close or above UB, fathomed
187    2      8          2.7000     2.7500     1.8519     % 
UB: 2.75
branching on CartesianIndex(1, 2) with a.
188    3      9          2.7000     2.7500     1.8519     % 
LB close or above UB, fathomed
189    2      9          2.7000     2.7500     1.8519     % 
LB close or above UB, fathomed
190    1      19         2.7167     2.7500     1.2270     % 
LB close or above UB, fathomed
191    0      19         2.7167     2.7500     1.2270     % 
LB close or above UB, fathomed
all node solved
solved nodes:  192
192                                                   2.7333e+00     2.7500e+00     0.6098  % 
2×3 Matrix{Float64}:
 1.0  0.0  0.0
 0.0  0.0  1.0
3-element Vector{Float64}:
 0.18600517804254768
 0.0
 0.13643192485374717
3×7 Matrix{Float64}:
 0.0  0.0  0.0  0.0  1.0  1.0  0.0
 0.0  0.0  0.0  0.0  0.0  0.0  1.0
 0.0  0.0  0.0  0.0  0.0  0.0  0.0
3-element Vector{Float64}:
 1.0
 0.0
 1.0
2×3 Matrix{Float64}:
  1.0   1.0  -0.0
 -0.0  -0.0   1.0
3-element Vector{Float64}:
 0.7157555660197121
 0.3657830642991791
 0.27286384970749433
3×7 Matrix{Float64}:
 0.0  0.0  0.0   1.0  0.0   1.0  0.0
 0.0  0.0  0.0  -0.0  1.0   0.0  0.0
 0.0  0.0  0.0  -0.0  0.0  -0.0  1.0
3-element Vector{Float64}:
 1.0
 1.0
 1.0
comparison (CRT and Glb)on prediction: Dict{Bool, Int64}(0 => 2, 1 => 2)
Dataname	 time	 objv	 lb	 gap	 train_w	 train_g	 test_w	 test_g
small_toy_181.small_toy	 57.66	 2.75	 2.733	 0.0061	 66.667	 88.889	 75.0	 75.0
