Running 2 processes.
Start training small_toy_129.small_toy with seed 1.
Any[]
(2, 13)
(2, 6)
(2, 3)
(2, 4)
dimension: 2, class: 3
cart cost: 2.7000000000000006
size of X: (2, 9)
ngroups: 2
UB: 2.6999999999999993
Iter	left	lev	LB	UB	gap	
0      0      1          0.1000     2.7000     2600.0000  % 
UB: 2.6999999999999993
branching on 1 with d.
1      1      2          0.1000     2.7000     2600.0000  % 
LB close or above UB, fathomed
2      0      2          0.1000     2.7000     2600.0000  % 
UB: 2.6999999999999993
branching on 2 with d.
3      1      3          0.1000     2.7000     2600.0000  % 
UB: 2.6999999999999993
branching on 3 with d.
4      2      4          0.1000     2.7000     2600.0000  % 
LB close or above UB, fathomed
5      1      4          0.1000     2.7000     2600.0000  % 
UB: 2.6999999999999993
branching on CartesianIndex(1, 1) with a.
6      2      5          0.1000     2.7000     2600.0000  % 
UB: 2.6999999999999993
branching on CartesianIndex(1, 3) with a.
7      3      6          0.1000     2.7000     2600.0000  % 
UB: 2.6999999999999993
branching on 1 with b.
8      4      7          0.1000     2.7000     2600.0000  % 
UB: 2.6999999999999993
branching on CartesianIndex(1, 5) with c.
9      5      8          0.1000     2.7000     2600.0000  % 
LB close or above UB, fathomed
10     4      8          0.1000     2.7000     2600.0000  % 
UB: 2.6999999999999993
branching on CartesianIndex(1, 6) with c.
11     5      9          0.1000     2.7000     2600.0000  % 
UB: 2.6999999999999993
branching on 1 with b.
12     6      10         0.1000     2.7000     2600.0000  % 
LB close or above UB, fathomed
13     5      10         0.1000     2.7000     2600.0000  % 
UB: 2.6999999999999993
branching on 3 with b.
14     6      11         0.1000     2.7000     2600.0000  % 
LB close or above UB, fathomed
15     5      11         0.1000     2.7000     2600.0000  % 
LB close or above UB, fathomed
16     4      9          0.1000     2.7000     2600.0000  % 
LB close or above UB, fathomed
17     3      7          0.1000     2.7000     2600.0000  % 
LB close or above UB, fathomed
18     2      6          0.1000     2.7000     2600.0000  % 
LB close or above UB, fathomed
19     1      5          0.1000     2.7000     2600.0000  % 
UB: 2.6999999999999993
branching on CartesianIndex(1, 3) with a.
20     2      6          0.1000     2.7000     2600.0000  % 
UB: 2.6999999999999993
branching on 1 with b.
21     3      7          0.1000     2.7000     2600.0000  % 
LB close or above UB, fathomed
22     2      7          0.1000     2.7000     2600.0000  % 
LB close or above UB, fathomed
23     1      6          0.1000     2.7000     2600.0000  % 
LB close or above UB, fathomed
24     0      3          0.1000     2.7000     2600.0000  % 
UB: 2.6999999999999993
branching on 3 with d.
25     1      4          0.1000     2.7000     2600.0000  % 
UB: 2.6999999999999993
branching on 1 with b.
26     2      5          0.1000     2.7000     2600.0000  % 
LB close or above UB, fathomed
27     1      5          0.1000     2.7000     2600.0000  % 
UB: 2.6999999999999993
branching on CartesianIndex(1, 1) with a.
28     2      6          0.1000     2.7000     2600.0000  % 
LB close or above UB, fathomed
29     1      6          0.1000     2.7000     2600.0000  % 
LB close or above UB, fathomed
30     0      4          0.1000     2.7000     2600.0000  % 
UB: 2.6999999999999993
branching on 1 with b.
31     1      5          0.1500     2.7000     1700.0000  % 
UB: 2.6999999999999993
branching on 1 with b.
32     2      6          0.1500     2.7000     1700.0000  % 
UB: 2.6999999999999993
branching on CartesianIndex(1, 1) with a.
33     3      7          0.1500     2.7000     1700.0000  % 
LB close or above UB, fathomed
34     2      7          0.1500     2.7000     1700.0000  % 
LB close or above UB, fathomed
35     1      6          0.1500     2.7000     1700.0000  % 
UB: 2.6999999999999993
branching on 2 with b.
36     2      7          0.1500     2.7000     1700.0000  % 
UB: 2.6999999999999993
branching on 3 with b.
37     3      8          0.1500     2.7000     1700.0000  % 
LB close or above UB, fathomed
38     2      8          0.1500     2.7000     1700.0000  % 
UB: 2.6999999999999993
branching on CartesianIndex(1, 1) with a.
39     3      9          0.1500     2.7000     1700.0000  % 
UB: 2.6999999999999993
branching on 1 with b.
40     4      10         0.1500     2.7000     1700.0000  % 
UB: 2.6999999999999993
branching on CartesianIndex(1, 2) with a.
41     5      11         0.1500     2.7000     1700.0000  % 
UB: 2.6999999999999993
branching on CartesianIndex(1, 3) with a.
42     6      12         0.1500     2.7000     1700.0000  % 
LB close or above UB, fathomed
43     5      12         0.1500     2.7000     1700.0000  % 
LB close or above UB, fathomed
44     4      11         0.1500     2.7000     1700.0000  % 
UB: 2.6999999999999993
branching on CartesianIndex(1, 3) with a.
45     5      10         0.1500     2.7000     1700.0000  % 
UB: 2.6999999999999993
branching on CartesianIndex(1, 2) with a.
46     6      11         0.1500     2.7000     1700.0000  % 
UB: 2.6999999999999993
branching on CartesianIndex(1, 3) with a.
47     7      12         0.1500     2.7000     1700.0000  % 
UB: 2.6999999999999993
branching on CartesianIndex(1, 4) with c.
48     8      13         0.1500     2.7000     1700.0000  % 
UB: 2.6999999999999993
branching on CartesianIndex(2, 4) with c.
49     9      13         0.1500     2.7000     1700.0000  % 
UB: 2.6999999999999993
branching on CartesianIndex(1, 5) with c.
50     10     14         0.1500     2.7000     1700.0000  % 
UB: 2.6999999999999993
branching on CartesianIndex(2, 5) with c.
51     11     15         0.1500     2.7000     1700.0000  % 
UB: 2.6999999999999993
branching on CartesianIndex(1, 6) with c.
52     12     16         0.1500     2.7000     1700.0000  % 
UB: 2.6999999999999993
branching on CartesianIndex(2, 6) with c.
53     13     17         0.1500     2.7000     1700.0000  % 
LB close or above UB, fathomed
54     12     17         0.1500     2.7000     1700.0000  % 
LB close or above UB, fathomed
55     11     16         0.1500     2.7000     1700.0000  % 
LB close or above UB, fathomed
56     10     15         0.1500     2.7000     1700.0000  % 
UB: 2.6999999999999993
branching on CartesianIndex(1, 6) with c.
57     11     16         0.1500     2.7000     1700.0000  % 
UB: 2.6999999999999993
branching on CartesianIndex(2, 6) with c.
58     12     17         0.1500     2.7000     1700.0000  % 
LB close or above UB, fathomed
59     11     17         0.1500     2.7000     1700.0000  % 
LB close or above UB, fathomed
60     10     16         0.1500     2.7000     1700.0000  % 
LB close or above UB, fathomed
61     9      14         0.1500     2.7000     1700.0000  % 
LB close or above UB, fathomed
62     8      12         0.1500     2.7000     1700.0000  % 
UB: 2.6999999999999993
branching on CartesianIndex(1, 4) with c.
63     9      13         0.1500     2.7000     1700.0000  % 
LB close or above UB, fathomed
64     8      13         0.1500     2.7000     1700.0000  % 
UB: 2.6999999999999993
branching on CartesianIndex(1, 5) with c.
65     9      14         0.1500     2.7000     1700.0000  % 
UB: 2.6999999999999993
branching on CartesianIndex(2, 5) with c.
66     10     15         0.1500     2.7000     1700.0000  % 
LB close or above UB, fathomed
67     9      15         0.1500     2.7000     1700.0000  % 
UB: 2.6999999999999993
branching on CartesianIndex(1, 6) with c.
68     10     16         0.1500     2.7000     1700.0000  % 
UB: 2.6999999999999993
branching on 2 with b.
69     11     17         0.1500     2.7000     1700.0000  % 
LB close or above UB, fathomed
70     10     17         0.1500     2.7000     1700.0000  % 
UB: 2.6999999999999993
branching on CartesianIndex(2, 6) with c.
71     11     18         0.1500     2.7000     1700.0000  % 
LB close or above UB, fathomed
72     10     18         0.1500     2.7000     1700.0000  % 
UB: 2.6999999999999993
branching on 3 with b.
73     11     19         0.1500     2.7000     1700.0000  % 
UB: 2.6999999999999993
branching on CartesianIndex(1, 7) with c.
74     12     20         0.1500     2.7000     1700.0000  % 
UB: 2.6999999999999993
branching on CartesianIndex(2, 7) with c.
75     13     21         0.1500     2.7000     1700.0000  % 
UB: 2.6999999999999993
branching on 1 with b.
76     13     22         0.1500     2.7000     1700.0000  % 
UB: 2.6999999999999993
branching on 2 with b.
77     14     23         0.1500     2.7000     1700.0000  % 
UB: 2.6999999999999993
branching on 3 with b.
78     15     23         0.1500     2.7000     1700.0000  % 
UB: 2.6999999999999993
branching on 3 with b.
79     16     24         0.1500     2.7000     1700.0000  % 
LB close or above UB, fathomed
80     15     24         0.1500     2.7000     1700.0000  % 
UB: 2.6999999999999993
branching on 1 with b.
81     16     25         0.1500     2.7000     1700.0000  % 
LB close or above UB, fathomed
82     15     25         0.1500     2.7000     1700.0000  % 
LB close or above UB, fathomed
83     14     21         0.1500     2.7000     1700.0000  % 
LB close or above UB, fathomed
84     13     20         0.1500     2.7000     1700.0000  % 
LB close or above UB, fathomed
85     12     19         0.1500     2.7000     1700.0000  % 
LB close or above UB, fathomed
86     11     16         0.1500     2.7000     1700.0000  % 
LB close or above UB, fathomed
87     10     14         0.1500     2.7000     1700.0000  % 
LB close or above UB, fathomed
88     9      11         0.1500     2.7000     1700.0000  % 
UB: 2.6999999999999993
branching on 2 with b.
89     10     9          0.1500     2.7000     1700.0000  % 
LB close or above UB, fathomed
90     9      7          0.1500     2.7000     1700.0000  % 
UB: 2.6999999999999993
branching on CartesianIndex(1, 1) with a.
91     10     8          0.1500     2.7000     1700.0000  % 
UB: 2.6999999999999993
branching on 3 with b.
92     11     9          0.1500     2.7000     1700.0000  % 
LB close or above UB, fathomed
93     10     9          0.1500     2.7000     1700.0000  % 
UB: 2.6999999999999993
branching on CartesianIndex(1, 2) with a.
94     11     10         0.1500     2.7000     1700.0000  % 
UB: 2.6999999999999993
branching on CartesianIndex(1, 3) with a.
95     12     10         0.1500     2.7000     1700.0000  % 
UB: 2.6999999999999993
branching on CartesianIndex(1, 3) with a.
96     13     11         0.1500     2.7000     1700.0000  % 
UB: 2.6999999999999993
branching on 1 with b.
97     14     11         0.1500     2.7000     1700.0000  % 
UB: 2.6999999999999993
branching on CartesianIndex(1, 4) with c.
98     15     12         0.1500     2.7000     1700.0000  % 
LB close or above UB, fathomed
99     14     12         0.1500     2.7000     1700.0000  % 
UB: 2.6999999999999993
branching on CartesianIndex(1, 5) with c.
100    15     13         0.1500     2.7000     1700.0000  % 
UB: 2.6999999999999993
branching on CartesianIndex(2, 5) with c.
101    16     14         0.1500     2.7000     1700.0000  % 
LB close or above UB, fathomed
102    15     14         0.1500     2.7000     1700.0000  % 
UB: 2.6999999999999993
branching on CartesianIndex(1, 6) with c.
103    16     15         0.1500     2.7000     1700.0000  % 
UB: 2.6999999999999993
branching on 1 with b.
104    17     16         0.1500     2.7000     1700.0000  % 
LB close or above UB, fathomed
105    16     16         0.1500     2.7000     1700.0000  % 
UB: 2.6999999999999993
branching on 2 with b.
106    17     17         0.1500     2.7000     1700.0000  % 
UB: 2.6999999999999993
branching on 3 with b.
107    18     18         0.1500     2.7000     1700.0000  % 
UB: 2.6999999999999993
branching on CartesianIndex(2, 6) with c.
108    19     19         0.1500     2.7000     1700.0000  % 
LB close or above UB, fathomed
109    18     19         0.1500     2.7000     1700.0000  % 
UB: 2.6999999999999993
branching on CartesianIndex(1, 7) with c.
110    19     20         0.1500     2.7000     1700.0000  % 
UB: 2.6999999999999993
branching on CartesianIndex(2, 7) with c.
111    20     21         0.1500     2.7000     1700.0000  % 
UB: 2.6999999999999993
branching on 1 with b.
112    20     22         0.1500     2.7000     1700.0000  % 
UB: 2.6999999999999993
branching on 2 with b.
113    21     21         0.1500     2.7000     1700.0000  % 
LB close or above UB, fathomed
114    20     20         0.1500     2.7000     1700.0000  % 
LB close or above UB, fathomed
115    19     18         0.1500     2.7000     1700.0000  % 
LB close or above UB, fathomed
116    18     17         0.1500     2.7000     1700.0000  % 
LB close or above UB, fathomed
117    17     15         0.1500     2.7000     1700.0000  % 
LB close or above UB, fathomed
118    16     13         0.1500     2.7000     1700.0000  % 
LB close or above UB, fathomed
119    15     8          0.1500     2.7000     1700.0000  % 
LB close or above UB, fathomed
120    14     5          0.1500     2.7000     1700.0000  % 
UB: 2.6999999999999993
branching on CartesianIndex(1, 1) with a.
121    15     6          0.1500     2.7000     1700.0000  % 
LB close or above UB, fathomed
122    14     6          0.1500     2.7000     1700.0000  % 
UB: 2.6999999999999993
branching on CartesianIndex(1, 2) with a.
123    15     7          0.1500     2.7000     1700.0000  % 
UB: 2.6999999999999993
branching on CartesianIndex(1, 3) with a.
124    16     8          0.1500     2.7000     1700.0000  % 
UB: 2.6999999999999993
branching on 1 with b.
125    17     9          0.1500     2.7000     1700.0000  % 
UB: 2.6999999999999993
branching on 2 with b.
126    18     10         0.1500     2.7000     1700.0000  % 
UB: 2.6999999999999993
branching on CartesianIndex(1, 4) with c.
127    19     11         0.1500     2.7000     1700.0000  % 
LB close or above UB, fathomed
128    18     11         0.1500     2.7000     1700.0000  % 
UB: 2.6999999999999993
branching on 3 with b.
129    19     12         0.1500     2.7000     1700.0000  % 
UB: 2.6999999999999993
branching on CartesianIndex(1, 5) with c.
130    20     13         0.1500     2.7000     1700.0000  % 
UB: 2.6999999999999993
branching on CartesianIndex(2, 5) with c.
131    21     14         0.1500     2.7000     1700.0000  % 
LB close or above UB, fathomed
132    20     14         0.1500     2.7000     1700.0000  % 
UB: 2.6999999999999993
branching on CartesianIndex(1, 6) with c.
133    21     15         0.1500     2.7000     1700.0000  % 
UB: 2.6999999999999993
branching on 1 with b.
134    22     16         0.1500     2.7000     1700.0000  % 
LB close or above UB, fathomed
135    21     16         0.1500     2.7000     1700.0000  % 
UB: 2.6999999999999993
branching on 2 with b.
136    22     17         0.1500     2.7000     1700.0000  % 
LB close or above UB, fathomed
137    21     17         0.1500     2.7000     1700.0000  % 
UB: 2.6999999999999993
branching on 3 with b.
138    22     18         0.1500     2.7000     1700.0000  % 
LB close or above UB, fathomed
139    21     18         0.1500     2.7000     1700.0000  % 
UB: 2.6999999999999993
branching on CartesianIndex(2, 6) with c.
140    22     19         0.1500     2.7000     1700.0000  % 
LB close or above UB, fathomed
141    21     19         0.1500     2.7000     1700.0000  % 
UB: 2.6999999999999993
branching on CartesianIndex(1, 7) with c.
142    22     20         0.1500     2.7000     1700.0000  % 
UB: 2.6999999999999993
branching on CartesianIndex(2, 7) with c.
143    23     21         0.1500     2.7000     1700.0000  % 
UB: 2.6999999999999993
branching on 1 with b.
144    24     22         0.1500     2.7000     1700.0000  % 
LB close or above UB, fathomed
145    23     22         0.1500     2.7000     1700.0000  % 
UB: 2.6999999999999993
branching on 2 with b.
146    24     23         0.1500     2.7000     1700.0000  % 
UB: 2.6999999999999993
branching on 3 with b.
147    25     24         0.1500     2.7000     1700.0000  % 
LB close or above UB, fathomed
148    24     24         0.1500     2.7000     1700.0000  % 
UB: 2.6999999999999993
branching on 1 with b.
149    25     25         0.1500     2.7000     1700.0000  % 
UB: 2.6999999999999993
branching on 2 with b.
150    25     26         0.1500     2.7000     1700.0000  % 
UB: 2.6999999999999993
branching on 3 with b.
151    25     27         0.1500     2.7000     1700.0000  % 
UB: 2.6999999999999993
branching on 1 with b.
152    25     28         0.1500     2.7000     1700.0000  % 
UB: 2.6999999999999993
branching on 2 with b.
153    25     29         0.1500     2.7000     1700.0000  % 
UB: 2.6999999999999993
branching on 3 with b.
154    26     30         0.1500     2.7000     1700.0000  % 
LB close or above UB, fathomed
155    25     30         0.1500     2.7000     1700.0000  % 
LB close or above UB, fathomed
156    24     25         0.1500     2.7000     1700.0000  % 
LB close or above UB, fathomed
157    23     23         0.1500     2.7000     1700.0000  % 
UB: 2.6999999999999993
branching on 3 with b.
158    24     21         0.1500     2.7000     1700.0000  % 
LB close or above UB, fathomed
159    23     20         0.1500     2.7000     1700.0000  % 
LB close or above UB, fathomed
160    22     15         0.1500     2.7000     1700.0000  % 
LB close or above UB, fathomed
161    21     13         0.1500     2.7000     1700.0000  % 
LB close or above UB, fathomed
162    20     12         0.1500     2.7000     1700.0000  % 
UB: 2.6999999999999993
branching on 1 with b.
163    21     13         0.1500     2.7000     1700.0000  % 
LB close or above UB, fathomed
164    20     13         0.1500     2.7000     1700.0000  % 
UB: 2.6999999999999993
branching on CartesianIndex(1, 5) with c.
165    21     14         0.1500     2.7000     1700.0000  % 
UB: 2.6999999999999993
branching on CartesianIndex(2, 5) with c.
166    22     15         0.1500     2.7000     1700.0000  % 
LB close or above UB, fathomed
167    21     15         0.1500     2.7000     1700.0000  % 
UB: 2.6999999999999993
branching on 2 with b.
168    22     16         0.1500     2.7000     1700.0000  % 
LB close or above UB, fathomed
169    21     16         0.1500     2.7000     1700.0000  % 
UB: 2.6999999999999993
branching on CartesianIndex(1, 6) with c.
170    22     17         0.1500     2.7000     1700.0000  % 
UB: 2.6999999999999993
branching on CartesianIndex(2, 6) with c.
171    23     18         0.1500     2.7000     1700.0000  % 
LB close or above UB, fathomed
172    22     18         0.1500     2.7000     1700.0000  % 
LB close or above UB, fathomed
173    21     17         0.1500     2.7000     1700.0000  % 
LB close or above UB, fathomed
174    20     14         0.1500     2.7000     1700.0000  % 
LB close or above UB, fathomed
175    19     10         0.1500     2.7000     1700.0000  % 
UB: 2.6999999999999993
branching on 3 with b.
176    20     9          0.1500     2.7000     1700.0000  % 
LB close or above UB, fathomed
177    19     8          0.1500     2.7000     1700.0000  % 
UB: 2.6999999999999993
branching on 1 with b.
178    20     9          0.1500     2.7000     1700.0000  % 
UB: 2.6999999999999993
branching on 2 with b.
179    21     10         0.1500     2.7000     1700.0000  % 
UB: 2.6999999999999993
branching on 3 with b.
180    22     10         0.1500     2.7000     1700.0000  % 
UB: 2.6999999999999993
branching on 3 with b.
181    23     9          0.1500     2.7000     1700.0000  % 
LB close or above UB, fathomed
182    22     7          0.1500     2.7000     1700.0000  % 
UB: 2.6999999999999993
branching on CartesianIndex(1, 3) with a.
183    23     8          0.1500     2.7000     1700.0000  % 
UB: 2.6999999999999993
branching on 1 with b.
184    24     9          0.1500     2.7000     1700.0000  % 
UB: 2.6999999999999993
branching on CartesianIndex(1, 4) with c.
185    25     10         0.1500     2.7000     1700.0000  % 
LB close or above UB, fathomed
186    24     10         0.1500     2.7000     1700.0000  % 
UB: 2.6999999999999993
branching on 2 with b.
187    25     11         0.1500     2.7000     1700.0000  % 
UB: 2.6999999999999993
branching on CartesianIndex(1, 5) with c.
188    26     12         0.1500     2.7000     1700.0000  % 
LB close or above UB, fathomed
189    25     12         0.1500     2.7000     1700.0000  % 
LB close or above UB, fathomed
190    24     11         0.1500     2.7000     1700.0000  % 
LB close or above UB, fathomed
191    23     9          0.1500     2.7000     1700.0000  % 
LB close or above UB, fathomed
192    22     8          0.1500     2.7000     1700.0000  % 
UB: 2.6999999999999993
branching on CartesianIndex(1, 4) with c.
193    23     9          0.1500     2.7000     1700.0000  % 
LB close or above UB, fathomed
194    22     9          0.1500     2.7000     1700.0000  % 
UB: 2.6999999999999993
branching on CartesianIndex(1, 5) with c.
195    23     24         0.1500     2.7000     1700.0000  % 
LB close or above UB, fathomed
196    22     24         0.1500     2.7000     1700.0000  % 
UB: 2.6999999999999993
branching on 1 with b.
197    23     25         0.1500     2.7000     1700.0000  % 
UB: 2.6999999999999993
branching on 2 with b.
198    23     26         0.1500     2.7000     1700.0000  % 
UB: 2.6999999999999993
branching on 3 with b.
199    23     27         0.1500     2.7000     1700.0000  % 
UB: 2.6999999999999993
branching on 1 with b.
200    23     28         0.1500     2.7000     1700.0000  % 
UB: 2.6999999999999993
branching on 2 with b.
201    24     29         0.1500     2.7000     1700.0000  % 
UB: 2.6999999999999993
branching on 3 with b.
202    25     30         0.1500     2.7000     1700.0000  % 
LB close or above UB, fathomed
203    24     30         0.1500     2.7000     1700.0000  % 
LB close or above UB, fathomed
204    23     29         0.1500     2.7000     1700.0000  % 
UB: 2.6999999999999993
branching on 3 with b.
205    24     30         0.1500     2.7000     1700.0000  % 
LB close or above UB, fathomed
206    23     30         0.1500     2.7000     1700.0000  % 
LB close or above UB, fathomed
207    22     25         0.1500     2.7000     1700.0000  % 
LB close or above UB, fathomed
208    21     23         0.1500     2.7000     1700.0000  % 
UB: 2.6999999999999993
branching on 3 with b.
209    22     24         0.1500     2.7000     1700.0000  % 
LB close or above UB, fathomed
210    21     24         0.1500     2.7000     1700.0000  % 
UB: 2.6999999999999993
branching on 1 with b.
211    22     25         0.1500     2.7000     1700.0000  % 
LB close or above UB, fathomed
212    21     25         0.1500     2.7000     1700.0000  % 
LB close or above UB, fathomed
213    20     23         0.1500     2.7000     1700.0000  % 
UB: 2.6999999999999993
branching on 3 with b.
214    21     24         0.1500     2.7000     1700.0000  % 
LB close or above UB, fathomed
215    20     24         0.1500     2.7000     1700.0000  % 
UB: 2.6999999999999993
branching on 1 with b.
216    21     25         0.1500     2.7000     1700.0000  % 
LB close or above UB, fathomed
217    20     25         0.1500     2.7000     1700.0000  % 
LB close or above UB, fathomed
218    19     12         0.1500     2.7000     1700.0000  % 
LB close or above UB, fathomed
219    18     12         0.1500     2.7000     1700.0000  % 
UB: 2.6999999999999993
branching on CartesianIndex(1, 4) with c.
220    19     12         0.1500     2.7000     1700.0000  % 
UB: 2.6999999999999993
branching on CartesianIndex(1, 3) with a.
221    20     13         0.1500     2.7000     1700.0000  % 
LB close or above UB, fathomed
222    19     13         0.1500     2.7000     1700.0000  % 
LB close or above UB, fathomed
223    18     12         0.1500     2.7000     1700.0000  % 
UB: 2.6999999999999993
branching on CartesianIndex(1, 3) with a.
224    19     24         0.1500     2.7000     1700.0000  % 
LB close or above UB, fathomed
225    18     24         0.1500     2.7000     1700.0000  % 
UB: 2.6999999999999993
branching on 1 with b.
226    19     25         0.1500     2.7000     1700.0000  % 
LB close or above UB, fathomed
227    18     25         0.1500     2.7000     1700.0000  % 
LB close or above UB, fathomed
228    17     12         0.1500     2.7000     1700.0000  % 
LB close or above UB, fathomed
229    16     12         0.1500     2.7000     1700.0000  % 
LB close or above UB, fathomed
230    15     13         0.1500     2.7000     1700.0000  % 
LB close or above UB, fathomed
231    14     13         0.1500     2.7000     1700.0000  % 
UB: 2.6999999999999993
branching on 2 with b.
232    15     14         0.1500     2.7000     1700.0000  % 
UB: 2.6999999999999993
branching on CartesianIndex(1, 5) with c.
233    16     15         0.1500     2.7000     1700.0000  % 
UB: 2.6999999999999993
branching on 3 with b.
234    17     16         0.1500     2.7000     1700.0000  % 
UB: 2.6999999999999993
branching on CartesianIndex(2, 5) with c.
235    18     17         0.1500     2.7000     1700.0000  % 
UB: 2.6999999999999993
branching on CartesianIndex(1, 6) with c.
236    19     18         0.1500     2.7000     1700.0000  % 
UB: 2.6999999999999993
branching on CartesianIndex(2, 6) with c.
237    20     19         0.1500     2.7000     1700.0000  % 
LB close or above UB, fathomed
238    19     19         0.1500     2.7000     1700.0000  % 
LB close or above UB, fathomed
239    18     18         0.1500     2.7000     1700.0000  % 
LB close or above UB, fathomed
240    17     17         0.1500     2.7000     1700.0000  % 
LB close or above UB, fathomed
241    16     16         0.1500     2.7000     1700.0000  % 
LB close or above UB, fathomed
242    15     15         0.1500     2.7000     1700.0000  % 
LB close or above UB, fathomed
243    14     14         0.1500     2.7000     1700.0000  % 
UB: 2.6999999999999993
branching on CartesianIndex(1, 5) with c.
244    15     15         0.1500     2.7000     1700.0000  % 
UB: 2.6999999999999993
branching on CartesianIndex(2, 5) with c.
245    16     16         0.1500     2.7000     1700.0000  % 
UB: 2.6999999999999993
branching on CartesianIndex(1, 6) with c.
246    17     17         0.1500     2.7000     1700.0000  % 
UB: 2.6999999999999993
branching on 3 with b.
247    18     18         0.1500     2.7000     1700.0000  % 
UB: 2.6999999999999993
branching on CartesianIndex(2, 6) with c.
248    19     19         0.1500     2.7000     1700.0000  % 
LB close or above UB, fathomed
249    18     19         0.1500     2.7000     1700.0000  % 
LB close or above UB, fathomed
250    17     18         0.1500     2.7000     1700.0000  % 
LB close or above UB, fathomed
251    16     17         0.1500     2.7000     1700.0000  % 
LB close or above UB, fathomed
252    15     16         0.1500     2.7000     1700.0000  % 
LB close or above UB, fathomed
253    14     15         0.1500     2.7000     1700.0000  % 
LB close or above UB, fathomed
254    13     10         0.1500     2.7000     1700.0000  % 
UB: 2.6999999999999993
branching on CartesianIndex(2, 5) with c.
255    14     11         0.1500     2.7000     1700.0000  % 
LB close or above UB, fathomed
256    13     11         0.1500     2.7000     1700.0000  % 
UB: 2.6999999999999993
branching on 1 with b.
257    14     12         0.1500     2.7000     1700.0000  % 
UB: 2.6999999999999993
branching on 2 with b.
258    15     13         0.1500     2.7000     1700.0000  % 
LB close or above UB, fathomed
259    14     13         0.1500     2.7000     1700.0000  % 
LB close or above UB, fathomed
260    13     12         0.1500     2.7000     1700.0000  % 
LB close or above UB, fathomed
261    12     10         0.1500     2.7000     1700.0000  % 
LB close or above UB, fathomed
262    11     11         0.1500     2.7000     1700.0000  % 
LB close or above UB, fathomed
263    10     11         0.1500     2.7000     1700.0000  % 
UB: 2.6999999999999993
branching on CartesianIndex(1, 4) with c.
264    11     12         0.1500     2.7000     1700.0000  % 
LB close or above UB, fathomed
265    10     12         0.1500     2.7000     1700.0000  % 
UB: 2.6999999999999993
branching on CartesianIndex(1, 5) with c.
266    11     13         0.1500     2.7000     1700.0000  % 
UB: 2.6999999999999993
branching on CartesianIndex(2, 5) with c.
267    12     14         0.1500     2.7000     1700.0000  % 
LB close or above UB, fathomed
268    11     14         0.1500     2.7000     1700.0000  % 
UB: 2.6999999999999993
branching on 1 with b.
269    12     15         0.1500     2.7000     1700.0000  % 
LB close or above UB, fathomed
270    11     15         0.1500     2.7000     1700.0000  % 
UB: 2.6999999999999993
branching on CartesianIndex(1, 6) with c.
271    12     16         0.1500     2.7000     1700.0000  % 
UB: 2.6999999999999993
branching on CartesianIndex(2, 6) with c.
272    13     17         0.1500     2.7000     1700.0000  % 
LB close or above UB, fathomed
273    12     17         0.1500     2.7000     1700.0000  % 
LB close or above UB, fathomed
274    11     16         0.1500     2.7000     1700.0000  % 
LB close or above UB, fathomed
275    10     13         0.1500     2.7000     1700.0000  % 
LB close or above UB, fathomed
276    9      11         0.1500     2.7000     1700.0000  % 
LB close or above UB, fathomed
277    8      11         0.1500     2.7000     1700.0000  % 
UB: 2.6999999999999993
branching on CartesianIndex(1, 4) with c.
278    9      12         0.1500     2.7000     1700.0000  % 
LB close or above UB, fathomed
279    8      12         0.1500     2.7000     1700.0000  % 
UB: 2.6999999999999993
branching on CartesianIndex(1, 5) with c.
280    9      13         0.1500     2.7000     1700.0000  % 
UB: 2.6999999999999993
branching on CartesianIndex(2, 5) with c.
281    10     14         0.1500     2.7000     1700.0000  % 
LB close or above UB, fathomed
282    9      14         0.1500     2.7000     1700.0000  % 
UB: 2.6999999999999993
branching on 1 with b.
283    10     15         0.1500     2.7000     1700.0000  % 
LB close or above UB, fathomed
284    9      15         0.1500     2.7000     1700.0000  % 
UB: 2.6999999999999993
branching on CartesianIndex(1, 6) with c.
285    10     16         0.1500     2.7000     1700.0000  % 
UB: 2.6999999999999993
branching on CartesianIndex(2, 6) with c.
286    11     17         0.1500     2.7000     1700.0000  % 
UB: 2.6999999999999993
branching on CartesianIndex(1, 7) with c.
287    12     18         0.1500     2.7000     1700.0000  % 
UB: 2.6999999999999993
branching on CartesianIndex(2, 7) with c.
288    13     19         0.1500     2.7000     1700.0000  % 
LB close or above UB, fathomed
289    12     19         0.1500     2.7000     1700.0000  % 
LB close or above UB, fathomed
290    11     18         0.1500     2.7000     1700.0000  % 
LB close or above UB, fathomed
291    10     17         0.1500     2.7000     1700.0000  % 
LB close or above UB, fathomed
292    9      16         0.1500     2.7000     1700.0000  % 
LB close or above UB, fathomed
293    8      13         0.1500     2.7000     1700.0000  % 
LB close or above UB, fathomed
294    7      11         0.1500     2.7000     1700.0000  % 
UB: 2.6999999999999993
branching on 1 with b.
295    8      12         0.1500     2.7000     1700.0000  % 
LB close or above UB, fathomed
296    7      12         0.1500     2.7000     1700.0000  % 
UB: 2.6999999999999993
branching on CartesianIndex(1, 4) with c.
297    8      13         0.1500     2.7000     1700.0000  % 
LB close or above UB, fathomed
298    7      13         0.1500     2.7000     1700.0000  % 
UB: 2.6999999999999993
branching on CartesianIndex(1, 5) with c.
299    8      14         0.1500     2.7000     1700.0000  % 
UB: 2.6999999999999993
branching on CartesianIndex(2, 5) with c.
300    9      15         0.1500     2.7000     1700.0000  % 
LB close or above UB, fathomed
301    8      15         0.1500     2.7000     1700.0000  % 
UB: 2.6999999999999993
branching on CartesianIndex(1, 6) with c.
302    9      16         0.1500     2.7000     1700.0000  % 
UB: 2.6999999999999993
branching on CartesianIndex(2, 6) with c.
303    10     17         0.1500     2.7000     1700.0000  % 
LB close or above UB, fathomed
304    9      17         0.1500     2.7000     1700.0000  % 
UB: 2.6999999999999993
branching on CartesianIndex(1, 7) with c.
305    10     18         0.1500     2.7000     1700.0000  % 
UB: 2.6999999999999993
branching on CartesianIndex(2, 7) with c.
306    11     19         0.1500     2.7000     1700.0000  % 
UB: 2.6999999999999993
branching on 2 with b.
307    12     20         0.1500     2.7000     1700.0000  % 
UB: 2.6999999999999993
branching on 3 with b.
308    13     21         0.1500     2.7000     1700.0000  % 
LB close or above UB, fathomed
309    12     21         0.1500     2.7000     1700.0000  % 
UB: 2.6999999999999993
branching on 1 with b.
310    13     22         0.1500     2.7000     1700.0000  % 
LB close or above UB, fathomed
311    12     22         0.1500     2.7000     1700.0000  % 
UB: 2.6999999999999993
branching on 2 with b.
312    12     23         0.1500     2.7000     1700.0000  % 
UB: 2.6999999999999993
branching on 3 with b.
313    13     24         0.1500     2.7000     1700.0000  % 
LB close or above UB, fathomed
314    12     24         0.1500     2.7000     1700.0000  % 
UB: 2.6999999999999993
branching on 1 with b.
315    13     25         0.1500     2.7000     1700.0000  % 
UB: 2.6999999999999993
branching on 2 with b.
316    13     26         0.1500     2.7000     1700.0000  % 
UB: 2.6999999999999993
branching on 3 with b.
317    13     27         0.1500     2.7000     1700.0000  % 
UB: 2.6999999999999993
branching on 1 with b.
318    13     28         0.1500     2.7000     1700.0000  % 
UB: 2.6999999999999993
branching on 2 with b.
319    14     29         0.1500     2.7000     1700.0000  % 
UB: 2.6999999999999993
branching on 3 with b.
320    15     30         0.1500     2.7000     1700.0000  % 
LB close or above UB, fathomed
321    14     30         0.1500     2.7000     1700.0000  % 
LB close or above UB, fathomed
322    13     29         0.1500     2.7000     1700.0000  % 
LB close or above UB, fathomed
323    12     25         0.1500     2.7000     1700.0000  % 
LB close or above UB, fathomed
324    11     20         0.1500     2.7000     1700.0000  % 
LB close or above UB, fathomed
325    10     19         0.1500     2.7000     1700.0000  % 
LB close or above UB, fathomed
326    9      18         0.1500     2.7000     1700.0000  % 
LB close or above UB, fathomed
327    8      16         0.1500     2.7000     1700.0000  % 
LB close or above UB, fathomed
328    7      14         0.1500     2.7000     1700.0000  % 
LB close or above UB, fathomed
329    6      11         0.1500     2.7000     1700.0000  % 
LB close or above UB, fathomed
330    5      14         0.1500     2.7000     1700.0000  % 
UB: 2.6999999999999993
branching on CartesianIndex(1, 5) with c.
331    6      15         0.1500     2.7000     1700.0000  % 
LB close or above UB, fathomed
332    5      15         0.1500     2.7000     1700.0000  % 
UB: 2.6999999999999993
branching on CartesianIndex(1, 6) with c.
333    6      16         0.1500     2.7000     1700.0000  % 
UB: 2.6999999999999993
branching on CartesianIndex(2, 6) with c.
334    7      17         0.1500     2.7000     1700.0000  % 
LB close or above UB, fathomed
335    6      17         0.1500     2.7000     1700.0000  % 
LB close or above UB, fathomed
336    5      16         0.1500     2.7000     1700.0000  % 
LB close or above UB, fathomed
337    4      14         0.1500     2.7000     1700.0000  % 
UB: 2.6999999999999993
branching on CartesianIndex(1, 5) with c.
338    5      15         0.1500     2.7000     1700.0000  % 
LB close or above UB, fathomed
339    4      15         0.1500     2.7000     1700.0000  % 
UB: 2.6999999999999993
branching on 2 with b.
340    5      16         0.1500     2.7000     1700.0000  % 
LB close or above UB, fathomed
341    4      16         0.1500     2.7000     1700.0000  % 
LB close or above UB, fathomed
342    3      11         0.1500     2.7000     1700.0000  % 
LB close or above UB, fathomed
343    2      11         0.1500     2.7000     1700.0000  % 
LB close or above UB, fathomed
344    1      13         0.1500     2.7000     1700.0000  % 
LB close or above UB, fathomed
345    0      13         0.1500     2.7000     1700.0000  % 
LB close or above UB, fathomed
all node solved
solved nodes:  346
346                                                   2.6778e+00     2.7000e+00     0.8299  % 
2×3 Matrix{Float64}:
 0.0  0.0  1.0
 1.0  0.0  0.0
3-element Vector{Float64}:
 0.37705021957532037
 0.0
 0.6919990994216085
3×7 Matrix{Float64}:
 0.0  0.0  0.0  0.0  1.0  0.0  0.0
 0.0  0.0  0.0  0.0  0.0  1.0  0.0
 0.0  0.0  0.0  0.0  0.0  0.0  1.0
3-element Vector{Float64}:
 1.0
 0.0
 1.0
2×3 Matrix{Float64}:
 0.0  0.0  1.0
 1.0  0.0  0.0
3-element Vector{Float64}:
 0.3690739650770172
 0.0
 0.6978100280298004
3×7 Matrix{Float64}:
 0.0  0.0  0.0  0.0  1.0  0.0  0.0
 0.0  0.0  0.0  0.0  0.0  1.0  0.0
 0.0  0.0  0.0  0.0  0.0  0.0  1.0
3-element Vector{Float64}:
 1.0
 0.0
 1.0
comparison (CRT and Glb)on prediction: Dict{Bool, Int64}(0 => 0, 1 => 4)
Dataname	 time	 objv	 lb	 gap	 train_w	 train_g	 test_w	 test_g
small_toy_129.small_toy	 59.17	 2.6999999999999993	 2.678	 0.0083	 88.889	 88.889	 75.0	 75.0
