Running 2 processes.
Start training small_toy_641.small_toy with seed 1.
Any[]
(2, 13)
(2, 6)
(2, 3)
(2, 4)
dimension: 2, class: 3
cart cost: 5.349999999999999
size of X: (2, 9)
ngroups: 2
UB: 2.75
Iter	left	lev	LB	UB	gap	
0      0      1          2.7000     2.7500     1.8519     % 
UB: 2.75
branching on 1 with d.
1      1      2          2.7000     2.7500     1.8519     % 
LB close or above UB, fathomed
2      0      2          2.7000     2.7500     1.8519     % 
UB: 2.75
branching on 2 with d.
3      1      3          2.7000     2.7500     1.8519     % 
UB: 2.75
branching on 3 with d.
4      2      4          2.7000     2.7500     1.8519     % 
LB close or above UB, fathomed
5      1      4          2.7000     2.7500     1.8519     % 
UB: 2.75
branching on CartesianIndex(1, 1) with a.
6      2      5          2.7000     2.7500     1.8519     % 
UB: 2.75
branching on CartesianIndex(1, 3) with a.
7      3      6          2.7000     2.7500     1.8519     % 
LB close or above UB, fathomed
8      2      6          2.7000     2.7500     1.8519     % 
UB: 2.75
branching on CartesianIndex(1, 5) with c.
9      3      7          2.7000     2.7500     1.8519     % 
LB close or above UB, fathomed
10     2      7          2.7000     2.7500     1.8519     % 
UB: 2.75
branching on CartesianIndex(1, 6) with c.
11     3      8          2.7000     2.7500     1.8519     % 
UB: 2.75
branching on 1 with b.
12     4      9          2.7000     2.7500     1.8519     % 
UB: 2.75
branching on CartesianIndex(2, 6) with c.
13     5      10         2.7000     2.7500     1.8519     % 
LB close or above UB, fathomed
14     4      10         2.7000     2.7500     1.8519     % 
UB: 2.75
branching on CartesianIndex(1, 7) with c.
15     5      11         2.7000     2.7500     1.8519     % 
UB: 2.75
branching on 1 with b.
16     6      12         2.7000     2.7500     1.8519     % 
UB: 2.75
branching on CartesianIndex(2, 7) with c.
17     7      13         2.7000     2.7500     1.8519     % 
UB: 2.75
branching on 3 with b.
18     8      14         2.7000     2.7500     1.8519     % 
LB close or above UB, fathomed
19     7      14         2.7000     2.7500     1.8519     % 
UB: 2.75
branching on 1 with b.
20     7      15         2.7000     2.7500     1.8519     % 
UB: 2.75
branching on 3 with b.
21     8      16         2.7000     2.7500     1.8519     % 
UB: 2.75
branching on 1 with b.
22     9      17         2.7000     2.7500     1.8519     % 
LB close or above UB, fathomed
23     8      17         2.7000     2.7500     1.8519     % 
UB: 2.75
branching on 3 with b.
24     9      18         2.7000     2.7500     1.8519     % 
LB close or above UB, fathomed
25     8      18         2.7000     2.7500     1.8519     % 
UB: 2.75
branching on 1 with b.
26     8      19         2.7000     2.7500     1.8519     % 
UB: 2.75
branching on 3 with b.
27     8      20         2.7000     2.7500     1.8519     % 
UB: 2.75
branching on 1 with b.
28     8      21         2.7000     2.7500     1.8519     % 
UB: 2.75
branching on 3 with b.
29     9      22         2.7000     2.7500     1.8519     % 
LB close or above UB, fathomed
30     8      22         2.7000     2.7500     1.8519     % 
LB close or above UB, fathomed
31     7      16         2.7000     2.7500     1.8519     % 
LB close or above UB, fathomed
32     6      13         2.7000     2.7500     1.8519     % 
LB close or above UB, fathomed
33     5      12         2.7000     2.7500     1.8519     % 
UB: 2.75
branching on CartesianIndex(2, 7) with c.
34     6      13         2.7000     2.7500     1.8519     % 
UB: 2.75
branching on 3 with b.
35     7      14         2.7000     2.7500     1.8519     % 
LB close or above UB, fathomed
36     6      14         2.7000     2.7500     1.8519     % 
UB: 2.75
branching on 1 with b.
37     6      15         2.7000     2.7500     1.8519     % 
UB: 2.75
branching on 3 with b.
38     7      16         2.7000     2.7500     1.8519     % 
UB: 2.75
branching on 1 with b.
39     7      17         2.7000     2.7500     1.8519     % 
UB: 2.75
branching on 3 with b.
40     8      18         2.7000     2.7500     1.8519     % 
LB close or above UB, fathomed
41     7      18         2.7000     2.7500     1.8519     % 
UB: 2.75
branching on 1 with b.
42     8      19         2.7000     2.7500     1.8519     % 
UB: 2.75
branching on 3 with b.
43     8      20         2.7000     2.7500     1.8519     % 
UB: 2.75
branching on 1 with b.
44     8      21         2.7000     2.7500     1.8519     % 
UB: 2.75
branching on 3 with b.
45     9      22         2.7000     2.7500     1.8519     % 
LB close or above UB, fathomed
46     8      22         2.7000     2.7500     1.8519     % 
LB close or above UB, fathomed
47     7      19         2.7000     2.7500     1.8519     % 
LB close or above UB, fathomed
48     6      16         2.7000     2.7500     1.8519     % 
LB close or above UB, fathomed
49     5      13         2.7000     2.7500     1.8519     % 
LB close or above UB, fathomed
50     4      11         2.7000     2.7500     1.8519     % 
LB close or above UB, fathomed
51     3      9          2.7000     2.7500     1.8519     % 
LB close or above UB, fathomed
52     2      8          2.7000     2.7500     1.8519     % 
LB close or above UB, fathomed
53     1      5          2.7000     2.7500     1.8519     % 
UB: 2.75
branching on CartesianIndex(1, 3) with a.
54     2      6          2.7000     2.7500     1.8519     % 
UB: 2.75
branching on CartesianIndex(1, 5) with c.
55     3      7          2.7000     2.7500     1.8519     % 
LB close or above UB, fathomed
56     2      7          2.7000     2.7500     1.8519     % 
UB: 2.75
branching on CartesianIndex(1, 6) with c.
57     3      8          2.7000     2.7500     1.8519     % 
UB: 2.75
branching on 1 with b.
58     4      9          2.7000     2.7500     1.8519     % 
LB close or above UB, fathomed
59     3      9          2.7000     2.7500     1.8519     % 
LB close or above UB, fathomed
60     2      8          2.7000     2.7500     1.8519     % 
LB close or above UB, fathomed
61     1      6          2.7000     2.7500     1.8519     % 
UB: 2.75
branching on CartesianIndex(1, 5) with c.
62     2      7          2.7000     2.7500     1.8519     % 
LB close or above UB, fathomed
63     1      7          2.7000     2.7500     1.8519     % 
UB: 2.75
branching on 1 with b.
64     2      8          2.7000     2.7500     1.8519     % 
UB: 2.75
branching on CartesianIndex(1, 6) with c.
65     3      8          2.7000     2.7500     1.8519     % 
LB close or above UB, fathomed
66     2      3          2.7000     2.7500     1.8519     % 
UB: 2.75
branching on 3 with d.
67     3      4          2.7000     2.7500     1.8519     % 
UB: 2.75
branching on CartesianIndex(1, 1) with a.
68     4      5          2.7000     2.7500     1.8519     % 
UB: 2.75
branching on 1 with b.
69     5      6          2.7000     2.7500     1.8519     % 
LB close or above UB, fathomed
70     4      6          2.7000     2.7500     1.8519     % 
UB: 2.75
branching on CartesianIndex(1, 2) with a.
71     5      5          2.7000     2.7500     1.8519     % 
UB: 2.75
branching on CartesianIndex(1, 2) with a.
72     6      6          2.7000     2.7500     1.8519     % 
UB: 2.75
branching on 1 with b.
73     7      7          2.7000     2.7500     1.8519     % 
LB close or above UB, fathomed
74     6      7          2.7000     2.7500     1.8519     % 
UB: 2.75
branching on 1 with b.
75     7      8          2.7000     2.7500     1.8519     % 
UB: 2.75
branching on CartesianIndex(1, 4) with c.
76     8      9          2.7000     2.7500     1.8519     % 
LB close or above UB, fathomed
77     7      9          2.7000     2.7500     1.8519     % 
UB: 2.75
branching on 2 with b.
78     8      10         2.7000     2.7500     1.8519     % 
UB: 2.75
branching on 1 with b.
79     9      11         2.7000     2.7500     1.8519     % 
LB close or above UB, fathomed
80     8      11         2.7000     2.7500     1.8519     % 
UB: 2.75
branching on CartesianIndex(1, 5) with c.
81     9      12         2.7000     2.7500     1.8519     % 
UB: 2.75
branching on 2 with b.
82     10     13         2.7000     2.7500     1.8519     % 
UB: 2.75
branching on CartesianIndex(2, 5) with c.
83     11     14         2.7000     2.7500     1.8519     % 
LB close or above UB, fathomed
84     10     14         2.7000     2.7500     1.8519     % 
UB: 2.75
branching on CartesianIndex(1, 7) with c.
85     11     15         2.7000     2.7500     1.8519     % 
UB: 2.75
branching on CartesianIndex(2, 7) with c.
86     12     16         2.7000     2.7500     1.8519     % 
UB: 2.75
branching on 1 with b.
87     12     17         2.7000     2.7500     1.8519     % 
UB: 2.75
branching on 2 with b.
88     12     18         2.7000     2.7500     1.8519     % 
UB: 2.75
branching on 1 with b.
89     13     19         2.7000     2.7500     1.8519     % 
LB close or above UB, fathomed
90     12     19         2.7000     2.7500     1.8519     % 
LB close or above UB, fathomed
91     11     16         2.7000     2.7500     1.8519     % 
LB close or above UB, fathomed
92     10     15         2.7000     2.7500     1.8519     % 
LB close or above UB, fathomed
93     9      13         2.7000     2.7500     1.8519     % 
UB: 2.75
branching on CartesianIndex(2, 5) with c.
94     10     14         2.7000     2.7500     1.8519     % 
LB close or above UB, fathomed
95     9      14         2.7000     2.7500     1.8519     % 
UB: 2.75
branching on CartesianIndex(1, 7) with c.
96     10     15         2.7000     2.7500     1.8519     % 
UB: 2.75
branching on 1 with b.
97     10     16         2.7000     2.7500     1.8519     % 
UB: 2.75
branching on CartesianIndex(2, 7) with c.
98     11     17         2.7000     2.7500     1.8519     % 
UB: 2.75
branching on 2 with b.
99     11     18         2.7000     2.7500     1.8519     % 
UB: 2.75
branching on 1 with b.
100    12     19         2.7000     2.7500     1.8519     % 
LB close or above UB, fathomed
101    11     19         2.7000     2.7500     1.8519     % 
LB close or above UB, fathomed
102    10     17         2.7000     2.7500     1.8519     % 
LB close or above UB, fathomed
103    9      15         2.7000     2.7500     1.8519     % 
LB close or above UB, fathomed
104    8      12         2.7000     2.7500     1.8519     % 
LB close or above UB, fathomed
105    7      10         2.7000     2.7500     1.8519     % 
UB: 2.75
branching on 1 with b.
106    8      11         2.7000     2.7500     1.8519     % 
LB close or above UB, fathomed
107    7      11         2.7000     2.7500     1.8519     % 
UB: 2.75
branching on CartesianIndex(1, 5) with c.
108    8      12         2.7000     2.7500     1.8519     % 
UB: 2.75
branching on 2 with b.
109    9      13         2.7000     2.7500     1.8519     % 
UB: 2.75
branching on CartesianIndex(2, 5) with c.
110    10     14         2.7000     2.7500     1.8519     % 
LB close or above UB, fathomed
111    9      14         2.7000     2.7500     1.8519     % 
UB: 2.75
branching on CartesianIndex(1, 7) with c.
112    10     15         2.7000     2.7500     1.8519     % 
UB: 2.75
branching on CartesianIndex(2, 7) with c.
113    11     16         2.7000     2.7500     1.8519     % 
UB: 2.75
branching on 1 with b.
114    11     17         2.7000     2.7500     1.8519     % 
UB: 2.75
branching on 2 with b.
115    12     18         2.7000     2.7500     1.8519     % 
UB: 2.75
branching on 1 with b.
116    13     19         2.7000     2.7500     1.8519     % 
LB close or above UB, fathomed
117    12     19         2.7000     2.7500     1.8519     % 
LB close or above UB, fathomed
118    11     18         2.7000     2.7500     1.8519     % 
LB close or above UB, fathomed
119    10     16         2.7000     2.7500     1.8519     % 
LB close or above UB, fathomed
120    9      15         2.7000     2.7500     1.8519     % 
LB close or above UB, fathomed
121    8      13         2.7000     2.7500     1.8519     % 
LB close or above UB, fathomed
122    7      12         2.7000     2.7500     1.8519     % 
LB close or above UB, fathomed
123    6      8          2.7000     2.7500     1.8519     % 
LB close or above UB, fathomed
124    5      6          2.7000     2.7500     1.8519     % 
UB: 2.75
branching on 1 with b.
125    6      7          2.7000     2.7500     1.8519     % 
LB close or above UB, fathomed
126    5      7          2.7000     2.7500     1.8519     % 
UB: 2.75
branching on CartesianIndex(1, 4) with c.
127    6      8          2.7000     2.7500     1.8519     % 
LB close or above UB, fathomed
128    5      8          2.7000     2.7500     1.8519     % 
UB: 2.75
branching on 1 with b.
129    6      9          2.7000     2.7500     1.8519     % 
UB: 2.75
branching on CartesianIndex(1, 5) with c.
130    7      10         2.7000     2.7500     1.8519     % 
UB: 2.75
branching on CartesianIndex(2, 5) with c.
131    8      11         2.7000     2.7500     1.8519     % 
LB close or above UB, fathomed
132    7      11         2.7000     2.7500     1.8519     % 
UB: 2.75
branching on CartesianIndex(1, 7) with c.
133    8      12         2.7000     2.7500     1.8519     % 
UB: 2.75
branching on 2 with b.
134    9      13         2.7000     2.7500     1.8519     % 
UB: 2.75
branching on CartesianIndex(2, 7) with c.
135    10     14         2.7000     2.7500     1.8519     % 
UB: 2.75
branching on 1 with b.
136    11     15         2.7000     2.7500     1.8519     % 
LB close or above UB, fathomed
137    10     15         2.7000     2.7500     1.8519     % 
UB: 2.75
branching on 2 with b.
138    11     16         2.7000     2.7500     1.8519     % 
UB: 2.75
branching on 1 with b.
139    11     17         2.7000     2.7500     1.8519     % 
UB: 2.75
branching on 2 with b.
140    11     18         2.7000     2.7500     1.8519     % 
UB: 2.75
branching on 1 with b.
141    12     19         2.7000     2.7500     1.8519     % 
LB close or above UB, fathomed
142    11     19         2.7000     2.7500     1.8519     % 
LB close or above UB, fathomed
143    10     16         2.7000     2.7500     1.8519     % 
UB: 2.75
branching on 1 with b.
144    10     17         2.7000     2.7500     1.8519     % 
UB: 2.75
branching on 2 with b.
145    10     18         2.7000     2.7500     1.8519     % 
UB: 2.75
branching on 1 with b.
146    11     19         2.7000     2.7500     1.8519     % 
LB close or above UB, fathomed
147    10     19         2.7000     2.7500     1.8519     % 
LB close or above UB, fathomed
148    9      14         2.7000     2.7500     1.8519     % 
LB close or above UB, fathomed
149    8      13         2.7000     2.7500     1.8519     % 
LB close or above UB, fathomed
150    7      12         2.7000     2.7500     1.8519     % 
LB close or above UB, fathomed
151    6      10         2.7000     2.7500     1.8519     % 
LB close or above UB, fathomed
152    5      9          2.7000     2.7500     1.8519     % 
LB close or above UB, fathomed
153    4      4          2.7000     2.7500     1.8519     % 
LB close or above UB, fathomed
154    3      7          2.7000     2.7500     1.8519     % 
LB close or above UB, fathomed
155    2      7          2.7000     2.7500     1.8519     % 
UB: 2.75
branching on CartesianIndex(1, 4) with c.
156    3      8          2.7000     2.7500     1.8519     % 
LB close or above UB, fathomed
157    2      8          2.7000     2.7500     1.8519     % 
UB: 2.75
branching on 1 with b.
158    3      9          2.7000     2.7500     1.8519     % 
UB: 2.75
branching on 2 with b.
159    4      10         2.7000     2.7500     1.8519     % 
LB close or above UB, fathomed
160    3      10         2.7000     2.7500     1.8519     % 
LB close or above UB, fathomed
161    2      9          2.7000     2.7500     1.8519     % 
LB close or above UB, fathomed
162    1      9          2.7000     2.7500     1.8519     % 
UB: 2.75
branching on 1 with b.
163    2      10         2.7000     2.7500     1.8519     % 
UB: 2.75
branching on CartesianIndex(2, 6) with c.
164    3      11         2.7000     2.7500     1.8519     % 
LB close or above UB, fathomed
165    2      11         2.7000     2.7500     1.8519     % 
UB: 2.75
branching on CartesianIndex(1, 7) with c.
166    3      12         2.7000     2.7500     1.8519     % 
UB: 2.75
branching on 3 with b.
167    4      13         2.7000     2.7500     1.8519     % 
LB close or above UB, fathomed
168    3      13         2.7000     2.7500     1.8519     % 
UB: 2.75
branching on CartesianIndex(2, 7) with c.
169    4      14         2.7000     2.7500     1.8519     % 
UB: 2.75
branching on 1 with b.
170    4      15         2.7000     2.7500     1.8519     % 
UB: 2.75
branching on 3 with b.
171    5      16         2.7000     2.7500     1.8519     % 
UB: 2.75
branching on 1 with b.
172    5      17         2.7000     2.7500     1.8519     % 
UB: 2.75
branching on 3 with b.
173    6      18         2.7000     2.7500     1.8519     % 
LB close or above UB, fathomed
174    5      18         2.7000     2.7500     1.8519     % 
UB: 2.75
branching on 1 with b.
175    5      19         2.7000     2.7500     1.8519     % 
UB: 2.75
branching on 3 with b.
176    5      20         2.7000     2.7500     1.8519     % 
UB: 2.75
branching on 1 with b.
177    5      21         2.7000     2.7500     1.8519     % 
LB close or above UB, fathomed
178    4      16         2.7000     2.7500     1.8519     % 
LB close or above UB, fathomed
179    3      14         2.7000     2.7500     1.8519     % 
LB close or above UB, fathomed
180    2      12         2.7000     2.7500     1.8519     % 
LB close or above UB, fathomed
181    1      10         2.7000     2.7500     1.8519     % 
UB: 2.75
branching on 3 with b.
182    2      11         2.7000     2.7500     1.8519     % 
LB close or above UB, fathomed
183    1      11         2.7000     2.7500     1.8519     % 
UB: 2.75
branching on 1 with b.
184    1      12         2.7000     2.7500     1.8519     % 
UB: 2.75
branching on CartesianIndex(2, 6) with c.
185    2      13         2.7000     2.7500     1.8519     % 
LB close or above UB, fathomed
186    1      13         2.7000     2.7500     1.8519     % 
UB: 2.75
branching on 3 with b.
187    2      14         2.7000     2.7500     1.8519     % 
UB: 2.75
branching on CartesianIndex(1, 7) with c.
188    3      15         2.7000     2.7500     1.8519     % 
UB: 2.75
branching on CartesianIndex(2, 7) with c.
189    4      16         2.7000     2.7500     1.8519     % 
UB: 2.75
branching on 1 with b.
190    4      17         2.7000     2.7500     1.8519     % 
UB: 2.75
branching on 3 with b.
191    5      18         2.7000     2.7500     1.8519     % 
LB close or above UB, fathomed
192    4      18         2.7000     2.7500     1.8519     % 
UB: 2.75
branching on 1 with b.
193    4      19         2.7000     2.7500     1.8519     % 
UB: 2.75
branching on 3 with b.
194    4      20         2.7000     2.7500     1.8519     % 
UB: 2.75
branching on 1 with b.
195    4      21         2.7000     2.7500     1.8519     % 
UB: 2.75
branching on 3 with b.
196    5      22         2.7000     2.7500     1.8519     % 
LB close or above UB, fathomed
197    4      22         2.7000     2.7500     1.8519     % 
LB close or above UB, fathomed
198    3      16         2.7000     2.7500     1.8519     % 
LB close or above UB, fathomed
199    2      15         2.7000     2.7500     1.8519     % 
LB close or above UB, fathomed
200    1      14         2.7000     2.7500     1.8519     % 
LB close or above UB, fathomed
201    0      9          2.7000     2.7500     1.8519     % 
LB close or above UB, fathomed
all node solved
solved nodes:  202
202                                                   2.7500e+00     2.7500e+00     0.0000  % 
2×3 Matrix{Float64}:
 1.0  0.0  1.0
 0.0  1.0  0.0
3-element Vector{Float64}:
 0.6452558696196515
 0.20465810289015243
 0.8127237980350173
3×7 Matrix{Float64}:
 0.0  0.0  0.0  1.0  0.0  0.0  0.0
 0.0  0.0  0.0  0.0  1.0  1.0  0.0
 0.0  0.0  0.0  0.0  0.0  0.0  1.0
3-element Vector{Float64}:
 1.0
 1.0
 1.0
2×3 Matrix{Float64}:
  1.0  1.0   1.0
 -0.0  0.0  -0.0
3-element Vector{Float64}:
 0.6430852507569775
 0.34433876009533604
 0.6474264884823253
3×7 Matrix{Float64}:
 0.0  0.0  0.0   1.0  -0.0   1.0  0.0
 0.0  0.0  0.0  -0.0   1.0   0.0  0.0
 0.0  0.0  0.0   0.0   0.0  -0.0  1.0
3-element Vector{Float64}:
 1.0
 1.0
 1.0
comparison (CRT and Glb)on prediction: Dict{Bool, Int64}(0 => 2, 1 => 2)
Dataname	 time	 objv	 lb	 gap	 train_w	 train_g	 test_w	 test_g
small_toy_641.small_toy	 57.33	 2.75	 2.75	 0.0	 77.778	 88.889	 75.0	 75.0
