Running 2 processes.
Start training small_toy_250.small_toy with seed 1.
Any[]
(2, 13)
(2, 6)
(2, 3)
(2, 4)
dimension: 2, class: 3
cart cost: 5.349999999999999
size of X: (2, 9)
ngroups: 2
UB: 2.75
Iter	left	lev	LB	UB	gap	
0      0      1          0.1278     2.7500     2052.1739  % 
UB: 2.75
branching on 1 with d.
1      1      2          0.1278     2.7500     2052.1739  % 
LB close or above UB, fathomed
2      0      2          0.1278     2.7500     2052.1739  % 
UB: 2.75
branching on 2 with d.
3      1      3          0.1278     2.7500     2052.1739  % 
UB: 2.75
branching on 3 with d.
4      2      3          0.1278     2.7500     2052.1739  % 
UB: 2.75
branching on 3 with d.
5      3      4          0.1278     2.7500     2052.1739  % 
UB: 2.75
branching on CartesianIndex(1, 1) with a.
6      4      5          0.1278     2.7500     2052.1739  % 
UB: 2.75
branching on CartesianIndex(1, 2) with a.
7      5      5          0.1278     2.7500     2052.1739  % 
UB: 2.75
branching on 1 with b.
8      6      4          0.1278     2.7500     2052.1739  % 
UB: 2.75
branching on CartesianIndex(1, 1) with a.
9      7      5          0.1500     2.7500     1733.3333  % 
UB: 2.75
branching on CartesianIndex(1, 2) with a.
10     8      6          0.1500     2.7500     1733.3333  % 
UB: 2.75
branching on CartesianIndex(1, 3) with a.
11     9      7          0.1500     2.7500     1733.3333  % 
UB: 2.75
branching on 1 with b.
12     10     7          0.1500     2.7500     1733.3333  % 
UB: 2.75
branching on CartesianIndex(1, 4) with c.
13     11     8          0.1500     2.7500     1733.3333  % 
LB close or above UB, fathomed
14     10     8          0.1500     2.7500     1733.3333  % 
UB: 2.75
branching on CartesianIndex(1, 5) with c.
15     11     9          0.1500     2.7500     1733.3333  % 
UB: 2.75
branching on 1 with b.
16     12     10         0.1500     2.7500     1733.3333  % 
UB: 2.75
branching on CartesianIndex(2, 5) with c.
17     13     11         0.1500     2.7500     1733.3333  % 
LB close or above UB, fathomed
18     12     11         0.1500     2.7500     1733.3333  % 
UB: 2.75
branching on 1 with b.
19     13     12         0.1500     2.7500     1733.3333  % 
LB close or above UB, fathomed
20     12     12         0.1500     2.7500     1733.3333  % 
UB: 2.75
branching on 2 with b.
21     13     13         0.1500     2.7500     1733.3333  % 
UB: 2.75
branching on CartesianIndex(1, 6) with c.
22     14     14         0.1500     2.7500     1733.3333  % 
UB: 2.75
branching on 3 with b.
23     15     15         0.1500     2.7500     1733.3333  % 
LB close or above UB, fathomed
24     14     15         0.1500     2.7500     1733.3333  % 
UB: 2.75
branching on 1 with b.
25     15     16         0.1500     2.7500     1733.3333  % 
UB: 2.75
branching on CartesianIndex(2, 6) with c.
26     16     16         0.1500     2.7500     1733.3333  % 
UB: 2.75
branching on CartesianIndex(2, 6) with c.
27     17     17         0.1500     2.7500     1733.3333  % 
LB close or above UB, fathomed
28     16     17         0.1500     2.7500     1733.3333  % 
UB: 2.75
branching on CartesianIndex(1, 7) with c.
29     17     18         0.1500     2.7500     1733.3333  % 
UB: 2.75
branching on CartesianIndex(2, 7) with c.
30     18     19         0.1500     2.7500     1733.3333  % 
UB: 2.75
branching on 2 with b.
31     19     20         0.1500     2.7500     1733.3333  % 
LB close or above UB, fathomed
32     18     20         0.1500     2.7500     1733.3333  % 
UB: 2.75
branching on 3 with b.
33     19     19         0.1500     2.7500     1733.3333  % 
LB close or above UB, fathomed
34     18     18         0.1500     2.7500     1733.3333  % 
LB close or above UB, fathomed
35     17     14         0.1500     2.7500     1733.3333  % 
LB close or above UB, fathomed
36     16     13         0.1500     2.7500     1733.3333  % 
LB close or above UB, fathomed
37     15     10         0.1500     2.7500     1733.3333  % 
LB close or above UB, fathomed
38     14     9          0.1500     2.7500     1733.3333  % 
LB close or above UB, fathomed
39     13     6          0.1500     2.7500     1733.3333  % 
UB: 2.75
branching on 1 with b.
40     14     7          0.1500     2.7500     1733.3333  % 
UB: 2.75
branching on 1 with b.
41     15     8          0.1500     2.7500     1733.3333  % 
LB close or above UB, fathomed
42     14     8          0.1500     2.7500     1733.3333  % 
UB: 2.75
branching on 2 with b.
43     15     9          0.1500     2.7500     1733.3333  % 
UB: 2.75
branching on CartesianIndex(1, 3) with a.
44     16     9          0.1500     2.7500     1733.3333  % 
UB: 2.75
branching on CartesianIndex(1, 3) with a.
45     17     7          0.1500     2.7500     1733.3333  % 
LB close or above UB, fathomed
46     16     5          0.1500     2.7500     1733.3333  % 
UB: 2.75
branching on 1 with b.
47     17     6          0.1500     2.7500     1733.3333  % 
LB close or above UB, fathomed
48     16     6          0.1500     2.7500     1733.3333  % 
UB: 2.75
branching on CartesianIndex(1, 2) with a.
49     17     7          0.1500     2.7500     1733.3333  % 
UB: 2.75
branching on CartesianIndex(1, 3) with a.
50     18     8          0.1500     2.7500     1733.3333  % 
UB: 2.75
branching on CartesianIndex(1, 4) with c.
51     19     9          0.1500     2.7500     1733.3333  % 
UB: 2.75
branching on 1 with b.
52     20     9          0.1500     2.7500     1733.3333  % 
LB close or above UB, fathomed
53     19     8          0.1500     2.7500     1733.3333  % 
UB: 2.75
branching on CartesianIndex(1, 4) with c.
54     20     9          0.1500     2.7500     1733.3333  % 
UB: 2.75
branching on CartesianIndex(2, 4) with c.
55     21     9          0.1500     2.7500     1733.3333  % 
LB close or above UB, fathomed
56     20     7          0.1500     2.7500     1733.3333  % 
UB: 2.75
branching on CartesianIndex(1, 3) with a.
57     21     8          0.1500     2.7500     1733.3333  % 
LB close or above UB, fathomed
58     20     8          0.1500     2.7500     1733.3333  % 
LB close or above UB, fathomed
59     19     10         0.1500     2.7500     1733.3333  % 
LB close or above UB, fathomed
60     18     10         0.1500     2.7500     1733.3333  % 
LB close or above UB, fathomed
61     17     17         0.1500     2.7500     1733.3333  % 
LB close or above UB, fathomed
62     16     17         0.1500     2.7500     1733.3333  % 
UB: 2.75
branching on CartesianIndex(1, 7) with c.
63     17     18         0.1500     2.7500     1733.3333  % 
UB: 2.75
branching on CartesianIndex(2, 7) with c.
64     18     19         0.1500     2.7500     1733.3333  % 
UB: 2.75
branching on 2 with b.
65     19     20         0.1500     2.7500     1733.3333  % 
LB close or above UB, fathomed
66     18     20         0.1500     2.7500     1733.3333  % 
UB: 2.75
branching on 3 with b.
67     19     19         0.1500     2.7500     1733.3333  % 
LB close or above UB, fathomed
68     18     18         0.1500     2.7500     1733.3333  % 
LB close or above UB, fathomed
69     17     8          0.1500     2.7500     1733.3333  % 
LB close or above UB, fathomed
70     16     8          0.1500     2.7500     1733.3333  % 
LB close or above UB, fathomed
71     15     10         0.1500     2.7500     1733.3333  % 
LB close or above UB, fathomed
72     14     10         0.1500     2.7500     1733.3333  % 
UB: 2.75
branching on 3 with b.
73     15     11         0.1500     2.7500     1733.3333  % 
LB close or above UB, fathomed
74     14     11         0.1500     2.7500     1733.3333  % 
UB: 2.75
branching on 1 with b.
75     15     12         0.1500     2.7500     1733.3333  % 
UB: 2.75
branching on CartesianIndex(1, 4) with c.
76     16     13         0.1500     2.7500     1733.3333  % 
LB close or above UB, fathomed
77     15     13         0.1500     2.7500     1733.3333  % 
LB close or above UB, fathomed
78     14     12         0.1500     2.7500     1733.3333  % 
UB: 2.75
branching on 2 with b.
79     15     13         0.1500     2.7500     1733.3333  % 
UB: 2.75
branching on CartesianIndex(1, 4) with c.
80     16     14         0.1500     2.7500     1733.3333  % 
LB close or above UB, fathomed
81     15     14         0.1500     2.7500     1733.3333  % 
LB close or above UB, fathomed
82     14     13         0.1500     2.7500     1733.3333  % 
LB close or above UB, fathomed
83     13     10         0.1500     2.7500     1733.3333  % 
LB close or above UB, fathomed
84     12     10         0.1500     2.7500     1733.3333  % 
UB: 2.75
branching on CartesianIndex(1, 5) with c.
85     13     11         0.1500     2.7500     1733.3333  % 
LB close or above UB, fathomed
86     12     11         0.1500     2.7500     1733.3333  % 
LB close or above UB, fathomed
87     11     10         0.1500     2.7500     1733.3333  % 
UB: 2.75
branching on CartesianIndex(2, 4) with c.
88     12     11         0.1500     2.7500     1733.3333  % 
LB close or above UB, fathomed
89     11     11         0.1500     2.7500     1733.3333  % 
UB: 2.75
branching on CartesianIndex(1, 5) with c.
90     12     12         0.1500     2.7500     1733.3333  % 
LB close or above UB, fathomed
91     11     12         0.1500     2.7500     1733.3333  % 
LB close or above UB, fathomed
92     10     10         0.1500     2.7500     1733.3333  % 
LB close or above UB, fathomed
93     9      21         0.1500     2.7500     1733.3333  % 
UB: 2.75
branching on 1 with b.
94     9      22         0.1500     2.7500     1733.3333  % 
UB: 2.75
branching on 2 with b.
95     10     23         0.1500     2.7500     1733.3333  % 
UB: 2.75
branching on 3 with b.
96     11     24         0.1500     2.7500     1733.3333  % 
UB: 2.75
branching on 1 with b.
97     12     25         0.1500     2.7500     1733.3333  % 
LB close or above UB, fathomed
98     11     25         0.1500     2.7500     1733.3333  % 
UB: 2.75
branching on 2 with b.
99     11     26         0.1500     2.7500     1733.3333  % 
UB: 2.75
branching on 3 with b.
100    12     27         0.1500     2.7500     1733.3333  % 
LB close or above UB, fathomed
101    11     27         0.1500     2.7500     1733.3333  % 
LB close or above UB, fathomed
102    10     24         0.1500     2.7500     1733.3333  % 
LB close or above UB, fathomed
103    9      23         0.1500     2.7500     1733.3333  % 
LB close or above UB, fathomed
104    8      21         0.1500     2.7500     1733.3333  % 
LB close or above UB, fathomed
105    7      21         0.1500     2.7500     1733.3333  % 
UB: 2.75
branching on 1 with b.
106    7      22         0.1500     2.7500     1733.3333  % 
UB: 2.75
branching on 2 with b.
107    8      23         0.1500     2.7500     1733.3333  % 
UB: 2.75
branching on 3 with b.
108    9      24         0.1500     2.7500     1733.3333  % 
UB: 2.75
branching on 1 with b.
109    9      25         0.1500     2.7500     1733.3333  % 
UB: 2.75
branching on 2 with b.
110    9      26         0.1500     2.7500     1733.3333  % 
UB: 2.75
branching on 3 with b.
111    10     27         0.1500     2.7500     1733.3333  % 
LB close or above UB, fathomed
112    9      27         0.1500     2.7500     1733.3333  % 
LB close or above UB, fathomed
113    8      24         0.1500     2.7500     1733.3333  % 
LB close or above UB, fathomed
114    7      23         0.1500     2.7500     1733.3333  % 
LB close or above UB, fathomed
115    6      21         0.1500     2.7500     1733.3333  % 
LB close or above UB, fathomed
116    5      6          2.7000     2.7500     1.8519     % 
LB close or above UB, fathomed
117    4      6          2.7000     2.7500     1.8519     % 
UB: 2.75
branching on CartesianIndex(1, 2) with a.
118    5      7          2.7000     2.7500     1.8519     % 
UB: 2.75
branching on 1 with b.
119    6      8          2.7000     2.7500     1.8519     % 
UB: 2.75
branching on 2 with b.
120    7      9          2.7000     2.7500     1.8519     % 
UB: 2.75
branching on CartesianIndex(1, 4) with c.
121    8      10         2.7000     2.7500     1.8519     % 
LB close or above UB, fathomed
122    7      10         2.7000     2.7500     1.8519     % 
UB: 2.75
branching on CartesianIndex(1, 5) with c.
123    8      11         2.7000     2.7500     1.8519     % 
UB: 2.75
branching on CartesianIndex(2, 5) with c.
124    9      12         2.7000     2.7500     1.8519     % 
LB close or above UB, fathomed
125    8      12         2.7000     2.7500     1.8519     % 
UB: 2.75
branching on CartesianIndex(1, 7) with c.
126    9      13         2.7000     2.7500     1.8519     % 
UB: 2.75
branching on CartesianIndex(2, 7) with c.
127    10     14         2.7000     2.7500     1.8519     % 
UB: 2.75
branching on 1 with b.
128    11     15         2.7000     2.7500     1.8519     % 
LB close or above UB, fathomed
129    10     15         2.7000     2.7500     1.8519     % 
UB: 2.75
branching on 2 with b.
130    11     16         2.7000     2.7500     1.8519     % 
LB close or above UB, fathomed
131    10     16         2.7000     2.7500     1.8519     % 
UB: 2.75
branching on 1 with b.
132    10     17         2.7000     2.7500     1.8519     % 
UB: 2.75
branching on 2 with b.
133    11     18         2.7000     2.7500     1.8519     % 
UB: 2.75
branching on 1 with b.
134    12     19         2.7000     2.7500     1.8519     % 
LB close or above UB, fathomed
135    11     19         2.7000     2.7500     1.8519     % 
UB: 2.75
branching on 2 with b.
136    11     20         2.7000     2.7500     1.8519     % 
UB: 2.75
branching on 1 with b.
137    11     21         2.7000     2.7500     1.8519     % 
LB close or above UB, fathomed
138    10     18         2.7000     2.7500     1.8519     % 
LB close or above UB, fathomed
139    9      14         2.7000     2.7500     1.8519     % 
LB close or above UB, fathomed
140    8      13         2.7000     2.7500     1.8519     % 
LB close or above UB, fathomed
141    7      11         2.7000     2.7500     1.8519     % 
LB close or above UB, fathomed
142    6      9          2.7000     2.7500     1.8519     % 
UB: 2.75
branching on CartesianIndex(1, 4) with c.
143    7      10         2.7000     2.7500     1.8519     % 
LB close or above UB, fathomed
144    6      10         2.7000     2.7500     1.8519     % 
LB close or above UB, fathomed
145    5      8          2.7000     2.7500     1.8519     % 
UB: 2.75
branching on 2 with b.
146    6      7          2.7000     2.7500     1.8519     % 
UB: 2.75
branching on CartesianIndex(1, 4) with c.
147    7      8          2.7000     2.7500     1.8519     % 
LB close or above UB, fathomed
148    6      8          2.7000     2.7500     1.8519     % 
LB close or above UB, fathomed
149    5      6          2.7000     2.7500     1.8519     % 
UB: 2.75
branching on CartesianIndex(1, 4) with c.
150    6      7          2.7000     2.7500     1.8519     % 
LB close or above UB, fathomed
151    5      7          2.7000     2.7500     1.8519     % 
UB: 2.75
branching on CartesianIndex(1, 5) with c.
152    6      8          2.7000     2.7500     1.8519     % 
UB: 2.75
branching on 1 with b.
153    7      9          2.7000     2.7500     1.8519     % 
LB close or above UB, fathomed
154    6      9          2.7000     2.7500     1.8519     % 
UB: 2.75
branching on 1 with b.
155    7      8          2.7000     2.7500     1.8519     % 
LB close or above UB, fathomed
156    6      6          2.7000     2.7500     1.8519     % 
UB: 2.75
branching on CartesianIndex(1, 4) with c.
157    7      7          2.7000     2.7500     1.8519     % 
LB close or above UB, fathomed
158    6      7          2.7000     2.7500     1.8519     % 
LB close or above UB, fathomed
159    5      4          2.7000     2.7500     1.8519     % 
LB close or above UB, fathomed
160    4      4          2.7000     2.7500     1.8519     % 
UB: 2.75
branching on CartesianIndex(1, 1) with a.
161    5      5          2.7000     2.7500     1.8519     % 
UB: 2.75
branching on CartesianIndex(1, 3) with a.
162    6      6          2.7000     2.7500     1.8519     % 
UB: 2.75
branching on 1 with b.
163    7      7          2.7000     2.7500     1.8519     % 
UB: 2.75
branching on CartesianIndex(1, 5) with c.
164    8      8          2.7000     2.7500     1.8519     % 
LB close or above UB, fathomed
165    7      8          2.7000     2.7500     1.8519     % 
UB: 2.75
branching on CartesianIndex(1, 6) with c.
166    8      9          2.7000     2.7500     1.8519     % 
UB: 2.75
branching on 1 with b.
167    9      10         2.7000     2.7500     1.8519     % 
LB close or above UB, fathomed
168    8      10         2.7000     2.7500     1.8519     % 
UB: 2.75
branching on CartesianIndex(2, 6) with c.
169    9      11         2.7000     2.7500     1.8519     % 
LB close or above UB, fathomed
170    8      11         2.7000     2.7500     1.8519     % 
UB: 2.75
branching on 3 with b.
171    9      12         2.7000     2.7500     1.8519     % 
LB close or above UB, fathomed
172    8      12         2.7000     2.7500     1.8519     % 
UB: 2.75
branching on CartesianIndex(1, 7) with c.
173    9      13         2.7000     2.7500     1.8519     % 
UB: 2.75
branching on CartesianIndex(2, 7) with c.
174    10     14         2.7000     2.7500     1.8519     % 
UB: 2.75
branching on 1 with b.
175    11     15         2.7000     2.7500     1.8519     % 
UB: 2.75
branching on 3 with b.
176    12     16         2.7000     2.7500     1.8519     % 
UB: 2.75
branching on 1 with b.
177    12     17         2.7000     2.7500     1.8519     % 
UB: 2.75
branching on 3 with b.
178    12     18         2.7000     2.7500     1.8519     % 
UB: 2.75
branching on 1 with b.
179    13     19         2.7000     2.7500     1.8519     % 
LB close or above UB, fathomed
180    12     19         2.7000     2.7500     1.8519     % 
LB close or above UB, fathomed
181    11     16         2.7000     2.7500     1.8519     % 
LB close or above UB, fathomed
182    10     15         2.7000     2.7500     1.8519     % 
LB close or above UB, fathomed
183    9      14         2.7000     2.7500     1.8519     % 
LB close or above UB, fathomed
184    8      13         2.7000     2.7500     1.8519     % 
LB close or above UB, fathomed
185    7      9          2.7000     2.7500     1.8519     % 
LB close or above UB, fathomed
186    6      7          2.7000     2.7500     1.8519     % 
LB close or above UB, fathomed
187    5      6          2.7000     2.7500     1.8519     % 
UB: 2.75
branching on CartesianIndex(1, 5) with c.
188    6      7          2.7000     2.7500     1.8519     % 
LB close or above UB, fathomed
189    5      7          2.7000     2.7500     1.8519     % 
UB: 2.75
branching on 1 with b.
190    6      8          2.7000     2.7500     1.8519     % 
UB: 2.75
branching on CartesianIndex(1, 6) with c.
191    7      9          2.7000     2.7500     1.8519     % 
UB: 2.75
branching on CartesianIndex(2, 6) with c.
192    8      10         2.7000     2.7500     1.8519     % 
LB close or above UB, fathomed
193    7      10         2.7000     2.7500     1.8519     % 
UB: 2.75
branching on CartesianIndex(1, 7) with c.
194    8      11         2.7000     2.7500     1.8519     % 
UB: 2.75
branching on CartesianIndex(2, 7) with c.
195    9      12         2.7000     2.7500     1.8519     % 
UB: 2.75
branching on 1 with b.
196    10     13         2.7000     2.7500     1.8519     % 
LB close or above UB, fathomed
197    9      13         2.7000     2.7500     1.8519     % 
UB: 2.75
branching on 3 with b.
198    10     14         2.7000     2.7500     1.8519     % 
LB close or above UB, fathomed
199    9      14         2.7000     2.7500     1.8519     % 
UB: 2.75
branching on 1 with b.
200    10     15         2.7000     2.7500     1.8519     % 
UB: 2.75
branching on 3 with b.
201    11     16         2.7000     2.7500     1.8519     % 
UB: 2.75
branching on 1 with b.
202    11     17         2.7000     2.7500     1.8519     % 
UB: 2.75
branching on 3 with b.
203    12     18         2.7000     2.7500     1.8519     % 
UB: 2.75
branching on 1 with b.
204    13     19         2.7000     2.7500     1.8519     % 
LB close or above UB, fathomed
205    12     19         2.7000     2.7500     1.8519     % 
UB: 2.75
branching on 3 with b.
206    13     20         2.7000     2.7500     1.8519     % 
LB close or above UB, fathomed
207    12     20         2.7000     2.7500     1.8519     % 
LB close or above UB, fathomed
208    11     18         2.7000     2.7500     1.8519     % 
UB: 2.75
branching on 1 with b.
209    12     19         2.7000     2.7500     1.8519     % 
LB close or above UB, fathomed
210    11     19         2.7000     2.7500     1.8519     % 
LB close or above UB, fathomed
211    10     16         2.7000     2.7500     1.8519     % 
UB: 2.75
branching on 1 with b.
212    10     17         2.7000     2.7500     1.8519     % 
UB: 2.75
branching on 3 with b.
213    10     18         2.7000     2.7500     1.8519     % 
UB: 2.75
branching on 1 with b.
214    11     19         2.7000     2.7500     1.8519     % 
LB close or above UB, fathomed
215    10     19         2.7000     2.7500     1.8519     % 
LB close or above UB, fathomed
216    9      15         2.7000     2.7500     1.8519     % 
UB: 2.75
branching on 3 with b.
217    10     16         2.7000     2.7500     1.8519     % 
UB: 2.75
branching on 1 with b.
218    10     17         2.7000     2.7500     1.8519     % 
UB: 2.75
branching on 3 with b.
219    11     18         2.7000     2.7500     1.8519     % 
UB: 2.75
branching on 1 with b.
220    11     19         2.7000     2.7500     1.8519     % 
UB: 2.75
branching on 3 with b.
221    12     20         2.7000     2.7500     1.8519     % 
LB close or above UB, fathomed
222    11     20         2.7000     2.7500     1.8519     % 
LB close or above UB, fathomed
223    10     18         2.7000     2.7500     1.8519     % 
LB close or above UB, fathomed
224    9      16         2.7000     2.7500     1.8519     % 
LB close or above UB, fathomed
225    8      12         2.7000     2.7500     1.8519     % 
LB close or above UB, fathomed
226    7      11         2.7000     2.7500     1.8519     % 
LB close or above UB, fathomed
227    6      9          2.7000     2.7500     1.8519     % 
LB close or above UB, fathomed
228    5      8          2.7000     2.7500     1.8519     % 
LB close or above UB, fathomed
229    4      5          2.7000     2.7500     1.8519     % 
UB: 2.75
branching on CartesianIndex(1, 3) with a.
230    5      6          2.7000     2.7500     1.8519     % 
UB: 2.75
branching on 1 with b.
231    6      7          2.7000     2.7500     1.8519     % 
UB: 2.75
branching on 1 with b.
232    6      7          2.7000     2.7500     1.8519     % 
UB: 2.75
branching on CartesianIndex(1, 5) with c.
233    7      8          2.7000     2.7500     1.8519     % 
LB close or above UB, fathomed
234    6      8          2.7000     2.7500     1.8519     % 
LB close or above UB, fathomed
235    5      6          2.7000     2.7500     1.8519     % 
UB: 2.75
branching on 1 with b.
236    6      7          2.7000     2.7500     1.8519     % 
LB close or above UB, fathomed
237    5      7          2.7000     2.7500     1.8519     % 
UB: 2.75
branching on 1 with b.
238    6      8          2.7000     2.7500     1.8519     % 
UB: 2.75
branching on CartesianIndex(1, 5) with c.
239    7      9          2.7000     2.7500     1.8519     % 
LB close or above UB, fathomed
240    6      9          2.7000     2.7500     1.8519     % 
LB close or above UB, fathomed
241    5      8          2.7000     2.7500     1.8519     % 
LB close or above UB, fathomed
242    4      8          2.7000     2.7500     1.8519     % 
UB: 2.75
branching on CartesianIndex(1, 5) with c.
243    5      9          2.7000     2.7500     1.8519     % 
LB close or above UB, fathomed
244    4      9          2.7000     2.7500     1.8519     % 
LB close or above UB, fathomed
245    3      10         2.7000     2.7500     1.8519     % 
UB: 2.75
branching on 2 with b.
246    4      11         2.7000     2.7500     1.8519     % 
UB: 2.75
branching on 1 with b.
247    4      12         2.7000     2.7500     1.8519     % 
UB: 2.75
branching on CartesianIndex(2, 5) with c.
248    5      13         2.7000     2.7500     1.8519     % 
LB close or above UB, fathomed
249    4      13         2.7000     2.7500     1.8519     % 
UB: 2.75
branching on CartesianIndex(1, 7) with c.
250    5      14         2.7000     2.7500     1.8519     % 
UB: 2.75
branching on CartesianIndex(2, 7) with c.
251    6      15         2.7000     2.7500     1.8519     % 
UB: 2.75
branching on 2 with b.
252    7      16         2.7000     2.7500     1.8519     % 
LB close or above UB, fathomed
253    6      16         2.7000     2.7500     1.8519     % 
UB: 2.75
branching on 1 with b.
254    6      17         2.7000     2.7500     1.8519     % 
UB: 2.75
branching on 2 with b.
255    7      18         2.7000     2.7500     1.8519     % 
UB: 2.75
branching on 1 with b.
256    8      19         2.7000     2.7500     1.8519     % 
UB: 2.75
branching on 2 with b.
257    8      20         2.7000     2.7500     1.8519     % 
UB: 2.75
branching on 1 with b.
258    8      21         2.7000     2.7500     1.8519     % 
LB close or above UB, fathomed
259    7      19         2.7000     2.7500     1.8519     % 
UB: 2.75
branching on 2 with b.
260    7      20         2.7000     2.7500     1.8519     % 
UB: 2.75
branching on 1 with b.
261    7      21         2.7000     2.7500     1.8519     % 
UB: 2.75
branching on 2 with b.
262    8      22         2.7000     2.7500     1.8519     % 
LB close or above UB, fathomed
263    7      22         2.7000     2.7500     1.8519     % 
LB close or above UB, fathomed
264    6      18         2.7000     2.7500     1.8519     % 
LB close or above UB, fathomed
265    5      15         2.7000     2.7500     1.8519     % 
LB close or above UB, fathomed
266    4      14         2.7000     2.7500     1.8519     % 
LB close or above UB, fathomed
267    3      11         2.7000     2.7500     1.8519     % 
LB close or above UB, fathomed
268    2      10         2.7000     2.7500     1.8519     % 
LB close or above UB, fathomed
269    1      9          2.7000     2.7500     1.8519     % 
UB: 2.75
branching on CartesianIndex(1, 4) with c.
270    2      10         2.7000     2.7500     1.8519     % 
LB close or above UB, fathomed
271    1      10         2.7000     2.7500     1.8519     % 
UB: 2.75
branching on CartesianIndex(1, 5) with c.
272    2      11         2.7000     2.7500     1.8519     % 
UB: 2.75
branching on CartesianIndex(2, 5) with c.
273    3      12         2.7000     2.7500     1.8519     % 
LB close or above UB, fathomed
274    2      12         2.7000     2.7500     1.8519     % 
UB: 2.75
branching on 1 with b.
275    2      13         2.7000     2.7500     1.8519     % 
UB: 2.75
branching on CartesianIndex(1, 7) with c.
276    3      14         2.7000     2.7500     1.8519     % 
UB: 2.75
branching on CartesianIndex(2, 7) with c.
277    4      15         2.7000     2.7500     1.8519     % 
UB: 2.75
branching on 2 with b.
278    5      16         2.7000     2.7500     1.8519     % 
LB close or above UB, fathomed
279    4      16         2.7000     2.7500     1.8519     % 
UB: 2.75
branching on 1 with b.
280    5      17         2.7000     2.7500     1.8519     % 
UB: 2.75
branching on 2 with b.
281    6      18         2.7000     2.7500     1.8519     % 
UB: 2.75
branching on 1 with b.
282    7      19         2.7000     2.7500     1.8519     % 
UB: 2.75
branching on 2 with b.
283    7      20         2.7000     2.7500     1.8519     % 
UB: 2.75
branching on 1 with b.
284    7      21         2.7000     2.7500     1.8519     % 
UB: 2.75
branching on 2 with b.
285    8      22         2.7000     2.7500     1.8519     % 
LB close or above UB, fathomed
286    7      22         2.7000     2.7500     1.8519     % 
LB close or above UB, fathomed
287    6      19         2.7000     2.7500     1.8519     % 
LB close or above UB, fathomed
288    5      18         2.7000     2.7500     1.8519     % 
LB close or above UB, fathomed
289    4      17         2.7000     2.7500     1.8519     % 
LB close or above UB, fathomed
290    3      15         2.7000     2.7500     1.8519     % 
LB close or above UB, fathomed
291    2      14         2.7000     2.7500     1.8519     % 
LB close or above UB, fathomed
292    1      11         2.7000     2.7500     1.8519     % 
LB close or above UB, fathomed
293    0      9          2.7000     2.7500     1.8519     % 
LB close or above UB, fathomed
all node solved
solved nodes:  294
294                                                   2.7500e+00     2.7500e+00     0.0000  % 
2×3 Matrix{Float64}:
 0.0  0.0  1.0
 1.0  1.0  0.0
3-element Vector{Float64}:
 0.36319360924428123
 0.1931537920898029
 0.7349588039333728
3×7 Matrix{Float64}:
 0.0  0.0  0.0  1.0  0.0  0.0  0.0
 0.0  0.0  0.0  0.0  1.0  1.0  0.0
 0.0  0.0  0.0  0.0  0.0  0.0  1.0
3-element Vector{Float64}:
 1.0
 1.0
 1.0
2×3 Matrix{Float64}:
 1.0   1.0  -0.0
 0.0  -0.0   1.0
3-element Vector{Float64}:
 0.6348334541566913
 0.20119976372900794
 0.05733794893185373
3×7 Matrix{Float64}:
 0.0  0.0  0.0   1.0  -0.0   1.0  0.0
 0.0  0.0  0.0  -0.0   1.0  -0.0  0.0
 0.0  0.0  0.0  -0.0  -0.0   0.0  1.0
3-element Vector{Float64}:
 1.0
 1.0
 1.0
comparison (CRT and Glb)on prediction: Dict{Bool, Int64}(0 => 2, 1 => 2)
Dataname	 time	 objv	 lb	 gap	 train_w	 train_g	 test_w	 test_g
small_toy_250.small_toy	 56.89	 2.75	 2.75	 0.0	 77.778	 88.889	 75.0	 75.0
