Running 2 processes.
Start training small_toy_507.small_toy with seed 1.
Any[]
(2, 13)
(2, 6)
(2, 3)
(2, 4)
dimension: 2, class: 3
cart cost: 2.7500000000000004
size of X: (2, 9)
ngroups: 2
UB: 2.7499999999999996
Iter	left	lev	LB	UB	gap	
0      0      1          0.0833     2.7500     3200.0000  % 
UB: 2.7499999999999996
branching on 1 with d.
1      1      2          0.0833     2.7500     3200.0000  % 
LB close or above UB, fathomed
2      0      2          0.0833     2.7500     3200.0000  % 
UB: 2.7499999999999996
branching on 2 with d.
3      1      3          0.0833     2.7500     3200.0000  % 
UB: 2.7499999999999996
branching on 3 with d.
4      2      4          0.0833     2.7500     3200.0000  % 
LB close or above UB, fathomed
5      1      4          0.0833     2.7500     3200.0000  % 
UB: 2.7499999999999996
branching on CartesianIndex(1, 1) with a.
6      2      3          0.0833     2.7500     3200.0000  % 
UB: 2.7499999999999996
branching on 3 with d.
7      3      4          0.1000     2.7500     2650.0000  % 
UB: 2.7499999999999996
branching on 1 with b.
8      4      5          0.1000     2.7500     2650.0000  % 
UB: 2.7499999999999996
branching on CartesianIndex(1, 1) with a.
9      5      5          0.1000     2.7500     2650.0000  % 
UB: 2.7499999999999996
branching on CartesianIndex(1, 1) with a.
10     6      6          0.1000     2.7500     2650.0000  % 
UB: 2.7499999999999996
branching on CartesianIndex(1, 2) with a.
11     7      6          0.1000     2.7500     2650.0000  % 
UB: 2.7499999999999996
branching on 1 with b.
12     8      4          0.1000     2.7500     2650.0000  % 
UB: 2.7499999999999996
branching on CartesianIndex(1, 1) with a.
13     9      5          0.1000     2.7500     2650.0000  % 
UB: 2.7499999999999996
branching on 1 with b.
14     10     6          0.1000     2.7500     2650.0000  % 
UB: 2.7499999999999996
branching on CartesianIndex(1, 3) with a.
15     11     7          0.1000     2.7500     2650.0000  % 
UB: 2.7499999999999996
branching on 1 with b.
16     12     8          0.1000     2.7500     2650.0000  % 
UB: 2.7499999999999996
branching on CartesianIndex(1, 5) with c.
17     13     8          0.1000     2.7500     2650.0000  % 
UB: 2.7499999999999996
branching on CartesianIndex(1, 5) with c.
18     14     9          0.1000     2.7500     2650.0000  % 
LB close or above UB, fathomed
19     13     9          0.1000     2.7500     2650.0000  % 
UB: 2.7499999999999996
branching on CartesianIndex(1, 6) with c.
20     14     10         0.1000     2.7500     2650.0000  % 
UB: 2.7499999999999996
branching on 3 with b.
21     15     11         0.1000     2.7500     2650.0000  % 
LB close or above UB, fathomed
22     14     11         0.1000     2.7500     2650.0000  % 
UB: 2.7499999999999996
branching on CartesianIndex(2, 6) with c.
23     15     10         0.1000     2.7500     2650.0000  % 
LB close or above UB, fathomed
24     14     7          0.1000     2.7500     2650.0000  % 
UB: 2.7499999999999996
branching on 1 with b.
25     15     6          0.1000     2.7500     2650.0000  % 
LB close or above UB, fathomed
26     14     5          0.1000     2.7500     2650.0000  % 
UB: 2.7499999999999996
branching on CartesianIndex(1, 3) with a.
27     15     8          0.1000     2.7500     2650.0000  % 
UB: 2.7499999999999996
branching on CartesianIndex(1, 5) with c.
28     16     8          0.1000     2.7500     2650.0000  % 
UB: 2.7499999999999996
branching on 3 with b.
29     17     9          0.1000     2.7500     2650.0000  % 
LB close or above UB, fathomed
30     16     9          0.1000     2.7500     2650.0000  % 
UB: 2.7499999999999996
branching on CartesianIndex(1, 5) with c.
31     17     10         0.1000     2.7500     2650.0000  % 
LB close or above UB, fathomed
32     16     10         0.1000     2.7500     2650.0000  % 
UB: 2.7499999999999996
branching on CartesianIndex(1, 6) with c.
33     17     11         0.1000     2.7500     2650.0000  % 
UB: 2.7499999999999996
branching on CartesianIndex(2, 6) with c.
34     18     12         0.1000     2.7500     2650.0000  % 
LB close or above UB, fathomed
35     17     12         0.1000     2.7500     2650.0000  % 
UB: 2.7499999999999996
branching on 1 with b.
36     18     13         0.1000     2.7500     2650.0000  % 
UB: 2.7499999999999996
branching on 3 with b.
37     19     13         0.1000     2.7500     2650.0000  % 
UB: 2.7499999999999996
branching on CartesianIndex(1, 7) with c.
38     20     11         0.1000     2.7500     2650.0000  % 
LB close or above UB, fathomed
39     19     7          0.1000     2.7500     2650.0000  % 
UB: 2.7499999999999996
branching on 2 with b.
40     20     8          0.1000     2.7500     2650.0000  % 
UB: 2.7499999999999996
branching on CartesianIndex(1, 2) with a.
41     21     9          0.1000     2.7500     2650.0000  % 
UB: 2.7499999999999996
branching on CartesianIndex(1, 4) with c.
42     22     10         0.1000     2.7500     2650.0000  % 
LB close or above UB, fathomed
43     21     10         0.1000     2.7500     2650.0000  % 
UB: 2.7499999999999996
branching on CartesianIndex(1, 5) with c.
44     22     11         0.1000     2.7500     2650.0000  % 
UB: 2.7499999999999996
branching on CartesianIndex(2, 5) with c.
45     23     12         0.1000     2.7500     2650.0000  % 
LB close or above UB, fathomed
46     22     12         0.1000     2.7500     2650.0000  % 
UB: 2.7499999999999996
branching on CartesianIndex(1, 7) with c.
47     23     13         0.1000     2.7500     2650.0000  % 
UB: 2.7499999999999996
branching on CartesianIndex(2, 7) with c.
48     24     14         0.1000     2.7500     2650.0000  % 
UB: 2.7499999999999996
branching on 1 with b.
49     24     15         0.1000     2.7500     2650.0000  % 
UB: 2.7499999999999996
branching on 2 with b.
50     25     16         0.1000     2.7500     2650.0000  % 
UB: 2.7499999999999996
branching on 1 with b.
51     26     16         0.1000     2.7500     2650.0000  % 
UB: 2.7499999999999996
branching on 1 with b.
52     27     17         0.1000     2.7500     2650.0000  % 
UB: 2.7499999999999996
branching on 2 with b.
53     28     17         0.1000     2.7500     2650.0000  % 
UB: 2.7499999999999996
branching on 2 with b.
54     29     14         0.1000     2.7500     2650.0000  % 
LB close or above UB, fathomed
55     28     13         0.1000     2.7500     2650.0000  % 
LB close or above UB, fathomed
56     27     11         0.1000     2.7500     2650.0000  % 
LB close or above UB, fathomed
57     26     9          0.1000     2.7500     2650.0000  % 
UB: 2.7499999999999996
branching on CartesianIndex(1, 4) with c.
58     27     8          0.1000     2.7500     2650.0000  % 
UB: 2.7499999999999996
branching on 1 with b.
59     27     7          0.1000     2.7500     2650.0000  % 
UB: 2.7499999999999996
branching on CartesianIndex(1, 2) with a.
60     28     5          0.1500     2.7500     1733.3333  % 
UB: 2.7499999999999996
branching on 1 with b.
61     29     6          0.1500     2.7500     1733.3333  % 
UB: 2.7499999999999996
branching on CartesianIndex(1, 2) with a.
62     30     7          0.1500     2.7500     1733.3333  % 
UB: 2.7499999999999996
branching on 1 with b.
63     31     8          0.1500     2.7500     1733.3333  % 
LB close or above UB, fathomed
64     30     8          0.1500     2.7500     1733.3333  % 
UB: 2.7499999999999996
branching on CartesianIndex(1, 3) with a.
65     31     9          0.1500     2.7500     1733.3333  % 
UB: 2.7499999999999996
branching on CartesianIndex(1, 4) with c.
66     32     10         0.1500     2.7500     1733.3333  % 
UB: 2.7499999999999996
branching on 2 with b.
67     33     10         0.1500     2.7500     1733.3333  % 
UB: 2.7499999999999996
branching on CartesianIndex(1, 5) with c.
68     34     11         0.1500     2.7500     1733.3333  % 
UB: 2.7499999999999996
branching on 2 with b.
69     35     12         0.1500     2.7500     1733.3333  % 
UB: 2.7499999999999996
branching on 3 with b.
70     36     13         0.1500     2.7500     1733.3333  % 
LB close or above UB, fathomed
71     35     13         0.1500     2.7500     1733.3333  % 
UB: 2.7499999999999996
branching on CartesianIndex(2, 5) with c.
72     36     14         0.1500     2.7500     1733.3333  % 
UB: 2.7499999999999996
branching on 1 with b.
73     37     15         0.1500     2.7500     1733.3333  % 
LB close or above UB, fathomed
74     36     15         0.1500     2.7500     1733.3333  % 
UB: 2.7499999999999996
branching on 2 with b.
75     37     16         0.1500     2.7500     1733.3333  % 
LB close or above UB, fathomed
76     36     16         0.1500     2.7500     1733.3333  % 
UB: 2.7499999999999996
branching on CartesianIndex(1, 6) with c.
77     37     17         0.1500     2.7500     1733.3333  % 
UB: 2.7499999999999996
branching on 3 with b.
78     38     18         0.1500     2.7500     1733.3333  % 
UB: 2.7499999999999996
branching on CartesianIndex(2, 6) with c.
79     39     19         0.1500     2.7500     1733.3333  % 
LB close or above UB, fathomed
80     38     19         0.1500     2.7500     1733.3333  % 
UB: 2.7499999999999996
branching on CartesianIndex(1, 7) with c.
81     39     20         0.1500     2.7500     1733.3333  % 
UB: 2.7499999999999996
branching on CartesianIndex(2, 7) with c.
82     40     21         0.1500     2.7500     1733.3333  % 
UB: 2.7499999999999996
branching on 1 with b.
83     41     22         0.1500     2.7500     1733.3333  % 
LB close or above UB, fathomed
84     40     22         0.1500     2.7500     1733.3333  % 
LB close or above UB, fathomed
85     39     21         0.1500     2.7500     1733.3333  % 
LB close or above UB, fathomed
86     38     20         0.1500     2.7500     1733.3333  % 
LB close or above UB, fathomed
87     37     18         0.1500     2.7500     1733.3333  % 
UB: 2.7499999999999996
branching on CartesianIndex(2, 6) with c.
88     38     17         0.1500     2.7500     1733.3333  % 
LB close or above UB, fathomed
89     37     14         0.1500     2.7500     1733.3333  % 
LB close or above UB, fathomed
90     36     12         0.1500     2.7500     1733.3333  % 
UB: 2.7499999999999996
branching on CartesianIndex(2, 5) with c.
91     37     13         0.1500     2.7500     1733.3333  % 
UB: 2.7499999999999996
branching on 3 with b.
92     38     14         0.1500     2.7500     1733.3333  % 
LB close or above UB, fathomed
93     37     14         0.1500     2.7500     1733.3333  % 
LB close or above UB, fathomed
94     36     13         0.1500     2.7500     1733.3333  % 
UB: 2.7499999999999996
branching on CartesianIndex(1, 6) with c.
95     37     14         0.1500     2.7500     1733.3333  % 
UB: 2.7499999999999996
branching on 3 with b.
96     38     15         0.1500     2.7500     1733.3333  % 
LB close or above UB, fathomed
97     37     15         0.1500     2.7500     1733.3333  % 
LB close or above UB, fathomed
98     36     14         0.1500     2.7500     1733.3333  % 
LB close or above UB, fathomed
99     35     11         0.1500     2.7500     1733.3333  % 
UB: 2.7499999999999996
branching on CartesianIndex(1, 6) with c.
100    36     12         0.1500     2.7500     1733.3333  % 
UB: 2.7499999999999996
branching on CartesianIndex(2, 6) with c.
101    37     13         0.1500     2.7500     1733.3333  % 
UB: 2.7499999999999996
branching on CartesianIndex(1, 7) with c.
102    38     14         0.1500     2.7500     1733.3333  % 
UB: 2.7499999999999996
branching on CartesianIndex(2, 7) with c.
103    39     15         0.1500     2.7500     1733.3333  % 
LB close or above UB, fathomed
104    38     15         0.1500     2.7500     1733.3333  % 
UB: 2.7499999999999996
branching on 2 with b.
105    39     16         0.1500     2.7500     1733.3333  % 
UB: 2.7499999999999996
branching on 3 with b.
106    40     17         0.1500     2.7500     1733.3333  % 
LB close or above UB, fathomed
107    39     17         0.1500     2.7500     1733.3333  % 
LB close or above UB, fathomed
108    38     16         0.1500     2.7500     1733.3333  % 
UB: 2.7499999999999996
branching on 3 with b.
109    39     17         0.1500     2.7500     1733.3333  % 
LB close or above UB, fathomed
110    38     17         0.1500     2.7500     1733.3333  % 
LB close or above UB, fathomed
111    37     14         0.1500     2.7500     1733.3333  % 
LB close or above UB, fathomed
112    36     13         0.1500     2.7500     1733.3333  % 
LB close or above UB, fathomed
113    35     12         0.1500     2.7500     1733.3333  % 
LB close or above UB, fathomed
114    34     9          0.1500     2.7500     1733.3333  % 
UB: 2.7499999999999996
branching on 2 with b.
115    35     10         0.1500     2.7500     1733.3333  % 
UB: 2.7499999999999996
branching on 3 with b.
116    36     11         0.1500     2.7500     1733.3333  % 
LB close or above UB, fathomed
117    35     11         0.1500     2.7500     1733.3333  % 
UB: 2.7499999999999996
branching on CartesianIndex(1, 4) with c.
118    36     10         0.1500     2.7500     1733.3333  % 
UB: 2.7499999999999996
branching on 3 with b.
119    37     7          0.1500     2.7500     1733.3333  % 
UB: 2.7499999999999996
branching on 1 with b.
120    38     8          0.1500     2.7500     1733.3333  % 
LB close or above UB, fathomed
121    37     8          0.1500     2.7500     1733.3333  % 
UB: 2.7499999999999996
branching on 2 with b.
122    38     9          0.1500     2.7500     1733.3333  % 
UB: 2.7499999999999996
branching on CartesianIndex(1, 3) with a.
123    39     9          0.1500     2.7500     1733.3333  % 
UB: 2.7499999999999996
branching on CartesianIndex(1, 3) with a.
124    40     10         0.1500     2.7500     1733.3333  % 
UB: 2.7499999999999996
branching on 3 with b.
125    41     11         0.1500     2.7500     1733.3333  % 
LB close or above UB, fathomed
126    40     11         0.1500     2.7500     1733.3333  % 
UB: 2.7499999999999996
branching on CartesianIndex(1, 4) with c.
127    41     10         0.1500     2.7500     1733.3333  % 
UB: 2.7499999999999996
branching on CartesianIndex(1, 4) with c.
128    42     6          0.1500     2.7500     1733.3333  % 
LB close or above UB, fathomed
129    41     5          0.1500     2.7500     1733.3333  % 
UB: 2.7499999999999996
branching on CartesianIndex(1, 2) with a.
130    42     6          0.1500     2.7500     1733.3333  % 
UB: 2.7499999999999996
branching on CartesianIndex(1, 3) with a.
131    43     7          0.1500     2.7500     1733.3333  % 
UB: 2.7499999999999996
branching on 1 with b.
132    44     8          0.1500     2.7500     1733.3333  % 
LB close or above UB, fathomed
133    43     8          0.1500     2.7500     1733.3333  % 
UB: 2.7499999999999996
branching on 1 with b.
134    44     9          0.1500     2.7500     1733.3333  % 
UB: 2.7499999999999996
branching on CartesianIndex(1, 4) with c.
135    45     10         0.1500     2.7500     1733.3333  % 
LB close or above UB, fathomed
136    44     10         0.1500     2.7500     1733.3333  % 
UB: 2.7499999999999996
branching on 2 with b.
137    45     11         0.1500     2.7500     1733.3333  % 
UB: 2.7499999999999996
branching on 3 with b.
138    46     12         0.1500     2.7500     1733.3333  % 
UB: 2.7499999999999996
branching on 1 with b.
139    46     13         0.1500     2.7500     1733.3333  % 
UB: 2.7499999999999996
branching on CartesianIndex(1, 5) with c.
140    47     14         0.1500     2.7500     1733.3333  % 
UB: 2.7499999999999996
branching on CartesianIndex(2, 5) with c.
141    48     15         0.1500     2.7500     1733.3333  % 
LB close or above UB, fathomed
142    47     15         0.1500     2.7500     1733.3333  % 
UB: 2.7499999999999996
branching on CartesianIndex(1, 6) with c.
143    48     16         0.1500     2.7500     1733.3333  % 
UB: 2.7499999999999996
branching on 2 with b.
144    49     17         0.1500     2.7500     1733.3333  % 
LB close or above UB, fathomed
145    48     17         0.1500     2.7500     1733.3333  % 
UB: 2.7499999999999996
branching on CartesianIndex(2, 6) with c.
146    49     18         0.1500     2.7500     1733.3333  % 
UB: 2.7499999999999996
branching on CartesianIndex(1, 7) with c.
147    50     19         0.1500     2.7500     1733.3333  % 
UB: 2.7499999999999996
branching on CartesianIndex(2, 7) with c.
148    51     20         0.1500     2.7500     1733.3333  % 
UB: 2.7499999999999996
branching on 3 with b.
149    52     21         0.1500     2.7500     1733.3333  % 
UB: 2.7499999999999996
branching on 1 with b.
150    53     22         0.1500     2.7500     1733.3333  % 
LB close or above UB, fathomed
151    52     22         0.1500     2.7500     1733.3333  % 
LB close or above UB, fathomed
152    51     21         0.1500     2.7500     1733.3333  % 
UB: 2.7499999999999996
branching on 1 with b.
153    52     22         0.1500     2.7500     1733.3333  % 
LB close or above UB, fathomed
154    51     22         0.1500     2.7500     1733.3333  % 
LB close or above UB, fathomed
155    50     20         0.1500     2.7500     1733.3333  % 
LB close or above UB, fathomed
156    49     19         0.1500     2.7500     1733.3333  % 
LB close or above UB, fathomed
157    48     18         0.1500     2.7500     1733.3333  % 
UB: 2.7499999999999996
branching on CartesianIndex(1, 7) with c.
158    49     19         0.1500     2.7500     1733.3333  % 
UB: 2.7499999999999996
branching on 3 with b.
159    50     20         0.1500     2.7500     1733.3333  % 
UB: 2.7499999999999996
branching on CartesianIndex(2, 7) with c.
160    51     21         0.1500     2.7500     1733.3333  % 
UB: 2.7499999999999996
branching on 1 with b.
161    52     22         0.1500     2.7500     1733.3333  % 
LB close or above UB, fathomed
162    51     22         0.1500     2.7500     1733.3333  % 
LB close or above UB, fathomed
163    50     21         0.1500     2.7500     1733.3333  % 
LB close or above UB, fathomed
164    49     20         0.1500     2.7500     1733.3333  % 
UB: 2.7499999999999996
branching on CartesianIndex(2, 7) with c.
165    50     21         0.1500     2.7500     1733.3333  % 
UB: 2.7499999999999996
branching on 1 with b.
166    51     22         0.1500     2.7500     1733.3333  % 
LB close or above UB, fathomed
167    50     22         0.1500     2.7500     1733.3333  % 
LB close or above UB, fathomed
168    49     21         0.1500     2.7500     1733.3333  % 
LB close or above UB, fathomed
169    48     19         0.1500     2.7500     1733.3333  % 
LB close or above UB, fathomed
170    47     16         0.1500     2.7500     1733.3333  % 
UB: 2.7499999999999996
branching on CartesianIndex(1, 7) with c.
171    48     17         0.1500     2.7500     1733.3333  % 
UB: 2.7499999999999996
branching on CartesianIndex(2, 7) with c.
172    49     18         0.1500     2.7500     1733.3333  % 
UB: 2.7499999999999996
branching on 2 with b.
173    50     19         0.1500     2.7500     1733.3333  % 
LB close or above UB, fathomed
174    49     19         0.1500     2.7500     1733.3333  % 
UB: 2.7499999999999996
branching on 3 with b.
175    50     18         0.1500     2.7500     1733.3333  % 
LB close or above UB, fathomed
176    49     17         0.1500     2.7500     1733.3333  % 
LB close or above UB, fathomed
177    48     14         0.1500     2.7500     1733.3333  % 
LB close or above UB, fathomed
178    47     12         0.1500     2.7500     1733.3333  % 
UB: 2.7499999999999996
branching on 1 with b.
179    47     13         0.1500     2.7500     1733.3333  % 
UB: 2.7499999999999996
branching on 2 with b.
180    48     14         0.1500     2.7500     1733.3333  % 
LB close or above UB, fathomed
181    47     14         0.1500     2.7500     1733.3333  % 
UB: 2.7499999999999996
branching on 3 with b.
182    48     15         0.1500     2.7500     1733.3333  % 
UB: 2.7499999999999996
branching on CartesianIndex(1, 5) with c.
183    49     16         0.1500     2.7500     1733.3333  % 
UB: 2.7499999999999996
branching on CartesianIndex(2, 5) with c.
184    50     17         0.1500     2.7500     1733.3333  % 
LB close or above UB, fathomed
185    49     17         0.1500     2.7500     1733.3333  % 
UB: 2.7499999999999996
branching on CartesianIndex(1, 6) with c.
186    50     18         0.1500     2.7500     1733.3333  % 
UB: 2.7499999999999996
branching on 1 with b.
187    51     19         0.1500     2.7500     1733.3333  % 
LB close or above UB, fathomed
188    50     19         0.1500     2.7500     1733.3333  % 
LB close or above UB, fathomed
189    49     18         0.1500     2.7500     1733.3333  % 
LB close or above UB, fathomed
190    48     16         0.1500     2.7500     1733.3333  % 
LB close or above UB, fathomed
191    47     15         0.1500     2.7500     1733.3333  % 
UB: 2.7499999999999996
branching on CartesianIndex(1, 5) with c.
192    48     16         0.1500     2.7500     1733.3333  % 
UB: 2.7499999999999996
branching on CartesianIndex(2, 5) with c.
193    49     17         0.1500     2.7500     1733.3333  % 
LB close or above UB, fathomed
194    48     17         0.1500     2.7500     1733.3333  % 
UB: 2.7499999999999996
branching on CartesianIndex(1, 6) with c.
195    49     18         0.1500     2.7500     1733.3333  % 
UB: 2.7499999999999996
branching on CartesianIndex(2, 6) with c.
196    50     19         0.1500     2.7500     1733.3333  % 
UB: 2.7499999999999996
branching on CartesianIndex(1, 7) with c.
197    51     20         0.1500     2.7500     1733.3333  % 
UB: 2.7499999999999996
branching on CartesianIndex(2, 7) with c.
198    52     21         0.1500     2.7500     1733.3333  % 
UB: 2.7499999999999996
branching on 1 with b.
199    53     22         0.1500     2.7500     1733.3333  % 
LB close or above UB, fathomed
200    52     22         0.1500     2.7500     1733.3333  % 
LB close or above UB, fathomed
201    51     21         0.1500     2.7500     1733.3333  % 
UB: 2.7499999999999996
branching on 1 with b.
202    52     22         0.1500     2.7500     1733.3333  % 
LB close or above UB, fathomed
203    51     22         0.1500     2.7500     1733.3333  % 
LB close or above UB, fathomed
204    50     20         0.1500     2.7500     1733.3333  % 
UB: 2.7499999999999996
branching on 1 with b.
205    51     21         0.1500     2.7500     1733.3333  % 
LB close or above UB, fathomed
206    50     21         0.1500     2.7500     1733.3333  % 
LB close or above UB, fathomed
207    49     19         0.1500     2.7500     1733.3333  % 
LB close or above UB, fathomed
208    48     18         0.1500     2.7500     1733.3333  % 
LB close or above UB, fathomed
209    47     16         0.1500     2.7500     1733.3333  % 
LB close or above UB, fathomed
210    46     11         0.1500     2.7500     1733.3333  % 
UB: 2.7499999999999996
branching on 3 with b.
211    47     12         0.1500     2.7500     1733.3333  % 
UB: 2.7499999999999996
branching on CartesianIndex(1, 5) with c.
212    48     13         0.1500     2.7500     1733.3333  % 
UB: 2.7499999999999996
branching on 1 with b.
213    48     14         0.1500     2.7500     1733.3333  % 
UB: 2.7499999999999996
branching on CartesianIndex(2, 5) with c.
214    49     15         0.1500     2.7500     1733.3333  % 
LB close or above UB, fathomed
215    48     15         0.1500     2.7500     1733.3333  % 
UB: 2.7499999999999996
branching on CartesianIndex(1, 6) with c.
216    49     16         0.1500     2.7500     1733.3333  % 
UB: 2.7499999999999996
branching on CartesianIndex(2, 6) with c.
217    50     17         0.1500     2.7500     1733.3333  % 
UB: 2.7499999999999996
branching on CartesianIndex(1, 7) with c.
218    51     17         0.1500     2.7500     1733.3333  % 
LB close or above UB, fathomed
219    50     16         0.1500     2.7500     1733.3333  % 
LB close or above UB, fathomed
220    49     13         0.1500     2.7500     1733.3333  % 
LB close or above UB, fathomed
221    48     12         0.1500     2.7500     1733.3333  % 
LB close or above UB, fathomed
222    47     9          0.1500     2.7500     1733.3333  % 
LB close or above UB, fathomed
223    46     7          0.1500     2.7500     1733.3333  % 
UB: 2.7499999999999996
branching on CartesianIndex(1, 4) with c.
224    47     8          0.1500     2.7500     1733.3333  % 
UB: 2.7499999999999996
branching on CartesianIndex(2, 4) with c.
225    48     9          0.1500     2.7500     1733.3333  % 
LB close or above UB, fathomed
226    47     9          0.1500     2.7500     1733.3333  % 
LB close or above UB, fathomed
227    46     8          0.1500     2.7500     1733.3333  % 
UB: 2.7499999999999996
branching on CartesianIndex(1, 5) with c.
228    47     9          0.1500     2.7500     1733.3333  % 
UB: 2.7499999999999996
branching on CartesianIndex(2, 5) with c.
229    48     10         0.1500     2.7500     1733.3333  % 
LB close or above UB, fathomed
230    47     10         0.1500     2.7500     1733.3333  % 
UB: 2.7499999999999996
branching on 1 with b.
231    48     11         0.1500     2.7500     1733.3333  % 
LB close or above UB, fathomed
232    47     11         0.1500     2.7500     1733.3333  % 
UB: 2.7499999999999996
branching on CartesianIndex(1, 6) with c.
233    48     12         0.1500     2.7500     1733.3333  % 
UB: 2.7499999999999996
branching on 1 with b.
234    49     12         0.1500     2.7500     1733.3333  % 
UB: 2.7499999999999996
branching on 1 with b.
235    50     13         0.1500     2.7500     1733.3333  % 
UB: 2.7499999999999996
branching on 2 with b.
236    51     14         0.1500     2.7500     1733.3333  % 
UB: 2.7499999999999996
branching on 3 with b.
237    52     15         0.1500     2.7500     1733.3333  % 
UB: 2.7499999999999996
branching on 1 with b.
238    52     16         0.1500     2.7500     1733.3333  % 
UB: 2.7499999999999996
branching on CartesianIndex(1, 7) with c.
239    53     17         0.1500     2.7500     1733.3333  % 
UB: 2.7499999999999996
branching on CartesianIndex(2, 7) with c.
240    54     18         0.1500     2.7500     1733.3333  % 
UB: 2.7499999999999996
branching on 2 with b.
241    55     19         0.1500     2.7500     1733.3333  % 
LB close or above UB, fathomed
242    54     19         0.1500     2.7500     1733.3333  % 
UB: 2.7499999999999996
branching on 3 with b.
243    55     20         0.1500     2.7500     1733.3333  % 
UB: 2.7499999999999996
branching on 1 with b.
244    56     21         0.1500     2.7500     1733.3333  % 
LB close or above UB, fathomed
245    55     21         0.1500     2.7500     1733.3333  % 
LB close or above UB, fathomed
246    54     20         0.1500     2.7500     1733.3333  % 
UB: 2.7499999999999996
branching on 1 with b.
247    55     21         0.1500     2.7500     1733.3333  % 
LB close or above UB, fathomed
248    54     21         0.1500     2.7500     1733.3333  % 
LB close or above UB, fathomed
249    53     18         0.1500     2.7500     1733.3333  % 
LB close or above UB, fathomed
250    52     17         0.1500     2.7500     1733.3333  % 
LB close or above UB, fathomed
251    51     15         0.1500     2.7500     1733.3333  % 
UB: 2.7499999999999996
branching on CartesianIndex(1, 7) with c.
252    52     16         0.1500     2.7500     1733.3333  % 
UB: 2.7499999999999996
branching on CartesianIndex(2, 7) with c.
253    53     17         0.1500     2.7500     1733.3333  % 
UB: 2.7499999999999996
branching on 1 with b.
254    53     18         0.1500     2.7500     1733.3333  % 
UB: 2.7499999999999996
branching on 2 with b.
255    54     19         0.1500     2.7500     1733.3333  % 
LB close or above UB, fathomed
256    53     19         0.1500     2.7500     1733.3333  % 
UB: 2.7499999999999996
branching on 3 with b.
257    54     17         0.1500     2.7500     1733.3333  % 
LB close or above UB, fathomed
258    53     16         0.1500     2.7500     1733.3333  % 
LB close or above UB, fathomed
259    52     14         0.1500     2.7500     1733.3333  % 
LB close or above UB, fathomed
260    51     13         0.1500     2.7500     1733.3333  % 
LB close or above UB, fathomed
261    50     9          0.1500     2.7500     1733.3333  % 
LB close or above UB, fathomed
262    49     6          0.1500     2.7500     1733.3333  % 
LB close or above UB, fathomed
263    48     20         0.1500     2.7500     1733.3333  % 
UB: 2.7499999999999996
branching on 1 with b.
264    49     21         0.1500     2.7500     1733.3333  % 
LB close or above UB, fathomed
265    48     21         0.1500     2.7500     1733.3333  % 
LB close or above UB, fathomed
266    47     20         0.1500     2.7500     1733.3333  % 
LB close or above UB, fathomed
267    46     13         0.1500     2.7500     1733.3333  % 
UB: 2.7499999999999996
branching on CartesianIndex(2, 6) with c.
268    47     14         0.1500     2.7500     1733.3333  % 
UB: 2.7499999999999996
branching on 2 with b.
269    48     15         0.1500     2.7500     1733.3333  % 
UB: 2.7499999999999996
branching on CartesianIndex(1, 7) with c.
270    49     16         0.1500     2.7500     1733.3333  % 
UB: 2.7499999999999996
branching on CartesianIndex(2, 7) with c.
271    50     17         0.1500     2.7500     1733.3333  % 
UB: 2.7499999999999996
branching on 3 with b.
272    51     18         0.1500     2.7500     1733.3333  % 
UB: 2.7499999999999996
branching on 1 with b.
273    51     19         0.1500     2.7500     1733.3333  % 
UB: 2.7499999999999996
branching on 2 with b.
274    52     20         0.1500     2.7500     1733.3333  % 
LB close or above UB, fathomed
275    51     20         0.1500     2.7500     1733.3333  % 
UB: 2.7499999999999996
branching on 3 with b.
276    52     21         0.1500     2.7500     1733.3333  % 
UB: 2.7499999999999996
branching on 1 with b.
277    53     22         0.1500     2.7500     1733.3333  % 
LB close or above UB, fathomed
278    52     22         0.1500     2.7500     1733.3333  % 
LB close or above UB, fathomed
279    51     21         0.1500     2.7500     1733.3333  % 
UB: 2.7499999999999996
branching on 1 with b.
280    52     22         0.1500     2.7500     1733.3333  % 
LB close or above UB, fathomed
281    51     22         0.1500     2.7500     1733.3333  % 
LB close or above UB, fathomed
282    50     18         0.1500     2.7500     1733.3333  % 
UB: 2.7499999999999996
branching on 1 with b.
283    50     19         0.1500     2.7500     1733.3333  % 
UB: 2.7499999999999996
branching on 2 with b.
284    51     20         0.1500     2.7500     1733.3333  % 
LB close or above UB, fathomed
285    50     20         0.1500     2.7500     1733.3333  % 
UB: 2.7499999999999996
branching on 3 with b.
286    51     21         0.1500     2.7500     1733.3333  % 
UB: 2.7499999999999996
branching on 1 with b.
287    52     22         0.1500     2.7500     1733.3333  % 
LB close or above UB, fathomed
288    51     22         0.1500     2.7500     1733.3333  % 
LB close or above UB, fathomed
289    50     21         0.1500     2.7500     1733.3333  % 
UB: 2.7499999999999996
branching on 1 with b.
290    51     22         0.1500     2.7500     1733.3333  % 
LB close or above UB, fathomed
291    50     22         0.1500     2.7500     1733.3333  % 
LB close or above UB, fathomed
292    49     17         0.1500     2.7500     1733.3333  % 
LB close or above UB, fathomed
293    48     16         0.1500     2.7500     1733.3333  % 
LB close or above UB, fathomed
294    47     15         0.1500     2.7500     1733.3333  % 
LB close or above UB, fathomed
295    46     14         0.1500     2.7500     1733.3333  % 
UB: 2.7499999999999996
branching on 2 with b.
296    47     15         0.1500     2.7500     1733.3333  % 
UB: 2.7499999999999996
branching on CartesianIndex(1, 7) with c.
297    48     16         0.1500     2.7500     1733.3333  % 
UB: 2.7499999999999996
branching on 3 with b.
298    49     17         0.1500     2.7500     1733.3333  % 
UB: 2.7499999999999996
branching on CartesianIndex(2, 7) with c.
299    50     18         0.1500     2.7500     1733.3333  % 
UB: 2.7499999999999996
branching on 1 with b.
300    50     19         0.1500     2.7500     1733.3333  % 
UB: 2.7499999999999996
branching on 2 with b.
301    51     20         0.1500     2.7500     1733.3333  % 
LB close or above UB, fathomed
302    50     20         0.1500     2.7500     1733.3333  % 
UB: 2.7499999999999996
branching on 3 with b.
303    51     21         0.1500     2.7500     1733.3333  % 
UB: 2.7499999999999996
branching on 1 with b.
304    52     22         0.1500     2.7500     1733.3333  % 
LB close or above UB, fathomed
305    51     22         0.1500     2.7500     1733.3333  % 
LB close or above UB, fathomed
306    50     21         0.1500     2.7500     1733.3333  % 
UB: 2.7499999999999996
branching on 1 with b.
307    51     22         0.1500     2.7500     1733.3333  % 
LB close or above UB, fathomed
308    50     22         0.1500     2.7500     1733.3333  % 
LB close or above UB, fathomed
309    49     18         0.1500     2.7500     1733.3333  % 
LB close or above UB, fathomed
310    48     17         0.1500     2.7500     1733.3333  % 
UB: 2.7499999999999996
branching on CartesianIndex(2, 7) with c.
311    49     18         0.1500     2.7500     1733.3333  % 
UB: 2.7499999999999996
branching on 1 with b.
312    49     19         0.1500     2.7500     1733.3333  % 
UB: 2.7499999999999996
branching on 2 with b.
313    50     20         0.1500     2.7500     1733.3333  % 
LB close or above UB, fathomed
314    49     20         0.1500     2.7500     1733.3333  % 
UB: 2.7499999999999996
branching on 3 with b.
315    50     21         0.1500     2.7500     1733.3333  % 
UB: 2.7499999999999996
branching on 1 with b.
316    51     22         0.1500     2.7500     1733.3333  % 
UB: 2.7499999999999996
branching on 2 with b.
317    52     23         0.1500     2.7500     1733.3333  % 
LB close or above UB, fathomed
318    51     23         0.1500     2.7500     1733.3333  % 
UB: 2.7499999999999996
branching on 3 with b.
319    51     24         0.1500     2.7500     1733.3333  % 
UB: 2.7499999999999996
branching on 1 with b.
320    51     25         0.1500     2.7500     1733.3333  % 
UB: 2.7499999999999996
branching on 2 with b.
321    52     26         0.1500     2.7500     1733.3333  % 
LB close or above UB, fathomed
322    51     26         0.1500     2.7500     1733.3333  % 
UB: 2.7499999999999996
branching on 3 with b.
323    52     27         0.1500     2.7500     1733.3333  % 
LB close or above UB, fathomed
324    51     27         0.1500     2.7500     1733.3333  % 
LB close or above UB, fathomed
325    50     22         0.1500     2.7500     1733.3333  % 
LB close or above UB, fathomed
326    49     21         0.1500     2.7500     1733.3333  % 
LB close or above UB, fathomed
327    48     18         0.1500     2.7500     1733.3333  % 
LB close or above UB, fathomed
328    47     16         0.1500     2.7500     1733.3333  % 
LB close or above UB, fathomed
329    46     15         0.1500     2.7500     1733.3333  % 
UB: 2.7499999999999996
branching on 3 with b.
330    47     16         0.1500     2.7500     1733.3333  % 
LB close or above UB, fathomed
331    46     16         0.1500     2.7500     1733.3333  % 
UB: 2.7499999999999996
branching on CartesianIndex(1, 7) with c.
332    47     17         0.1500     2.7500     1733.3333  % 
UB: 2.7499999999999996
branching on CartesianIndex(2, 7) with c.
333    48     18         0.1500     2.7500     1733.3333  % 
UB: 2.7499999999999996
branching on 1 with b.
334    48     19         0.1500     2.7500     1733.3333  % 
UB: 2.7499999999999996
branching on 2 with b.
335    49     20         0.1500     2.7500     1733.3333  % 
UB: 2.7499999999999996
branching on 3 with b.
336    50     21         0.1500     2.7500     1733.3333  % 
UB: 2.7499999999999996
branching on 1 with b.
337    51     22         0.1500     2.7500     1733.3333  % 
UB: 2.7499999999999996
branching on 2 with b.
338    51     23         0.1500     2.7500     1733.3333  % 
UB: 2.7499999999999996
branching on 3 with b.
339    51     24         0.1500     2.7500     1733.3333  % 
UB: 2.7499999999999996
branching on 1 with b.
340    51     25         0.1500     2.7500     1733.3333  % 
UB: 2.7499999999999996
branching on 2 with b.
341    51     26         0.1500     2.7500     1733.3333  % 
UB: 2.7499999999999996
branching on 3 with b.
342    52     27         0.1500     2.7500     1733.3333  % 
LB close or above UB, fathomed
343    51     27         0.1500     2.7500     1733.3333  % 
LB close or above UB, fathomed
344    50     22         0.1500     2.7500     1733.3333  % 
LB close or above UB, fathomed
345    49     21         0.1500     2.7500     1733.3333  % 
LB close or above UB, fathomed
346    48     20         0.1500     2.7500     1733.3333  % 
LB close or above UB, fathomed
347    47     18         0.1500     2.7500     1733.3333  % 
LB close or above UB, fathomed
348    46     17         0.1500     2.7500     1733.3333  % 
LB close or above UB, fathomed
349    45     13         0.1500     2.7500     1733.3333  % 
LB close or above UB, fathomed
350    44     20         0.1500     2.7500     1733.3333  % 
UB: 2.7499999999999996
branching on 1 with b.
351    45     21         0.1500     2.7500     1733.3333  % 
LB close or above UB, fathomed
352    44     21         0.1500     2.7500     1733.3333  % 
LB close or above UB, fathomed
353    43     20         0.1500     2.7500     1733.3333  % 
UB: 2.7499999999999996
branching on 1 with b.
354    44     21         0.1500     2.7500     1733.3333  % 
LB close or above UB, fathomed
355    43     21         0.1500     2.7500     1733.3333  % 
LB close or above UB, fathomed
356    42     12         0.1500     2.7500     1733.3333  % 
LB close or above UB, fathomed
357    41     12         0.1500     2.7500     1733.3333  % 
UB: 2.7499999999999996
branching on CartesianIndex(1, 5) with c.
358    42     13         0.1500     2.7500     1733.3333  % 
UB: 2.7499999999999996
branching on CartesianIndex(2, 5) with c.
359    43     14         0.1500     2.7500     1733.3333  % 
UB: 2.7499999999999996
branching on CartesianIndex(1, 6) with c.
360    44     15         0.1500     2.7500     1733.3333  % 
UB: 2.7499999999999996
branching on CartesianIndex(2, 6) with c.
361    45     16         0.1500     2.7500     1733.3333  % 
LB close or above UB, fathomed
362    44     16         0.1500     2.7500     1733.3333  % 
UB: 2.7499999999999996
branching on CartesianIndex(1, 7) with c.
363    45     17         0.1500     2.7500     1733.3333  % 
UB: 2.7499999999999996
branching on CartesianIndex(2, 7) with c.
364    46     18         0.1500     2.7500     1733.3333  % 
UB: 2.7499999999999996
branching on 1 with b.
365    47     19         0.1500     2.7500     1733.3333  % 
LB close or above UB, fathomed
366    46     19         0.1500     2.7500     1733.3333  % 
UB: 2.7499999999999996
branching on 2 with b.
367    47     20         0.1500     2.7500     1733.3333  % 
UB: 2.7499999999999996
branching on 3 with b.
368    48     21         0.1500     2.7500     1733.3333  % 
UB: 2.7499999999999996
branching on 1 with b.
369    49     22         0.1500     2.7500     1733.3333  % 
LB close or above UB, fathomed
370    48     22         0.1500     2.7500     1733.3333  % 
LB close or above UB, fathomed
371    47     21         0.1500     2.7500     1733.3333  % 
LB close or above UB, fathomed
372    46     20         0.1500     2.7500     1733.3333  % 
UB: 2.7499999999999996
branching on 3 with b.
373    47     21         0.1500     2.7500     1733.3333  % 
UB: 2.7499999999999996
branching on 1 with b.
374    48     22         0.1500     2.7500     1733.3333  % 
LB close or above UB, fathomed
375    47     22         0.1500     2.7500     1733.3333  % 
LB close or above UB, fathomed
376    46     21         0.1500     2.7500     1733.3333  % 
LB close or above UB, fathomed
377    45     18         0.1500     2.7500     1733.3333  % 
LB close or above UB, fathomed
378    44     17         0.1500     2.7500     1733.3333  % 
LB close or above UB, fathomed
379    43     15         0.1500     2.7500     1733.3333  % 
LB close or above UB, fathomed
380    42     14         0.1500     2.7500     1733.3333  % 
LB close or above UB, fathomed
381    41     13         0.1500     2.7500     1733.3333  % 
LB close or above UB, fathomed
382    40     10         0.1500     2.7500     1733.3333  % 
UB: 2.7499999999999996
branching on 3 with b.
383    41     11         0.1500     2.7500     1733.3333  % 
LB close or above UB, fathomed
384    40     11         0.1500     2.7500     1733.3333  % 
LB close or above UB, fathomed
385    39     10         0.1500     2.7500     1733.3333  % 
UB: 2.7499999999999996
branching on CartesianIndex(1, 4) with c.
386    40     11         0.1500     2.7500     1733.3333  % 
UB: 2.7499999999999996
branching on 3 with b.
387    41     12         0.1500     2.7500     1733.3333  % 
LB close or above UB, fathomed
388    40     12         0.1500     2.7500     1733.3333  % 
UB: 2.7499999999999996
branching on CartesianIndex(2, 4) with c.
389    41     13         0.1500     2.7500     1733.3333  % 
UB: 2.7499999999999996
branching on CartesianIndex(1, 5) with c.
390    42     14         0.1500     2.7500     1733.3333  % 
LB close or above UB, fathomed
391    41     14         0.1500     2.7500     1733.3333  % 
UB: 2.7499999999999996
branching on 1 with b.
392    42     15         0.1500     2.7500     1733.3333  % 
LB close or above UB, fathomed
393    41     15         0.1500     2.7500     1733.3333  % 
LB close or above UB, fathomed
394    40     13         0.1500     2.7500     1733.3333  % 
UB: 2.7499999999999996
branching on CartesianIndex(1, 5) with c.
395    41     14         0.1500     2.7500     1733.3333  % 
LB close or above UB, fathomed
396    40     14         0.1500     2.7500     1733.3333  % 
UB: 2.7499999999999996
branching on CartesianIndex(1, 6) with c.
397    41     15         0.1500     2.7500     1733.3333  % 
UB: 2.7499999999999996
branching on 1 with b.
398    42     16         0.1500     2.7500     1733.3333  % 
LB close or above UB, fathomed
399    41     16         0.1500     2.7500     1733.3333  % 
LB close or above UB, fathomed
400    40     15         0.1500     2.7500     1733.3333  % 
LB close or above UB, fathomed
401    39     11         0.1500     2.7500     1733.3333  % 
UB: 2.7499999999999996
branching on 3 with b.
402    40     12         0.1500     2.7500     1733.3333  % 
LB close or above UB, fathomed
403    39     12         0.1500     2.7500     1733.3333  % 
UB: 2.7499999999999996
branching on CartesianIndex(1, 5) with c.
404    40     13         0.1500     2.7500     1733.3333  % 
LB close or above UB, fathomed
405    39     13         0.1500     2.7500     1733.3333  % 
UB: 2.7499999999999996
branching on CartesianIndex(1, 6) with c.
406    40     14         0.1500     2.7500     1733.3333  % 
UB: 2.7499999999999996
branching on CartesianIndex(2, 6) with c.
407    41     15         0.1500     2.7500     1733.3333  % 
LB close or above UB, fathomed
408    40     15         0.1500     2.7500     1733.3333  % 
UB: 2.7499999999999996
branching on 1 with b.
409    41     16         0.1500     2.7500     1733.3333  % 
LB close or above UB, fathomed
410    40     16         0.1500     2.7500     1733.3333  % 
LB close or above UB, fathomed
411    39     14         0.1500     2.7500     1733.3333  % 
LB close or above UB, fathomed
412    38     11         0.1500     2.7500     1733.3333  % 
LB close or above UB, fathomed
413    37     11         0.1500     2.7500     1733.3333  % 
UB: 2.7499999999999996
branching on CartesianIndex(1, 5) with c.
414    38     12         0.1500     2.7500     1733.3333  % 
UB: 2.7499999999999996
branching on CartesianIndex(2, 5) with c.
415    39     13         0.1500     2.7500     1733.3333  % 
UB: 2.7499999999999996
branching on CartesianIndex(1, 6) with c.
416    40     14         0.1500     2.7500     1733.3333  % 
UB: 2.7499999999999996
branching on CartesianIndex(2, 6) with c.
417    41     15         0.1500     2.7500     1733.3333  % 
LB close or above UB, fathomed
418    40     15         0.1500     2.7500     1733.3333  % 
UB: 2.7499999999999996
branching on 3 with b.
419    41     16         0.1500     2.7500     1733.3333  % 
LB close or above UB, fathomed
420    40     16         0.1500     2.7500     1733.3333  % 
UB: 2.7499999999999996
branching on CartesianIndex(1, 7) with c.
421    41     17         0.1500     2.7500     1733.3333  % 
UB: 2.7499999999999996
branching on CartesianIndex(2, 7) with c.
422    42     18         0.1500     2.7500     1733.3333  % 
UB: 2.7499999999999996
branching on 1 with b.
423    43     19         0.1500     2.7500     1733.3333  % 
LB close or above UB, fathomed
424    42     19         0.1500     2.7500     1733.3333  % 
UB: 2.7499999999999996
branching on 2 with b.
425    43     20         0.1500     2.7500     1733.3333  % 
UB: 2.7499999999999996
branching on 3 with b.
426    44     21         0.1500     2.7500     1733.3333  % 
UB: 2.7499999999999996
branching on 1 with b.
427    45     22         0.1500     2.7500     1733.3333  % 
LB close or above UB, fathomed
428    44     22         0.1500     2.7500     1733.3333  % 
LB close or above UB, fathomed
429    43     21         0.1500     2.7500     1733.3333  % 
LB close or above UB, fathomed
430    42     20         0.1500     2.7500     1733.3333  % 
UB: 2.7499999999999996
branching on 3 with b.
431    43     21         0.1500     2.7500     1733.3333  % 
UB: 2.7499999999999996
branching on 1 with b.
432    44     22         0.1500     2.7500     1733.3333  % 
LB close or above UB, fathomed
433    43     22         0.1500     2.7500     1733.3333  % 
LB close or above UB, fathomed
434    42     21         0.1500     2.7500     1733.3333  % 
LB close or above UB, fathomed
435    41     18         0.1500     2.7500     1733.3333  % 
LB close or above UB, fathomed
436    40     17         0.1500     2.7500     1733.3333  % 
LB close or above UB, fathomed
437    39     14         0.1500     2.7500     1733.3333  % 
LB close or above UB, fathomed
438    38     13         0.1500     2.7500     1733.3333  % 
UB: 2.7499999999999996
branching on 3 with b.
439    39     14         0.1500     2.7500     1733.3333  % 
LB close or above UB, fathomed
440    38     14         0.1500     2.7500     1733.3333  % 
UB: 2.7499999999999996
branching on CartesianIndex(1, 6) with c.
441    39     15         0.1500     2.7500     1733.3333  % 
UB: 2.7499999999999996
branching on CartesianIndex(2, 6) with c.
442    40     16         0.1500     2.7500     1733.3333  % 
LB close or above UB, fathomed
443    39     16         0.1500     2.7500     1733.3333  % 
UB: 2.7499999999999996
branching on CartesianIndex(1, 7) with c.
444    40     17         0.1500     2.7500     1733.3333  % 
UB: 2.7499999999999996
branching on 1 with b.
445    41     18         0.1500     2.7500     1733.3333  % 
LB close or above UB, fathomed
446    40     18         0.1500     2.7500     1733.3333  % 
LB close or above UB, fathomed
447    39     17         0.1500     2.7500     1733.3333  % 
LB close or above UB, fathomed
448    38     15         0.1500     2.7500     1733.3333  % 
LB close or above UB, fathomed
449    37     12         0.1500     2.7500     1733.3333  % 
UB: 2.7499999999999996
branching on CartesianIndex(1, 6) with c.
450    38     13         0.1500     2.7500     1733.3333  % 
UB: 2.7499999999999996
branching on 3 with b.
451    39     14         0.1500     2.7500     1733.3333  % 
LB close or above UB, fathomed
452    38     14         0.1500     2.7500     1733.3333  % 
UB: 2.7499999999999996
branching on CartesianIndex(2, 6) with c.
453    39     15         0.1500     2.7500     1733.3333  % 
LB close or above UB, fathomed
454    38     15         0.1500     2.7500     1733.3333  % 
UB: 2.7499999999999996
branching on CartesianIndex(1, 7) with c.
455    39     16         0.1500     2.7500     1733.3333  % 
UB: 2.7499999999999996
branching on CartesianIndex(2, 7) with c.
456    40     17         0.1500     2.7500     1733.3333  % 
UB: 2.7499999999999996
branching on 1 with b.
457    41     18         0.1500     2.7500     1733.3333  % 
LB close or above UB, fathomed
458    40     18         0.1500     2.7500     1733.3333  % 
LB close or above UB, fathomed
459    39     17         0.1500     2.7500     1733.3333  % 
LB close or above UB, fathomed
460    38     16         0.1500     2.7500     1733.3333  % 
LB close or above UB, fathomed
461    37     13         0.1500     2.7500     1733.3333  % 
LB close or above UB, fathomed
462    36     11         0.1500     2.7500     1733.3333  % 
LB close or above UB, fathomed
463    35     11         0.1500     2.7500     1733.3333  % 
UB: 2.7499999999999996
branching on CartesianIndex(1, 4) with c.
464    36     12         0.1500     2.7500     1733.3333  % 
LB close or above UB, fathomed
465    35     12         0.1500     2.7500     1733.3333  % 
UB: 2.7499999999999996
branching on 1 with b.
466    36     13         0.1500     2.7500     1733.3333  % 
UB: 2.7499999999999996
branching on 2 with b.
467    37     13         0.1500     2.7500     1733.3333  % 
LB close or above UB, fathomed
468    36     12         0.1500     2.7500     1733.3333  % 
UB: 2.7499999999999996
branching on 1 with b.
469    37     13         0.1500     2.7500     1733.3333  % 
LB close or above UB, fathomed
470    36     13         0.1500     2.7500     1733.3333  % 
LB close or above UB, fathomed
471    35     12         0.1500     2.7500     1733.3333  % 
UB: 2.7499999999999996
branching on CartesianIndex(1, 5) with c.
472    36     13         0.1500     2.7500     1733.3333  % 
UB: 2.7499999999999996
branching on CartesianIndex(2, 5) with c.
473    37     14         0.1500     2.7500     1733.3333  % 
UB: 2.7499999999999996
branching on CartesianIndex(1, 6) with c.
474    38     15         0.1500     2.7500     1733.3333  % 
UB: 2.7499999999999996
branching on CartesianIndex(2, 6) with c.
475    39     16         0.1500     2.7500     1733.3333  % 
LB close or above UB, fathomed
476    38     16         0.1500     2.7500     1733.3333  % 
UB: 2.7499999999999996
branching on CartesianIndex(1, 7) with c.
477    39     17         0.1500     2.7500     1733.3333  % 
UB: 2.7499999999999996
branching on CartesianIndex(2, 7) with c.
478    40     18         0.1500     2.7500     1733.3333  % 
UB: 2.7499999999999996
branching on 1 with b.
479    41     19         0.1500     2.7500     1733.3333  % 
LB close or above UB, fathomed
480    40     19         0.1500     2.7500     1733.3333  % 
UB: 2.7499999999999996
branching on 2 with b.
481    41     20         0.1500     2.7500     1733.3333  % 
LB close or above UB, fathomed
482    40     20         0.1500     2.7500     1733.3333  % 
UB: 2.7499999999999996
branching on 3 with b.
483    41     21         0.1500     2.7500     1733.3333  % 
UB: 2.7499999999999996
branching on 1 with b.
484    42     22         0.1500     2.7500     1733.3333  % 
LB close or above UB, fathomed
485    41     22         0.1500     2.7500     1733.3333  % 
LB close or above UB, fathomed
486    40     21         0.1500     2.7500     1733.3333  % 
LB close or above UB, fathomed
487    39     18         0.1500     2.7500     1733.3333  % 
LB close or above UB, fathomed
488    38     17         0.1500     2.7500     1733.3333  % 
LB close or above UB, fathomed
489    37     15         0.1500     2.7500     1733.3333  % 
LB close or above UB, fathomed
490    36     14         0.1500     2.7500     1733.3333  % 
UB: 2.7499999999999996
branching on CartesianIndex(1, 6) with c.
491    37     15         0.1500     2.7500     1733.3333  % 
UB: 2.7499999999999996
branching on CartesianIndex(2, 6) with c.
492    38     16         0.1500     2.7500     1733.3333  % 
LB close or above UB, fathomed
493    37     16         0.1500     2.7500     1733.3333  % 
UB: 2.7499999999999996
branching on CartesianIndex(1, 7) with c.
494    38     17         0.1500     2.7500     1733.3333  % 
UB: 2.7499999999999996
branching on CartesianIndex(2, 7) with c.
495    39     18         0.1500     2.7500     1733.3333  % 
UB: 2.7499999999999996
branching on 1 with b.
496    40     19         0.1500     2.7500     1733.3333  % 
LB close or above UB, fathomed
497    39     19         0.1500     2.7500     1733.3333  % 
LB close or above UB, fathomed
498    38     18         0.1500     2.7500     1733.3333  % 
LB close or above UB, fathomed
499    37     17         0.1500     2.7500     1733.3333  % 
LB close or above UB, fathomed
500    36     15         0.1500     2.7500     1733.3333  % 
LB close or above UB, fathomed
501    35     13         0.1500     2.7500     1733.3333  % 
UB: 2.7499999999999996
branching on CartesianIndex(1, 6) with c.
502    36     14         0.1500     2.7500     1733.3333  % 
UB: 2.7499999999999996
branching on 1 with b.
503    37     15         0.1500     2.7500     1733.3333  % 
LB close or above UB, fathomed
504    36     15         0.1500     2.7500     1733.3333  % 
LB close or above UB, fathomed
505    35     14         0.1500     2.7500     1733.3333  % 
LB close or above UB, fathomed
506    34     11         0.1500     2.7500     1733.3333  % 
UB: 2.7499999999999996
branching on CartesianIndex(2, 4) with c.
507    35     12         0.1500     2.7500     1733.3333  % 
UB: 2.7499999999999996
branching on CartesianIndex(1, 5) with c.
508    36     13         0.1500     2.7500     1733.3333  % 
LB close or above UB, fathomed
509    35     13         0.1500     2.7500     1733.3333  % 
UB: 2.7499999999999996
branching on CartesianIndex(1, 6) with c.
510    36     14         0.1500     2.7500     1733.3333  % 
UB: 2.7499999999999996
branching on CartesianIndex(2, 6) with c.
511    37     15         0.1500     2.7500     1733.3333  % 
UB: 2.7499999999999996
branching on 3 with b.
512    38     16         0.1500     2.7500     1733.3333  % 
LB close or above UB, fathomed
513    37     16         0.1500     2.7500     1733.3333  % 
LB close or above UB, fathomed
514    36     15         0.1500     2.7500     1733.3333  % 
LB close or above UB, fathomed
515    35     14         0.1500     2.7500     1733.3333  % 
LB close or above UB, fathomed
516    34     12         0.1500     2.7500     1733.3333  % 
UB: 2.7499999999999996
branching on CartesianIndex(1, 5) with c.
517    35     13         0.1500     2.7500     1733.3333  % 
LB close or above UB, fathomed
518    34     13         0.1500     2.7500     1733.3333  % 
UB: 2.7499999999999996
branching on CartesianIndex(1, 6) with c.
519    35     14         0.1500     2.7500     1733.3333  % 
UB: 2.7499999999999996
branching on CartesianIndex(2, 6) with c.
520    36     15         0.1500     2.7500     1733.3333  % 
UB: 2.7499999999999996
branching on 3 with b.
521    37     16         0.1500     2.7500     1733.3333  % 
LB close or above UB, fathomed
522    36     16         0.1500     2.7500     1733.3333  % 
LB close or above UB, fathomed
523    35     15         0.1500     2.7500     1733.3333  % 
LB close or above UB, fathomed
524    34     14         0.1500     2.7500     1733.3333  % 
LB close or above UB, fathomed
525    33     11         0.1500     2.7500     1733.3333  % 
LB close or above UB, fathomed
526    32     9          2.7000     2.7500     1.8519     % 
UB: 2.7499999999999996
branching on CartesianIndex(1, 2) with a.
527    33     10         2.7000     2.7500     1.8519     % 
UB: 2.7499999999999996
branching on 2 with b.
528    34     10         2.7000     2.7500     1.8519     % 
UB: 2.7499999999999996
branching on CartesianIndex(1, 4) with c.
529    35     11         2.7000     2.7500     1.8519     % 
LB close or above UB, fathomed
530    34     11         2.7000     2.7500     1.8519     % 
UB: 2.7499999999999996
branching on CartesianIndex(1, 5) with c.
531    35     11         2.7000     2.7500     1.8519     % 
UB: 2.7499999999999996
branching on CartesianIndex(1, 4) with c.
532    36     12         2.7000     2.7500     1.8519     % 
LB close or above UB, fathomed
533    35     12         2.7000     2.7500     1.8519     % 
UB: 2.7499999999999996
branching on 1 with b.
534    36     13         2.7000     2.7500     1.8519     % 
UB: 2.7499999999999996
branching on CartesianIndex(1, 5) with c.
535    37     14         2.7000     2.7500     1.8519     % 
UB: 2.7499999999999996
branching on CartesianIndex(2, 5) with c.
536    38     15         2.7000     2.7500     1.8519     % 
LB close or above UB, fathomed
537    37     15         2.7000     2.7500     1.8519     % 
UB: 2.7499999999999996
branching on CartesianIndex(1, 7) with c.
538    38     16         2.7000     2.7500     1.8519     % 
UB: 2.7499999999999996
branching on CartesianIndex(2, 7) with c.
539    39     17         2.7000     2.7500     1.8519     % 
UB: 2.7499999999999996
branching on 2 with b.
540    39     17         2.7000     2.7500     1.8519     % 
LB close or above UB, fathomed
541    38     16         2.7000     2.7500     1.8519     % 
LB close or above UB, fathomed
542    37     14         2.7000     2.7500     1.8519     % 
LB close or above UB, fathomed
543    36     13         2.7000     2.7500     1.8519     % 
LB close or above UB, fathomed
544    35     11         2.7000     2.7500     1.8519     % 
LB close or above UB, fathomed
545    34     6          2.7000     2.7500     1.8519     % 
LB close or above UB, fathomed
546    33     6          2.7000     2.7500     1.8519     % 
LB close or above UB, fathomed
547    32     18         2.7000     2.7500     1.8519     % 
UB: 2.7499999999999996
branching on 1 with b.
548    32     19         2.7000     2.7500     1.8519     % 
LB close or above UB, fathomed
549    31     12         2.7000     2.7500     1.8519     % 
UB: 2.7499999999999996
branching on CartesianIndex(2, 5) with c.
550    32     13         2.7000     2.7500     1.8519     % 
LB close or above UB, fathomed
551    31     13         2.7000     2.7500     1.8519     % 
UB: 2.7499999999999996
branching on CartesianIndex(1, 7) with c.
552    32     14         2.7000     2.7500     1.8519     % 
UB: 2.7499999999999996
branching on CartesianIndex(2, 7) with c.
553    33     15         2.7000     2.7500     1.8519     % 
UB: 2.7499999999999996
branching on 2 with b.
554    34     16         2.7000     2.7500     1.8519     % 
UB: 2.7499999999999996
branching on 1 with b.
555    35     17         2.7000     2.7500     1.8519     % 
LB close or above UB, fathomed
556    34     17         2.7000     2.7500     1.8519     % 
LB close or above UB, fathomed
557    33     16         2.7000     2.7500     1.8519     % 
LB close or above UB, fathomed
558    32     15         2.7000     2.7500     1.8519     % 
LB close or above UB, fathomed
559    31     14         2.7000     2.7500     1.8519     % 
LB close or above UB, fathomed
560    30     12         2.7000     2.7500     1.8519     % 
LB close or above UB, fathomed
561    29     8          2.7000     2.7500     1.8519     % 
UB: 2.7499999999999996
branching on 2 with b.
562    30     9          2.7000     2.7500     1.8519     % 
UB: 2.7499999999999996
branching on CartesianIndex(1, 4) with c.
563    31     10         2.7000     2.7500     1.8519     % 
LB close or above UB, fathomed
564    30     10         2.7000     2.7500     1.8519     % 
UB: 2.7499999999999996
branching on CartesianIndex(1, 5) with c.
565    31     11         2.7000     2.7500     1.8519     % 
UB: 2.7499999999999996
branching on 1 with b.
566    31     12         2.7000     2.7500     1.8519     % 
UB: 2.7499999999999996
branching on CartesianIndex(2, 5) with c.
567    32     13         2.7000     2.7500     1.8519     % 
LB close or above UB, fathomed
568    31     13         2.7000     2.7500     1.8519     % 
UB: 2.7499999999999996
branching on 2 with b.
569    32     14         2.7000     2.7500     1.8519     % 
LB close or above UB, fathomed
570    31     14         2.7000     2.7500     1.8519     % 
UB: 2.7499999999999996
branching on CartesianIndex(1, 7) with c.
571    32     15         2.7000     2.7500     1.8519     % 
UB: 2.7499999999999996
branching on CartesianIndex(2, 7) with c.
572    33     16         2.7000     2.7500     1.8519     % 
UB: 2.7499999999999996
branching on 1 with b.
573    34     17         2.7000     2.7500     1.8519     % 
UB: 2.7499999999999996
branching on 2 with b.
574    35     18         2.7000     2.7500     1.8519     % 
LB close or above UB, fathomed
575    34     18         2.7000     2.7500     1.8519     % 
UB: 2.7499999999999996
branching on 1 with b.
576    34     19         2.7000     2.7500     1.8519     % 
UB: 2.7499999999999996
branching on 2 with b.
577    35     20         2.7000     2.7500     1.8519     % 
LB close or above UB, fathomed
578    34     20         2.7000     2.7500     1.8519     % 
LB close or above UB, fathomed
579    33     17         2.7000     2.7500     1.8519     % 
LB close or above UB, fathomed
580    32     16         2.7000     2.7500     1.8519     % 
LB close or above UB, fathomed
581    31     15         2.7000     2.7500     1.8519     % 
LB close or above UB, fathomed
582    30     11         2.7000     2.7500     1.8519     % 
LB close or above UB, fathomed
583    29     9          2.7000     2.7500     1.8519     % 
LB close or above UB, fathomed
584    28     8          2.7000     2.7500     1.8519     % 
UB: 2.7499999999999996
branching on 2 with b.
585    29     9          2.7000     2.7500     1.8519     % 
LB close or above UB, fathomed
586    28     9          2.7000     2.7500     1.8519     % 
LB close or above UB, fathomed
587    27     10         2.7000     2.7500     1.8519     % 
LB close or above UB, fathomed
588    26     10         2.7000     2.7500     1.8519     % 
UB: 2.7499999999999996
branching on CartesianIndex(1, 5) with c.
589    27     11         2.7000     2.7500     1.8519     % 
UB: 2.7499999999999996
branching on 1 with b.
590    27     12         2.7000     2.7500     1.8519     % 
UB: 2.7499999999999996
branching on 2 with b.
591    28     13         2.7000     2.7500     1.8519     % 
UB: 2.7499999999999996
branching on CartesianIndex(2, 5) with c.
592    29     14         2.7000     2.7500     1.8519     % 
LB close or above UB, fathomed
593    28     14         2.7000     2.7500     1.8519     % 
UB: 2.7499999999999996
branching on CartesianIndex(1, 7) with c.
594    29     15         2.7000     2.7500     1.8519     % 
UB: 2.7499999999999996
branching on CartesianIndex(2, 7) with c.
595    30     16         2.7000     2.7500     1.8519     % 
UB: 2.7499999999999996
branching on 1 with b.
596    31     17         2.7000     2.7500     1.8519     % 
LB close or above UB, fathomed
597    30     17         2.7000     2.7500     1.8519     % 
LB close or above UB, fathomed
598    29     16         2.7000     2.7500     1.8519     % 
LB close or above UB, fathomed
599    28     15         2.7000     2.7500     1.8519     % 
LB close or above UB, fathomed
600    27     13         2.7000     2.7500     1.8519     % 
UB: 2.7499999999999996
branching on CartesianIndex(2, 5) with c.
601    28     14         2.7000     2.7500     1.8519     % 
LB close or above UB, fathomed
602    27     14         2.7000     2.7500     1.8519     % 
UB: 2.7499999999999996
branching on CartesianIndex(1, 7) with c.
603    28     15         2.7000     2.7500     1.8519     % 
UB: 2.7499999999999996
branching on CartesianIndex(2, 7) with c.
604    29     16         2.7000     2.7500     1.8519     % 
UB: 2.7499999999999996
branching on 1 with b.
605    30     17         2.7000     2.7500     1.8519     % 
LB close or above UB, fathomed
606    29     17         2.7000     2.7500     1.8519     % 
LB close or above UB, fathomed
607    28     16         2.7000     2.7500     1.8519     % 
LB close or above UB, fathomed
608    27     15         2.7000     2.7500     1.8519     % 
LB close or above UB, fathomed
609    26     11         2.7000     2.7500     1.8519     % 
LB close or above UB, fathomed
610    25     18         2.7000     2.7500     1.8519     % 
LB close or above UB, fathomed
611    24     18         2.7000     2.7500     1.8519     % 
UB: 2.7499999999999996
branching on 1 with b.
612    24     19         2.7000     2.7500     1.8519     % 
UB: 2.7499999999999996
branching on 2 with b.
613    25     20         2.7000     2.7500     1.8519     % 
LB close or above UB, fathomed
614    24     20         2.7000     2.7500     1.8519     % 
LB close or above UB, fathomed
615    23     18         2.7000     2.7500     1.8519     % 
LB close or above UB, fathomed
616    22     18         2.7000     2.7500     1.8519     % 
UB: 2.7499999999999996
branching on 1 with b.
617    22     19         2.7000     2.7500     1.8519     % 
LB close or above UB, fathomed
618    21     17         2.7000     2.7500     1.8519     % 
LB close or above UB, fathomed
619    20     17         2.7000     2.7500     1.8519     % 
LB close or above UB, fathomed
620    19     14         2.7000     2.7500     1.8519     % 
UB: 2.7499999999999996
branching on 3 with b.
621    20     15         2.7000     2.7500     1.8519     % 
UB: 2.7499999999999996
branching on CartesianIndex(2, 7) with c.
622    21     16         2.7000     2.7500     1.8519     % 
UB: 2.7499999999999996
branching on 1 with b.
623    22     17         2.7000     2.7500     1.8519     % 
LB close or above UB, fathomed
624    21     17         2.7000     2.7500     1.8519     % 
LB close or above UB, fathomed
625    20     16         2.7000     2.7500     1.8519     % 
LB close or above UB, fathomed
626    19     15         2.7000     2.7500     1.8519     % 
LB close or above UB, fathomed
627    18     14         2.7000     2.7500     1.8519     % 
LB close or above UB, fathomed
628    17     14         2.7000     2.7500     1.8519     % 
UB: 2.7499999999999996
branching on CartesianIndex(1, 7) with c.
629    18     15         2.7000     2.7500     1.8519     % 
UB: 2.7499999999999996
branching on CartesianIndex(2, 7) with c.
630    19     16         2.7000     2.7500     1.8519     % 
UB: 2.7499999999999996
branching on 1 with b.
631    19     17         2.7000     2.7500     1.8519     % 
UB: 2.7499999999999996
branching on 3 with b.
632    19     18         2.7000     2.7500     1.8519     % 
UB: 2.7499999999999996
branching on 1 with b.
633    19     19         2.7000     2.7500     1.8519     % 
UB: 2.7499999999999996
branching on 3 with b.
634    20     20         2.7000     2.7500     1.8519     % 
LB close or above UB, fathomed
635    19     20         2.7000     2.7500     1.8519     % 
LB close or above UB, fathomed
636    18     16         2.7000     2.7500     1.8519     % 
LB close or above UB, fathomed
637    17     15         2.7000     2.7500     1.8519     % 
LB close or above UB, fathomed
638    16     14         2.7000     2.7500     1.8519     % 
LB close or above UB, fathomed
639    15     9          2.7000     2.7500     1.8519     % 
LB close or above UB, fathomed
640    14     9          2.7000     2.7500     1.8519     % 
UB: 2.7499999999999996
branching on CartesianIndex(1, 6) with c.
641    15     10         2.7000     2.7500     1.8519     % 
UB: 2.7499999999999996
branching on CartesianIndex(2, 6) with c.
642    16     11         2.7000     2.7500     1.8519     % 
LB close or above UB, fathomed
643    15     11         2.7000     2.7500     1.8519     % 
UB: 2.7499999999999996
branching on CartesianIndex(1, 7) with c.
644    16     12         2.7000     2.7500     1.8519     % 
UB: 2.7499999999999996
branching on CartesianIndex(2, 7) with c.
645    17     13         2.7000     2.7500     1.8519     % 
UB: 2.7499999999999996
branching on 3 with b.
646    18     14         2.7000     2.7500     1.8519     % 
LB close or above UB, fathomed
647    17     14         2.7000     2.7500     1.8519     % 
UB: 2.7499999999999996
branching on 1 with b.
648    17     15         2.7000     2.7500     1.8519     % 
UB: 2.7499999999999996
branching on 3 with b.
649    18     16         2.7000     2.7500     1.8519     % 
UB: 2.7499999999999996
branching on 1 with b.
650    19     17         2.7000     2.7500     1.8519     % 
LB close or above UB, fathomed
651    18     17         2.7000     2.7500     1.8519     % 
UB: 2.7499999999999996
branching on 3 with b.
652    18     18         2.7000     2.7500     1.8519     % 
UB: 2.7499999999999996
branching on 1 with b.
653    18     19         2.7000     2.7500     1.8519     % 
UB: 2.7499999999999996
branching on 3 with b.
654    19     20         2.7000     2.7500     1.8519     % 
LB close or above UB, fathomed
655    18     20         2.7000     2.7500     1.8519     % 
LB close or above UB, fathomed
656    17     16         2.7000     2.7500     1.8519     % 
LB close or above UB, fathomed
657    16     13         2.7000     2.7500     1.8519     % 
LB close or above UB, fathomed
658    15     12         2.7000     2.7500     1.8519     % 
LB close or above UB, fathomed
659    14     10         2.7000     2.7500     1.8519     % 
LB close or above UB, fathomed
660    13     6          2.7000     2.7500     1.8519     % 
UB: 2.7499999999999996
branching on 1 with b.
661    14     7          2.7000     2.7500     1.8519     % 
UB: 2.7499999999999996
branching on 1 with b.
662    15     8          2.7000     2.7500     1.8519     % 
UB: 2.7499999999999996
branching on 3 with b.
663    16     9          2.7000     2.7500     1.8519     % 
LB close or above UB, fathomed
664    15     9          2.7000     2.7500     1.8519     % 
LB close or above UB, fathomed
665    14     8          2.7000     2.7500     1.8519     % 
UB: 2.7499999999999996
branching on CartesianIndex(1, 5) with c.
666    15     9          2.7000     2.7500     1.8519     % 
LB close or above UB, fathomed
667    14     9          2.7000     2.7500     1.8519     % 
UB: 2.7499999999999996
branching on 3 with b.
668    15     10         2.7000     2.7500     1.8519     % 
LB close or above UB, fathomed
669    14     10         2.7000     2.7500     1.8519     % 
LB close or above UB, fathomed
670    13     7          2.7000     2.7500     1.8519     % 
UB: 2.7499999999999996
branching on CartesianIndex(1, 5) with c.
671    14     8          2.7000     2.7500     1.8519     % 
LB close or above UB, fathomed
672    13     8          2.7000     2.7500     1.8519     % 
UB: 2.7499999999999996
branching on CartesianIndex(1, 6) with c.
673    14     9          2.7000     2.7500     1.8519     % 
UB: 2.7499999999999996
branching on CartesianIndex(2, 6) with c.
674    15     10         2.7000     2.7500     1.8519     % 
UB: 2.7499999999999996
branching on 1 with b.
675    16     11         2.7000     2.7500     1.8519     % 
UB: 2.7499999999999996
branching on CartesianIndex(1, 7) with c.
676    17     12         2.7000     2.7500     1.8519     % 
UB: 2.7499999999999996
branching on CartesianIndex(2, 7) with c.
677    18     13         2.7000     2.7500     1.8519     % 
LB close or above UB, fathomed
678    17     13         2.7000     2.7500     1.8519     % 
UB: 2.7499999999999996
branching on 3 with b.
679    18     14         2.7000     2.7500     1.8519     % 
LB close or above UB, fathomed
680    17     14         2.7000     2.7500     1.8519     % 
LB close or above UB, fathomed
681    16     12         2.7000     2.7500     1.8519     % 
LB close or above UB, fathomed
682    15     11         2.7000     2.7500     1.8519     % 
LB close or above UB, fathomed
683    14     10         2.7000     2.7500     1.8519     % 
LB close or above UB, fathomed
684    13     9          2.7000     2.7500     1.8519     % 
LB close or above UB, fathomed
685    12     6          2.7000     2.7500     1.8519     % 
UB: 2.7499999999999996
branching on 1 with b.
686    13     7          2.7000     2.7500     1.8519     % 
UB: 2.7499999999999996
branching on 1 with b.
687    14     8          2.7000     2.7500     1.8519     % 
UB: 2.7499999999999996
branching on 3 with b.
688    15     9          2.7000     2.7500     1.8519     % 
LB close or above UB, fathomed
689    14     9          2.7000     2.7500     1.8519     % 
UB: 2.7499999999999996
branching on 1 with b.
690    14     10         2.7000     2.7500     1.8519     % 
UB: 2.7499999999999996
branching on CartesianIndex(1, 5) with c.
691    15     11         2.7000     2.7500     1.8519     % 
LB close or above UB, fathomed
692    14     11         2.7000     2.7500     1.8519     % 
UB: 2.7499999999999996
branching on CartesianIndex(1, 6) with c.
693    15     12         2.7000     2.7500     1.8519     % 
UB: 2.7499999999999996
branching on CartesianIndex(2, 6) with c.
694    16     13         2.7000     2.7500     1.8519     % 
LB close or above UB, fathomed
695    15     13         2.7000     2.7500     1.8519     % 
UB: 2.7499999999999996
branching on CartesianIndex(1, 7) with c.
696    16     14         2.7000     2.7500     1.8519     % 
UB: 2.7499999999999996
branching on CartesianIndex(2, 7) with c.
697    17     15         2.7000     2.7500     1.8519     % 
UB: 2.7499999999999996
branching on 3 with b.
698    18     16         2.7000     2.7500     1.8519     % 
UB: 2.7499999999999996
branching on 1 with b.
699    18     17         2.7000     2.7500     1.8519     % 
UB: 2.7499999999999996
branching on 3 with b.
700    18     18         2.7000     2.7500     1.8519     % 
UB: 2.7499999999999996
branching on 1 with b.
701    19     19         2.7000     2.7500     1.8519     % 
LB close or above UB, fathomed
702    18     19         2.7000     2.7500     1.8519     % 
UB: 2.7499999999999996
branching on 3 with b.
703    19     20         2.7000     2.7500     1.8519     % 
LB close or above UB, fathomed
704    18     20         2.7000     2.7500     1.8519     % 
LB close or above UB, fathomed
705    17     16         2.7000     2.7500     1.8519     % 
LB close or above UB, fathomed
706    16     15         2.7000     2.7500     1.8519     % 
LB close or above UB, fathomed
707    15     14         2.7000     2.7500     1.8519     % 
LB close or above UB, fathomed
708    14     12         2.7000     2.7500     1.8519     % 
LB close or above UB, fathomed
709    13     8          2.7000     2.7500     1.8519     % 
UB: 2.7499999999999996
branching on CartesianIndex(1, 5) with c.
710    14     9          2.7000     2.7500     1.8519     % 
LB close or above UB, fathomed
711    13     9          2.7000     2.7500     1.8519     % 
UB: 2.7499999999999996
branching on CartesianIndex(1, 6) with c.
712    14     10         2.7000     2.7500     1.8519     % 
UB: 2.7499999999999996
branching on 3 with b.
713    15     11         2.7000     2.7500     1.8519     % 
LB close or above UB, fathomed
714    14     11         2.7000     2.7500     1.8519     % 
UB: 2.7499999999999996
branching on CartesianIndex(2, 6) with c.
715    15     12         2.7000     2.7500     1.8519     % 
LB close or above UB, fathomed
716    14     12         2.7000     2.7500     1.8519     % 
UB: 2.7499999999999996
branching on CartesianIndex(1, 7) with c.
717    15     13         2.7000     2.7500     1.8519     % 
UB: 2.7499999999999996
branching on CartesianIndex(2, 7) with c.
718    16     14         2.7000     2.7500     1.8519     % 
UB: 2.7499999999999996
branching on 1 with b.
719    16     15         2.7000     2.7500     1.8519     % 
UB: 2.7499999999999996
branching on 3 with b.
720    17     16         2.7000     2.7500     1.8519     % 
UB: 2.7499999999999996
branching on 1 with b.
721    17     17         2.7000     2.7500     1.8519     % 
UB: 2.7499999999999996
branching on 3 with b.
722    17     18         2.7000     2.7500     1.8519     % 
UB: 2.7499999999999996
branching on 1 with b.
723    17     19         2.7000     2.7500     1.8519     % 
UB: 2.7499999999999996
branching on 3 with b.
724    18     20         2.7000     2.7500     1.8519     % 
LB close or above UB, fathomed
725    17     20         2.7000     2.7500     1.8519     % 
LB close or above UB, fathomed
726    16     16         2.7000     2.7500     1.8519     % 
LB close or above UB, fathomed
727    15     14         2.7000     2.7500     1.8519     % 
LB close or above UB, fathomed
728    14     13         2.7000     2.7500     1.8519     % 
LB close or above UB, fathomed
729    13     10         2.7000     2.7500     1.8519     % 
LB close or above UB, fathomed
730    12     7          2.7000     2.7500     1.8519     % 
UB: 2.7499999999999996
branching on 1 with b.
731    13     8          2.7000     2.7500     1.8519     % 
UB: 2.7499999999999996
branching on CartesianIndex(1, 5) with c.
732    14     9          2.7000     2.7500     1.8519     % 
LB close or above UB, fathomed
733    13     9          2.7000     2.7500     1.8519     % 
UB: 2.7499999999999996
branching on 3 with b.
734    14     10         2.7000     2.7500     1.8519     % 
LB close or above UB, fathomed
735    13     10         2.7000     2.7500     1.8519     % 
UB: 2.7499999999999996
branching on CartesianIndex(1, 6) with c.
736    14     11         2.7000     2.7500     1.8519     % 
UB: 2.7499999999999996
branching on 1 with b.
737    14     12         2.7000     2.7500     1.8519     % 
UB: 2.7499999999999996
branching on CartesianIndex(2, 6) with c.
738    15     13         2.7000     2.7500     1.8519     % 
LB close or above UB, fathomed
739    14     13         2.7000     2.7500     1.8519     % 
UB: 2.7499999999999996
branching on CartesianIndex(1, 7) with c.
740    15     14         2.7000     2.7500     1.8519     % 
UB: 2.7499999999999996
branching on CartesianIndex(2, 7) with c.
741    16     15         2.7000     2.7500     1.8519     % 
UB: 2.7499999999999996
branching on 3 with b.
742    17     16         2.7000     2.7500     1.8519     % 
UB: 2.7499999999999996
branching on 1 with b.
743    18     17         2.7000     2.7500     1.8519     % 
UB: 2.7499999999999996
branching on 3 with b.
744    18     18         2.7000     2.7500     1.8519     % 
UB: 2.7499999999999996
branching on 1 with b.
745    18     19         2.7000     2.7500     1.8519     % 
UB: 2.7499999999999996
branching on 3 with b.
746    19     20         2.7000     2.7500     1.8519     % 
LB close or above UB, fathomed
747    18     20         2.7000     2.7500     1.8519     % 
LB close or above UB, fathomed
748    17     17         2.7000     2.7500     1.8519     % 
LB close or above UB, fathomed
749    16     16         2.7000     2.7500     1.8519     % 
LB close or above UB, fathomed
750    15     15         2.7000     2.7500     1.8519     % 
LB close or above UB, fathomed
751    14     14         2.7000     2.7500     1.8519     % 
LB close or above UB, fathomed
752    13     11         2.7000     2.7500     1.8519     % 
LB close or above UB, fathomed
753    12     8          2.7000     2.7500     1.8519     % 
LB close or above UB, fathomed
754    11     12         2.7000     2.7500     1.8519     % 
UB: 2.7499999999999996
branching on CartesianIndex(1, 7) with c.
755    12     13         2.7000     2.7500     1.8519     % 
UB: 2.7499999999999996
branching on 1 with b.
756    13     14         2.7000     2.7500     1.8519     % 
LB close or above UB, fathomed
757    12     14         2.7000     2.7500     1.8519     % 
LB close or above UB, fathomed
758    11     13         2.7000     2.7500     1.8519     % 
LB close or above UB, fathomed
759    10     12         2.7000     2.7500     1.8519     % 
UB: 2.7499999999999996
branching on CartesianIndex(1, 7) with c.
760    11     13         2.7000     2.7500     1.8519     % 
UB: 2.7499999999999996
branching on CartesianIndex(2, 7) with c.
761    12     14         2.7000     2.7500     1.8519     % 
UB: 2.7499999999999996
branching on 1 with b.
762    13     15         2.7000     2.7500     1.8519     % 
LB close or above UB, fathomed
763    12     15         2.7000     2.7500     1.8519     % 
UB: 2.7499999999999996
branching on 3 with b.
764    13     16         2.7000     2.7500     1.8519     % 
UB: 2.7499999999999996
branching on 1 with b.
765    14     17         2.7000     2.7500     1.8519     % 
LB close or above UB, fathomed
766    13     17         2.7000     2.7500     1.8519     % 
LB close or above UB, fathomed
767    12     16         2.7000     2.7500     1.8519     % 
LB close or above UB, fathomed
768    11     14         2.7000     2.7500     1.8519     % 
LB close or above UB, fathomed
769    10     13         2.7000     2.7500     1.8519     % 
LB close or above UB, fathomed
770    9      9          2.7000     2.7500     1.8519     % 
LB close or above UB, fathomed
771    8      9          2.7000     2.7500     1.8519     % 
UB: 2.7499999999999996
branching on CartesianIndex(1, 6) with c.
772    9      10         2.7000     2.7500     1.8519     % 
UB: 2.7499999999999996
branching on CartesianIndex(2, 6) with c.
773    10     11         2.7000     2.7500     1.8519     % 
UB: 2.7499999999999996
branching on CartesianIndex(1, 7) with c.
774    11     12         2.7000     2.7500     1.8519     % 
UB: 2.7499999999999996
branching on 3 with b.
775    12     13         2.7000     2.7500     1.8519     % 
LB close or above UB, fathomed
776    11     13         2.7000     2.7500     1.8519     % 
LB close or above UB, fathomed
777    10     12         2.7000     2.7500     1.8519     % 
LB close or above UB, fathomed
778    9      11         2.7000     2.7500     1.8519     % 
LB close or above UB, fathomed
779    8      10         2.7000     2.7500     1.8519     % 
LB close or above UB, fathomed
780    7      7          2.7000     2.7500     1.8519     % 
UB: 2.7499999999999996
branching on 1 with b.
781    8      8          2.7000     2.7500     1.8519     % 
UB: 2.7499999999999996
branching on 2 with b.
782    9      9          2.7000     2.7500     1.8519     % 
UB: 2.7499999999999996
branching on CartesianIndex(1, 4) with c.
783    10     10         2.7000     2.7500     1.8519     % 
LB close or above UB, fathomed
784    9      10         2.7000     2.7500     1.8519     % 
UB: 2.7499999999999996
branching on CartesianIndex(1, 5) with c.
785    10     11         2.7000     2.7500     1.8519     % 
UB: 2.7499999999999996
branching on CartesianIndex(2, 5) with c.
786    11     12         2.7000     2.7500     1.8519     % 
LB close or above UB, fathomed
787    10     12         2.7000     2.7500     1.8519     % 
UB: 2.7499999999999996
branching on 1 with b.
788    10     13         2.7000     2.7500     1.8519     % 
UB: 2.7499999999999996
branching on CartesianIndex(1, 7) with c.
789    11     14         2.7000     2.7500     1.8519     % 
UB: 2.7499999999999996
branching on CartesianIndex(2, 7) with c.
790    12     15         2.7000     2.7500     1.8519     % 
UB: 2.7499999999999996
branching on 2 with b.
791    13     16         2.7000     2.7500     1.8519     % 
LB close or above UB, fathomed
792    12     16         2.7000     2.7500     1.8519     % 
UB: 2.7499999999999996
branching on 1 with b.
793    12     17         2.7000     2.7500     1.8519     % 
UB: 2.7499999999999996
branching on 2 with b.
794    13     18         2.7000     2.7500     1.8519     % 
LB close or above UB, fathomed
795    12     18         2.7000     2.7500     1.8519     % 
UB: 2.7499999999999996
branching on 1 with b.
796    12     19         2.7000     2.7500     1.8519     % 
UB: 2.7499999999999996
branching on 2 with b.
797    13     20         2.7000     2.7500     1.8519     % 
LB close or above UB, fathomed
798    12     20         2.7000     2.7500     1.8519     % 
LB close or above UB, fathomed
799    11     15         2.7000     2.7500     1.8519     % 
LB close or above UB, fathomed
800    10     14         2.7000     2.7500     1.8519     % 
LB close or above UB, fathomed
801    9      11         2.7000     2.7500     1.8519     % 
LB close or above UB, fathomed
802    8      9          2.7000     2.7500     1.8519     % 
LB close or above UB, fathomed
803    7      8          2.7000     2.7500     1.8519     % 
LB close or above UB, fathomed
804    6      7          2.7000     2.7500     1.8519     % 
UB: 2.7499999999999996
branching on 1 with b.
805    7      8          2.7000     2.7500     1.8519     % 
UB: 2.7499999999999996
branching on 2 with b.
806    8      9          2.7000     2.7500     1.8519     % 
LB close or above UB, fathomed
807    7      9          2.7000     2.7500     1.8519     % 
LB close or above UB, fathomed
808    6      8          2.7000     2.7500     1.8519     % 
LB close or above UB, fathomed
809    5      18         2.7167     2.7500     1.2270     % 
UB: 2.7499999999999996
branching on CartesianIndex(2, 7) with c.
810    6      19         2.7167     2.7500     1.2270     % 
LB close or above UB, fathomed
811    5      19         2.7167     2.7500     1.2270     % 
LB close or above UB, fathomed
812    4      18         2.7167     2.7500     1.2270     % 
LB close or above UB, fathomed
813    3      19         2.7167     2.7500     1.2270     % 
LB close or above UB, fathomed
814    2      19         2.7167     2.7500     1.2270     % 
LB close or above UB, fathomed
815    1      14         2.7167     2.7500     1.2270     % 
UB: 2.7499999999999996
branching on CartesianIndex(1, 5) with c.
816    2      15         2.7167     2.7500     1.2270     % 
UB: 2.7499999999999996
branching on CartesianIndex(2, 5) with c.
817    3      16         2.7167     2.7500     1.2270     % 
UB: 2.7499999999999996
branching on 3 with b.
818    4      17         2.7167     2.7500     1.2270     % 
UB: 2.7499999999999996
branching on CartesianIndex(1, 6) with c.
819    5      18         2.7167     2.7500     1.2270     % 
LB close or above UB, fathomed
820    4      18         2.7167     2.7500     1.2270     % 
LB close or above UB, fathomed
821    3      17         2.7167     2.7500     1.2270     % 
LB close or above UB, fathomed
822    2      16         2.7167     2.7500     1.2270     % 
UB: 2.7499999999999996
branching on 3 with b.
823    3      17         2.7167     2.7500     1.2270     % 
UB: 2.7499999999999996
branching on CartesianIndex(1, 6) with c.
824    4      18         2.7167     2.7500     1.2270     % 
LB close or above UB, fathomed
825    3      18         2.7167     2.7500     1.2270     % 
LB close or above UB, fathomed
826    2      17         2.7167     2.7500     1.2270     % 
LB close or above UB, fathomed
827    1      15         2.7167     2.7500     1.2270     % 
UB: 2.7499999999999996
branching on CartesianIndex(1, 6) with c.
828    2      16         2.7167     2.7500     1.2270     % 
LB close or above UB, fathomed
829    1      16         2.7167     2.7500     1.2270     % 
LB close or above UB, fathomed
830    0      14         2.7167     2.7500     1.2270     % 
UB: 2.7499999999999996
branching on CartesianIndex(1, 5) with c.
831    1      15         2.7167     2.7500     1.2270     % 
UB: 2.7499999999999996
branching on CartesianIndex(2, 5) with c.
832    2      16         2.7167     2.7500     1.2270     % 
UB: 2.7499999999999996
branching on CartesianIndex(1, 6) with c.
833    3      17         2.7167     2.7500     1.2270     % 
LB close or above UB, fathomed
834    2      17         2.7167     2.7500     1.2270     % 
LB close or above UB, fathomed
835    1      16         2.7167     2.7500     1.2270     % 
UB: 2.7499999999999996
branching on 3 with b.
836    2      17         2.7167     2.7500     1.2270     % 
UB: 2.7499999999999996
branching on CartesianIndex(1, 6) with c.
837    3      18         2.7167     2.7500     1.2270     % 
LB close or above UB, fathomed
838    2      18         2.7167     2.7500     1.2270     % 
LB close or above UB, fathomed
839    1      17         2.7167     2.7500     1.2270     % 
LB close or above UB, fathomed
840    0      15         2.7167     2.7500     1.2270     % 
UB: 2.7499999999999996
branching on CartesianIndex(1, 6) with c.
841    1      16         2.7167     2.7500     1.2270     % 
LB close or above UB, fathomed
842    0      16         2.7167     2.7500     1.2270     % 
LB close or above UB, fathomed
all node solved
solved nodes:  843
843                                                   2.7333e+00     2.7500e+00     0.6098  % 
2×3 Matrix{Float64}:
 1.0  0.0  1.0
 0.0  1.0  0.0
3-element Vector{Float64}:
 0.635745048010716
 0.5672755202402138
 0.7870786600470636
3×7 Matrix{Float64}:
 0.0  0.0  0.0  1.0  0.0  0.0  0.0
 0.0  0.0  0.0  0.0  1.0  1.0  0.0
 0.0  0.0  0.0  0.0  0.0  0.0  1.0
3-element Vector{Float64}:
 1.0
 1.0
 1.0
2×3 Matrix{Float64}:
 1.0  0.0  1.0
 0.0  1.0  0.0
3-element Vector{Float64}:
 0.6399089915263242
 0.44621857086707784
 0.6965325966506923
3×7 Matrix{Float64}:
 0.0  0.0  0.0  1.0  0.0  0.0  0.0
 0.0  0.0  0.0  0.0  1.0  1.0  0.0
 0.0  0.0  0.0  0.0  0.0  0.0  1.0
3-element Vector{Float64}:
 1.0
 1.0
 1.0
comparison (CRT and Glb)on prediction: Dict{Bool, Int64}(0 => 0, 1 => 4)
Dataname	 time	 objv	 lb	 gap	 train_w	 train_g	 test_w	 test_g
small_toy_507.small_toy	 58.96	 2.7499999999999996	 2.733	 0.0061	 88.889	 88.889	 50.0	 50.0
