Running 2 processes.
Start training small_toy_251.small_toy with seed 1.
Any[]
(2, 13)
(2, 6)
(2, 3)
(2, 4)
dimension: 2, class: 3
cart cost: 2.7500000000000004
size of X: (2, 9)
ngroups: 2
UB: 2.6999999999999997
Iter	left	lev	LB	UB	gap	
0      0      1          0.1000     2.7000     2600.0000  % 
UB: 2.6999999999999997
branching on 1 with d.
1      1      2          0.1000     2.7000     2600.0000  % 
LB close or above UB, fathomed
2      0      2          0.1000     2.7000     2600.0000  % 
UB: 2.6999999999999997
branching on 2 with d.
3      1      3          0.1000     2.7000     2600.0000  % 
UB: 2.6999999999999997
branching on 3 with d.
4      2      4          0.1000     2.7000     2600.0000  % 
LB close or above UB, fathomed
5      1      4          0.1000     2.7000     2600.0000  % 
UB: 2.6999999999999997
branching on CartesianIndex(1, 1) with a.
6      2      5          0.1000     2.7000     2600.0000  % 
UB: 2.6999999999999997
branching on CartesianIndex(1, 3) with a.
7      3      6          0.1000     2.7000     2600.0000  % 
LB close or above UB, fathomed
8      2      6          0.1000     2.7000     2600.0000  % 
UB: 2.6999999999999997
branching on CartesianIndex(1, 5) with c.
9      3      7          0.1000     2.7000     2600.0000  % 
LB close or above UB, fathomed
10     2      7          0.1000     2.7000     2600.0000  % 
LB close or above UB, fathomed
11     1      5          0.1000     2.7000     2600.0000  % 
LB close or above UB, fathomed
12     0      3          0.1000     2.7000     2600.0000  % 
UB: 2.6999999999999997
branching on 3 with d.
13     1      4          0.1000     2.7000     2600.0000  % 
UB: 2.6999999999999997
branching on 1 with b.
14     2      5          0.1000     2.7000     2600.0000  % 
LB close or above UB, fathomed
15     1      5          0.1000     2.7000     2600.0000  % 
UB: 2.6999999999999997
branching on 1 with b.
16     2      6          0.1000     2.7000     2600.0000  % 
UB: 2.6999999999999997
branching on CartesianIndex(1, 1) with a.
17     3      7          0.1000     2.7000     2600.0000  % 
LB close or above UB, fathomed
18     2      7          0.1000     2.7000     2600.0000  % 
UB: 2.6999999999999997
branching on 2 with b.
19     3      8          0.1000     2.7000     2600.0000  % 
UB: 2.6999999999999997
branching on CartesianIndex(1, 2) with a.
20     4      9          0.1000     2.7000     2600.0000  % 
UB: 2.6999999999999997
branching on CartesianIndex(1, 4) with c.
21     5      10         0.1000     2.7000     2600.0000  % 
LB close or above UB, fathomed
22     4      10         0.1000     2.7000     2600.0000  % 
LB close or above UB, fathomed
23     3      9          0.1000     2.7000     2600.0000  % 
LB close or above UB, fathomed
24     2      8          0.1000     2.7000     2600.0000  % 
UB: 2.6999999999999997
branching on 1 with b.
25     3      9          0.1000     2.7000     2600.0000  % 
LB close or above UB, fathomed
26     2      9          0.1000     2.7000     2600.0000  % 
LB close or above UB, fathomed
27     1      6          0.1000     2.7000     2600.0000  % 
LB close or above UB, fathomed
28     0      4          0.1000     2.7000     2600.0000  % 
UB: 2.6999999999999997
branching on 1 with b.
29     1      5          0.1500     2.7000     1700.0000  % 
UB: 2.6999999999999997
branching on CartesianIndex(1, 1) with a.
30     2      6          0.1500     2.7000     1700.0000  % 
UB: 2.6999999999999997
branching on 1 with b.
31     3      7          0.1500     2.7000     1700.0000  % 
LB close or above UB, fathomed
32     2      7          0.1500     2.7000     1700.0000  % 
UB: 2.6999999999999997
branching on CartesianIndex(1, 2) with a.
33     3      8          0.1500     2.7000     1700.0000  % 
UB: 2.6999999999999997
branching on CartesianIndex(1, 3) with a.
34     4      9          0.1500     2.7000     1700.0000  % 
UB: 2.6999999999999997
branching on CartesianIndex(1, 4) with c.
35     5      9          0.1500     2.7000     1700.0000  % 
UB: 2.6999999999999997
branching on 2 with b.
36     6      10         0.1500     2.7000     1700.0000  % 
UB: 2.6999999999999997
branching on 3 with b.
37     7      11         0.1500     2.7000     1700.0000  % 
LB close or above UB, fathomed
38     6      11         0.1500     2.7000     1700.0000  % 
UB: 2.6999999999999997
branching on CartesianIndex(1, 4) with c.
39     7      12         0.1500     2.7000     1700.0000  % 
UB: 2.6999999999999997
branching on 1 with b.
40     7      12         0.1500     2.7000     1700.0000  % 
UB: 2.6999999999999997
branching on CartesianIndex(1, 5) with c.
41     8      13         0.1500     2.7000     1700.0000  % 
UB: 2.6999999999999997
branching on CartesianIndex(2, 5) with c.
42     9      14         0.1500     2.7000     1700.0000  % 
LB close or above UB, fathomed
43     8      14         0.1500     2.7000     1700.0000  % 
UB: 2.6999999999999997
branching on CartesianIndex(1, 6) with c.
44     9      13         0.1500     2.7000     1700.0000  % 
LB close or above UB, fathomed
45     8      10         0.1500     2.7000     1700.0000  % 
UB: 2.6999999999999997
branching on 3 with b.
46     9      8          0.1500     2.7000     1700.0000  % 
UB: 2.6999999999999997
branching on 2 with b.
47     10     9          0.1500     2.7000     1700.0000  % 
UB: 2.6999999999999997
branching on 3 with b.
48     11     9          0.1500     2.7000     1700.0000  % 
UB: 2.6999999999999997
branching on CartesianIndex(1, 3) with a.
49     12     10         0.1500     2.7000     1700.0000  % 
UB: 2.6999999999999997
branching on CartesianIndex(1, 4) with c.
50     13     11         0.1500     2.7000     1700.0000  % 
LB close or above UB, fathomed
51     12     11         0.1500     2.7000     1700.0000  % 
UB: 2.6999999999999997
branching on 3 with b.
52     13     10         0.1500     2.7000     1700.0000  % 
UB: 2.6999999999999997
branching on CartesianIndex(1, 4) with c.
53     14     11         0.1500     2.7000     1700.0000  % 
LB close or above UB, fathomed
54     13     11         0.1500     2.7000     1700.0000  % 
UB: 2.6999999999999997
branching on CartesianIndex(1, 5) with c.
55     14     12         0.1500     2.7000     1700.0000  % 
UB: 2.6999999999999997
branching on 3 with b.
56     15     13         0.1500     2.7000     1700.0000  % 
LB close or above UB, fathomed
57     14     13         0.1500     2.7000     1700.0000  % 
UB: 2.6999999999999997
branching on CartesianIndex(2, 5) with c.
58     15     14         0.1500     2.7000     1700.0000  % 
LB close or above UB, fathomed
59     14     14         0.1500     2.7000     1700.0000  % 
UB: 2.6999999999999997
branching on CartesianIndex(1, 6) with c.
60     15     12         0.1500     2.7000     1700.0000  % 
LB close or above UB, fathomed
61     14     6          0.1500     2.7000     1700.0000  % 
LB close or above UB, fathomed
62     13     5          0.1500     2.7000     1700.0000  % 
UB: 2.6999999999999997
branching on 1 with b.
63     14     6          0.1500     2.7000     1700.0000  % 
UB: 2.6999999999999997
branching on 2 with b.
64     15     7          0.1500     2.7000     1700.0000  % 
UB: 2.6999999999999997
branching on CartesianIndex(1, 1) with a.
65     16     8          0.1500     2.7000     1700.0000  % 
LB close or above UB, fathomed
66     15     8          0.1500     2.7000     1700.0000  % 
UB: 2.6999999999999997
branching on 3 with b.
67     16     9          0.1500     2.7000     1700.0000  % 
UB: 2.6999999999999997
branching on CartesianIndex(1, 2) with a.
68     17     10         0.1500     2.7000     1700.0000  % 
UB: 2.6999999999999997
branching on 1 with b.
69     18     10         0.1500     2.7000     1700.0000  % 
LB close or above UB, fathomed
70     17     9          0.1500     2.7000     1700.0000  % 
UB: 2.6999999999999997
branching on CartesianIndex(1, 2) with a.
71     18     10         0.1500     2.7000     1700.0000  % 
UB: 2.6999999999999997
branching on CartesianIndex(1, 3) with a.
72     19     11         0.1500     2.7000     1700.0000  % 
UB: 2.6999999999999997
branching on 1 with b.
73     20     11         0.1500     2.7000     1700.0000  % 
UB: 2.6999999999999997
branching on CartesianIndex(1, 4) with c.
74     21     10         0.1500     2.7000     1700.0000  % 
LB close or above UB, fathomed
75     20     7          0.1500     2.7000     1700.0000  % 
UB: 2.6999999999999997
branching on CartesianIndex(1, 1) with a.
76     21     6          0.1500     2.7000     1700.0000  % 
LB close or above UB, fathomed
77     20     15         0.1500     2.7000     1700.0000  % 
UB: 2.6999999999999997
branching on 1 with b.
78     20     16         0.1500     2.7000     1700.0000  % 
UB: 2.6999999999999997
branching on 2 with b.
79     21     17         0.1500     2.7000     1700.0000  % 
UB: 2.6999999999999997
branching on CartesianIndex(2, 6) with c.
80     22     18         0.1500     2.7000     1700.0000  % 
LB close or above UB, fathomed
81     21     18         0.1500     2.7000     1700.0000  % 
UB: 2.6999999999999997
branching on 3 with b.
82     22     19         0.1500     2.7000     1700.0000  % 
UB: 2.6999999999999997
branching on CartesianIndex(1, 7) with c.
83     23     20         0.1500     2.7000     1700.0000  % 
UB: 2.6999999999999997
branching on CartesianIndex(2, 7) with c.
84     24     21         0.1500     2.7000     1700.0000  % 
UB: 2.6999999999999997
branching on 1 with b.
85     24     22         0.1500     2.7000     1700.0000  % 
UB: 2.6999999999999997
branching on 2 with b.
86     25     23         0.1500     2.7000     1700.0000  % 
UB: 2.6999999999999997
branching on 3 with b.
87     26     24         0.1500     2.7000     1700.0000  % 
UB: 2.6999999999999997
branching on 1 with b.
88     27     25         0.1500     2.7000     1700.0000  % 
LB close or above UB, fathomed
89     26     25         0.1500     2.7000     1700.0000  % 
LB close or above UB, fathomed
90     25     24         0.1500     2.7000     1700.0000  % 
LB close or above UB, fathomed
91     24     23         0.1500     2.7000     1700.0000  % 
UB: 2.6999999999999997
branching on 3 with b.
92     25     24         0.1500     2.7000     1700.0000  % 
UB: 2.6999999999999997
branching on 1 with b.
93     26     25         0.1500     2.7000     1700.0000  % 
LB close or above UB, fathomed
94     25     25         0.1500     2.7000     1700.0000  % 
LB close or above UB, fathomed
95     24     24         0.1500     2.7000     1700.0000  % 
LB close or above UB, fathomed
96     23     21         0.1500     2.7000     1700.0000  % 
LB close or above UB, fathomed
97     22     20         0.1500     2.7000     1700.0000  % 
LB close or above UB, fathomed
98     21     19         0.1500     2.7000     1700.0000  % 
LB close or above UB, fathomed
99     20     17         0.1500     2.7000     1700.0000  % 
LB close or above UB, fathomed
100    19     15         0.1500     2.7000     1700.0000  % 
LB close or above UB, fathomed
101    18     12         0.1500     2.7000     1700.0000  % 
LB close or above UB, fathomed
102    17     12         0.1500     2.7000     1700.0000  % 
UB: 2.6999999999999997
branching on CartesianIndex(1, 5) with c.
103    18     13         0.1500     2.7000     1700.0000  % 
UB: 2.6999999999999997
branching on 1 with b.
104    18     14         0.1500     2.7000     1700.0000  % 
UB: 2.6999999999999997
branching on 2 with b.
105    19     15         0.1500     2.7000     1700.0000  % 
UB: 2.6999999999999997
branching on 3 with b.
106    20     16         0.1500     2.7000     1700.0000  % 
UB: 2.6999999999999997
branching on 1 with b.
107    20     17         0.1500     2.7000     1700.0000  % 
UB: 2.6999999999999997
branching on CartesianIndex(2, 5) with c.
108    21     18         0.1500     2.7000     1700.0000  % 
LB close or above UB, fathomed
109    20     18         0.1500     2.7000     1700.0000  % 
LB close or above UB, fathomed
110    19     16         0.1500     2.7000     1700.0000  % 
LB close or above UB, fathomed
111    18     15         0.1500     2.7000     1700.0000  % 
LB close or above UB, fathomed
112    17     13         0.1500     2.7000     1700.0000  % 
LB close or above UB, fathomed
113    16     10         0.1500     2.7000     1700.0000  % 
LB close or above UB, fathomed
114    15     10         0.1500     2.7000     1700.0000  % 
UB: 2.6999999999999997
branching on CartesianIndex(1, 3) with a.
115    16     11         0.1500     2.7000     1700.0000  % 
LB close or above UB, fathomed
116    15     11         0.1500     2.7000     1700.0000  % 
UB: 2.6999999999999997
branching on CartesianIndex(1, 4) with c.
117    16     12         0.1500     2.7000     1700.0000  % 
UB: 2.6999999999999997
branching on CartesianIndex(2, 4) with c.
118    17     12         0.1500     2.7000     1700.0000  % 
UB: 2.6999999999999997
branching on CartesianIndex(1, 5) with c.
119    18     13         0.1500     2.7000     1700.0000  % 
LB close or above UB, fathomed
120    17     13         0.1500     2.7000     1700.0000  % 
LB close or above UB, fathomed
121    16     10         0.1500     2.7000     1700.0000  % 
LB close or above UB, fathomed
122    15     10         0.1500     2.7000     1700.0000  % 
UB: 2.6999999999999997
branching on CartesianIndex(1, 5) with c.
123    16     11         0.1500     2.7000     1700.0000  % 
UB: 2.6999999999999997
branching on CartesianIndex(2, 5) with c.
124    17     12         0.1500     2.7000     1700.0000  % 
LB close or above UB, fathomed
125    16     12         0.1500     2.7000     1700.0000  % 
LB close or above UB, fathomed
126    15     11         0.1500     2.7000     1700.0000  % 
LB close or above UB, fathomed
127    14     13         0.1500     2.7000     1700.0000  % 
UB: 2.6999999999999997
branching on CartesianIndex(1, 5) with c.
128    15     14         0.1500     2.7000     1700.0000  % 
LB close or above UB, fathomed
129    14     14         0.1500     2.7000     1700.0000  % 
LB close or above UB, fathomed
130    13     13         0.1500     2.7000     1700.0000  % 
UB: 2.6999999999999997
branching on CartesianIndex(1, 5) with c.
131    14     14         0.1500     2.7000     1700.0000  % 
LB close or above UB, fathomed
132    13     14         0.1500     2.7000     1700.0000  % 
LB close or above UB, fathomed
133    12     8          0.1500     2.7000     1700.0000  % 
LB close or above UB, fathomed
134    11     8          0.1500     2.7000     1700.0000  % 
UB: 2.6999999999999997
branching on CartesianIndex(1, 2) with a.
135    12     9          0.1500     2.7000     1700.0000  % 
UB: 2.6999999999999997
branching on 3 with b.
136    13     10         0.1500     2.7000     1700.0000  % 
UB: 2.6999999999999997
branching on 1 with b.
137    14     11         0.1500     2.7000     1700.0000  % 
UB: 2.6999999999999997
branching on 2 with b.
138    15     12         0.1500     2.7000     1700.0000  % 
UB: 2.6999999999999997
branching on 3 with b.
139    16     13         0.1500     2.7000     1700.0000  % 
LB close or above UB, fathomed
140    15     13         0.1500     2.7000     1700.0000  % 
UB: 2.6999999999999997
branching on CartesianIndex(1, 3) with a.
141    16     14         0.1500     2.7000     1700.0000  % 
UB: 2.6999999999999997
branching on CartesianIndex(1, 4) with c.
142    17     15         0.1500     2.7000     1700.0000  % 
LB close or above UB, fathomed
143    16     15         0.1500     2.7000     1700.0000  % 
UB: 2.6999999999999997
branching on 1 with b.
144    16     16         0.1500     2.7000     1700.0000  % 
UB: 2.6999999999999997
branching on CartesianIndex(1, 5) with c.
145    17     17         0.1500     2.7000     1700.0000  % 
UB: 2.6999999999999997
branching on CartesianIndex(2, 5) with c.
146    18     18         0.1500     2.7000     1700.0000  % 
LB close or above UB, fathomed
147    17     18         0.1500     2.7000     1700.0000  % 
UB: 2.6999999999999997
branching on CartesianIndex(1, 6) with c.
148    18     19         0.1500     2.7000     1700.0000  % 
UB: 2.6999999999999997
branching on CartesianIndex(2, 6) with c.
149    19     20         0.1500     2.7000     1700.0000  % 
LB close or above UB, fathomed
150    18     20         0.1500     2.7000     1700.0000  % 
UB: 2.6999999999999997
branching on CartesianIndex(1, 7) with c.
151    19     21         0.1500     2.7000     1700.0000  % 
UB: 2.6999999999999997
branching on CartesianIndex(2, 7) with c.
152    20     22         0.1500     2.7000     1700.0000  % 
UB: 2.6999999999999997
branching on 2 with b.
153    21     23         0.1500     2.7000     1700.0000  % 
UB: 2.6999999999999997
branching on 3 with b.
154    21     24         0.1500     2.7000     1700.0000  % 
UB: 2.6999999999999997
branching on 1 with b.
155    22     25         0.1500     2.7000     1700.0000  % 
LB close or above UB, fathomed
156    21     25         0.1500     2.7000     1700.0000  % 
UB: 2.6999999999999997
branching on 2 with b.
157    22     26         0.1500     2.7000     1700.0000  % 
UB: 2.6999999999999997
branching on 3 with b.
158    22     27         0.1500     2.7000     1700.0000  % 
UB: 2.6999999999999997
branching on 1 with b.
159    22     28         0.1500     2.7000     1700.0000  % 
UB: 2.6999999999999997
branching on 2 with b.
160    22     29         0.1500     2.7000     1700.0000  % 
UB: 2.6999999999999997
branching on 3 with b.
161    23     30         0.1500     2.7000     1700.0000  % 
UB: 2.6999999999999997
branching on 1 with b.
162    24     31         0.1500     2.7000     1700.0000  % 
LB close or above UB, fathomed
163    23     31         0.1500     2.7000     1700.0000  % 
UB: 2.6999999999999997
branching on 2 with b.
164    23     32         0.1500     2.7000     1700.0000  % 
UB: 2.6999999999999997
branching on 3 with b.
165    24     33         0.1500     2.7000     1700.0000  % 
LB close or above UB, fathomed
166    23     33         0.1500     2.7000     1700.0000  % 
LB close or above UB, fathomed
167    22     30         0.1500     2.7000     1700.0000  % 
LB close or above UB, fathomed
168    21     26         0.1500     2.7000     1700.0000  % 
UB: 2.6999999999999997
branching on 3 with b.
169    21     27         0.1500     2.7000     1700.0000  % 
UB: 2.6999999999999997
branching on 1 with b.
170    21     28         0.1500     2.7000     1700.0000  % 
UB: 2.6999999999999997
branching on 2 with b.
171    21     29         0.1500     2.7000     1700.0000  % 
UB: 2.6999999999999997
branching on 3 with b.
172    22     30         0.1500     2.7000     1700.0000  % 
UB: 2.6999999999999997
branching on 1 with b.
173    23     31         0.1500     2.7000     1700.0000  % 
LB close or above UB, fathomed
174    22     31         0.1500     2.7000     1700.0000  % 
UB: 2.6999999999999997
branching on 2 with b.
175    22     32         0.1500     2.7000     1700.0000  % 
UB: 2.6999999999999997
branching on 3 with b.
176    23     33         0.1500     2.7000     1700.0000  % 
LB close or above UB, fathomed
177    22     33         0.1500     2.7000     1700.0000  % 
LB close or above UB, fathomed
178    21     30         0.1500     2.7000     1700.0000  % 
LB close or above UB, fathomed
179    20     23         0.1500     2.7000     1700.0000  % 
LB close or above UB, fathomed
180    19     22         0.1500     2.7000     1700.0000  % 
LB close or above UB, fathomed
181    18     21         0.1500     2.7000     1700.0000  % 
LB close or above UB, fathomed
182    17     19         0.1500     2.7000     1700.0000  % 
LB close or above UB, fathomed
183    16     17         0.1500     2.7000     1700.0000  % 
LB close or above UB, fathomed
184    15     14         0.1500     2.7000     1700.0000  % 
LB close or above UB, fathomed
185    14     12         0.1500     2.7000     1700.0000  % 
LB close or above UB, fathomed
186    13     11         0.1500     2.7000     1700.0000  % 
LB close or above UB, fathomed
187    12     10         0.1500     2.7000     1700.0000  % 
UB: 2.6999999999999997
branching on CartesianIndex(1, 3) with a.
188    13     11         0.1500     2.7000     1700.0000  % 
LB close or above UB, fathomed
189    12     11         0.1500     2.7000     1700.0000  % 
UB: 2.6999999999999997
branching on CartesianIndex(1, 4) with c.
190    13     12         0.1500     2.7000     1700.0000  % 
LB close or above UB, fathomed
191    12     12         0.1500     2.7000     1700.0000  % 
UB: 2.6999999999999997
branching on CartesianIndex(1, 5) with c.
192    13     13         0.1500     2.7000     1700.0000  % 
UB: 2.6999999999999997
branching on CartesianIndex(2, 5) with c.
193    14     14         0.1500     2.7000     1700.0000  % 
LB close or above UB, fathomed
194    13     14         0.1500     2.7000     1700.0000  % 
UB: 2.6999999999999997
branching on CartesianIndex(1, 6) with c.
195    14     15         0.1500     2.7000     1700.0000  % 
UB: 2.6999999999999997
branching on CartesianIndex(2, 6) with c.
196    15     16         0.1500     2.7000     1700.0000  % 
LB close or above UB, fathomed
197    14     16         0.1500     2.7000     1700.0000  % 
UB: 2.6999999999999997
branching on 1 with b.
198    15     17         0.1500     2.7000     1700.0000  % 
UB: 2.6999999999999997
branching on 2 with b.
199    16     18         0.1500     2.7000     1700.0000  % 
UB: 2.6999999999999997
branching on CartesianIndex(1, 7) with c.
200    17     19         0.1500     2.7000     1700.0000  % 
UB: 2.6999999999999997
branching on CartesianIndex(2, 7) with c.
201    18     20         0.1500     2.7000     1700.0000  % 
UB: 2.6999999999999997
branching on 3 with b.
202    19     21         0.1500     2.7000     1700.0000  % 
UB: 2.6999999999999997
branching on 1 with b.
203    19     22         0.1500     2.7000     1700.0000  % 
UB: 2.6999999999999997
branching on 2 with b.
204    20     23         0.1500     2.7000     1700.0000  % 
UB: 2.6999999999999997
branching on 3 with b.
205    21     24         0.1500     2.7000     1700.0000  % 
LB close or above UB, fathomed
206    20     24         0.1500     2.7000     1700.0000  % 
LB close or above UB, fathomed
207    19     23         0.1500     2.7000     1700.0000  % 
UB: 2.6999999999999997
branching on 3 with b.
208    20     24         0.1500     2.7000     1700.0000  % 
LB close or above UB, fathomed
209    19     24         0.1500     2.7000     1700.0000  % 
LB close or above UB, fathomed
210    18     21         0.1500     2.7000     1700.0000  % 
LB close or above UB, fathomed
211    17     20         0.1500     2.7000     1700.0000  % 
LB close or above UB, fathomed
212    16     19         0.1500     2.7000     1700.0000  % 
LB close or above UB, fathomed
213    15     18         0.1500     2.7000     1700.0000  % 
LB close or above UB, fathomed
214    14     17         0.1500     2.7000     1700.0000  % 
LB close or above UB, fathomed
215    13     15         0.1500     2.7000     1700.0000  % 
LB close or above UB, fathomed
216    12     13         0.1500     2.7000     1700.0000  % 
LB close or above UB, fathomed
217    11     9          0.1500     2.7000     1700.0000  % 
LB close or above UB, fathomed
218    10     12         0.1500     2.7000     1700.0000  % 
LB close or above UB, fathomed
219    9      12         0.1500     2.7000     1700.0000  % 
UB: 2.6999999999999997
branching on CartesianIndex(1, 5) with c.
220    10     13         0.1500     2.7000     1700.0000  % 
UB: 2.6999999999999997
branching on CartesianIndex(2, 5) with c.
221    11     14         0.1500     2.7000     1700.0000  % 
LB close or above UB, fathomed
222    10     14         0.1500     2.7000     1700.0000  % 
UB: 2.6999999999999997
branching on CartesianIndex(1, 6) with c.
223    11     15         0.1500     2.7000     1700.0000  % 
UB: 2.6999999999999997
branching on CartesianIndex(2, 6) with c.
224    12     16         0.1500     2.7000     1700.0000  % 
LB close or above UB, fathomed
225    11     16         0.1500     2.7000     1700.0000  % 
UB: 2.6999999999999997
branching on CartesianIndex(1, 7) with c.
226    12     17         0.1500     2.7000     1700.0000  % 
UB: 2.6999999999999997
branching on CartesianIndex(2, 7) with c.
227    13     18         0.1500     2.7000     1700.0000  % 
UB: 2.6999999999999997
branching on 1 with b.
228    14     19         0.1500     2.7000     1700.0000  % 
UB: 2.6999999999999997
branching on 2 with b.
229    15     20         0.1500     2.7000     1700.0000  % 
LB close or above UB, fathomed
230    14     20         0.1500     2.7000     1700.0000  % 
UB: 2.6999999999999997
branching on 3 with b.
231    15     21         0.1500     2.7000     1700.0000  % 
UB: 2.6999999999999997
branching on 1 with b.
232    15     22         0.1500     2.7000     1700.0000  % 
UB: 2.6999999999999997
branching on 2 with b.
233    15     23         0.1500     2.7000     1700.0000  % 
UB: 2.6999999999999997
branching on 3 with b.
234    16     24         0.1500     2.7000     1700.0000  % 
LB close or above UB, fathomed
235    15     24         0.1500     2.7000     1700.0000  % 
LB close or above UB, fathomed
236    14     21         0.1500     2.7000     1700.0000  % 
LB close or above UB, fathomed
237    13     19         0.1500     2.7000     1700.0000  % 
LB close or above UB, fathomed
238    12     18         0.1500     2.7000     1700.0000  % 
LB close or above UB, fathomed
239    11     17         0.1500     2.7000     1700.0000  % 
LB close or above UB, fathomed
240    10     15         0.1500     2.7000     1700.0000  % 
LB close or above UB, fathomed
241    9      13         0.1500     2.7000     1700.0000  % 
LB close or above UB, fathomed
242    8      12         0.1500     2.7000     1700.0000  % 
LB close or above UB, fathomed
243    7      12         0.1500     2.7000     1700.0000  % 
LB close or above UB, fathomed
244    6      11         0.1500     2.7000     1700.0000  % 
UB: 2.6999999999999997
branching on CartesianIndex(1, 3) with a.
245    7      12         0.1500     2.7000     1700.0000  % 
UB: 2.6999999999999997
branching on CartesianIndex(1, 4) with c.
246    8      13         0.1500     2.7000     1700.0000  % 
LB close or above UB, fathomed
247    7      13         0.1500     2.7000     1700.0000  % 
UB: 2.6999999999999997
branching on CartesianIndex(1, 5) with c.
248    8      14         0.1500     2.7000     1700.0000  % 
UB: 2.6999999999999997
branching on 2 with b.
249    9      15         0.1500     2.7000     1700.0000  % 
LB close or above UB, fathomed
250    8      15         0.1500     2.7000     1700.0000  % 
UB: 2.6999999999999997
branching on CartesianIndex(2, 5) with c.
251    9      16         0.1500     2.7000     1700.0000  % 
LB close or above UB, fathomed
252    8      16         0.1500     2.7000     1700.0000  % 
UB: 2.6999999999999997
branching on CartesianIndex(1, 6) with c.
253    9      17         0.1500     2.7000     1700.0000  % 
UB: 2.6999999999999997
branching on CartesianIndex(2, 6) with c.
254    10     18         0.1500     2.7000     1700.0000  % 
LB close or above UB, fathomed
255    9      18         0.1500     2.7000     1700.0000  % 
UB: 2.6999999999999997
branching on CartesianIndex(1, 7) with c.
256    10     19         0.1500     2.7000     1700.0000  % 
UB: 2.6999999999999997
branching on CartesianIndex(2, 7) with c.
257    11     20         0.1500     2.7000     1700.0000  % 
UB: 2.6999999999999997
branching on 3 with b.
258    12     21         0.1500     2.7000     1700.0000  % 
LB close or above UB, fathomed
259    11     21         0.1500     2.7000     1700.0000  % 
UB: 2.6999999999999997
branching on 1 with b.
260    11     22         0.1500     2.7000     1700.0000  % 
UB: 2.6999999999999997
branching on 2 with b.
261    11     23         0.1500     2.7000     1700.0000  % 
UB: 2.6999999999999997
branching on 3 with b.
262    11     24         0.1500     2.7000     1700.0000  % 
UB: 2.6999999999999997
branching on 1 with b.
263    12     25         0.1500     2.7000     1700.0000  % 
LB close or above UB, fathomed
264    11     25         0.1500     2.7000     1700.0000  % 
UB: 2.6999999999999997
branching on 2 with b.
265    11     26         0.1500     2.7000     1700.0000  % 
UB: 2.6999999999999997
branching on 3 with b.
266    11     27         0.1500     2.7000     1700.0000  % 
UB: 2.6999999999999997
branching on 1 with b.
267    11     28         0.1500     2.7000     1700.0000  % 
UB: 2.6999999999999997
branching on 2 with b.
268    12     29         0.1500     2.7000     1700.0000  % 
LB close or above UB, fathomed
269    11     29         0.1500     2.7000     1700.0000  % 
UB: 2.6999999999999997
branching on 3 with b.
270    12     30         0.1500     2.7000     1700.0000  % 
UB: 2.6999999999999997
branching on 1 with b.
271    13     31         0.1500     2.7000     1700.0000  % 
LB close or above UB, fathomed
272    12     31         0.1500     2.7000     1700.0000  % 
UB: 2.6999999999999997
branching on 2 with b.
273    12     32         0.1500     2.7000     1700.0000  % 
LB close or above UB, fathomed
274    11     30         0.1500     2.7000     1700.0000  % 
LB close or above UB, fathomed
275    10     20         0.1500     2.7000     1700.0000  % 
LB close or above UB, fathomed
276    9      19         0.1500     2.7000     1700.0000  % 
LB close or above UB, fathomed
277    8      17         0.1500     2.7000     1700.0000  % 
LB close or above UB, fathomed
278    7      14         0.1500     2.7000     1700.0000  % 
LB close or above UB, fathomed
279    6      12         0.1500     2.7000     1700.0000  % 
LB close or above UB, fathomed
280    5      11         0.1500     2.7000     1700.0000  % 
LB close or above UB, fathomed
281    4      11         0.1500     2.7000     1700.0000  % 
LB close or above UB, fathomed
282    3      11         0.1500     2.7000     1700.0000  % 
UB: 2.6999999999999997
branching on 1 with b.
283    3      12         0.1500     2.7000     1700.0000  % 
UB: 2.6999999999999997
branching on CartesianIndex(1, 4) with c.
284    4      13         0.1500     2.7000     1700.0000  % 
LB close or above UB, fathomed
285    3      13         0.1500     2.7000     1700.0000  % 
LB close or above UB, fathomed
286    2      15         0.1500     2.7000     1700.0000  % 
LB close or above UB, fathomed
287    1      15         0.1500     2.7000     1700.0000  % 
LB close or above UB, fathomed
288    0      13         0.1500     2.7000     1700.0000  % 
UB: 2.6999999999999997
branching on CartesianIndex(2, 4) with c.
289    1      14         0.1500     2.7000     1700.0000  % 
UB: 2.6999999999999997
branching on CartesianIndex(1, 5) with c.
290    2      15         0.1500     2.7000     1700.0000  % 
LB close or above UB, fathomed
291    1      15         0.1500     2.7000     1700.0000  % 
LB close or above UB, fathomed
292    0      14         0.1500     2.7000     1700.0000  % 
UB: 2.6999999999999997
branching on CartesianIndex(1, 5) with c.
293    1      15         0.1500     2.7000     1700.0000  % 
LB close or above UB, fathomed
294    0      15         0.1500     2.7000     1700.0000  % 
UB: 2.6999999999999997
branching on 2 with b.
295    1      16         0.1500     2.7000     1700.0000  % 
LB close or above UB, fathomed
296    0      16         0.1500     2.7000     1700.0000  % 
LB close or above UB, fathomed
all node solved
solved nodes:  297
297                                                   2.7000e+00     2.7000e+00     0.0000  % 
2×3 Matrix{Float64}:
 1.0  0.0  1.0
 0.0  1.0  0.0
3-element Vector{Float64}:
 0.5859429688367517
 0.4603962937178168
 0.7831063723915773
3×7 Matrix{Float64}:
 0.0  0.0  0.0  1.0  0.0  0.0  0.0
 0.0  0.0  0.0  0.0  1.0  1.0  0.0
 0.0  0.0  0.0  0.0  0.0  0.0  1.0
3-element Vector{Float64}:
 1.0
 1.0
 1.0
2×3 Matrix{Float64}:
  1.0  0.0   0.0
 -0.0  1.0  -0.0
3-element Vector{Float64}:
 0.607873235965478
 0.6034147432564749
 0.0
3×7 Matrix{Float64}:
 0.0  0.0  0.0   1.0   0.0   1.0  0.0
 0.0  0.0  0.0   0.0   1.0  -0.0  0.0
 0.0  0.0  0.0  -0.0  -0.0  -0.0  1.0
3-element Vector{Float64}:
 1.0
 1.0
 0.0
comparison (CRT and Glb)on prediction: Dict{Bool, Int64}(0 => 1, 1 => 3)
Dataname	 time	 objv	 lb	 gap	 train_w	 train_g	 test_w	 test_g
small_toy_251.small_toy	 56.84	 2.6999999999999997	 2.7	 0.0	 88.889	 88.889	 50.0	 75.0
