Running 2 processes.
Start training small_toy_9.small_toy with seed 1.
Any[]
(2, 13)
(2, 6)
(2, 3)
(2, 4)
dimension: 2, class: 3
cart cost: 2.7000000000000006
size of X: (2, 9)
ngroups: 2
UB: 2.6999999999999993
Iter	left	lev	LB	UB	gap	
0      0      1          0.1000     2.7000     2600.0000  % 
UB: 2.6999999999999993
branching on 1 with d.
1      1      2          0.1000     2.7000     2600.0000  % 
LB close or above UB, fathomed
2      0      2          0.1000     2.7000     2600.0000  % 
UB: 2.6999999999999993
branching on 2 with d.
3      1      3          0.1000     2.7000     2600.0000  % 
UB: 2.6999999999999993
branching on 3 with d.
4      2      4          0.1000     2.7000     2600.0000  % 
LB close or above UB, fathomed
5      1      4          0.1000     2.7000     2600.0000  % 
UB: 2.6999999999999993
branching on CartesianIndex(1, 1) with a.
6      2      5          0.1000     2.7000     2600.0000  % 
UB: 2.6999999999999993
branching on CartesianIndex(1, 3) with a.
7      3      6          0.1000     2.7000     2600.0000  % 
LB close or above UB, fathomed
8      2      6          0.1000     2.7000     2600.0000  % 
UB: 2.6999999999999993
branching on CartesianIndex(1, 5) with c.
9      3      7          0.1000     2.7000     2600.0000  % 
LB close or above UB, fathomed
10     2      7          0.1000     2.7000     2600.0000  % 
UB: 2.6999999999999993
branching on CartesianIndex(1, 6) with c.
11     3      5          0.1000     2.7000     2600.0000  % 
LB close or above UB, fathomed
12     2      3          0.1000     2.7000     2600.0000  % 
UB: 2.6999999999999993
branching on 3 with d.
13     3      4          0.1000     2.7000     2600.0000  % 
UB: 2.6999999999999993
branching on 1 with b.
14     4      5          0.1000     2.7000     2600.0000  % 
LB close or above UB, fathomed
15     3      5          0.1000     2.7000     2600.0000  % 
UB: 2.6999999999999993
branching on 1 with b.
16     4      6          0.1000     2.7000     2600.0000  % 
UB: 2.6999999999999993
branching on CartesianIndex(1, 1) with a.
17     5      7          0.1000     2.7000     2600.0000  % 
LB close or above UB, fathomed
18     4      7          0.1000     2.7000     2600.0000  % 
UB: 2.6999999999999993
branching on 2 with b.
19     5      8          0.1000     2.7000     2600.0000  % 
UB: 2.6999999999999993
branching on CartesianIndex(1, 2) with a.
20     6      9          0.1000     2.7000     2600.0000  % 
UB: 2.6999999999999993
branching on CartesianIndex(1, 4) with c.
21     7      10         0.1000     2.7000     2600.0000  % 
LB close or above UB, fathomed
22     6      10         0.1000     2.7000     2600.0000  % 
UB: 2.6999999999999993
branching on CartesianIndex(1, 5) with c.
23     7      11         0.1000     2.7000     2600.0000  % 
UB: 2.6999999999999993
branching on CartesianIndex(2, 5) with c.
24     8      12         0.1000     2.7000     2600.0000  % 
LB close or above UB, fathomed
25     7      12         0.1000     2.7000     2600.0000  % 
UB: 2.6999999999999993
branching on CartesianIndex(1, 7) with c.
26     8      13         0.1000     2.7000     2600.0000  % 
UB: 2.6999999999999993
branching on CartesianIndex(2, 7) with c.
27     9      14         0.1000     2.7000     2600.0000  % 
UB: 2.6999999999999993
branching on 1 with b.
28     10     15         0.1000     2.7000     2600.0000  % 
LB close or above UB, fathomed
29     9      15         0.1000     2.7000     2600.0000  % 
LB close or above UB, fathomed
30     8      14         0.1000     2.7000     2600.0000  % 
LB close or above UB, fathomed
31     7      13         0.1000     2.7000     2600.0000  % 
LB close or above UB, fathomed
32     6      11         0.1000     2.7000     2600.0000  % 
LB close or above UB, fathomed
33     5      9          0.1000     2.7000     2600.0000  % 
LB close or above UB, fathomed
34     4      8          0.1000     2.7000     2600.0000  % 
UB: 2.6999999999999993
branching on CartesianIndex(1, 2) with a.
35     5      9          0.1000     2.7000     2600.0000  % 
LB close or above UB, fathomed
36     4      9          0.1000     2.7000     2600.0000  % 
LB close or above UB, fathomed
37     3      6          0.1000     2.7000     2600.0000  % 
LB close or above UB, fathomed
38     2      4          0.1000     2.7000     2600.0000  % 
UB: 2.6999999999999993
branching on CartesianIndex(1, 1) with a.
39     3      8          0.1000     2.7000     2600.0000  % 
UB: 2.6999999999999993
branching on 1 with b.
40     4      9          0.1000     2.7000     2600.0000  % 
UB: 2.6999999999999993
branching on 1 with b.
41     5      10         0.1000     2.7000     2600.0000  % 
LB close or above UB, fathomed
42     4      10         0.1000     2.7000     2600.0000  % 
UB: 2.6999999999999993
branching on 3 with b.
43     5      11         0.1000     2.7000     2600.0000  % 
LB close or above UB, fathomed
44     4      11         0.1000     2.7000     2600.0000  % 
UB: 2.6999999999999993
branching on CartesianIndex(2, 6) with c.
45     5      12         0.1000     2.7000     2600.0000  % 
LB close or above UB, fathomed
46     4      12         0.1000     2.7000     2600.0000  % 
UB: 2.6999999999999993
branching on CartesianIndex(1, 7) with c.
47     5      13         0.1000     2.7000     2600.0000  % 
UB: 2.6999999999999993
branching on CartesianIndex(2, 7) with c.
48     6      14         0.1000     2.7000     2600.0000  % 
UB: 2.6999999999999993
branching on 1 with b.
49     7      15         0.1000     2.7000     2600.0000  % 
UB: 2.6999999999999993
branching on 3 with b.
50     8      16         0.1000     2.7000     2600.0000  % 
UB: 2.6999999999999993
branching on 1 with b.
51     8      17         0.1000     2.7000     2600.0000  % 
UB: 2.6999999999999993
branching on 3 with b.
52     9      18         0.1000     2.7000     2600.0000  % 
LB close or above UB, fathomed
53     8      18         0.1000     2.7000     2600.0000  % 
LB close or above UB, fathomed
54     7      16         0.1000     2.7000     2600.0000  % 
LB close or above UB, fathomed
55     6      15         0.1000     2.7000     2600.0000  % 
LB close or above UB, fathomed
56     5      14         0.1000     2.7000     2600.0000  % 
LB close or above UB, fathomed
57     4      13         0.1000     2.7000     2600.0000  % 
LB close or above UB, fathomed
58     3      9          0.1000     2.7000     2600.0000  % 
LB close or above UB, fathomed
59     2      8          0.1000     2.7000     2600.0000  % 
LB close or above UB, fathomed
60     1      5          0.1500     2.7000     1700.0000  % 
UB: 2.6999999999999993
branching on 1 with b.
61     2      6          0.1500     2.7000     1700.0000  % 
UB: 2.6999999999999993
branching on CartesianIndex(1, 2) with a.
62     3      7          0.1500     2.7000     1700.0000  % 
UB: 2.6999999999999993
branching on 1 with b.
63     4      8          0.1500     2.7000     1700.0000  % 
LB close or above UB, fathomed
64     3      8          0.1500     2.7000     1700.0000  % 
UB: 2.6999999999999993
branching on CartesianIndex(1, 3) with a.
65     4      9          0.1500     2.7000     1700.0000  % 
LB close or above UB, fathomed
66     3      9          0.1500     2.7000     1700.0000  % 
UB: 2.6999999999999993
branching on 2 with b.
67     4      10         0.1500     2.7000     1700.0000  % 
UB: 2.6999999999999993
branching on CartesianIndex(1, 4) with c.
68     5      11         0.1500     2.7000     1700.0000  % 
UB: 2.6999999999999993
branching on 3 with b.
69     6      11         0.1500     2.7000     1700.0000  % 
UB: 2.6999999999999993
branching on 3 with b.
70     7      12         0.1500     2.7000     1700.0000  % 
LB close or above UB, fathomed
71     6      12         0.1500     2.7000     1700.0000  % 
UB: 2.6999999999999993
branching on CartesianIndex(1, 5) with c.
72     7      10         0.1500     2.7000     1700.0000  % 
UB: 2.6999999999999993
branching on 3 with b.
73     8      7          0.1500     2.7000     1700.0000  % 
UB: 2.6999999999999993
branching on CartesianIndex(1, 3) with a.
74     9      8          0.1500     2.7000     1700.0000  % 
LB close or above UB, fathomed
75     8      8          0.1500     2.7000     1700.0000  % 
UB: 2.6999999999999993
branching on CartesianIndex(1, 4) with c.
76     9      9          0.1500     2.7000     1700.0000  % 
UB: 2.6999999999999993
branching on CartesianIndex(2, 4) with c.
77     10     9          0.1500     2.7000     1700.0000  % 
UB: 2.6999999999999993
branching on 1 with b.
78     11     10         0.1500     2.7000     1700.0000  % 
LB close or above UB, fathomed
79     10     10         0.1500     2.7000     1700.0000  % 
UB: 2.6999999999999993
branching on CartesianIndex(1, 5) with c.
80     11     6          0.1500     2.7000     1700.0000  % 
LB close or above UB, fathomed
81     10     5          0.1500     2.7000     1700.0000  % 
UB: 2.6999999999999993
branching on 1 with b.
82     11     6          0.1500     2.7000     1700.0000  % 
LB close or above UB, fathomed
83     10     6          0.1500     2.7000     1700.0000  % 
UB: 2.6999999999999993
branching on CartesianIndex(1, 2) with a.
84     11     7          0.1500     2.7000     1700.0000  % 
UB: 2.6999999999999993
branching on CartesianIndex(1, 3) with a.
85     12     8          0.1500     2.7000     1700.0000  % 
UB: 2.6999999999999993
branching on 1 with b.
86     13     9          0.1500     2.7000     1700.0000  % 
UB: 2.6999999999999993
branching on 2 with b.
87     14     10         0.1500     2.7000     1700.0000  % 
UB: 2.6999999999999993
branching on CartesianIndex(1, 4) with c.
88     15     11         0.1500     2.7000     1700.0000  % 
LB close or above UB, fathomed
89     14     11         0.1500     2.7000     1700.0000  % 
UB: 2.6999999999999993
branching on CartesianIndex(1, 5) with c.
90     15     12         0.1500     2.7000     1700.0000  % 
UB: 2.6999999999999993
branching on CartesianIndex(2, 5) with c.
91     16     13         0.1500     2.7000     1700.0000  % 
LB close or above UB, fathomed
92     15     13         0.1500     2.7000     1700.0000  % 
UB: 2.6999999999999993
branching on CartesianIndex(1, 6) with c.
93     16     14         0.1500     2.7000     1700.0000  % 
UB: 2.6999999999999993
branching on CartesianIndex(2, 6) with c.
94     17     15         0.1500     2.7000     1700.0000  % 
UB: 2.6999999999999993
branching on CartesianIndex(1, 7) with c.
95     18     16         0.1500     2.7000     1700.0000  % 
UB: 2.6999999999999993
branching on 3 with b.
96     19     17         0.1500     2.7000     1700.0000  % 
UB: 2.6999999999999993
branching on 1 with b.
97     20     17         0.1500     2.7000     1700.0000  % 
UB: 2.6999999999999993
branching on CartesianIndex(2, 7) with c.
98     21     16         0.1500     2.7000     1700.0000  % 
LB close or above UB, fathomed
99     20     15         0.1500     2.7000     1700.0000  % 
UB: 2.6999999999999993
branching on CartesianIndex(1, 7) with c.
100    21     16         0.1500     2.7000     1700.0000  % 
UB: 2.6999999999999993
branching on CartesianIndex(2, 7) with c.
101    22     17         0.1500     2.7000     1700.0000  % 
UB: 2.6999999999999993
branching on 3 with b.
102    23     18         0.1500     2.7000     1700.0000  % 
UB: 2.6999999999999993
branching on 1 with b.
103    24     19         0.1500     2.7000     1700.0000  % 
LB close or above UB, fathomed
104    23     19         0.1500     2.7000     1700.0000  % 
LB close or above UB, fathomed
105    22     18         0.1500     2.7000     1700.0000  % 
LB close or above UB, fathomed
106    21     17         0.1500     2.7000     1700.0000  % 
LB close or above UB, fathomed
107    20     16         0.1500     2.7000     1700.0000  % 
LB close or above UB, fathomed
108    19     14         0.1500     2.7000     1700.0000  % 
UB: 2.6999999999999993
branching on 3 with b.
109    20     15         0.1500     2.7000     1700.0000  % 
UB: 2.6999999999999993
branching on CartesianIndex(1, 7) with c.
110    21     16         0.1500     2.7000     1700.0000  % 
UB: 2.6999999999999993
branching on CartesianIndex(2, 7) with c.
111    22     17         0.1500     2.7000     1700.0000  % 
UB: 2.6999999999999993
branching on 1 with b.
112    23     18         0.1500     2.7000     1700.0000  % 
LB close or above UB, fathomed
113    22     18         0.1500     2.7000     1700.0000  % 
LB close or above UB, fathomed
114    21     17         0.1500     2.7000     1700.0000  % 
LB close or above UB, fathomed
115    20     16         0.1500     2.7000     1700.0000  % 
LB close or above UB, fathomed
116    19     15         0.1500     2.7000     1700.0000  % 
LB close or above UB, fathomed
117    18     12         0.1500     2.7000     1700.0000  % 
LB close or above UB, fathomed
118    17     10         0.1500     2.7000     1700.0000  % 
UB: 2.6999999999999993
branching on 3 with b.
119    18     9          0.1500     2.7000     1700.0000  % 
LB close or above UB, fathomed
120    17     8          0.1500     2.7000     1700.0000  % 
UB: 2.6999999999999993
branching on CartesianIndex(1, 4) with c.
121    18     7          0.1500     2.7000     1700.0000  % 
LB close or above UB, fathomed
122    17     9          0.1500     2.7000     1700.0000  % 
LB close or above UB, fathomed
123    16     9          0.1500     2.7000     1700.0000  % 
UB: 2.6999999999999993
branching on CartesianIndex(1, 5) with c.
124    17     18         0.1500     2.7000     1700.0000  % 
LB close or above UB, fathomed
125    16     18         0.1500     2.7000     1700.0000  % 
LB close or above UB, fathomed
126    15     11         0.1500     2.7000     1700.0000  % 
UB: 2.6999999999999993
branching on CartesianIndex(2, 5) with c.
127    16     12         0.1500     2.7000     1700.0000  % 
UB: 2.6999999999999993
branching on CartesianIndex(1, 6) with c.
128    17     13         0.1500     2.7000     1700.0000  % 
UB: 2.6999999999999993
branching on 2 with b.
129    18     14         0.1500     2.7000     1700.0000  % 
LB close or above UB, fathomed
130    17     14         0.1500     2.7000     1700.0000  % 
UB: 2.6999999999999993
branching on CartesianIndex(2, 6) with c.
131    18     15         0.1500     2.7000     1700.0000  % 
LB close or above UB, fathomed
132    17     15         0.1500     2.7000     1700.0000  % 
UB: 2.6999999999999993
branching on CartesianIndex(1, 7) with c.
133    18     16         0.1500     2.7000     1700.0000  % 
UB: 2.6999999999999993
branching on 3 with b.
134    19     17         0.1500     2.7000     1700.0000  % 
LB close or above UB, fathomed
135    18     17         0.1500     2.7000     1700.0000  % 
UB: 2.6999999999999993
branching on 1 with b.
136    19     18         0.1500     2.7000     1700.0000  % 
UB: 2.6999999999999993
branching on 2 with b.
137    20     19         0.1500     2.7000     1700.0000  % 
UB: 2.6999999999999993
branching on 3 with b.
138    21     20         0.1500     2.7000     1700.0000  % 
UB: 2.6999999999999993
branching on 1 with b.
139    21     21         0.1500     2.7000     1700.0000  % 
UB: 2.6999999999999993
branching on CartesianIndex(2, 7) with c.
140    22     22         0.1500     2.7000     1700.0000  % 
UB: 2.6999999999999993
branching on 2 with b.
141    23     23         0.1500     2.7000     1700.0000  % 
UB: 2.6999999999999993
branching on 3 with b.
142    24     24         0.1500     2.7000     1700.0000  % 
LB close or above UB, fathomed
143    23     24         0.1500     2.7000     1700.0000  % 
LB close or above UB, fathomed
144    22     23         0.1500     2.7000     1700.0000  % 
UB: 2.6999999999999993
branching on 3 with b.
145    23     22         0.1500     2.7000     1700.0000  % 
LB close or above UB, fathomed
146    22     20         0.1500     2.7000     1700.0000  % 
LB close or above UB, fathomed
147    21     19         0.1500     2.7000     1700.0000  % 
UB: 2.6999999999999993
branching on CartesianIndex(2, 7) with c.
148    22     20         0.1500     2.7000     1700.0000  % 
UB: 2.6999999999999993
branching on 3 with b.
149    23     21         0.1500     2.7000     1700.0000  % 
UB: 2.6999999999999993
branching on 1 with b.
150    23     22         0.1500     2.7000     1700.0000  % 
UB: 2.6999999999999993
branching on 2 with b.
151    23     23         0.1500     2.7000     1700.0000  % 
UB: 2.6999999999999993
branching on 3 with b.
152    24     21         0.1500     2.7000     1700.0000  % 
LB close or above UB, fathomed
153    23     20         0.1500     2.7000     1700.0000  % 
LB close or above UB, fathomed
154    22     18         0.1500     2.7000     1700.0000  % 
LB close or above UB, fathomed
155    21     16         0.1500     2.7000     1700.0000  % 
LB close or above UB, fathomed
156    20     13         0.1500     2.7000     1700.0000  % 
LB close or above UB, fathomed
157    19     12         0.1500     2.7000     1700.0000  % 
UB: 2.6999999999999993
branching on 2 with b.
158    20     13         0.1500     2.7000     1700.0000  % 
LB close or above UB, fathomed
159    19     13         0.1500     2.7000     1700.0000  % 
UB: 2.6999999999999993
branching on CartesianIndex(1, 6) with c.
160    20     14         0.1500     2.7000     1700.0000  % 
UB: 2.6999999999999993
branching on CartesianIndex(2, 6) with c.
161    21     15         0.1500     2.7000     1700.0000  % 
LB close or above UB, fathomed
162    20     15         0.1500     2.7000     1700.0000  % 
UB: 2.6999999999999993
branching on 3 with b.
163    21     16         0.1500     2.7000     1700.0000  % 
LB close or above UB, fathomed
164    20     16         0.1500     2.7000     1700.0000  % 
UB: 2.6999999999999993
branching on CartesianIndex(1, 7) with c.
165    21     17         0.1500     2.7000     1700.0000  % 
UB: 2.6999999999999993
branching on CartesianIndex(2, 7) with c.
166    22     18         0.1500     2.7000     1700.0000  % 
UB: 2.6999999999999993
branching on 1 with b.
167    23     19         0.1500     2.7000     1700.0000  % 
UB: 2.6999999999999993
branching on 2 with b.
168    24     20         0.1500     2.7000     1700.0000  % 
UB: 2.6999999999999993
branching on 3 with b.
169    25     21         0.1500     2.7000     1700.0000  % 
UB: 2.6999999999999993
branching on 1 with b.
170    25     22         0.1500     2.7000     1700.0000  % 
UB: 2.6999999999999993
branching on 2 with b.
171    26     23         0.1500     2.7000     1700.0000  % 
UB: 2.6999999999999993
branching on 3 with b.
172    27     24         0.1500     2.7000     1700.0000  % 
LB close or above UB, fathomed
173    26     24         0.1500     2.7000     1700.0000  % 
LB close or above UB, fathomed
174    25     23         0.1500     2.7000     1700.0000  % 
UB: 2.6999999999999993
branching on 3 with b.
175    26     24         0.1500     2.7000     1700.0000  % 
LB close or above UB, fathomed
176    25     24         0.1500     2.7000     1700.0000  % 
LB close or above UB, fathomed
177    24     21         0.1500     2.7000     1700.0000  % 
LB close or above UB, fathomed
178    23     20         0.1500     2.7000     1700.0000  % 
UB: 2.6999999999999993
branching on 3 with b.
179    24     21         0.1500     2.7000     1700.0000  % 
UB: 2.6999999999999993
branching on 1 with b.
180    24     22         0.1500     2.7000     1700.0000  % 
UB: 2.6999999999999993
branching on 2 with b.
181    24     23         0.1500     2.7000     1700.0000  % 
UB: 2.6999999999999993
branching on 3 with b.
182    25     24         0.1500     2.7000     1700.0000  % 
LB close or above UB, fathomed
183    24     24         0.1500     2.7000     1700.0000  % 
LB close or above UB, fathomed
184    23     21         0.1500     2.7000     1700.0000  % 
LB close or above UB, fathomed
185    22     19         0.1500     2.7000     1700.0000  % 
UB: 2.6999999999999993
branching on 2 with b.
186    23     20         0.1500     2.7000     1700.0000  % 
UB: 2.6999999999999993
branching on 3 with b.
187    24     21         0.1500     2.7000     1700.0000  % 
UB: 2.6999999999999993
branching on 1 with b.
188    24     22         0.1500     2.7000     1700.0000  % 
UB: 2.6999999999999993
branching on 2 with b.
189    25     23         0.1500     2.7000     1700.0000  % 
UB: 2.6999999999999993
branching on 3 with b.
190    26     24         0.1500     2.7000     1700.0000  % 
LB close or above UB, fathomed
191    25     24         0.1500     2.7000     1700.0000  % 
LB close or above UB, fathomed
192    24     23         0.1500     2.7000     1700.0000  % 
LB close or above UB, fathomed
193    23     21         0.1500     2.7000     1700.0000  % 
LB close or above UB, fathomed
194    22     20         0.1500     2.7000     1700.0000  % 
LB close or above UB, fathomed
195    21     18         0.1500     2.7000     1700.0000  % 
LB close or above UB, fathomed
196    20     17         0.1500     2.7000     1700.0000  % 
LB close or above UB, fathomed
197    19     14         0.1500     2.7000     1700.0000  % 
LB close or above UB, fathomed
198    18     11         0.1500     2.7000     1700.0000  % 
UB: 2.6999999999999993
branching on 2 with b.
199    19     12         0.1500     2.7000     1700.0000  % 
UB: 2.6999999999999993
branching on CartesianIndex(1, 6) with c.
200    20     13         0.1500     2.7000     1700.0000  % 
UB: 2.6999999999999993
branching on CartesianIndex(2, 6) with c.
201    21     14         0.1500     2.7000     1700.0000  % 
LB close or above UB, fathomed
202    20     14         0.1500     2.7000     1700.0000  % 
UB: 2.6999999999999993
branching on 3 with b.
203    21     15         0.1500     2.7000     1700.0000  % 
LB close or above UB, fathomed
204    20     15         0.1500     2.7000     1700.0000  % 
UB: 2.6999999999999993
branching on 1 with b.
205    21     16         0.1500     2.7000     1700.0000  % 
UB: 2.6999999999999993
branching on CartesianIndex(1, 7) with c.
206    22     17         0.1500     2.7000     1700.0000  % 
UB: 2.6999999999999993
branching on CartesianIndex(2, 7) with c.
207    23     18         0.1500     2.7000     1700.0000  % 
UB: 2.6999999999999993
branching on 2 with b.
208    24     19         0.1500     2.7000     1700.0000  % 
UB: 2.6999999999999993
branching on 3 with b.
209    25     20         0.1500     2.7000     1700.0000  % 
UB: 2.6999999999999993
branching on 1 with b.
210    25     21         0.1500     2.7000     1700.0000  % 
UB: 2.6999999999999993
branching on 2 with b.
211    25     22         0.1500     2.7000     1700.0000  % 
UB: 2.6999999999999993
branching on 3 with b.
212    26     23         0.1500     2.7000     1700.0000  % 
LB close or above UB, fathomed
213    25     23         0.1500     2.7000     1700.0000  % 
LB close or above UB, fathomed
214    24     20         0.1500     2.7000     1700.0000  % 
LB close or above UB, fathomed
215    23     19         0.1500     2.7000     1700.0000  % 
UB: 2.6999999999999993
branching on 3 with b.
216    24     20         0.1500     2.7000     1700.0000  % 
UB: 2.6999999999999993
branching on 1 with b.
217    24     21         0.1500     2.7000     1700.0000  % 
UB: 2.6999999999999993
branching on 2 with b.
218    24     22         0.1500     2.7000     1700.0000  % 
UB: 2.6999999999999993
branching on 3 with b.
219    25     20         0.1500     2.7000     1700.0000  % 
LB close or above UB, fathomed
220    24     18         0.1500     2.7000     1700.0000  % 
LB close or above UB, fathomed
221    23     17         0.1500     2.7000     1700.0000  % 
LB close or above UB, fathomed
222    22     16         0.1500     2.7000     1700.0000  % 
LB close or above UB, fathomed
223    21     13         0.1500     2.7000     1700.0000  % 
LB close or above UB, fathomed
224    20     12         0.1500     2.7000     1700.0000  % 
UB: 2.6999999999999993
branching on CartesianIndex(1, 6) with c.
225    21     13         0.1500     2.7000     1700.0000  % 
UB: 2.6999999999999993
branching on CartesianIndex(2, 6) with c.
226    22     14         0.1500     2.7000     1700.0000  % 
LB close or above UB, fathomed
227    21     14         0.1500     2.7000     1700.0000  % 
UB: 2.6999999999999993
branching on CartesianIndex(1, 7) with c.
228    22     15         0.1500     2.7000     1700.0000  % 
UB: 2.6999999999999993
branching on CartesianIndex(2, 7) with c.
229    23     16         0.1500     2.7000     1700.0000  % 
UB: 2.6999999999999993
branching on 3 with b.
230    24     17         0.1500     2.7000     1700.0000  % 
LB close or above UB, fathomed
231    23     17         0.1500     2.7000     1700.0000  % 
UB: 2.6999999999999993
branching on 1 with b.
232    24     18         0.1500     2.7000     1700.0000  % 
UB: 2.6999999999999993
branching on 2 with b.
233    25     19         0.1500     2.7000     1700.0000  % 
UB: 2.6999999999999993
branching on 3 with b.
234    26     20         0.1500     2.7000     1700.0000  % 
UB: 2.6999999999999993
branching on 1 with b.
235    26     21         0.1500     2.7000     1700.0000  % 
UB: 2.6999999999999993
branching on 2 with b.
236    27     22         0.1500     2.7000     1700.0000  % 
UB: 2.6999999999999993
branching on 3 with b.
237    28     23         0.1500     2.7000     1700.0000  % 
LB close or above UB, fathomed
238    27     23         0.1500     2.7000     1700.0000  % 
LB close or above UB, fathomed
239    26     22         0.1500     2.7000     1700.0000  % 
UB: 2.6999999999999993
branching on 3 with b.
240    27     20         0.1500     2.7000     1700.0000  % 
LB close or above UB, fathomed
241    26     19         0.1500     2.7000     1700.0000  % 
UB: 2.6999999999999993
branching on 3 with b.
242    27     20         0.1500     2.7000     1700.0000  % 
UB: 2.6999999999999993
branching on 1 with b.
243    27     21         0.1500     2.7000     1700.0000  % 
UB: 2.6999999999999993
branching on 2 with b.
244    27     22         0.1500     2.7000     1700.0000  % 
UB: 2.6999999999999993
branching on 3 with b.
245    28     20         0.1500     2.7000     1700.0000  % 
LB close or above UB, fathomed
246    27     18         0.1500     2.7000     1700.0000  % 
LB close or above UB, fathomed
247    26     16         0.1500     2.7000     1700.0000  % 
LB close or above UB, fathomed
248    25     15         0.1500     2.7000     1700.0000  % 
LB close or above UB, fathomed
249    24     13         0.1500     2.7000     1700.0000  % 
LB close or above UB, fathomed
250    23     10         0.1500     2.7000     1700.0000  % 
UB: 2.6999999999999993
branching on 1 with b.
251    24     11         0.1500     2.7000     1700.0000  % 
LB close or above UB, fathomed
252    23     11         0.1500     2.7000     1700.0000  % 
UB: 2.6999999999999993
branching on CartesianIndex(1, 5) with c.
253    24     10         0.1500     2.7000     1700.0000  % 
UB: 2.6999999999999993
branching on CartesianIndex(1, 5) with c.
254    25     11         0.1500     2.7000     1700.0000  % 
LB close or above UB, fathomed
255    24     11         0.1500     2.7000     1700.0000  % 
UB: 2.6999999999999993
branching on CartesianIndex(1, 6) with c.
256    25     12         0.1500     2.7000     1700.0000  % 
UB: 2.6999999999999993
branching on 1 with b.
257    26     13         0.1500     2.7000     1700.0000  % 
LB close or above UB, fathomed
258    25     13         0.1500     2.7000     1700.0000  % 
UB: 2.6999999999999993
branching on CartesianIndex(2, 6) with c.
259    26     12         0.1500     2.7000     1700.0000  % 
LB close or above UB, fathomed
260    25     23         0.1500     2.7000     1700.0000  % 
LB close or above UB, fathomed
261    24     23         0.1500     2.7000     1700.0000  % 
LB close or above UB, fathomed
262    23     23         0.1500     2.7000     1700.0000  % 
LB close or above UB, fathomed
263    22     23         0.1500     2.7000     1700.0000  % 
LB close or above UB, fathomed
264    21     23         0.1500     2.7000     1700.0000  % 
LB close or above UB, fathomed
265    20     23         0.1500     2.7000     1700.0000  % 
LB close or above UB, fathomed
266    19     24         0.1500     2.7000     1700.0000  % 
LB close or above UB, fathomed
267    18     24         0.1500     2.7000     1700.0000  % 
LB close or above UB, fathomed
268    17     24         0.1500     2.7000     1700.0000  % 
LB close or above UB, fathomed
269    16     24         0.1500     2.7000     1700.0000  % 
LB close or above UB, fathomed
270    15     18         0.1500     2.7000     1700.0000  % 
UB: 2.6999999999999993
branching on 1 with b.
271    16     19         0.1500     2.7000     1700.0000  % 
LB close or above UB, fathomed
272    15     19         0.1500     2.7000     1700.0000  % 
LB close or above UB, fathomed
273    14     18         0.1500     2.7000     1700.0000  % 
LB close or above UB, fathomed
274    13     10         0.1500     2.7000     1700.0000  % 
UB: 2.6999999999999993
branching on 1 with b.
275    14     11         0.1500     2.7000     1700.0000  % 
UB: 2.6999999999999993
branching on CartesianIndex(2, 5) with c.
276    15     12         0.1500     2.7000     1700.0000  % 
LB close or above UB, fathomed
277    14     12         0.1500     2.7000     1700.0000  % 
UB: 2.6999999999999993
branching on CartesianIndex(1, 6) with c.
278    15     13         0.1500     2.7000     1700.0000  % 
UB: 2.6999999999999993
branching on CartesianIndex(2, 6) with c.
279    16     13         0.1500     2.7000     1700.0000  % 
UB: 2.6999999999999993
branching on 2 with b.
280    17     14         0.1500     2.7000     1700.0000  % 
UB: 2.6999999999999993
branching on CartesianIndex(1, 7) with c.
281    18     15         0.1500     2.7000     1700.0000  % 
UB: 2.6999999999999993
branching on 3 with b.
282    19     16         0.1500     2.7000     1700.0000  % 
UB: 2.6999999999999993
branching on 1 with b.
283    20     17         0.1500     2.7000     1700.0000  % 
LB close or above UB, fathomed
284    19     17         0.1500     2.7000     1700.0000  % 
LB close or above UB, fathomed
285    18     16         0.1500     2.7000     1700.0000  % 
UB: 2.6999999999999993
branching on CartesianIndex(2, 7) with c.
286    19     17         0.1500     2.7000     1700.0000  % 
UB: 2.6999999999999993
branching on 1 with b.
287    20     18         0.1500     2.7000     1700.0000  % 
LB close or above UB, fathomed
288    19     18         0.1500     2.7000     1700.0000  % 
LB close or above UB, fathomed
289    18     17         0.1500     2.7000     1700.0000  % 
LB close or above UB, fathomed
290    17     15         0.1500     2.7000     1700.0000  % 
LB close or above UB, fathomed
291    16     14         0.1500     2.7000     1700.0000  % 
LB close or above UB, fathomed
292    15     11         0.1500     2.7000     1700.0000  % 
LB close or above UB, fathomed
293    14     10         0.1500     2.7000     1700.0000  % 
LB close or above UB, fathomed
294    13     11         0.1500     2.7000     1700.0000  % 
UB: 2.6999999999999993
branching on 1 with b.
295    14     11         0.1500     2.7000     1700.0000  % 
LB close or above UB, fathomed
296    13     13         0.1500     2.7000     1700.0000  % 
UB: 2.6999999999999993
branching on CartesianIndex(2, 5) with c.
297    14     13         0.1500     2.7000     1700.0000  % 
UB: 2.6999999999999993
branching on CartesianIndex(1, 6) with c.
298    15     14         0.1500     2.7000     1700.0000  % 
UB: 2.6999999999999993
branching on CartesianIndex(2, 6) with c.
299    16     15         0.1500     2.7000     1700.0000  % 
LB close or above UB, fathomed
300    15     15         0.1500     2.7000     1700.0000  % 
UB: 2.6999999999999993
branching on CartesianIndex(1, 7) with c.
301    16     16         0.1500     2.7000     1700.0000  % 
UB: 2.6999999999999993
branching on CartesianIndex(2, 7) with c.
302    17     17         0.1500     2.7000     1700.0000  % 
UB: 2.6999999999999993
branching on 1 with b.
303    18     18         0.1500     2.7000     1700.0000  % 
UB: 2.6999999999999993
branching on 2 with b.
304    19     19         0.1500     2.7000     1700.0000  % 
UB: 2.6999999999999993
branching on 3 with b.
305    20     20         0.1500     2.7000     1700.0000  % 
UB: 2.6999999999999993
branching on 1 with b.
306    20     21         0.1500     2.7000     1700.0000  % 
UB: 2.6999999999999993
branching on 2 with b.
307    20     22         0.1500     2.7000     1700.0000  % 
UB: 2.6999999999999993
branching on 3 with b.
308    21     23         0.1500     2.7000     1700.0000  % 
LB close or above UB, fathomed
309    20     23         0.1500     2.7000     1700.0000  % 
LB close or above UB, fathomed
310    19     20         0.1500     2.7000     1700.0000  % 
LB close or above UB, fathomed
311    18     19         0.1500     2.7000     1700.0000  % 
UB: 2.6999999999999993
branching on 3 with b.
312    19     20         0.1500     2.7000     1700.0000  % 
UB: 2.6999999999999993
branching on 1 with b.
313    19     21         0.1500     2.7000     1700.0000  % 
UB: 2.6999999999999993
branching on 2 with b.
314    20     22         0.1500     2.7000     1700.0000  % 
UB: 2.6999999999999993
branching on 3 with b.
315    21     23         0.1500     2.7000     1700.0000  % 
LB close or above UB, fathomed
316    20     23         0.1500     2.7000     1700.0000  % 
LB close or above UB, fathomed
317    19     22         0.1500     2.7000     1700.0000  % 
UB: 2.6999999999999993
branching on 3 with b.
318    20     23         0.1500     2.7000     1700.0000  % 
LB close or above UB, fathomed
319    19     23         0.1500     2.7000     1700.0000  % 
LB close or above UB, fathomed
320    18     20         0.1500     2.7000     1700.0000  % 
LB close or above UB, fathomed
321    17     18         0.1500     2.7000     1700.0000  % 
LB close or above UB, fathomed
322    16     17         0.1500     2.7000     1700.0000  % 
LB close or above UB, fathomed
323    15     16         0.1500     2.7000     1700.0000  % 
LB close or above UB, fathomed
324    14     14         0.1500     2.7000     1700.0000  % 
LB close or above UB, fathomed
325    13     14         0.1500     2.7000     1700.0000  % 
UB: 2.6999999999999993
branching on CartesianIndex(1, 6) with c.
326    14     15         0.1500     2.7000     1700.0000  % 
UB: 2.6999999999999993
branching on CartesianIndex(2, 6) with c.
327    15     16         0.1500     2.7000     1700.0000  % 
LB close or above UB, fathomed
328    14     16         0.1500     2.7000     1700.0000  % 
UB: 2.6999999999999993
branching on CartesianIndex(1, 7) with c.
329    15     17         0.1500     2.7000     1700.0000  % 
UB: 2.6999999999999993
branching on 1 with b.
330    16     18         0.1500     2.7000     1700.0000  % 
UB: 2.6999999999999993
branching on CartesianIndex(2, 7) with c.
331    17     19         0.1500     2.7000     1700.0000  % 
UB: 2.6999999999999993
branching on 2 with b.
332    18     20         0.1500     2.7000     1700.0000  % 
LB close or above UB, fathomed
333    17     20         0.1500     2.7000     1700.0000  % 
UB: 2.6999999999999993
branching on 3 with b.
334    18     21         0.1500     2.7000     1700.0000  % 
UB: 2.6999999999999993
branching on 1 with b.
335    18     22         0.1500     2.7000     1700.0000  % 
UB: 2.6999999999999993
branching on 2 with b.
336    19     23         0.1500     2.7000     1700.0000  % 
UB: 2.6999999999999993
branching on 3 with b.
337    20     24         0.1500     2.7000     1700.0000  % 
LB close or above UB, fathomed
338    19     24         0.1500     2.7000     1700.0000  % 
LB close or above UB, fathomed
339    18     23         0.1500     2.7000     1700.0000  % 
UB: 2.6999999999999993
branching on 3 with b.
340    19     24         0.1500     2.7000     1700.0000  % 
LB close or above UB, fathomed
341    18     24         0.1500     2.7000     1700.0000  % 
LB close or above UB, fathomed
342    17     21         0.1500     2.7000     1700.0000  % 
LB close or above UB, fathomed
343    16     19         0.1500     2.7000     1700.0000  % 
LB close or above UB, fathomed
344    15     18         0.1500     2.7000     1700.0000  % 
LB close or above UB, fathomed
345    14     17         0.1500     2.7000     1700.0000  % 
LB close or above UB, fathomed
346    13     15         0.1500     2.7000     1700.0000  % 
LB close or above UB, fathomed
347    12     14         0.1500     2.7000     1700.0000  % 
UB: 2.6999999999999993
branching on CartesianIndex(1, 6) with c.
348    13     15         0.1500     2.7000     1700.0000  % 
UB: 2.6999999999999993
branching on CartesianIndex(2, 6) with c.
349    14     16         0.1500     2.7000     1700.0000  % 
LB close or above UB, fathomed
350    13     16         0.1500     2.7000     1700.0000  % 
UB: 2.6999999999999993
branching on CartesianIndex(1, 7) with c.
351    14     17         0.1500     2.7000     1700.0000  % 
UB: 2.6999999999999993
branching on CartesianIndex(2, 7) with c.
352    15     18         0.1500     2.7000     1700.0000  % 
UB: 2.6999999999999993
branching on 1 with b.
353    16     19         0.1500     2.7000     1700.0000  % 
UB: 2.6999999999999993
branching on 2 with b.
354    17     20         0.1500     2.7000     1700.0000  % 
LB close or above UB, fathomed
355    16     20         0.1500     2.7000     1700.0000  % 
UB: 2.6999999999999993
branching on 3 with b.
356    17     21         0.1500     2.7000     1700.0000  % 
UB: 2.6999999999999993
branching on 1 with b.
357    17     22         0.1500     2.7000     1700.0000  % 
UB: 2.6999999999999993
branching on 2 with b.
358    18     23         0.1500     2.7000     1700.0000  % 
UB: 2.6999999999999993
branching on 3 with b.
359    19     24         0.1500     2.7000     1700.0000  % 
LB close or above UB, fathomed
360    18     24         0.1500     2.7000     1700.0000  % 
LB close or above UB, fathomed
361    17     23         0.1500     2.7000     1700.0000  % 
UB: 2.6999999999999993
branching on 3 with b.
362    18     24         0.1500     2.7000     1700.0000  % 
LB close or above UB, fathomed
363    17     24         0.1500     2.7000     1700.0000  % 
LB close or above UB, fathomed
364    16     21         0.1500     2.7000     1700.0000  % 
LB close or above UB, fathomed
365    15     19         0.1500     2.7000     1700.0000  % 
UB: 2.6999999999999993
branching on 2 with b.
366    16     20         0.1500     2.7000     1700.0000  % 
LB close or above UB, fathomed
367    15     20         0.1500     2.7000     1700.0000  % 
UB: 2.6999999999999993
branching on 3 with b.
368    16     21         0.1500     2.7000     1700.0000  % 
UB: 2.6999999999999993
branching on 1 with b.
369    16     22         0.1500     2.7000     1700.0000  % 
UB: 2.6999999999999993
branching on 2 with b.
370    17     23         0.1500     2.7000     1700.0000  % 
UB: 2.6999999999999993
branching on 3 with b.
371    18     24         0.1500     2.7000     1700.0000  % 
LB close or above UB, fathomed
372    17     24         0.1500     2.7000     1700.0000  % 
LB close or above UB, fathomed
373    16     23         0.1500     2.7000     1700.0000  % 
LB close or above UB, fathomed
374    15     21         0.1500     2.7000     1700.0000  % 
LB close or above UB, fathomed
375    14     18         0.1500     2.7000     1700.0000  % 
LB close or above UB, fathomed
376    13     17         0.1500     2.7000     1700.0000  % 
LB close or above UB, fathomed
377    12     15         0.1500     2.7000     1700.0000  % 
LB close or above UB, fathomed
378    11     14         0.1500     2.7000     1700.0000  % 
UB: 2.6999999999999993
branching on 2 with b.
379    12     15         0.1500     2.7000     1700.0000  % 
UB: 2.6999999999999993
branching on 3 with b.
380    13     16         0.1500     2.7000     1700.0000  % 
UB: 2.6999999999999993
branching on 1 with b.
381    14     16         0.1500     2.7000     1700.0000  % 
UB: 2.6999999999999993
branching on CartesianIndex(1, 7) with c.
382    15     17         0.1500     2.7000     1700.0000  % 
UB: 2.6999999999999993
branching on 1 with b.
383    16     18         0.1500     2.7000     1700.0000  % 
LB close or above UB, fathomed
384    15     18         0.1500     2.7000     1700.0000  % 
LB close or above UB, fathomed
385    14     17         0.1500     2.7000     1700.0000  % 
LB close or above UB, fathomed
386    13     15         0.1500     2.7000     1700.0000  % 
LB close or above UB, fathomed
387    12     14         0.1500     2.7000     1700.0000  % 
UB: 2.6999999999999993
branching on CartesianIndex(1, 7) with c.
388    13     15         0.1500     2.7000     1700.0000  % 
UB: 2.6999999999999993
branching on 2 with b.
389    14     16         0.1500     2.7000     1700.0000  % 
UB: 2.6999999999999993
branching on 3 with b.
390    15     17         0.1500     2.7000     1700.0000  % 
UB: 2.6999999999999993
branching on CartesianIndex(2, 7) with c.
391    16     17         0.1500     2.7000     1700.0000  % 
UB: 2.6999999999999993
branching on 1 with b.
392    17     18         0.1500     2.7000     1700.0000  % 
UB: 2.6999999999999993
branching on 2 with b.
393    18     19         0.1500     2.7000     1700.0000  % 
LB close or above UB, fathomed
394    17     19         0.1500     2.7000     1700.0000  % 
UB: 2.6999999999999993
branching on CartesianIndex(2, 7) with c.
395    18     20         0.1500     2.7000     1700.0000  % 
UB: 2.6999999999999993
branching on 3 with b.
396    19     21         0.1500     2.7000     1700.0000  % 
UB: 2.6999999999999993
branching on 1 with b.
397    20     22         0.1500     2.7000     1700.0000  % 
UB: 2.6999999999999993
branching on 2 with b.
398    21     23         0.1500     2.7000     1700.0000  % 
UB: 2.6999999999999993
branching on 3 with b.
399    22     24         0.1500     2.7000     1700.0000  % 
LB close or above UB, fathomed
400    21     24         0.1500     2.7000     1700.0000  % 
LB close or above UB, fathomed
401    20     23         0.1500     2.7000     1700.0000  % 
UB: 2.6999999999999993
branching on 3 with b.
402    21     24         0.1500     2.7000     1700.0000  % 
LB close or above UB, fathomed
403    20     24         0.1500     2.7000     1700.0000  % 
LB close or above UB, fathomed
404    19     22         0.1500     2.7000     1700.0000  % 
UB: 2.6999999999999993
branching on 2 with b.
405    20     23         0.1500     2.7000     1700.0000  % 
UB: 2.6999999999999993
branching on 3 with b.
406    21     24         0.1500     2.7000     1700.0000  % 
LB close or above UB, fathomed
407    20     24         0.1500     2.7000     1700.0000  % 
LB close or above UB, fathomed
408    19     23         0.1500     2.7000     1700.0000  % 
LB close or above UB, fathomed
409    18     21         0.1500     2.7000     1700.0000  % 
LB close or above UB, fathomed
410    17     20         0.1500     2.7000     1700.0000  % 
LB close or above UB, fathomed
411    16     18         0.1500     2.7000     1700.0000  % 
LB close or above UB, fathomed
412    15     16         0.1500     2.7000     1700.0000  % 
UB: 2.6999999999999993
branching on 3 with b.
413    16     17         0.1500     2.7000     1700.0000  % 
LB close or above UB, fathomed
414    15     17         0.1500     2.7000     1700.0000  % 
UB: 2.6999999999999993
branching on CartesianIndex(2, 7) with c.
415    16     18         0.1500     2.7000     1700.0000  % 
UB: 2.6999999999999993
branching on 1 with b.
416    17     19         0.1500     2.7000     1700.0000  % 
UB: 2.6999999999999993
branching on 2 with b.
417    18     20         0.1500     2.7000     1700.0000  % 
UB: 2.6999999999999993
branching on 3 with b.
418    19     21         0.1500     2.7000     1700.0000  % 
UB: 2.6999999999999993
branching on 1 with b.
419    20     22         0.1500     2.7000     1700.0000  % 
UB: 2.6999999999999993
branching on 2 with b.
420    20     23         0.1500     2.7000     1700.0000  % 
UB: 2.6999999999999993
branching on 3 with b.
421    21     24         0.1500     2.7000     1700.0000  % 
LB close or above UB, fathomed
422    20     24         0.1500     2.7000     1700.0000  % 
LB close or above UB, fathomed
423    19     22         0.1500     2.7000     1700.0000  % 
LB close or above UB, fathomed
424    18     21         0.1500     2.7000     1700.0000  % 
LB close or above UB, fathomed
425    17     20         0.1500     2.7000     1700.0000  % 
LB close or above UB, fathomed
426    16     19         0.1500     2.7000     1700.0000  % 
LB close or above UB, fathomed
427    15     18         0.1500     2.7000     1700.0000  % 
LB close or above UB, fathomed
428    14     15         0.1500     2.7000     1700.0000  % 
LB close or above UB, fathomed
429    13     14         0.1500     2.7000     1700.0000  % 
LB close or above UB, fathomed
430    12     14         0.1500     2.7000     1700.0000  % 
UB: 2.6999999999999993
branching on CartesianIndex(1, 7) with c.
431    13     15         0.1500     2.7000     1700.0000  % 
UB: 2.6999999999999993
branching on 2 with b.
432    14     16         0.1500     2.7000     1700.0000  % 
UB: 2.6999999999999993
branching on 3 with b.
433    15     17         0.1500     2.7000     1700.0000  % 
LB close or above UB, fathomed
434    14     17         0.1500     2.7000     1700.0000  % 
UB: 2.6999999999999993
branching on CartesianIndex(2, 7) with c.
435    15     18         0.1500     2.7000     1700.0000  % 
UB: 2.6999999999999993
branching on 1 with b.
436    16     19         0.1500     2.7000     1700.0000  % 
UB: 2.6999999999999993
branching on 2 with b.
437    17     20         0.1500     2.7000     1700.0000  % 
UB: 2.6999999999999993
branching on 3 with b.
438    18     21         0.1500     2.7000     1700.0000  % 
UB: 2.6999999999999993
branching on 1 with b.
439    18     22         0.1500     2.7000     1700.0000  % 
UB: 2.6999999999999993
branching on 2 with b.
440    18     23         0.1500     2.7000     1700.0000  % 
UB: 2.6999999999999993
branching on 3 with b.
441    19     24         0.1500     2.7000     1700.0000  % 
LB close or above UB, fathomed
442    18     24         0.1500     2.7000     1700.0000  % 
LB close or above UB, fathomed
443    17     21         0.1500     2.7000     1700.0000  % 
LB close or above UB, fathomed
444    16     20         0.1500     2.7000     1700.0000  % 
LB close or above UB, fathomed
445    15     19         0.1500     2.7000     1700.0000  % 
LB close or above UB, fathomed
446    14     18         0.1500     2.7000     1700.0000  % 
LB close or above UB, fathomed
447    13     16         0.1500     2.7000     1700.0000  % 
LB close or above UB, fathomed
448    12     15         0.1500     2.7000     1700.0000  % 
LB close or above UB, fathomed
449    11     12         0.1500     2.7000     1700.0000  % 
LB close or above UB, fathomed
450    10     12         0.1500     2.7000     1700.0000  % 
UB: 2.6999999999999993
branching on 2 with b.
451    11     13         0.1500     2.7000     1700.0000  % 
UB: 2.6999999999999993
branching on 3 with b.
452    12     14         0.1500     2.7000     1700.0000  % 
LB close or above UB, fathomed
453    11     14         0.1500     2.7000     1700.0000  % 
UB: 2.6999999999999993
branching on 1 with b.
454    12     15         0.1500     2.7000     1700.0000  % 
UB: 2.6999999999999993
branching on CartesianIndex(1, 6) with c.
455    13     16         0.1500     2.7000     1700.0000  % 
UB: 2.6999999999999993
branching on CartesianIndex(2, 6) with c.
456    14     17         0.1500     2.7000     1700.0000  % 
LB close or above UB, fathomed
457    13     17         0.1500     2.7000     1700.0000  % 
UB: 2.6999999999999993
branching on CartesianIndex(1, 7) with c.
458    14     18         0.1500     2.7000     1700.0000  % 
UB: 2.6999999999999993
branching on 2 with b.
459    15     19         0.1500     2.7000     1700.0000  % 
UB: 2.6999999999999993
branching on CartesianIndex(2, 7) with c.
460    16     20         0.1500     2.7000     1700.0000  % 
UB: 2.6999999999999993
branching on 3 with b.
461    17     21         0.1500     2.7000     1700.0000  % 
UB: 2.6999999999999993
branching on 1 with b.
462    17     22         0.1500     2.7000     1700.0000  % 
UB: 2.6999999999999993
branching on 2 with b.
463    17     23         0.1500     2.7000     1700.0000  % 
UB: 2.6999999999999993
branching on 3 with b.
464    18     24         0.1500     2.7000     1700.0000  % 
LB close or above UB, fathomed
465    17     24         0.1500     2.7000     1700.0000  % 
LB close or above UB, fathomed
466    16     21         0.1500     2.7000     1700.0000  % 
LB close or above UB, fathomed
467    15     20         0.1500     2.7000     1700.0000  % 
LB close or above UB, fathomed
468    14     19         0.1500     2.7000     1700.0000  % 
LB close or above UB, fathomed
469    13     18         0.1500     2.7000     1700.0000  % 
LB close or above UB, fathomed
470    12     16         0.1500     2.7000     1700.0000  % 
LB close or above UB, fathomed
471    11     15         0.1500     2.7000     1700.0000  % 
LB close or above UB, fathomed
472    10     13         0.1500     2.7000     1700.0000  % 
LB close or above UB, fathomed
473    9      11         0.1500     2.7000     1700.0000  % 
LB close or above UB, fathomed
474    8      11         0.1500     2.7000     1700.0000  % 
UB: 2.6999999999999993
branching on CartesianIndex(1, 4) with c.
475    9      12         0.1500     2.7000     1700.0000  % 
LB close or above UB, fathomed
476    8      12         0.1500     2.7000     1700.0000  % 
UB: 2.6999999999999993
branching on CartesianIndex(1, 5) with c.
477    9      13         0.1500     2.7000     1700.0000  % 
UB: 2.6999999999999993
branching on CartesianIndex(2, 5) with c.
478    10     14         0.1500     2.7000     1700.0000  % 
UB: 2.6999999999999993
branching on 1 with b.
479    11     15         0.1500     2.7000     1700.0000  % 
UB: 2.6999999999999993
branching on CartesianIndex(1, 6) with c.
480    12     16         0.1500     2.7000     1700.0000  % 
UB: 2.6999999999999993
branching on CartesianIndex(2, 6) with c.
481    13     17         0.1500     2.7000     1700.0000  % 
LB close or above UB, fathomed
482    12     17         0.1500     2.7000     1700.0000  % 
UB: 2.6999999999999993
branching on CartesianIndex(1, 7) with c.
483    13     18         0.1500     2.7000     1700.0000  % 
UB: 2.6999999999999993
branching on CartesianIndex(2, 7) with c.
484    14     19         0.1500     2.7000     1700.0000  % 
UB: 2.6999999999999993
branching on 2 with b.
485    15     20         0.1500     2.7000     1700.0000  % 
UB: 2.6999999999999993
branching on 3 with b.
486    16     21         0.1500     2.7000     1700.0000  % 
UB: 2.6999999999999993
branching on 1 with b.
487    16     22         0.1500     2.7000     1700.0000  % 
UB: 2.6999999999999993
branching on 2 with b.
488    16     23         0.1500     2.7000     1700.0000  % 
UB: 2.6999999999999993
branching on 3 with b.
489    17     24         0.1500     2.7000     1700.0000  % 
LB close or above UB, fathomed
490    16     24         0.1500     2.7000     1700.0000  % 
LB close or above UB, fathomed
491    15     21         0.1500     2.7000     1700.0000  % 
LB close or above UB, fathomed
492    14     20         0.1500     2.7000     1700.0000  % 
UB: 2.6999999999999993
branching on 3 with b.
493    15     21         0.1500     2.7000     1700.0000  % 
UB: 2.6999999999999993
branching on 1 with b.
494    15     22         0.1500     2.7000     1700.0000  % 
UB: 2.6999999999999993
branching on 2 with b.
495    15     23         0.1500     2.7000     1700.0000  % 
UB: 2.6999999999999993
branching on 3 with b.
496    16     24         0.1500     2.7000     1700.0000  % 
LB close or above UB, fathomed
497    15     24         0.1500     2.7000     1700.0000  % 
LB close or above UB, fathomed
498    14     21         0.1500     2.7000     1700.0000  % 
LB close or above UB, fathomed
499    13     19         0.1500     2.7000     1700.0000  % 
LB close or above UB, fathomed
500    12     18         0.1500     2.7000     1700.0000  % 
LB close or above UB, fathomed
501    11     16         0.1500     2.7000     1700.0000  % 
LB close or above UB, fathomed
502    10     15         0.1500     2.7000     1700.0000  % 
LB close or above UB, fathomed
503    9      14         0.1500     2.7000     1700.0000  % 
UB: 2.6999999999999993
branching on 1 with b.
504    10     15         0.1500     2.7000     1700.0000  % 
UB: 2.6999999999999993
branching on 2 with b.
505    11     16         0.1500     2.7000     1700.0000  % 
UB: 2.6999999999999993
branching on CartesianIndex(1, 6) with c.
506    12     17         0.1500     2.7000     1700.0000  % 
UB: 2.6999999999999993
branching on CartesianIndex(2, 6) with c.
507    13     18         0.1500     2.7000     1700.0000  % 
LB close or above UB, fathomed
508    12     18         0.1500     2.7000     1700.0000  % 
UB: 2.6999999999999993
branching on CartesianIndex(1, 7) with c.
509    13     19         0.1500     2.7000     1700.0000  % 
UB: 2.6999999999999993
branching on CartesianIndex(2, 7) with c.
510    14     20         0.1500     2.7000     1700.0000  % 
UB: 2.6999999999999993
branching on 3 with b.
511    15     21         0.1500     2.7000     1700.0000  % 
UB: 2.6999999999999993
branching on 1 with b.
512    15     22         0.1500     2.7000     1700.0000  % 
UB: 2.6999999999999993
branching on 2 with b.
513    15     23         0.1500     2.7000     1700.0000  % 
UB: 2.6999999999999993
branching on 3 with b.
514    16     24         0.1500     2.7000     1700.0000  % 
LB close or above UB, fathomed
515    15     24         0.1500     2.7000     1700.0000  % 
LB close or above UB, fathomed
516    14     21         0.1500     2.7000     1700.0000  % 
LB close or above UB, fathomed
517    13     20         0.1500     2.7000     1700.0000  % 
LB close or above UB, fathomed
518    12     19         0.1500     2.7000     1700.0000  % 
LB close or above UB, fathomed
519    11     17         0.1500     2.7000     1700.0000  % 
LB close or above UB, fathomed
520    10     16         0.1500     2.7000     1700.0000  % 
UB: 2.6999999999999993
branching on 3 with b.
521    11     17         0.1500     2.7000     1700.0000  % 
UB: 2.6999999999999993
branching on CartesianIndex(1, 6) with c.
522    12     18         0.1500     2.7000     1700.0000  % 
UB: 2.6999999999999993
branching on CartesianIndex(2, 6) with c.
523    13     19         0.1500     2.7000     1700.0000  % 
LB close or above UB, fathomed
524    12     19         0.1500     2.7000     1700.0000  % 
UB: 2.6999999999999993
branching on CartesianIndex(1, 7) with c.
525    13     20         0.1500     2.7000     1700.0000  % 
UB: 2.6999999999999993
branching on CartesianIndex(2, 7) with c.
526    14     21         0.1500     2.7000     1700.0000  % 
UB: 2.6999999999999993
branching on 1 with b.
527    14     22         0.1500     2.7000     1700.0000  % 
UB: 2.6999999999999993
branching on 2 with b.
528    14     23         0.1500     2.7000     1700.0000  % 
UB: 2.6999999999999993
branching on 3 with b.
529    15     24         0.1500     2.7000     1700.0000  % 
LB close or above UB, fathomed
530    14     24         0.1500     2.7000     1700.0000  % 
LB close or above UB, fathomed
531    13     21         0.1500     2.7000     1700.0000  % 
LB close or above UB, fathomed
532    12     20         0.1500     2.7000     1700.0000  % 
LB close or above UB, fathomed
533    11     18         0.1500     2.7000     1700.0000  % 
LB close or above UB, fathomed
534    10     17         0.1500     2.7000     1700.0000  % 
LB close or above UB, fathomed
535    9      15         0.1500     2.7000     1700.0000  % 
LB close or above UB, fathomed
536    8      13         0.1500     2.7000     1700.0000  % 
UB: 2.6999999999999993
branching on 1 with b.
537    9      14         0.1500     2.7000     1700.0000  % 
UB: 2.6999999999999993
branching on 2 with b.
538    10     15         0.1500     2.7000     1700.0000  % 
UB: 2.6999999999999993
branching on CartesianIndex(1, 6) with c.
539    11     16         0.1500     2.7000     1700.0000  % 
UB: 2.6999999999999993
branching on CartesianIndex(2, 6) with c.
540    12     17         0.1500     2.7000     1700.0000  % 
LB close or above UB, fathomed
541    11     17         0.1500     2.7000     1700.0000  % 
UB: 2.6999999999999993
branching on 3 with b.
542    12     18         0.1500     2.7000     1700.0000  % 
UB: 2.6999999999999993
branching on CartesianIndex(1, 7) with c.
543    13     19         0.1500     2.7000     1700.0000  % 
UB: 2.6999999999999993
branching on CartesianIndex(2, 7) with c.
544    14     20         0.1500     2.7000     1700.0000  % 
UB: 2.6999999999999993
branching on 1 with b.
545    14     21         0.1500     2.7000     1700.0000  % 
UB: 2.6999999999999993
branching on 2 with b.
546    14     22         0.1500     2.7000     1700.0000  % 
UB: 2.6999999999999993
branching on 3 with b.
547    15     23         0.1500     2.7000     1700.0000  % 
LB close or above UB, fathomed
548    14     23         0.1500     2.7000     1700.0000  % 
LB close or above UB, fathomed
549    13     20         0.1500     2.7000     1700.0000  % 
LB close or above UB, fathomed
550    12     19         0.1500     2.7000     1700.0000  % 
LB close or above UB, fathomed
551    11     18         0.1500     2.7000     1700.0000  % 
LB close or above UB, fathomed
552    10     16         0.1500     2.7000     1700.0000  % 
LB close or above UB, fathomed
553    9      15         0.1500     2.7000     1700.0000  % 
UB: 2.6999999999999993
branching on CartesianIndex(1, 6) with c.
554    10     16         0.1500     2.7000     1700.0000  % 
UB: 2.6999999999999993
branching on CartesianIndex(2, 6) with c.
555    11     17         0.1500     2.7000     1700.0000  % 
LB close or above UB, fathomed
556    10     17         0.1500     2.7000     1700.0000  % 
UB: 2.6999999999999993
branching on CartesianIndex(1, 7) with c.
557    11     18         0.1500     2.7000     1700.0000  % 
UB: 2.6999999999999993
branching on CartesianIndex(2, 7) with c.
558    12     19         0.1500     2.7000     1700.0000  % 
UB: 2.6999999999999993
branching on 3 with b.
559    13     20         0.1500     2.7000     1700.0000  % 
UB: 2.6999999999999993
branching on 1 with b.
560    13     21         0.1500     2.7000     1700.0000  % 
UB: 2.6999999999999993
branching on 2 with b.
561    13     22         0.1500     2.7000     1700.0000  % 
UB: 2.6999999999999993
branching on 3 with b.
562    14     23         0.1500     2.7000     1700.0000  % 
LB close or above UB, fathomed
563    13     23         0.1500     2.7000     1700.0000  % 
LB close or above UB, fathomed
564    12     20         0.1500     2.7000     1700.0000  % 
LB close or above UB, fathomed
565    11     19         0.1500     2.7000     1700.0000  % 
LB close or above UB, fathomed
566    10     18         0.1500     2.7000     1700.0000  % 
LB close or above UB, fathomed
567    9      16         0.1500     2.7000     1700.0000  % 
LB close or above UB, fathomed
568    8      14         0.1500     2.7000     1700.0000  % 
LB close or above UB, fathomed
569    7      12         0.1500     2.7000     1700.0000  % 
LB close or above UB, fathomed
570    6      12         0.1500     2.7000     1700.0000  % 
UB: 2.6999999999999993
branching on CartesianIndex(2, 4) with c.
571    7      13         0.1500     2.7000     1700.0000  % 
UB: 2.6999999999999993
branching on CartesianIndex(1, 5) with c.
572    8      14         0.1500     2.7000     1700.0000  % 
LB close or above UB, fathomed
573    7      14         0.1500     2.7000     1700.0000  % 
UB: 2.6999999999999993
branching on CartesianIndex(1, 6) with c.
574    8      15         0.1500     2.7000     1700.0000  % 
UB: 2.6999999999999993
branching on 1 with b.
575    9      16         0.1500     2.7000     1700.0000  % 
UB: 2.6999999999999993
branching on CartesianIndex(2, 6) with c.
576    10     17         0.1500     2.7000     1700.0000  % 
LB close or above UB, fathomed
577    9      17         0.1500     2.7000     1700.0000  % 
UB: 2.6999999999999993
branching on CartesianIndex(1, 7) with c.
578    10     18         0.1500     2.7000     1700.0000  % 
UB: 2.6999999999999993
branching on CartesianIndex(2, 7) with c.
579    11     19         0.1500     2.7000     1700.0000  % 
UB: 2.6999999999999993
branching on 2 with b.
580    12     20         0.1500     2.7000     1700.0000  % 
UB: 2.6999999999999993
branching on 3 with b.
581    13     21         0.1500     2.7000     1700.0000  % 
UB: 2.6999999999999993
branching on 1 with b.
582    13     22         0.1500     2.7000     1700.0000  % 
UB: 2.6999999999999993
branching on 2 with b.
583    13     23         0.1500     2.7000     1700.0000  % 
UB: 2.6999999999999993
branching on 3 with b.
584    14     24         0.1500     2.7000     1700.0000  % 
LB close or above UB, fathomed
585    13     24         0.1500     2.7000     1700.0000  % 
LB close or above UB, fathomed
586    12     21         0.1500     2.7000     1700.0000  % 
LB close or above UB, fathomed
587    11     20         0.1500     2.7000     1700.0000  % 
LB close or above UB, fathomed
588    10     19         0.1500     2.7000     1700.0000  % 
LB close or above UB, fathomed
589    9      18         0.1500     2.7000     1700.0000  % 
LB close or above UB, fathomed
590    8      16         0.1500     2.7000     1700.0000  % 
LB close or above UB, fathomed
591    7      15         0.1500     2.7000     1700.0000  % 
LB close or above UB, fathomed
592    6      13         0.1500     2.7000     1700.0000  % 
UB: 2.6999999999999993
branching on CartesianIndex(1, 5) with c.
593    7      14         0.1500     2.7000     1700.0000  % 
LB close or above UB, fathomed
594    6      14         0.1500     2.7000     1700.0000  % 
UB: 2.6999999999999993
branching on CartesianIndex(1, 6) with c.
595    7      15         0.1500     2.7000     1700.0000  % 
UB: 2.6999999999999993
branching on CartesianIndex(2, 6) with c.
596    8      16         0.1500     2.7000     1700.0000  % 
LB close or above UB, fathomed
597    7      16         0.1500     2.7000     1700.0000  % 
UB: 2.6999999999999993
branching on CartesianIndex(1, 7) with c.
598    8      17         0.1500     2.7000     1700.0000  % 
UB: 2.6999999999999993
branching on CartesianIndex(2, 7) with c.
599    9      18         0.1500     2.7000     1700.0000  % 
UB: 2.6999999999999993
branching on 1 with b.
600    10     19         0.1500     2.7000     1700.0000  % 
UB: 2.6999999999999993
branching on 2 with b.
601    11     20         0.1500     2.7000     1700.0000  % 
UB: 2.6999999999999993
branching on 3 with b.
602    12     21         0.1500     2.7000     1700.0000  % 
UB: 2.6999999999999993
branching on 1 with b.
603    12     22         0.1500     2.7000     1700.0000  % 
UB: 2.6999999999999993
branching on 2 with b.
604    12     23         0.1500     2.7000     1700.0000  % 
UB: 2.6999999999999993
branching on 3 with b.
605    13     24         0.1500     2.7000     1700.0000  % 
LB close or above UB, fathomed
606    12     24         0.1500     2.7000     1700.0000  % 
LB close or above UB, fathomed
607    11     21         0.1500     2.7000     1700.0000  % 
LB close or above UB, fathomed
608    10     20         0.1500     2.7000     1700.0000  % 
LB close or above UB, fathomed
609    9      19         0.1500     2.7000     1700.0000  % 
LB close or above UB, fathomed
610    8      18         0.1500     2.7000     1700.0000  % 
LB close or above UB, fathomed
611    7      17         0.1500     2.7000     1700.0000  % 
LB close or above UB, fathomed
612    6      15         0.1500     2.7000     1700.0000  % 
LB close or above UB, fathomed
613    5      18         0.1500     2.7000     1700.0000  % 
UB: 2.6999999999999993
branching on 1 with b.
614    6      19         0.1500     2.7000     1700.0000  % 
LB close or above UB, fathomed
615    5      19         0.1500     2.7000     1700.0000  % 
LB close or above UB, fathomed
616    4      18         0.1500     2.7000     1700.0000  % 
LB close or above UB, fathomed
617    3      17         0.1500     2.7000     1700.0000  % 
LB close or above UB, fathomed
618    2      17         0.1500     2.7000     1700.0000  % 
LB close or above UB, fathomed
619    1      12         0.1500     2.7000     1700.0000  % 
LB close or above UB, fathomed
620    0      12         0.1500     2.7000     1700.0000  % 
LB close or above UB, fathomed
all node solved
solved nodes:  621
621                                                   2.7000e+00     2.7000e+00     0.0000  % 
2×3 Matrix{Float64}:
 0.0  0.0  1.0
 1.0  0.0  0.0
3-element Vector{Float64}:
 0.34326925462491686
 0.0
 0.5796134924402365
3×7 Matrix{Float64}:
 0.0  0.0  0.0  0.0  1.0  0.0  0.0
 0.0  0.0  0.0  0.0  0.0  1.0  0.0
 0.0  0.0  0.0  0.0  0.0  0.0  1.0
3-element Vector{Float64}:
 1.0
 0.0
 1.0
2×3 Matrix{Float64}:
 0.0  0.0  1.0
 1.0  0.0  0.0
3-element Vector{Float64}:
 0.329626577052052
 0.0
 0.5517428378903123
3×7 Matrix{Float64}:
 0.0  0.0  0.0  0.0  1.0  0.0  0.0
 0.0  0.0  0.0  0.0  0.0  1.0  0.0
 0.0  0.0  0.0  0.0  0.0  0.0  1.0
3-element Vector{Float64}:
 1.0
 0.0
 1.0
comparison (CRT and Glb)on prediction: Dict{Bool, Int64}(0 => 0, 1 => 4)
Dataname	 time	 objv	 lb	 gap	 train_w	 train_g	 test_w	 test_g
small_toy_9.small_toy	 58.84	 2.6999999999999993	 2.7	 0.0	 88.889	 88.889	 50.0	 50.0
