Running 2 processes.
Start training small_toy_195.small_toy with seed 1.
Any[]
(2, 13)
(2, 6)
(2, 3)
(2, 4)
dimension: 2, class: 3
cart cost: 2.7000000000000006
size of X: (2, 9)
ngroups: 2
UB: 2.6999999999999993
Iter	left	lev	LB	UB	gap	
0      0      1          0.1000     2.7000     2600.0000  % 
UB: 2.6999999999999993
branching on 1 with d.
1      1      2          0.1000     2.7000     2600.0000  % 
LB close or above UB, fathomed
2      0      2          0.1000     2.7000     2600.0000  % 
UB: 2.6999999999999993
branching on 2 with d.
3      1      3          0.1000     2.7000     2600.0000  % 
UB: 2.6999999999999993
branching on 3 with d.
4      2      4          0.1000     2.7000     2600.0000  % 
LB close or above UB, fathomed
5      1      4          0.1000     2.7000     2600.0000  % 
UB: 2.6999999999999993
branching on CartesianIndex(1, 1) with a.
6      2      5          0.1000     2.7000     2600.0000  % 
UB: 2.6999999999999993
branching on CartesianIndex(1, 3) with a.
7      3      6          0.1000     2.7000     2600.0000  % 
UB: 2.6999999999999993
branching on 1 with b.
8      4      7          0.1000     2.7000     2600.0000  % 
UB: 2.6999999999999993
branching on CartesianIndex(1, 5) with c.
9      5      8          0.1000     2.7000     2600.0000  % 
LB close or above UB, fathomed
10     4      8          0.1000     2.7000     2600.0000  % 
UB: 2.6999999999999993
branching on CartesianIndex(1, 6) with c.
11     5      9          0.1000     2.7000     2600.0000  % 
UB: 2.6999999999999993
branching on 1 with b.
12     6      10         0.1000     2.7000     2600.0000  % 
LB close or above UB, fathomed
13     5      10         0.1000     2.7000     2600.0000  % 
UB: 2.6999999999999993
branching on 3 with b.
14     6      11         0.1000     2.7000     2600.0000  % 
LB close or above UB, fathomed
15     5      11         0.1000     2.7000     2600.0000  % 
LB close or above UB, fathomed
16     4      9          0.1000     2.7000     2600.0000  % 
LB close or above UB, fathomed
17     3      7          0.1000     2.7000     2600.0000  % 
LB close or above UB, fathomed
18     2      6          0.1000     2.7000     2600.0000  % 
LB close or above UB, fathomed
19     1      5          0.1000     2.7000     2600.0000  % 
LB close or above UB, fathomed
20     0      3          0.1000     2.7000     2600.0000  % 
UB: 2.6999999999999993
branching on 3 with d.
21     1      4          0.1000     2.7000     2600.0000  % 
UB: 2.6999999999999993
branching on CartesianIndex(1, 1) with a.
22     2      5          0.1000     2.7000     2600.0000  % 
UB: 2.6999999999999993
branching on 1 with b.
23     3      6          0.1000     2.7000     2600.0000  % 
LB close or above UB, fathomed
24     2      6          0.1000     2.7000     2600.0000  % 
LB close or above UB, fathomed
25     1      5          0.1000     2.7000     2600.0000  % 
LB close or above UB, fathomed
26     0      4          0.1000     2.7000     2600.0000  % 
UB: 2.6999999999999993
branching on CartesianIndex(1, 1) with a.
27     1      5          0.1500     2.7000     1700.0000  % 
UB: 2.6999999999999993
branching on CartesianIndex(1, 2) with a.
28     2      6          0.1500     2.7000     1700.0000  % 
UB: 2.6999999999999993
branching on 1 with b.
29     3      7          0.1500     2.7000     1700.0000  % 
UB: 2.6999999999999993
branching on CartesianIndex(1, 3) with a.
30     4      8          0.1500     2.7000     1700.0000  % 
UB: 2.6999999999999993
branching on 1 with b.
31     5      8          0.1500     2.7000     1700.0000  % 
UB: 2.6999999999999993
branching on 1 with b.
32     6      9          0.1500     2.7000     1700.0000  % 
LB close or above UB, fathomed
33     5      9          0.1500     2.7000     1700.0000  % 
UB: 2.6999999999999993
branching on CartesianIndex(1, 4) with c.
34     6      10         0.1500     2.7000     1700.0000  % 
LB close or above UB, fathomed
35     5      10         0.1500     2.7000     1700.0000  % 
UB: 2.6999999999999993
branching on 2 with b.
36     6      11         0.1500     2.7000     1700.0000  % 
UB: 2.6999999999999993
branching on 3 with b.
37     7      12         0.1500     2.7000     1700.0000  % 
LB close or above UB, fathomed
38     6      12         0.1500     2.7000     1700.0000  % 
UB: 2.6999999999999993
branching on CartesianIndex(1, 5) with c.
39     7      13         0.1500     2.7000     1700.0000  % 
UB: 2.6999999999999993
branching on 1 with b.
40     8      13         0.1500     2.7000     1700.0000  % 
LB close or above UB, fathomed
41     7      11         0.1500     2.7000     1700.0000  % 
LB close or above UB, fathomed
42     6      7          0.1500     2.7000     1700.0000  % 
LB close or above UB, fathomed
43     5      6          0.1500     2.7000     1700.0000  % 
UB: 2.6999999999999993
branching on CartesianIndex(1, 3) with a.
44     6      7          0.1500     2.7000     1700.0000  % 
UB: 2.6999999999999993
branching on CartesianIndex(1, 4) with c.
45     7      7          0.1500     2.7000     1700.0000  % 
UB: 2.6999999999999993
branching on 1 with b.
46     8      8          0.1500     2.7000     1700.0000  % 
UB: 2.6999999999999993
branching on 1 with b.
47     9      9          0.1500     2.7000     1700.0000  % 
LB close or above UB, fathomed
48     8      9          0.1500     2.7000     1700.0000  % 
UB: 2.6999999999999993
branching on CartesianIndex(1, 4) with c.
49     9      10         0.1500     2.7000     1700.0000  % 
LB close or above UB, fathomed
50     8      10         0.1500     2.7000     1700.0000  % 
UB: 2.6999999999999993
branching on CartesianIndex(1, 5) with c.
51     9      11         0.1500     2.7000     1700.0000  % 
UB: 2.6999999999999993
branching on 2 with b.
52     10     12         0.1500     2.7000     1700.0000  % 
LB close or above UB, fathomed
53     9      12         0.1500     2.7000     1700.0000  % 
UB: 2.6999999999999993
branching on CartesianIndex(2, 5) with c.
54     10     13         0.1500     2.7000     1700.0000  % 
LB close or above UB, fathomed
55     9      13         0.1500     2.7000     1700.0000  % 
UB: 2.6999999999999993
branching on 3 with b.
56     10     14         0.1500     2.7000     1700.0000  % 
LB close or above UB, fathomed
57     9      14         0.1500     2.7000     1700.0000  % 
UB: 2.6999999999999993
branching on CartesianIndex(1, 6) with c.
58     10     15         0.1500     2.7000     1700.0000  % 
UB: 2.6999999999999993
branching on 1 with b.
59     11     16         0.1500     2.7000     1700.0000  % 
LB close or above UB, fathomed
60     10     16         0.1500     2.7000     1700.0000  % 
UB: 2.6999999999999993
branching on CartesianIndex(2, 6) with c.
61     11     17         0.1500     2.7000     1700.0000  % 
LB close or above UB, fathomed
62     10     17         0.1500     2.7000     1700.0000  % 
UB: 2.6999999999999993
branching on CartesianIndex(1, 7) with c.
63     11     18         0.1500     2.7000     1700.0000  % 
UB: 2.6999999999999993
branching on CartesianIndex(2, 7) with c.
64     12     19         0.1500     2.7000     1700.0000  % 
UB: 2.6999999999999993
branching on 2 with b.
65     13     20         0.1500     2.7000     1700.0000  % 
UB: 2.6999999999999993
branching on 3 with b.
66     14     21         0.1500     2.7000     1700.0000  % 
UB: 2.6999999999999993
branching on 1 with b.
67     14     22         0.1500     2.7000     1700.0000  % 
UB: 2.6999999999999993
branching on 2 with b.
68     14     23         0.1500     2.7000     1700.0000  % 
UB: 2.6999999999999993
branching on 3 with b.
69     14     24         0.1500     2.7000     1700.0000  % 
UB: 2.6999999999999993
branching on 1 with b.
70     14     25         0.1500     2.7000     1700.0000  % 
UB: 2.6999999999999993
branching on 2 with b.
71     15     26         0.1500     2.7000     1700.0000  % 
LB close or above UB, fathomed
72     14     26         0.1500     2.7000     1700.0000  % 
UB: 2.6999999999999993
branching on 3 with b.
73     15     27         0.1500     2.7000     1700.0000  % 
LB close or above UB, fathomed
74     14     27         0.1500     2.7000     1700.0000  % 
LB close or above UB, fathomed
75     13     21         0.1500     2.7000     1700.0000  % 
LB close or above UB, fathomed
76     12     20         0.1500     2.7000     1700.0000  % 
LB close or above UB, fathomed
77     11     19         0.1500     2.7000     1700.0000  % 
LB close or above UB, fathomed
78     10     18         0.1500     2.7000     1700.0000  % 
LB close or above UB, fathomed
79     9      15         0.1500     2.7000     1700.0000  % 
LB close or above UB, fathomed
80     8      11         0.1500     2.7000     1700.0000  % 
LB close or above UB, fathomed
81     7      8          0.1500     2.7000     1700.0000  % 
LB close or above UB, fathomed
82     6      5          0.1500     2.7000     1700.0000  % 
UB: 2.6999999999999993
branching on 1 with b.
83     7      6          0.1500     2.7000     1700.0000  % 
LB close or above UB, fathomed
84     6      6          0.1500     2.7000     1700.0000  % 
UB: 2.6999999999999993
branching on CartesianIndex(1, 2) with a.
85     7      7          0.1500     2.7000     1700.0000  % 
UB: 2.6999999999999993
branching on 1 with b.
86     8      8          0.1500     2.7000     1700.0000  % 
UB: 2.6999999999999993
branching on 2 with b.
87     9      9          0.1500     2.7000     1700.0000  % 
UB: 2.6999999999999993
branching on CartesianIndex(1, 3) with a.
88     10     10         0.1500     2.7000     1700.0000  % 
UB: 2.6999999999999993
branching on 3 with b.
89     11     10         0.1500     2.7000     1700.0000  % 
UB: 2.6999999999999993
branching on CartesianIndex(1, 4) with c.
90     12     9          0.1500     2.7000     1700.0000  % 
UB: 2.6999999999999993
branching on CartesianIndex(1, 3) with a.
91     13     8          0.1500     2.7000     1700.0000  % 
LB close or above UB, fathomed
92     12     7          0.1500     2.7000     1700.0000  % 
UB: 2.6999999999999993
branching on CartesianIndex(1, 3) with a.
93     13     8          0.1500     2.7000     1700.0000  % 
UB: 2.6999999999999993
branching on CartesianIndex(1, 4) with c.
94     14     9          0.1500     2.7000     1700.0000  % 
LB close or above UB, fathomed
95     13     9          0.1500     2.7000     1700.0000  % 
UB: 2.6999999999999993
branching on 1 with b.
96     14     10         0.1500     2.7000     1700.0000  % 
UB: 2.6999999999999993
branching on 2 with b.
97     15     11         0.1500     2.7000     1700.0000  % 
UB: 2.6999999999999993
branching on CartesianIndex(1, 5) with c.
98     16     12         0.1500     2.7000     1700.0000  % 
UB: 2.6999999999999993
branching on CartesianIndex(2, 5) with c.
99     17     13         0.1500     2.7000     1700.0000  % 
LB close or above UB, fathomed
100    16     13         0.1500     2.7000     1700.0000  % 
UB: 2.6999999999999993
branching on CartesianIndex(1, 6) with c.
101    17     14         0.1500     2.7000     1700.0000  % 
LB close or above UB, fathomed
102    16     14         0.1500     2.7000     1700.0000  % 
LB close or above UB, fathomed
103    15     12         0.1500     2.7000     1700.0000  % 
LB close or above UB, fathomed
104    14     11         0.1500     2.7000     1700.0000  % 
LB close or above UB, fathomed
105    13     10         0.1500     2.7000     1700.0000  % 
LB close or above UB, fathomed
106    12     8          0.1500     2.7000     1700.0000  % 
UB: 2.6999999999999993
branching on 1 with b.
107    13     9          0.1500     2.7000     1700.0000  % 
UB: 2.6999999999999993
branching on CartesianIndex(1, 4) with c.
108    14     10         0.1500     2.7000     1700.0000  % 
LB close or above UB, fathomed
109    13     10         0.1500     2.7000     1700.0000  % 
UB: 2.6999999999999993
branching on CartesianIndex(1, 5) with c.
110    14     11         0.1500     2.7000     1700.0000  % 
UB: 2.6999999999999993
branching on CartesianIndex(2, 5) with c.
111    15     12         0.1500     2.7000     1700.0000  % 
LB close or above UB, fathomed
112    14     12         0.1500     2.7000     1700.0000  % 
LB close or above UB, fathomed
113    13     11         0.1500     2.7000     1700.0000  % 
LB close or above UB, fathomed
114    12     9          0.1500     2.7000     1700.0000  % 
LB close or above UB, fathomed
115    11     11         0.1500     2.7000     1700.0000  % 
UB: 2.6999999999999993
branching on 1 with b.
116    11     11         0.1500     2.7000     1700.0000  % 
UB: 2.6999999999999993
branching on CartesianIndex(1, 4) with c.
117    12     14         0.1500     2.7000     1700.0000  % 
LB close or above UB, fathomed
118    11     14         0.1500     2.7000     1700.0000  % 
UB: 2.6999999999999993
branching on CartesianIndex(2, 5) with c.
119    12     15         0.1500     2.7000     1700.0000  % 
LB close or above UB, fathomed
120    11     15         0.1500     2.7000     1700.0000  % 
UB: 2.6999999999999993
branching on CartesianIndex(1, 6) with c.
121    12     16         0.1500     2.7000     1700.0000  % 
UB: 2.6999999999999993
branching on CartesianIndex(2, 6) with c.
122    13     16         0.1500     2.7000     1700.0000  % 
LB close or above UB, fathomed
123    12     8          0.1500     2.7000     1700.0000  % 
UB: 2.6999999999999993
branching on CartesianIndex(2, 4) with c.
124    13     9          0.1500     2.7000     1700.0000  % 
UB: 2.6999999999999993
branching on 1 with b.
125    14     10         0.1500     2.7000     1700.0000  % 
UB: 2.6999999999999993
branching on 1 with b.
126    15     11         0.1500     2.7000     1700.0000  % 
LB close or above UB, fathomed
127    14     11         0.1500     2.7000     1700.0000  % 
UB: 2.6999999999999993
branching on CartesianIndex(1, 5) with c.
128    15     10         0.1500     2.7000     1700.0000  % 
LB close or above UB, fathomed
129    14     9          0.1500     2.7000     1700.0000  % 
UB: 2.6999999999999993
branching on CartesianIndex(1, 5) with c.
130    15     10         0.1500     2.7000     1700.0000  % 
LB close or above UB, fathomed
131    14     10         0.1500     2.7000     1700.0000  % 
UB: 2.6999999999999993
branching on 1 with b.
132    15     11         0.1500     2.7000     1700.0000  % 
UB: 2.6999999999999993
branching on CartesianIndex(1, 6) with c.
133    16     12         0.1500     2.7000     1700.0000  % 
UB: 2.6999999999999993
branching on 1 with b.
134    17     13         0.1500     2.7000     1700.0000  % 
LB close or above UB, fathomed
135    16     13         0.1500     2.7000     1700.0000  % 
UB: 2.6999999999999993
branching on 2 with b.
136    17     12         0.1500     2.7000     1700.0000  % 
LB close or above UB, fathomed
137    16     11         0.1500     2.7000     1700.0000  % 
LB close or above UB, fathomed
138    15     8          0.1500     2.7000     1700.0000  % 
UB: 2.6999999999999993
branching on 1 with b.
139    16     9          0.1500     2.7000     1700.0000  % 
UB: 2.6999999999999993
branching on CartesianIndex(1, 5) with c.
140    17     10         0.1500     2.7000     1700.0000  % 
UB: 2.6999999999999993
branching on 1 with b.
141    18     11         0.1500     2.7000     1700.0000  % 
LB close or above UB, fathomed
142    17     11         0.1500     2.7000     1700.0000  % 
UB: 2.6999999999999993
branching on CartesianIndex(2, 5) with c.
143    18     12         0.1500     2.7000     1700.0000  % 
UB: 2.6999999999999993
branching on 2 with b.
144    19     13         0.1500     2.7000     1700.0000  % 
LB close or above UB, fathomed
145    18     13         0.1500     2.7000     1700.0000  % 
UB: 2.6999999999999993
branching on 3 with b.
146    19     14         0.1500     2.7000     1700.0000  % 
LB close or above UB, fathomed
147    18     14         0.1500     2.7000     1700.0000  % 
UB: 2.6999999999999993
branching on CartesianIndex(1, 6) with c.
148    19     15         0.1500     2.7000     1700.0000  % 
UB: 2.6999999999999993
branching on CartesianIndex(2, 6) with c.
149    20     16         0.1500     2.7000     1700.0000  % 
LB close or above UB, fathomed
150    19     16         0.1500     2.7000     1700.0000  % 
UB: 2.6999999999999993
branching on CartesianIndex(1, 7) with c.
151    20     17         0.1500     2.7000     1700.0000  % 
UB: 2.6999999999999993
branching on CartesianIndex(2, 7) with c.
152    21     18         0.1500     2.7000     1700.0000  % 
UB: 2.6999999999999993
branching on 1 with b.
153    22     19         0.1500     2.7000     1700.0000  % 
LB close or above UB, fathomed
154    21     19         0.1500     2.7000     1700.0000  % 
LB close or above UB, fathomed
155    20     18         0.1500     2.7000     1700.0000  % 
LB close or above UB, fathomed
156    19     17         0.1500     2.7000     1700.0000  % 
LB close or above UB, fathomed
157    18     15         0.1500     2.7000     1700.0000  % 
LB close or above UB, fathomed
158    17     12         0.1500     2.7000     1700.0000  % 
UB: 2.6999999999999993
branching on 2 with b.
159    18     13         0.1500     2.7000     1700.0000  % 
LB close or above UB, fathomed
160    17     13         0.1500     2.7000     1700.0000  % 
UB: 2.6999999999999993
branching on CartesianIndex(1, 6) with c.
161    18     14         0.1500     2.7000     1700.0000  % 
UB: 2.6999999999999993
branching on CartesianIndex(2, 6) with c.
162    19     15         0.1500     2.7000     1700.0000  % 
UB: 2.6999999999999993
branching on 3 with b.
163    20     16         0.1500     2.7000     1700.0000  % 
LB close or above UB, fathomed
164    19     16         0.1500     2.7000     1700.0000  % 
UB: 2.6999999999999993
branching on CartesianIndex(1, 7) with c.
165    20     15         0.1500     2.7000     1700.0000  % 
LB close or above UB, fathomed
166    19     14         0.1500     2.7000     1700.0000  % 
LB close or above UB, fathomed
167    18     10         0.1500     2.7000     1700.0000  % 
UB: 2.6999999999999993
branching on 1 with b.
168    19     11         0.1500     2.7000     1700.0000  % 
LB close or above UB, fathomed
169    18     11         0.1500     2.7000     1700.0000  % 
UB: 2.6999999999999993
branching on CartesianIndex(1, 6) with c.
170    19     12         0.1500     2.7000     1700.0000  % 
UB: 2.6999999999999993
branching on 2 with b.
171    20     13         0.1500     2.7000     1700.0000  % 
UB: 2.6999999999999993
branching on 3 with b.
172    21     14         0.1500     2.7000     1700.0000  % 
LB close or above UB, fathomed
173    20     14         0.1500     2.7000     1700.0000  % 
LB close or above UB, fathomed
174    19     13         0.1500     2.7000     1700.0000  % 
UB: 2.6999999999999993
branching on 3 with b.
175    20     14         0.1500     2.7000     1700.0000  % 
LB close or above UB, fathomed
176    19     14         0.1500     2.7000     1700.0000  % 
LB close or above UB, fathomed
177    18     12         0.1500     2.7000     1700.0000  % 
LB close or above UB, fathomed
178    17     9          0.1500     2.7000     1700.0000  % 
LB close or above UB, fathomed
179    16     9          0.1500     2.7000     1700.0000  % 
LB close or above UB, fathomed
180    15     9          0.1500     2.7000     1700.0000  % 
UB: 2.6999999999999993
branching on 2 with b.
181    16     10         0.1500     2.7000     1700.0000  % 
UB: 2.6999999999999993
branching on 3 with b.
182    17     11         0.1500     2.7000     1700.0000  % 
LB close or above UB, fathomed
183    16     11         0.1500     2.7000     1700.0000  % 
UB: 2.6999999999999993
branching on 1 with b.
184    17     12         0.1500     2.7000     1700.0000  % 
UB: 2.6999999999999993
branching on CartesianIndex(1, 4) with c.
185    18     13         0.1500     2.7000     1700.0000  % 
UB: 2.6999999999999993
branching on CartesianIndex(2, 4) with c.
186    19     13         0.1500     2.7000     1700.0000  % 
UB: 2.6999999999999993
branching on 2 with b.
187    20     14         0.1500     2.7000     1700.0000  % 
LB close or above UB, fathomed
188    19     14         0.1500     2.7000     1700.0000  % 
UB: 2.6999999999999993
branching on CartesianIndex(1, 5) with c.
189    20     15         0.1500     2.7000     1700.0000  % 
UB: 2.6999999999999993
branching on CartesianIndex(2, 5) with c.
190    21     16         0.1500     2.7000     1700.0000  % 
LB close or above UB, fathomed
191    20     16         0.1500     2.7000     1700.0000  % 
UB: 2.6999999999999993
branching on CartesianIndex(1, 6) with c.
192    21     17         0.1500     2.7000     1700.0000  % 
UB: 2.6999999999999993
branching on CartesianIndex(2, 6) with c.
193    22     18         0.1500     2.7000     1700.0000  % 
LB close or above UB, fathomed
194    21     18         0.1500     2.7000     1700.0000  % 
LB close or above UB, fathomed
195    20     17         0.1500     2.7000     1700.0000  % 
LB close or above UB, fathomed
196    19     15         0.1500     2.7000     1700.0000  % 
LB close or above UB, fathomed
197    18     12         0.1500     2.7000     1700.0000  % 
UB: 2.6999999999999993
branching on 2 with b.
198    19     13         0.1500     2.7000     1700.0000  % 
LB close or above UB, fathomed
199    18     13         0.1500     2.7000     1700.0000  % 
UB: 2.6999999999999993
branching on CartesianIndex(1, 4) with c.
200    19     10         0.1500     2.7000     1700.0000  % 
UB: 2.6999999999999993
branching on CartesianIndex(1, 4) with c.
201    20     12         0.1500     2.7000     1700.0000  % 
LB close or above UB, fathomed
202    19     12         0.1500     2.7000     1700.0000  % 
UB: 2.6999999999999993
branching on 2 with b.
203    20     13         0.1500     2.7000     1700.0000  % 
UB: 2.6999999999999993
branching on CartesianIndex(1, 6) with c.
204    21     14         0.1500     2.7000     1700.0000  % 
UB: 2.6999999999999993
branching on 3 with b.
205    22     15         0.1500     2.7000     1700.0000  % 
LB close or above UB, fathomed
206    21     15         0.1500     2.7000     1700.0000  % 
LB close or above UB, fathomed
207    20     14         0.1500     2.7000     1700.0000  % 
LB close or above UB, fathomed
208    19     13         0.1500     2.7000     1700.0000  % 
LB close or above UB, fathomed
209    18     17         0.1500     2.7000     1700.0000  % 
LB close or above UB, fathomed
210    17     17         0.1500     2.7000     1700.0000  % 
UB: 2.6999999999999993
branching on 2 with b.
211    18     18         0.1500     2.7000     1700.0000  % 
LB close or above UB, fathomed
212    17     18         0.1500     2.7000     1700.0000  % 
UB: 2.6999999999999993
branching on 3 with b.
213    18     19         0.1500     2.7000     1700.0000  % 
UB: 2.6999999999999993
branching on CartesianIndex(1, 7) with c.
214    19     20         0.1500     2.7000     1700.0000  % 
UB: 2.6999999999999993
branching on CartesianIndex(2, 7) with c.
215    20     21         0.1500     2.7000     1700.0000  % 
UB: 2.6999999999999993
branching on 1 with b.
216    20     22         0.1500     2.7000     1700.0000  % 
UB: 2.6999999999999993
branching on 2 with b.
217    21     23         0.1500     2.7000     1700.0000  % 
UB: 2.6999999999999993
branching on 3 with b.
218    21     24         0.1500     2.7000     1700.0000  % 
UB: 2.6999999999999993
branching on 1 with b.
219    21     25         0.1500     2.7000     1700.0000  % 
UB: 2.6999999999999993
branching on 2 with b.
220    21     26         0.1500     2.7000     1700.0000  % 
UB: 2.6999999999999993
branching on 3 with b.
221    22     27         0.1500     2.7000     1700.0000  % 
LB close or above UB, fathomed
222    21     27         0.1500     2.7000     1700.0000  % 
LB close or above UB, fathomed
223    20     23         0.1500     2.7000     1700.0000  % 
LB close or above UB, fathomed
224    19     21         0.1500     2.7000     1700.0000  % 
LB close or above UB, fathomed
225    18     20         0.1500     2.7000     1700.0000  % 
LB close or above UB, fathomed
226    17     19         0.1500     2.7000     1700.0000  % 
LB close or above UB, fathomed
227    16     12         0.1500     2.7000     1700.0000  % 
UB: 2.6999999999999993
branching on CartesianIndex(1, 4) with c.
228    17     13         0.1500     2.7000     1700.0000  % 
LB close or above UB, fathomed
229    16     13         0.1500     2.7000     1700.0000  % 
UB: 2.6999999999999993
branching on CartesianIndex(1, 5) with c.
230    17     14         0.1500     2.7000     1700.0000  % 
UB: 2.6999999999999993
branching on CartesianIndex(2, 5) with c.
231    18     15         0.1500     2.7000     1700.0000  % 
LB close or above UB, fathomed
232    17     15         0.1500     2.7000     1700.0000  % 
UB: 2.6999999999999993
branching on CartesianIndex(1, 6) with c.
233    18     16         0.1500     2.7000     1700.0000  % 
UB: 2.6999999999999993
branching on 2 with b.
234    19     17         0.1500     2.7000     1700.0000  % 
LB close or above UB, fathomed
235    18     17         0.1500     2.7000     1700.0000  % 
UB: 2.6999999999999993
branching on CartesianIndex(2, 6) with c.
236    19     18         0.1500     2.7000     1700.0000  % 
LB close or above UB, fathomed
237    18     18         0.1500     2.7000     1700.0000  % 
UB: 2.6999999999999993
branching on 3 with b.
238    19     19         0.1500     2.7000     1700.0000  % 
LB close or above UB, fathomed
239    18     19         0.1500     2.7000     1700.0000  % 
UB: 2.6999999999999993
branching on CartesianIndex(1, 7) with c.
240    19     20         0.1500     2.7000     1700.0000  % 
UB: 2.6999999999999993
branching on CartesianIndex(2, 7) with c.
241    20     21         0.1500     2.7000     1700.0000  % 
UB: 2.6999999999999993
branching on 1 with b.
242    21     22         0.1500     2.7000     1700.0000  % 
LB close or above UB, fathomed
243    20     22         0.1500     2.7000     1700.0000  % 
LB close or above UB, fathomed
244    19     21         0.1500     2.7000     1700.0000  % 
LB close or above UB, fathomed
245    18     20         0.1500     2.7000     1700.0000  % 
LB close or above UB, fathomed
246    17     16         0.1500     2.7000     1700.0000  % 
LB close or above UB, fathomed
247    16     14         0.1500     2.7000     1700.0000  % 
LB close or above UB, fathomed
248    15     10         0.1500     2.7000     1700.0000  % 
UB: 2.6999999999999993
branching on 3 with b.
249    16     11         0.1500     2.7000     1700.0000  % 
UB: 2.6999999999999993
branching on CartesianIndex(1, 4) with c.
250    17     12         0.1500     2.7000     1700.0000  % 
LB close or above UB, fathomed
251    16     12         0.1500     2.7000     1700.0000  % 
UB: 2.6999999999999993
branching on CartesianIndex(1, 5) with c.
252    17     13         0.1500     2.7000     1700.0000  % 
UB: 2.6999999999999993
branching on CartesianIndex(2, 5) with c.
253    18     14         0.1500     2.7000     1700.0000  % 
LB close or above UB, fathomed
254    17     14         0.1500     2.7000     1700.0000  % 
UB: 2.6999999999999993
branching on CartesianIndex(1, 6) with c.
255    18     15         0.1500     2.7000     1700.0000  % 
UB: 2.6999999999999993
branching on CartesianIndex(2, 6) with c.
256    19     16         0.1500     2.7000     1700.0000  % 
LB close or above UB, fathomed
257    18     16         0.1500     2.7000     1700.0000  % 
UB: 2.6999999999999993
branching on 1 with b.
258    18     17         0.1500     2.7000     1700.0000  % 
UB: 2.6999999999999993
branching on CartesianIndex(1, 7) with c.
259    19     18         0.1500     2.7000     1700.0000  % 
UB: 2.6999999999999993
branching on CartesianIndex(2, 7) with c.
260    20     19         0.1500     2.7000     1700.0000  % 
UB: 2.6999999999999993
branching on 2 with b.
261    21     20         0.1500     2.7000     1700.0000  % 
UB: 2.6999999999999993
branching on 3 with b.
262    22     21         0.1500     2.7000     1700.0000  % 
LB close or above UB, fathomed
263    21     21         0.1500     2.7000     1700.0000  % 
UB: 2.6999999999999993
branching on 1 with b.
264    22     22         0.1500     2.7000     1700.0000  % 
LB close or above UB, fathomed
265    21     22         0.1500     2.7000     1700.0000  % 
LB close or above UB, fathomed
266    20     20         0.1500     2.7000     1700.0000  % 
LB close or above UB, fathomed
267    19     19         0.1500     2.7000     1700.0000  % 
LB close or above UB, fathomed
268    18     18         0.1500     2.7000     1700.0000  % 
LB close or above UB, fathomed
269    17     15         0.1500     2.7000     1700.0000  % 
LB close or above UB, fathomed
270    16     13         0.1500     2.7000     1700.0000  % 
LB close or above UB, fathomed
271    15     11         0.1500     2.7000     1700.0000  % 
LB close or above UB, fathomed
272    14     10         0.1500     2.7000     1700.0000  % 
UB: 2.6999999999999993
branching on CartesianIndex(1, 4) with c.
273    15     11         0.1500     2.7000     1700.0000  % 
LB close or above UB, fathomed
274    14     11         0.1500     2.7000     1700.0000  % 
UB: 2.6999999999999993
branching on 3 with b.
275    15     12         0.1500     2.7000     1700.0000  % 
LB close or above UB, fathomed
276    14     12         0.1500     2.7000     1700.0000  % 
UB: 2.6999999999999993
branching on CartesianIndex(1, 5) with c.
277    15     13         0.1500     2.7000     1700.0000  % 
UB: 2.6999999999999993
branching on CartesianIndex(2, 5) with c.
278    16     14         0.1500     2.7000     1700.0000  % 
LB close or above UB, fathomed
279    15     14         0.1500     2.7000     1700.0000  % 
LB close or above UB, fathomed
280    14     13         0.1500     2.7000     1700.0000  % 
LB close or above UB, fathomed
281    13     11         0.1500     2.7000     1700.0000  % 
LB close or above UB, fathomed
282    12     11         0.1500     2.7000     1700.0000  % 
UB: 2.6999999999999993
branching on 3 with b.
283    13     12         0.1500     2.7000     1700.0000  % 
LB close or above UB, fathomed
284    12     12         0.1500     2.7000     1700.0000  % 
UB: 2.6999999999999993
branching on CartesianIndex(1, 5) with c.
285    13     13         0.1500     2.7000     1700.0000  % 
UB: 2.6999999999999993
branching on CartesianIndex(2, 5) with c.
286    14     14         0.1500     2.7000     1700.0000  % 
LB close or above UB, fathomed
287    13     14         0.1500     2.7000     1700.0000  % 
LB close or above UB, fathomed
288    12     13         0.1500     2.7000     1700.0000  % 
LB close or above UB, fathomed
289    11     14         0.1500     2.7000     1700.0000  % 
LB close or above UB, fathomed
290    10     14         0.1500     2.7000     1700.0000  % 
UB: 2.6999999999999993
branching on CartesianIndex(1, 5) with c.
291    11     15         0.1500     2.7000     1700.0000  % 
UB: 2.6999999999999993
branching on CartesianIndex(2, 5) with c.
292    12     16         0.1500     2.7000     1700.0000  % 
LB close or above UB, fathomed
293    11     16         0.1500     2.7000     1700.0000  % 
UB: 2.6999999999999993
branching on 3 with b.
294    12     17         0.1500     2.7000     1700.0000  % 
LB close or above UB, fathomed
295    11     17         0.1500     2.7000     1700.0000  % 
LB close or above UB, fathomed
296    10     15         0.1500     2.7000     1700.0000  % 
LB close or above UB, fathomed
297    9      14         0.1500     2.7000     1700.0000  % 
LB close or above UB, fathomed
298    8      14         0.1500     2.7000     1700.0000  % 
UB: 2.6999999999999993
branching on CartesianIndex(1, 5) with c.
299    9      15         0.1500     2.7000     1700.0000  % 
LB close or above UB, fathomed
300    8      15         0.1500     2.7000     1700.0000  % 
UB: 2.6999999999999993
branching on CartesianIndex(1, 6) with c.
301    9      16         0.1500     2.7000     1700.0000  % 
UB: 2.6999999999999993
branching on CartesianIndex(2, 6) with c.
302    10     17         0.1500     2.7000     1700.0000  % 
LB close or above UB, fathomed
303    9      17         0.1500     2.7000     1700.0000  % 
LB close or above UB, fathomed
304    8      16         0.1500     2.7000     1700.0000  % 
LB close or above UB, fathomed
305    7      17         0.1500     2.7000     1700.0000  % 
UB: 2.6999999999999993
branching on CartesianIndex(2, 7) with c.
306    8      18         0.1500     2.7000     1700.0000  % 
LB close or above UB, fathomed
307    7      18         0.1500     2.7000     1700.0000  % 
LB close or above UB, fathomed
308    6      17         0.1500     2.7000     1700.0000  % 
LB close or above UB, fathomed
309    5      12         0.1500     2.7000     1700.0000  % 
LB close or above UB, fathomed
310    4      12         0.1500     2.7000     1700.0000  % 
UB: 2.6999999999999993
branching on CartesianIndex(1, 5) with c.
311    5      13         0.1500     2.7000     1700.0000  % 
UB: 2.6999999999999993
branching on CartesianIndex(2, 5) with c.
312    6      14         0.1500     2.7000     1700.0000  % 
LB close or above UB, fathomed
313    5      14         0.1500     2.7000     1700.0000  % 
UB: 2.6999999999999993
branching on CartesianIndex(1, 6) with c.
314    6      15         0.1500     2.7000     1700.0000  % 
UB: 2.6999999999999993
branching on 1 with b.
315    6      15         0.1500     2.7000     1700.0000  % 
LB close or above UB, fathomed
316    5      13         0.1500     2.7000     1700.0000  % 
LB close or above UB, fathomed
317    4      16         0.1500     2.7000     1700.0000  % 
UB: 2.6999999999999993
branching on CartesianIndex(2, 6) with c.
318    5      17         0.1500     2.7000     1700.0000  % 
LB close or above UB, fathomed
319    4      17         0.1500     2.7000     1700.0000  % 
LB close or above UB, fathomed
320    3      11         0.1500     2.7000     1700.0000  % 
LB close or above UB, fathomed
321    2      11         0.1500     2.7000     1700.0000  % 
UB: 2.6999999999999993
branching on 3 with b.
322    3      12         0.1500     2.7000     1700.0000  % 
LB close or above UB, fathomed
323    2      12         0.1500     2.7000     1700.0000  % 
LB close or above UB, fathomed
324    1      14         0.1500     2.7000     1700.0000  % 
UB: 2.6999999999999993
branching on 3 with b.
325    2      15         0.1500     2.7000     1700.0000  % 
LB close or above UB, fathomed
326    1      15         0.1500     2.7000     1700.0000  % 
LB close or above UB, fathomed
327    0      14         0.1500     2.7000     1700.0000  % 
LB close or above UB, fathomed
all node solved
solved nodes:  328
328                                                   2.6778e+00     2.7000e+00     0.8299  % 
2×3 Matrix{Float64}:
 0.0  0.0  1.0
 1.0  0.0  0.0
3-element Vector{Float64}:
 0.35924730789707576
 0.0
 0.7784436087023524
3×7 Matrix{Float64}:
 0.0  0.0  0.0  0.0  1.0  0.0  0.0
 0.0  0.0  0.0  0.0  0.0  1.0  0.0
 0.0  0.0  0.0  0.0  0.0  0.0  1.0
3-element Vector{Float64}:
 1.0
 0.0
 1.0
2×3 Matrix{Float64}:
 0.0  0.0  1.0
 1.0  0.0  0.0
3-element Vector{Float64}:
 0.3674600667651178
 0.0
 0.6064088303468554
3×7 Matrix{Float64}:
 0.0  0.0  0.0  0.0  1.0  0.0  0.0
 0.0  0.0  0.0  0.0  0.0  1.0  0.0
 0.0  0.0  0.0  0.0  0.0  0.0  1.0
3-element Vector{Float64}:
 1.0
 0.0
 1.0
comparison (CRT and Glb)on prediction: Dict{Bool, Int64}(0 => 0, 1 => 4)
Dataname	 time	 objv	 lb	 gap	 train_w	 train_g	 test_w	 test_g
small_toy_195.small_toy	 58.64	 2.6999999999999993	 2.678	 0.0083	 88.889	 88.889	 75.0	 75.0
