Running 2 processes.
Start training small_toy_429.small_toy with seed 1.
Any[]
(2, 13)
(2, 6)
(2, 3)
(2, 4)
dimension: 2, class: 3
cart cost: 2.7000000000000006
size of X: (2, 9)
ngroups: 2
UB: 2.6999999999999993
Iter	left	lev	LB	UB	gap	
0      0      1          0.1000     2.7000     2600.0000  % 
UB: 2.6999999999999993
branching on 1 with d.
1      1      2          0.1000     2.7000     2600.0000  % 
LB close or above UB, fathomed
2      0      2          0.1000     2.7000     2600.0000  % 
UB: 2.6999999999999993
branching on 2 with d.
3      1      3          0.1000     2.7000     2600.0000  % 
UB: 2.6999999999999993
branching on 3 with d.
4      2      4          0.1000     2.7000     2600.0000  % 
LB close or above UB, fathomed
5      1      4          0.1000     2.7000     2600.0000  % 
UB: 2.6999999999999993
branching on CartesianIndex(1, 1) with a.
6      2      5          0.1000     2.7000     2600.0000  % 
UB: 2.6999999999999993
branching on CartesianIndex(1, 3) with a.
7      3      6          0.1000     2.7000     2600.0000  % 
LB close or above UB, fathomed
8      2      6          0.1000     2.7000     2600.0000  % 
UB: 2.6999999999999993
branching on CartesianIndex(1, 5) with c.
9      3      7          0.1000     2.7000     2600.0000  % 
LB close or above UB, fathomed
10     2      7          0.1000     2.7000     2600.0000  % 
UB: 2.6999999999999993
branching on CartesianIndex(1, 6) with c.
11     3      8          0.1000     2.7000     2600.0000  % 
UB: 2.6999999999999993
branching on 1 with b.
12     4      9          0.1000     2.7000     2600.0000  % 
UB: 2.6999999999999993
branching on CartesianIndex(2, 6) with c.
13     5      10         0.1000     2.7000     2600.0000  % 
LB close or above UB, fathomed
14     4      10         0.1000     2.7000     2600.0000  % 
LB close or above UB, fathomed
15     3      9          0.1000     2.7000     2600.0000  % 
LB close or above UB, fathomed
16     2      8          0.1000     2.7000     2600.0000  % 
LB close or above UB, fathomed
17     1      5          0.1000     2.7000     2600.0000  % 
UB: 2.6999999999999993
branching on CartesianIndex(1, 3) with a.
18     2      6          0.1000     2.7000     2600.0000  % 
LB close or above UB, fathomed
19     1      6          0.1000     2.7000     2600.0000  % 
UB: 2.6999999999999993
branching on CartesianIndex(1, 5) with c.
20     2      7          0.1000     2.7000     2600.0000  % 
LB close or above UB, fathomed
21     1      7          0.1000     2.7000     2600.0000  % 
UB: 2.6999999999999993
branching on CartesianIndex(1, 6) with c.
22     2      8          0.1000     2.7000     2600.0000  % 
UB: 2.6999999999999993
branching on 1 with b.
23     3      9          0.1000     2.7000     2600.0000  % 
LB close or above UB, fathomed
24     2      9          0.1000     2.7000     2600.0000  % 
LB close or above UB, fathomed
25     1      8          0.1000     2.7000     2600.0000  % 
LB close or above UB, fathomed
26     0      3          0.1000     2.7000     2600.0000  % 
UB: 2.6999999999999993
branching on 3 with d.
27     1      4          0.1000     2.7000     2600.0000  % 
UB: 2.6999999999999993
branching on CartesianIndex(1, 1) with a.
28     2      5          0.1000     2.7000     2600.0000  % 
LB close or above UB, fathomed
29     1      5          0.1000     2.7000     2600.0000  % 
UB: 2.6999999999999993
branching on CartesianIndex(1, 2) with a.
30     2      6          0.1000     2.7000     2600.0000  % 
UB: 2.6999999999999993
branching on 1 with b.
31     3      7          0.1000     2.7000     2600.0000  % 
LB close or above UB, fathomed
32     2      7          0.1000     2.7000     2600.0000  % 
UB: 2.6999999999999993
branching on CartesianIndex(1, 4) with c.
33     3      8          0.1000     2.7000     2600.0000  % 
LB close or above UB, fathomed
34     2      8          0.1000     2.7000     2600.0000  % 
UB: 2.6999999999999993
branching on CartesianIndex(1, 5) with c.
35     3      6          0.1000     2.7000     2600.0000  % 
UB: 2.6999999999999993
branching on 1 with b.
36     4      7          0.1000     2.7000     2600.0000  % 
LB close or above UB, fathomed
37     3      7          0.1000     2.7000     2600.0000  % 
UB: 2.6999999999999993
branching on CartesianIndex(1, 4) with c.
38     4      8          0.1000     2.7000     2600.0000  % 
LB close or above UB, fathomed
39     3      8          0.1000     2.7000     2600.0000  % 
UB: 2.6999999999999993
branching on 1 with b.
40     4      4          0.1000     2.7000     2600.0000  % 
UB: 2.6999999999999993
branching on 1 with b.
41     5      9          0.1000     2.7000     2600.0000  % 
UB: 2.6999999999999993
branching on CartesianIndex(1, 5) with c.
42     6      10         0.1000     2.7000     2600.0000  % 
UB: 2.6999999999999993
branching on 2 with b.
43     7      11         0.1000     2.7000     2600.0000  % 
LB close or above UB, fathomed
44     6      11         0.1000     2.7000     2600.0000  % 
LB close or above UB, fathomed
45     5      10         0.1000     2.7000     2600.0000  % 
LB close or above UB, fathomed
46     4      9          0.1000     2.7000     2600.0000  % 
LB close or above UB, fathomed
47     3      9          0.1000     2.7000     2600.0000  % 
UB: 2.6999999999999993
branching on 1 with b.
48     4      10         0.1000     2.7000     2600.0000  % 
UB: 2.6999999999999993
branching on CartesianIndex(2, 5) with c.
49     5      11         0.1000     2.7000     2600.0000  % 
LB close or above UB, fathomed
50     4      11         0.1000     2.7000     2600.0000  % 
LB close or above UB, fathomed
51     3      10         0.1000     2.7000     2600.0000  % 
LB close or above UB, fathomed
52     2      9          0.1000     2.7000     2600.0000  % 
LB close or above UB, fathomed
53     1      5          0.1500     2.7000     1700.0000  % 
UB: 2.6999999999999993
branching on CartesianIndex(1, 1) with a.
54     2      6          0.1500     2.7000     1700.0000  % 
UB: 2.6999999999999993
branching on CartesianIndex(1, 2) with a.
55     3      7          0.1500     2.7000     1700.0000  % 
UB: 2.6999999999999993
branching on 1 with b.
56     4      8          0.1500     2.7000     1700.0000  % 
LB close or above UB, fathomed
57     3      8          0.1500     2.7000     1700.0000  % 
UB: 2.6999999999999993
branching on 2 with b.
58     4      9          0.1500     2.7000     1700.0000  % 
UB: 2.6999999999999993
branching on 3 with b.
59     5      10         0.1500     2.7000     1700.0000  % 
LB close or above UB, fathomed
60     4      10         0.1500     2.7000     1700.0000  % 
UB: 2.6999999999999993
branching on CartesianIndex(1, 3) with a.
61     5      11         0.1500     2.7000     1700.0000  % 
UB: 2.6999999999999993
branching on CartesianIndex(1, 4) with c.
62     6      12         0.1500     2.7000     1700.0000  % 
LB close or above UB, fathomed
63     5      12         0.1500     2.7000     1700.0000  % 
UB: 2.6999999999999993
branching on CartesianIndex(1, 5) with c.
64     6      13         0.1500     2.7000     1700.0000  % 
UB: 2.6999999999999993
branching on CartesianIndex(2, 5) with c.
65     7      14         0.1500     2.7000     1700.0000  % 
UB: 2.6999999999999993
branching on CartesianIndex(1, 6) with c.
66     8      14         0.1500     2.7000     1700.0000  % 
LB close or above UB, fathomed
67     7      13         0.1500     2.7000     1700.0000  % 
LB close or above UB, fathomed
68     6      11         0.1500     2.7000     1700.0000  % 
UB: 2.6999999999999993
branching on 1 with b.
69     7      12         0.1500     2.7000     1700.0000  % 
UB: 2.6999999999999993
branching on 2 with b.
70     8      12         0.1500     2.7000     1700.0000  % 
UB: 2.6999999999999993
branching on CartesianIndex(1, 4) with c.
71     9      13         0.1500     2.7000     1700.0000  % 
UB: 2.6999999999999993
branching on CartesianIndex(2, 4) with c.
72     10     13         0.1500     2.7000     1700.0000  % 
UB: 2.6999999999999993
branching on 2 with b.
73     11     14         0.1500     2.7000     1700.0000  % 
UB: 2.6999999999999993
branching on CartesianIndex(1, 5) with c.
74     12     15         0.1500     2.7000     1700.0000  % 
LB close or above UB, fathomed
75     11     15         0.1500     2.7000     1700.0000  % 
UB: 2.6999999999999993
branching on CartesianIndex(1, 6) with c.
76     12     14         0.1500     2.7000     1700.0000  % 
UB: 2.6999999999999993
branching on CartesianIndex(1, 5) with c.
77     13     15         0.1500     2.7000     1700.0000  % 
UB: 2.6999999999999993
branching on 3 with b.
78     14     16         0.1500     2.7000     1700.0000  % 
UB: 2.6999999999999993
branching on CartesianIndex(2, 5) with c.
79     15     17         0.1500     2.7000     1700.0000  % 
UB: 2.6999999999999993
branching on CartesianIndex(1, 6) with c.
80     16     18         0.1500     2.7000     1700.0000  % 
UB: 2.6999999999999993
branching on CartesianIndex(2, 6) with c.
81     17     19         0.1500     2.7000     1700.0000  % 
LB close or above UB, fathomed
82     16     19         0.1500     2.7000     1700.0000  % 
LB close or above UB, fathomed
83     15     18         0.1500     2.7000     1700.0000  % 
LB close or above UB, fathomed
84     14     17         0.1500     2.7000     1700.0000  % 
UB: 2.6999999999999993
branching on CartesianIndex(1, 6) with c.
85     15     18         0.1500     2.7000     1700.0000  % 
UB: 2.6999999999999993
branching on CartesianIndex(2, 6) with c.
86     16     19         0.1500     2.7000     1700.0000  % 
LB close or above UB, fathomed
87     15     19         0.1500     2.7000     1700.0000  % 
LB close or above UB, fathomed
88     14     18         0.1500     2.7000     1700.0000  % 
LB close or above UB, fathomed
89     13     16         0.1500     2.7000     1700.0000  % 
LB close or above UB, fathomed
90     12     15         0.1500     2.7000     1700.0000  % 
UB: 2.6999999999999993
branching on CartesianIndex(1, 6) with c.
91     13     9          0.1500     2.7000     1700.0000  % 
UB: 2.6999999999999993
branching on 3 with b.
92     14     7          0.1500     2.7000     1700.0000  % 
UB: 2.6999999999999993
branching on CartesianIndex(1, 3) with a.
93     15     8          0.1500     2.7000     1700.0000  % 
UB: 2.6999999999999993
branching on CartesianIndex(1, 4) with c.
94     16     9          0.1500     2.7000     1700.0000  % 
LB close or above UB, fathomed
95     15     9          0.1500     2.7000     1700.0000  % 
UB: 2.6999999999999993
branching on 1 with b.
96     16     10         0.1500     2.7000     1700.0000  % 
LB close or above UB, fathomed
97     15     10         0.1500     2.7000     1700.0000  % 
UB: 2.6999999999999993
branching on CartesianIndex(1, 5) with c.
98     16     11         0.1500     2.7000     1700.0000  % 
UB: 2.6999999999999993
branching on CartesianIndex(2, 5) with c.
99     17     12         0.1500     2.7000     1700.0000  % 
UB: 2.6999999999999993
branching on CartesianIndex(1, 6) with c.
100    18     12         0.1500     2.7000     1700.0000  % 
LB close or above UB, fathomed
101    17     11         0.1500     2.7000     1700.0000  % 
LB close or above UB, fathomed
102    16     8          0.1500     2.7000     1700.0000  % 
UB: 2.6999999999999993
branching on CartesianIndex(1, 4) with c.
103    17     9          0.1500     2.7000     1700.0000  % 
UB: 2.6999999999999993
branching on 1 with b.
104    18     10         0.1500     2.7000     1700.0000  % 
LB close or above UB, fathomed
105    17     10         0.1500     2.7000     1700.0000  % 
UB: 2.6999999999999993
branching on 2 with b.
106    18     9          0.1500     2.7000     1700.0000  % 
UB: 2.6999999999999993
branching on 1 with b.
107    19     10         0.1500     2.7000     1700.0000  % 
LB close or above UB, fathomed
108    18     10         0.1500     2.7000     1700.0000  % 
UB: 2.6999999999999993
branching on 2 with b.
109    19     11         0.1500     2.7000     1700.0000  % 
UB: 2.6999999999999993
branching on CartesianIndex(1, 5) with c.
110    20     11         0.1500     2.7000     1700.0000  % 
UB: 2.6999999999999993
branching on CartesianIndex(1, 5) with c.
111    21     12         0.1500     2.7000     1700.0000  % 
UB: 2.6999999999999993
branching on 3 with b.
112    22     13         0.1500     2.7000     1700.0000  % 
LB close or above UB, fathomed
113    21     13         0.1500     2.7000     1700.0000  % 
UB: 2.6999999999999993
branching on CartesianIndex(2, 5) with c.
114    22     12         0.1500     2.7000     1700.0000  % 
UB: 2.6999999999999993
branching on 3 with b.
115    23     13         0.1500     2.7000     1700.0000  % 
LB close or above UB, fathomed
116    22     13         0.1500     2.7000     1700.0000  % 
UB: 2.6999999999999993
branching on CartesianIndex(1, 6) with c.
117    23     6          0.1500     2.7000     1700.0000  % 
LB close or above UB, fathomed
118    22     5          0.1500     2.7000     1700.0000  % 
UB: 2.6999999999999993
branching on 1 with b.
119    23     6          0.1500     2.7000     1700.0000  % 
UB: 2.6999999999999993
branching on 2 with b.
120    24     7          0.1500     2.7000     1700.0000  % 
UB: 2.6999999999999993
branching on CartesianIndex(1, 1) with a.
121    25     8          0.1500     2.7000     1700.0000  % 
LB close or above UB, fathomed
122    24     8          0.1500     2.7000     1700.0000  % 
UB: 2.6999999999999993
branching on CartesianIndex(1, 2) with a.
123    25     9          0.1500     2.7000     1700.0000  % 
UB: 2.6999999999999993
branching on CartesianIndex(1, 3) with a.
124    26     9          0.1500     2.7000     1700.0000  % 
UB: 2.6999999999999993
branching on 3 with b.
125    27     10         0.1500     2.7000     1700.0000  % 
LB close or above UB, fathomed
126    26     10         0.1500     2.7000     1700.0000  % 
UB: 2.6999999999999993
branching on CartesianIndex(1, 3) with a.
127    27     11         0.1500     2.7000     1700.0000  % 
LB close or above UB, fathomed
128    26     11         0.1500     2.7000     1700.0000  % 
UB: 2.6999999999999993
branching on 1 with b.
129    27     12         0.1500     2.7000     1700.0000  % 
UB: 2.6999999999999993
branching on CartesianIndex(1, 4) with c.
130    28     12         0.1500     2.7000     1700.0000  % 
UB: 2.6999999999999993
branching on CartesianIndex(1, 4) with c.
131    29     7          0.1500     2.7000     1700.0000  % 
UB: 2.6999999999999993
branching on 3 with b.
132    30     6          0.1500     2.7000     1700.0000  % 
UB: 2.6999999999999993
branching on CartesianIndex(1, 1) with a.
133    31     7          0.1500     2.7000     1700.0000  % 
LB close or above UB, fathomed
134    30     7          0.1500     2.7000     1700.0000  % 
LB close or above UB, fathomed
135    29     13         0.1500     2.7000     1700.0000  % 
LB close or above UB, fathomed
136    28     13         0.1500     2.7000     1700.0000  % 
LB close or above UB, fathomed
137    27     12         0.1500     2.7000     1700.0000  % 
LB close or above UB, fathomed
138    26     12         0.1500     2.7000     1700.0000  % 
UB: 2.6999999999999993
branching on 3 with b.
139    27     13         0.1500     2.7000     1700.0000  % 
LB close or above UB, fathomed
140    26     13         0.1500     2.7000     1700.0000  % 
UB: 2.6999999999999993
branching on CartesianIndex(1, 6) with c.
141    27     13         0.1500     2.7000     1700.0000  % 
UB: 2.6999999999999993
branching on 2 with b.
142    28     14         0.1500     2.7000     1700.0000  % 
LB close or above UB, fathomed
143    27     14         0.1500     2.7000     1700.0000  % 
UB: 2.6999999999999993
branching on 3 with b.
144    28     15         0.1500     2.7000     1700.0000  % 
LB close or above UB, fathomed
145    27     15         0.1500     2.7000     1700.0000  % 
UB: 2.6999999999999993
branching on CartesianIndex(2, 6) with c.
146    28     16         0.1500     2.7000     1700.0000  % 
LB close or above UB, fathomed
147    27     16         0.1500     2.7000     1700.0000  % 
UB: 2.6999999999999993
branching on CartesianIndex(1, 7) with c.
148    28     17         0.1500     2.7000     1700.0000  % 
UB: 2.6999999999999993
branching on CartesianIndex(2, 7) with c.
149    29     18         0.1500     2.7000     1700.0000  % 
UB: 2.6999999999999993
branching on 1 with b.
150    30     19         0.1500     2.7000     1700.0000  % 
LB close or above UB, fathomed
151    29     19         0.1500     2.7000     1700.0000  % 
UB: 2.6999999999999993
branching on 2 with b.
152    30     20         0.1500     2.7000     1700.0000  % 
UB: 2.6999999999999993
branching on 3 with b.
153    31     21         0.1500     2.7000     1700.0000  % 
UB: 2.6999999999999993
branching on 1 with b.
154    32     22         0.1500     2.7000     1700.0000  % 
LB close or above UB, fathomed
155    31     22         0.1500     2.7000     1700.0000  % 
LB close or above UB, fathomed
156    30     21         0.1500     2.7000     1700.0000  % 
LB close or above UB, fathomed
157    29     20         0.1500     2.7000     1700.0000  % 
UB: 2.6999999999999993
branching on 3 with b.
158    30     18         0.1500     2.7000     1700.0000  % 
LB close or above UB, fathomed
159    29     17         0.1500     2.7000     1700.0000  % 
LB close or above UB, fathomed
160    28     13         0.1500     2.7000     1700.0000  % 
LB close or above UB, fathomed
161    27     21         0.1500     2.7000     1700.0000  % 
UB: 2.6999999999999993
branching on 1 with b.
162    28     22         0.1500     2.7000     1700.0000  % 
LB close or above UB, fathomed
163    27     22         0.1500     2.7000     1700.0000  % 
LB close or above UB, fathomed
164    26     21         0.1500     2.7000     1700.0000  % 
LB close or above UB, fathomed
165    25     14         0.1500     2.7000     1700.0000  % 
UB: 2.6999999999999993
branching on CartesianIndex(2, 6) with c.
166    26     15         0.1500     2.7000     1700.0000  % 
LB close or above UB, fathomed
167    25     15         0.1500     2.7000     1700.0000  % 
LB close or above UB, fathomed
168    24     14         0.1500     2.7000     1700.0000  % 
LB close or above UB, fathomed
169    23     10         0.1500     2.7000     1700.0000  % 
UB: 2.6999999999999993
branching on CartesianIndex(1, 4) with c.
170    24     11         0.1500     2.7000     1700.0000  % 
LB close or above UB, fathomed
171    23     11         0.1500     2.7000     1700.0000  % 
UB: 2.6999999999999993
branching on 3 with b.
172    24     12         0.1500     2.7000     1700.0000  % 
UB: 2.6999999999999993
branching on CartesianIndex(1, 5) with c.
173    25     13         0.1500     2.7000     1700.0000  % 
UB: 2.6999999999999993
branching on CartesianIndex(2, 5) with c.
174    26     14         0.1500     2.7000     1700.0000  % 
LB close or above UB, fathomed
175    25     14         0.1500     2.7000     1700.0000  % 
LB close or above UB, fathomed
176    24     13         0.1500     2.7000     1700.0000  % 
LB close or above UB, fathomed
177    23     12         0.1500     2.7000     1700.0000  % 
UB: 2.6999999999999993
branching on CartesianIndex(1, 5) with c.
178    24     13         0.1500     2.7000     1700.0000  % 
UB: 2.6999999999999993
branching on 1 with b.
179    25     14         0.1500     2.7000     1700.0000  % 
LB close or above UB, fathomed
180    24     14         0.1500     2.7000     1700.0000  % 
UB: 2.6999999999999993
branching on 2 with b.
181    25     15         0.1500     2.7000     1700.0000  % 
LB close or above UB, fathomed
182    24     15         0.1500     2.7000     1700.0000  % 
UB: 2.6999999999999993
branching on CartesianIndex(2, 5) with c.
183    25     16         0.1500     2.7000     1700.0000  % 
LB close or above UB, fathomed
184    24     16         0.1500     2.7000     1700.0000  % 
UB: 2.6999999999999993
branching on CartesianIndex(1, 6) with c.
185    25     17         0.1500     2.7000     1700.0000  % 
UB: 2.6999999999999993
branching on CartesianIndex(2, 6) with c.
186    26     18         0.1500     2.7000     1700.0000  % 
LB close or above UB, fathomed
187    25     18         0.1500     2.7000     1700.0000  % 
LB close or above UB, fathomed
188    24     17         0.1500     2.7000     1700.0000  % 
LB close or above UB, fathomed
189    23     13         0.1500     2.7000     1700.0000  % 
LB close or above UB, fathomed
190    22     10         0.1500     2.7000     1700.0000  % 
UB: 2.6999999999999993
branching on CartesianIndex(1, 4) with c.
191    23     11         0.1500     2.7000     1700.0000  % 
LB close or above UB, fathomed
192    22     11         0.1500     2.7000     1700.0000  % 
UB: 2.6999999999999993
branching on CartesianIndex(1, 5) with c.
193    23     12         0.1500     2.7000     1700.0000  % 
UB: 2.6999999999999993
branching on CartesianIndex(2, 5) with c.
194    24     13         0.1500     2.7000     1700.0000  % 
LB close or above UB, fathomed
195    23     13         0.1500     2.7000     1700.0000  % 
UB: 2.6999999999999993
branching on CartesianIndex(1, 6) with c.
196    24     14         0.1500     2.7000     1700.0000  % 
UB: 2.6999999999999993
branching on CartesianIndex(2, 6) with c.
197    25     15         0.1500     2.7000     1700.0000  % 
UB: 2.6999999999999993
branching on 3 with b.
198    26     16         0.1500     2.7000     1700.0000  % 
LB close or above UB, fathomed
199    25     16         0.1500     2.7000     1700.0000  % 
UB: 2.6999999999999993
branching on CartesianIndex(1, 7) with c.
200    26     17         0.1500     2.7000     1700.0000  % 
UB: 2.6999999999999993
branching on CartesianIndex(2, 7) with c.
201    27     18         0.1500     2.7000     1700.0000  % 
LB close or above UB, fathomed
202    26     18         0.1500     2.7000     1700.0000  % 
UB: 2.6999999999999993
branching on 1 with b.
203    27     19         0.1500     2.7000     1700.0000  % 
UB: 2.6999999999999993
branching on 2 with b.
204    28     19         0.1500     2.7000     1700.0000  % 
UB: 2.6999999999999993
branching on 2 with b.
205    29     20         0.1500     2.7000     1700.0000  % 
LB close or above UB, fathomed
206    28     20         0.1500     2.7000     1700.0000  % 
UB: 2.6999999999999993
branching on 3 with b.
207    29     21         0.1500     2.7000     1700.0000  % 
LB close or above UB, fathomed
208    28     21         0.1500     2.7000     1700.0000  % 
LB close or above UB, fathomed
209    27     17         0.1500     2.7000     1700.0000  % 
LB close or above UB, fathomed
210    26     15         0.1500     2.7000     1700.0000  % 
LB close or above UB, fathomed
211    25     14         0.1500     2.7000     1700.0000  % 
LB close or above UB, fathomed
212    24     12         0.1500     2.7000     1700.0000  % 
LB close or above UB, fathomed
213    23     14         0.1500     2.7000     1700.0000  % 
UB: 2.6999999999999993
branching on CartesianIndex(2, 6) with c.
214    24     15         0.1500     2.7000     1700.0000  % 
LB close or above UB, fathomed
215    23     15         0.1500     2.7000     1700.0000  % 
LB close or above UB, fathomed
216    22     14         0.1500     2.7000     1700.0000  % 
LB close or above UB, fathomed
217    21     14         0.1500     2.7000     1700.0000  % 
UB: 2.6999999999999993
branching on CartesianIndex(1, 6) with c.
218    22     15         0.1500     2.7000     1700.0000  % 
UB: 2.6999999999999993
branching on 1 with b.
219    23     16         0.1500     2.7000     1700.0000  % 
UB: 2.6999999999999993
branching on CartesianIndex(2, 6) with c.
220    24     17         0.1500     2.7000     1700.0000  % 
LB close or above UB, fathomed
221    23     17         0.1500     2.7000     1700.0000  % 
LB close or above UB, fathomed
222    22     16         0.1500     2.7000     1700.0000  % 
UB: 2.6999999999999993
branching on CartesianIndex(2, 6) with c.
223    23     17         0.1500     2.7000     1700.0000  % 
LB close or above UB, fathomed
224    22     17         0.1500     2.7000     1700.0000  % 
LB close or above UB, fathomed
225    21     15         0.1500     2.7000     1700.0000  % 
LB close or above UB, fathomed
226    20     14         0.1500     2.7000     1700.0000  % 
UB: 2.6999999999999993
branching on CartesianIndex(1, 6) with c.
227    21     15         0.1500     2.7000     1700.0000  % 
UB: 2.6999999999999993
branching on CartesianIndex(2, 6) with c.
228    22     16         0.1500     2.7000     1700.0000  % 
LB close or above UB, fathomed
229    21     16         0.1500     2.7000     1700.0000  % 
LB close or above UB, fathomed
230    20     15         0.1500     2.7000     1700.0000  % 
LB close or above UB, fathomed
231    19     16         0.1500     2.7000     1700.0000  % 
UB: 2.6999999999999993
branching on 3 with b.
232    20     17         0.1500     2.7000     1700.0000  % 
UB: 2.6999999999999993
branching on CartesianIndex(2, 6) with c.
233    21     18         0.1500     2.7000     1700.0000  % 
LB close or above UB, fathomed
234    20     18         0.1500     2.7000     1700.0000  % 
LB close or above UB, fathomed
235    19     17         0.1500     2.7000     1700.0000  % 
LB close or above UB, fathomed
236    18     16         0.1500     2.7000     1700.0000  % 
LB close or above UB, fathomed
237    17     16         0.1500     2.7000     1700.0000  % 
UB: 2.6999999999999993
branching on 3 with b.
238    18     17         0.1500     2.7000     1700.0000  % 
UB: 2.6999999999999993
branching on CartesianIndex(2, 6) with c.
239    19     18         0.1500     2.7000     1700.0000  % 
LB close or above UB, fathomed
240    18     18         0.1500     2.7000     1700.0000  % 
LB close or above UB, fathomed
241    17     17         0.1500     2.7000     1700.0000  % 
LB close or above UB, fathomed
242    16     16         0.1500     2.7000     1700.0000  % 
LB close or above UB, fathomed
243    15     14         0.1500     2.7000     1700.0000  % 
UB: 2.6999999999999993
branching on CartesianIndex(1, 5) with c.
244    16     15         0.1500     2.7000     1700.0000  % 
LB close or above UB, fathomed
245    15     15         0.1500     2.7000     1700.0000  % 
UB: 2.6999999999999993
branching on CartesianIndex(1, 6) with c.
246    16     16         0.1500     2.7000     1700.0000  % 
UB: 2.6999999999999993
branching on 2 with b.
247    17     17         0.1500     2.7000     1700.0000  % 
UB: 2.6999999999999993
branching on CartesianIndex(2, 6) with c.
248    18     18         0.1500     2.7000     1700.0000  % 
LB close or above UB, fathomed
249    17     18         0.1500     2.7000     1700.0000  % 
LB close or above UB, fathomed
250    16     17         0.1500     2.7000     1700.0000  % 
LB close or above UB, fathomed
251    15     16         0.1500     2.7000     1700.0000  % 
LB close or above UB, fathomed
252    14     14         0.1500     2.7000     1700.0000  % 
UB: 2.6999999999999993
branching on CartesianIndex(1, 5) with c.
253    15     15         0.1500     2.7000     1700.0000  % 
LB close or above UB, fathomed
254    14     15         0.1500     2.7000     1700.0000  % 
UB: 2.6999999999999993
branching on CartesianIndex(1, 6) with c.
255    15     16         0.1500     2.7000     1700.0000  % 
UB: 2.6999999999999993
branching on CartesianIndex(2, 6) with c.
256    16     17         0.1500     2.7000     1700.0000  % 
LB close or above UB, fathomed
257    15     17         0.1500     2.7000     1700.0000  % 
LB close or above UB, fathomed
258    14     16         0.1500     2.7000     1700.0000  % 
LB close or above UB, fathomed
259    13     13         0.1500     2.7000     1700.0000  % 
UB: 2.6999999999999993
branching on CartesianIndex(1, 4) with c.
260    14     14         0.1500     2.7000     1700.0000  % 
UB: 2.6999999999999993
branching on CartesianIndex(2, 4) with c.
261    15     14         0.1500     2.7000     1700.0000  % 
UB: 2.6999999999999993
branching on CartesianIndex(1, 5) with c.
262    16     15         0.1500     2.7000     1700.0000  % 
LB close or above UB, fathomed
263    15     15         0.1500     2.7000     1700.0000  % 
UB: 2.6999999999999993
branching on CartesianIndex(1, 6) with c.
264    16     16         0.1500     2.7000     1700.0000  % 
UB: 2.6999999999999993
branching on 3 with b.
265    17     17         0.1500     2.7000     1700.0000  % 
UB: 2.6999999999999993
branching on CartesianIndex(2, 6) with c.
266    18     18         0.1500     2.7000     1700.0000  % 
LB close or above UB, fathomed
267    17     18         0.1500     2.7000     1700.0000  % 
LB close or above UB, fathomed
268    16     17         0.1500     2.7000     1700.0000  % 
LB close or above UB, fathomed
269    15     16         0.1500     2.7000     1700.0000  % 
LB close or above UB, fathomed
270    14     13         0.1500     2.7000     1700.0000  % 
UB: 2.6999999999999993
branching on CartesianIndex(1, 4) with c.
271    15     8          0.1500     2.7000     1700.0000  % 
UB: 2.6999999999999993
branching on CartesianIndex(1, 1) with a.
272    16     9          0.1500     2.7000     1700.0000  % 
LB close or above UB, fathomed
273    15     9          0.1500     2.7000     1700.0000  % 
UB: 2.6999999999999993
branching on CartesianIndex(1, 2) with a.
274    16     10         0.1500     2.7000     1700.0000  % 
UB: 2.6999999999999993
branching on 1 with b.
275    17     11         0.1500     2.7000     1700.0000  % 
LB close or above UB, fathomed
276    16     11         0.1500     2.7000     1700.0000  % 
UB: 2.6999999999999993
branching on CartesianIndex(1, 3) with a.
277    17     12         0.1500     2.7000     1700.0000  % 
UB: 2.6999999999999993
branching on CartesianIndex(1, 4) with c.
278    18     12         0.1500     2.7000     1700.0000  % 
LB close or above UB, fathomed
279    17     10         0.1500     2.7000     1700.0000  % 
LB close or above UB, fathomed
280    16     8          0.1500     2.7000     1700.0000  % 
UB: 2.6999999999999993
branching on CartesianIndex(1, 1) with a.
281    17     9          0.1500     2.7000     1700.0000  % 
LB close or above UB, fathomed
282    16     9          0.1500     2.7000     1700.0000  % 
UB: 2.6999999999999993
branching on 1 with b.
283    17     10         0.1500     2.7000     1700.0000  % 
UB: 2.6999999999999993
branching on CartesianIndex(1, 2) with a.
284    18     11         0.1500     2.7000     1700.0000  % 
UB: 2.6999999999999993
branching on CartesianIndex(1, 3) with a.
285    19     12         0.1500     2.7000     1700.0000  % 
LB close or above UB, fathomed
286    18     12         0.1500     2.7000     1700.0000  % 
UB: 2.6999999999999993
branching on CartesianIndex(1, 4) with c.
287    19     13         0.1500     2.7000     1700.0000  % 
LB close or above UB, fathomed
288    18     13         0.1500     2.7000     1700.0000  % 
UB: 2.6999999999999993
branching on CartesianIndex(1, 5) with c.
289    19     14         0.1500     2.7000     1700.0000  % 
UB: 2.6999999999999993
branching on CartesianIndex(2, 5) with c.
290    20     15         0.1500     2.7000     1700.0000  % 
LB close or above UB, fathomed
291    19     15         0.1500     2.7000     1700.0000  % 
UB: 2.6999999999999993
branching on CartesianIndex(1, 6) with c.
292    20     16         0.1500     2.7000     1700.0000  % 
UB: 2.6999999999999993
branching on CartesianIndex(2, 6) with c.
293    21     17         0.1500     2.7000     1700.0000  % 
UB: 2.6999999999999993
branching on 2 with b.
294    22     18         0.1500     2.7000     1700.0000  % 
UB: 2.6999999999999993
branching on 3 with b.
295    23     19         0.1500     2.7000     1700.0000  % 
LB close or above UB, fathomed
296    22     19         0.1500     2.7000     1700.0000  % 
LB close or above UB, fathomed
297    21     18         0.1500     2.7000     1700.0000  % 
LB close or above UB, fathomed
298    20     17         0.1500     2.7000     1700.0000  % 
LB close or above UB, fathomed
299    19     16         0.1500     2.7000     1700.0000  % 
LB close or above UB, fathomed
300    18     14         0.1500     2.7000     1700.0000  % 
LB close or above UB, fathomed
301    17     11         0.1500     2.7000     1700.0000  % 
LB close or above UB, fathomed
302    16     10         0.1500     2.7000     1700.0000  % 
UB: 2.6999999999999993
branching on CartesianIndex(1, 2) with a.
303    17     11         0.1500     2.7000     1700.0000  % 
UB: 2.6999999999999993
branching on 2 with b.
304    18     11         0.1500     2.7000     1700.0000  % 
LB close or above UB, fathomed
305    17     13         0.1500     2.7000     1700.0000  % 
LB close or above UB, fathomed
306    16     13         0.1500     2.7000     1700.0000  % 
LB close or above UB, fathomed
307    15     11         0.1500     2.7000     1700.0000  % 
UB: 2.6999999999999993
branching on 3 with b.
308    16     12         0.1500     2.7000     1700.0000  % 
LB close or above UB, fathomed
309    15     12         0.1500     2.7000     1700.0000  % 
UB: 2.6999999999999993
branching on CartesianIndex(2, 4) with c.
310    16     13         0.1500     2.7000     1700.0000  % 
UB: 2.6999999999999993
branching on CartesianIndex(1, 5) with c.
311    17     14         0.1500     2.7000     1700.0000  % 
LB close or above UB, fathomed
312    16     14         0.1500     2.7000     1700.0000  % 
UB: 2.6999999999999993
branching on CartesianIndex(1, 6) with c.
313    17     15         0.1500     2.7000     1700.0000  % 
UB: 2.6999999999999993
branching on CartesianIndex(2, 6) with c.
314    18     16         0.1500     2.7000     1700.0000  % 
LB close or above UB, fathomed
315    17     16         0.1500     2.7000     1700.0000  % 
LB close or above UB, fathomed
316    16     15         0.1500     2.7000     1700.0000  % 
LB close or above UB, fathomed
317    15     13         0.1500     2.7000     1700.0000  % 
UB: 2.6999999999999993
branching on CartesianIndex(1, 5) with c.
318    16     14         0.1500     2.7000     1700.0000  % 
LB close or above UB, fathomed
319    15     14         0.1500     2.7000     1700.0000  % 
UB: 2.6999999999999993
branching on CartesianIndex(1, 6) with c.
320    16     15         0.1500     2.7000     1700.0000  % 
UB: 2.6999999999999993
branching on CartesianIndex(2, 6) with c.
321    17     16         0.1500     2.7000     1700.0000  % 
LB close or above UB, fathomed
322    16     16         0.1500     2.7000     1700.0000  % 
LB close or above UB, fathomed
323    15     15         0.1500     2.7000     1700.0000  % 
LB close or above UB, fathomed
324    14     11         0.1500     2.7000     1700.0000  % 
LB close or above UB, fathomed
325    13     15         0.1500     2.7000     1700.0000  % 
UB: 2.6999999999999993
branching on CartesianIndex(2, 6) with c.
326    14     16         0.1500     2.7000     1700.0000  % 
LB close or above UB, fathomed
327    13     16         0.1500     2.7000     1700.0000  % 
UB: 2.6999999999999993
branching on CartesianIndex(1, 7) with c.
328    14     17         0.1500     2.7000     1700.0000  % 
UB: 2.6999999999999993
branching on CartesianIndex(2, 7) with c.
329    15     18         0.1500     2.7000     1700.0000  % 
UB: 2.6999999999999993
branching on 1 with b.
330    16     19         0.1500     2.7000     1700.0000  % 
LB close or above UB, fathomed
331    15     19         0.1500     2.7000     1700.0000  % 
UB: 2.6999999999999993
branching on 2 with b.
332    16     20         0.1500     2.7000     1700.0000  % 
LB close or above UB, fathomed
333    15     20         0.1500     2.7000     1700.0000  % 
UB: 2.6999999999999993
branching on 3 with b.
334    16     21         0.1500     2.7000     1700.0000  % 
UB: 2.6999999999999993
branching on 1 with b.
335    17     22         0.1500     2.7000     1700.0000  % 
LB close or above UB, fathomed
336    16     22         0.1500     2.7000     1700.0000  % 
LB close or above UB, fathomed
337    15     21         0.1500     2.7000     1700.0000  % 
LB close or above UB, fathomed
338    14     18         0.1500     2.7000     1700.0000  % 
LB close or above UB, fathomed
339    13     17         0.1500     2.7000     1700.0000  % 
LB close or above UB, fathomed
340    12     15         0.1500     2.7000     1700.0000  % 
LB close or above UB, fathomed
341    11     13         0.1500     2.7000     1700.0000  % 
LB close or above UB, fathomed
342    10     13         0.1500     2.7000     1700.0000  % 
UB: 2.6999999999999993
branching on CartesianIndex(1, 5) with c.
343    11     14         0.1500     2.7000     1700.0000  % 
UB: 2.6999999999999993
branching on CartesianIndex(2, 5) with c.
344    12     15         0.1500     2.7000     1700.0000  % 
LB close or above UB, fathomed
345    11     15         0.1500     2.7000     1700.0000  % 
LB close or above UB, fathomed
346    10     14         0.1500     2.7000     1700.0000  % 
LB close or above UB, fathomed
347    9      20         0.1500     2.7000     1700.0000  % 
LB close or above UB, fathomed
348    8      20         0.1500     2.7000     1700.0000  % 
UB: 2.6999999999999993
branching on 3 with b.
349    9      21         0.1500     2.7000     1700.0000  % 
LB close or above UB, fathomed
350    8      21         0.1500     2.7000     1700.0000  % 
LB close or above UB, fathomed
351    7      10         0.1500     2.7000     1700.0000  % 
LB close or above UB, fathomed
352    6      10         0.1500     2.7000     1700.0000  % 
UB: 2.6999999999999993
branching on 1 with b.
353    7      11         0.1500     2.7000     1700.0000  % 
UB: 2.6999999999999993
branching on 2 with b.
354    8      12         0.1500     2.7000     1700.0000  % 
UB: 2.6999999999999993
branching on CartesianIndex(1, 3) with a.
355    9      13         0.1500     2.7000     1700.0000  % 
LB close or above UB, fathomed
356    8      13         0.1500     2.7000     1700.0000  % 
UB: 2.6999999999999993
branching on CartesianIndex(1, 4) with c.
357    9      14         0.1500     2.7000     1700.0000  % 
LB close or above UB, fathomed
358    8      14         0.1500     2.7000     1700.0000  % 
UB: 2.6999999999999993
branching on CartesianIndex(1, 5) with c.
359    9      15         0.1500     2.7000     1700.0000  % 
UB: 2.6999999999999993
branching on CartesianIndex(2, 5) with c.
360    10     16         0.1500     2.7000     1700.0000  % 
UB: 2.6999999999999993
branching on CartesianIndex(1, 6) with c.
361    11     17         0.1500     2.7000     1700.0000  % 
UB: 2.6999999999999993
branching on CartesianIndex(2, 6) with c.
362    12     18         0.1500     2.7000     1700.0000  % 
LB close or above UB, fathomed
363    11     18         0.1500     2.7000     1700.0000  % 
LB close or above UB, fathomed
364    10     17         0.1500     2.7000     1700.0000  % 
LB close or above UB, fathomed
365    9      16         0.1500     2.7000     1700.0000  % 
UB: 2.6999999999999993
branching on CartesianIndex(1, 6) with c.
366    10     17         0.1500     2.7000     1700.0000  % 
UB: 2.6999999999999993
branching on CartesianIndex(2, 6) with c.
367    11     18         0.1500     2.7000     1700.0000  % 
LB close or above UB, fathomed
368    10     18         0.1500     2.7000     1700.0000  % 
LB close or above UB, fathomed
369    9      17         0.1500     2.7000     1700.0000  % 
LB close or above UB, fathomed
370    8      15         0.1500     2.7000     1700.0000  % 
UB: 2.6999999999999993
branching on CartesianIndex(1, 6) with c.
371    9      16         0.1500     2.7000     1700.0000  % 
UB: 2.6999999999999993
branching on CartesianIndex(2, 6) with c.
372    10     17         0.1500     2.7000     1700.0000  % 
LB close or above UB, fathomed
373    9      17         0.1500     2.7000     1700.0000  % 
LB close or above UB, fathomed
374    8      16         0.1500     2.7000     1700.0000  % 
LB close or above UB, fathomed
375    7      12         0.1500     2.7000     1700.0000  % 
UB: 2.6999999999999993
branching on 3 with b.
376    8      13         0.1500     2.7000     1700.0000  % 
UB: 2.6999999999999993
branching on CartesianIndex(1, 3) with a.
377    9      14         0.1500     2.7000     1700.0000  % 
LB close or above UB, fathomed
378    8      14         0.1500     2.7000     1700.0000  % 
UB: 2.6999999999999993
branching on CartesianIndex(1, 4) with c.
379    9      15         0.1500     2.7000     1700.0000  % 
LB close or above UB, fathomed
380    8      15         0.1500     2.7000     1700.0000  % 
UB: 2.6999999999999993
branching on 1 with b.
381    8      16         0.1500     2.7000     1700.0000  % 
UB: 2.6999999999999993
branching on CartesianIndex(1, 5) with c.
382    9      17         0.1500     2.7000     1700.0000  % 
UB: 2.6999999999999993
branching on 2 with b.
383    9      18         0.1500     2.7000     1700.0000  % 
UB: 2.6999999999999993
branching on CartesianIndex(2, 5) with c.
384    10     19         0.1500     2.7000     1700.0000  % 
UB: 2.6999999999999993
branching on CartesianIndex(1, 6) with c.
385    11     20         0.1500     2.7000     1700.0000  % 
UB: 2.6999999999999993
branching on CartesianIndex(2, 6) with c.
386    12     21         0.1500     2.7000     1700.0000  % 
LB close or above UB, fathomed
387    11     21         0.1500     2.7000     1700.0000  % 
LB close or above UB, fathomed
388    10     20         0.1500     2.7000     1700.0000  % 
LB close or above UB, fathomed
389    9      19         0.1500     2.7000     1700.0000  % 
UB: 2.6999999999999993
branching on CartesianIndex(1, 6) with c.
390    10     20         0.1500     2.7000     1700.0000  % 
UB: 2.6999999999999993
branching on CartesianIndex(2, 6) with c.
391    11     21         0.1500     2.7000     1700.0000  % 
LB close or above UB, fathomed
392    10     21         0.1500     2.7000     1700.0000  % 
LB close or above UB, fathomed
393    9      20         0.1500     2.7000     1700.0000  % 
LB close or above UB, fathomed
394    8      17         0.1500     2.7000     1700.0000  % 
UB: 2.6999999999999993
branching on CartesianIndex(1, 6) with c.
395    9      18         0.1500     2.7000     1700.0000  % 
UB: 2.6999999999999993
branching on CartesianIndex(2, 6) with c.
396    10     19         0.1500     2.7000     1700.0000  % 
LB close or above UB, fathomed
397    9      19         0.1500     2.7000     1700.0000  % 
LB close or above UB, fathomed
398    8      18         0.1500     2.7000     1700.0000  % 
LB close or above UB, fathomed
399    7      13         0.1500     2.7000     1700.0000  % 
UB: 2.6999999999999993
branching on CartesianIndex(1, 3) with a.
400    8      14         0.1500     2.7000     1700.0000  % 
LB close or above UB, fathomed
401    7      14         0.1500     2.7000     1700.0000  % 
LB close or above UB, fathomed
402    6      11         0.1500     2.7000     1700.0000  % 
UB: 2.6999999999999993
branching on 2 with b.
403    7      12         0.1500     2.7000     1700.0000  % 
UB: 2.6999999999999993
branching on CartesianIndex(1, 3) with a.
404    8      13         0.1500     2.7000     1700.0000  % 
LB close or above UB, fathomed
405    7      13         0.1500     2.7000     1700.0000  % 
UB: 2.6999999999999993
branching on CartesianIndex(1, 4) with c.
406    8      14         0.1500     2.7000     1700.0000  % 
LB close or above UB, fathomed
407    7      14         0.1500     2.7000     1700.0000  % 
UB: 2.6999999999999993
branching on CartesianIndex(1, 5) with c.
408    8      15         0.1500     2.7000     1700.0000  % 
UB: 2.6999999999999993
branching on 3 with b.
409    9      16         0.1500     2.7000     1700.0000  % 
UB: 2.6999999999999993
branching on 1 with b.
410    10     17         0.1500     2.7000     1700.0000  % 
UB: 2.6999999999999993
branching on CartesianIndex(2, 5) with c.
411    11     18         0.1500     2.7000     1700.0000  % 
UB: 2.6999999999999993
branching on CartesianIndex(1, 6) with c.
412    12     19         0.1500     2.7000     1700.0000  % 
UB: 2.6999999999999993
branching on CartesianIndex(2, 6) with c.
413    13     20         0.1500     2.7000     1700.0000  % 
LB close or above UB, fathomed
414    12     20         0.1500     2.7000     1700.0000  % 
LB close or above UB, fathomed
415    11     19         0.1500     2.7000     1700.0000  % 
LB close or above UB, fathomed
416    10     18         0.1500     2.7000     1700.0000  % 
UB: 2.6999999999999993
branching on CartesianIndex(1, 6) with c.
417    11     19         0.1500     2.7000     1700.0000  % 
UB: 2.6999999999999993
branching on CartesianIndex(2, 6) with c.
418    12     20         0.1500     2.7000     1700.0000  % 
LB close or above UB, fathomed
419    11     20         0.1500     2.7000     1700.0000  % 
LB close or above UB, fathomed
420    10     19         0.1500     2.7000     1700.0000  % 
LB close or above UB, fathomed
421    9      17         0.1500     2.7000     1700.0000  % 
LB close or above UB, fathomed
422    8      16         0.1500     2.7000     1700.0000  % 
LB close or above UB, fathomed
423    7      15         0.1500     2.7000     1700.0000  % 
UB: 2.6999999999999993
branching on CartesianIndex(1, 6) with c.
424    8      16         0.1500     2.7000     1700.0000  % 
UB: 2.6999999999999993
branching on CartesianIndex(2, 6) with c.
425    9      17         0.1500     2.7000     1700.0000  % 
LB close or above UB, fathomed
426    8      17         0.1500     2.7000     1700.0000  % 
LB close or above UB, fathomed
427    7      16         0.1500     2.7000     1700.0000  % 
LB close or above UB, fathomed
428    6      12         0.1500     2.7000     1700.0000  % 
UB: 2.6999999999999993
branching on CartesianIndex(1, 3) with a.
429    7      13         0.1500     2.7000     1700.0000  % 
LB close or above UB, fathomed
430    6      13         0.1500     2.7000     1700.0000  % 
UB: 2.6999999999999993
branching on CartesianIndex(1, 4) with c.
431    7      14         0.1500     2.7000     1700.0000  % 
LB close or above UB, fathomed
432    6      14         0.1500     2.7000     1700.0000  % 
UB: 2.6999999999999993
branching on CartesianIndex(1, 5) with c.
433    7      15         0.1500     2.7000     1700.0000  % 
UB: 2.6999999999999993
branching on 3 with b.
434    8      16         0.1500     2.7000     1700.0000  % 
UB: 2.6999999999999993
branching on CartesianIndex(2, 5) with c.
435    9      17         0.1500     2.7000     1700.0000  % 
UB: 2.6999999999999993
branching on 1 with b.
436    10     18         0.1500     2.7000     1700.0000  % 
UB: 2.6999999999999993
branching on CartesianIndex(1, 6) with c.
437    11     19         0.1500     2.7000     1700.0000  % 
UB: 2.6999999999999993
branching on CartesianIndex(2, 6) with c.
438    12     20         0.1500     2.7000     1700.0000  % 
LB close or above UB, fathomed
439    11     20         0.1500     2.7000     1700.0000  % 
LB close or above UB, fathomed
440    10     19         0.1500     2.7000     1700.0000  % 
LB close or above UB, fathomed
441    9      18         0.1500     2.7000     1700.0000  % 
LB close or above UB, fathomed
442    8      17         0.1500     2.7000     1700.0000  % 
UB: 2.6999999999999993
branching on CartesianIndex(1, 6) with c.
443    9      18         0.1500     2.7000     1700.0000  % 
UB: 2.6999999999999993
branching on CartesianIndex(2, 6) with c.
444    10     19         0.1500     2.7000     1700.0000  % 
LB close or above UB, fathomed
445    9      19         0.1500     2.7000     1700.0000  % 
LB close or above UB, fathomed
446    8      18         0.1500     2.7000     1700.0000  % 
LB close or above UB, fathomed
447    7      16         0.1500     2.7000     1700.0000  % 
LB close or above UB, fathomed
448    6      15         0.1500     2.7000     1700.0000  % 
UB: 2.6999999999999993
branching on 3 with b.
449    7      16         0.1500     2.7000     1700.0000  % 
UB: 2.6999999999999993
branching on CartesianIndex(1, 6) with c.
450    8      17         0.1500     2.7000     1700.0000  % 
UB: 2.6999999999999993
branching on CartesianIndex(2, 6) with c.
451    9      18         0.1500     2.7000     1700.0000  % 
LB close or above UB, fathomed
452    8      18         0.1500     2.7000     1700.0000  % 
LB close or above UB, fathomed
453    7      17         0.1500     2.7000     1700.0000  % 
LB close or above UB, fathomed
454    6      16         0.1500     2.7000     1700.0000  % 
LB close or above UB, fathomed
455    5      12         0.1500     2.7000     1700.0000  % 
UB: 2.6999999999999993
branching on CartesianIndex(1, 3) with a.
456    6      13         0.1500     2.7000     1700.0000  % 
LB close or above UB, fathomed
457    5      13         0.1500     2.7000     1700.0000  % 
UB: 2.6999999999999993
branching on CartesianIndex(1, 4) with c.
458    6      14         0.1500     2.7000     1700.0000  % 
LB close or above UB, fathomed
459    5      14         0.1500     2.7000     1700.0000  % 
UB: 2.6999999999999993
branching on CartesianIndex(1, 5) with c.
460    6      15         0.1500     2.7000     1700.0000  % 
UB: 2.6999999999999993
branching on CartesianIndex(2, 5) with c.
461    7      16         0.1500     2.7000     1700.0000  % 
LB close or above UB, fathomed
462    6      16         0.1500     2.7000     1700.0000  % 
UB: 2.6999999999999993
branching on CartesianIndex(1, 6) with c.
463    7      17         0.1500     2.7000     1700.0000  % 
UB: 2.6999999999999993
branching on CartesianIndex(2, 6) with c.
464    8      18         0.1500     2.7000     1700.0000  % 
UB: 2.6999999999999993
branching on CartesianIndex(1, 7) with c.
465    9      19         0.1500     2.7000     1700.0000  % 
UB: 2.6999999999999993
branching on 3 with b.
466    10     20         0.1500     2.7000     1700.0000  % 
LB close or above UB, fathomed
467    9      20         0.1500     2.7000     1700.0000  % 
LB close or above UB, fathomed
468    8      19         0.1500     2.7000     1700.0000  % 
LB close or above UB, fathomed
469    7      18         0.1500     2.7000     1700.0000  % 
LB close or above UB, fathomed
470    6      17         0.1500     2.7000     1700.0000  % 
LB close or above UB, fathomed
471    5      15         0.1500     2.7000     1700.0000  % 
LB close or above UB, fathomed
472    4      12         0.1500     2.7000     1700.0000  % 
LB close or above UB, fathomed
473    3      14         0.1500     2.7000     1700.0000  % 
LB close or above UB, fathomed
474    2      14         0.1500     2.7000     1700.0000  % 
UB: 2.6999999999999993
branching on CartesianIndex(1, 5) with c.
475    3      15         0.1500     2.7000     1700.0000  % 
UB: 2.6999999999999993
branching on CartesianIndex(2, 5) with c.
476    4      16         0.1500     2.7000     1700.0000  % 
UB: 2.6999999999999993
branching on CartesianIndex(1, 6) with c.
477    5      17         0.1500     2.7000     1700.0000  % 
UB: 2.6999999999999993
branching on CartesianIndex(2, 6) with c.
478    6      18         0.1500     2.7000     1700.0000  % 
LB close or above UB, fathomed
479    5      18         0.1500     2.7000     1700.0000  % 
LB close or above UB, fathomed
480    4      17         0.1500     2.7000     1700.0000  % 
LB close or above UB, fathomed
481    3      16         0.1500     2.7000     1700.0000  % 
UB: 2.6999999999999993
branching on CartesianIndex(1, 6) with c.
482    4      17         0.1500     2.7000     1700.0000  % 
UB: 2.6999999999999993
branching on CartesianIndex(2, 6) with c.
483    5      18         0.1500     2.7000     1700.0000  % 
LB close or above UB, fathomed
484    4      18         0.1500     2.7000     1700.0000  % 
LB close or above UB, fathomed
485    3      17         0.1500     2.7000     1700.0000  % 
LB close or above UB, fathomed
486    2      15         0.1500     2.7000     1700.0000  % 
UB: 2.6999999999999993
branching on CartesianIndex(1, 6) with c.
487    3      16         0.1500     2.7000     1700.0000  % 
UB: 2.6999999999999993
branching on CartesianIndex(2, 6) with c.
488    4      17         0.1500     2.7000     1700.0000  % 
LB close or above UB, fathomed
489    3      17         0.1500     2.7000     1700.0000  % 
LB close or above UB, fathomed
490    2      16         0.1500     2.7000     1700.0000  % 
LB close or above UB, fathomed
491    1      15         0.1500     2.7000     1700.0000  % 
UB: 2.6999999999999993
branching on CartesianIndex(1, 5) with c.
492    2      16         0.1500     2.7000     1700.0000  % 
LB close or above UB, fathomed
493    1      16         0.1500     2.7000     1700.0000  % 
UB: 2.6999999999999993
branching on CartesianIndex(1, 6) with c.
494    2      17         0.1500     2.7000     1700.0000  % 
UB: 2.6999999999999993
branching on CartesianIndex(2, 6) with c.
495    3      18         0.1500     2.7000     1700.0000  % 
LB close or above UB, fathomed
496    2      18         0.1500     2.7000     1700.0000  % 
LB close or above UB, fathomed
497    1      17         0.1500     2.7000     1700.0000  % 
LB close or above UB, fathomed
498    0      15         0.1500     2.7000     1700.0000  % 
UB: 2.6999999999999993
branching on CartesianIndex(1, 5) with c.
499    1      16         0.1500     2.7000     1700.0000  % 
LB close or above UB, fathomed
500    0      16         0.1500     2.7000     1700.0000  % 
UB: 2.6999999999999993
branching on 3 with b.
501    1      17         0.1500     2.7000     1700.0000  % 
UB: 2.6999999999999993
branching on CartesianIndex(1, 6) with c.
502    2      18         0.1500     2.7000     1700.0000  % 
UB: 2.6999999999999993
branching on 1 with b.
503    2      19         0.1500     2.7000     1700.0000  % 
UB: 2.6999999999999993
branching on CartesianIndex(2, 6) with c.
504    3      20         0.1500     2.7000     1700.0000  % 
LB close or above UB, fathomed
505    2      20         0.1500     2.7000     1700.0000  % 
LB close or above UB, fathomed
506    1      18         0.1500     2.7000     1700.0000  % 
LB close or above UB, fathomed
507    0      17         0.1500     2.7000     1700.0000  % 
LB close or above UB, fathomed
all node solved
solved nodes:  508
508                                                   2.7000e+00     2.7000e+00     0.0000  % 
2×3 Matrix{Float64}:
 0.0  0.0  0.0
 1.0  0.0  1.0
3-element Vector{Float64}:
 0.3601611093234349
 0.0
 0.692698209737675
3×7 Matrix{Float64}:
 0.0  0.0  0.0  0.0  1.0  0.0  0.0
 0.0  0.0  0.0  0.0  0.0  1.0  0.0
 0.0  0.0  0.0  0.0  0.0  0.0  1.0
3-element Vector{Float64}:
 1.0
 0.0
 1.0
2×3 Matrix{Float64}:
 -0.0   0.0   1.0
  1.0  -0.0  -0.0
3-element Vector{Float64}:
 0.2891468022629577
 0.0
 0.8344455236128536
3×7 Matrix{Float64}:
 0.0  0.0  0.0   1.0  1.0  -0.0  0.0
 0.0  0.0  0.0  -0.0  0.0   1.0  0.0
 0.0  0.0  0.0  -0.0  0.0   0.0  1.0
3-element Vector{Float64}:
 1.0
 0.0
 1.0
comparison (CRT and Glb)on prediction: Dict{Bool, Int64}(0 => 1, 1 => 3)
Dataname	 time	 objv	 lb	 gap	 train_w	 train_g	 test_w	 test_g
small_toy_429.small_toy	 58.76	 2.6999999999999993	 2.7	 0.0	 88.889	 88.889	 50.0	 75.0
