Running 2 processes.
Start training small_toy_438.small_toy with seed 1.
Any[]
(2, 13)
(2, 6)
(2, 3)
(2, 4)
dimension: 2, class: 3
cart cost: 2.7500000000000004
size of X: (2, 9)
ngroups: 2
UB: 2.6999999999999997
Iter	left	lev	LB	UB	gap	
0      0      1          0.0833     2.7000     3140.0000  % 
UB: 2.6999999999999997
branching on 1 with d.
1      1      2          0.0833     2.7000     3140.0000  % 
LB close or above UB, fathomed
2      0      2          0.0833     2.7000     3140.0000  % 
UB: 2.6999999999999997
branching on 2 with d.
3      1      3          0.0833     2.7000     3140.0000  % 
UB: 2.6999999999999997
branching on 3 with d.
4      2      4          0.0833     2.7000     3140.0000  % 
LB close or above UB, fathomed
5      1      4          0.0833     2.7000     3140.0000  % 
UB: 2.6999999999999997
branching on CartesianIndex(1, 1) with a.
6      2      3          0.0833     2.7000     3140.0000  % 
UB: 2.6999999999999997
branching on 3 with d.
7      3      4          0.1000     2.7000     2600.0000  % 
UB: 2.6999999999999997
branching on 1 with b.
8      4      5          0.1000     2.7000     2600.0000  % 
LB close or above UB, fathomed
9      3      5          0.1000     2.7000     2600.0000  % 
UB: 2.6999999999999997
branching on CartesianIndex(1, 1) with a.
10     4      6          0.1000     2.7000     2600.0000  % 
LB close or above UB, fathomed
11     3      6          0.1000     2.7000     2600.0000  % 
UB: 2.6999999999999997
branching on 1 with b.
12     4      4          0.1000     2.7000     2600.0000  % 
UB: 2.6999999999999997
branching on CartesianIndex(1, 1) with a.
13     5      5          0.1000     2.7000     2600.0000  % 
UB: 2.6999999999999997
branching on 1 with b.
14     6      6          0.1000     2.7000     2600.0000  % 
UB: 2.6999999999999997
branching on CartesianIndex(1, 3) with a.
15     7      7          0.1000     2.7000     2600.0000  % 
UB: 2.6999999999999997
branching on 1 with b.
16     8      8          0.1000     2.7000     2600.0000  % 
LB close or above UB, fathomed
17     7      8          0.1000     2.7000     2600.0000  % 
UB: 2.6999999999999997
branching on CartesianIndex(1, 5) with c.
18     8      9          0.1000     2.7000     2600.0000  % 
LB close or above UB, fathomed
19     7      9          0.1000     2.7000     2600.0000  % 
UB: 2.6999999999999997
branching on CartesianIndex(1, 6) with c.
20     8      10         0.1000     2.7000     2600.0000  % 
UB: 2.6999999999999997
branching on 3 with b.
21     9      11         0.1000     2.7000     2600.0000  % 
LB close or above UB, fathomed
22     8      11         0.1000     2.7000     2600.0000  % 
LB close or above UB, fathomed
23     7      10         0.1000     2.7000     2600.0000  % 
LB close or above UB, fathomed
24     6      7          0.1000     2.7000     2600.0000  % 
UB: 2.6999999999999997
branching on 1 with b.
25     7      8          0.1000     2.7000     2600.0000  % 
LB close or above UB, fathomed
26     6      8          0.1000     2.7000     2600.0000  % 
UB: 2.6999999999999997
branching on CartesianIndex(1, 5) with c.
27     7      9          0.1000     2.7000     2600.0000  % 
LB close or above UB, fathomed
28     6      9          0.1000     2.7000     2600.0000  % 
UB: 2.6999999999999997
branching on 3 with b.
29     7      10         0.1000     2.7000     2600.0000  % 
LB close or above UB, fathomed
30     6      10         0.1000     2.7000     2600.0000  % 
UB: 2.6999999999999997
branching on CartesianIndex(1, 6) with c.
31     7      11         0.1000     2.7000     2600.0000  % 
UB: 2.6999999999999997
branching on CartesianIndex(2, 6) with c.
32     8      12         0.1000     2.7000     2600.0000  % 
LB close or above UB, fathomed
33     7      12         0.1000     2.7000     2600.0000  % 
UB: 2.6999999999999997
branching on CartesianIndex(1, 7) with c.
34     8      13         0.1000     2.7000     2600.0000  % 
UB: 2.6999999999999997
branching on CartesianIndex(2, 7) with c.
35     9      14         0.1000     2.7000     2600.0000  % 
UB: 2.6999999999999997
branching on 1 with b.
36     10     15         0.1000     2.7000     2600.0000  % 
LB close or above UB, fathomed
37     9      15         0.1000     2.7000     2600.0000  % 
LB close or above UB, fathomed
38     8      14         0.1000     2.7000     2600.0000  % 
LB close or above UB, fathomed
39     7      13         0.1000     2.7000     2600.0000  % 
LB close or above UB, fathomed
40     6      11         0.1000     2.7000     2600.0000  % 
LB close or above UB, fathomed
41     5      6          0.1000     2.7000     2600.0000  % 
LB close or above UB, fathomed
42     4      5          0.1000     2.7000     2600.0000  % 
LB close or above UB, fathomed
43     3      7          0.1000     2.7000     2600.0000  % 
LB close or above UB, fathomed
44     2      7          0.1000     2.7000     2600.0000  % 
LB close or above UB, fathomed
45     1      5          0.1500     2.7000     1700.0000  % 
UB: 2.6999999999999997
branching on 1 with b.
46     2      6          0.1500     2.7000     1700.0000  % 
UB: 2.6999999999999997
branching on 1 with b.
47     3      7          0.1500     2.7000     1700.0000  % 
LB close or above UB, fathomed
48     2      7          0.1500     2.7000     1700.0000  % 
UB: 2.6999999999999997
branching on CartesianIndex(1, 2) with a.
49     3      8          0.1500     2.7000     1700.0000  % 
UB: 2.6999999999999997
branching on CartesianIndex(1, 3) with a.
50     4      9          0.1500     2.7000     1700.0000  % 
UB: 2.6999999999999997
branching on CartesianIndex(1, 4) with c.
51     5      10         0.1500     2.7000     1700.0000  % 
UB: 2.6999999999999997
branching on 2 with b.
52     6      10         0.1500     2.7000     1700.0000  % 
UB: 2.6999999999999997
branching on CartesianIndex(1, 5) with c.
53     7      11         0.1500     2.7000     1700.0000  % 
UB: 2.6999999999999997
branching on CartesianIndex(2, 5) with c.
54     8      12         0.1500     2.7000     1700.0000  % 
UB: 2.6999999999999997
branching on CartesianIndex(1, 6) with c.
55     9      13         0.1500     2.7000     1700.0000  % 
UB: 2.6999999999999997
branching on 2 with b.
56     10     14         0.1500     2.7000     1700.0000  % 
UB: 2.6999999999999997
branching on CartesianIndex(2, 6) with c.
57     11     15         0.1500     2.7000     1700.0000  % 
UB: 2.6999999999999997
branching on 3 with b.
58     12     16         0.1500     2.7000     1700.0000  % 
LB close or above UB, fathomed
59     11     16         0.1500     2.7000     1700.0000  % 
LB close or above UB, fathomed
60     10     15         0.1500     2.7000     1700.0000  % 
UB: 2.6999999999999997
branching on 3 with b.
61     11     16         0.1500     2.7000     1700.0000  % 
LB close or above UB, fathomed
62     10     16         0.1500     2.7000     1700.0000  % 
UB: 2.6999999999999997
branching on CartesianIndex(1, 7) with c.
63     11     17         0.1500     2.7000     1700.0000  % 
UB: 2.6999999999999997
branching on CartesianIndex(2, 7) with c.
64     12     18         0.1500     2.7000     1700.0000  % 
UB: 2.6999999999999997
branching on 1 with b.
65     13     19         0.1500     2.7000     1700.0000  % 
LB close or above UB, fathomed
66     12     19         0.1500     2.7000     1700.0000  % 
UB: 2.6999999999999997
branching on 2 with b.
67     13     18         0.1500     2.7000     1700.0000  % 
LB close or above UB, fathomed
68     12     17         0.1500     2.7000     1700.0000  % 
LB close or above UB, fathomed
69     11     14         0.1500     2.7000     1700.0000  % 
UB: 2.6999999999999997
branching on 3 with b.
70     12     15         0.1500     2.7000     1700.0000  % 
LB close or above UB, fathomed
71     11     15         0.1500     2.7000     1700.0000  % 
LB close or above UB, fathomed
72     10     13         0.1500     2.7000     1700.0000  % 
LB close or above UB, fathomed
73     9      12         0.1500     2.7000     1700.0000  % 
UB: 2.6999999999999997
branching on CartesianIndex(1, 6) with c.
74     10     13         0.1500     2.7000     1700.0000  % 
UB: 2.6999999999999997
branching on 2 with b.
75     11     14         0.1500     2.7000     1700.0000  % 
UB: 2.6999999999999997
branching on CartesianIndex(2, 6) with c.
76     12     15         0.1500     2.7000     1700.0000  % 
UB: 2.6999999999999997
branching on CartesianIndex(1, 7) with c.
77     13     16         0.1500     2.7000     1700.0000  % 
UB: 2.6999999999999997
branching on 3 with b.
78     14     17         0.1500     2.7000     1700.0000  % 
LB close or above UB, fathomed
79     13     17         0.1500     2.7000     1700.0000  % 
LB close or above UB, fathomed
80     12     16         0.1500     2.7000     1700.0000  % 
LB close or above UB, fathomed
81     11     15         0.1500     2.7000     1700.0000  % 
LB close or above UB, fathomed
82     10     14         0.1500     2.7000     1700.0000  % 
UB: 2.6999999999999997
branching on 3 with b.
83     11     15         0.1500     2.7000     1700.0000  % 
LB close or above UB, fathomed
84     10     15         0.1500     2.7000     1700.0000  % 
LB close or above UB, fathomed
85     9      13         0.1500     2.7000     1700.0000  % 
LB close or above UB, fathomed
86     8      11         0.1500     2.7000     1700.0000  % 
UB: 2.6999999999999997
branching on 2 with b.
87     9      12         0.1500     2.7000     1700.0000  % 
UB: 2.6999999999999997
branching on CartesianIndex(1, 6) with c.
88     10     13         0.1500     2.7000     1700.0000  % 
UB: 2.6999999999999997
branching on 3 with b.
89     11     14         0.1500     2.7000     1700.0000  % 
LB close or above UB, fathomed
90     10     14         0.1500     2.7000     1700.0000  % 
LB close or above UB, fathomed
91     9      13         0.1500     2.7000     1700.0000  % 
LB close or above UB, fathomed
92     8      12         0.1500     2.7000     1700.0000  % 
UB: 2.6999999999999997
branching on CartesianIndex(1, 6) with c.
93     9      13         0.1500     2.7000     1700.0000  % 
UB: 2.6999999999999997
branching on CartesianIndex(2, 6) with c.
94     10     14         0.1500     2.7000     1700.0000  % 
UB: 2.6999999999999997
branching on CartesianIndex(1, 7) with c.
95     11     15         0.1500     2.7000     1700.0000  % 
UB: 2.6999999999999997
branching on 3 with b.
96     12     16         0.1500     2.7000     1700.0000  % 
LB close or above UB, fathomed
97     11     16         0.1500     2.7000     1700.0000  % 
LB close or above UB, fathomed
98     10     15         0.1500     2.7000     1700.0000  % 
LB close or above UB, fathomed
99     9      14         0.1500     2.7000     1700.0000  % 
LB close or above UB, fathomed
100    8      13         0.1500     2.7000     1700.0000  % 
LB close or above UB, fathomed
101    7      9          0.1500     2.7000     1700.0000  % 
UB: 2.6999999999999997
branching on CartesianIndex(1, 4) with c.
102    8      10         0.1500     2.7000     1700.0000  % 
UB: 2.6999999999999997
branching on CartesianIndex(2, 4) with c.
103    9      10         0.1500     2.7000     1700.0000  % 
UB: 2.6999999999999997
branching on 2 with b.
104    10     11         0.1500     2.7000     1700.0000  % 
UB: 2.6999999999999997
branching on 3 with b.
105    11     12         0.1500     2.7000     1700.0000  % 
LB close or above UB, fathomed
106    10     12         0.1500     2.7000     1700.0000  % 
UB: 2.6999999999999997
branching on 1 with b.
107    11     13         0.1500     2.7000     1700.0000  % 
UB: 2.6999999999999997
branching on CartesianIndex(1, 5) with c.
108    12     14         0.1500     2.7000     1700.0000  % 
UB: 2.6999999999999997
branching on 2 with b.
109    13     14         0.1500     2.7000     1700.0000  % 
UB: 2.6999999999999997
branching on CartesianIndex(1, 6) with c.
110    14     15         0.1500     2.7000     1700.0000  % 
LB close or above UB, fathomed
111    13     15         0.1500     2.7000     1700.0000  % 
LB close or above UB, fathomed
112    12     13         0.1500     2.7000     1700.0000  % 
UB: 2.6999999999999997
branching on CartesianIndex(1, 5) with c.
113    13     11         0.1500     2.7000     1700.0000  % 
UB: 2.6999999999999997
branching on CartesianIndex(1, 5) with c.
114    14     12         0.1500     2.7000     1700.0000  % 
UB: 2.6999999999999997
branching on 3 with b.
115    15     13         0.1500     2.7000     1700.0000  % 
LB close or above UB, fathomed
116    14     13         0.1500     2.7000     1700.0000  % 
UB: 2.6999999999999997
branching on CartesianIndex(2, 5) with c.
117    15     14         0.1500     2.7000     1700.0000  % 
UB: 2.6999999999999997
branching on CartesianIndex(1, 6) with c.
118    16     14         0.1500     2.7000     1700.0000  % 
UB: 2.6999999999999997
branching on CartesianIndex(1, 6) with c.
119    17     12         0.1500     2.7000     1700.0000  % 
UB: 2.6999999999999997
branching on 3 with b.
120    18     13         0.1500     2.7000     1700.0000  % 
LB close or above UB, fathomed
121    17     13         0.1500     2.7000     1700.0000  % 
UB: 2.6999999999999997
branching on CartesianIndex(1, 6) with c.
122    18     14         0.1500     2.7000     1700.0000  % 
UB: 2.6999999999999997
branching on CartesianIndex(2, 6) with c.
123    19     15         0.1500     2.7000     1700.0000  % 
LB close or above UB, fathomed
124    18     15         0.1500     2.7000     1700.0000  % 
UB: 2.6999999999999997
branching on CartesianIndex(1, 7) with c.
125    19     16         0.1500     2.7000     1700.0000  % 
UB: 2.6999999999999997
branching on CartesianIndex(2, 7) with c.
126    20     17         0.1500     2.7000     1700.0000  % 
UB: 2.6999999999999997
branching on 1 with b.
127    21     18         0.1500     2.7000     1700.0000  % 
LB close or above UB, fathomed
128    20     18         0.1500     2.7000     1700.0000  % 
LB close or above UB, fathomed
129    19     17         0.1500     2.7000     1700.0000  % 
LB close or above UB, fathomed
130    18     16         0.1500     2.7000     1700.0000  % 
LB close or above UB, fathomed
131    17     14         0.1500     2.7000     1700.0000  % 
LB close or above UB, fathomed
132    16     8          0.1500     2.7000     1700.0000  % 
UB: 2.6999999999999997
branching on CartesianIndex(1, 3) with a.
133    17     9          0.1500     2.7000     1700.0000  % 
UB: 2.6999999999999997
branching on 2 with b.
134    18     10         0.1500     2.7000     1700.0000  % 
UB: 2.6999999999999997
branching on CartesianIndex(1, 4) with c.
135    19     10         0.1500     2.7000     1700.0000  % 
UB: 2.6999999999999997
branching on 3 with b.
136    20     11         0.1500     2.7000     1700.0000  % 
LB close or above UB, fathomed
137    19     11         0.1500     2.7000     1700.0000  % 
UB: 2.6999999999999997
branching on 1 with b.
138    20     12         0.1500     2.7000     1700.0000  % 
UB: 2.6999999999999997
branching on 2 with b.
139    21     12         0.1500     2.7000     1700.0000  % 
UB: 2.6999999999999997
branching on CartesianIndex(1, 4) with c.
140    22     13         0.1500     2.7000     1700.0000  % 
LB close or above UB, fathomed
141    21     13         0.1500     2.7000     1700.0000  % 
UB: 2.6999999999999997
branching on 2 with b.
142    22     14         0.1500     2.7000     1700.0000  % 
UB: 2.6999999999999997
branching on CartesianIndex(1, 5) with c.
143    23     15         0.1500     2.7000     1700.0000  % 
UB: 2.6999999999999997
branching on 3 with b.
144    24     16         0.1500     2.7000     1700.0000  % 
UB: 2.6999999999999997
branching on CartesianIndex(2, 5) with c.
145    25     17         0.1500     2.7000     1700.0000  % 
UB: 2.6999999999999997
branching on CartesianIndex(1, 6) with c.
146    26     18         0.1500     2.7000     1700.0000  % 
UB: 2.6999999999999997
branching on CartesianIndex(2, 6) with c.
147    27     19         0.1500     2.7000     1700.0000  % 
LB close or above UB, fathomed
148    26     19         0.1500     2.7000     1700.0000  % 
UB: 2.6999999999999997
branching on CartesianIndex(1, 7) with c.
149    27     20         0.1500     2.7000     1700.0000  % 
UB: 2.6999999999999997
branching on CartesianIndex(2, 7) with c.
150    28     21         0.1500     2.7000     1700.0000  % 
UB: 2.6999999999999997
branching on 1 with b.
151    28     22         0.1500     2.7000     1700.0000  % 
UB: 2.6999999999999997
branching on 2 with b.
152    28     23         0.1500     2.7000     1700.0000  % 
UB: 2.6999999999999997
branching on 3 with b.
153    28     24         0.1500     2.7000     1700.0000  % 
UB: 2.6999999999999997
branching on 1 with b.
154    28     25         0.1500     2.7000     1700.0000  % 
UB: 2.6999999999999997
branching on 2 with b.
155    29     21         0.1500     2.7000     1700.0000  % 
LB close or above UB, fathomed
156    28     20         0.1500     2.7000     1700.0000  % 
LB close or above UB, fathomed
157    27     18         0.1500     2.7000     1700.0000  % 
LB close or above UB, fathomed
158    26     17         0.1500     2.7000     1700.0000  % 
LB close or above UB, fathomed
159    25     16         0.1500     2.7000     1700.0000  % 
LB close or above UB, fathomed
160    24     15         0.1500     2.7000     1700.0000  % 
LB close or above UB, fathomed
161    23     14         0.1500     2.7000     1700.0000  % 
UB: 2.6999999999999997
branching on CartesianIndex(1, 5) with c.
162    24     9          0.1500     2.7000     1700.0000  % 
UB: 2.6999999999999997
branching on 2 with b.
163    25     10         0.1500     2.7000     1700.0000  % 
UB: 2.6999999999999997
branching on CartesianIndex(1, 4) with c.
164    26     11         0.1500     2.7000     1700.0000  % 
UB: 2.6999999999999997
branching on 3 with b.
165    27     11         0.1500     2.7000     1700.0000  % 
UB: 2.6999999999999997
branching on CartesianIndex(1, 5) with c.
166    28     10         0.1500     2.7000     1700.0000  % 
UB: 2.6999999999999997
branching on 3 with b.
167    29     6          0.1500     2.7000     1700.0000  % 
LB close or above UB, fathomed
168    28     5          0.1500     2.7000     1700.0000  % 
UB: 2.6999999999999997
branching on CartesianIndex(1, 2) with a.
169    29     6          0.1500     2.7000     1700.0000  % 
UB: 2.6999999999999997
branching on CartesianIndex(1, 3) with a.
170    30     7          0.1500     2.7000     1700.0000  % 
UB: 2.6999999999999997
branching on 1 with b.
171    31     8          0.1500     2.7000     1700.0000  % 
LB close or above UB, fathomed
172    30     8          0.1500     2.7000     1700.0000  % 
UB: 2.6999999999999997
branching on CartesianIndex(1, 4) with c.
173    31     9          0.1500     2.7000     1700.0000  % 
LB close or above UB, fathomed
174    30     9          0.1500     2.7000     1700.0000  % 
UB: 2.6999999999999997
branching on 1 with b.
175    31     10         0.1500     2.7000     1700.0000  % 
UB: 2.6999999999999997
branching on 2 with b.
176    32     11         0.1500     2.7000     1700.0000  % 
UB: 2.6999999999999997
branching on 3 with b.
177    33     12         0.1500     2.7000     1700.0000  % 
UB: 2.6999999999999997
branching on CartesianIndex(1, 5) with c.
178    34     13         0.1500     2.7000     1700.0000  % 
UB: 2.6999999999999997
branching on 1 with b.
179    34     14         0.1500     2.7000     1700.0000  % 
UB: 2.6999999999999997
branching on 2 with b.
180    35     15         0.1500     2.7000     1700.0000  % 
LB close or above UB, fathomed
181    34     15         0.1500     2.7000     1700.0000  % 
UB: 2.6999999999999997
branching on 3 with b.
182    35     13         0.1500     2.7000     1700.0000  % 
LB close or above UB, fathomed
183    34     12         0.1500     2.7000     1700.0000  % 
LB close or above UB, fathomed
184    33     11         0.1500     2.7000     1700.0000  % 
UB: 2.6999999999999997
branching on CartesianIndex(1, 5) with c.
185    34     10         0.1500     2.7000     1700.0000  % 
LB close or above UB, fathomed
186    33     7          0.1500     2.7000     1700.0000  % 
UB: 2.6999999999999997
branching on 1 with b.
187    34     8          0.1500     2.7000     1700.0000  % 
LB close or above UB, fathomed
188    33     8          0.1500     2.7000     1700.0000  % 
UB: 2.6999999999999997
branching on CartesianIndex(1, 4) with c.
189    34     9          0.1500     2.7000     1700.0000  % 
LB close or above UB, fathomed
190    33     9          0.1500     2.7000     1700.0000  % 
UB: 2.6999999999999997
branching on CartesianIndex(1, 5) with c.
191    34     6          0.1500     2.7000     1700.0000  % 
LB close or above UB, fathomed
192    33     12         0.1500     2.7000     1700.0000  % 
UB: 2.6999999999999997
branching on CartesianIndex(2, 5) with c.
193    34     13         0.1500     2.7000     1700.0000  % 
LB close or above UB, fathomed
194    33     13         0.1500     2.7000     1700.0000  % 
UB: 2.6999999999999997
branching on CartesianIndex(1, 6) with c.
195    34     14         0.1500     2.7000     1700.0000  % 
UB: 2.6999999999999997
branching on CartesianIndex(2, 6) with c.
196    35     15         0.1500     2.7000     1700.0000  % 
UB: 2.6999999999999997
branching on CartesianIndex(1, 7) with c.
197    36     16         0.1500     2.7000     1700.0000  % 
UB: 2.6999999999999997
branching on 3 with b.
198    37     17         0.1500     2.7000     1700.0000  % 
LB close or above UB, fathomed
199    36     17         0.1500     2.7000     1700.0000  % 
LB close or above UB, fathomed
200    35     16         0.1500     2.7000     1700.0000  % 
LB close or above UB, fathomed
201    34     15         0.1500     2.7000     1700.0000  % 
LB close or above UB, fathomed
202    33     14         0.1500     2.7000     1700.0000  % 
LB close or above UB, fathomed
203    32     12         0.1500     2.7000     1700.0000  % 
LB close or above UB, fathomed
204    31     16         0.1500     2.7000     1700.0000  % 
LB close or above UB, fathomed
205    30     16         0.1500     2.7000     1700.0000  % 
UB: 2.6999999999999997
branching on CartesianIndex(2, 5) with c.
206    31     17         0.1500     2.7000     1700.0000  % 
LB close or above UB, fathomed
207    30     17         0.1500     2.7000     1700.0000  % 
UB: 2.6999999999999997
branching on CartesianIndex(1, 6) with c.
208    31     18         0.1500     2.7000     1700.0000  % 
UB: 2.6999999999999997
branching on CartesianIndex(2, 6) with c.
209    32     19         0.1500     2.7000     1700.0000  % 
UB: 2.6999999999999997
branching on CartesianIndex(1, 7) with c.
210    33     20         0.1500     2.7000     1700.0000  % 
UB: 2.6999999999999997
branching on 1 with b.
211    34     21         0.1500     2.7000     1700.0000  % 
LB close or above UB, fathomed
212    33     21         0.1500     2.7000     1700.0000  % 
UB: 2.6999999999999997
branching on CartesianIndex(2, 7) with c.
213    34     22         0.1500     2.7000     1700.0000  % 
LB close or above UB, fathomed
214    33     22         0.1500     2.7000     1700.0000  % 
LB close or above UB, fathomed
215    32     20         0.1500     2.7000     1700.0000  % 
LB close or above UB, fathomed
216    31     19         0.1500     2.7000     1700.0000  % 
LB close or above UB, fathomed
217    30     18         0.1500     2.7000     1700.0000  % 
LB close or above UB, fathomed
218    29     11         0.1500     2.7000     1700.0000  % 
LB close or above UB, fathomed
219    28     11         0.1500     2.7000     1700.0000  % 
UB: 2.6999999999999997
branching on CartesianIndex(1, 4) with c.
220    29     12         0.1500     2.7000     1700.0000  % 
LB close or above UB, fathomed
221    28     12         0.1500     2.7000     1700.0000  % 
UB: 2.6999999999999997
branching on CartesianIndex(1, 5) with c.
222    29     13         0.1500     2.7000     1700.0000  % 
UB: 2.6999999999999997
branching on CartesianIndex(2, 5) with c.
223    30     14         0.1500     2.7000     1700.0000  % 
UB: 2.6999999999999997
branching on CartesianIndex(1, 6) with c.
224    31     15         0.1500     2.7000     1700.0000  % 
UB: 2.6999999999999997
branching on CartesianIndex(2, 6) with c.
225    32     16         0.1500     2.7000     1700.0000  % 
LB close or above UB, fathomed
226    31     16         0.1500     2.7000     1700.0000  % 
UB: 2.6999999999999997
branching on CartesianIndex(1, 7) with c.
227    32     17         0.1500     2.7000     1700.0000  % 
UB: 2.6999999999999997
branching on CartesianIndex(2, 7) with c.
228    33     18         0.1500     2.7000     1700.0000  % 
UB: 2.6999999999999997
branching on 1 with b.
229    34     19         0.1500     2.7000     1700.0000  % 
LB close or above UB, fathomed
230    33     19         0.1500     2.7000     1700.0000  % 
UB: 2.6999999999999997
branching on 2 with b.
231    34     20         0.1500     2.7000     1700.0000  % 
UB: 2.6999999999999997
branching on 3 with b.
232    35     21         0.1500     2.7000     1700.0000  % 
LB close or above UB, fathomed
233    34     21         0.1500     2.7000     1700.0000  % 
LB close or above UB, fathomed
234    33     20         0.1500     2.7000     1700.0000  % 
UB: 2.6999999999999997
branching on 3 with b.
235    34     21         0.1500     2.7000     1700.0000  % 
LB close or above UB, fathomed
236    33     21         0.1500     2.7000     1700.0000  % 
LB close or above UB, fathomed
237    32     18         0.1500     2.7000     1700.0000  % 
LB close or above UB, fathomed
238    31     17         0.1500     2.7000     1700.0000  % 
LB close or above UB, fathomed
239    30     15         0.1500     2.7000     1700.0000  % 
LB close or above UB, fathomed
240    29     14         0.1500     2.7000     1700.0000  % 
UB: 2.6999999999999997
branching on CartesianIndex(1, 6) with c.
241    30     15         0.1500     2.7000     1700.0000  % 
UB: 2.6999999999999997
branching on CartesianIndex(2, 6) with c.
242    31     16         0.1500     2.7000     1700.0000  % 
LB close or above UB, fathomed
243    30     16         0.1500     2.7000     1700.0000  % 
UB: 2.6999999999999997
branching on CartesianIndex(1, 7) with c.
244    31     17         0.1500     2.7000     1700.0000  % 
UB: 2.6999999999999997
branching on CartesianIndex(2, 7) with c.
245    32     18         0.1500     2.7000     1700.0000  % 
UB: 2.6999999999999997
branching on 1 with b.
246    33     19         0.1500     2.7000     1700.0000  % 
LB close or above UB, fathomed
247    32     19         0.1500     2.7000     1700.0000  % 
LB close or above UB, fathomed
248    31     18         0.1500     2.7000     1700.0000  % 
LB close or above UB, fathomed
249    30     17         0.1500     2.7000     1700.0000  % 
LB close or above UB, fathomed
250    29     15         0.1500     2.7000     1700.0000  % 
LB close or above UB, fathomed
251    28     13         0.1500     2.7000     1700.0000  % 
UB: 2.6999999999999997
branching on CartesianIndex(1, 6) with c.
252    29     14         0.1500     2.7000     1700.0000  % 
UB: 2.6999999999999997
branching on CartesianIndex(2, 6) with c.
253    30     15         0.1500     2.7000     1700.0000  % 
LB close or above UB, fathomed
254    29     15         0.1500     2.7000     1700.0000  % 
UB: 2.6999999999999997
branching on CartesianIndex(1, 7) with c.
255    30     16         0.1500     2.7000     1700.0000  % 
UB: 2.6999999999999997
branching on CartesianIndex(2, 7) with c.
256    31     17         0.1500     2.7000     1700.0000  % 
UB: 2.6999999999999997
branching on 1 with b.
257    32     18         0.1500     2.7000     1700.0000  % 
LB close or above UB, fathomed
258    31     18         0.1500     2.7000     1700.0000  % 
LB close or above UB, fathomed
259    30     17         0.1500     2.7000     1700.0000  % 
LB close or above UB, fathomed
260    29     16         0.1500     2.7000     1700.0000  % 
LB close or above UB, fathomed
261    28     14         0.1500     2.7000     1700.0000  % 
LB close or above UB, fathomed
262    27     12         0.1500     2.7000     1700.0000  % 
LB close or above UB, fathomed
263    26     12         0.1500     2.7000     1700.0000  % 
UB: 2.6999999999999997
branching on CartesianIndex(1, 6) with c.
264    27     13         0.1500     2.7000     1700.0000  % 
UB: 2.6999999999999997
branching on 3 with b.
265    28     14         0.1500     2.7000     1700.0000  % 
LB close or above UB, fathomed
266    27     14         0.1500     2.7000     1700.0000  % 
UB: 2.6999999999999997
branching on CartesianIndex(2, 6) with c.
267    28     15         0.1500     2.7000     1700.0000  % 
LB close or above UB, fathomed
268    27     15         0.1500     2.7000     1700.0000  % 
UB: 2.6999999999999997
branching on 1 with b.
269    28     16         0.1500     2.7000     1700.0000  % 
LB close or above UB, fathomed
270    27     16         0.1500     2.7000     1700.0000  % 
LB close or above UB, fathomed
271    26     13         0.1500     2.7000     1700.0000  % 
LB close or above UB, fathomed
272    25     15         0.1500     2.7000     1700.0000  % 
UB: 2.6999999999999997
branching on CartesianIndex(2, 5) with c.
273    26     16         0.1500     2.7000     1700.0000  % 
UB: 2.6999999999999997
branching on CartesianIndex(1, 6) with c.
274    27     17         0.1500     2.7000     1700.0000  % 
UB: 2.6999999999999997
branching on 3 with b.
275    28     18         0.1500     2.7000     1700.0000  % 
UB: 2.6999999999999997
branching on CartesianIndex(2, 6) with c.
276    29     19         0.1500     2.7000     1700.0000  % 
LB close or above UB, fathomed
277    28     19         0.1500     2.7000     1700.0000  % 
UB: 2.6999999999999997
branching on CartesianIndex(1, 7) with c.
278    29     20         0.1500     2.7000     1700.0000  % 
UB: 2.6999999999999997
branching on CartesianIndex(2, 7) with c.
279    30     21         0.1500     2.7000     1700.0000  % 
UB: 2.6999999999999997
branching on 1 with b.
280    30     22         0.1500     2.7000     1700.0000  % 
UB: 2.6999999999999997
branching on 2 with b.
281    30     23         0.1500     2.7000     1700.0000  % 
UB: 2.6999999999999997
branching on 3 with b.
282    30     24         0.1500     2.7000     1700.0000  % 
UB: 2.6999999999999997
branching on 1 with b.
283    30     25         0.1500     2.7000     1700.0000  % 
UB: 2.6999999999999997
branching on 2 with b.
284    30     26         0.1500     2.7000     1700.0000  % 
UB: 2.6999999999999997
branching on 3 with b.
285    31     27         0.1500     2.7000     1700.0000  % 
LB close or above UB, fathomed
286    30     27         0.1500     2.7000     1700.0000  % 
LB close or above UB, fathomed
287    29     21         0.1500     2.7000     1700.0000  % 
LB close or above UB, fathomed
288    28     20         0.1500     2.7000     1700.0000  % 
LB close or above UB, fathomed
289    27     18         0.1500     2.7000     1700.0000  % 
LB close or above UB, fathomed
290    26     17         0.1500     2.7000     1700.0000  % 
LB close or above UB, fathomed
291    25     16         0.1500     2.7000     1700.0000  % 
LB close or above UB, fathomed
292    24     15         0.1500     2.7000     1700.0000  % 
LB close or above UB, fathomed
293    23     26         0.1500     2.7000     1700.0000  % 
UB: 2.6999999999999997
branching on 3 with b.
294    24     27         0.1500     2.7000     1700.0000  % 
LB close or above UB, fathomed
295    23     27         0.1500     2.7000     1700.0000  % 
LB close or above UB, fathomed
296    22     26         0.1500     2.7000     1700.0000  % 
UB: 2.6999999999999997
branching on 3 with b.
297    23     27         0.1500     2.7000     1700.0000  % 
LB close or above UB, fathomed
298    22     27         0.1500     2.7000     1700.0000  % 
LB close or above UB, fathomed
299    21     11         0.1500     2.7000     1700.0000  % 
UB: 2.6999999999999997
branching on 3 with b.
300    22     11         0.1500     2.7000     1700.0000  % 
UB: 2.6999999999999997
branching on CartesianIndex(1, 5) with c.
301    23     12         0.1500     2.7000     1700.0000  % 
LB close or above UB, fathomed
302    22     12         0.1500     2.7000     1700.0000  % 
UB: 2.6999999999999997
branching on CartesianIndex(1, 6) with c.
303    23     13         0.1500     2.7000     1700.0000  % 
UB: 2.6999999999999997
branching on 3 with b.
304    24     14         0.1500     2.7000     1700.0000  % 
LB close or above UB, fathomed
305    23     14         0.1500     2.7000     1700.0000  % 
LB close or above UB, fathomed
306    22     13         0.1500     2.7000     1700.0000  % 
LB close or above UB, fathomed
307    21     15         0.1500     2.7000     1700.0000  % 
UB: 2.6999999999999997
branching on 1 with b.
308    22     16         0.1500     2.7000     1700.0000  % 
LB close or above UB, fathomed
309    21     16         0.1500     2.7000     1700.0000  % 
LB close or above UB, fathomed
310    20     15         0.1500     2.7000     1700.0000  % 
LB close or above UB, fathomed
311    19     15         0.1500     2.7000     1700.0000  % 
UB: 2.6999999999999997
branching on CartesianIndex(2, 6) with c.
312    20     16         0.1500     2.7000     1700.0000  % 
LB close or above UB, fathomed
313    19     16         0.1500     2.7000     1700.0000  % 
UB: 2.6999999999999997
branching on CartesianIndex(1, 7) with c.
314    20     17         0.1500     2.7000     1700.0000  % 
UB: 2.6999999999999997
branching on 1 with b.
315    21     18         0.1500     2.7000     1700.0000  % 
LB close or above UB, fathomed
316    20     18         0.1500     2.7000     1700.0000  % 
LB close or above UB, fathomed
317    19     17         0.1500     2.7000     1700.0000  % 
LB close or above UB, fathomed
318    18     15         0.1500     2.7000     1700.0000  % 
LB close or above UB, fathomed
319    17     14         0.1500     2.7000     1700.0000  % 
UB: 2.6999999999999997
branching on CartesianIndex(2, 5) with c.
320    18     15         0.1500     2.7000     1700.0000  % 
UB: 2.6999999999999997
branching on CartesianIndex(1, 6) with c.
321    19     16         0.1500     2.7000     1700.0000  % 
UB: 2.6999999999999997
branching on 2 with b.
322    20     17         0.1500     2.7000     1700.0000  % 
LB close or above UB, fathomed
323    19     17         0.1500     2.7000     1700.0000  % 
UB: 2.6999999999999997
branching on 3 with b.
324    20     18         0.1500     2.7000     1700.0000  % 
UB: 2.6999999999999997
branching on CartesianIndex(2, 6) with c.
325    21     19         0.1500     2.7000     1700.0000  % 
LB close or above UB, fathomed
326    20     19         0.1500     2.7000     1700.0000  % 
UB: 2.6999999999999997
branching on CartesianIndex(1, 7) with c.
327    21     20         0.1500     2.7000     1700.0000  % 
UB: 2.6999999999999997
branching on CartesianIndex(2, 7) with c.
328    22     21         0.1500     2.7000     1700.0000  % 
LB close or above UB, fathomed
329    21     21         0.1500     2.7000     1700.0000  % 
LB close or above UB, fathomed
330    20     20         0.1500     2.7000     1700.0000  % 
LB close or above UB, fathomed
331    19     18         0.1500     2.7000     1700.0000  % 
LB close or above UB, fathomed
332    18     16         0.1500     2.7000     1700.0000  % 
LB close or above UB, fathomed
333    17     15         0.1500     2.7000     1700.0000  % 
LB close or above UB, fathomed
334    16     14         0.1500     2.7000     1700.0000  % 
LB close or above UB, fathomed
335    15     15         0.1500     2.7000     1700.0000  % 
LB close or above UB, fathomed
336    14     15         0.1500     2.7000     1700.0000  % 
UB: 2.6999999999999997
branching on 3 with b.
337    15     16         0.1500     2.7000     1700.0000  % 
UB: 2.6999999999999997
branching on CartesianIndex(2, 5) with c.
338    16     17         0.1500     2.7000     1700.0000  % 
UB: 2.6999999999999997
branching on CartesianIndex(1, 6) with c.
339    17     18         0.1500     2.7000     1700.0000  % 
LB close or above UB, fathomed
340    16     18         0.1500     2.7000     1700.0000  % 
LB close or above UB, fathomed
341    15     17         0.1500     2.7000     1700.0000  % 
LB close or above UB, fathomed
342    14     16         0.1500     2.7000     1700.0000  % 
LB close or above UB, fathomed
343    13     20         0.1500     2.7000     1700.0000  % 
LB close or above UB, fathomed
344    12     20         0.1500     2.7000     1700.0000  % 
UB: 2.6999999999999997
branching on 3 with b.
345    13     21         0.1500     2.7000     1700.0000  % 
UB: 2.6999999999999997
branching on 1 with b.
346    13     22         0.1500     2.7000     1700.0000  % 
UB: 2.6999999999999997
branching on 2 with b.
347    14     23         0.1500     2.7000     1700.0000  % 
LB close or above UB, fathomed
348    13     23         0.1500     2.7000     1700.0000  % 
LB close or above UB, fathomed
349    12     21         0.1500     2.7000     1700.0000  % 
LB close or above UB, fathomed
350    11     12         0.1500     2.7000     1700.0000  % 
LB close or above UB, fathomed
351    10     12         0.1500     2.7000     1700.0000  % 
LB close or above UB, fathomed
352    9      10         0.1500     2.7000     1700.0000  % 
UB: 2.6999999999999997
branching on 1 with b.
353    10     11         0.1500     2.7000     1700.0000  % 
UB: 2.6999999999999997
branching on 2 with b.
354    11     12         0.1500     2.7000     1700.0000  % 
UB: 2.6999999999999997
branching on CartesianIndex(2, 5) with c.
355    12     13         0.1500     2.7000     1700.0000  % 
LB close or above UB, fathomed
356    11     13         0.1500     2.7000     1700.0000  % 
UB: 2.6999999999999997
branching on CartesianIndex(1, 6) with c.
357    12     14         0.1500     2.7000     1700.0000  % 
UB: 2.6999999999999997
branching on 3 with b.
358    13     15         0.1500     2.7000     1700.0000  % 
LB close or above UB, fathomed
359    12     15         0.1500     2.7000     1700.0000  % 
UB: 2.6999999999999997
branching on CartesianIndex(2, 6) with c.
360    13     16         0.1500     2.7000     1700.0000  % 
LB close or above UB, fathomed
361    12     16         0.1500     2.7000     1700.0000  % 
UB: 2.6999999999999997
branching on CartesianIndex(1, 7) with c.
362    13     17         0.1500     2.7000     1700.0000  % 
UB: 2.6999999999999997
branching on CartesianIndex(2, 7) with c.
363    14     18         0.1500     2.7000     1700.0000  % 
UB: 2.6999999999999997
branching on 1 with b.
364    14     19         0.1500     2.7000     1700.0000  % 
UB: 2.6999999999999997
branching on 2 with b.
365    15     20         0.1500     2.7000     1700.0000  % 
LB close or above UB, fathomed
366    14     20         0.1500     2.7000     1700.0000  % 
UB: 2.6999999999999997
branching on 3 with b.
367    15     21         0.1500     2.7000     1700.0000  % 
LB close or above UB, fathomed
368    14     21         0.1500     2.7000     1700.0000  % 
LB close or above UB, fathomed
369    13     18         0.1500     2.7000     1700.0000  % 
LB close or above UB, fathomed
370    12     17         0.1500     2.7000     1700.0000  % 
LB close or above UB, fathomed
371    11     14         0.1500     2.7000     1700.0000  % 
LB close or above UB, fathomed
372    10     12         0.1500     2.7000     1700.0000  % 
UB: 2.6999999999999997
branching on CartesianIndex(2, 5) with c.
373    11     13         0.1500     2.7000     1700.0000  % 
LB close or above UB, fathomed
374    10     13         0.1500     2.7000     1700.0000  % 
UB: 2.6999999999999997
branching on CartesianIndex(1, 6) with c.
375    11     14         0.1500     2.7000     1700.0000  % 
UB: 2.6999999999999997
branching on 3 with b.
376    12     15         0.1500     2.7000     1700.0000  % 
LB close or above UB, fathomed
377    11     15         0.1500     2.7000     1700.0000  % 
UB: 2.6999999999999997
branching on CartesianIndex(2, 6) with c.
378    12     16         0.1500     2.7000     1700.0000  % 
LB close or above UB, fathomed
379    11     16         0.1500     2.7000     1700.0000  % 
UB: 2.6999999999999997
branching on 1 with b.
380    11     17         0.1500     2.7000     1700.0000  % 
UB: 2.6999999999999997
branching on 2 with b.
381    12     18         0.1500     2.7000     1700.0000  % 
UB: 2.6999999999999997
branching on CartesianIndex(1, 7) with c.
382    13     19         0.1500     2.7000     1700.0000  % 
UB: 2.6999999999999997
branching on 3 with b.
383    14     20         0.1500     2.7000     1700.0000  % 
LB close or above UB, fathomed
384    13     20         0.1500     2.7000     1700.0000  % 
LB close or above UB, fathomed
385    12     19         0.1500     2.7000     1700.0000  % 
LB close or above UB, fathomed
386    11     18         0.1500     2.7000     1700.0000  % 
LB close or above UB, fathomed
387    10     14         0.1500     2.7000     1700.0000  % 
LB close or above UB, fathomed
388    9      11         0.1500     2.7000     1700.0000  % 
LB close or above UB, fathomed
389    8      10         0.1500     2.7000     1700.0000  % 
LB close or above UB, fathomed
390    7      12         0.1500     2.7000     1700.0000  % 
LB close or above UB, fathomed
391    6      12         0.1500     2.7000     1700.0000  % 
UB: 2.6999999999999997
branching on 1 with b.
392    7      13         0.1500     2.7000     1700.0000  % 
UB: 2.6999999999999997
branching on 2 with b.
393    8      14         0.1500     2.7000     1700.0000  % 
UB: 2.6999999999999997
branching on CartesianIndex(2, 4) with c.
394    9      15         0.1500     2.7000     1700.0000  % 
UB: 2.6999999999999997
branching on CartesianIndex(1, 5) with c.
395    10     16         0.1500     2.7000     1700.0000  % 
LB close or above UB, fathomed
396    9      16         0.1500     2.7000     1700.0000  % 
UB: 2.6999999999999997
branching on CartesianIndex(1, 6) with c.
397    10     17         0.1500     2.7000     1700.0000  % 
LB close or above UB, fathomed
398    9      17         0.1500     2.7000     1700.0000  % 
LB close or above UB, fathomed
399    8      15         0.1500     2.7000     1700.0000  % 
UB: 2.6999999999999997
branching on CartesianIndex(1, 5) with c.
400    9      16         0.1500     2.7000     1700.0000  % 
LB close or above UB, fathomed
401    8      16         0.1500     2.7000     1700.0000  % 
UB: 2.6999999999999997
branching on 3 with b.
402    9      17         0.1500     2.7000     1700.0000  % 
LB close or above UB, fathomed
403    8      17         0.1500     2.7000     1700.0000  % 
LB close or above UB, fathomed
404    7      14         0.1500     2.7000     1700.0000  % 
LB close or above UB, fathomed
405    6      13         0.1500     2.7000     1700.0000  % 
LB close or above UB, fathomed
406    5      13         0.1500     2.7000     1700.0000  % 
UB: 2.6999999999999997
branching on CartesianIndex(1, 4) with c.
407    6      14         0.1500     2.7000     1700.0000  % 
LB close or above UB, fathomed
408    5      14         0.1500     2.7000     1700.0000  % 
UB: 2.6999999999999997
branching on 3 with b.
409    6      15         0.1500     2.7000     1700.0000  % 
UB: 2.6999999999999997
branching on 1 with b.
410    6      16         0.1500     2.7000     1700.0000  % 
UB: 2.6999999999999997
branching on CartesianIndex(1, 5) with c.
411    7      17         0.1500     2.7000     1700.0000  % 
UB: 2.6999999999999997
branching on CartesianIndex(2, 5) with c.
412    8      18         0.1500     2.7000     1700.0000  % 
UB: 2.6999999999999997
branching on CartesianIndex(1, 6) with c.
413    9      19         0.1500     2.7000     1700.0000  % 
LB close or above UB, fathomed
414    8      19         0.1500     2.7000     1700.0000  % 
LB close or above UB, fathomed
415    7      18         0.1500     2.7000     1700.0000  % 
LB close or above UB, fathomed
416    6      17         0.1500     2.7000     1700.0000  % 
LB close or above UB, fathomed
417    5      15         0.1500     2.7000     1700.0000  % 
LB close or above UB, fathomed
418    4      13         0.1500     2.7000     1700.0000  % 
UB: 2.6999999999999997
branching on 3 with b.
419    5      14         0.1500     2.7000     1700.0000  % 
UB: 2.6999999999999997
branching on CartesianIndex(1, 4) with c.
420    6      15         0.1500     2.7000     1700.0000  % 
LB close or above UB, fathomed
421    5      15         0.1500     2.7000     1700.0000  % 
UB: 2.6999999999999997
branching on CartesianIndex(1, 5) with c.
422    6      16         0.1500     2.7000     1700.0000  % 
UB: 2.6999999999999997
branching on CartesianIndex(2, 5) with c.
423    7      17         0.1500     2.7000     1700.0000  % 
UB: 2.6999999999999997
branching on CartesianIndex(1, 6) with c.
424    8      18         0.1500     2.7000     1700.0000  % 
LB close or above UB, fathomed
425    7      18         0.1500     2.7000     1700.0000  % 
LB close or above UB, fathomed
426    6      17         0.1500     2.7000     1700.0000  % 
LB close or above UB, fathomed
427    5      16         0.1500     2.7000     1700.0000  % 
LB close or above UB, fathomed
428    4      14         0.1500     2.7000     1700.0000  % 
LB close or above UB, fathomed
429    3      11         0.1500     2.7000     1700.0000  % 
UB: 2.6999999999999997
branching on CartesianIndex(1, 5) with c.
430    4      12         0.1500     2.7000     1700.0000  % 
LB close or above UB, fathomed
431    3      12         0.1500     2.7000     1700.0000  % 
UB: 2.6999999999999997
branching on 2 with b.
432    4      13         0.1500     2.7000     1700.0000  % 
UB: 2.6999999999999997
branching on 3 with b.
433    5      14         0.1500     2.7000     1700.0000  % 
LB close or above UB, fathomed
434    4      14         0.1500     2.7000     1700.0000  % 
UB: 2.6999999999999997
branching on CartesianIndex(1, 6) with c.
435    5      15         0.1500     2.7000     1700.0000  % 
UB: 2.6999999999999997
branching on 1 with b.
436    6      16         0.1500     2.7000     1700.0000  % 
LB close or above UB, fathomed
437    5      16         0.1500     2.7000     1700.0000  % 
LB close or above UB, fathomed
438    4      15         0.1500     2.7000     1700.0000  % 
LB close or above UB, fathomed
439    3      13         0.1500     2.7000     1700.0000  % 
LB close or above UB, fathomed
440    2      11         0.1500     2.7000     1700.0000  % 
UB: 2.6999999999999997
branching on CartesianIndex(1, 5) with c.
441    3      12         0.1500     2.7000     1700.0000  % 
LB close or above UB, fathomed
442    2      12         0.1500     2.7000     1700.0000  % 
UB: 2.6999999999999997
branching on CartesianIndex(1, 6) with c.
443    3      13         0.1500     2.7000     1700.0000  % 
UB: 2.6999999999999997
branching on 2 with b.
444    4      14         0.1500     2.7000     1700.0000  % 
UB: 2.6999999999999997
branching on 3 with b.
445    5      15         0.1500     2.7000     1700.0000  % 
LB close or above UB, fathomed
446    4      15         0.1500     2.7000     1700.0000  % 
UB: 2.6999999999999997
branching on 1 with b.
447    5      16         0.1500     2.7000     1700.0000  % 
LB close or above UB, fathomed
448    4      16         0.1500     2.7000     1700.0000  % 
LB close or above UB, fathomed
449    3      14         0.1500     2.7000     1700.0000  % 
LB close or above UB, fathomed
450    2      13         0.1500     2.7000     1700.0000  % 
LB close or above UB, fathomed
451    1      11         0.1500     2.7000     1700.0000  % 
UB: 2.6999999999999997
branching on 3 with b.
452    2      12         0.1500     2.7000     1700.0000  % 
LB close or above UB, fathomed
453    1      12         0.1500     2.7000     1700.0000  % 
LB close or above UB, fathomed
454    0      11         0.1500     2.7000     1700.0000  % 
LB close or above UB, fathomed
all node solved
solved nodes:  455
455                                                   2.6778e+00     2.7000e+00     0.8299  % 
2×3 Matrix{Float64}:
 1.0  0.0  1.0
 0.0  1.0  0.0
3-element Vector{Float64}:
 0.6847961801268785
 0.5336713199991033
 0.8509622982410259
3×7 Matrix{Float64}:
 0.0  0.0  0.0  1.0  0.0  0.0  0.0
 0.0  0.0  0.0  0.0  1.0  1.0  0.0
 0.0  0.0  0.0  0.0  0.0  0.0  1.0
3-element Vector{Float64}:
 1.0
 1.0
 1.0
2×3 Matrix{Float64}:
 1.0  -0.0  -0.0
 0.0   1.0   0.0
3-element Vector{Float64}:
 0.9580828776254251
 0.3774162232461136
 0.0
3×7 Matrix{Float64}:
 0.0  0.0  0.0  1.0   0.0  -0.0  0.0
 0.0  0.0  0.0  0.0   1.0   1.0  0.0
 0.0  0.0  0.0  0.0  -0.0   0.0  1.0
3-element Vector{Float64}:
  1.0
  1.0
 -0.0
comparison (CRT and Glb)on prediction: Dict{Bool, Int64}(0 => 1, 1 => 3)
Dataname	 time	 objv	 lb	 gap	 train_w	 train_g	 test_w	 test_g
small_toy_438.small_toy	 57.41	 2.6999999999999997	 2.678	 0.0083	 88.889	 88.889	 50.0	 75.0
