Running 2 processes.
Start training small_toy_57.small_toy with seed 1.
Any[]
(2, 13)
(2, 6)
(2, 3)
(2, 4)
dimension: 2, class: 3
cart cost: 2.7000000000000006
size of X: (2, 9)
ngroups: 2
UB: 2.6999999999999993
Iter	left	lev	LB	UB	gap	
0      0      1          0.1000     2.7000     2600.0000  % 
UB: 2.6999999999999993
branching on 1 with d.
1      1      2          0.1000     2.7000     2600.0000  % 
LB close or above UB, fathomed
2      0      2          0.1000     2.7000     2600.0000  % 
UB: 2.6999999999999993
branching on 2 with d.
3      1      3          0.1000     2.7000     2600.0000  % 
UB: 2.6999999999999993
branching on 3 with d.
4      2      4          0.1000     2.7000     2600.0000  % 
LB close or above UB, fathomed
5      1      4          0.1000     2.7000     2600.0000  % 
UB: 2.6999999999999993
branching on CartesianIndex(1, 1) with a.
6      2      5          0.1000     2.7000     2600.0000  % 
UB: 2.6999999999999993
branching on CartesianIndex(1, 3) with a.
7      3      6          0.1000     2.7000     2600.0000  % 
LB close or above UB, fathomed
8      2      6          0.1000     2.7000     2600.0000  % 
UB: 2.6999999999999993
branching on CartesianIndex(1, 5) with c.
9      3      7          0.1000     2.7000     2600.0000  % 
LB close or above UB, fathomed
10     2      7          0.1000     2.7000     2600.0000  % 
UB: 2.6999999999999993
branching on CartesianIndex(1, 6) with c.
11     3      5          0.1000     2.7000     2600.0000  % 
UB: 2.6999999999999993
branching on 1 with b.
12     4      6          0.1000     2.7000     2600.0000  % 
LB close or above UB, fathomed
13     3      6          0.1000     2.7000     2600.0000  % 
LB close or above UB, fathomed
14     2      3          0.1000     2.7000     2600.0000  % 
UB: 2.6999999999999993
branching on 3 with d.
15     3      4          0.1000     2.7000     2600.0000  % 
UB: 2.6999999999999993
branching on 1 with b.
16     4      5          0.1000     2.7000     2600.0000  % 
LB close or above UB, fathomed
17     3      5          0.1000     2.7000     2600.0000  % 
UB: 2.6999999999999993
branching on CartesianIndex(1, 1) with a.
18     4      6          0.1000     2.7000     2600.0000  % 
LB close or above UB, fathomed
19     3      6          0.1000     2.7000     2600.0000  % 
UB: 2.6999999999999993
branching on CartesianIndex(1, 2) with a.
20     4      4          0.1000     2.7000     2600.0000  % 
UB: 2.6999999999999993
branching on 1 with b.
21     5      7          0.1000     2.7000     2600.0000  % 
UB: 2.6999999999999993
branching on CartesianIndex(1, 4) with c.
22     6      8          0.1000     2.7000     2600.0000  % 
LB close or above UB, fathomed
23     5      8          0.1000     2.7000     2600.0000  % 
UB: 2.6999999999999993
branching on 1 with b.
24     6      9          0.1000     2.7000     2600.0000  % 
UB: 2.6999999999999993
branching on 2 with b.
25     7      10         0.1000     2.7000     2600.0000  % 
UB: 2.6999999999999993
branching on CartesianIndex(1, 5) with c.
26     8      11         0.1000     2.7000     2600.0000  % 
UB: 2.6999999999999993
branching on CartesianIndex(2, 5) with c.
27     9      12         0.1000     2.7000     2600.0000  % 
LB close or above UB, fathomed
28     8      12         0.1000     2.7000     2600.0000  % 
UB: 2.6999999999999993
branching on CartesianIndex(1, 7) with c.
29     9      13         0.1000     2.7000     2600.0000  % 
UB: 2.6999999999999993
branching on CartesianIndex(2, 7) with c.
30     10     14         0.1000     2.7000     2600.0000  % 
UB: 2.6999999999999993
branching on 1 with b.
31     11     15         0.1000     2.7000     2600.0000  % 
LB close or above UB, fathomed
32     10     15         0.1000     2.7000     2600.0000  % 
UB: 2.6999999999999993
branching on 2 with b.
33     11     16         0.1000     2.7000     2600.0000  % 
LB close or above UB, fathomed
34     10     16         0.1000     2.7000     2600.0000  % 
UB: 2.6999999999999993
branching on 1 with b.
35     11     17         0.1000     2.7000     2600.0000  % 
UB: 2.6999999999999993
branching on 2 with b.
36     12     18         0.1000     2.7000     2600.0000  % 
LB close or above UB, fathomed
37     11     18         0.1000     2.7000     2600.0000  % 
LB close or above UB, fathomed
38     10     17         0.1000     2.7000     2600.0000  % 
UB: 2.6999999999999993
branching on 2 with b.
39     11     18         0.1000     2.7000     2600.0000  % 
LB close or above UB, fathomed
40     10     18         0.1000     2.7000     2600.0000  % 
LB close or above UB, fathomed
41     9      14         0.1000     2.7000     2600.0000  % 
LB close or above UB, fathomed
42     8      13         0.1000     2.7000     2600.0000  % 
LB close or above UB, fathomed
43     7      11         0.1000     2.7000     2600.0000  % 
LB close or above UB, fathomed
44     6      10         0.1000     2.7000     2600.0000  % 
LB close or above UB, fathomed
45     5      9          0.1000     2.7000     2600.0000  % 
LB close or above UB, fathomed
46     4      7          0.1000     2.7000     2600.0000  % 
UB: 2.6999999999999993
branching on 1 with b.
47     5      8          0.1000     2.7000     2600.0000  % 
UB: 2.6999999999999993
branching on 2 with b.
48     6      9          0.1000     2.7000     2600.0000  % 
LB close or above UB, fathomed
49     5      9          0.1000     2.7000     2600.0000  % 
LB close or above UB, fathomed
50     4      8          0.1000     2.7000     2600.0000  % 
LB close or above UB, fathomed
51     3      8          0.1000     2.7000     2600.0000  % 
UB: 2.6999999999999993
branching on 1 with b.
52     4      9          0.1000     2.7000     2600.0000  % 
UB: 2.6999999999999993
branching on CartesianIndex(2, 6) with c.
53     5      10         0.1000     2.7000     2600.0000  % 
LB close or above UB, fathomed
54     4      10         0.1000     2.7000     2600.0000  % 
UB: 2.6999999999999993
branching on CartesianIndex(1, 7) with c.
55     5      11         0.1000     2.7000     2600.0000  % 
UB: 2.6999999999999993
branching on 1 with b.
56     6      12         0.1000     2.7000     2600.0000  % 
LB close or above UB, fathomed
57     5      12         0.1000     2.7000     2600.0000  % 
UB: 2.6999999999999993
branching on 3 with b.
58     6      13         0.1000     2.7000     2600.0000  % 
LB close or above UB, fathomed
59     5      13         0.1000     2.7000     2600.0000  % 
UB: 2.6999999999999993
branching on CartesianIndex(2, 7) with c.
60     6      14         0.1000     2.7000     2600.0000  % 
UB: 2.6999999999999993
branching on 1 with b.
61     7      15         0.1000     2.7000     2600.0000  % 
LB close or above UB, fathomed
62     6      15         0.1000     2.7000     2600.0000  % 
LB close or above UB, fathomed
63     5      14         0.1000     2.7000     2600.0000  % 
LB close or above UB, fathomed
64     4      11         0.1000     2.7000     2600.0000  % 
LB close or above UB, fathomed
65     3      9          0.1000     2.7000     2600.0000  % 
LB close or above UB, fathomed
66     2      8          0.1000     2.7000     2600.0000  % 
LB close or above UB, fathomed
67     1      5          0.1500     2.7000     1700.0000  % 
UB: 2.6999999999999993
branching on CartesianIndex(1, 1) with a.
68     2      6          0.1500     2.7000     1700.0000  % 
UB: 2.6999999999999993
branching on 1 with b.
69     3      7          0.1500     2.7000     1700.0000  % 
LB close or above UB, fathomed
70     2      7          0.1500     2.7000     1700.0000  % 
UB: 2.6999999999999993
branching on CartesianIndex(1, 2) with a.
71     3      8          0.1500     2.7000     1700.0000  % 
UB: 2.6999999999999993
branching on CartesianIndex(1, 3) with a.
72     4      9          0.1500     2.7000     1700.0000  % 
LB close or above UB, fathomed
73     3      9          0.1500     2.7000     1700.0000  % 
UB: 2.6999999999999993
branching on CartesianIndex(1, 4) with c.
74     4      10         0.1500     2.7000     1700.0000  % 
UB: 2.6999999999999993
branching on 2 with b.
75     5      10         0.1500     2.7000     1700.0000  % 
UB: 2.6999999999999993
branching on CartesianIndex(1, 5) with c.
76     6      11         0.1500     2.7000     1700.0000  % 
UB: 2.6999999999999993
branching on CartesianIndex(2, 5) with c.
77     7      11         0.1500     2.7000     1700.0000  % 
UB: 2.6999999999999993
branching on 2 with b.
78     8      12         0.1500     2.7000     1700.0000  % 
UB: 2.6999999999999993
branching on 3 with b.
79     9      13         0.1500     2.7000     1700.0000  % 
LB close or above UB, fathomed
80     8      13         0.1500     2.7000     1700.0000  % 
UB: 2.6999999999999993
branching on CartesianIndex(1, 6) with c.
81     9      14         0.1500     2.7000     1700.0000  % 
UB: 2.6999999999999993
branching on 1 with b.
82     10     15         0.1500     2.7000     1700.0000  % 
LB close or above UB, fathomed
83     9      15         0.1500     2.7000     1700.0000  % 
LB close or above UB, fathomed
84     8      14         0.1500     2.7000     1700.0000  % 
LB close or above UB, fathomed
85     7      12         0.1500     2.7000     1700.0000  % 
UB: 2.6999999999999993
branching on 3 with b.
86     8      13         0.1500     2.7000     1700.0000  % 
LB close or above UB, fathomed
87     7      13         0.1500     2.7000     1700.0000  % 
UB: 2.6999999999999993
branching on CartesianIndex(1, 6) with c.
88     8      14         0.1500     2.7000     1700.0000  % 
UB: 2.6999999999999993
branching on 1 with b.
89     9      15         0.1500     2.7000     1700.0000  % 
LB close or above UB, fathomed
90     8      15         0.1500     2.7000     1700.0000  % 
LB close or above UB, fathomed
91     7      14         0.1500     2.7000     1700.0000  % 
LB close or above UB, fathomed
92     6      8          0.1500     2.7000     1700.0000  % 
UB: 2.6999999999999993
branching on CartesianIndex(1, 3) with a.
93     7      9          0.1500     2.7000     1700.0000  % 
LB close or above UB, fathomed
94     6      9          0.1500     2.7000     1700.0000  % 
UB: 2.6999999999999993
branching on CartesianIndex(1, 4) with c.
95     7      10         0.1500     2.7000     1700.0000  % 
UB: 2.6999999999999993
branching on 2 with b.
96     8      10         0.1500     2.7000     1700.0000  % 
UB: 2.6999999999999993
branching on 2 with b.
97     9      11         0.1500     2.7000     1700.0000  % 
UB: 2.6999999999999993
branching on CartesianIndex(1, 5) with c.
98     10     11         0.1500     2.7000     1700.0000  % 
UB: 2.6999999999999993
branching on CartesianIndex(1, 5) with c.
99     11     12         0.1500     2.7000     1700.0000  % 
UB: 2.6999999999999993
branching on CartesianIndex(2, 5) with c.
100    12     13         0.1500     2.7000     1700.0000  % 
UB: 2.6999999999999993
branching on CartesianIndex(1, 6) with c.
101    13     14         0.1500     2.7000     1700.0000  % 
UB: 2.6999999999999993
branching on CartesianIndex(2, 6) with c.
102    14     15         0.1500     2.7000     1700.0000  % 
LB close or above UB, fathomed
103    13     15         0.1500     2.7000     1700.0000  % 
UB: 2.6999999999999993
branching on 3 with b.
104    14     16         0.1500     2.7000     1700.0000  % 
LB close or above UB, fathomed
105    13     16         0.1500     2.7000     1700.0000  % 
UB: 2.6999999999999993
branching on 1 with b.
106    14     17         0.1500     2.7000     1700.0000  % 
LB close or above UB, fathomed
107    13     17         0.1500     2.7000     1700.0000  % 
LB close or above UB, fathomed
108    12     14         0.1500     2.7000     1700.0000  % 
LB close or above UB, fathomed
109    11     13         0.1500     2.7000     1700.0000  % 
UB: 2.6999999999999993
branching on CartesianIndex(1, 6) with c.
110    12     14         0.1500     2.7000     1700.0000  % 
UB: 2.6999999999999993
branching on CartesianIndex(2, 6) with c.
111    13     15         0.1500     2.7000     1700.0000  % 
LB close or above UB, fathomed
112    12     15         0.1500     2.7000     1700.0000  % 
UB: 2.6999999999999993
branching on 3 with b.
113    13     16         0.1500     2.7000     1700.0000  % 
LB close or above UB, fathomed
114    12     16         0.1500     2.7000     1700.0000  % 
UB: 2.6999999999999993
branching on CartesianIndex(1, 7) with c.
115    13     17         0.1500     2.7000     1700.0000  % 
UB: 2.6999999999999993
branching on 1 with b.
116    14     18         0.1500     2.7000     1700.0000  % 
LB close or above UB, fathomed
117    13     18         0.1500     2.7000     1700.0000  % 
LB close or above UB, fathomed
118    12     17         0.1500     2.7000     1700.0000  % 
LB close or above UB, fathomed
119    11     14         0.1500     2.7000     1700.0000  % 
LB close or above UB, fathomed
120    10     12         0.1500     2.7000     1700.0000  % 
UB: 2.6999999999999993
branching on CartesianIndex(1, 6) with c.
121    11     13         0.1500     2.7000     1700.0000  % 
UB: 2.6999999999999993
branching on 3 with b.
122    12     14         0.1500     2.7000     1700.0000  % 
LB close or above UB, fathomed
123    11     14         0.1500     2.7000     1700.0000  % 
UB: 2.6999999999999993
branching on CartesianIndex(2, 6) with c.
124    12     15         0.1500     2.7000     1700.0000  % 
LB close or above UB, fathomed
125    11     15         0.1500     2.7000     1700.0000  % 
UB: 2.6999999999999993
branching on CartesianIndex(1, 7) with c.
126    12     16         0.1500     2.7000     1700.0000  % 
UB: 2.6999999999999993
branching on CartesianIndex(2, 7) with c.
127    13     17         0.1500     2.7000     1700.0000  % 
UB: 2.6999999999999993
branching on 1 with b.
128    14     18         0.1500     2.7000     1700.0000  % 
LB close or above UB, fathomed
129    13     18         0.1500     2.7000     1700.0000  % 
LB close or above UB, fathomed
130    12     17         0.1500     2.7000     1700.0000  % 
LB close or above UB, fathomed
131    11     16         0.1500     2.7000     1700.0000  % 
LB close or above UB, fathomed
132    10     13         0.1500     2.7000     1700.0000  % 
LB close or above UB, fathomed
133    9      6          0.1500     2.7000     1700.0000  % 
LB close or above UB, fathomed
134    8      5          0.1500     2.7000     1700.0000  % 
UB: 2.6999999999999993
branching on CartesianIndex(1, 1) with a.
135    9      6          0.1500     2.7000     1700.0000  % 
LB close or above UB, fathomed
136    8      6          0.1500     2.7000     1700.0000  % 
UB: 2.6999999999999993
branching on 1 with b.
137    9      7          0.1500     2.7000     1700.0000  % 
UB: 2.6999999999999993
branching on 2 with b.
138    10     8          0.1500     2.7000     1700.0000  % 
UB: 2.6999999999999993
branching on 3 with b.
139    11     9          0.1500     2.7000     1700.0000  % 
UB: 2.6999999999999993
branching on CartesianIndex(1, 2) with a.
140    12     10         0.1500     2.7000     1700.0000  % 
UB: 2.6999999999999993
branching on CartesianIndex(1, 3) with a.
141    13     10         0.1500     2.7000     1700.0000  % 
UB: 2.6999999999999993
branching on 1 with b.
142    14     11         0.1500     2.7000     1700.0000  % 
LB close or above UB, fathomed
143    13     11         0.1500     2.7000     1700.0000  % 
LB close or above UB, fathomed
144    12     9          0.1500     2.7000     1700.0000  % 
UB: 2.6999999999999993
branching on 1 with b.
145    13     10         0.1500     2.7000     1700.0000  % 
UB: 2.6999999999999993
branching on CartesianIndex(1, 2) with a.
146    14     11         0.1500     2.7000     1700.0000  % 
UB: 2.6999999999999993
branching on CartesianIndex(1, 3) with a.
147    15     11         0.1500     2.7000     1700.0000  % 
UB: 2.6999999999999993
branching on CartesianIndex(1, 3) with a.
148    16     12         0.1500     2.7000     1700.0000  % 
LB close or above UB, fathomed
149    15     12         0.1500     2.7000     1700.0000  % 
UB: 2.6999999999999993
branching on CartesianIndex(1, 4) with c.
150    16     13         0.1500     2.7000     1700.0000  % 
UB: 2.6999999999999993
branching on CartesianIndex(2, 4) with c.
151    17     13         0.1500     2.7000     1700.0000  % 
LB close or above UB, fathomed
152    16     10         0.1500     2.7000     1700.0000  % 
UB: 2.6999999999999993
branching on 2 with b.
153    17     11         0.1500     2.7000     1700.0000  % 
UB: 2.6999999999999993
branching on CartesianIndex(1, 2) with a.
154    18     11         0.1500     2.7000     1700.0000  % 
UB: 2.6999999999999993
branching on 3 with b.
155    19     12         0.1500     2.7000     1700.0000  % 
UB: 2.6999999999999993
branching on CartesianIndex(1, 2) with a.
156    20     13         0.1500     2.7000     1700.0000  % 
UB: 2.6999999999999993
branching on CartesianIndex(1, 3) with a.
157    21     13         0.1500     2.7000     1700.0000  % 
LB close or above UB, fathomed
158    20     12         0.1500     2.7000     1700.0000  % 
UB: 2.6999999999999993
branching on 1 with b.
159    21     13         0.1500     2.7000     1700.0000  % 
UB: 2.6999999999999993
branching on CartesianIndex(1, 2) with a.
160    22     14         0.1500     2.7000     1700.0000  % 
UB: 2.6999999999999993
branching on CartesianIndex(1, 3) with a.
161    23     15         0.1500     2.7000     1700.0000  % 
UB: 2.6999999999999993
branching on CartesianIndex(1, 4) with c.
162    24     16         0.1500     2.7000     1700.0000  % 
LB close or above UB, fathomed
163    23     16         0.1500     2.7000     1700.0000  % 
UB: 2.6999999999999993
branching on CartesianIndex(1, 5) with c.
164    24     17         0.1500     2.7000     1700.0000  % 
UB: 2.6999999999999993
branching on CartesianIndex(2, 5) with c.
165    25     18         0.1500     2.7000     1700.0000  % 
LB close or above UB, fathomed
166    24     18         0.1500     2.7000     1700.0000  % 
UB: 2.6999999999999993
branching on CartesianIndex(1, 6) with c.
167    25     19         0.1500     2.7000     1700.0000  % 
UB: 2.6999999999999993
branching on 2 with b.
168    26     20         0.1500     2.7000     1700.0000  % 
LB close or above UB, fathomed
169    25     20         0.1500     2.7000     1700.0000  % 
LB close or above UB, fathomed
170    24     19         0.1500     2.7000     1700.0000  % 
LB close or above UB, fathomed
171    23     17         0.1500     2.7000     1700.0000  % 
LB close or above UB, fathomed
172    22     15         0.1500     2.7000     1700.0000  % 
UB: 2.6999999999999993
branching on CartesianIndex(1, 4) with c.
173    23     16         0.1500     2.7000     1700.0000  % 
LB close or above UB, fathomed
174    22     16         0.1500     2.7000     1700.0000  % 
UB: 2.6999999999999993
branching on CartesianIndex(1, 5) with c.
175    23     17         0.1500     2.7000     1700.0000  % 
UB: 2.6999999999999993
branching on CartesianIndex(2, 5) with c.
176    24     18         0.1500     2.7000     1700.0000  % 
LB close or above UB, fathomed
177    23     18         0.1500     2.7000     1700.0000  % 
UB: 2.6999999999999993
branching on CartesianIndex(1, 6) with c.
178    24     19         0.1500     2.7000     1700.0000  % 
UB: 2.6999999999999993
branching on 2 with b.
179    25     20         0.1500     2.7000     1700.0000  % 
LB close or above UB, fathomed
180    24     20         0.1500     2.7000     1700.0000  % 
LB close or above UB, fathomed
181    23     19         0.1500     2.7000     1700.0000  % 
LB close or above UB, fathomed
182    22     17         0.1500     2.7000     1700.0000  % 
LB close or above UB, fathomed
183    21     14         0.1500     2.7000     1700.0000  % 
LB close or above UB, fathomed
184    20     13         0.1500     2.7000     1700.0000  % 
UB: 2.6999999999999993
branching on CartesianIndex(1, 2) with a.
185    21     8          0.1500     2.7000     1700.0000  % 
UB: 2.6999999999999993
branching on CartesianIndex(1, 2) with a.
186    22     7          0.1500     2.7000     1700.0000  % 
LB close or above UB, fathomed
187    21     12         0.1500     2.7000     1700.0000  % 
LB close or above UB, fathomed
188    20     12         0.1500     2.7000     1700.0000  % 
UB: 2.6999999999999993
branching on CartesianIndex(1, 4) with c.
189    21     12         0.1500     2.7000     1700.0000  % 
UB: 2.6999999999999993
branching on 2 with b.
190    22     13         0.1500     2.7000     1700.0000  % 
UB: 2.6999999999999993
branching on CartesianIndex(1, 6) with c.
191    23     14         0.1500     2.7000     1700.0000  % 
UB: 2.6999999999999993
branching on CartesianIndex(2, 6) with c.
192    24     15         0.1500     2.7000     1700.0000  % 
LB close or above UB, fathomed
193    23     15         0.1500     2.7000     1700.0000  % 
UB: 2.6999999999999993
branching on CartesianIndex(1, 7) with c.
194    24     16         0.1500     2.7000     1700.0000  % 
UB: 2.6999999999999993
branching on CartesianIndex(2, 7) with c.
195    25     17         0.1500     2.7000     1700.0000  % 
UB: 2.6999999999999993
branching on 3 with b.
196    26     18         0.1500     2.7000     1700.0000  % 
LB close or above UB, fathomed
197    25     18         0.1500     2.7000     1700.0000  % 
UB: 2.6999999999999993
branching on 1 with b.
198    26     19         0.1500     2.7000     1700.0000  % 
LB close or above UB, fathomed
199    25     19         0.1500     2.7000     1700.0000  % 
LB close or above UB, fathomed
200    24     17         0.1500     2.7000     1700.0000  % 
LB close or above UB, fathomed
201    23     16         0.1500     2.7000     1700.0000  % 
LB close or above UB, fathomed
202    22     14         0.1500     2.7000     1700.0000  % 
LB close or above UB, fathomed
203    21     13         0.1500     2.7000     1700.0000  % 
UB: 2.6999999999999993
branching on CartesianIndex(1, 6) with c.
204    22     14         0.1500     2.7000     1700.0000  % 
UB: 2.6999999999999993
branching on 3 with b.
205    23     15         0.1500     2.7000     1700.0000  % 
LB close or above UB, fathomed
206    22     15         0.1500     2.7000     1700.0000  % 
UB: 2.6999999999999993
branching on CartesianIndex(2, 6) with c.
207    23     16         0.1500     2.7000     1700.0000  % 
LB close or above UB, fathomed
208    22     16         0.1500     2.7000     1700.0000  % 
UB: 2.6999999999999993
branching on CartesianIndex(1, 7) with c.
209    23     17         0.1500     2.7000     1700.0000  % 
UB: 2.6999999999999993
branching on CartesianIndex(2, 7) with c.
210    24     18         0.1500     2.7000     1700.0000  % 
UB: 2.6999999999999993
branching on 1 with b.
211    25     19         0.1500     2.7000     1700.0000  % 
LB close or above UB, fathomed
212    24     19         0.1500     2.7000     1700.0000  % 
LB close or above UB, fathomed
213    23     18         0.1500     2.7000     1700.0000  % 
LB close or above UB, fathomed
214    22     17         0.1500     2.7000     1700.0000  % 
LB close or above UB, fathomed
215    21     14         0.1500     2.7000     1700.0000  % 
LB close or above UB, fathomed
216    20     12         0.1500     2.7000     1700.0000  % 
UB: 2.6999999999999993
branching on CartesianIndex(1, 6) with c.
217    21     13         0.1500     2.7000     1700.0000  % 
UB: 2.6999999999999993
branching on 2 with b.
218    22     14         0.1500     2.7000     1700.0000  % 
UB: 2.6999999999999993
branching on 3 with b.
219    23     15         0.1500     2.7000     1700.0000  % 
LB close or above UB, fathomed
220    22     15         0.1500     2.7000     1700.0000  % 
UB: 2.6999999999999993
branching on CartesianIndex(2, 6) with c.
221    23     16         0.1500     2.7000     1700.0000  % 
LB close or above UB, fathomed
222    22     16         0.1500     2.7000     1700.0000  % 
UB: 2.6999999999999993
branching on CartesianIndex(1, 7) with c.
223    23     17         0.1500     2.7000     1700.0000  % 
UB: 2.6999999999999993
branching on CartesianIndex(2, 7) with c.
224    24     18         0.1500     2.7000     1700.0000  % 
UB: 2.6999999999999993
branching on 1 with b.
225    25     19         0.1500     2.7000     1700.0000  % 
LB close or above UB, fathomed
226    24     19         0.1500     2.7000     1700.0000  % 
UB: 2.6999999999999993
branching on 2 with b.
227    25     20         0.1500     2.7000     1700.0000  % 
LB close or above UB, fathomed
228    24     20         0.1500     2.7000     1700.0000  % 
UB: 2.6999999999999993
branching on 3 with b.
229    25     21         0.1500     2.7000     1700.0000  % 
UB: 2.6999999999999993
branching on 1 with b.
230    25     22         0.1500     2.7000     1700.0000  % 
UB: 2.6999999999999993
branching on 2 with b.
231    26     23         0.1500     2.7000     1700.0000  % 
LB close or above UB, fathomed
232    25     23         0.1500     2.7000     1700.0000  % 
LB close or above UB, fathomed
233    24     21         0.1500     2.7000     1700.0000  % 
LB close or above UB, fathomed
234    23     18         0.1500     2.7000     1700.0000  % 
LB close or above UB, fathomed
235    22     17         0.1500     2.7000     1700.0000  % 
LB close or above UB, fathomed
236    21     14         0.1500     2.7000     1700.0000  % 
UB: 2.6999999999999993
branching on 3 with b.
237    22     15         0.1500     2.7000     1700.0000  % 
LB close or above UB, fathomed
238    21     15         0.1500     2.7000     1700.0000  % 
UB: 2.6999999999999993
branching on CartesianIndex(2, 6) with c.
239    22     16         0.1500     2.7000     1700.0000  % 
LB close or above UB, fathomed
240    21     16         0.1500     2.7000     1700.0000  % 
UB: 2.6999999999999993
branching on CartesianIndex(1, 7) with c.
241    22     17         0.1500     2.7000     1700.0000  % 
UB: 2.6999999999999993
branching on CartesianIndex(2, 7) with c.
242    23     18         0.1500     2.7000     1700.0000  % 
UB: 2.6999999999999993
branching on 1 with b.
243    24     19         0.1500     2.7000     1700.0000  % 
LB close or above UB, fathomed
244    23     19         0.1500     2.7000     1700.0000  % 
LB close or above UB, fathomed
245    22     18         0.1500     2.7000     1700.0000  % 
LB close or above UB, fathomed
246    21     17         0.1500     2.7000     1700.0000  % 
LB close or above UB, fathomed
247    20     13         0.1500     2.7000     1700.0000  % 
LB close or above UB, fathomed
248    19     13         0.1500     2.7000     1700.0000  % 
LB close or above UB, fathomed
249    18     13         0.1500     2.7000     1700.0000  % 
UB: 2.6999999999999993
branching on CartesianIndex(1, 5) with c.
250    19     14         0.1500     2.7000     1700.0000  % 
UB: 2.6999999999999993
branching on CartesianIndex(2, 5) with c.
251    20     15         0.1500     2.7000     1700.0000  % 
LB close or above UB, fathomed
252    19     15         0.1500     2.7000     1700.0000  % 
UB: 2.6999999999999993
branching on CartesianIndex(1, 6) with c.
253    20     16         0.1500     2.7000     1700.0000  % 
LB close or above UB, fathomed
254    19     16         0.1500     2.7000     1700.0000  % 
LB close or above UB, fathomed
255    18     14         0.1500     2.7000     1700.0000  % 
LB close or above UB, fathomed
256    17     9          0.1500     2.7000     1700.0000  % 
UB: 2.6999999999999993
branching on 3 with b.
257    18     10         0.1500     2.7000     1700.0000  % 
UB: 2.6999999999999993
branching on 1 with b.
258    19     11         0.1500     2.7000     1700.0000  % 
LB close or above UB, fathomed
259    18     11         0.1500     2.7000     1700.0000  % 
LB close or above UB, fathomed
260    17     10         0.1500     2.7000     1700.0000  % 
UB: 2.6999999999999993
branching on CartesianIndex(1, 3) with a.
261    18     11         0.1500     2.7000     1700.0000  % 
LB close or above UB, fathomed
262    17     11         0.1500     2.7000     1700.0000  % 
UB: 2.6999999999999993
branching on 1 with b.
263    18     12         0.1500     2.7000     1700.0000  % 
UB: 2.6999999999999993
branching on CartesianIndex(1, 4) with c.
264    19     13         0.1500     2.7000     1700.0000  % 
LB close or above UB, fathomed
265    18     13         0.1500     2.7000     1700.0000  % 
LB close or above UB, fathomed
266    17     12         0.1500     2.7000     1700.0000  % 
LB close or above UB, fathomed
267    16     9          0.1500     2.7000     1700.0000  % 
LB close or above UB, fathomed
268    15     14         0.1500     2.7000     1700.0000  % 
UB: 2.6999999999999993
branching on 2 with b.
269    16     15         0.1500     2.7000     1700.0000  % 
LB close or above UB, fathomed
270    15     15         0.1500     2.7000     1700.0000  % 
LB close or above UB, fathomed
271    14     14         0.1500     2.7000     1700.0000  % 
LB close or above UB, fathomed
272    13     14         0.1500     2.7000     1700.0000  % 
UB: 2.6999999999999993
branching on CartesianIndex(1, 4) with c.
273    14     15         0.1500     2.7000     1700.0000  % 
LB close or above UB, fathomed
274    13     15         0.1500     2.7000     1700.0000  % 
UB: 2.6999999999999993
branching on CartesianIndex(1, 5) with c.
275    14     16         0.1500     2.7000     1700.0000  % 
UB: 2.6999999999999993
branching on CartesianIndex(2, 5) with c.
276    15     17         0.1500     2.7000     1700.0000  % 
LB close or above UB, fathomed
277    14     17         0.1500     2.7000     1700.0000  % 
UB: 2.6999999999999993
branching on CartesianIndex(1, 6) with c.
278    15     18         0.1500     2.7000     1700.0000  % 
UB: 2.6999999999999993
branching on CartesianIndex(2, 6) with c.
279    16     19         0.1500     2.7000     1700.0000  % 
UB: 2.6999999999999993
branching on CartesianIndex(1, 7) with c.
280    17     20         0.1500     2.7000     1700.0000  % 
UB: 2.6999999999999993
branching on CartesianIndex(2, 7) with c.
281    18     21         0.1500     2.7000     1700.0000  % 
UB: 2.6999999999999993
branching on 1 with b.
282    19     22         0.1500     2.7000     1700.0000  % 
UB: 2.6999999999999993
branching on 2 with b.
283    20     23         0.1500     2.7000     1700.0000  % 
LB close or above UB, fathomed
284    19     23         0.1500     2.7000     1700.0000  % 
LB close or above UB, fathomed
285    18     22         0.1500     2.7000     1700.0000  % 
UB: 2.6999999999999993
branching on 2 with b.
286    19     23         0.1500     2.7000     1700.0000  % 
LB close or above UB, fathomed
287    18     23         0.1500     2.7000     1700.0000  % 
LB close or above UB, fathomed
288    17     21         0.1500     2.7000     1700.0000  % 
LB close or above UB, fathomed
289    16     20         0.1500     2.7000     1700.0000  % 
LB close or above UB, fathomed
290    15     19         0.1500     2.7000     1700.0000  % 
LB close or above UB, fathomed
291    14     18         0.1500     2.7000     1700.0000  % 
LB close or above UB, fathomed
292    13     16         0.1500     2.7000     1700.0000  % 
LB close or above UB, fathomed
293    12     14         0.1500     2.7000     1700.0000  % 
UB: 2.6999999999999993
branching on 1 with b.
294    13     15         0.1500     2.7000     1700.0000  % 
UB: 2.6999999999999993
branching on 2 with b.
295    14     16         0.1500     2.7000     1700.0000  % 
UB: 2.6999999999999993
branching on CartesianIndex(1, 4) with c.
296    15     17         0.1500     2.7000     1700.0000  % 
LB close or above UB, fathomed
297    14     17         0.1500     2.7000     1700.0000  % 
UB: 2.6999999999999993
branching on CartesianIndex(1, 5) with c.
298    15     18         0.1500     2.7000     1700.0000  % 
LB close or above UB, fathomed
299    14     18         0.1500     2.7000     1700.0000  % 
LB close or above UB, fathomed
300    13     16         0.1500     2.7000     1700.0000  % 
LB close or above UB, fathomed
301    12     15         0.1500     2.7000     1700.0000  % 
UB: 2.6999999999999993
branching on CartesianIndex(1, 4) with c.
302    13     16         0.1500     2.7000     1700.0000  % 
LB close or above UB, fathomed
303    12     16         0.1500     2.7000     1700.0000  % 
UB: 2.6999999999999993
branching on CartesianIndex(1, 5) with c.
304    13     17         0.1500     2.7000     1700.0000  % 
UB: 2.6999999999999993
branching on CartesianIndex(2, 5) with c.
305    14     18         0.1500     2.7000     1700.0000  % 
LB close or above UB, fathomed
306    13     18         0.1500     2.7000     1700.0000  % 
UB: 2.6999999999999993
branching on CartesianIndex(1, 6) with c.
307    14     19         0.1500     2.7000     1700.0000  % 
UB: 2.6999999999999993
branching on 2 with b.
308    15     20         0.1500     2.7000     1700.0000  % 
LB close or above UB, fathomed
309    14     20         0.1500     2.7000     1700.0000  % 
LB close or above UB, fathomed
310    13     19         0.1500     2.7000     1700.0000  % 
UB: 2.6999999999999993
branching on CartesianIndex(1, 7) with c.
311    14     20         0.1500     2.7000     1700.0000  % 
UB: 2.6999999999999993
branching on CartesianIndex(2, 7) with c.
312    15     21         0.1500     2.7000     1700.0000  % 
UB: 2.6999999999999993
branching on 2 with b.
313    16     22         0.1500     2.7000     1700.0000  % 
LB close or above UB, fathomed
314    15     22         0.1500     2.7000     1700.0000  % 
LB close or above UB, fathomed
315    14     21         0.1500     2.7000     1700.0000  % 
LB close or above UB, fathomed
316    13     20         0.1500     2.7000     1700.0000  % 
LB close or above UB, fathomed
317    12     17         0.1500     2.7000     1700.0000  % 
LB close or above UB, fathomed
318    11     14         0.1500     2.7000     1700.0000  % 
LB close or above UB, fathomed
319    10     14         0.1500     2.7000     1700.0000  % 
UB: 2.6999999999999993
branching on CartesianIndex(1, 5) with c.
320    11     15         0.1500     2.7000     1700.0000  % 
LB close or above UB, fathomed
321    10     15         0.1500     2.7000     1700.0000  % 
LB close or above UB, fathomed
322    9      11         0.1500     2.7000     1700.0000  % 
UB: 2.6999999999999993
branching on CartesianIndex(1, 4) with c.
323    10     12         0.1500     2.7000     1700.0000  % 
LB close or above UB, fathomed
324    9      12         0.1500     2.7000     1700.0000  % 
UB: 2.6999999999999993
branching on CartesianIndex(1, 5) with c.
325    10     13         0.1500     2.7000     1700.0000  % 
UB: 2.6999999999999993
branching on CartesianIndex(2, 5) with c.
326    11     14         0.1500     2.7000     1700.0000  % 
LB close or above UB, fathomed
327    10     14         0.1500     2.7000     1700.0000  % 
UB: 2.6999999999999993
branching on CartesianIndex(1, 6) with c.
328    11     15         0.1500     2.7000     1700.0000  % 
UB: 2.6999999999999993
branching on CartesianIndex(2, 6) with c.
329    12     16         0.1500     2.7000     1700.0000  % 
UB: 2.6999999999999993
branching on 1 with b.
330    13     17         0.1500     2.7000     1700.0000  % 
LB close or above UB, fathomed
331    12     17         0.1500     2.7000     1700.0000  % 
UB: 2.6999999999999993
branching on CartesianIndex(1, 7) with c.
332    13     18         0.1500     2.7000     1700.0000  % 
UB: 2.6999999999999993
branching on CartesianIndex(2, 7) with c.
333    14     19         0.1500     2.7000     1700.0000  % 
UB: 2.6999999999999993
branching on 2 with b.
334    15     20         0.1500     2.7000     1700.0000  % 
LB close or above UB, fathomed
335    14     20         0.1500     2.7000     1700.0000  % 
UB: 2.6999999999999993
branching on 3 with b.
336    15     21         0.1500     2.7000     1700.0000  % 
UB: 2.6999999999999993
branching on 1 with b.
337    16     22         0.1500     2.7000     1700.0000  % 
UB: 2.6999999999999993
branching on 2 with b.
338    17     23         0.1500     2.7000     1700.0000  % 
LB close or above UB, fathomed
339    16     23         0.1500     2.7000     1700.0000  % 
LB close or above UB, fathomed
340    15     22         0.1500     2.7000     1700.0000  % 
UB: 2.6999999999999993
branching on 2 with b.
341    16     23         0.1500     2.7000     1700.0000  % 
LB close or above UB, fathomed
342    15     23         0.1500     2.7000     1700.0000  % 
LB close or above UB, fathomed
343    14     21         0.1500     2.7000     1700.0000  % 
UB: 2.6999999999999993
branching on 1 with b.
344    15     22         0.1500     2.7000     1700.0000  % 
UB: 2.6999999999999993
branching on 2 with b.
345    16     23         0.1500     2.7000     1700.0000  % 
LB close or above UB, fathomed
346    15     23         0.1500     2.7000     1700.0000  % 
LB close or above UB, fathomed
347    14     22         0.1500     2.7000     1700.0000  % 
UB: 2.6999999999999993
branching on 2 with b.
348    15     23         0.1500     2.7000     1700.0000  % 
LB close or above UB, fathomed
349    14     23         0.1500     2.7000     1700.0000  % 
LB close or above UB, fathomed
350    13     19         0.1500     2.7000     1700.0000  % 
LB close or above UB, fathomed
351    12     18         0.1500     2.7000     1700.0000  % 
LB close or above UB, fathomed
352    11     16         0.1500     2.7000     1700.0000  % 
UB: 2.6999999999999993
branching on 1 with b.
353    12     17         0.1500     2.7000     1700.0000  % 
LB close or above UB, fathomed
354    11     17         0.1500     2.7000     1700.0000  % 
UB: 2.6999999999999993
branching on CartesianIndex(1, 7) with c.
355    12     18         0.1500     2.7000     1700.0000  % 
UB: 2.6999999999999993
branching on CartesianIndex(2, 7) with c.
356    13     19         0.1500     2.7000     1700.0000  % 
UB: 2.6999999999999993
branching on 2 with b.
357    14     20         0.1500     2.7000     1700.0000  % 
LB close or above UB, fathomed
358    13     20         0.1500     2.7000     1700.0000  % 
UB: 2.6999999999999993
branching on 3 with b.
359    14     21         0.1500     2.7000     1700.0000  % 
UB: 2.6999999999999993
branching on 1 with b.
360    15     22         0.1500     2.7000     1700.0000  % 
UB: 2.6999999999999993
branching on 2 with b.
361    16     23         0.1500     2.7000     1700.0000  % 
LB close or above UB, fathomed
362    15     23         0.1500     2.7000     1700.0000  % 
LB close or above UB, fathomed
363    14     22         0.1500     2.7000     1700.0000  % 
UB: 2.6999999999999993
branching on 2 with b.
364    15     23         0.1500     2.7000     1700.0000  % 
LB close or above UB, fathomed
365    14     23         0.1500     2.7000     1700.0000  % 
LB close or above UB, fathomed
366    13     21         0.1500     2.7000     1700.0000  % 
UB: 2.6999999999999993
branching on 1 with b.
367    14     22         0.1500     2.7000     1700.0000  % 
UB: 2.6999999999999993
branching on 2 with b.
368    15     23         0.1500     2.7000     1700.0000  % 
LB close or above UB, fathomed
369    14     23         0.1500     2.7000     1700.0000  % 
LB close or above UB, fathomed
370    13     22         0.1500     2.7000     1700.0000  % 
UB: 2.6999999999999993
branching on 2 with b.
371    14     23         0.1500     2.7000     1700.0000  % 
LB close or above UB, fathomed
372    13     23         0.1500     2.7000     1700.0000  % 
LB close or above UB, fathomed
373    12     19         0.1500     2.7000     1700.0000  % 
LB close or above UB, fathomed
374    11     18         0.1500     2.7000     1700.0000  % 
LB close or above UB, fathomed
375    10     15         0.1500     2.7000     1700.0000  % 
UB: 2.6999999999999993
branching on 1 with b.
376    11     16         0.1500     2.7000     1700.0000  % 
LB close or above UB, fathomed
377    10     16         0.1500     2.7000     1700.0000  % 
UB: 2.6999999999999993
branching on CartesianIndex(1, 7) with c.
378    11     13         0.1500     2.7000     1700.0000  % 
LB close or above UB, fathomed
379    10     11         0.1500     2.7000     1700.0000  % 
UB: 2.6999999999999993
branching on 1 with b.
380    11     12         0.1500     2.7000     1700.0000  % 
LB close or above UB, fathomed
381    10     12         0.1500     2.7000     1700.0000  % 
UB: 2.6999999999999993
branching on 3 with b.
382    11     13         0.1500     2.7000     1700.0000  % 
LB close or above UB, fathomed
383    10     13         0.1500     2.7000     1700.0000  % 
UB: 2.6999999999999993
branching on CartesianIndex(1, 6) with c.
384    11     14         0.1500     2.7000     1700.0000  % 
UB: 2.6999999999999993
branching on 1 with b.
385    12     15         0.1500     2.7000     1700.0000  % 
LB close or above UB, fathomed
386    11     15         0.1500     2.7000     1700.0000  % 
LB close or above UB, fathomed
387    10     14         0.1500     2.7000     1700.0000  % 
LB close or above UB, fathomed
388    9      11         0.1500     2.7000     1700.0000  % 
UB: 2.6999999999999993
branching on 3 with b.
389    10     12         0.1500     2.7000     1700.0000  % 
LB close or above UB, fathomed
390    9      12         0.1500     2.7000     1700.0000  % 
UB: 2.6999999999999993
branching on CartesianIndex(2, 4) with c.
391    10     13         0.1500     2.7000     1700.0000  % 
UB: 2.6999999999999993
branching on 1 with b.
392    11     13         0.1500     2.7000     1700.0000  % 
UB: 2.6999999999999993
branching on 1 with b.
393    12     11         0.1500     2.7000     1700.0000  % 
LB close or above UB, fathomed
394    11     11         0.1500     2.7000     1700.0000  % 
UB: 2.6999999999999993
branching on 3 with b.
395    12     12         0.1500     2.7000     1700.0000  % 
LB close or above UB, fathomed
396    11     12         0.1500     2.7000     1700.0000  % 
UB: 2.6999999999999993
branching on CartesianIndex(2, 4) with c.
397    12     13         0.1500     2.7000     1700.0000  % 
UB: 2.6999999999999993
branching on 1 with b.
398    13     14         0.1500     2.7000     1700.0000  % 
LB close or above UB, fathomed
399    12     14         0.1500     2.7000     1700.0000  % 
LB close or above UB, fathomed
400    11     13         0.1500     2.7000     1700.0000  % 
UB: 2.6999999999999993
branching on CartesianIndex(1, 5) with c.
401    12     14         0.1500     2.7000     1700.0000  % 
LB close or above UB, fathomed
402    11     14         0.1500     2.7000     1700.0000  % 
UB: 2.6999999999999993
branching on 1 with b.
403    12     15         0.1500     2.7000     1700.0000  % 
LB close or above UB, fathomed
404    11     15         0.1500     2.7000     1700.0000  % 
LB close or above UB, fathomed
405    10     11         0.1500     2.7000     1700.0000  % 
LB close or above UB, fathomed
406    9      14         0.1500     2.7000     1700.0000  % 
LB close or above UB, fathomed
407    8      14         0.1500     2.7000     1700.0000  % 
LB close or above UB, fathomed
408    7      14         0.1500     2.7000     1700.0000  % 
LB close or above UB, fathomed
409    6      14         0.1500     2.7000     1700.0000  % 
LB close or above UB, fathomed
410    5      12         0.1500     2.7000     1700.0000  % 
LB close or above UB, fathomed
411    4      12         0.1500     2.7000     1700.0000  % 
LB close or above UB, fathomed
412    3      12         0.1500     2.7000     1700.0000  % 
LB close or above UB, fathomed
413    2      12         0.1500     2.7000     1700.0000  % 
UB: 2.6999999999999993
branching on CartesianIndex(1, 4) with c.
414    3      13         0.1500     2.7000     1700.0000  % 
LB close or above UB, fathomed
415    2      13         0.1500     2.7000     1700.0000  % 
UB: 2.6999999999999993
branching on CartesianIndex(1, 5) with c.
416    3      14         0.1500     2.7000     1700.0000  % 
UB: 2.6999999999999993
branching on CartesianIndex(2, 5) with c.
417    4      15         0.1500     2.7000     1700.0000  % 
LB close or above UB, fathomed
418    3      15         0.1500     2.7000     1700.0000  % 
UB: 2.6999999999999993
branching on 2 with b.
419    4      16         0.1500     2.7000     1700.0000  % 
LB close or above UB, fathomed
420    3      16         0.1500     2.7000     1700.0000  % 
UB: 2.6999999999999993
branching on CartesianIndex(1, 6) with c.
421    4      17         0.1500     2.7000     1700.0000  % 
UB: 2.6999999999999993
branching on CartesianIndex(2, 6) with c.
422    5      18         0.1500     2.7000     1700.0000  % 
UB: 2.6999999999999993
branching on CartesianIndex(1, 7) with c.
423    6      19         0.1500     2.7000     1700.0000  % 
UB: 2.6999999999999993
branching on CartesianIndex(2, 7) with c.
424    7      20         0.1500     2.7000     1700.0000  % 
UB: 2.6999999999999993
branching on 3 with b.
425    8      21         0.1500     2.7000     1700.0000  % 
UB: 2.6999999999999993
branching on 1 with b.
426    9      22         0.1500     2.7000     1700.0000  % 
UB: 2.6999999999999993
branching on 2 with b.
427    10     23         0.1500     2.7000     1700.0000  % 
LB close or above UB, fathomed
428    9      23         0.1500     2.7000     1700.0000  % 
LB close or above UB, fathomed
429    8      22         0.1500     2.7000     1700.0000  % 
UB: 2.6999999999999993
branching on 2 with b.
430    9      23         0.1500     2.7000     1700.0000  % 
LB close or above UB, fathomed
431    8      23         0.1500     2.7000     1700.0000  % 
LB close or above UB, fathomed
432    7      21         0.1500     2.7000     1700.0000  % 
UB: 2.6999999999999993
branching on 1 with b.
433    8      22         0.1500     2.7000     1700.0000  % 
UB: 2.6999999999999993
branching on 2 with b.
434    9      23         0.1500     2.7000     1700.0000  % 
LB close or above UB, fathomed
435    8      23         0.1500     2.7000     1700.0000  % 
LB close or above UB, fathomed
436    7      22         0.1500     2.7000     1700.0000  % 
UB: 2.6999999999999993
branching on 2 with b.
437    8      23         0.1500     2.7000     1700.0000  % 
LB close or above UB, fathomed
438    7      23         0.1500     2.7000     1700.0000  % 
LB close or above UB, fathomed
439    6      20         0.1500     2.7000     1700.0000  % 
LB close or above UB, fathomed
440    5      19         0.1500     2.7000     1700.0000  % 
LB close or above UB, fathomed
441    4      18         0.1500     2.7000     1700.0000  % 
UB: 2.6999999999999993
branching on CartesianIndex(1, 7) with c.
442    5      19         0.1500     2.7000     1700.0000  % 
UB: 2.6999999999999993
branching on CartesianIndex(2, 7) with c.
443    6      20         0.1500     2.7000     1700.0000  % 
UB: 2.6999999999999993
branching on 3 with b.
444    7      21         0.1500     2.7000     1700.0000  % 
UB: 2.6999999999999993
branching on 1 with b.
445    8      22         0.1500     2.7000     1700.0000  % 
UB: 2.6999999999999993
branching on 2 with b.
446    9      23         0.1500     2.7000     1700.0000  % 
LB close or above UB, fathomed
447    8      23         0.1500     2.7000     1700.0000  % 
LB close or above UB, fathomed
448    7      22         0.1500     2.7000     1700.0000  % 
UB: 2.6999999999999993
branching on 2 with b.
449    8      23         0.1500     2.7000     1700.0000  % 
LB close or above UB, fathomed
450    7      23         0.1500     2.7000     1700.0000  % 
LB close or above UB, fathomed
451    6      21         0.1500     2.7000     1700.0000  % 
UB: 2.6999999999999993
branching on 1 with b.
452    7      22         0.1500     2.7000     1700.0000  % 
UB: 2.6999999999999993
branching on 2 with b.
453    8      23         0.1500     2.7000     1700.0000  % 
LB close or above UB, fathomed
454    7      23         0.1500     2.7000     1700.0000  % 
LB close or above UB, fathomed
455    6      22         0.1500     2.7000     1700.0000  % 
UB: 2.6999999999999993
branching on 2 with b.
456    7      23         0.1500     2.7000     1700.0000  % 
LB close or above UB, fathomed
457    6      23         0.1500     2.7000     1700.0000  % 
LB close or above UB, fathomed
458    5      20         0.1500     2.7000     1700.0000  % 
LB close or above UB, fathomed
459    4      19         0.1500     2.7000     1700.0000  % 
LB close or above UB, fathomed
460    3      17         0.1500     2.7000     1700.0000  % 
UB: 2.6999999999999993
branching on CartesianIndex(1, 7) with c.
461    4      18         0.1500     2.7000     1700.0000  % 
UB: 2.6999999999999993
branching on CartesianIndex(2, 7) with c.
462    5      19         0.1500     2.7000     1700.0000  % 
UB: 2.6999999999999993
branching on 3 with b.
463    6      20         0.1500     2.7000     1700.0000  % 
UB: 2.6999999999999993
branching on 1 with b.
464    7      21         0.1500     2.7000     1700.0000  % 
UB: 2.6999999999999993
branching on 2 with b.
465    8      22         0.1500     2.7000     1700.0000  % 
LB close or above UB, fathomed
466    7      22         0.1500     2.7000     1700.0000  % 
LB close or above UB, fathomed
467    6      21         0.1500     2.7000     1700.0000  % 
UB: 2.6999999999999993
branching on 2 with b.
468    7      22         0.1500     2.7000     1700.0000  % 
LB close or above UB, fathomed
469    6      22         0.1500     2.7000     1700.0000  % 
LB close or above UB, fathomed
470    5      20         0.1500     2.7000     1700.0000  % 
UB: 2.6999999999999993
branching on 1 with b.
471    6      21         0.1500     2.7000     1700.0000  % 
UB: 2.6999999999999993
branching on 2 with b.
472    7      22         0.1500     2.7000     1700.0000  % 
LB close or above UB, fathomed
473    6      22         0.1500     2.7000     1700.0000  % 
LB close or above UB, fathomed
474    5      21         0.1500     2.7000     1700.0000  % 
UB: 2.6999999999999993
branching on 2 with b.
475    6      22         0.1500     2.7000     1700.0000  % 
LB close or above UB, fathomed
476    5      22         0.1500     2.7000     1700.0000  % 
LB close or above UB, fathomed
477    4      19         0.1500     2.7000     1700.0000  % 
LB close or above UB, fathomed
478    3      18         0.1500     2.7000     1700.0000  % 
LB close or above UB, fathomed
479    2      14         0.1500     2.7000     1700.0000  % 
LB close or above UB, fathomed
480    1      17         0.1500     2.7000     1700.0000  % 
UB: 2.6999999999999993
branching on CartesianIndex(2, 7) with c.
481    2      18         0.1500     2.7000     1700.0000  % 
UB: 2.6999999999999993
branching on 2 with b.
482    3      19         0.1500     2.7000     1700.0000  % 
LB close or above UB, fathomed
483    2      19         0.1500     2.7000     1700.0000  % 
UB: 2.6999999999999993
branching on 3 with b.
484    3      20         0.1500     2.7000     1700.0000  % 
UB: 2.6999999999999993
branching on 1 with b.
485    4      21         0.1500     2.7000     1700.0000  % 
UB: 2.6999999999999993
branching on 2 with b.
486    5      22         0.1500     2.7000     1700.0000  % 
LB close or above UB, fathomed
487    4      22         0.1500     2.7000     1700.0000  % 
LB close or above UB, fathomed
488    3      21         0.1500     2.7000     1700.0000  % 
UB: 2.6999999999999993
branching on 2 with b.
489    4      22         0.1500     2.7000     1700.0000  % 
LB close or above UB, fathomed
490    3      22         0.1500     2.7000     1700.0000  % 
LB close or above UB, fathomed
491    2      20         0.1500     2.7000     1700.0000  % 
UB: 2.6999999999999993
branching on 1 with b.
492    3      21         0.1500     2.7000     1700.0000  % 
UB: 2.6999999999999993
branching on 2 with b.
493    4      22         0.1500     2.7000     1700.0000  % 
LB close or above UB, fathomed
494    3      22         0.1500     2.7000     1700.0000  % 
LB close or above UB, fathomed
495    2      21         0.1500     2.7000     1700.0000  % 
UB: 2.6999999999999993
branching on 2 with b.
496    3      22         0.1500     2.7000     1700.0000  % 
LB close or above UB, fathomed
497    2      22         0.1500     2.7000     1700.0000  % 
LB close or above UB, fathomed
498    1      18         0.1500     2.7000     1700.0000  % 
LB close or above UB, fathomed
499    0      17         0.1500     2.7000     1700.0000  % 
LB close or above UB, fathomed
all node solved
solved nodes:  500
500                                                   2.6778e+00     2.7000e+00     0.8299  % 
2×3 Matrix{Float64}:
 1.0  0.0  0.0
 0.0  1.0  0.0
3-element Vector{Float64}:
 0.6825908328775168
 0.21486742028920422
 0.0
3×7 Matrix{Float64}:
 0.0  0.0  0.0  1.0  0.0  0.0  0.0
 0.0  0.0  0.0  0.0  1.0  0.0  0.0
 0.0  0.0  0.0  0.0  0.0  0.0  1.0
3-element Vector{Float64}:
 1.0
 1.0
 0.0
2×3 Matrix{Float64}:
 1.0  0.0  0.0
 0.0  1.0  0.0
3-element Vector{Float64}:
 0.6773480634294401
 0.1111688142486984
 0.0
3×7 Matrix{Float64}:
 0.0  0.0  0.0  1.0  0.0  0.0  0.0
 0.0  0.0  0.0  0.0  1.0  0.0  0.0
 0.0  0.0  0.0  0.0  0.0  0.0  1.0
3-element Vector{Float64}:
 1.0
 1.0
 0.0
comparison (CRT and Glb)on prediction: Dict{Bool, Int64}(0 => 0, 1 => 4)
Dataname	 time	 objv	 lb	 gap	 train_w	 train_g	 test_w	 test_g
small_toy_57.small_toy	 58.13	 2.6999999999999993	 2.678	 0.0083	 88.889	 88.889	 75.0	 75.0
