Running 2 processes.
Start training small_toy_339.small_toy with seed 1.
Any[]
(2, 13)
(2, 6)
(2, 3)
(2, 4)
dimension: 2, class: 3
cart cost: 2.7500000000000004
size of X: (2, 9)
ngroups: 2
UB: 0.15000000000000002
Iter	left	lev	LB	UB	gap	
0      0      1          0.1000     0.1500     50.0000    % 
UB: 0.15000000000000002
branching on 1 with d.
1      1      2          0.1000     0.1500     50.0000    % 
LB close or above UB, fathomed
2      0      2          0.1000     0.1500     50.0000    % 
UB: 0.15000000000000002
branching on 2 with d.
3      1      3          0.1000     0.1500     50.0000    % 
UB: 0.15000000000000002
branching on 3 with d.
4      2      4          0.1000     0.1500     50.0000    % 
LB close or above UB, fathomed
5      1      4          0.1000     0.1500     50.0000    % 
UB: 0.15000000000000002
branching on CartesianIndex(1, 1) with a.
6      2      5          0.1000     0.1500     50.0000    % 
UB: 0.15000000000000002
branching on CartesianIndex(1, 3) with a.
7      3      6          0.1000     0.1500     50.0000    % 
LB close or above UB, fathomed
8      2      6          0.1000     0.1500     50.0000    % 
UB: 0.15000000000000002
branching on CartesianIndex(1, 5) with c.
9      3      7          0.1000     0.1500     50.0000    % 
LB close or above UB, fathomed
10     2      7          0.1000     0.1500     50.0000    % 
UB: 0.15000000000000002
branching on CartesianIndex(1, 6) with c.
11     3      5          0.1000     0.1500     50.0000    % 
LB close or above UB, fathomed
12     2      3          0.1000     0.1500     50.0000    % 
UB: 0.15000000000000002
branching on 3 with d.
13     3      4          0.1000     0.1500     50.0000    % 
UB: 0.15000000000000002
branching on 1 with b.
14     4      5          0.1000     0.1500     50.0000    % 
LB close or above UB, fathomed
15     3      5          0.1000     0.1500     50.0000    % 
UB: 0.15000000000000002
branching on 1 with b.
16     4      6          0.1000     0.1500     50.0000    % 
UB: 0.15000000000000002
branching on CartesianIndex(1, 1) with a.
17     5      6          0.1000     0.1500     50.0000    % 
LB close or above UB, fathomed
18     4      4          0.1000     0.1500     50.0000    % 
LB close or above UB, fathomed
19     3      7          0.1000     0.1500     50.0000    % 
LB close or above UB, fathomed
20     2      7          0.1000     0.1500     50.0000    % 
UB: 0.15000000000000002
branching on 2 with b.
21     3      8          0.1000     0.1500     50.0000    % 
UB: 0.15000000000000002
branching on CartesianIndex(1, 2) with a.
22     4      9          0.1000     0.1500     50.0000    % 
UB: 0.15000000000000002
branching on CartesianIndex(1, 4) with c.
23     5      10         0.1000     0.1500     50.0000    % 
LB close or above UB, fathomed
24     4      10         0.1000     0.1500     50.0000    % 
UB: 0.15000000000000002
branching on 1 with b.
25     5      11         0.1000     0.1500     50.0000    % 
LB close or above UB, fathomed
26     4      11         0.1000     0.1500     50.0000    % 
UB: 0.15000000000000002
branching on CartesianIndex(1, 5) with c.
27     5      12         0.1000     0.1500     50.0000    % 
UB: 0.15000000000000002
branching on CartesianIndex(2, 5) with c.
28     6      13         0.1000     0.1500     50.0000    % 
LB close or above UB, fathomed
29     5      13         0.1000     0.1500     50.0000    % 
UB: 0.15000000000000002
branching on CartesianIndex(1, 7) with c.
30     6      14         0.1000     0.1500     50.0000    % 
UB: 0.15000000000000002
branching on CartesianIndex(2, 7) with c.
31     7      15         0.1000     0.1500     50.0000    % 
UB: 0.15000000000000002
branching on 2 with b.
32     8      16         0.1000     0.1500     50.0000    % 
LB close or above UB, fathomed
33     7      16         0.1000     0.1500     50.0000    % 
UB: 0.15000000000000002
branching on 1 with b.
34     7      17         0.1000     0.1500     50.0000    % 
UB: 0.15000000000000002
branching on 2 with b.
35     7      18         0.1000     0.1500     50.0000    % 
UB: 0.15000000000000002
branching on 1 with b.
36     7      19         0.1000     0.1500     50.0000    % 
LB close or above UB, fathomed
37     6      15         0.1000     0.1500     50.0000    % 
LB close or above UB, fathomed
38     5      14         0.1000     0.1500     50.0000    % 
LB close or above UB, fathomed
39     4      12         0.1000     0.1500     50.0000    % 
LB close or above UB, fathomed
40     3      9          0.1000     0.1500     50.0000    % 
LB close or above UB, fathomed
41     2      8          0.1000     0.1500     50.0000    % 
LB close or above UB, fathomed
42     1      8          0.1000     0.1500     50.0000    % 
UB: 0.15000000000000002
branching on 1 with b.
43     2      9          0.1000     0.1500     50.0000    % 
UB: 0.15000000000000002
branching on CartesianIndex(2, 6) with c.
44     3      10         0.1000     0.1500     50.0000    % 
LB close or above UB, fathomed
45     2      10         0.1000     0.1500     50.0000    % 
UB: 0.15000000000000002
branching on 1 with b.
46     3      11         0.1000     0.1500     50.0000    % 
LB close or above UB, fathomed
47     2      11         0.1000     0.1500     50.0000    % 
LB close or above UB, fathomed
48     1      9          0.1000     0.1500     50.0000    % 
LB close or above UB, fathomed
49     0      8          0.1000     0.1500     50.0000    % 
LB close or above UB, fathomed
all node solved
solved nodes:  50
50                                                    1.5000e-01     1.5000e-01     0.0000  % 
2×3 Matrix{Float64}:
 1.0  0.0  1.0
 0.0  1.0  0.0
3-element Vector{Float64}:
 0.6226592741919961
 0.3793493421715334
 0.7903690303749705
3×7 Matrix{Float64}:
 0.0  0.0  0.0  1.0  0.0  0.0  0.0
 0.0  0.0  0.0  0.0  1.0  1.0  0.0
 0.0  0.0  0.0  0.0  0.0  0.0  1.0
3-element Vector{Float64}:
 1.0
 1.0
 1.0
2×3 Matrix{Float64}:
 -0.0  1.0  -0.0
  1.0  0.0   1.0
3-element Vector{Float64}:
 0.3510396707034942
 1.0
 0.633041525115297
3×7 Matrix{Float64}:
 0.0  0.0  0.0   1.0  -0.0   0.0  0.0
 0.0  0.0  0.0   0.0   0.0   1.0  0.0
 0.0  0.0  0.0  -0.0   1.0  -0.0  1.0
3-element Vector{Float64}:
 1.0
 1.0
 1.0
comparison (CRT and Glb)on prediction: Dict{Bool, Int64}(0 => 1, 1 => 3)
Dataname	 time	 objv	 lb	 gap	 train_w	 train_g	 test_w	 test_g
small_toy_339.small_toy	 56.88	 0.15000000000000002	 0.15	 0.0	 88.889	 100.0	 75.0	 75.0
