Running 2 processes.
Start training small_toy_880.small_toy with seed 1.
Any[]
(2, 13)
(2, 6)
(2, 3)
(2, 4)
dimension: 2, class: 3
cart cost: 2.7000000000000006
size of X: (2, 9)
ngroups: 2
UB: 2.6999999999999993
Iter	left	lev	LB	UB	gap	
0      0      1          0.1000     2.7000     2600.0000  % 
UB: 2.6999999999999993
branching on 1 with d.
1      1      2          0.1000     2.7000     2600.0000  % 
LB close or above UB, fathomed
2      0      2          0.1000     2.7000     2600.0000  % 
UB: 2.6999999999999993
branching on 2 with d.
3      1      3          0.1000     2.7000     2600.0000  % 
UB: 2.6999999999999993
branching on 3 with d.
4      2      4          0.1000     2.7000     2600.0000  % 
LB close or above UB, fathomed
5      1      4          0.1000     2.7000     2600.0000  % 
UB: 2.6999999999999993
branching on CartesianIndex(1, 1) with a.
6      2      5          0.1000     2.7000     2600.0000  % 
UB: 2.6999999999999993
branching on CartesianIndex(1, 3) with a.
7      3      6          0.1000     2.7000     2600.0000  % 
LB close or above UB, fathomed
8      2      6          0.1000     2.7000     2600.0000  % 
LB close or above UB, fathomed
9      1      5          0.1000     2.7000     2600.0000  % 
LB close or above UB, fathomed
10     0      3          0.1000     2.7000     2600.0000  % 
UB: 2.6999999999999993
branching on 3 with d.
11     1      4          0.1000     2.7000     2600.0000  % 
UB: 2.6999999999999993
branching on 1 with b.
12     2      5          0.1000     2.7000     2600.0000  % 
LB close or above UB, fathomed
13     1      5          0.1000     2.7000     2600.0000  % 
UB: 2.6999999999999993
branching on 1 with b.
14     2      6          0.1000     2.7000     2600.0000  % 
UB: 2.6999999999999993
branching on CartesianIndex(1, 1) with a.
15     3      7          0.1000     2.7000     2600.0000  % 
LB close or above UB, fathomed
16     2      7          0.1000     2.7000     2600.0000  % 
LB close or above UB, fathomed
17     1      6          0.1000     2.7000     2600.0000  % 
UB: 2.6999999999999993
branching on CartesianIndex(1, 1) with a.
18     2      7          0.1000     2.7000     2600.0000  % 
LB close or above UB, fathomed
19     1      7          0.1000     2.7000     2600.0000  % 
LB close or above UB, fathomed
20     0      4          0.1000     2.7000     2600.0000  % 
UB: 2.6999999999999993
branching on 1 with b.
21     1      5          0.1500     2.7000     1700.0000  % 
UB: 2.6999999999999993
branching on CartesianIndex(1, 1) with a.
22     2      6          0.1500     2.7000     1700.0000  % 
UB: 2.6999999999999993
branching on 1 with b.
23     3      7          0.1500     2.7000     1700.0000  % 
LB close or above UB, fathomed
24     2      7          0.1500     2.7000     1700.0000  % 
UB: 2.6999999999999993
branching on 2 with b.
25     3      8          0.1500     2.7000     1700.0000  % 
UB: 2.6999999999999993
branching on 3 with b.
26     4      9          0.1500     2.7000     1700.0000  % 
LB close or above UB, fathomed
27     3      9          0.1500     2.7000     1700.0000  % 
UB: 2.6999999999999993
branching on CartesianIndex(1, 2) with a.
28     4      10         0.1500     2.7000     1700.0000  % 
UB: 2.6999999999999993
branching on CartesianIndex(1, 3) with a.
29     5      11         0.1500     2.7000     1700.0000  % 
UB: 2.6999999999999993
branching on CartesianIndex(1, 4) with c.
30     6      11         0.1500     2.7000     1700.0000  % 
UB: 2.6999999999999993
branching on CartesianIndex(1, 4) with c.
31     7      12         0.1500     2.7000     1700.0000  % 
LB close or above UB, fathomed
32     6      12         0.1500     2.7000     1700.0000  % 
UB: 2.6999999999999993
branching on CartesianIndex(1, 5) with c.
33     7      13         0.1500     2.7000     1700.0000  % 
UB: 2.6999999999999993
branching on CartesianIndex(2, 5) with c.
34     8      13         0.1500     2.7000     1700.0000  % 
LB close or above UB, fathomed
35     7      10         0.1500     2.7000     1700.0000  % 
UB: 2.6999999999999993
branching on 1 with b.
36     7      8          0.1500     2.7000     1700.0000  % 
UB: 2.6999999999999993
branching on 3 with b.
37     8      6          0.1500     2.7000     1700.0000  % 
LB close or above UB, fathomed
38     7      5          0.1500     2.7000     1700.0000  % 
UB: 2.6999999999999993
branching on CartesianIndex(1, 1) with a.
39     8      6          0.1500     2.7000     1700.0000  % 
LB close or above UB, fathomed
40     7      6          0.1500     2.7000     1700.0000  % 
LB close or above UB, fathomed
41     6      9          0.1500     2.7000     1700.0000  % 
LB close or above UB, fathomed
42     5      9          0.1500     2.7000     1700.0000  % 
UB: 2.6999999999999993
branching on CartesianIndex(1, 2) with a.
43     6      10         0.1500     2.7000     1700.0000  % 
UB: 2.6999999999999993
branching on CartesianIndex(1, 3) with a.
44     7      10         0.1500     2.7000     1700.0000  % 
UB: 2.6999999999999993
branching on CartesianIndex(1, 3) with a.
45     8      11         0.1500     2.7000     1700.0000  % 
UB: 2.6999999999999993
branching on CartesianIndex(1, 4) with c.
46     9      11         0.1500     2.7000     1700.0000  % 
LB close or above UB, fathomed
47     8      11         0.1500     2.7000     1700.0000  % 
UB: 2.6999999999999993
branching on CartesianIndex(1, 3) with a.
48     9      12         0.1500     2.7000     1700.0000  % 
LB close or above UB, fathomed
49     8      12         0.1500     2.7000     1700.0000  % 
LB close or above UB, fathomed
50     7      12         0.1500     2.7000     1700.0000  % 
LB close or above UB, fathomed
51     6      12         0.1500     2.7000     1700.0000  % 
UB: 2.6999999999999993
branching on CartesianIndex(1, 5) with c.
52     7      13         0.1500     2.7000     1700.0000  % 
UB: 2.6999999999999993
branching on CartesianIndex(2, 5) with c.
53     8      14         0.1500     2.7000     1700.0000  % 
UB: 2.6999999999999993
branching on CartesianIndex(1, 6) with c.
54     9      14         0.1500     2.7000     1700.0000  % 
LB close or above UB, fathomed
55     8      13         0.1500     2.7000     1700.0000  % 
LB close or above UB, fathomed
56     7      14         0.1500     2.7000     1700.0000  % 
LB close or above UB, fathomed
57     6      14         0.1500     2.7000     1700.0000  % 
UB: 2.6999999999999993
branching on CartesianIndex(1, 6) with c.
58     7      15         0.1500     2.7000     1700.0000  % 
UB: 2.6999999999999993
branching on 1 with b.
59     7      16         0.1500     2.7000     1700.0000  % 
UB: 2.6999999999999993
branching on CartesianIndex(2, 6) with c.
60     8      17         0.1500     2.7000     1700.0000  % 
LB close or above UB, fathomed
61     7      17         0.1500     2.7000     1700.0000  % 
LB close or above UB, fathomed
62     6      15         0.1500     2.7000     1700.0000  % 
LB close or above UB, fathomed
63     5      15         0.1500     2.7000     1700.0000  % 
UB: 2.6999999999999993
branching on CartesianIndex(2, 6) with c.
64     6      16         0.1500     2.7000     1700.0000  % 
LB close or above UB, fathomed
65     5      16         0.1500     2.7000     1700.0000  % 
UB: 2.6999999999999993
branching on CartesianIndex(1, 7) with c.
66     6      17         0.1500     2.7000     1700.0000  % 
UB: 2.6999999999999993
branching on 1 with b.
67     6      18         0.1500     2.7000     1700.0000  % 
UB: 2.6999999999999993
branching on CartesianIndex(2, 7) with c.
68     7      19         0.1500     2.7000     1700.0000  % 
UB: 2.6999999999999993
branching on 2 with b.
69     8      20         0.1500     2.7000     1700.0000  % 
LB close or above UB, fathomed
70     7      20         0.1500     2.7000     1700.0000  % 
UB: 2.6999999999999993
branching on 3 with b.
71     8      21         0.1500     2.7000     1700.0000  % 
UB: 2.6999999999999993
branching on 1 with b.
72     8      22         0.1500     2.7000     1700.0000  % 
UB: 2.6999999999999993
branching on 2 with b.
73     8      23         0.1500     2.7000     1700.0000  % 
UB: 2.6999999999999993
branching on 3 with b.
74     9      24         0.1500     2.7000     1700.0000  % 
LB close or above UB, fathomed
75     8      24         0.1500     2.7000     1700.0000  % 
UB: 2.6999999999999993
branching on 1 with b.
76     9      25         0.1500     2.7000     1700.0000  % 
LB close or above UB, fathomed
77     8      25         0.1500     2.7000     1700.0000  % 
UB: 2.6999999999999993
branching on 2 with b.
78     8      26         0.1500     2.7000     1700.0000  % 
UB: 2.6999999999999993
branching on 3 with b.
79     8      27         0.1500     2.7000     1700.0000  % 
UB: 2.6999999999999993
branching on 1 with b.
80     8      28         0.1500     2.7000     1700.0000  % 
LB close or above UB, fathomed
81     7      21         0.1500     2.7000     1700.0000  % 
LB close or above UB, fathomed
82     6      19         0.1500     2.7000     1700.0000  % 
LB close or above UB, fathomed
83     5      17         0.1500     2.7000     1700.0000  % 
LB close or above UB, fathomed
84     4      15         0.1500     2.7000     1700.0000  % 
LB close or above UB, fathomed
85     3      12         0.1500     2.7000     1700.0000  % 
LB close or above UB, fathomed
86     2      12         0.1500     2.7000     1700.0000  % 
UB: 2.6999999999999993
branching on CartesianIndex(1, 5) with c.
87     3      13         0.1500     2.7000     1700.0000  % 
UB: 2.6999999999999993
branching on CartesianIndex(2, 5) with c.
88     4      14         0.1500     2.7000     1700.0000  % 
UB: 2.6999999999999993
branching on 1 with b.
89     4      15         0.1500     2.7000     1700.0000  % 
UB: 2.6999999999999993
branching on CartesianIndex(1, 6) with c.
90     5      16         0.1500     2.7000     1700.0000  % 
UB: 2.6999999999999993
branching on CartesianIndex(2, 6) with c.
91     6      17         0.1500     2.7000     1700.0000  % 
LB close or above UB, fathomed
92     5      17         0.1500     2.7000     1700.0000  % 
UB: 2.6999999999999993
branching on CartesianIndex(1, 7) with c.
93     6      18         0.1500     2.7000     1700.0000  % 
UB: 2.6999999999999993
branching on CartesianIndex(2, 7) with c.
94     7      19         0.1500     2.7000     1700.0000  % 
UB: 2.6999999999999993
branching on 2 with b.
95     8      20         0.1500     2.7000     1700.0000  % 
UB: 2.6999999999999993
branching on 3 with b.
96     9      21         0.1500     2.7000     1700.0000  % 
UB: 2.6999999999999993
branching on 1 with b.
97     9      22         0.1500     2.7000     1700.0000  % 
UB: 2.6999999999999993
branching on 2 with b.
98     10     23         0.1500     2.7000     1700.0000  % 
LB close or above UB, fathomed
99     9      23         0.1500     2.7000     1700.0000  % 
UB: 2.6999999999999993
branching on 3 with b.
100    10     24         0.1500     2.7000     1700.0000  % 
LB close or above UB, fathomed
101    9      24         0.1500     2.7000     1700.0000  % 
UB: 2.6999999999999993
branching on 1 with b.
102    10     25         0.1500     2.7000     1700.0000  % 
LB close or above UB, fathomed
103    9      25         0.1500     2.7000     1700.0000  % 
UB: 2.6999999999999993
branching on 2 with b.
104    9      26         0.1500     2.7000     1700.0000  % 
UB: 2.6999999999999993
branching on 3 with b.
105    9      27         0.1500     2.7000     1700.0000  % 
UB: 2.6999999999999993
branching on 1 with b.
106    9      28         0.1500     2.7000     1700.0000  % 
LB close or above UB, fathomed
107    8      21         0.1500     2.7000     1700.0000  % 
LB close or above UB, fathomed
108    7      20         0.1500     2.7000     1700.0000  % 
UB: 2.6999999999999993
branching on 3 with b.
109    8      21         0.1500     2.7000     1700.0000  % 
UB: 2.6999999999999993
branching on 1 with b.
110    8      22         0.1500     2.7000     1700.0000  % 
UB: 2.6999999999999993
branching on 2 with b.
111    9      23         0.1500     2.7000     1700.0000  % 
UB: 2.6999999999999993
branching on 3 with b.
112    10     24         0.1500     2.7000     1700.0000  % 
LB close or above UB, fathomed
113    9      24         0.1500     2.7000     1700.0000  % 
UB: 2.6999999999999993
branching on 1 with b.
114    10     25         0.1500     2.7000     1700.0000  % 
LB close or above UB, fathomed
115    9      25         0.1500     2.7000     1700.0000  % 
UB: 2.6999999999999993
branching on 2 with b.
116    9      26         0.1500     2.7000     1700.0000  % 
UB: 2.6999999999999993
branching on 3 with b.
117    9      27         0.1500     2.7000     1700.0000  % 
UB: 2.6999999999999993
branching on 1 with b.
118    9      28         0.1500     2.7000     1700.0000  % 
LB close or above UB, fathomed
119    8      23         0.1500     2.7000     1700.0000  % 
UB: 2.6999999999999993
branching on 3 with b.
120    9      24         0.1500     2.7000     1700.0000  % 
LB close or above UB, fathomed
121    8      24         0.1500     2.7000     1700.0000  % 
UB: 2.6999999999999993
branching on 1 with b.
122    9      25         0.1500     2.7000     1700.0000  % 
LB close or above UB, fathomed
123    8      25         0.1500     2.7000     1700.0000  % 
UB: 2.6999999999999993
branching on 2 with b.
124    8      26         0.1500     2.7000     1700.0000  % 
UB: 2.6999999999999993
branching on 3 with b.
125    8      27         0.1500     2.7000     1700.0000  % 
UB: 2.6999999999999993
branching on 1 with b.
126    8      28         0.1500     2.7000     1700.0000  % 
LB close or above UB, fathomed
127    7      21         0.1500     2.7000     1700.0000  % 
LB close or above UB, fathomed
128    6      19         0.1500     2.7000     1700.0000  % 
LB close or above UB, fathomed
129    5      18         0.1500     2.7000     1700.0000  % 
LB close or above UB, fathomed
130    4      16         0.1500     2.7000     1700.0000  % 
LB close or above UB, fathomed
131    3      14         0.1500     2.7000     1700.0000  % 
LB close or above UB, fathomed
132    2      13         0.1500     2.7000     1700.0000  % 
LB close or above UB, fathomed
133    1      11         0.1500     2.7000     1700.0000  % 
LB close or above UB, fathomed
134    0      11         0.1500     2.7000     1700.0000  % 
LB close or above UB, fathomed
all node solved
solved nodes:  135
135                                                   2.7000e+00     2.7000e+00     0.0000  % 
2×3 Matrix{Float64}:
 0.0  0.0  0.0
 1.0  0.0  1.0
3-element Vector{Float64}:
 0.2817681701971045
 0.0
 0.6754714628350955
3×7 Matrix{Float64}:
 0.0  0.0  0.0  0.0  1.0  0.0  0.0
 0.0  0.0  0.0  0.0  0.0  1.0  0.0
 0.0  0.0  0.0  0.0  0.0  0.0  1.0
3-element Vector{Float64}:
 1.0
 0.0
 1.0
2×3 Matrix{Float64}:
 0.0  0.0  0.0
 1.0  0.0  1.0
3-element Vector{Float64}:
 0.28374922529455704
 0.0
 0.6725979457759435
3×7 Matrix{Float64}:
 0.0  0.0  0.0  0.0  1.0  0.0  0.0
 0.0  0.0  0.0  0.0  0.0  1.0  0.0
 0.0  0.0  0.0  0.0  0.0  0.0  1.0
3-element Vector{Float64}:
 1.0
 0.0
 1.0
comparison (CRT and Glb)on prediction: Dict{Bool, Int64}(0 => 0, 1 => 4)
Dataname	 time	 objv	 lb	 gap	 train_w	 train_g	 test_w	 test_g
small_toy_880.small_toy	 61.25	 2.6999999999999993	 2.7	 0.0	 88.889	 88.889	 75.0	 75.0
