Running 2 processes.
Start training small_toy_935.small_toy with seed 1.
Any[]
(2, 13)
(2, 6)
(2, 3)
(2, 4)
dimension: 2, class: 3
cart cost: 2.7500000000000004
size of X: (2, 9)
ngroups: 2
UB: 2.6999999999999993
Iter	left	lev	LB	UB	gap	
0      0      1          0.1278     2.7000     2013.0435  % 
UB: 2.6999999999999993
branching on 1 with d.
1      1      2          0.1278     2.7000     2013.0435  % 
LB close or above UB, fathomed
2      0      2          0.1278     2.7000     2013.0435  % 
UB: 2.6999999999999993
branching on 2 with d.
3      1      3          0.1278     2.7000     2013.0435  % 
LB close or above UB, fathomed
4      0      3          0.1278     2.7000     2013.0435  % 
UB: 2.6999999999999993
branching on 3 with d.
5      1      4          0.1278     2.7000     2013.0435  % 
LB close or above UB, fathomed
6      0      4          0.1278     2.7000     2013.0435  % 
UB: 2.6999999999999993
branching on CartesianIndex(1, 1) with a.
7      1      5          0.1500     2.7000     1700.0000  % 
UB: 2.6999999999999993
branching on 1 with b.
8      2      6          0.1500     2.7000     1700.0000  % 
UB: 2.6999999999999993
branching on CartesianIndex(1, 2) with a.
9      3      7          0.1500     2.7000     1700.0000  % 
UB: 2.6999999999999993
branching on CartesianIndex(1, 3) with a.
10     4      8          0.1500     2.7000     1700.0000  % 
LB close or above UB, fathomed
11     3      8          0.1500     2.7000     1700.0000  % 
UB: 2.6999999999999993
branching on 1 with b.
12     4      9          0.1500     2.7000     1700.0000  % 
LB close or above UB, fathomed
13     3      9          0.1500     2.7000     1700.0000  % 
UB: 2.6999999999999993
branching on 2 with b.
14     4      10         0.1500     2.7000     1700.0000  % 
UB: 2.6999999999999993
branching on CartesianIndex(1, 4) with c.
15     5      11         0.1500     2.7000     1700.0000  % 
LB close or above UB, fathomed
16     4      11         0.1500     2.7000     1700.0000  % 
UB: 2.6999999999999993
branching on CartesianIndex(1, 5) with c.
17     5      12         0.1500     2.7000     1700.0000  % 
UB: 2.6999999999999993
branching on CartesianIndex(2, 5) with c.
18     6      13         0.1500     2.7000     1700.0000  % 
LB close or above UB, fathomed
19     5      13         0.1500     2.7000     1700.0000  % 
UB: 2.6999999999999993
branching on CartesianIndex(1, 6) with c.
20     6      14         0.1500     2.7000     1700.0000  % 
UB: 2.6999999999999993
branching on 3 with b.
21     7      15         0.1500     2.7000     1700.0000  % 
LB close or above UB, fathomed
22     6      15         0.1500     2.7000     1700.0000  % 
UB: 2.6999999999999993
branching on CartesianIndex(2, 6) with c.
23     7      16         0.1500     2.7000     1700.0000  % 
LB close or above UB, fathomed
24     6      16         0.1500     2.7000     1700.0000  % 
UB: 2.6999999999999993
branching on 1 with b.
25     7      17         0.1500     2.7000     1700.0000  % 
LB close or above UB, fathomed
26     6      17         0.1500     2.7000     1700.0000  % 
UB: 2.6999999999999993
branching on CartesianIndex(1, 7) with c.
27     7      14         0.1500     2.7000     1700.0000  % 
LB close or above UB, fathomed
28     6      12         0.1500     2.7000     1700.0000  % 
LB close or above UB, fathomed
29     5      10         0.1500     2.7000     1700.0000  % 
LB close or above UB, fathomed
30     4      7          0.1500     2.7000     1700.0000  % 
UB: 2.6999999999999993
branching on 1 with b.
31     5      8          0.1500     2.7000     1700.0000  % 
LB close or above UB, fathomed
32     4      8          0.1500     2.7000     1700.0000  % 
UB: 2.6999999999999993
branching on CartesianIndex(1, 3) with a.
33     5      9          0.1500     2.7000     1700.0000  % 
LB close or above UB, fathomed
34     4      9          0.1500     2.7000     1700.0000  % 
UB: 2.6999999999999993
branching on CartesianIndex(1, 4) with c.
35     5      10         0.1500     2.7000     1700.0000  % 
UB: 2.6999999999999993
branching on 2 with b.
36     6      10         0.1500     2.7000     1700.0000  % 
LB close or above UB, fathomed
37     5      6          0.1500     2.7000     1700.0000  % 
LB close or above UB, fathomed
38     4      5          0.1500     2.7000     1700.0000  % 
UB: 2.6999999999999993
branching on CartesianIndex(1, 2) with a.
39     5      6          0.1500     2.7000     1700.0000  % 
UB: 2.6999999999999993
branching on 1 with b.
40     6      7          0.1500     2.7000     1700.0000  % 
LB close or above UB, fathomed
41     5      7          0.1500     2.7000     1700.0000  % 
UB: 2.6999999999999993
branching on CartesianIndex(1, 3) with a.
42     6      8          0.1500     2.7000     1700.0000  % 
UB: 2.6999999999999993
branching on 1 with b.
43     7      9          0.1500     2.7000     1700.0000  % 
UB: 2.6999999999999993
branching on CartesianIndex(1, 4) with c.
44     8      10         0.1500     2.7000     1700.0000  % 
LB close or above UB, fathomed
45     7      10         0.1500     2.7000     1700.0000  % 
LB close or above UB, fathomed
46     6      9          0.1500     2.7000     1700.0000  % 
LB close or above UB, fathomed
47     5      8          0.1500     2.7000     1700.0000  % 
UB: 2.6999999999999993
branching on 1 with b.
48     6      9          0.1500     2.7000     1700.0000  % 
UB: 2.6999999999999993
branching on CartesianIndex(1, 4) with c.
49     7      10         0.1500     2.7000     1700.0000  % 
LB close or above UB, fathomed
50     6      10         0.1500     2.7000     1700.0000  % 
LB close or above UB, fathomed
51     5      9          0.1500     2.7000     1700.0000  % 
LB close or above UB, fathomed
52     4      6          0.1500     2.7000     1700.0000  % 
UB: 2.6999999999999993
branching on CartesianIndex(1, 3) with a.
53     5      7          0.1500     2.7000     1700.0000  % 
LB close or above UB, fathomed
54     4      7          0.1500     2.7000     1700.0000  % 
LB close or above UB, fathomed
55     3      18         0.1500     2.7000     1700.0000  % 
UB: 2.6999999999999993
branching on CartesianIndex(2, 7) with c.
56     4      19         0.1500     2.7000     1700.0000  % 
UB: 2.6999999999999993
branching on 2 with b.
57     5      20         0.1500     2.7000     1700.0000  % 
LB close or above UB, fathomed
58     4      20         0.1500     2.7000     1700.0000  % 
UB: 2.6999999999999993
branching on 3 with b.
59     5      19         0.1500     2.7000     1700.0000  % 
LB close or above UB, fathomed
60     4      18         0.1500     2.7000     1700.0000  % 
LB close or above UB, fathomed
61     3      11         0.1500     2.7000     1700.0000  % 
LB close or above UB, fathomed
62     2      11         0.1500     2.7000     1700.0000  % 
LB close or above UB, fathomed
63     1      21         0.1500     2.7000     1700.0000  % 
UB: 2.6999999999999993
branching on 1 with b.
64     1      22         0.1500     2.7000     1700.0000  % 
UB: 2.6999999999999993
branching on 2 with b.
65     2      23         0.1500     2.7000     1700.0000  % 
LB close or above UB, fathomed
66     1      23         0.1500     2.7000     1700.0000  % 
LB close or above UB, fathomed
67     0      21         0.1500     2.7000     1700.0000  % 
LB close or above UB, fathomed
all node solved
solved nodes:  68
68                                                    2.7000e+00     2.7000e+00     0.0000  % 
2×3 Matrix{Float64}:
 0.0  0.0  1.0
 1.0  1.0  0.0
3-element Vector{Float64}:
 0.37948386136870454
 0.15709463467062595
 0.704211584505772
3×7 Matrix{Float64}:
 0.0  0.0  0.0  1.0  0.0  0.0  0.0
 0.0  0.0  0.0  0.0  1.0  1.0  0.0
 0.0  0.0  0.0  0.0  0.0  0.0  1.0
3-element Vector{Float64}:
 1.0
 1.0
 1.0
2×3 Matrix{Float64}:
 -0.0   0.0  1.0
  1.0  -0.0  0.0
3-element Vector{Float64}:
 0.3835752974109756
 0.0
 0.7191025509970443
3×7 Matrix{Float64}:
 0.0  0.0  0.0  0.0  1.0  0.0   0.0
 0.0  0.0  0.0  1.0  0.0  1.0  -0.0
 0.0  0.0  0.0  0.0  0.0  0.0   1.0
3-element Vector{Float64}:
 1.0
 0.0
 1.0
comparison (CRT and Glb)on prediction: Dict{Bool, Int64}(0 => 1, 1 => 3)
Dataname	 time	 objv	 lb	 gap	 train_w	 train_g	 test_w	 test_g
small_toy_935.small_toy	 56.59	 2.6999999999999993	 2.7	 0.0	 88.889	 88.889	 75.0	 50.0
