Running 2 processes.
Start training small_toy_703.small_toy with seed 1.
Any[]
(2, 13)
(2, 6)
(2, 3)
(2, 4)
dimension: 2, class: 3
cart cost: 2.7500000000000004
size of X: (2, 9)
ngroups: 2
UB: 2.7499999999999996
Iter	left	lev	LB	UB	gap	
0      0      1          0.0833     2.7500     3200.0000  % 
UB: 2.7499999999999996
branching on 1 with d.
1      1      2          0.0833     2.7500     3200.0000  % 
LB close or above UB, fathomed
2      0      2          0.0833     2.7500     3200.0000  % 
UB: 2.7499999999999996
branching on 2 with d.
3      1      3          0.0833     2.7500     3200.0000  % 
UB: 2.7499999999999996
branching on 3 with d.
4      2      4          0.0833     2.7500     3200.0000  % 
LB close or above UB, fathomed
5      1      4          0.0833     2.7500     3200.0000  % 
UB: 2.7499999999999996
branching on CartesianIndex(1, 1) with a.
6      2      3          0.0833     2.7500     3200.0000  % 
UB: 2.7499999999999996
branching on 3 with d.
7      3      4          0.1000     2.7500     2650.0000  % 
UB: 2.7499999999999996
branching on 1 with b.
8      4      5          0.1000     2.7500     2650.0000  % 
UB: 2.7499999999999996
branching on CartesianIndex(1, 1) with a.
9      5      5          0.1000     2.7500     2650.0000  % 
UB: 2.7499999999999996
branching on CartesianIndex(1, 1) with a.
10     6      6          0.1000     2.7500     2650.0000  % 
UB: 2.7499999999999996
branching on CartesianIndex(1, 2) with a.
11     7      6          0.1000     2.7500     2650.0000  % 
UB: 2.7499999999999996
branching on 1 with b.
12     8      4          0.1000     2.7500     2650.0000  % 
UB: 2.7499999999999996
branching on CartesianIndex(1, 1) with a.
13     9      5          0.1000     2.7500     2650.0000  % 
UB: 2.7499999999999996
branching on 1 with b.
14     10     6          0.1000     2.7500     2650.0000  % 
UB: 2.7499999999999996
branching on CartesianIndex(1, 3) with a.
15     11     7          0.1000     2.7500     2650.0000  % 
UB: 2.7499999999999996
branching on 1 with b.
16     12     7          0.1000     2.7500     2650.0000  % 
UB: 2.7499999999999996
branching on CartesianIndex(1, 5) with c.
17     13     8          0.1000     2.7500     2650.0000  % 
LB close or above UB, fathomed
18     12     8          0.1000     2.7500     2650.0000  % 
UB: 2.7499999999999996
branching on 1 with b.
19     13     6          0.1000     2.7500     2650.0000  % 
LB close or above UB, fathomed
20     12     5          0.1000     2.7500     2650.0000  % 
UB: 2.7499999999999996
branching on 1 with b.
21     13     9          0.1000     2.7500     2650.0000  % 
UB: 2.7499999999999996
branching on CartesianIndex(1, 6) with c.
22     14     9          0.1000     2.7500     2650.0000  % 
UB: 2.7499999999999996
branching on 3 with b.
23     15     10         0.1000     2.7500     2650.0000  % 
LB close or above UB, fathomed
24     14     10         0.1000     2.7500     2650.0000  % 
UB: 2.7499999999999996
branching on 1 with b.
25     15     11         0.1000     2.7500     2650.0000  % 
UB: 2.7499999999999996
branching on CartesianIndex(1, 6) with c.
26     16     11         0.1000     2.7500     2650.0000  % 
LB close or above UB, fathomed
27     15     7          0.1000     2.7500     2650.0000  % 
UB: 2.7499999999999996
branching on CartesianIndex(1, 2) with a.
28     16     7          0.1000     2.7500     2650.0000  % 
UB: 2.7499999999999996
branching on 2 with b.
29     17     5          0.1500     2.7500     1733.3333  % 
UB: 2.7499999999999996
branching on CartesianIndex(1, 2) with a.
30     18     6          0.1500     2.7500     1733.3333  % 
UB: 2.7499999999999996
branching on 1 with b.
31     19     7          0.1500     2.7500     1733.3333  % 
UB: 2.7499999999999996
branching on 1 with b.
32     20     8          0.1500     2.7500     1733.3333  % 
LB close or above UB, fathomed
33     19     8          0.1500     2.7500     1733.3333  % 
UB: 2.7499999999999996
branching on CartesianIndex(1, 3) with a.
34     20     9          0.1500     2.7500     1733.3333  % 
UB: 2.7499999999999996
branching on CartesianIndex(1, 4) with c.
35     21     10         0.1500     2.7500     1733.3333  % 
LB close or above UB, fathomed
36     20     10         0.1500     2.7500     1733.3333  % 
UB: 2.7499999999999996
branching on 2 with b.
37     21     11         0.1500     2.7500     1733.3333  % 
UB: 2.7499999999999996
branching on CartesianIndex(1, 5) with c.
38     22     12         0.1500     2.7500     1733.3333  % 
UB: 2.7499999999999996
branching on CartesianIndex(2, 5) with c.
39     23     13         0.1500     2.7500     1733.3333  % 
LB close or above UB, fathomed
40     22     13         0.1500     2.7500     1733.3333  % 
UB: 2.7499999999999996
branching on 3 with b.
41     23     14         0.1500     2.7500     1733.3333  % 
LB close or above UB, fathomed
42     22     14         0.1500     2.7500     1733.3333  % 
LB close or above UB, fathomed
43     21     12         0.1500     2.7500     1733.3333  % 
LB close or above UB, fathomed
44     20     11         0.1500     2.7500     1733.3333  % 
LB close or above UB, fathomed
45     19     9          0.1500     2.7500     1733.3333  % 
UB: 2.7499999999999996
branching on 2 with b.
46     20     10         0.1500     2.7500     1733.3333  % 
UB: 2.7499999999999996
branching on 3 with b.
47     21     11         0.1500     2.7500     1733.3333  % 
LB close or above UB, fathomed
48     20     11         0.1500     2.7500     1733.3333  % 
UB: 2.7499999999999996
branching on CartesianIndex(1, 4) with c.
49     21     12         0.1500     2.7500     1733.3333  % 
UB: 2.7499999999999996
branching on CartesianIndex(2, 4) with c.
50     22     12         0.1500     2.7500     1733.3333  % 
UB: 2.7499999999999996
branching on CartesianIndex(1, 5) with c.
51     23     13         0.1500     2.7500     1733.3333  % 
UB: 2.7499999999999996
branching on CartesianIndex(2, 5) with c.
52     24     13         0.1500     2.7500     1733.3333  % 
UB: 2.7499999999999996
branching on CartesianIndex(1, 6) with c.
53     25     14         0.1500     2.7500     1733.3333  % 
UB: 2.7499999999999996
branching on CartesianIndex(2, 6) with c.
54     26     15         0.1500     2.7500     1733.3333  % 
LB close or above UB, fathomed
55     25     15         0.1500     2.7500     1733.3333  % 
UB: 2.7499999999999996
branching on CartesianIndex(1, 7) with c.
56     26     16         0.1500     2.7500     1733.3333  % 
UB: 2.7499999999999996
branching on CartesianIndex(2, 7) with c.
57     27     17         0.1500     2.7500     1733.3333  % 
UB: 2.7499999999999996
branching on 1 with b.
58     28     18         0.1500     2.7500     1733.3333  % 
LB close or above UB, fathomed
59     27     18         0.1500     2.7500     1733.3333  % 
LB close or above UB, fathomed
60     26     17         0.1500     2.7500     1733.3333  % 
LB close or above UB, fathomed
61     25     16         0.1500     2.7500     1733.3333  % 
LB close or above UB, fathomed
62     24     14         0.1500     2.7500     1733.3333  % 
LB close or above UB, fathomed
63     23     10         0.1500     2.7500     1733.3333  % 
UB: 2.7499999999999996
branching on 3 with b.
64     24     7          0.1500     2.7500     1733.3333  % 
LB close or above UB, fathomed
65     23     6          0.1500     2.7500     1733.3333  % 
UB: 2.7499999999999996
branching on CartesianIndex(1, 3) with a.
66     24     7          0.1500     2.7500     1733.3333  % 
UB: 2.7499999999999996
branching on 1 with b.
67     25     8          0.1500     2.7500     1733.3333  % 
UB: 2.7499999999999996
branching on CartesianIndex(1, 4) with c.
68     26     9          0.1500     2.7500     1733.3333  % 
UB: 2.7499999999999996
branching on 1 with b.
69     27     10         0.1500     2.7500     1733.3333  % 
LB close or above UB, fathomed
70     26     10         0.1500     2.7500     1733.3333  % 
LB close or above UB, fathomed
71     25     9          0.1500     2.7500     1733.3333  % 
UB: 2.7499999999999996
branching on CartesianIndex(1, 5) with c.
72     26     10         0.1500     2.7500     1733.3333  % 
UB: 2.7499999999999996
branching on 1 with b.
73     27     11         0.1500     2.7500     1733.3333  % 
LB close or above UB, fathomed
74     26     11         0.1500     2.7500     1733.3333  % 
UB: 2.7499999999999996
branching on 2 with b.
75     27     12         0.1500     2.7500     1733.3333  % 
LB close or above UB, fathomed
76     26     12         0.1500     2.7500     1733.3333  % 
UB: 2.7499999999999996
branching on CartesianIndex(2, 5) with c.
77     27     13         0.1500     2.7500     1733.3333  % 
LB close or above UB, fathomed
78     26     13         0.1500     2.7500     1733.3333  % 
UB: 2.7499999999999996
branching on 3 with b.
79     27     14         0.1500     2.7500     1733.3333  % 
LB close or above UB, fathomed
80     26     14         0.1500     2.7500     1733.3333  % 
LB close or above UB, fathomed
81     25     10         0.1500     2.7500     1733.3333  % 
LB close or above UB, fathomed
82     24     8          0.1500     2.7500     1733.3333  % 
LB close or above UB, fathomed
83     23     7          0.1500     2.7500     1733.3333  % 
UB: 2.7499999999999996
branching on CartesianIndex(1, 4) with c.
84     24     8          0.1500     2.7500     1733.3333  % 
UB: 2.7499999999999996
branching on CartesianIndex(2, 4) with c.
85     25     9          0.1500     2.7500     1733.3333  % 
UB: 2.7499999999999996
branching on 1 with b.
86     26     10         0.1500     2.7500     1733.3333  % 
UB: 2.7499999999999996
branching on 1 with b.
87     27     11         0.1500     2.7500     1733.3333  % 
LB close or above UB, fathomed
88     26     11         0.1500     2.7500     1733.3333  % 
UB: 2.7499999999999996
branching on 2 with b.
89     27     10         0.1500     2.7500     1733.3333  % 
LB close or above UB, fathomed
90     26     9          0.1500     2.7500     1733.3333  % 
UB: 2.7499999999999996
branching on CartesianIndex(1, 5) with c.
91     27     10         0.1500     2.7500     1733.3333  % 
LB close or above UB, fathomed
92     26     10         0.1500     2.7500     1733.3333  % 
UB: 2.7499999999999996
branching on CartesianIndex(1, 6) with c.
93     27     11         0.1500     2.7500     1733.3333  % 
UB: 2.7499999999999996
branching on CartesianIndex(2, 6) with c.
94     28     12         0.1500     2.7500     1733.3333  % 
LB close or above UB, fathomed
95     27     12         0.1500     2.7500     1733.3333  % 
UB: 2.7499999999999996
branching on 1 with b.
96     28     13         0.1500     2.7500     1733.3333  % 
UB: 2.7499999999999996
branching on 1 with b.
97     29     14         0.1500     2.7500     1733.3333  % 
LB close or above UB, fathomed
98     28     14         0.1500     2.7500     1733.3333  % 
UB: 2.7499999999999996
branching on CartesianIndex(1, 7) with c.
99     29     15         0.1500     2.7500     1733.3333  % 
UB: 2.7499999999999996
branching on CartesianIndex(2, 7) with c.
100    30     16         0.1500     2.7500     1733.3333  % 
UB: 2.7499999999999996
branching on 2 with b.
101    31     17         0.1500     2.7500     1733.3333  % 
UB: 2.7499999999999996
branching on 3 with b.
102    32     18         0.1500     2.7500     1733.3333  % 
LB close or above UB, fathomed
103    31     18         0.1500     2.7500     1733.3333  % 
UB: 2.7499999999999996
branching on 1 with b.
104    32     19         0.1500     2.7500     1733.3333  % 
LB close or above UB, fathomed
105    31     19         0.1500     2.7500     1733.3333  % 
LB close or above UB, fathomed
106    30     17         0.1500     2.7500     1733.3333  % 
LB close or above UB, fathomed
107    29     16         0.1500     2.7500     1733.3333  % 
LB close or above UB, fathomed
108    28     15         0.1500     2.7500     1733.3333  % 
LB close or above UB, fathomed
109    27     13         0.1500     2.7500     1733.3333  % 
LB close or above UB, fathomed
110    26     11         0.1500     2.7500     1733.3333  % 
LB close or above UB, fathomed
111    25     8          0.1500     2.7500     1733.3333  % 
UB: 2.7499999999999996
branching on 1 with b.
112    26     9          0.1500     2.7500     1733.3333  % 
UB: 2.7499999999999996
branching on 1 with b.
113    27     10         0.1500     2.7500     1733.3333  % 
LB close or above UB, fathomed
114    26     10         0.1500     2.7500     1733.3333  % 
UB: 2.7499999999999996
branching on 2 with b.
115    27     11         0.1500     2.7500     1733.3333  % 
UB: 2.7499999999999996
branching on 3 with b.
116    28     11         0.1500     2.7500     1733.3333  % 
UB: 2.7499999999999996
branching on 3 with b.
117    29     12         0.1500     2.7500     1733.3333  % 
LB close or above UB, fathomed
118    28     12         0.1500     2.7500     1733.3333  % 
UB: 2.7499999999999996
branching on CartesianIndex(1, 5) with c.
119    29     13         0.1500     2.7500     1733.3333  % 
UB: 2.7499999999999996
branching on CartesianIndex(2, 5) with c.
120    30     14         0.1500     2.7500     1733.3333  % 
UB: 2.7499999999999996
branching on CartesianIndex(1, 6) with c.
121    31     14         0.1500     2.7500     1733.3333  % 
UB: 2.7499999999999996
branching on CartesianIndex(1, 6) with c.
122    32     15         0.1500     2.7500     1733.3333  % 
UB: 2.7499999999999996
branching on CartesianIndex(2, 6) with c.
123    33     16         0.1500     2.7500     1733.3333  % 
LB close or above UB, fathomed
124    32     16         0.1500     2.7500     1733.3333  % 
UB: 2.7499999999999996
branching on CartesianIndex(1, 7) with c.
125    33     17         0.1500     2.7500     1733.3333  % 
UB: 2.7499999999999996
branching on CartesianIndex(2, 7) with c.
126    34     18         0.1500     2.7500     1733.3333  % 
UB: 2.7499999999999996
branching on 1 with b.
127    35     19         0.1500     2.7500     1733.3333  % 
LB close or above UB, fathomed
128    34     19         0.1500     2.7500     1733.3333  % 
LB close or above UB, fathomed
129    33     18         0.1500     2.7500     1733.3333  % 
LB close or above UB, fathomed
130    32     17         0.1500     2.7500     1733.3333  % 
LB close or above UB, fathomed
131    31     15         0.1500     2.7500     1733.3333  % 
LB close or above UB, fathomed
132    30     13         0.1500     2.7500     1733.3333  % 
UB: 2.7499999999999996
branching on CartesianIndex(1, 6) with c.
133    31     9          0.1500     2.7500     1733.3333  % 
LB close or above UB, fathomed
134    30     5          0.1500     2.7500     1733.3333  % 
UB: 2.7499999999999996
branching on CartesianIndex(1, 2) with a.
135    31     6          0.1500     2.7500     1733.3333  % 
UB: 2.7499999999999996
branching on 1 with b.
136    32     7          0.1500     2.7500     1733.3333  % 
LB close or above UB, fathomed
137    31     7          0.1500     2.7500     1733.3333  % 
UB: 2.7499999999999996
branching on 1 with b.
138    32     8          0.1500     2.7500     1733.3333  % 
UB: 2.7499999999999996
branching on 2 with b.
139    33     9          0.1500     2.7500     1733.3333  % 
UB: 2.7499999999999996
branching on CartesianIndex(1, 3) with a.
140    34     10         0.1500     2.7500     1733.3333  % 
UB: 2.7499999999999996
branching on 3 with b.
141    35     11         0.1500     2.7500     1733.3333  % 
LB close or above UB, fathomed
142    34     11         0.1500     2.7500     1733.3333  % 
LB close or above UB, fathomed
143    33     10         0.1500     2.7500     1733.3333  % 
UB: 2.7499999999999996
branching on 3 with b.
144    34     9          0.1500     2.7500     1733.3333  % 
UB: 2.7499999999999996
branching on 3 with b.
145    35     8          0.1500     2.7500     1733.3333  % 
LB close or above UB, fathomed
146    34     6          0.1500     2.7500     1733.3333  % 
LB close or above UB, fathomed
147    33     14         0.1500     2.7500     1733.3333  % 
UB: 2.7499999999999996
branching on CartesianIndex(2, 6) with c.
148    34     15         0.1500     2.7500     1733.3333  % 
LB close or above UB, fathomed
149    33     15         0.1500     2.7500     1733.3333  % 
UB: 2.7499999999999996
branching on CartesianIndex(1, 7) with c.
150    34     16         0.1500     2.7500     1733.3333  % 
UB: 2.7499999999999996
branching on CartesianIndex(2, 7) with c.
151    35     17         0.1500     2.7500     1733.3333  % 
UB: 2.7499999999999996
branching on 1 with b.
152    36     18         0.1500     2.7500     1733.3333  % 
LB close or above UB, fathomed
153    35     18         0.1500     2.7500     1733.3333  % 
LB close or above UB, fathomed
154    34     17         0.1500     2.7500     1733.3333  % 
LB close or above UB, fathomed
155    33     16         0.1500     2.7500     1733.3333  % 
LB close or above UB, fathomed
156    32     14         0.1500     2.7500     1733.3333  % 
LB close or above UB, fathomed
157    31     15         0.1500     2.7500     1733.3333  % 
UB: 2.7499999999999996
branching on CartesianIndex(2, 6) with c.
158    32     16         0.1500     2.7500     1733.3333  % 
LB close or above UB, fathomed
159    31     16         0.1500     2.7500     1733.3333  % 
UB: 2.7499999999999996
branching on CartesianIndex(1, 7) with c.
160    32     17         0.1500     2.7500     1733.3333  % 
UB: 2.7499999999999996
branching on CartesianIndex(2, 7) with c.
161    33     18         0.1500     2.7500     1733.3333  % 
UB: 2.7499999999999996
branching on 1 with b.
162    34     19         0.1500     2.7500     1733.3333  % 
LB close or above UB, fathomed
163    33     19         0.1500     2.7500     1733.3333  % 
LB close or above UB, fathomed
164    32     18         0.1500     2.7500     1733.3333  % 
LB close or above UB, fathomed
165    31     17         0.1500     2.7500     1733.3333  % 
LB close or above UB, fathomed
166    30     15         0.1500     2.7500     1733.3333  % 
LB close or above UB, fathomed
167    29     12         0.1500     2.7500     1733.3333  % 
LB close or above UB, fathomed
168    28     12         0.1500     2.7500     1733.3333  % 
UB: 2.7499999999999996
branching on CartesianIndex(1, 5) with c.
169    29     13         0.1500     2.7500     1733.3333  % 
LB close or above UB, fathomed
170    28     13         0.1500     2.7500     1733.3333  % 
UB: 2.7499999999999996
branching on CartesianIndex(1, 6) with c.
171    29     14         0.1500     2.7500     1733.3333  % 
UB: 2.7499999999999996
branching on CartesianIndex(2, 6) with c.
172    30     15         0.1500     2.7500     1733.3333  % 
LB close or above UB, fathomed
173    29     15         0.1500     2.7500     1733.3333  % 
UB: 2.7499999999999996
branching on CartesianIndex(1, 7) with c.
174    30     16         0.1500     2.7500     1733.3333  % 
UB: 2.7499999999999996
branching on CartesianIndex(2, 7) with c.
175    31     17         0.1500     2.7500     1733.3333  % 
UB: 2.7499999999999996
branching on 1 with b.
176    32     18         0.1500     2.7500     1733.3333  % 
LB close or above UB, fathomed
177    31     18         0.1500     2.7500     1733.3333  % 
LB close or above UB, fathomed
178    30     17         0.1500     2.7500     1733.3333  % 
LB close or above UB, fathomed
179    29     16         0.1500     2.7500     1733.3333  % 
LB close or above UB, fathomed
180    28     14         0.1500     2.7500     1733.3333  % 
LB close or above UB, fathomed
181    27     14         0.1500     2.7500     1733.3333  % 
UB: 2.7499999999999996
branching on 1 with b.
182    28     15         0.1500     2.7500     1733.3333  % 
LB close or above UB, fathomed
183    27     15         0.1500     2.7500     1733.3333  % 
LB close or above UB, fathomed
184    26     14         0.1500     2.7500     1733.3333  % 
UB: 2.7499999999999996
branching on CartesianIndex(1, 6) with c.
185    27     15         0.1500     2.7500     1733.3333  % 
UB: 2.7499999999999996
branching on CartesianIndex(2, 6) with c.
186    28     16         0.1500     2.7500     1733.3333  % 
LB close or above UB, fathomed
187    27     16         0.1500     2.7500     1733.3333  % 
UB: 2.7499999999999996
branching on CartesianIndex(1, 7) with c.
188    28     17         0.1500     2.7500     1733.3333  % 
UB: 2.7499999999999996
branching on CartesianIndex(2, 7) with c.
189    29     18         0.1500     2.7500     1733.3333  % 
UB: 2.7499999999999996
branching on 1 with b.
190    30     19         0.1500     2.7500     1733.3333  % 
LB close or above UB, fathomed
191    29     19         0.1500     2.7500     1733.3333  % 
LB close or above UB, fathomed
192    28     18         0.1500     2.7500     1733.3333  % 
LB close or above UB, fathomed
193    27     17         0.1500     2.7500     1733.3333  % 
LB close or above UB, fathomed
194    26     15         0.1500     2.7500     1733.3333  % 
LB close or above UB, fathomed
195    25     10         0.1500     2.7500     1733.3333  % 
LB close or above UB, fathomed
196    24     10         0.1500     2.7500     1733.3333  % 
UB: 2.7499999999999996
branching on CartesianIndex(1, 3) with a.
197    25     11         0.1500     2.7500     1733.3333  % 
LB close or above UB, fathomed
198    24     11         0.1500     2.7500     1733.3333  % 
UB: 2.7499999999999996
branching on 1 with b.
199    24     12         0.1500     2.7500     1733.3333  % 
UB: 2.7499999999999996
branching on CartesianIndex(1, 4) with c.
200    25     13         0.1500     2.7500     1733.3333  % 
LB close or above UB, fathomed
201    24     13         0.1500     2.7500     1733.3333  % 
UB: 2.7499999999999996
branching on CartesianIndex(1, 5) with c.
202    25     14         0.1500     2.7500     1733.3333  % 
UB: 2.7499999999999996
branching on 2 with b.
203    26     15         0.1500     2.7500     1733.3333  % 
UB: 2.7499999999999996
branching on CartesianIndex(2, 5) with c.
204    27     16         0.1500     2.7500     1733.3333  % 
LB close or above UB, fathomed
205    26     16         0.1500     2.7500     1733.3333  % 
UB: 2.7499999999999996
branching on CartesianIndex(1, 6) with c.
206    27     17         0.1500     2.7500     1733.3333  % 
UB: 2.7499999999999996
branching on CartesianIndex(2, 6) with c.
207    28     18         0.1500     2.7500     1733.3333  % 
LB close or above UB, fathomed
208    27     18         0.1500     2.7500     1733.3333  % 
UB: 2.7499999999999996
branching on CartesianIndex(1, 7) with c.
209    28     19         0.1500     2.7500     1733.3333  % 
UB: 2.7499999999999996
branching on CartesianIndex(2, 7) with c.
210    29     20         0.1500     2.7500     1733.3333  % 
UB: 2.7499999999999996
branching on 3 with b.
211    30     21         0.1500     2.7500     1733.3333  % 
LB close or above UB, fathomed
212    29     21         0.1500     2.7500     1733.3333  % 
LB close or above UB, fathomed
213    28     20         0.1500     2.7500     1733.3333  % 
LB close or above UB, fathomed
214    27     19         0.1500     2.7500     1733.3333  % 
LB close or above UB, fathomed
215    26     17         0.1500     2.7500     1733.3333  % 
LB close or above UB, fathomed
216    25     15         0.1500     2.7500     1733.3333  % 
LB close or above UB, fathomed
217    24     14         0.1500     2.7500     1733.3333  % 
LB close or above UB, fathomed
218    23     11         0.1500     2.7500     1733.3333  % 
LB close or above UB, fathomed
219    22     11         0.1500     2.7500     1733.3333  % 
UB: 2.7499999999999996
branching on CartesianIndex(1, 4) with c.
220    23     12         0.1500     2.7500     1733.3333  % 
LB close or above UB, fathomed
221    22     12         0.1500     2.7500     1733.3333  % 
UB: 2.7499999999999996
branching on CartesianIndex(1, 5) with c.
222    23     13         0.1500     2.7500     1733.3333  % 
UB: 2.7499999999999996
branching on CartesianIndex(2, 5) with c.
223    24     14         0.1500     2.7500     1733.3333  % 
LB close or above UB, fathomed
224    23     14         0.1500     2.7500     1733.3333  % 
UB: 2.7499999999999996
branching on CartesianIndex(1, 6) with c.
225    24     15         0.1500     2.7500     1733.3333  % 
UB: 2.7499999999999996
branching on CartesianIndex(2, 6) with c.
226    25     16         0.1500     2.7500     1733.3333  % 
LB close or above UB, fathomed
227    24     16         0.1500     2.7500     1733.3333  % 
UB: 2.7499999999999996
branching on CartesianIndex(1, 7) with c.
228    25     17         0.1500     2.7500     1733.3333  % 
UB: 2.7499999999999996
branching on CartesianIndex(2, 7) with c.
229    26     18         0.1500     2.7500     1733.3333  % 
UB: 2.7499999999999996
branching on 1 with b.
230    26     19         0.1500     2.7500     1733.3333  % 
UB: 2.7499999999999996
branching on 2 with b.
231    27     20         0.1500     2.7500     1733.3333  % 
LB close or above UB, fathomed
232    26     20         0.1500     2.7500     1733.3333  % 
UB: 2.7499999999999996
branching on 3 with b.
233    27     21         0.1500     2.7500     1733.3333  % 
LB close or above UB, fathomed
234    26     21         0.1500     2.7500     1733.3333  % 
LB close or above UB, fathomed
235    25     18         0.1500     2.7500     1733.3333  % 
LB close or above UB, fathomed
236    24     17         0.1500     2.7500     1733.3333  % 
LB close or above UB, fathomed
237    23     15         0.1500     2.7500     1733.3333  % 
LB close or above UB, fathomed
238    22     13         0.1500     2.7500     1733.3333  % 
LB close or above UB, fathomed
239    21     12         0.1500     2.7500     1733.3333  % 
UB: 2.7499999999999996
branching on 3 with b.
240    22     13         0.1500     2.7500     1733.3333  % 
LB close or above UB, fathomed
241    21     13         0.1500     2.7500     1733.3333  % 
UB: 2.7499999999999996
branching on CartesianIndex(1, 5) with c.
242    22     14         0.1500     2.7500     1733.3333  % 
LB close or above UB, fathomed
243    21     14         0.1500     2.7500     1733.3333  % 
UB: 2.7499999999999996
branching on CartesianIndex(1, 6) with c.
244    22     15         0.1500     2.7500     1733.3333  % 
UB: 2.7499999999999996
branching on CartesianIndex(2, 6) with c.
245    23     16         0.1500     2.7500     1733.3333  % 
LB close or above UB, fathomed
246    22     16         0.1500     2.7500     1733.3333  % 
UB: 2.7499999999999996
branching on 1 with b.
247    23     17         0.1500     2.7500     1733.3333  % 
LB close or above UB, fathomed
248    22     17         0.1500     2.7500     1733.3333  % 
LB close or above UB, fathomed
249    21     15         0.1500     2.7500     1733.3333  % 
LB close or above UB, fathomed
250    20     12         0.1500     2.7500     1733.3333  % 
LB close or above UB, fathomed
251    19     11         0.1500     2.7500     1733.3333  % 
LB close or above UB, fathomed
252    18     11         0.1500     2.7500     1733.3333  % 
UB: 2.7499999999999996
branching on CartesianIndex(1, 4) with c.
253    19     12         0.1500     2.7500     1733.3333  % 
LB close or above UB, fathomed
254    18     12         0.1500     2.7500     1733.3333  % 
UB: 2.7499999999999996
branching on CartesianIndex(1, 5) with c.
255    19     13         0.1500     2.7500     1733.3333  % 
UB: 2.7499999999999996
branching on CartesianIndex(2, 5) with c.
256    20     14         0.1500     2.7500     1733.3333  % 
UB: 2.7499999999999996
branching on CartesianIndex(1, 6) with c.
257    21     15         0.1500     2.7500     1733.3333  % 
UB: 2.7499999999999996
branching on 1 with b.
258    22     16         0.1500     2.7500     1733.3333  % 
LB close or above UB, fathomed
259    21     16         0.1500     2.7500     1733.3333  % 
LB close or above UB, fathomed
260    20     15         0.1500     2.7500     1733.3333  % 
LB close or above UB, fathomed
261    19     14         0.1500     2.7500     1733.3333  % 
UB: 2.7499999999999996
branching on CartesianIndex(1, 6) with c.
262    20     15         0.1500     2.7500     1733.3333  % 
UB: 2.7499999999999996
branching on 1 with b.
263    21     16         0.1500     2.7500     1733.3333  % 
LB close or above UB, fathomed
264    20     16         0.1500     2.7500     1733.3333  % 
LB close or above UB, fathomed
265    19     15         0.1500     2.7500     1733.3333  % 
LB close or above UB, fathomed
266    18     13         0.1500     2.7500     1733.3333  % 
UB: 2.7499999999999996
branching on CartesianIndex(1, 6) with c.
267    19     14         0.1500     2.7500     1733.3333  % 
UB: 2.7499999999999996
branching on CartesianIndex(2, 6) with c.
268    20     15         0.1500     2.7500     1733.3333  % 
LB close or above UB, fathomed
269    19     15         0.1500     2.7500     1733.3333  % 
UB: 2.7499999999999996
branching on CartesianIndex(1, 7) with c.
270    20     16         0.1500     2.7500     1733.3333  % 
UB: 2.7499999999999996
branching on CartesianIndex(2, 7) with c.
271    21     17         0.1500     2.7500     1733.3333  % 
UB: 2.7499999999999996
branching on 1 with b.
272    22     18         0.1500     2.7500     1733.3333  % 
LB close or above UB, fathomed
273    21     18         0.1500     2.7500     1733.3333  % 
LB close or above UB, fathomed
274    20     17         0.1500     2.7500     1733.3333  % 
LB close or above UB, fathomed
275    19     16         0.1500     2.7500     1733.3333  % 
LB close or above UB, fathomed
276    18     14         0.1500     2.7500     1733.3333  % 
LB close or above UB, fathomed
277    17     13         0.1500     2.7500     1733.3333  % 
UB: 2.7499999999999996
branching on CartesianIndex(1, 5) with c.
278    18     14         0.1500     2.7500     1733.3333  % 
LB close or above UB, fathomed
279    17     14         0.1500     2.7500     1733.3333  % 
UB: 2.7499999999999996
branching on CartesianIndex(1, 6) with c.
280    18     15         0.1500     2.7500     1733.3333  % 
UB: 2.7499999999999996
branching on CartesianIndex(2, 6) with c.
281    19     16         0.1500     2.7500     1733.3333  % 
LB close or above UB, fathomed
282    18     16         0.1500     2.7500     1733.3333  % 
UB: 2.7499999999999996
branching on 1 with b.
283    19     17         0.1500     2.7500     1733.3333  % 
LB close or above UB, fathomed
284    18     17         0.1500     2.7500     1733.3333  % 
LB close or above UB, fathomed
285    17     15         0.1500     2.7500     1733.3333  % 
LB close or above UB, fathomed
286    16     13         0.1500     2.7500     1733.3333  % 
UB: 2.7499999999999996
branching on CartesianIndex(1, 5) with c.
287    17     14         0.1500     2.7500     1733.3333  % 
LB close or above UB, fathomed
288    16     14         0.1500     2.7500     1733.3333  % 
UB: 2.7499999999999996
branching on CartesianIndex(1, 6) with c.
289    17     15         0.1500     2.7500     1733.3333  % 
UB: 2.7499999999999996
branching on CartesianIndex(2, 6) with c.
290    18     16         0.1500     2.7500     1733.3333  % 
LB close or above UB, fathomed
291    17     16         0.1500     2.7500     1733.3333  % 
UB: 2.7499999999999996
branching on CartesianIndex(1, 7) with c.
292    18     17         0.1500     2.7500     1733.3333  % 
UB: 2.7499999999999996
branching on CartesianIndex(2, 7) with c.
293    19     18         0.1500     2.7500     1733.3333  % 
UB: 2.7499999999999996
branching on 1 with b.
294    20     19         0.1500     2.7500     1733.3333  % 
LB close or above UB, fathomed
295    19     19         0.1500     2.7500     1733.3333  % 
LB close or above UB, fathomed
296    18     18         0.1500     2.7500     1733.3333  % 
LB close or above UB, fathomed
297    17     17         0.1500     2.7500     1733.3333  % 
LB close or above UB, fathomed
298    16     15         0.1500     2.7500     1733.3333  % 
LB close or above UB, fathomed
299    15     12         2.6778     2.7500     2.6971     % 
UB: 2.7499999999999996
branching on CartesianIndex(2, 6) with c.
300    16     12         2.6778     2.7500     2.6971     % 
LB close or above UB, fathomed
301    15     8          2.7000     2.7500     1.8519     % 
UB: 2.7499999999999996
branching on CartesianIndex(1, 4) with c.
302    16     9          2.7000     2.7500     1.8519     % 
LB close or above UB, fathomed
303    15     9          2.7000     2.7500     1.8519     % 
UB: 2.7499999999999996
branching on 2 with b.
304    16     10         2.7000     2.7500     1.8519     % 
UB: 2.7499999999999996
branching on CartesianIndex(1, 5) with c.
305    17     11         2.7000     2.7500     1.8519     % 
UB: 2.7499999999999996
branching on CartesianIndex(2, 5) with c.
306    18     12         2.7000     2.7500     1.8519     % 
LB close or above UB, fathomed
307    17     12         2.7000     2.7500     1.8519     % 
UB: 2.7499999999999996
branching on 1 with b.
308    17     13         2.7000     2.7500     1.8519     % 
UB: 2.7499999999999996
branching on CartesianIndex(1, 7) with c.
309    18     14         2.7000     2.7500     1.8519     % 
UB: 2.7499999999999996
branching on CartesianIndex(2, 7) with c.
310    19     15         2.7000     2.7500     1.8519     % 
UB: 2.7499999999999996
branching on 2 with b.
311    20     15         2.7000     2.7500     1.8519     % 
LB close or above UB, fathomed
312    19     14         2.7000     2.7500     1.8519     % 
LB close or above UB, fathomed
313    18     11         2.7000     2.7500     1.8519     % 
LB close or above UB, fathomed
314    17     10         2.7000     2.7500     1.8519     % 
LB close or above UB, fathomed
315    16     8          2.7000     2.7500     1.8519     % 
LB close or above UB, fathomed
316    15     16         2.7000     2.7500     1.8519     % 
LB close or above UB, fathomed
317    14     16         2.7000     2.7500     1.8519     % 
UB: 2.7499999999999996
branching on 1 with b.
318    14     17         2.7000     2.7500     1.8519     % 
UB: 2.7499999999999996
branching on 2 with b.
319    15     18         2.7000     2.7500     1.8519     % 
LB close or above UB, fathomed
320    14     18         2.7000     2.7500     1.8519     % 
LB close or above UB, fathomed
321    13     13         2.7000     2.7500     1.8519     % 
LB close or above UB, fathomed
322    12     13         2.7000     2.7500     1.8519     % 
UB: 2.7499999999999996
branching on CartesianIndex(1, 7) with c.
323    13     14         2.7000     2.7500     1.8519     % 
UB: 2.7499999999999996
branching on 3 with b.
324    14     15         2.7000     2.7500     1.8519     % 
LB close or above UB, fathomed
325    13     15         2.7000     2.7500     1.8519     % 
LB close or above UB, fathomed
326    12     14         2.7000     2.7500     1.8519     % 
LB close or above UB, fathomed
327    11     8          2.7000     2.7500     1.8519     % 
UB: 2.7499999999999996
branching on CartesianIndex(1, 2) with a.
328    12     9          2.7000     2.7500     1.8519     % 
UB: 2.7499999999999996
branching on CartesianIndex(1, 4) with c.
329    13     10         2.7000     2.7500     1.8519     % 
LB close or above UB, fathomed
330    12     10         2.7000     2.7500     1.8519     % 
UB: 2.7499999999999996
branching on CartesianIndex(1, 5) with c.
331    13     11         2.7000     2.7500     1.8519     % 
UB: 2.7499999999999996
branching on CartesianIndex(2, 5) with c.
332    14     12         2.7000     2.7500     1.8519     % 
LB close or above UB, fathomed
333    13     12         2.7000     2.7500     1.8519     % 
UB: 2.7499999999999996
branching on CartesianIndex(1, 7) with c.
334    14     13         2.7000     2.7500     1.8519     % 
UB: 2.7499999999999996
branching on CartesianIndex(2, 7) with c.
335    15     14         2.7000     2.7500     1.8519     % 
UB: 2.7499999999999996
branching on 1 with b.
336    16     15         2.7000     2.7500     1.8519     % 
UB: 2.7499999999999996
branching on 2 with b.
337    17     16         2.7000     2.7500     1.8519     % 
LB close or above UB, fathomed
338    16     16         2.7000     2.7500     1.8519     % 
UB: 2.7499999999999996
branching on 1 with b.
339    16     17         2.7000     2.7500     1.8519     % 
UB: 2.7499999999999996
branching on 2 with b.
340    17     18         2.7000     2.7500     1.8519     % 
LB close or above UB, fathomed
341    16     18         2.7000     2.7500     1.8519     % 
LB close or above UB, fathomed
342    15     15         2.7000     2.7500     1.8519     % 
UB: 2.7499999999999996
branching on 2 with b.
343    16     16         2.7000     2.7500     1.8519     % 
LB close or above UB, fathomed
344    15     16         2.7000     2.7500     1.8519     % 
UB: 2.7499999999999996
branching on 1 with b.
345    15     17         2.7000     2.7500     1.8519     % 
UB: 2.7499999999999996
branching on 2 with b.
346    16     18         2.7000     2.7500     1.8519     % 
LB close or above UB, fathomed
347    15     18         2.7000     2.7500     1.8519     % 
LB close or above UB, fathomed
348    14     14         2.7000     2.7500     1.8519     % 
LB close or above UB, fathomed
349    13     13         2.7000     2.7500     1.8519     % 
LB close or above UB, fathomed
350    12     11         2.7000     2.7500     1.8519     % 
LB close or above UB, fathomed
351    11     9          2.7000     2.7500     1.8519     % 
LB close or above UB, fathomed
352    10     8          2.7000     2.7500     1.8519     % 
UB: 2.7499999999999996
branching on 1 with b.
353    11     9          2.7000     2.7500     1.8519     % 
UB: 2.7499999999999996
branching on 2 with b.
354    12     10         2.7000     2.7500     1.8519     % 
UB: 2.7499999999999996
branching on CartesianIndex(1, 2) with a.
355    13     11         2.7000     2.7500     1.8519     % 
LB close or above UB, fathomed
356    12     11         2.7000     2.7500     1.8519     % 
LB close or above UB, fathomed
357    11     10         2.7000     2.7500     1.8519     % 
LB close or above UB, fathomed
358    10     9          2.7000     2.7500     1.8519     % 
UB: 2.7499999999999996
branching on CartesianIndex(1, 2) with a.
359    11     10         2.7000     2.7500     1.8519     % 
LB close or above UB, fathomed
360    10     10         2.7000     2.7500     1.8519     % 
LB close or above UB, fathomed
361    9      10         2.7000     2.7500     1.8519     % 
UB: 2.7499999999999996
branching on 3 with b.
362    10     11         2.7000     2.7500     1.8519     % 
LB close or above UB, fathomed
363    9      11         2.7000     2.7500     1.8519     % 
UB: 2.7499999999999996
branching on CartesianIndex(2, 6) with c.
364    10     12         2.7000     2.7500     1.8519     % 
LB close or above UB, fathomed
365    9      12         2.7000     2.7500     1.8519     % 
UB: 2.7499999999999996
branching on CartesianIndex(1, 7) with c.
366    10     13         2.7000     2.7500     1.8519     % 
UB: 2.7499999999999996
branching on CartesianIndex(2, 7) with c.
367    11     14         2.7000     2.7500     1.8519     % 
UB: 2.7499999999999996
branching on 1 with b.
368    11     15         2.7000     2.7500     1.8519     % 
UB: 2.7499999999999996
branching on 3 with b.
369    12     16         2.7000     2.7500     1.8519     % 
LB close or above UB, fathomed
370    11     16         2.7000     2.7500     1.8519     % 
LB close or above UB, fathomed
371    10     14         2.7000     2.7500     1.8519     % 
LB close or above UB, fathomed
372    9      13         2.7000     2.7500     1.8519     % 
LB close or above UB, fathomed
373    8      10         2.7000     2.7500     1.8519     % 
LB close or above UB, fathomed
374    7      6          2.7000     2.7500     1.8519     % 
UB: 2.7499999999999996
branching on CartesianIndex(1, 3) with a.
375    8      7          2.7000     2.7500     1.8519     % 
UB: 2.7499999999999996
branching on 1 with b.
376    9      8          2.7000     2.7500     1.8519     % 
UB: 2.7499999999999996
branching on 3 with b.
377    10     9          2.7000     2.7500     1.8519     % 
LB close or above UB, fathomed
378    9      9          2.7000     2.7500     1.8519     % 
LB close or above UB, fathomed
379    8      8          2.7000     2.7500     1.8519     % 
UB: 2.7499999999999996
branching on 3 with b.
380    9      9          2.7000     2.7500     1.8519     % 
LB close or above UB, fathomed
381    8      9          2.7000     2.7500     1.8519     % 
LB close or above UB, fathomed
382    7      7          2.7000     2.7500     1.8519     % 
UB: 2.7499999999999996
branching on 1 with b.
383    8      8          2.7000     2.7500     1.8519     % 
UB: 2.7499999999999996
branching on 3 with b.
384    9      9          2.7000     2.7500     1.8519     % 
LB close or above UB, fathomed
385    8      9          2.7000     2.7500     1.8519     % 
UB: 2.7499999999999996
branching on CartesianIndex(1, 5) with c.
386    9      10         2.7000     2.7500     1.8519     % 
LB close or above UB, fathomed
387    8      10         2.7000     2.7500     1.8519     % 
UB: 2.7499999999999996
branching on CartesianIndex(1, 6) with c.
388    9      11         2.7000     2.7500     1.8519     % 
UB: 2.7499999999999996
branching on CartesianIndex(2, 6) with c.
389    10     12         2.7000     2.7500     1.8519     % 
LB close or above UB, fathomed
390    9      12         2.7000     2.7500     1.8519     % 
UB: 2.7499999999999996
branching on CartesianIndex(1, 7) with c.
391    10     13         2.7000     2.7500     1.8519     % 
UB: 2.7499999999999996
branching on 1 with b.
392    10     14         2.7000     2.7500     1.8519     % 
UB: 2.7499999999999996
branching on 3 with b.
393    11     15         2.7000     2.7500     1.8519     % 
LB close or above UB, fathomed
394    10     15         2.7000     2.7500     1.8519     % 
LB close or above UB, fathomed
395    9      13         2.7000     2.7500     1.8519     % 
LB close or above UB, fathomed
396    8      11         2.7000     2.7500     1.8519     % 
LB close or above UB, fathomed
397    7      8          2.7000     2.7500     1.8519     % 
UB: 2.7499999999999996
branching on 3 with b.
398    8      9          2.7000     2.7500     1.8519     % 
LB close or above UB, fathomed
399    7      9          2.7000     2.7500     1.8519     % 
UB: 2.7499999999999996
branching on CartesianIndex(1, 5) with c.
400    8      10         2.7000     2.7500     1.8519     % 
LB close or above UB, fathomed
401    7      10         2.7000     2.7500     1.8519     % 
UB: 2.7499999999999996
branching on 1 with b.
402    7      11         2.7000     2.7500     1.8519     % 
UB: 2.7499999999999996
branching on 3 with b.
403    8      12         2.7000     2.7500     1.8519     % 
LB close or above UB, fathomed
404    7      12         2.7000     2.7500     1.8519     % 
LB close or above UB, fathomed
405    6      6          2.7000     2.7500     1.8519     % 
UB: 2.7499999999999996
branching on 1 with b.
406    7      7          2.7000     2.7500     1.8519     % 
UB: 2.7499999999999996
branching on CartesianIndex(1, 3) with a.
407    8      8          2.7000     2.7500     1.8519     % 
LB close or above UB, fathomed
408    7      8          2.7000     2.7500     1.8519     % 
UB: 2.7499999999999996
branching on 3 with b.
409    8      9          2.7000     2.7500     1.8519     % 
LB close or above UB, fathomed
410    7      9          2.7000     2.7500     1.8519     % 
UB: 2.7499999999999996
branching on CartesianIndex(1, 5) with c.
411    8      10         2.7000     2.7500     1.8519     % 
LB close or above UB, fathomed
412    7      10         2.7000     2.7500     1.8519     % 
UB: 2.7499999999999996
branching on CartesianIndex(1, 6) with c.
413    8      11         2.7000     2.7500     1.8519     % 
UB: 2.7499999999999996
branching on CartesianIndex(2, 6) with c.
414    9      12         2.7000     2.7500     1.8519     % 
LB close or above UB, fathomed
415    8      12         2.7000     2.7500     1.8519     % 
UB: 2.7499999999999996
branching on CartesianIndex(1, 7) with c.
416    9      13         2.7000     2.7500     1.8519     % 
UB: 2.7499999999999996
branching on CartesianIndex(2, 7) with c.
417    10     14         2.7000     2.7500     1.8519     % 
UB: 2.7499999999999996
branching on 1 with b.
418    10     15         2.7000     2.7500     1.8519     % 
UB: 2.7499999999999996
branching on 3 with b.
419    11     16         2.7000     2.7500     1.8519     % 
LB close or above UB, fathomed
420    10     16         2.7000     2.7500     1.8519     % 
LB close or above UB, fathomed
421    9      14         2.7000     2.7500     1.8519     % 
LB close or above UB, fathomed
422    8      13         2.7000     2.7500     1.8519     % 
LB close or above UB, fathomed
423    7      11         2.7000     2.7500     1.8519     % 
LB close or above UB, fathomed
424    6      7          2.7000     2.7500     1.8519     % 
LB close or above UB, fathomed
425    5      8          2.7000     2.7500     1.8519     % 
UB: 2.7499999999999996
branching on CartesianIndex(1, 5) with c.
426    6      9          2.7000     2.7500     1.8519     % 
LB close or above UB, fathomed
427    5      9          2.7000     2.7500     1.8519     % 
UB: 2.7499999999999996
branching on CartesianIndex(1, 6) with c.
428    6      10         2.7000     2.7500     1.8519     % 
LB close or above UB, fathomed
429    5      10         2.7000     2.7500     1.8519     % 
LB close or above UB, fathomed
430    4      8          2.7000     2.7500     1.8519     % 
UB: 2.7499999999999996
branching on CartesianIndex(1, 5) with c.
431    5      9          2.7000     2.7500     1.8519     % 
LB close or above UB, fathomed
432    4      9          2.7000     2.7500     1.8519     % 
UB: 2.7499999999999996
branching on 3 with b.
433    5      10         2.7000     2.7500     1.8519     % 
LB close or above UB, fathomed
434    4      10         2.7000     2.7500     1.8519     % 
UB: 2.7499999999999996
branching on CartesianIndex(1, 6) with c.
435    5      11         2.7000     2.7500     1.8519     % 
UB: 2.7499999999999996
branching on 1 with b.
436    6      12         2.7000     2.7500     1.8519     % 
LB close or above UB, fathomed
437    5      12         2.7000     2.7500     1.8519     % 
LB close or above UB, fathomed
438    4      11         2.7000     2.7500     1.8519     % 
LB close or above UB, fathomed
439    3      7          2.7000     2.7500     1.8519     % 
UB: 2.7499999999999996
branching on CartesianIndex(1, 4) with c.
440    4      8          2.7000     2.7500     1.8519     % 
LB close or above UB, fathomed
441    3      8          2.7000     2.7500     1.8519     % 
UB: 2.7499999999999996
branching on 1 with b.
442    4      9          2.7000     2.7500     1.8519     % 
UB: 2.7499999999999996
branching on CartesianIndex(1, 5) with c.
443    5      10         2.7000     2.7500     1.8519     % 
UB: 2.7499999999999996
branching on 2 with b.
444    6      11         2.7000     2.7500     1.8519     % 
UB: 2.7499999999999996
branching on 1 with b.
445    7      12         2.7000     2.7500     1.8519     % 
LB close or above UB, fathomed
446    6      12         2.7000     2.7500     1.8519     % 
LB close or above UB, fathomed
447    5      11         2.7000     2.7500     1.8519     % 
LB close or above UB, fathomed
448    4      10         2.7000     2.7500     1.8519     % 
LB close or above UB, fathomed
449    3      9          2.7000     2.7500     1.8519     % 
LB close or above UB, fathomed
450    2      7          2.7000     2.7500     1.8519     % 
UB: 2.7499999999999996
branching on 1 with b.
451    3      8          2.7000     2.7500     1.8519     % 
UB: 2.7499999999999996
branching on 2 with b.
452    4      9          2.7000     2.7500     1.8519     % 
LB close or above UB, fathomed
453    3      9          2.7000     2.7500     1.8519     % 
LB close or above UB, fathomed
454    2      8          2.7000     2.7500     1.8519     % 
LB close or above UB, fathomed
455    1      6          2.7000     2.7500     1.8519     % 
LB close or above UB, fathomed
456    0      6          2.7000     2.7500     1.8519     % 
LB close or above UB, fathomed
all node solved
solved nodes:  457
457                                                   2.7333e+00     2.7500e+00     0.6098  % 
2×3 Matrix{Float64}:
 1.0  0.0  1.0
 0.0  1.0  0.0
3-element Vector{Float64}:
 0.7118342986164458
 0.49321560844286316
 0.8646047089810653
3×7 Matrix{Float64}:
 0.0  0.0  0.0  1.0  0.0  0.0  0.0
 0.0  0.0  0.0  0.0  1.0  1.0  0.0
 0.0  0.0  0.0  0.0  0.0  0.0  1.0
3-element Vector{Float64}:
 1.0
 1.0
 1.0
2×3 Matrix{Float64}:
 1.0  0.0  1.0
 0.0  1.0  0.0
3-element Vector{Float64}:
 0.7121883228761837
 0.4115206879184208
 0.7622711283875944
3×7 Matrix{Float64}:
 0.0  0.0  0.0  1.0  0.0  0.0  0.0
 0.0  0.0  0.0  0.0  1.0  1.0  0.0
 0.0  0.0  0.0  0.0  0.0  0.0  1.0
3-element Vector{Float64}:
 1.0
 1.0
 1.0
comparison (CRT and Glb)on prediction: Dict{Bool, Int64}(0 => 0, 1 => 4)
Dataname	 time	 objv	 lb	 gap	 train_w	 train_g	 test_w	 test_g
small_toy_703.small_toy	 58.29	 2.7499999999999996	 2.733	 0.0061	 88.889	 88.889	 50.0	 50.0
