Running 2 processes.
Start training small_toy_923.small_toy with seed 1.
Any[]
(2, 13)
(2, 6)
(2, 3)
(2, 4)
dimension: 2, class: 3
cart cost: 7.9
size of X: (2, 9)
ngroups: 2
UB: 2.75
Iter	left	lev	LB	UB	gap	
0      0      1          0.1000     2.7500     2650.0000  % 
UB: 2.75
branching on 1 with d.
1      1      2          0.1000     2.7500     2650.0000  % 
LB close or above UB, fathomed
2      0      2          0.1000     2.7500     2650.0000  % 
UB: 2.75
branching on 2 with d.
3      1      3          0.1000     2.7500     2650.0000  % 
UB: 2.75
branching on 3 with d.
4      2      4          0.1000     2.7500     2650.0000  % 
LB close or above UB, fathomed
5      1      4          0.1000     2.7500     2650.0000  % 
UB: 2.75
branching on CartesianIndex(1, 1) with a.
6      2      5          0.1000     2.7500     2650.0000  % 
UB: 2.75
branching on CartesianIndex(1, 3) with a.
7      3      6          0.1000     2.7500     2650.0000  % 
UB: 2.75
branching on 1 with b.
8      4      6          0.1000     2.7500     2650.0000  % 
UB: 2.75
branching on CartesianIndex(1, 5) with c.
9      5      7          0.1000     2.7500     2650.0000  % 
LB close or above UB, fathomed
10     4      7          0.1000     2.7500     2650.0000  % 
UB: 2.75
branching on CartesianIndex(1, 6) with c.
11     5      5          0.1000     2.7500     2650.0000  % 
UB: 2.75
branching on 1 with b.
12     6      3          0.1000     2.7500     2650.0000  % 
UB: 2.75
branching on 3 with d.
13     7      4          0.1000     2.7500     2650.0000  % 
UB: 2.75
branching on 1 with b.
14     8      5          0.1000     2.7500     2650.0000  % 
UB: 2.75
branching on CartesianIndex(1, 1) with a.
15     9      5          0.1000     2.7500     2650.0000  % 
UB: 2.75
branching on 1 with b.
16     10     6          0.1000     2.7500     2650.0000  % 
UB: 2.75
branching on CartesianIndex(1, 1) with a.
17     11     7          0.1000     2.7500     2650.0000  % 
LB close or above UB, fathomed
18     10     7          0.1000     2.7500     2650.0000  % 
UB: 2.75
branching on 2 with b.
19     11     8          0.1000     2.7500     2650.0000  % 
UB: 2.75
branching on CartesianIndex(1, 2) with a.
20     12     9          0.1000     2.7500     2650.0000  % 
UB: 2.75
branching on CartesianIndex(1, 4) with c.
21     13     10         0.1000     2.7500     2650.0000  % 
LB close or above UB, fathomed
22     12     10         0.1000     2.7500     2650.0000  % 
UB: 2.75
branching on CartesianIndex(1, 5) with c.
23     13     11         0.1000     2.7500     2650.0000  % 
UB: 2.75
branching on CartesianIndex(2, 5) with c.
24     14     12         0.1000     2.7500     2650.0000  % 
LB close or above UB, fathomed
25     13     12         0.1000     2.7500     2650.0000  % 
UB: 2.75
branching on CartesianIndex(1, 7) with c.
26     14     13         0.1000     2.7500     2650.0000  % 
UB: 2.75
branching on CartesianIndex(2, 7) with c.
27     15     14         0.1000     2.7500     2650.0000  % 
UB: 2.75
branching on 1 with b.
28     15     15         0.1000     2.7500     2650.0000  % 
UB: 2.75
branching on 2 with b.
29     16     16         0.1000     2.7500     2650.0000  % 
UB: 2.75
branching on 1 with b.
30     17     16         0.1000     2.7500     2650.0000  % 
UB: 2.75
branching on 1 with b.
31     18     17         0.1000     2.7500     2650.0000  % 
LB close or above UB, fathomed
32     17     17         0.1000     2.7500     2650.0000  % 
UB: 2.75
branching on 2 with b.
33     18     14         0.1000     2.7500     2650.0000  % 
LB close or above UB, fathomed
34     17     13         0.1000     2.7500     2650.0000  % 
LB close or above UB, fathomed
35     16     11         0.1000     2.7500     2650.0000  % 
LB close or above UB, fathomed
36     15     9          0.1000     2.7500     2650.0000  % 
UB: 2.75
branching on 1 with b.
37     15     8          0.1000     2.7500     2650.0000  % 
UB: 2.75
branching on CartesianIndex(1, 2) with a.
38     16     6          0.1000     2.7500     2650.0000  % 
UB: 2.75
branching on CartesianIndex(1, 1) with a.
39     17     4          0.1000     2.7500     2650.0000  % 
UB: 2.75
branching on 1 with b.
40     18     8          0.1000     2.7500     2650.0000  % 
UB: 2.75
branching on 1 with b.
41     19     9          0.1000     2.7500     2650.0000  % 
UB: 2.75
branching on CartesianIndex(2, 6) with c.
42     20     10         0.1000     2.7500     2650.0000  % 
LB close or above UB, fathomed
43     19     10         0.1000     2.7500     2650.0000  % 
UB: 2.75
branching on CartesianIndex(1, 7) with c.
44     20     11         0.1000     2.7500     2650.0000  % 
UB: 2.75
branching on CartesianIndex(2, 7) with c.
45     21     12         0.1000     2.7500     2650.0000  % 
UB: 2.75
branching on 1 with b.
46     22     13         0.1000     2.7500     2650.0000  % 
UB: 2.75
branching on 3 with b.
47     23     13         0.1000     2.7500     2650.0000  % 
UB: 2.75
branching on 3 with b.
48     24     14         0.1000     2.7500     2650.0000  % 
LB close or above UB, fathomed
49     23     14         0.1000     2.7500     2650.0000  % 
UB: 2.75
branching on 1 with b.
50     24     15         0.1000     2.7500     2650.0000  % 
UB: 2.75
branching on 3 with b.
51     25     16         0.1000     2.7500     2650.0000  % 
UB: 2.75
branching on 1 with b.
52     26     17         0.1000     2.7500     2650.0000  % 
UB: 2.75
branching on 3 with b.
53     26     17         0.1000     2.7500     2650.0000  % 
UB: 2.75
branching on 3 with b.
54     26     16         0.1000     2.7500     2650.0000  % 
UB: 2.75
branching on 1 with b.
55     27     15         0.1000     2.7500     2650.0000  % 
LB close or above UB, fathomed
56     26     12         0.1000     2.7500     2650.0000  % 
LB close or above UB, fathomed
57     25     11         0.1000     2.7500     2650.0000  % 
LB close or above UB, fathomed
58     24     9          0.1000     2.7500     2650.0000  % 
LB close or above UB, fathomed
59     23     8          0.1000     2.7500     2650.0000  % 
LB close or above UB, fathomed
60     22     5          0.1500     2.7500     1733.3333  % 
UB: 2.75
branching on 1 with b.
61     23     6          0.1500     2.7500     1733.3333  % 
UB: 2.75
branching on CartesianIndex(1, 1) with a.
62     24     7          0.1500     2.7500     1733.3333  % 
LB close or above UB, fathomed
63     23     7          0.1500     2.7500     1733.3333  % 
LB close or above UB, fathomed
64     22     6          0.1500     2.7500     1733.3333  % 
UB: 2.75
branching on CartesianIndex(1, 1) with a.
65     23     7          0.1500     2.7500     1733.3333  % 
UB: 2.75
branching on CartesianIndex(1, 2) with a.
66     24     8          0.1500     2.7500     1733.3333  % 
UB: 2.75
branching on 2 with b.
67     25     9          0.1500     2.7500     1733.3333  % 
UB: 2.75
branching on CartesianIndex(1, 3) with a.
68     26     10         0.1500     2.7500     1733.3333  % 
UB: 2.75
branching on 3 with b.
69     27     10         0.1500     2.7500     1733.3333  % 
UB: 2.75
branching on 3 with b.
70     28     11         0.1500     2.7500     1733.3333  % 
LB close or above UB, fathomed
71     27     11         0.1500     2.7500     1733.3333  % 
UB: 2.75
branching on CartesianIndex(1, 4) with c.
72     28     9          0.1500     2.7500     1733.3333  % 
UB: 2.75
branching on 3 with b.
73     29     8          0.1500     2.7500     1733.3333  % 
UB: 2.75
branching on CartesianIndex(1, 3) with a.
74     30     9          0.1500     2.7500     1733.3333  % 
UB: 2.75
branching on 2 with b.
75     31     9          0.1500     2.7500     1733.3333  % 
UB: 2.75
branching on CartesianIndex(1, 4) with c.
76     32     10         0.1500     2.7500     1733.3333  % 
UB: 2.75
branching on CartesianIndex(2, 4) with c.
77     33     10         0.1500     2.7500     1733.3333  % 
UB: 2.75
branching on 2 with b.
78     34     11         0.1500     2.7500     1733.3333  % 
UB: 2.75
branching on 3 with b.
79     35     11         0.1500     2.7500     1733.3333  % 
UB: 2.75
branching on CartesianIndex(1, 5) with c.
80     36     12         0.1500     2.7500     1733.3333  % 
UB: 2.75
branching on 3 with b.
81     37     13         0.1500     2.7500     1733.3333  % 
LB close or above UB, fathomed
82     36     13         0.1500     2.7500     1733.3333  % 
UB: 2.75
branching on CartesianIndex(2, 5) with c.
83     37     12         0.1500     2.7500     1733.3333  % 
UB: 2.75
branching on CartesianIndex(1, 6) with c.
84     38     13         0.1500     2.7500     1733.3333  % 
UB: 2.75
branching on CartesianIndex(2, 6) with c.
85     39     14         0.1500     2.7500     1733.3333  % 
LB close or above UB, fathomed
86     38     14         0.1500     2.7500     1733.3333  % 
UB: 2.75
branching on 3 with b.
87     39     15         0.1500     2.7500     1733.3333  % 
LB close or above UB, fathomed
88     38     15         0.1500     2.7500     1733.3333  % 
UB: 2.75
branching on 1 with b.
89     39     16         0.1500     2.7500     1733.3333  % 
UB: 2.75
branching on CartesianIndex(1, 7) with c.
90     40     17         0.1500     2.7500     1733.3333  % 
UB: 2.75
branching on CartesianIndex(2, 7) with c.
91     41     18         0.1500     2.7500     1733.3333  % 
UB: 2.75
branching on 2 with b.
92     42     19         0.1500     2.7500     1733.3333  % 
UB: 2.75
branching on 3 with b.
93     43     20         0.1500     2.7500     1733.3333  % 
UB: 2.75
branching on 1 with b.
94     44     21         0.1500     2.7500     1733.3333  % 
LB close or above UB, fathomed
95     43     21         0.1500     2.7500     1733.3333  % 
LB close or above UB, fathomed
96     42     20         0.1500     2.7500     1733.3333  % 
LB close or above UB, fathomed
97     41     19         0.1500     2.7500     1733.3333  % 
UB: 2.75
branching on 3 with b.
98     42     20         0.1500     2.7500     1733.3333  % 
UB: 2.75
branching on 1 with b.
99     43     21         0.1500     2.7500     1733.3333  % 
LB close or above UB, fathomed
100    42     21         0.1500     2.7500     1733.3333  % 
LB close or above UB, fathomed
101    41     20         0.1500     2.7500     1733.3333  % 
LB close or above UB, fathomed
102    40     18         0.1500     2.7500     1733.3333  % 
LB close or above UB, fathomed
103    39     17         0.1500     2.7500     1733.3333  % 
LB close or above UB, fathomed
104    38     16         0.1500     2.7500     1733.3333  % 
LB close or above UB, fathomed
105    37     13         0.1500     2.7500     1733.3333  % 
LB close or above UB, fathomed
106    36     7          0.1500     2.7500     1733.3333  % 
LB close or above UB, fathomed
107    35     5          0.1500     2.7500     1733.3333  % 
UB: 2.75
branching on CartesianIndex(1, 1) with a.
108    36     6          0.1500     2.7500     1733.3333  % 
LB close or above UB, fathomed
109    35     6          0.1500     2.7500     1733.3333  % 
UB: 2.75
branching on CartesianIndex(1, 2) with a.
110    36     7          0.1500     2.7500     1733.3333  % 
UB: 2.75
branching on CartesianIndex(1, 3) with a.
111    37     8          0.1500     2.7500     1733.3333  % 
UB: 2.75
branching on 1 with b.
112    38     9          0.1500     2.7500     1733.3333  % 
UB: 2.75
branching on 2 with b.
113    39     10         0.1500     2.7500     1733.3333  % 
UB: 2.75
branching on CartesianIndex(1, 4) with c.
114    40     11         0.1500     2.7500     1733.3333  % 
LB close or above UB, fathomed
115    39     11         0.1500     2.7500     1733.3333  % 
UB: 2.75
branching on 3 with b.
116    40     12         0.1500     2.7500     1733.3333  % 
UB: 2.75
branching on CartesianIndex(1, 5) with c.
117    41     13         0.1500     2.7500     1733.3333  % 
UB: 2.75
branching on CartesianIndex(2, 5) with c.
118    42     14         0.1500     2.7500     1733.3333  % 
LB close or above UB, fathomed
119    41     14         0.1500     2.7500     1733.3333  % 
UB: 2.75
branching on CartesianIndex(1, 6) with c.
120    42     15         0.1500     2.7500     1733.3333  % 
UB: 2.75
branching on CartesianIndex(2, 6) with c.
121    43     16         0.1500     2.7500     1733.3333  % 
UB: 2.75
branching on CartesianIndex(1, 7) with c.
122    44     17         0.1500     2.7500     1733.3333  % 
UB: 2.75
branching on CartesianIndex(2, 7) with c.
123    45     18         0.1500     2.7500     1733.3333  % 
UB: 2.75
branching on 1 with b.
124    45     19         0.1500     2.7500     1733.3333  % 
UB: 2.75
branching on 2 with b.
125    46     20         0.1500     2.7500     1733.3333  % 
LB close or above UB, fathomed
126    45     20         0.1500     2.7500     1733.3333  % 
UB: 2.75
branching on 3 with b.
127    46     21         0.1500     2.7500     1733.3333  % 
UB: 2.75
branching on 1 with b.
128    47     22         0.1500     2.7500     1733.3333  % 
LB close or above UB, fathomed
129    46     22         0.1500     2.7500     1733.3333  % 
LB close or above UB, fathomed
130    45     21         0.1500     2.7500     1733.3333  % 
UB: 2.75
branching on 1 with b.
131    46     22         0.1500     2.7500     1733.3333  % 
LB close or above UB, fathomed
132    45     22         0.1500     2.7500     1733.3333  % 
LB close or above UB, fathomed
133    44     18         0.1500     2.7500     1733.3333  % 
LB close or above UB, fathomed
134    43     17         0.1500     2.7500     1733.3333  % 
LB close or above UB, fathomed
135    42     16         0.1500     2.7500     1733.3333  % 
UB: 2.75
branching on 1 with b.
136    42     17         0.1500     2.7500     1733.3333  % 
UB: 2.75
branching on 2 with b.
137    43     18         0.1500     2.7500     1733.3333  % 
LB close or above UB, fathomed
138    42     18         0.1500     2.7500     1733.3333  % 
UB: 2.75
branching on 3 with b.
139    43     19         0.1500     2.7500     1733.3333  % 
UB: 2.75
branching on CartesianIndex(1, 7) with c.
140    44     20         0.1500     2.7500     1733.3333  % 
UB: 2.75
branching on CartesianIndex(2, 7) with c.
141    45     21         0.1500     2.7500     1733.3333  % 
UB: 2.75
branching on 1 with b.
142    46     22         0.1500     2.7500     1733.3333  % 
LB close or above UB, fathomed
143    45     22         0.1500     2.7500     1733.3333  % 
LB close or above UB, fathomed
144    44     21         0.1500     2.7500     1733.3333  % 
LB close or above UB, fathomed
145    43     20         0.1500     2.7500     1733.3333  % 
LB close or above UB, fathomed
146    42     19         0.1500     2.7500     1733.3333  % 
UB: 2.75
branching on CartesianIndex(1, 7) with c.
147    43     20         0.1500     2.7500     1733.3333  % 
UB: 2.75
branching on CartesianIndex(2, 7) with c.
148    44     21         0.1500     2.7500     1733.3333  % 
UB: 2.75
branching on 1 with b.
149    45     22         0.1500     2.7500     1733.3333  % 
LB close or above UB, fathomed
150    44     22         0.1500     2.7500     1733.3333  % 
LB close or above UB, fathomed
151    43     21         0.1500     2.7500     1733.3333  % 
LB close or above UB, fathomed
152    42     20         0.1500     2.7500     1733.3333  % 
LB close or above UB, fathomed
153    41     15         0.1500     2.7500     1733.3333  % 
UB: 2.75
branching on CartesianIndex(1, 7) with c.
154    42     16         0.1500     2.7500     1733.3333  % 
UB: 2.75
branching on 1 with b.
155    42     17         0.1500     2.7500     1733.3333  % 
UB: 2.75
branching on CartesianIndex(2, 7) with c.
156    43     18         0.1500     2.7500     1733.3333  % 
UB: 2.75
branching on 2 with b.
157    44     19         0.1500     2.7500     1733.3333  % 
LB close or above UB, fathomed
158    43     19         0.1500     2.7500     1733.3333  % 
UB: 2.75
branching on 3 with b.
159    44     18         0.1500     2.7500     1733.3333  % 
LB close or above UB, fathomed
160    43     16         0.1500     2.7500     1733.3333  % 
LB close or above UB, fathomed
161    42     13         0.1500     2.7500     1733.3333  % 
LB close or above UB, fathomed
162    41     12         0.1500     2.7500     1733.3333  % 
UB: 2.75
branching on 1 with b.
163    41     10         0.1500     2.7500     1733.3333  % 
LB close or above UB, fathomed
164    40     9          0.1500     2.7500     1733.3333  % 
LB close or above UB, fathomed
165    39     8          0.1500     2.7500     1733.3333  % 
UB: 2.75
branching on CartesianIndex(1, 4) with c.
166    40     9          0.1500     2.7500     1733.3333  % 
LB close or above UB, fathomed
167    39     9          0.1500     2.7500     1733.3333  % 
UB: 2.75
branching on 1 with b.
168    40     7          0.1500     2.7500     1733.3333  % 
LB close or above UB, fathomed
169    39     13         0.1500     2.7500     1733.3333  % 
UB: 2.75
branching on CartesianIndex(1, 5) with c.
170    40     14         0.1500     2.7500     1733.3333  % 
UB: 2.75
branching on CartesianIndex(2, 5) with c.
171    41     15         0.1500     2.7500     1733.3333  % 
LB close or above UB, fathomed
172    40     15         0.1500     2.7500     1733.3333  % 
UB: 2.75
branching on CartesianIndex(1, 6) with c.
173    41     16         0.1500     2.7500     1733.3333  % 
UB: 2.75
branching on CartesianIndex(2, 6) with c.
174    42     17         0.1500     2.7500     1733.3333  % 
UB: 2.75
branching on CartesianIndex(1, 7) with c.
175    43     18         0.1500     2.7500     1733.3333  % 
UB: 2.75
branching on CartesianIndex(2, 7) with c.
176    44     19         0.1500     2.7500     1733.3333  % 
UB: 2.75
branching on 2 with b.
177    45     20         0.1500     2.7500     1733.3333  % 
LB close or above UB, fathomed
178    44     20         0.1500     2.7500     1733.3333  % 
UB: 2.75
branching on 3 with b.
179    45     21         0.1500     2.7500     1733.3333  % 
UB: 2.75
branching on 1 with b.
180    46     22         0.1500     2.7500     1733.3333  % 
LB close or above UB, fathomed
181    45     22         0.1500     2.7500     1733.3333  % 
LB close or above UB, fathomed
182    44     21         0.1500     2.7500     1733.3333  % 
UB: 2.75
branching on 1 with b.
183    45     22         0.1500     2.7500     1733.3333  % 
LB close or above UB, fathomed
184    44     22         0.1500     2.7500     1733.3333  % 
LB close or above UB, fathomed
185    43     19         0.1500     2.7500     1733.3333  % 
LB close or above UB, fathomed
186    42     18         0.1500     2.7500     1733.3333  % 
LB close or above UB, fathomed
187    41     17         0.1500     2.7500     1733.3333  % 
LB close or above UB, fathomed
188    40     16         0.1500     2.7500     1733.3333  % 
LB close or above UB, fathomed
189    39     14         0.1500     2.7500     1733.3333  % 
LB close or above UB, fathomed
190    38     20         0.1500     2.7500     1733.3333  % 
UB: 2.75
branching on 1 with b.
191    39     21         0.1500     2.7500     1733.3333  % 
LB close or above UB, fathomed
192    38     21         0.1500     2.7500     1733.3333  % 
LB close or above UB, fathomed
193    37     20         0.1500     2.7500     1733.3333  % 
UB: 2.75
branching on 1 with b.
194    38     21         0.1500     2.7500     1733.3333  % 
LB close or above UB, fathomed
195    37     21         0.1500     2.7500     1733.3333  % 
LB close or above UB, fathomed
196    36     12         0.1500     2.7500     1733.3333  % 
LB close or above UB, fathomed
197    35     12         0.1500     2.7500     1733.3333  % 
UB: 2.75
branching on 1 with b.
198    36     14         0.1500     2.7500     1733.3333  % 
UB: 2.75
branching on 1 with b.
199    37     15         0.1500     2.7500     1733.3333  % 
UB: 2.75
branching on CartesianIndex(1, 6) with c.
200    38     16         0.1500     2.7500     1733.3333  % 
UB: 2.75
branching on CartesianIndex(2, 6) with c.
201    39     17         0.1500     2.7500     1733.3333  % 
LB close or above UB, fathomed
202    38     17         0.1500     2.7500     1733.3333  % 
UB: 2.75
branching on 2 with b.
203    39     18         0.1500     2.7500     1733.3333  % 
UB: 2.75
branching on CartesianIndex(1, 7) with c.
204    40     19         0.1500     2.7500     1733.3333  % 
UB: 2.75
branching on 3 with b.
205    41     20         0.1500     2.7500     1733.3333  % 
UB: 2.75
branching on CartesianIndex(2, 7) with c.
206    42     21         0.1500     2.7500     1733.3333  % 
UB: 2.75
branching on 1 with b.
207    43     22         0.1500     2.7500     1733.3333  % 
LB close or above UB, fathomed
208    42     22         0.1500     2.7500     1733.3333  % 
UB: 2.75
branching on 2 with b.
209    42     23         0.1500     2.7500     1733.3333  % 
UB: 2.75
branching on 3 with b.
210    42     24         0.1500     2.7500     1733.3333  % 
UB: 2.75
branching on 1 with b.
211    42     25         0.1500     2.7500     1733.3333  % 
UB: 2.75
branching on 2 with b.
212    43     26         0.1500     2.7500     1733.3333  % 
LB close or above UB, fathomed
213    42     26         0.1500     2.7500     1733.3333  % 
UB: 2.75
branching on 3 with b.
214    43     27         0.1500     2.7500     1733.3333  % 
LB close or above UB, fathomed
215    42     27         0.1500     2.7500     1733.3333  % 
LB close or above UB, fathomed
216    41     21         0.1500     2.7500     1733.3333  % 
LB close or above UB, fathomed
217    40     20         0.1500     2.7500     1733.3333  % 
LB close or above UB, fathomed
218    39     19         0.1500     2.7500     1733.3333  % 
LB close or above UB, fathomed
219    38     18         0.1500     2.7500     1733.3333  % 
UB: 2.75
branching on CartesianIndex(1, 7) with c.
220    39     19         0.1500     2.7500     1733.3333  % 
UB: 2.75
branching on CartesianIndex(2, 7) with c.
221    40     20         0.1500     2.7500     1733.3333  % 
UB: 2.75
branching on 3 with b.
222    41     21         0.1500     2.7500     1733.3333  % 
UB: 2.75
branching on 1 with b.
223    42     22         0.1500     2.7500     1733.3333  % 
LB close or above UB, fathomed
224    41     22         0.1500     2.7500     1733.3333  % 
UB: 2.75
branching on 2 with b.
225    41     23         0.1500     2.7500     1733.3333  % 
UB: 2.75
branching on 3 with b.
226    41     24         0.1500     2.7500     1733.3333  % 
UB: 2.75
branching on 1 with b.
227    41     25         0.1500     2.7500     1733.3333  % 
UB: 2.75
branching on 2 with b.
228    41     26         0.1500     2.7500     1733.3333  % 
UB: 2.75
branching on 3 with b.
229    42     27         0.1500     2.7500     1733.3333  % 
LB close or above UB, fathomed
230    41     27         0.1500     2.7500     1733.3333  % 
LB close or above UB, fathomed
231    40     21         0.1500     2.7500     1733.3333  % 
LB close or above UB, fathomed
232    39     20         0.1500     2.7500     1733.3333  % 
LB close or above UB, fathomed
233    38     19         0.1500     2.7500     1733.3333  % 
LB close or above UB, fathomed
234    37     16         0.1500     2.7500     1733.3333  % 
LB close or above UB, fathomed
235    36     15         0.1500     2.7500     1733.3333  % 
LB close or above UB, fathomed
236    35     14         0.1500     2.7500     1733.3333  % 
UB: 2.75
branching on 1 with b.
237    36     15         0.1500     2.7500     1733.3333  % 
UB: 2.75
branching on 2 with b.
238    37     16         0.1500     2.7500     1733.3333  % 
UB: 2.75
branching on CartesianIndex(1, 6) with c.
239    38     17         0.1500     2.7500     1733.3333  % 
UB: 2.75
branching on CartesianIndex(2, 6) with c.
240    39     18         0.1500     2.7500     1733.3333  % 
LB close or above UB, fathomed
241    38     18         0.1500     2.7500     1733.3333  % 
UB: 2.75
branching on CartesianIndex(1, 7) with c.
242    39     19         0.1500     2.7500     1733.3333  % 
UB: 2.75
branching on CartesianIndex(2, 7) with c.
243    40     20         0.1500     2.7500     1733.3333  % 
UB: 2.75
branching on 3 with b.
244    41     21         0.1500     2.7500     1733.3333  % 
UB: 2.75
branching on 1 with b.
245    42     22         0.1500     2.7500     1733.3333  % 
LB close or above UB, fathomed
246    41     22         0.1500     2.7500     1733.3333  % 
LB close or above UB, fathomed
247    40     21         0.1500     2.7500     1733.3333  % 
LB close or above UB, fathomed
248    39     20         0.1500     2.7500     1733.3333  % 
LB close or above UB, fathomed
249    38     19         0.1500     2.7500     1733.3333  % 
LB close or above UB, fathomed
250    37     17         0.1500     2.7500     1733.3333  % 
LB close or above UB, fathomed
251    36     16         0.1500     2.7500     1733.3333  % 
UB: 2.75
branching on CartesianIndex(1, 6) with c.
252    37     17         0.1500     2.7500     1733.3333  % 
UB: 2.75
branching on CartesianIndex(2, 6) with c.
253    38     18         0.1500     2.7500     1733.3333  % 
LB close or above UB, fathomed
254    37     18         0.1500     2.7500     1733.3333  % 
UB: 2.75
branching on CartesianIndex(1, 7) with c.
255    38     19         0.1500     2.7500     1733.3333  % 
UB: 2.75
branching on CartesianIndex(2, 7) with c.
256    39     20         0.1500     2.7500     1733.3333  % 
UB: 2.75
branching on 3 with b.
257    40     21         0.1500     2.7500     1733.3333  % 
UB: 2.75
branching on 1 with b.
258    41     22         0.1500     2.7500     1733.3333  % 
LB close or above UB, fathomed
259    40     22         0.1500     2.7500     1733.3333  % 
LB close or above UB, fathomed
260    39     21         0.1500     2.7500     1733.3333  % 
LB close or above UB, fathomed
261    38     20         0.1500     2.7500     1733.3333  % 
LB close or above UB, fathomed
262    37     19         0.1500     2.7500     1733.3333  % 
LB close or above UB, fathomed
263    36     17         0.1500     2.7500     1733.3333  % 
LB close or above UB, fathomed
264    35     15         0.1500     2.7500     1733.3333  % 
LB close or above UB, fathomed
265    34     10         0.1500     2.7500     1733.3333  % 
UB: 2.75
branching on CartesianIndex(1, 4) with c.
266    35     11         0.1500     2.7500     1733.3333  % 
LB close or above UB, fathomed
267    34     11         0.1500     2.7500     1733.3333  % 
UB: 2.75
branching on CartesianIndex(1, 5) with c.
268    35     12         0.1500     2.7500     1733.3333  % 
LB close or above UB, fathomed
269    34     12         0.1500     2.7500     1733.3333  % 
LB close or above UB, fathomed
270    33     10         0.1500     2.7500     1733.3333  % 
UB: 2.75
branching on CartesianIndex(1, 4) with c.
271    34     12         0.1500     2.7500     1733.3333  % 
UB: 2.75
branching on CartesianIndex(2, 4) with c.
272    35     12         0.1500     2.7500     1733.3333  % 
UB: 2.75
branching on CartesianIndex(1, 5) with c.
273    36     13         0.1500     2.7500     1733.3333  % 
UB: 2.75
branching on CartesianIndex(2, 5) with c.
274    37     14         0.1500     2.7500     1733.3333  % 
UB: 2.75
branching on 1 with b.
275    38     15         0.1500     2.7500     1733.3333  % 
UB: 2.75
branching on CartesianIndex(1, 6) with c.
276    39     15         0.1500     2.7500     1733.3333  % 
LB close or above UB, fathomed
277    38     14         0.1500     2.7500     1733.3333  % 
UB: 2.75
branching on CartesianIndex(1, 6) with c.
278    39     13         0.1500     2.7500     1733.3333  % 
UB: 2.75
branching on CartesianIndex(1, 6) with c.
279    40     14         0.1500     2.7500     1733.3333  % 
UB: 2.75
branching on CartesianIndex(2, 6) with c.
280    41     15         0.1500     2.7500     1733.3333  % 
LB close or above UB, fathomed
281    40     15         0.1500     2.7500     1733.3333  % 
UB: 2.75
branching on CartesianIndex(1, 7) with c.
282    41     16         0.1500     2.7500     1733.3333  % 
UB: 2.75
branching on 1 with b.
283    42     17         0.1500     2.7500     1733.3333  % 
UB: 2.75
branching on CartesianIndex(2, 7) with c.
284    43     18         0.1500     2.7500     1733.3333  % 
UB: 2.75
branching on 2 with b.
285    44     19         0.1500     2.7500     1733.3333  % 
UB: 2.75
branching on 3 with b.
286    45     20         0.1500     2.7500     1733.3333  % 
UB: 2.75
branching on 1 with b.
287    46     21         0.1500     2.7500     1733.3333  % 
LB close or above UB, fathomed
288    45     21         0.1500     2.7500     1733.3333  % 
LB close or above UB, fathomed
289    44     20         0.1500     2.7500     1733.3333  % 
LB close or above UB, fathomed
290    43     19         0.1500     2.7500     1733.3333  % 
UB: 2.75
branching on 3 with b.
291    44     20         0.1500     2.7500     1733.3333  % 
UB: 2.75
branching on 1 with b.
292    45     21         0.1500     2.7500     1733.3333  % 
LB close or above UB, fathomed
293    44     21         0.1500     2.7500     1733.3333  % 
LB close or above UB, fathomed
294    43     20         0.1500     2.7500     1733.3333  % 
LB close or above UB, fathomed
295    42     18         0.1500     2.7500     1733.3333  % 
LB close or above UB, fathomed
296    41     17         0.1500     2.7500     1733.3333  % 
LB close or above UB, fathomed
297    40     16         0.1500     2.7500     1733.3333  % 
LB close or above UB, fathomed
298    39     14         0.1500     2.7500     1733.3333  % 
LB close or above UB, fathomed
299    38     11         0.1500     2.7500     1733.3333  % 
LB close or above UB, fathomed
300    37     11         0.1500     2.7500     1733.3333  % 
UB: 2.75
branching on CartesianIndex(1, 4) with c.
301    38     12         0.1500     2.7500     1733.3333  % 
LB close or above UB, fathomed
302    37     12         0.1500     2.7500     1733.3333  % 
UB: 2.75
branching on CartesianIndex(1, 5) with c.
303    38     13         0.1500     2.7500     1733.3333  % 
UB: 2.75
branching on 1 with b.
304    39     14         0.1500     2.7500     1733.3333  % 
LB close or above UB, fathomed
305    38     14         0.1500     2.7500     1733.3333  % 
LB close or above UB, fathomed
306    37     13         0.1500     2.7500     1733.3333  % 
LB close or above UB, fathomed
307    36     15         0.1500     2.7500     1733.3333  % 
UB: 2.75
branching on 1 with b.
308    37     16         0.1500     2.7500     1733.3333  % 
UB: 2.75
branching on CartesianIndex(2, 6) with c.
309    38     17         0.1500     2.7500     1733.3333  % 
LB close or above UB, fathomed
310    37     17         0.1500     2.7500     1733.3333  % 
UB: 2.75
branching on CartesianIndex(1, 7) with c.
311    38     18         0.1500     2.7500     1733.3333  % 
UB: 2.75
branching on CartesianIndex(2, 7) with c.
312    39     19         0.1500     2.7500     1733.3333  % 
UB: 2.75
branching on 2 with b.
313    40     20         0.1500     2.7500     1733.3333  % 
LB close or above UB, fathomed
314    39     20         0.1500     2.7500     1733.3333  % 
UB: 2.75
branching on 3 with b.
315    40     21         0.1500     2.7500     1733.3333  % 
UB: 2.75
branching on 1 with b.
316    41     22         0.1500     2.7500     1733.3333  % 
LB close or above UB, fathomed
317    40     22         0.1500     2.7500     1733.3333  % 
LB close or above UB, fathomed
318    39     21         0.1500     2.7500     1733.3333  % 
LB close or above UB, fathomed
319    38     19         0.1500     2.7500     1733.3333  % 
LB close or above UB, fathomed
320    37     18         0.1500     2.7500     1733.3333  % 
LB close or above UB, fathomed
321    36     16         0.1500     2.7500     1733.3333  % 
LB close or above UB, fathomed
322    35     15         0.1500     2.7500     1733.3333  % 
LB close or above UB, fathomed
323    34     16         0.1500     2.7500     1733.3333  % 
UB: 2.75
branching on 2 with b.
324    35     17         0.1500     2.7500     1733.3333  % 
LB close or above UB, fathomed
325    34     17         0.1500     2.7500     1733.3333  % 
UB: 2.75
branching on CartesianIndex(2, 6) with c.
326    35     18         0.1500     2.7500     1733.3333  % 
LB close or above UB, fathomed
327    34     18         0.1500     2.7500     1733.3333  % 
UB: 2.75
branching on CartesianIndex(1, 7) with c.
328    35     19         0.1500     2.7500     1733.3333  % 
UB: 2.75
branching on CartesianIndex(2, 7) with c.
329    36     20         0.1500     2.7500     1733.3333  % 
UB: 2.75
branching on 3 with b.
330    37     21         0.1500     2.7500     1733.3333  % 
UB: 2.75
branching on 1 with b.
331    38     22         0.1500     2.7500     1733.3333  % 
LB close or above UB, fathomed
332    37     22         0.1500     2.7500     1733.3333  % 
UB: 2.75
branching on 2 with b.
333    38     23         0.1500     2.7500     1733.3333  % 
UB: 2.75
branching on 3 with b.
334    38     24         0.1500     2.7500     1733.3333  % 
UB: 2.75
branching on 1 with b.
335    38     25         0.1500     2.7500     1733.3333  % 
UB: 2.75
branching on 2 with b.
336    39     26         0.1500     2.7500     1733.3333  % 
LB close or above UB, fathomed
337    38     26         0.1500     2.7500     1733.3333  % 
LB close or above UB, fathomed
338    37     23         0.1500     2.7500     1733.3333  % 
LB close or above UB, fathomed
339    36     21         0.1500     2.7500     1733.3333  % 
LB close or above UB, fathomed
340    35     20         0.1500     2.7500     1733.3333  % 
LB close or above UB, fathomed
341    34     19         0.1500     2.7500     1733.3333  % 
LB close or above UB, fathomed
342    33     16         0.1500     2.7500     1733.3333  % 
LB close or above UB, fathomed
343    32     13         0.1500     2.7500     1733.3333  % 
UB: 2.75
branching on CartesianIndex(1, 5) with c.
344    33     14         0.1500     2.7500     1733.3333  % 
LB close or above UB, fathomed
345    32     14         0.1500     2.7500     1733.3333  % 
UB: 2.75
branching on CartesianIndex(1, 6) with c.
346    33     15         0.1500     2.7500     1733.3333  % 
UB: 2.75
branching on CartesianIndex(2, 6) with c.
347    34     16         0.1500     2.7500     1733.3333  % 
LB close or above UB, fathomed
348    33     16         0.1500     2.7500     1733.3333  % 
UB: 2.75
branching on CartesianIndex(1, 7) with c.
349    34     17         0.1500     2.7500     1733.3333  % 
UB: 2.75
branching on CartesianIndex(2, 7) with c.
350    35     18         0.1500     2.7500     1733.3333  % 
UB: 2.75
branching on 1 with b.
351    36     19         0.1500     2.7500     1733.3333  % 
UB: 2.75
branching on 2 with b.
352    37     20         0.1500     2.7500     1733.3333  % 
UB: 2.75
branching on 3 with b.
353    38     21         0.1500     2.7500     1733.3333  % 
UB: 2.75
branching on 1 with b.
354    39     22         0.1500     2.7500     1733.3333  % 
LB close or above UB, fathomed
355    38     22         0.1500     2.7500     1733.3333  % 
LB close or above UB, fathomed
356    37     21         0.1500     2.7500     1733.3333  % 
LB close or above UB, fathomed
357    36     20         0.1500     2.7500     1733.3333  % 
LB close or above UB, fathomed
358    35     19         0.1500     2.7500     1733.3333  % 
LB close or above UB, fathomed
359    34     18         0.1500     2.7500     1733.3333  % 
LB close or above UB, fathomed
360    33     17         0.1500     2.7500     1733.3333  % 
LB close or above UB, fathomed
361    32     15         0.1500     2.7500     1733.3333  % 
LB close or above UB, fathomed
362    31     13         0.1500     2.7500     1733.3333  % 
UB: 2.75
branching on CartesianIndex(1, 5) with c.
363    32     14         0.1500     2.7500     1733.3333  % 
LB close or above UB, fathomed
364    31     14         0.1500     2.7500     1733.3333  % 
UB: 2.75
branching on CartesianIndex(1, 6) with c.
365    32     15         0.1500     2.7500     1733.3333  % 
UB: 2.75
branching on CartesianIndex(2, 6) with c.
366    33     16         0.1500     2.7500     1733.3333  % 
LB close or above UB, fathomed
367    32     16         0.1500     2.7500     1733.3333  % 
UB: 2.75
branching on 1 with b.
368    33     17         0.1500     2.7500     1733.3333  % 
UB: 2.75
branching on CartesianIndex(1, 7) with c.
369    34     18         0.1500     2.7500     1733.3333  % 
UB: 2.75
branching on CartesianIndex(2, 7) with c.
370    35     19         0.1500     2.7500     1733.3333  % 
UB: 2.75
branching on 2 with b.
371    36     20         0.1500     2.7500     1733.3333  % 
UB: 2.75
branching on 3 with b.
372    37     21         0.1500     2.7500     1733.3333  % 
UB: 2.75
branching on 1 with b.
373    38     22         0.1500     2.7500     1733.3333  % 
LB close or above UB, fathomed
374    37     22         0.1500     2.7500     1733.3333  % 
LB close or above UB, fathomed
375    36     21         0.1500     2.7500     1733.3333  % 
LB close or above UB, fathomed
376    35     20         0.1500     2.7500     1733.3333  % 
LB close or above UB, fathomed
377    34     19         0.1500     2.7500     1733.3333  % 
LB close or above UB, fathomed
378    33     18         0.1500     2.7500     1733.3333  % 
LB close or above UB, fathomed
379    32     17         0.1500     2.7500     1733.3333  % 
LB close or above UB, fathomed
380    31     15         0.1500     2.7500     1733.3333  % 
LB close or above UB, fathomed
381    30     11         0.1500     2.7500     1733.3333  % 
LB close or above UB, fathomed
382    29     11         0.1500     2.7500     1733.3333  % 
UB: 2.75
branching on 3 with b.
383    30     12         0.1500     2.7500     1733.3333  % 
LB close or above UB, fathomed
384    29     12         0.1500     2.7500     1733.3333  % 
UB: 2.75
branching on 1 with b.
385    30     13         0.1500     2.7500     1733.3333  % 
LB close or above UB, fathomed
386    29     13         0.1500     2.7500     1733.3333  % 
LB close or above UB, fathomed
387    28     13         0.1500     2.7500     1733.3333  % 
UB: 2.75
branching on CartesianIndex(1, 5) with c.
388    29     14         0.1500     2.7500     1733.3333  % 
LB close or above UB, fathomed
389    28     14         0.1500     2.7500     1733.3333  % 
UB: 2.75
branching on CartesianIndex(1, 6) with c.
390    29     15         0.1500     2.7500     1733.3333  % 
UB: 2.75
branching on CartesianIndex(2, 6) with c.
391    30     16         0.1500     2.7500     1733.3333  % 
LB close or above UB, fathomed
392    29     16         0.1500     2.7500     1733.3333  % 
UB: 2.75
branching on 2 with b.
393    30     17         0.1500     2.7500     1733.3333  % 
UB: 2.75
branching on CartesianIndex(1, 7) with c.
394    31     18         0.1500     2.7500     1733.3333  % 
UB: 2.75
branching on CartesianIndex(2, 7) with c.
395    32     19         0.1500     2.7500     1733.3333  % 
UB: 2.75
branching on 3 with b.
396    33     20         0.1500     2.7500     1733.3333  % 
UB: 2.75
branching on 1 with b.
397    34     21         0.1500     2.7500     1733.3333  % 
LB close or above UB, fathomed
398    33     21         0.1500     2.7500     1733.3333  % 
LB close or above UB, fathomed
399    32     20         0.1500     2.7500     1733.3333  % 
LB close or above UB, fathomed
400    31     19         0.1500     2.7500     1733.3333  % 
LB close or above UB, fathomed
401    30     18         0.1500     2.7500     1733.3333  % 
LB close or above UB, fathomed
402    29     17         0.1500     2.7500     1733.3333  % 
UB: 2.75
branching on 3 with b.
403    30     18         0.1500     2.7500     1733.3333  % 
UB: 2.75
branching on CartesianIndex(1, 7) with c.
404    31     19         0.1500     2.7500     1733.3333  % 
UB: 2.75
branching on CartesianIndex(2, 7) with c.
405    32     20         0.1500     2.7500     1733.3333  % 
UB: 2.75
branching on 1 with b.
406    33     21         0.1500     2.7500     1733.3333  % 
LB close or above UB, fathomed
407    32     21         0.1500     2.7500     1733.3333  % 
LB close or above UB, fathomed
408    31     20         0.1500     2.7500     1733.3333  % 
LB close or above UB, fathomed
409    30     19         0.1500     2.7500     1733.3333  % 
LB close or above UB, fathomed
410    29     18         0.1500     2.7500     1733.3333  % 
LB close or above UB, fathomed
411    28     15         0.1500     2.7500     1733.3333  % 
LB close or above UB, fathomed
412    27     13         0.1500     2.7500     1733.3333  % 
LB close or above UB, fathomed
413    26     10         0.1500     2.7500     1733.3333  % 
UB: 2.75
branching on CartesianIndex(1, 5) with c.
414    27     11         0.1500     2.7500     1733.3333  % 
UB: 2.75
branching on CartesianIndex(2, 5) with c.
415    28     12         0.1500     2.7500     1733.3333  % 
LB close or above UB, fathomed
416    27     12         0.1500     2.7500     1733.3333  % 
UB: 2.75
branching on CartesianIndex(1, 6) with c.
417    28     13         0.1500     2.7500     1733.3333  % 
UB: 2.75
branching on 2 with b.
418    29     14         0.1500     2.7500     1733.3333  % 
UB: 2.75
branching on 3 with b.
419    30     15         0.1500     2.7500     1733.3333  % 
UB: 2.75
branching on 1 with b.
420    30     16         0.1500     2.7500     1733.3333  % 
UB: 2.75
branching on CartesianIndex(2, 6) with c.
421    31     17         0.1500     2.7500     1733.3333  % 
UB: 2.75
branching on CartesianIndex(1, 7) with c.
422    32     18         0.1500     2.7500     1733.3333  % 
UB: 2.75
branching on CartesianIndex(2, 7) with c.
423    33     19         0.1500     2.7500     1733.3333  % 
UB: 2.75
branching on 2 with b.
424    34     20         0.1500     2.7500     1733.3333  % 
LB close or above UB, fathomed
425    33     20         0.1500     2.7500     1733.3333  % 
UB: 2.75
branching on 3 with b.
426    34     21         0.1500     2.7500     1733.3333  % 
UB: 2.75
branching on 1 with b.
427    35     22         0.1500     2.7500     1733.3333  % 
LB close or above UB, fathomed
428    34     22         0.1500     2.7500     1733.3333  % 
LB close or above UB, fathomed
429    33     21         0.1500     2.7500     1733.3333  % 
UB: 2.75
branching on 1 with b.
430    34     22         0.1500     2.7500     1733.3333  % 
LB close or above UB, fathomed
431    33     22         0.1500     2.7500     1733.3333  % 
LB close or above UB, fathomed
432    32     19         0.1500     2.7500     1733.3333  % 
LB close or above UB, fathomed
433    31     18         0.1500     2.7500     1733.3333  % 
LB close or above UB, fathomed
434    30     17         0.1500     2.7500     1733.3333  % 
UB: 2.75
branching on CartesianIndex(1, 7) with c.
435    31     18         0.1500     2.7500     1733.3333  % 
UB: 2.75
branching on 2 with b.
436    32     19         0.1500     2.7500     1733.3333  % 
LB close or above UB, fathomed
437    31     19         0.1500     2.7500     1733.3333  % 
UB: 2.75
branching on 3 with b.
438    32     20         0.1500     2.7500     1733.3333  % 
UB: 2.75
branching on 1 with b.
439    33     21         0.1500     2.7500     1733.3333  % 
LB close or above UB, fathomed
440    32     21         0.1500     2.7500     1733.3333  % 
LB close or above UB, fathomed
441    31     20         0.1500     2.7500     1733.3333  % 
UB: 2.75
branching on CartesianIndex(2, 7) with c.
442    32     21         0.1500     2.7500     1733.3333  % 
UB: 2.75
branching on 1 with b.
443    33     22         0.1500     2.7500     1733.3333  % 
LB close or above UB, fathomed
444    32     22         0.1500     2.7500     1733.3333  % 
LB close or above UB, fathomed
445    31     21         0.1500     2.7500     1733.3333  % 
LB close or above UB, fathomed
446    30     18         0.1500     2.7500     1733.3333  % 
LB close or above UB, fathomed
447    29     15         0.1500     2.7500     1733.3333  % 
UB: 2.75
branching on 1 with b.
448    29     16         0.1500     2.7500     1733.3333  % 
UB: 2.75
branching on 2 with b.
449    30     17         0.1500     2.7500     1733.3333  % 
LB close or above UB, fathomed
450    29     17         0.1500     2.7500     1733.3333  % 
UB: 2.75
branching on 3 with b.
451    30     18         0.1500     2.7500     1733.3333  % 
UB: 2.75
branching on CartesianIndex(2, 6) with c.
452    31     19         0.1500     2.7500     1733.3333  % 
UB: 2.75
branching on CartesianIndex(1, 7) with c.
453    32     20         0.1500     2.7500     1733.3333  % 
UB: 2.75
branching on CartesianIndex(2, 7) with c.
454    33     21         0.1500     2.7500     1733.3333  % 
UB: 2.75
branching on 1 with b.
455    34     22         0.1500     2.7500     1733.3333  % 
LB close or above UB, fathomed
456    33     22         0.1500     2.7500     1733.3333  % 
LB close or above UB, fathomed
457    32     21         0.1500     2.7500     1733.3333  % 
LB close or above UB, fathomed
458    31     20         0.1500     2.7500     1733.3333  % 
LB close or above UB, fathomed
459    30     19         0.1500     2.7500     1733.3333  % 
UB: 2.75
branching on CartesianIndex(1, 7) with c.
460    31     20         0.1500     2.7500     1733.3333  % 
UB: 2.75
branching on CartesianIndex(2, 7) with c.
461    32     21         0.1500     2.7500     1733.3333  % 
UB: 2.75
branching on 1 with b.
462    33     22         0.1500     2.7500     1733.3333  % 
LB close or above UB, fathomed
463    32     22         0.1500     2.7500     1733.3333  % 
LB close or above UB, fathomed
464    31     21         0.1500     2.7500     1733.3333  % 
LB close or above UB, fathomed
465    30     20         0.1500     2.7500     1733.3333  % 
LB close or above UB, fathomed
466    29     18         0.1500     2.7500     1733.3333  % 
UB: 2.75
branching on 1 with b.
467    30     19         0.1500     2.7500     1733.3333  % 
LB close or above UB, fathomed
468    29     19         0.1500     2.7500     1733.3333  % 
LB close or above UB, fathomed
469    28     14         0.1500     2.7500     1733.3333  % 
LB close or above UB, fathomed
470    27     13         0.1500     2.7500     1733.3333  % 
UB: 2.75
branching on CartesianIndex(1, 7) with c.
471    28     14         0.1500     2.7500     1733.3333  % 
UB: 2.75
branching on 2 with b.
472    29     15         0.1500     2.7500     1733.3333  % 
UB: 2.75
branching on 3 with b.
473    30     16         0.1500     2.7500     1733.3333  % 
UB: 2.75
branching on CartesianIndex(2, 7) with c.
474    31     17         0.1500     2.7500     1733.3333  % 
UB: 2.75
branching on 1 with b.
475    31     18         0.1500     2.7500     1733.3333  % 
UB: 2.75
branching on 2 with b.
476    32     19         0.1500     2.7500     1733.3333  % 
LB close or above UB, fathomed
477    31     19         0.1500     2.7500     1733.3333  % 
UB: 2.75
branching on 3 with b.
478    32     20         0.1500     2.7500     1733.3333  % 
UB: 2.75
branching on 1 with b.
479    33     21         0.1500     2.7500     1733.3333  % 
LB close or above UB, fathomed
480    32     21         0.1500     2.7500     1733.3333  % 
LB close or above UB, fathomed
481    31     20         0.1500     2.7500     1733.3333  % 
UB: 2.75
branching on 1 with b.
482    32     21         0.1500     2.7500     1733.3333  % 
LB close or above UB, fathomed
483    31     21         0.1500     2.7500     1733.3333  % 
LB close or above UB, fathomed
484    30     17         0.1500     2.7500     1733.3333  % 
LB close or above UB, fathomed
485    29     16         0.1500     2.7500     1733.3333  % 
UB: 2.75
branching on CartesianIndex(2, 7) with c.
486    30     17         0.1500     2.7500     1733.3333  % 
UB: 2.75
branching on 1 with b.
487    30     18         0.1500     2.7500     1733.3333  % 
UB: 2.75
branching on 2 with b.
488    31     19         0.1500     2.7500     1733.3333  % 
LB close or above UB, fathomed
489    30     19         0.1500     2.7500     1733.3333  % 
UB: 2.75
branching on 3 with b.
490    31     20         0.1500     2.7500     1733.3333  % 
UB: 2.75
branching on 1 with b.
491    32     21         0.1500     2.7500     1733.3333  % 
LB close or above UB, fathomed
492    31     21         0.1500     2.7500     1733.3333  % 
LB close or above UB, fathomed
493    30     20         0.1500     2.7500     1733.3333  % 
LB close or above UB, fathomed
494    29     17         0.1500     2.7500     1733.3333  % 
LB close or above UB, fathomed
495    28     15         0.1500     2.7500     1733.3333  % 
LB close or above UB, fathomed
496    27     14         0.1500     2.7500     1733.3333  % 
LB close or above UB, fathomed
497    26     11         0.1500     2.7500     1733.3333  % 
LB close or above UB, fathomed
498    25     10         0.1500     2.7500     1733.3333  % 
LB close or above UB, fathomed
499    24     11         0.1500     2.7500     1733.3333  % 
UB: 2.75
branching on CartesianIndex(1, 5) with c.
500    25     12         0.1500     2.7500     1733.3333  % 
LB close or above UB, fathomed
501    24     12         0.1500     2.7500     1733.3333  % 
UB: 2.75
branching on CartesianIndex(1, 6) with c.
502    25     13         0.1500     2.7500     1733.3333  % 
UB: 2.75
branching on 2 with b.
503    26     14         0.1500     2.7500     1733.3333  % 
UB: 2.75
branching on 3 with b.
504    27     15         0.1500     2.7500     1733.3333  % 
LB close or above UB, fathomed
505    26     15         0.1500     2.7500     1733.3333  % 
UB: 2.75
branching on CartesianIndex(2, 6) with c.
506    27     16         0.1500     2.7500     1733.3333  % 
LB close or above UB, fathomed
507    26     16         0.1500     2.7500     1733.3333  % 
UB: 2.75
branching on CartesianIndex(1, 7) with c.
508    27     17         0.1500     2.7500     1733.3333  % 
UB: 2.75
branching on CartesianIndex(2, 7) with c.
509    28     18         0.1500     2.7500     1733.3333  % 
UB: 2.75
branching on 1 with b.
510    29     19         0.1500     2.7500     1733.3333  % 
UB: 2.75
branching on 2 with b.
511    30     20         0.1500     2.7500     1733.3333  % 
UB: 2.75
branching on 3 with b.
512    31     21         0.1500     2.7500     1733.3333  % 
UB: 2.75
branching on 1 with b.
513    32     22         0.1500     2.7500     1733.3333  % 
LB close or above UB, fathomed
514    31     22         0.1500     2.7500     1733.3333  % 
LB close or above UB, fathomed
515    30     21         0.1500     2.7500     1733.3333  % 
LB close or above UB, fathomed
516    29     20         0.1500     2.7500     1733.3333  % 
LB close or above UB, fathomed
517    28     19         0.1500     2.7500     1733.3333  % 
LB close or above UB, fathomed
518    27     18         0.1500     2.7500     1733.3333  % 
LB close or above UB, fathomed
519    26     17         0.1500     2.7500     1733.3333  % 
LB close or above UB, fathomed
520    25     14         0.1500     2.7500     1733.3333  % 
LB close or above UB, fathomed
521    24     13         0.1500     2.7500     1733.3333  % 
LB close or above UB, fathomed
522    23     11         0.1500     2.7500     1733.3333  % 
UB: 2.75
branching on 2 with b.
523    24     12         0.1500     2.7500     1733.3333  % 
UB: 2.75
branching on CartesianIndex(1, 5) with c.
524    25     13         0.1500     2.7500     1733.3333  % 
LB close or above UB, fathomed
525    24     13         0.1500     2.7500     1733.3333  % 
UB: 2.75
branching on 3 with b.
526    25     14         0.1500     2.7500     1733.3333  % 
LB close or above UB, fathomed
527    24     14         0.1500     2.7500     1733.3333  % 
UB: 2.75
branching on 1 with b.
528    25     15         0.1500     2.7500     1733.3333  % 
UB: 2.75
branching on CartesianIndex(1, 6) with c.
529    26     16         0.1500     2.7500     1733.3333  % 
UB: 2.75
branching on CartesianIndex(2, 6) with c.
530    27     17         0.1500     2.7500     1733.3333  % 
LB close or above UB, fathomed
531    26     17         0.1500     2.7500     1733.3333  % 
UB: 2.75
branching on 2 with b.
532    27     18         0.1500     2.7500     1733.3333  % 
UB: 2.75
branching on 3 with b.
533    28     19         0.1500     2.7500     1733.3333  % 
UB: 2.75
branching on 1 with b.
534    29     20         0.1500     2.7500     1733.3333  % 
LB close or above UB, fathomed
535    28     20         0.1500     2.7500     1733.3333  % 
LB close or above UB, fathomed
536    27     19         0.1500     2.7500     1733.3333  % 
LB close or above UB, fathomed
537    26     18         0.1500     2.7500     1733.3333  % 
LB close or above UB, fathomed
538    25     16         0.1500     2.7500     1733.3333  % 
LB close or above UB, fathomed
539    24     15         0.1500     2.7500     1733.3333  % 
LB close or above UB, fathomed
540    23     12         0.1500     2.7500     1733.3333  % 
LB close or above UB, fathomed
541    22     10         0.1500     2.7500     1733.3333  % 
LB close or above UB, fathomed
542    21     10         0.1500     2.7500     1733.3333  % 
UB: 2.75
branching on CartesianIndex(1, 3) with a.
543    22     11         0.1500     2.7500     1733.3333  % 
LB close or above UB, fathomed
544    21     11         0.1500     2.7500     1733.3333  % 
UB: 2.75
branching on CartesianIndex(1, 4) with c.
545    22     12         0.1500     2.7500     1733.3333  % 
LB close or above UB, fathomed
546    21     12         0.1500     2.7500     1733.3333  % 
UB: 2.75
branching on 1 with b.
547    22     13         0.1500     2.7500     1733.3333  % 
UB: 2.75
branching on CartesianIndex(1, 5) with c.
548    23     14         0.1500     2.7500     1733.3333  % 
UB: 2.75
branching on CartesianIndex(2, 5) with c.
549    24     15         0.1500     2.7500     1733.3333  % 
UB: 2.75
branching on CartesianIndex(1, 6) with c.
550    25     16         0.1500     2.7500     1733.3333  % 
UB: 2.75
branching on CartesianIndex(2, 6) with c.
551    26     17         0.1500     2.7500     1733.3333  % 
LB close or above UB, fathomed
552    25     17         0.1500     2.7500     1733.3333  % 
UB: 2.75
branching on CartesianIndex(1, 7) with c.
553    26     18         0.1500     2.7500     1733.3333  % 
UB: 2.75
branching on CartesianIndex(2, 7) with c.
554    27     19         0.1500     2.7500     1733.3333  % 
UB: 2.75
branching on 2 with b.
555    28     20         0.1500     2.7500     1733.3333  % 
UB: 2.75
branching on 3 with b.
556    29     21         0.1500     2.7500     1733.3333  % 
UB: 2.75
branching on 1 with b.
557    30     22         0.1500     2.7500     1733.3333  % 
LB close or above UB, fathomed
558    29     22         0.1500     2.7500     1733.3333  % 
LB close or above UB, fathomed
559    28     21         0.1500     2.7500     1733.3333  % 
LB close or above UB, fathomed
560    27     20         0.1500     2.7500     1733.3333  % 
UB: 2.75
branching on 3 with b.
561    28     21         0.1500     2.7500     1733.3333  % 
UB: 2.75
branching on 1 with b.
562    29     22         0.1500     2.7500     1733.3333  % 
LB close or above UB, fathomed
563    28     22         0.1500     2.7500     1733.3333  % 
LB close or above UB, fathomed
564    27     21         0.1500     2.7500     1733.3333  % 
LB close or above UB, fathomed
565    26     19         0.1500     2.7500     1733.3333  % 
LB close or above UB, fathomed
566    25     18         0.1500     2.7500     1733.3333  % 
LB close or above UB, fathomed
567    24     16         0.1500     2.7500     1733.3333  % 
LB close or above UB, fathomed
568    23     15         0.1500     2.7500     1733.3333  % 
UB: 2.75
branching on 2 with b.
569    24     16         0.1500     2.7500     1733.3333  % 
UB: 2.75
branching on CartesianIndex(1, 6) with c.
570    25     17         0.1500     2.7500     1733.3333  % 
UB: 2.75
branching on CartesianIndex(2, 6) with c.
571    26     18         0.1500     2.7500     1733.3333  % 
LB close or above UB, fathomed
572    25     18         0.1500     2.7500     1733.3333  % 
UB: 2.75
branching on CartesianIndex(1, 7) with c.
573    26     19         0.1500     2.7500     1733.3333  % 
UB: 2.75
branching on CartesianIndex(2, 7) with c.
574    27     20         0.1500     2.7500     1733.3333  % 
UB: 2.75
branching on 3 with b.
575    28     21         0.1500     2.7500     1733.3333  % 
UB: 2.75
branching on 1 with b.
576    29     22         0.1500     2.7500     1733.3333  % 
LB close or above UB, fathomed
577    28     22         0.1500     2.7500     1733.3333  % 
LB close or above UB, fathomed
578    27     21         0.1500     2.7500     1733.3333  % 
LB close or above UB, fathomed
579    26     20         0.1500     2.7500     1733.3333  % 
LB close or above UB, fathomed
580    25     19         0.1500     2.7500     1733.3333  % 
LB close or above UB, fathomed
581    24     17         0.1500     2.7500     1733.3333  % 
LB close or above UB, fathomed
582    23     16         0.1500     2.7500     1733.3333  % 
UB: 2.75
branching on 3 with b.
583    24     17         0.1500     2.7500     1733.3333  % 
UB: 2.75
branching on CartesianIndex(1, 6) with c.
584    25     18         0.1500     2.7500     1733.3333  % 
UB: 2.75
branching on CartesianIndex(2, 6) with c.
585    26     19         0.1500     2.7500     1733.3333  % 
LB close or above UB, fathomed
586    25     19         0.1500     2.7500     1733.3333  % 
UB: 2.75
branching on CartesianIndex(1, 7) with c.
587    26     20         0.1500     2.7500     1733.3333  % 
UB: 2.75
branching on CartesianIndex(2, 7) with c.
588    27     21         0.1500     2.7500     1733.3333  % 
UB: 2.75
branching on 1 with b.
589    28     22         0.1500     2.7500     1733.3333  % 
LB close or above UB, fathomed
590    27     22         0.1500     2.7500     1733.3333  % 
LB close or above UB, fathomed
591    26     21         0.1500     2.7500     1733.3333  % 
LB close or above UB, fathomed
592    25     20         0.1500     2.7500     1733.3333  % 
LB close or above UB, fathomed
593    24     18         0.1500     2.7500     1733.3333  % 
LB close or above UB, fathomed
594    23     17         0.1500     2.7500     1733.3333  % 
LB close or above UB, fathomed
595    22     14         0.1500     2.7500     1733.3333  % 
UB: 2.75
branching on CartesianIndex(1, 6) with c.
596    23     15         0.1500     2.7500     1733.3333  % 
UB: 2.75
branching on 2 with b.
597    24     16         0.1500     2.7500     1733.3333  % 
UB: 2.75
branching on CartesianIndex(2, 6) with c.
598    25     17         0.1500     2.7500     1733.3333  % 
LB close or above UB, fathomed
599    24     17         0.1500     2.7500     1733.3333  % 
UB: 2.75
branching on CartesianIndex(1, 7) with c.
600    25     18         0.1500     2.7500     1733.3333  % 
UB: 2.75
branching on CartesianIndex(2, 7) with c.
601    26     19         0.1500     2.7500     1733.3333  % 
UB: 2.75
branching on 3 with b.
602    27     20         0.1500     2.7500     1733.3333  % 
UB: 2.75
branching on 1 with b.
603    28     21         0.1500     2.7500     1733.3333  % 
LB close or above UB, fathomed
604    27     21         0.1500     2.7500     1733.3333  % 
LB close or above UB, fathomed
605    26     20         0.1500     2.7500     1733.3333  % 
LB close or above UB, fathomed
606    25     19         0.1500     2.7500     1733.3333  % 
LB close or above UB, fathomed
607    24     18         0.1500     2.7500     1733.3333  % 
LB close or above UB, fathomed
608    23     16         0.1500     2.7500     1733.3333  % 
UB: 2.75
branching on CartesianIndex(2, 6) with c.
609    24     17         0.1500     2.7500     1733.3333  % 
LB close or above UB, fathomed
610    23     17         0.1500     2.7500     1733.3333  % 
UB: 2.75
branching on 3 with b.
611    24     18         0.1500     2.7500     1733.3333  % 
UB: 2.75
branching on 1 with b.
612    25     19         0.1500     2.7500     1733.3333  % 
LB close or above UB, fathomed
613    24     19         0.1500     2.7500     1733.3333  % 
LB close or above UB, fathomed
614    23     18         0.1500     2.7500     1733.3333  % 
LB close or above UB, fathomed
615    22     15         0.1500     2.7500     1733.3333  % 
LB close or above UB, fathomed
616    21     13         0.1500     2.7500     1733.3333  % 
LB close or above UB, fathomed
617    20     17         2.7000     2.7500     1.8519     % 
LB close or above UB, fathomed
618    19     17         2.7000     2.7500     1.8519     % 
LB close or above UB, fathomed
619    18     18         2.7000     2.7500     1.8519     % 
UB: 2.75
branching on 1 with b.
620    18     19         2.7000     2.7500     1.8519     % 
UB: 2.75
branching on 3 with b.
621    19     20         2.7000     2.7500     1.8519     % 
LB close or above UB, fathomed
622    18     20         2.7000     2.7500     1.8519     % 
LB close or above UB, fathomed
623    17     18         2.7000     2.7500     1.8519     % 
UB: 2.75
branching on 1 with b.
624    17     19         2.7000     2.7500     1.8519     % 
UB: 2.75
branching on 3 with b.
625    18     20         2.7000     2.7500     1.8519     % 
LB close or above UB, fathomed
626    17     20         2.7000     2.7500     1.8519     % 
LB close or above UB, fathomed
627    16     14         2.7000     2.7500     1.8519     % 
LB close or above UB, fathomed
628    15     14         2.7000     2.7500     1.8519     % 
UB: 2.75
branching on 1 with b.
629    15     15         2.7000     2.7500     1.8519     % 
UB: 2.75
branching on 3 with b.
630    16     16         2.7000     2.7500     1.8519     % 
UB: 2.75
branching on 1 with b.
631    17     17         2.7000     2.7500     1.8519     % 
LB close or above UB, fathomed
632    16     17         2.7000     2.7500     1.8519     % 
UB: 2.75
branching on 3 with b.
633    16     18         2.7000     2.7500     1.8519     % 
UB: 2.75
branching on 1 with b.
634    16     19         2.7000     2.7500     1.8519     % 
UB: 2.75
branching on 3 with b.
635    17     20         2.7000     2.7500     1.8519     % 
LB close or above UB, fathomed
636    16     20         2.7000     2.7500     1.8519     % 
LB close or above UB, fathomed
637    15     16         2.7000     2.7500     1.8519     % 
LB close or above UB, fathomed
638    14     7          2.7000     2.7500     1.8519     % 
LB close or above UB, fathomed
639    13     7          2.7000     2.7500     1.8519     % 
UB: 2.75
branching on CartesianIndex(1, 2) with a.
640    14     9          2.7000     2.7500     1.8519     % 
UB: 2.75
branching on CartesianIndex(1, 4) with c.
641    15     10         2.7000     2.7500     1.8519     % 
LB close or above UB, fathomed
642    14     10         2.7000     2.7500     1.8519     % 
UB: 2.75
branching on CartesianIndex(1, 5) with c.
643    15     11         2.7000     2.7500     1.8519     % 
UB: 2.75
branching on CartesianIndex(2, 5) with c.
644    16     12         2.7000     2.7500     1.8519     % 
LB close or above UB, fathomed
645    15     12         2.7000     2.7500     1.8519     % 
UB: 2.75
branching on CartesianIndex(1, 7) with c.
646    16     13         2.7000     2.7500     1.8519     % 
UB: 2.75
branching on CartesianIndex(2, 7) with c.
647    17     14         2.7000     2.7500     1.8519     % 
UB: 2.75
branching on 1 with b.
648    17     15         2.7000     2.7500     1.8519     % 
UB: 2.75
branching on 2 with b.
649    18     16         2.7000     2.7500     1.8519     % 
UB: 2.75
branching on 1 with b.
650    19     17         2.7000     2.7500     1.8519     % 
LB close or above UB, fathomed
651    18     17         2.7000     2.7500     1.8519     % 
LB close or above UB, fathomed
652    17     16         2.7000     2.7500     1.8519     % 
LB close or above UB, fathomed
653    16     14         2.7000     2.7500     1.8519     % 
LB close or above UB, fathomed
654    15     13         2.7000     2.7500     1.8519     % 
LB close or above UB, fathomed
655    14     11         2.7000     2.7500     1.8519     % 
LB close or above UB, fathomed
656    13     9          2.7000     2.7500     1.8519     % 
LB close or above UB, fathomed
657    12     10         2.7000     2.7500     1.8519     % 
UB: 2.75
branching on CartesianIndex(1, 4) with c.
658    13     11         2.7000     2.7500     1.8519     % 
LB close or above UB, fathomed
659    12     11         2.7000     2.7500     1.8519     % 
UB: 2.75
branching on 2 with b.
660    13     12         2.7000     2.7500     1.8519     % 
UB: 2.75
branching on CartesianIndex(1, 5) with c.
661    14     13         2.7000     2.7500     1.8519     % 
UB: 2.75
branching on 1 with b.
662    15     14         2.7000     2.7500     1.8519     % 
LB close or above UB, fathomed
663    14     14         2.7000     2.7500     1.8519     % 
LB close or above UB, fathomed
664    13     13         2.7000     2.7500     1.8519     % 
LB close or above UB, fathomed
665    12     12         2.7000     2.7500     1.8519     % 
UB: 2.75
branching on CartesianIndex(1, 5) with c.
666    13     13         2.7000     2.7500     1.8519     % 
UB: 2.75
branching on CartesianIndex(2, 5) with c.
667    14     14         2.7000     2.7500     1.8519     % 
LB close or above UB, fathomed
668    13     14         2.7000     2.7500     1.8519     % 
UB: 2.75
branching on CartesianIndex(1, 7) with c.
669    14     15         2.7000     2.7500     1.8519     % 
UB: 2.75
branching on CartesianIndex(2, 7) with c.
670    15     16         2.7000     2.7500     1.8519     % 
UB: 2.75
branching on 1 with b.
671    16     17         2.7000     2.7500     1.8519     % 
LB close or above UB, fathomed
672    15     17         2.7000     2.7500     1.8519     % 
LB close or above UB, fathomed
673    14     16         2.7000     2.7500     1.8519     % 
LB close or above UB, fathomed
674    13     15         2.7000     2.7500     1.8519     % 
LB close or above UB, fathomed
675    12     13         2.7000     2.7500     1.8519     % 
LB close or above UB, fathomed
676    11     18         2.7000     2.7500     1.8519     % 
UB: 2.75
branching on 1 with b.
677    12     19         2.7000     2.7500     1.8519     % 
LB close or above UB, fathomed
678    11     19         2.7000     2.7500     1.8519     % 
UB: 2.75
branching on 2 with b.
679    12     20         2.7000     2.7500     1.8519     % 
LB close or above UB, fathomed
680    11     20         2.7000     2.7500     1.8519     % 
UB: 2.75
branching on 1 with b.
681    11     21         2.7000     2.7500     1.8519     % 
LB close or above UB, fathomed
682    10     18         2.7000     2.7500     1.8519     % 
LB close or above UB, fathomed
683    9      17         2.7000     2.7500     1.8519     % 
LB close or above UB, fathomed
684    8      17         2.7000     2.7500     1.8519     % 
LB close or above UB, fathomed
685    7      6          2.7000     2.7500     1.8519     % 
UB: 2.75
branching on 1 with b.
686    8      7          2.7000     2.7500     1.8519     % 
LB close or above UB, fathomed
687    7      7          2.7000     2.7500     1.8519     % 
UB: 2.75
branching on 2 with b.
688    8      8          2.7000     2.7500     1.8519     % 
UB: 2.75
branching on 1 with b.
689    9      9          2.7000     2.7500     1.8519     % 
LB close or above UB, fathomed
690    8      9          2.7000     2.7500     1.8519     % 
LB close or above UB, fathomed
691    7      8          2.7000     2.7500     1.8519     % 
UB: 2.75
branching on 1 with b.
692    8      9          2.7000     2.7500     1.8519     % 
LB close or above UB, fathomed
693    7      9          2.7000     2.7500     1.8519     % 
LB close or above UB, fathomed
694    6      6          2.7000     2.7500     1.8519     % 
LB close or above UB, fathomed
695    5      6          2.7000     2.7500     1.8519     % 
UB: 2.75
branching on CartesianIndex(1, 3) with a.
696    6      6          2.7000     2.7500     1.8519     % 
LB close or above UB, fathomed
697    5      7          2.7000     2.7500     1.8519     % 
UB: 2.75
branching on CartesianIndex(1, 5) with c.
698    6      8          2.7000     2.7500     1.8519     % 
LB close or above UB, fathomed
699    5      8          2.7000     2.7500     1.8519     % 
UB: 2.75
branching on CartesianIndex(1, 6) with c.
700    6      9          2.7000     2.7500     1.8519     % 
UB: 2.75
branching on CartesianIndex(2, 6) with c.
701    7      10         2.7000     2.7500     1.8519     % 
UB: 2.75
branching on CartesianIndex(1, 7) with c.
702    8      10         2.7000     2.7500     1.8519     % 
LB close or above UB, fathomed
703    7      9          2.7000     2.7500     1.8519     % 
LB close or above UB, fathomed
704    6      7          2.7000     2.7500     1.8519     % 
LB close or above UB, fathomed
705    5      11         2.7000     2.7500     1.8519     % 
UB: 2.75
branching on 1 with b.
706    6      12         2.7000     2.7500     1.8519     % 
LB close or above UB, fathomed
707    5      12         2.7000     2.7500     1.8519     % 
UB: 2.75
branching on CartesianIndex(2, 7) with c.
708    6      13         2.7000     2.7500     1.8519     % 
LB close or above UB, fathomed
709    5      13         2.7000     2.7500     1.8519     % 
UB: 2.75
branching on 3 with b.
710    6      14         2.7000     2.7500     1.8519     % 
UB: 2.75
branching on 1 with b.
711    7      15         2.7000     2.7500     1.8519     % 
UB: 2.75
branching on 3 with b.
712    8      16         2.7000     2.7500     1.8519     % 
LB close or above UB, fathomed
713    7      16         2.7000     2.7500     1.8519     % 
UB: 2.75
branching on 1 with b.
714    8      17         2.7000     2.7500     1.8519     % 
LB close or above UB, fathomed
715    7      17         2.7000     2.7500     1.8519     % 
LB close or above UB, fathomed
716    6      15         2.7000     2.7500     1.8519     % 
LB close or above UB, fathomed
717    5      14         2.7000     2.7500     1.8519     % 
LB close or above UB, fathomed
718    4      11         2.7000     2.7500     1.8519     % 
LB close or above UB, fathomed
719    3      7          2.7000     2.7500     1.8519     % 
LB close or above UB, fathomed
720    2      7          2.7000     2.7500     1.8519     % 
UB: 2.75
branching on CartesianIndex(1, 5) with c.
721    3      8          2.7000     2.7500     1.8519     % 
LB close or above UB, fathomed
722    2      8          2.7000     2.7500     1.8519     % 
UB: 2.75
branching on CartesianIndex(1, 6) with c.
723    3      9          2.7000     2.7500     1.8519     % 
UB: 2.75
branching on 1 with b.
724    4      10         2.7000     2.7500     1.8519     % 
UB: 2.75
branching on CartesianIndex(2, 6) with c.
725    5      11         2.7000     2.7500     1.8519     % 
LB close or above UB, fathomed
726    4      11         2.7000     2.7500     1.8519     % 
UB: 2.75
branching on CartesianIndex(1, 7) with c.
727    5      12         2.7000     2.7500     1.8519     % 
UB: 2.75
branching on CartesianIndex(2, 7) with c.
728    6      13         2.7000     2.7500     1.8519     % 
UB: 2.75
branching on 3 with b.
729    7      14         2.7000     2.7500     1.8519     % 
LB close or above UB, fathomed
730    6      14         2.7000     2.7500     1.8519     % 
UB: 2.75
branching on 1 with b.
731    6      15         2.7000     2.7500     1.8519     % 
UB: 2.75
branching on 3 with b.
732    7      16         2.7000     2.7500     1.8519     % 
UB: 2.75
branching on 1 with b.
733    8      17         2.7000     2.7500     1.8519     % 
LB close or above UB, fathomed
734    7      17         2.7000     2.7500     1.8519     % 
UB: 2.75
branching on 3 with b.
735    7      18         2.7000     2.7500     1.8519     % 
UB: 2.75
branching on 1 with b.
736    8      19         2.7000     2.7500     1.8519     % 
LB close or above UB, fathomed
737    7      19         2.7000     2.7500     1.8519     % 
UB: 2.75
branching on 3 with b.
738    8      20         2.7000     2.7500     1.8519     % 
LB close or above UB, fathomed
739    7      20         2.7000     2.7500     1.8519     % 
LB close or above UB, fathomed
740    6      16         2.7000     2.7500     1.8519     % 
LB close or above UB, fathomed
741    5      13         2.7000     2.7500     1.8519     % 
LB close or above UB, fathomed
742    4      12         2.7000     2.7500     1.8519     % 
LB close or above UB, fathomed
743    3      10         2.7000     2.7500     1.8519     % 
UB: 2.75
branching on CartesianIndex(2, 6) with c.
744    4      11         2.7000     2.7500     1.8519     % 
LB close or above UB, fathomed
745    3      11         2.7000     2.7500     1.8519     % 
UB: 2.75
branching on 3 with b.
746    4      12         2.7000     2.7500     1.8519     % 
LB close or above UB, fathomed
747    3      12         2.7000     2.7500     1.8519     % 
UB: 2.75
branching on 1 with b.
748    3      13         2.7000     2.7500     1.8519     % 
UB: 2.75
branching on 3 with b.
749    4      14         2.7000     2.7500     1.8519     % 
UB: 2.75
branching on CartesianIndex(1, 7) with c.
750    5      15         2.7000     2.7500     1.8519     % 
UB: 2.75
branching on CartesianIndex(2, 7) with c.
751    6      16         2.7000     2.7500     1.8519     % 
UB: 2.75
branching on 1 with b.
752    6      17         2.7000     2.7500     1.8519     % 
UB: 2.75
branching on 3 with b.
753    6      18         2.7000     2.7500     1.8519     % 
UB: 2.75
branching on 1 with b.
754    6      19         2.7000     2.7500     1.8519     % 
UB: 2.75
branching on 3 with b.
755    7      20         2.7000     2.7500     1.8519     % 
LB close or above UB, fathomed
756    6      20         2.7000     2.7500     1.8519     % 
LB close or above UB, fathomed
757    5      16         2.7000     2.7500     1.8519     % 
LB close or above UB, fathomed
758    4      15         2.7000     2.7500     1.8519     % 
LB close or above UB, fathomed
759    3      14         2.7000     2.7500     1.8519     % 
LB close or above UB, fathomed
760    2      9          2.7000     2.7500     1.8519     % 
LB close or above UB, fathomed
761    1      8          2.7000     2.7500     1.8519     % 
UB: 2.75
branching on CartesianIndex(1, 4) with c.
762    2      9          2.7000     2.7500     1.8519     % 
LB close or above UB, fathomed
763    1      9          2.7000     2.7500     1.8519     % 
UB: 2.75
branching on CartesianIndex(1, 5) with c.
764    2      10         2.7000     2.7500     1.8519     % 
UB: 2.75
branching on 2 with b.
765    3      11         2.7000     2.7500     1.8519     % 
UB: 2.75
branching on CartesianIndex(2, 5) with c.
766    4      12         2.7000     2.7500     1.8519     % 
LB close or above UB, fathomed
767    3      12         2.7000     2.7500     1.8519     % 
UB: 2.75
branching on CartesianIndex(1, 7) with c.
768    4      13         2.7000     2.7500     1.8519     % 
UB: 2.75
branching on CartesianIndex(2, 7) with c.
769    5      14         2.7000     2.7500     1.8519     % 
UB: 2.75
branching on 1 with b.
770    5      15         2.7000     2.7500     1.8519     % 
UB: 2.75
branching on 2 with b.
771    6      16         2.7000     2.7500     1.8519     % 
LB close or above UB, fathomed
772    5      16         2.7000     2.7500     1.8519     % 
UB: 2.75
branching on 1 with b.
773    5      17         2.7000     2.7500     1.8519     % 
UB: 2.75
branching on 2 with b.
774    6      18         2.7000     2.7500     1.8519     % 
UB: 2.75
branching on 1 with b.
775    7      19         2.7000     2.7500     1.8519     % 
UB: 2.75
branching on 2 with b.
776    8      20         2.7000     2.7500     1.8519     % 
LB close or above UB, fathomed
777    7      20         2.7000     2.7500     1.8519     % 
UB: 2.75
branching on 1 with b.
778    7      21         2.7000     2.7500     1.8519     % 
UB: 2.75
branching on 2 with b.
779    7      22         2.7000     2.7500     1.8519     % 
UB: 2.75
branching on 1 with b.
780    7      23         2.7000     2.7500     1.8519     % 
UB: 2.75
branching on 2 with b.
781    7      24         2.7000     2.7500     1.8519     % 
LB close or above UB, fathomed
782    6      19         2.7000     2.7500     1.8519     % 
LB close or above UB, fathomed
783    5      18         2.7000     2.7500     1.8519     % 
LB close or above UB, fathomed
784    4      14         2.7000     2.7500     1.8519     % 
LB close or above UB, fathomed
785    3      13         2.7000     2.7500     1.8519     % 
LB close or above UB, fathomed
786    2      11         2.7000     2.7500     1.8519     % 
LB close or above UB, fathomed
787    1      10         2.7000     2.7500     1.8519     % 
LB close or above UB, fathomed
788    0      8          2.7000     2.7500     1.8519     % 
LB close or above UB, fathomed
all node solved
solved nodes:  789
789                                                   2.7333e+00     2.7500e+00     0.6098  % 
2×3 Matrix{Float64}:
 1.0  0.0  0.0
 0.0  0.0  1.0
3-element Vector{Float64}:
 0.26475030068429906
 0.0
 0.181969156931361
3×7 Matrix{Float64}:
 0.0  0.0  0.0  0.0  1.0  1.0  0.0
 0.0  0.0  0.0  0.0  0.0  0.0  1.0
 0.0  0.0  0.0  0.0  0.0  0.0  0.0
3-element Vector{Float64}:
 1.0
 0.0
 1.0
2×3 Matrix{Float64}:
 -0.0  1.0  -0.0
  1.0  0.0   1.0
3-element Vector{Float64}:
 0.49857359661266587
 0.9466825946513389
 0.6130205039782817
3×7 Matrix{Float64}:
 0.0  0.0  0.0   1.0  -0.0  -0.0  -0.0
 0.0  0.0  0.0  -0.0   0.0   1.0   0.0
 0.0  0.0  0.0   0.0   1.0  -0.0   1.0
3-element Vector{Float64}:
 1.0
 1.0
 1.0
comparison (CRT and Glb)on prediction: Dict{Bool, Int64}(0 => 3, 1 => 1)
Dataname	 time	 objv	 lb	 gap	 train_w	 train_g	 test_w	 test_g
small_toy_923.small_toy	 61.17	 2.75	 2.733	 0.0061	 66.667	 88.889	 75.0	 50.0
