Running 2 processes.
Start training small_toy_161.small_toy with seed 1.
Any[]
(2, 13)
(2, 6)
(2, 3)
(2, 4)
dimension: 2, class: 3
cart cost: 5.349999999999999
size of X: (2, 9)
ngroups: 2
UB: 2.75
Iter	left	lev	LB	UB	gap	
0      0      1          2.7000     2.7500     1.8519     % 
UB: 2.75
branching on 1 with d.
1      1      2          2.7000     2.7500     1.8519     % 
LB close or above UB, fathomed
2      0      2          2.7000     2.7500     1.8519     % 
UB: 2.75
branching on 2 with d.
3      1      3          2.7000     2.7500     1.8519     % 
UB: 2.75
branching on 3 with d.
4      2      4          2.7000     2.7500     1.8519     % 
LB close or above UB, fathomed
5      1      4          2.7000     2.7500     1.8519     % 
UB: 2.75
branching on CartesianIndex(1, 1) with a.
6      2      5          2.7000     2.7500     1.8519     % 
UB: 2.75
branching on CartesianIndex(1, 3) with a.
7      3      6          2.7000     2.7500     1.8519     % 
UB: 2.75
branching on 1 with b.
8      4      7          2.7000     2.7500     1.8519     % 
UB: 2.75
branching on CartesianIndex(1, 5) with c.
9      5      8          2.7000     2.7500     1.8519     % 
LB close or above UB, fathomed
10     4      8          2.7000     2.7500     1.8519     % 
UB: 2.75
branching on CartesianIndex(1, 6) with c.
11     5      9          2.7000     2.7500     1.8519     % 
UB: 2.75
branching on 1 with b.
12     6      10         2.7000     2.7500     1.8519     % 
LB close or above UB, fathomed
13     5      10         2.7000     2.7500     1.8519     % 
UB: 2.75
branching on 3 with b.
14     6      11         2.7000     2.7500     1.8519     % 
LB close or above UB, fathomed
15     5      11         2.7000     2.7500     1.8519     % 
UB: 2.75
branching on 1 with b.
16     5      12         2.7000     2.7500     1.8519     % 
UB: 2.75
branching on CartesianIndex(2, 6) with c.
17     6      13         2.7000     2.7500     1.8519     % 
LB close or above UB, fathomed
18     5      13         2.7000     2.7500     1.8519     % 
LB close or above UB, fathomed
19     4      9          2.7000     2.7500     1.8519     % 
LB close or above UB, fathomed
20     3      7          2.7000     2.7500     1.8519     % 
LB close or above UB, fathomed
21     2      6          2.7000     2.7500     1.8519     % 
UB: 2.75
branching on CartesianIndex(1, 5) with c.
22     3      7          2.7000     2.7500     1.8519     % 
LB close or above UB, fathomed
23     2      7          2.7000     2.7500     1.8519     % 
UB: 2.75
branching on 1 with b.
24     3      8          2.7000     2.7500     1.8519     % 
UB: 2.75
branching on 1 with b.
25     4      9          2.7000     2.7500     1.8519     % 
UB: 2.75
branching on 3 with b.
26     5      9          2.7000     2.7500     1.8519     % 
UB: 2.75
branching on CartesianIndex(1, 6) with c.
27     6      10         2.7000     2.7500     1.8519     % 
UB: 2.75
branching on CartesianIndex(2, 6) with c.
28     7      11         2.7000     2.7500     1.8519     % 
LB close or above UB, fathomed
29     6      11         2.7000     2.7500     1.8519     % 
UB: 2.75
branching on CartesianIndex(1, 7) with c.
30     7      12         2.7000     2.7500     1.8519     % 
UB: 2.75
branching on 3 with b.
31     8      13         2.7000     2.7500     1.8519     % 
LB close or above UB, fathomed
32     7      13         2.7000     2.7500     1.8519     % 
UB: 2.75
branching on CartesianIndex(2, 7) with c.
33     8      14         2.7000     2.7500     1.8519     % 
UB: 2.75
branching on 1 with b.
34     8      15         2.7000     2.7500     1.8519     % 
UB: 2.75
branching on 3 with b.
35     9      16         2.7000     2.7500     1.8519     % 
UB: 2.75
branching on 1 with b.
36     10     17         2.7000     2.7500     1.8519     % 
UB: 2.75
branching on 3 with b.
37     10     18         2.7000     2.7500     1.8519     % 
UB: 2.75
branching on 1 with b.
38     10     19         2.7000     2.7500     1.8519     % 
UB: 2.75
branching on 3 with b.
39     11     20         2.7000     2.7500     1.8519     % 
LB close or above UB, fathomed
40     10     20         2.7000     2.7500     1.8519     % 
UB: 2.75
branching on 1 with b.
41     10     21         2.7000     2.7500     1.8519     % 
UB: 2.75
branching on 3 with b.
42     10     22         2.7000     2.7500     1.8519     % 
LB close or above UB, fathomed
43     9      17         2.7000     2.7500     1.8519     % 
UB: 2.75
branching on 3 with b.
44     9      18         2.7000     2.7500     1.8519     % 
UB: 2.75
branching on 1 with b.
45     9      19         2.7000     2.7500     1.8519     % 
UB: 2.75
branching on 3 with b.
46     10     20         2.7000     2.7500     1.8519     % 
LB close or above UB, fathomed
47     9      20         2.7000     2.7500     1.8519     % 
UB: 2.75
branching on 1 with b.
48     10     21         2.7000     2.7500     1.8519     % 
UB: 2.75
branching on 3 with b.
49     10     22         2.7000     2.7500     1.8519     % 
LB close or above UB, fathomed
50     9      21         2.7000     2.7500     1.8519     % 
UB: 2.75
branching on 3 with b.
51     9      22         2.7000     2.7500     1.8519     % 
LB close or above UB, fathomed
52     8      16         2.7000     2.7500     1.8519     % 
LB close or above UB, fathomed
53     7      14         2.7000     2.7500     1.8519     % 
LB close or above UB, fathomed
54     6      12         2.7000     2.7500     1.8519     % 
LB close or above UB, fathomed
55     5      10         2.7000     2.7500     1.8519     % 
LB close or above UB, fathomed
56     4      8          2.7000     2.7500     1.8519     % 
LB close or above UB, fathomed
57     3      5          2.7000     2.7500     1.8519     % 
UB: 2.75
branching on 1 with b.
58     4      6          2.7000     2.7500     1.8519     % 
UB: 2.75
branching on 1 with b.
59     5      6          2.7000     2.7500     1.8519     % 
LB close or above UB, fathomed
60     4      3          2.7000     2.7500     1.8519     % 
UB: 2.75
branching on 3 with d.
61     5      4          2.7000     2.7500     1.8519     % 
UB: 2.75
branching on CartesianIndex(1, 1) with a.
62     6      5          2.7000     2.7500     1.8519     % 
UB: 2.75
branching on 1 with b.
63     7      6          2.7000     2.7500     1.8519     % 
LB close or above UB, fathomed
64     6      6          2.7000     2.7500     1.8519     % 
UB: 2.75
branching on CartesianIndex(1, 2) with a.
65     7      5          2.7000     2.7500     1.8519     % 
UB: 2.75
branching on CartesianIndex(1, 2) with a.
66     8      6          2.7000     2.7500     1.8519     % 
UB: 2.75
branching on 1 with b.
67     9      7          2.7000     2.7500     1.8519     % 
LB close or above UB, fathomed
68     8      7          2.7000     2.7500     1.8519     % 
UB: 2.75
branching on 1 with b.
69     9      8          2.7000     2.7500     1.8519     % 
UB: 2.75
branching on 2 with b.
70     10     9          2.7000     2.7500     1.8519     % 
UB: 2.75
branching on CartesianIndex(1, 4) with c.
71     11     10         2.7000     2.7500     1.8519     % 
LB close or above UB, fathomed
72     10     10         2.7000     2.7500     1.8519     % 
UB: 2.75
branching on 1 with b.
73     10     11         2.7000     2.7500     1.8519     % 
UB: 2.75
branching on CartesianIndex(1, 5) with c.
74     11     12         2.7000     2.7500     1.8519     % 
UB: 2.75
branching on 2 with b.
75     12     13         2.7000     2.7500     1.8519     % 
UB: 2.75
branching on CartesianIndex(2, 5) with c.
76     13     14         2.7000     2.7500     1.8519     % 
LB close or above UB, fathomed
77     12     14         2.7000     2.7500     1.8519     % 
UB: 2.75
branching on 1 with b.
78     13     15         2.7000     2.7500     1.8519     % 
LB close or above UB, fathomed
79     12     15         2.7000     2.7500     1.8519     % 
UB: 2.75
branching on CartesianIndex(1, 7) with c.
80     13     16         2.7000     2.7500     1.8519     % 
UB: 2.75
branching on CartesianIndex(2, 7) with c.
81     14     17         2.7000     2.7500     1.8519     % 
UB: 2.75
branching on 2 with b.
82     14     18         2.7000     2.7500     1.8519     % 
UB: 2.75
branching on 1 with b.
83     14     19         2.7000     2.7500     1.8519     % 
LB close or above UB, fathomed
84     13     17         2.7000     2.7500     1.8519     % 
LB close or above UB, fathomed
85     12     16         2.7000     2.7500     1.8519     % 
LB close or above UB, fathomed
86     11     13         2.7000     2.7500     1.8519     % 
UB: 2.75
branching on CartesianIndex(2, 5) with c.
87     12     14         2.7000     2.7500     1.8519     % 
LB close or above UB, fathomed
88     11     14         2.7000     2.7500     1.8519     % 
UB: 2.75
branching on CartesianIndex(1, 7) with c.
89     12     15         2.7000     2.7500     1.8519     % 
UB: 2.75
branching on CartesianIndex(2, 7) with c.
90     13     16         2.7000     2.7500     1.8519     % 
UB: 2.75
branching on 1 with b.
91     14     17         2.7000     2.7500     1.8519     % 
LB close or above UB, fathomed
92     13     17         2.7000     2.7500     1.8519     % 
UB: 2.75
branching on 2 with b.
93     13     18         2.7000     2.7500     1.8519     % 
UB: 2.75
branching on 1 with b.
94     13     19         2.7000     2.7500     1.8519     % 
LB close or above UB, fathomed
95     12     16         2.7000     2.7500     1.8519     % 
LB close or above UB, fathomed
96     11     15         2.7000     2.7500     1.8519     % 
LB close or above UB, fathomed
97     10     12         2.7000     2.7500     1.8519     % 
LB close or above UB, fathomed
98     9      9          2.7000     2.7500     1.8519     % 
UB: 2.75
branching on CartesianIndex(1, 4) with c.
99     10     10         2.7000     2.7500     1.8519     % 
LB close or above UB, fathomed
100    9      10         2.7000     2.7500     1.8519     % 
UB: 2.75
branching on CartesianIndex(1, 5) with c.
101    10     11         2.7000     2.7500     1.8519     % 
UB: 2.75
branching on CartesianIndex(2, 5) with c.
102    11     12         2.7000     2.7500     1.8519     % 
LB close or above UB, fathomed
103    10     12         2.7000     2.7500     1.8519     % 
UB: 2.75
branching on 1 with b.
104    10     13         2.7000     2.7500     1.8519     % 
UB: 2.75
branching on 2 with b.
105    11     14         2.7000     2.7500     1.8519     % 
UB: 2.75
branching on CartesianIndex(1, 7) with c.
106    12     15         2.7000     2.7500     1.8519     % 
UB: 2.75
branching on 1 with b.
107    13     16         2.7000     2.7500     1.8519     % 
LB close or above UB, fathomed
108    12     16         2.7000     2.7500     1.8519     % 
UB: 2.75
branching on 2 with b.
109    12     17         2.7000     2.7500     1.8519     % 
UB: 2.75
branching on CartesianIndex(2, 7) with c.
110    13     18         2.7000     2.7500     1.8519     % 
UB: 2.75
branching on 1 with b.
111    13     19         2.7000     2.7500     1.8519     % 
LB close or above UB, fathomed
112    12     18         2.7000     2.7500     1.8519     % 
LB close or above UB, fathomed
113    11     15         2.7000     2.7500     1.8519     % 
LB close or above UB, fathomed
114    10     14         2.7000     2.7500     1.8519     % 
LB close or above UB, fathomed
115    9      11         2.7000     2.7500     1.8519     % 
LB close or above UB, fathomed
116    8      8          2.7000     2.7500     1.8519     % 
LB close or above UB, fathomed
117    7      6          2.7000     2.7500     1.8519     % 
UB: 2.75
branching on CartesianIndex(1, 4) with c.
118    8      7          2.7000     2.7500     1.8519     % 
LB close or above UB, fathomed
119    7      7          2.7000     2.7500     1.8519     % 
UB: 2.75
branching on 1 with b.
120    8      8          2.7000     2.7500     1.8519     % 
LB close or above UB, fathomed
121    7      8          2.7000     2.7500     1.8519     % 
UB: 2.75
branching on 1 with b.
122    8      9          2.7000     2.7500     1.8519     % 
UB: 2.75
branching on CartesianIndex(1, 5) with c.
123    9      10         2.7000     2.7500     1.8519     % 
UB: 2.75
branching on CartesianIndex(2, 5) with c.
124    10     11         2.7000     2.7500     1.8519     % 
LB close or above UB, fathomed
125    9      11         2.7000     2.7500     1.8519     % 
UB: 2.75
branching on 2 with b.
126    10     12         2.7000     2.7500     1.8519     % 
UB: 2.75
branching on CartesianIndex(1, 7) with c.
127    11     12         2.7000     2.7500     1.8519     % 
LB close or above UB, fathomed
128    10     10         2.7000     2.7500     1.8519     % 
LB close or above UB, fathomed
129    9      9          2.7000     2.7500     1.8519     % 
LB close or above UB, fathomed
130    8      4          2.7000     2.7500     1.8519     % 
LB close or above UB, fathomed
131    7      13         2.7000     2.7500     1.8519     % 
UB: 2.75
branching on 1 with b.
132    7      14         2.7000     2.7500     1.8519     % 
UB: 2.75
branching on CartesianIndex(2, 7) with c.
133    8      15         2.7000     2.7500     1.8519     % 
UB: 2.75
branching on 2 with b.
134    9      16         2.7000     2.7500     1.8519     % 
UB: 2.75
branching on 1 with b.
135    10     17         2.7000     2.7500     1.8519     % 
LB close or above UB, fathomed
136    9      17         2.7000     2.7500     1.8519     % 
UB: 2.75
branching on 2 with b.
137    9      18         2.7000     2.7500     1.8519     % 
UB: 2.75
branching on 1 with b.
138    9      19         2.7000     2.7500     1.8519     % 
LB close or above UB, fathomed
139    8      16         2.7000     2.7500     1.8519     % 
UB: 2.75
branching on 1 with b.
140    9      17         2.7000     2.7500     1.8519     % 
LB close or above UB, fathomed
141    8      17         2.7000     2.7500     1.8519     % 
UB: 2.75
branching on 2 with b.
142    8      18         2.7000     2.7500     1.8519     % 
UB: 2.75
branching on 1 with b.
143    8      19         2.7000     2.7500     1.8519     % 
LB close or above UB, fathomed
144    7      15         2.7000     2.7500     1.8519     % 
LB close or above UB, fathomed
145    6      13         2.7000     2.7500     1.8519     % 
LB close or above UB, fathomed
146    5      7          2.7000     2.7500     1.8519     % 
UB: 2.75
branching on CartesianIndex(1, 4) with c.
147    6      8          2.7000     2.7500     1.8519     % 
LB close or above UB, fathomed
148    5      8          2.7000     2.7500     1.8519     % 
UB: 2.75
branching on 1 with b.
149    6      9          2.7000     2.7500     1.8519     % 
UB: 2.75
branching on CartesianIndex(1, 5) with c.
150    7      10         2.7000     2.7500     1.8519     % 
UB: 2.75
branching on 2 with b.
151    8      11         2.7000     2.7500     1.8519     % 
UB: 2.75
branching on CartesianIndex(2, 5) with c.
152    9      12         2.7000     2.7500     1.8519     % 
LB close or above UB, fathomed
153    8      12         2.7000     2.7500     1.8519     % 
LB close or above UB, fathomed
154    7      11         2.7000     2.7500     1.8519     % 
LB close or above UB, fathomed
155    6      10         2.7000     2.7500     1.8519     % 
LB close or above UB, fathomed
156    5      9          2.7000     2.7500     1.8519     % 
LB close or above UB, fathomed
157    4      7          2.7000     2.7500     1.8519     % 
UB: 2.75
branching on 1 with b.
158    5      8          2.7000     2.7500     1.8519     % 
UB: 2.75
branching on 2 with b.
159    6      9          2.7000     2.7500     1.8519     % 
LB close or above UB, fathomed
160    5      9          2.7000     2.7500     1.8519     % 
LB close or above UB, fathomed
161    4      8          2.7000     2.7500     1.8519     % 
LB close or above UB, fathomed
162    3      7          2.7000     2.7500     1.8519     % 
UB: 2.75
branching on 3 with b.
163    4      8          2.7000     2.7500     1.8519     % 
LB close or above UB, fathomed
164    3      8          2.7000     2.7500     1.8519     % 
UB: 2.75
branching on CartesianIndex(1, 3) with a.
165    4      9          2.7000     2.7500     1.8519     % 
LB close or above UB, fathomed
166    3      9          2.7000     2.7500     1.8519     % 
UB: 2.75
branching on CartesianIndex(1, 5) with c.
167    4      10         2.7000     2.7500     1.8519     % 
LB close or above UB, fathomed
168    3      10         2.7000     2.7500     1.8519     % 
UB: 2.75
branching on CartesianIndex(1, 6) with c.
169    4      11         2.7000     2.7500     1.8519     % 
UB: 2.75
branching on CartesianIndex(2, 6) with c.
170    5      12         2.7000     2.7500     1.8519     % 
LB close or above UB, fathomed
171    4      12         2.7000     2.7500     1.8519     % 
UB: 2.75
branching on CartesianIndex(1, 7) with c.
172    5      13         2.7000     2.7500     1.8519     % 
UB: 2.75
branching on CartesianIndex(2, 7) with c.
173    6      14         2.7000     2.7500     1.8519     % 
UB: 2.75
branching on 1 with b.
174    6      15         2.7000     2.7500     1.8519     % 
UB: 2.75
branching on 3 with b.
175    7      16         2.7000     2.7500     1.8519     % 
UB: 2.75
branching on 1 with b.
176    8      17         2.7000     2.7500     1.8519     % 
LB close or above UB, fathomed
177    7      17         2.7000     2.7500     1.8519     % 
UB: 2.75
branching on 3 with b.
178    7      18         2.7000     2.7500     1.8519     % 
UB: 2.75
branching on 1 with b.
179    7      19         2.7000     2.7500     1.8519     % 
UB: 2.75
branching on 3 with b.
180    8      20         2.7000     2.7500     1.8519     % 
LB close or above UB, fathomed
181    7      20         2.7000     2.7500     1.8519     % 
UB: 2.75
branching on 1 with b.
182    7      21         2.7000     2.7500     1.8519     % 
LB close or above UB, fathomed
183    6      16         2.7000     2.7500     1.8519     % 
LB close or above UB, fathomed
184    5      14         2.7000     2.7500     1.8519     % 
LB close or above UB, fathomed
185    4      13         2.7000     2.7500     1.8519     % 
LB close or above UB, fathomed
186    3      11         2.7000     2.7500     1.8519     % 
LB close or above UB, fathomed
187    2      7          2.7000     2.7500     1.8519     % 
UB: 2.75
branching on CartesianIndex(1, 3) with a.
188    3      8          2.7000     2.7500     1.8519     % 
UB: 2.75
branching on CartesianIndex(1, 5) with c.
189    4      9          2.7000     2.7500     1.8519     % 
LB close or above UB, fathomed
190    3      9          2.7000     2.7500     1.8519     % 
UB: 2.75
branching on CartesianIndex(1, 6) with c.
191    4      10         2.7000     2.7500     1.8519     % 
LB close or above UB, fathomed
192    3      10         2.7000     2.7500     1.8519     % 
LB close or above UB, fathomed
193    2      8          2.7000     2.7500     1.8519     % 
UB: 2.75
branching on CartesianIndex(1, 5) with c.
194    3      9          2.7000     2.7500     1.8519     % 
LB close or above UB, fathomed
195    2      9          2.7000     2.7500     1.8519     % 
UB: 2.75
branching on CartesianIndex(1, 6) with c.
196    3      10         2.7000     2.7500     1.8519     % 
UB: 2.75
branching on CartesianIndex(2, 6) with c.
197    4      11         2.7000     2.7500     1.8519     % 
LB close or above UB, fathomed
198    3      11         2.7000     2.7500     1.8519     % 
UB: 2.75
branching on 3 with b.
199    4      12         2.7000     2.7500     1.8519     % 
LB close or above UB, fathomed
200    3      12         2.7000     2.7500     1.8519     % 
UB: 2.75
branching on CartesianIndex(1, 7) with c.
201    4      13         2.7000     2.7500     1.8519     % 
UB: 2.75
branching on CartesianIndex(2, 7) with c.
202    5      14         2.7000     2.7500     1.8519     % 
UB: 2.75
branching on 1 with b.
203    5      15         2.7000     2.7500     1.8519     % 
UB: 2.75
branching on 3 with b.
204    6      16         2.7000     2.7500     1.8519     % 
UB: 2.75
branching on 1 with b.
205    6      17         2.7000     2.7500     1.8519     % 
UB: 2.75
branching on 3 with b.
206    6      18         2.7000     2.7500     1.8519     % 
UB: 2.75
branching on 1 with b.
207    6      19         2.7000     2.7500     1.8519     % 
UB: 2.75
branching on 3 with b.
208    7      20         2.7000     2.7500     1.8519     % 
LB close or above UB, fathomed
209    6      20         2.7000     2.7500     1.8519     % 
UB: 2.75
branching on 1 with b.
210    6      21         2.7000     2.7500     1.8519     % 
UB: 2.75
branching on 3 with b.
211    6      22         2.7000     2.7500     1.8519     % 
LB close or above UB, fathomed
212    5      16         2.7000     2.7500     1.8519     % 
LB close or above UB, fathomed
213    4      14         2.7000     2.7500     1.8519     % 
LB close or above UB, fathomed
214    3      13         2.7000     2.7500     1.8519     % 
LB close or above UB, fathomed
215    2      10         2.7000     2.7500     1.8519     % 
LB close or above UB, fathomed
216    1      10         2.7000     2.7500     1.8519     % 
LB close or above UB, fathomed
217    0      10         2.7000     2.7500     1.8519     % 
UB: 2.75
branching on CartesianIndex(1, 6) with c.
218    1      11         2.7000     2.7500     1.8519     % 
UB: 2.75
branching on 1 with b.
219    1      12         2.7000     2.7500     1.8519     % 
UB: 2.75
branching on CartesianIndex(2, 6) with c.
220    2      13         2.7000     2.7500     1.8519     % 
LB close or above UB, fathomed
221    1      13         2.7000     2.7500     1.8519     % 
UB: 2.75
branching on CartesianIndex(1, 7) with c.
222    2      14         2.7000     2.7500     1.8519     % 
UB: 2.75
branching on CartesianIndex(2, 7) with c.
223    3      15         2.7000     2.7500     1.8519     % 
UB: 2.75
branching on 3 with b.
224    4      16         2.7000     2.7500     1.8519     % 
UB: 2.75
branching on 1 with b.
225    5      17         2.7000     2.7500     1.8519     % 
LB close or above UB, fathomed
226    4      17         2.7000     2.7500     1.8519     % 
UB: 2.75
branching on 3 with b.
227    4      18         2.7000     2.7500     1.8519     % 
UB: 2.75
branching on 1 with b.
228    4      19         2.7000     2.7500     1.8519     % 
UB: 2.75
branching on 3 with b.
229    5      20         2.7000     2.7500     1.8519     % 
LB close or above UB, fathomed
230    4      20         2.7000     2.7500     1.8519     % 
UB: 2.75
branching on 1 with b.
231    4      21         2.7000     2.7500     1.8519     % 
UB: 2.75
branching on 3 with b.
232    4      22         2.7000     2.7500     1.8519     % 
LB close or above UB, fathomed
233    3      16         2.7000     2.7500     1.8519     % 
LB close or above UB, fathomed
234    2      15         2.7000     2.7500     1.8519     % 
LB close or above UB, fathomed
235    1      14         2.7000     2.7500     1.8519     % 
LB close or above UB, fathomed
236    0      11         2.7000     2.7500     1.8519     % 
LB close or above UB, fathomed
all node solved
solved nodes:  237
237                                                   2.7500e+00     2.7500e+00     0.0000  % 
2×3 Matrix{Float64}:
 1.0  0.0  1.0
 0.0  1.0  0.0
3-element Vector{Float64}:
 0.6926684642292205
 0.18156557561378575
 0.8108243702887628
3×7 Matrix{Float64}:
 0.0  0.0  0.0  1.0  0.0  0.0  0.0
 0.0  0.0  0.0  0.0  1.0  1.0  0.0
 0.0  0.0  0.0  0.0  0.0  0.0  1.0
3-element Vector{Float64}:
 1.0
 1.0
 1.0
2×3 Matrix{Float64}:
 -0.0  -0.0  0.0
  1.0   1.0  1.0
3-element Vector{Float64}:
 0.6816250226595173
 0.3543602367104671
 0.6870570091585457
3×7 Matrix{Float64}:
 0.0  0.0  0.0   1.0  -0.0  -0.0  -0.0
 0.0  0.0  0.0   0.0   0.0   1.0   0.0
 0.0  0.0  0.0  -0.0   1.0   0.0   1.0
3-element Vector{Float64}:
 1.0
 1.0
 1.0
comparison (CRT and Glb)on prediction: Dict{Bool, Int64}(0 => 2, 1 => 2)
Dataname	 time	 objv	 lb	 gap	 train_w	 train_g	 test_w	 test_g
small_toy_161.small_toy	 57.31	 2.75	 2.75	 0.0	 77.778	 88.889	 75.0	 50.0
