Running 2 processes.
Start training small_toy_46.small_toy with seed 1.
Any[]
(2, 13)
(2, 6)
(2, 3)
(2, 4)
dimension: 2, class: 3
cart cost: 2.7000000000000006
size of X: (2, 9)
ngroups: 2
UB: 2.6999999999999993
Iter	left	lev	LB	UB	gap	
0      0      1          0.1000     2.7000     2600.0000  % 
UB: 2.6999999999999993
branching on 1 with d.
1      1      2          0.1000     2.7000     2600.0000  % 
LB close or above UB, fathomed
2      0      2          0.1000     2.7000     2600.0000  % 
UB: 2.6999999999999993
branching on 2 with d.
3      1      3          0.1000     2.7000     2600.0000  % 
UB: 2.6999999999999993
branching on 3 with d.
4      2      4          0.1000     2.7000     2600.0000  % 
LB close or above UB, fathomed
5      1      4          0.1000     2.7000     2600.0000  % 
UB: 2.6999999999999993
branching on CartesianIndex(1, 1) with a.
6      2      5          0.1000     2.7000     2600.0000  % 
UB: 2.6999999999999993
branching on CartesianIndex(1, 3) with a.
7      3      6          0.1000     2.7000     2600.0000  % 
UB: 2.6999999999999993
branching on 1 with b.
8      4      6          0.1000     2.7000     2600.0000  % 
LB close or above UB, fathomed
9      3      5          0.1000     2.7000     2600.0000  % 
LB close or above UB, fathomed
10     2      3          0.1000     2.7000     2600.0000  % 
UB: 2.6999999999999993
branching on 3 with d.
11     3      4          0.1000     2.7000     2600.0000  % 
UB: 2.6999999999999993
branching on 1 with b.
12     4      5          0.1000     2.7000     2600.0000  % 
LB close or above UB, fathomed
13     3      5          0.1000     2.7000     2600.0000  % 
UB: 2.6999999999999993
branching on 1 with b.
14     4      6          0.1000     2.7000     2600.0000  % 
UB: 2.6999999999999993
branching on CartesianIndex(1, 1) with a.
15     5      7          0.1000     2.7000     2600.0000  % 
LB close or above UB, fathomed
16     4      7          0.1000     2.7000     2600.0000  % 
LB close or above UB, fathomed
17     3      6          0.1000     2.7000     2600.0000  % 
LB close or above UB, fathomed
18     2      4          0.1000     2.7000     2600.0000  % 
UB: 2.6999999999999993
branching on 1 with b.
19     3      7          0.1000     2.7000     2600.0000  % 
UB: 2.6999999999999993
branching on CartesianIndex(1, 5) with c.
20     4      8          0.1000     2.7000     2600.0000  % 
LB close or above UB, fathomed
21     3      8          0.1000     2.7000     2600.0000  % 
UB: 2.6999999999999993
branching on CartesianIndex(1, 6) with c.
22     4      9          0.1000     2.7000     2600.0000  % 
UB: 2.6999999999999993
branching on 1 with b.
23     5      10         0.1000     2.7000     2600.0000  % 
LB close or above UB, fathomed
24     4      10         0.1000     2.7000     2600.0000  % 
UB: 2.6999999999999993
branching on 3 with b.
25     5      11         0.1000     2.7000     2600.0000  % 
LB close or above UB, fathomed
26     4      11         0.1000     2.7000     2600.0000  % 
LB close or above UB, fathomed
27     3      9          0.1000     2.7000     2600.0000  % 
LB close or above UB, fathomed
28     2      7          0.1000     2.7000     2600.0000  % 
LB close or above UB, fathomed
29     1      5          0.1500     2.7000     1700.0000  % 
UB: 2.6999999999999993
branching on CartesianIndex(1, 1) with a.
30     2      6          0.1500     2.7000     1700.0000  % 
UB: 2.6999999999999993
branching on 1 with b.
31     3      7          0.1500     2.7000     1700.0000  % 
LB close or above UB, fathomed
32     2      7          0.1500     2.7000     1700.0000  % 
UB: 2.6999999999999993
branching on CartesianIndex(1, 2) with a.
33     3      8          0.1500     2.7000     1700.0000  % 
UB: 2.6999999999999993
branching on CartesianIndex(1, 3) with a.
34     4      9          0.1500     2.7000     1700.0000  % 
UB: 2.6999999999999993
branching on CartesianIndex(1, 4) with c.
35     5      10         0.1500     2.7000     1700.0000  % 
UB: 2.6999999999999993
branching on 2 with b.
36     6      10         0.1500     2.7000     1700.0000  % 
UB: 2.6999999999999993
branching on 2 with b.
37     7      9          0.1500     2.7000     1700.0000  % 
UB: 2.6999999999999993
branching on CartesianIndex(1, 4) with c.
38     8      8          0.1500     2.7000     1700.0000  % 
UB: 2.6999999999999993
branching on CartesianIndex(1, 3) with a.
39     9      9          0.1500     2.7000     1700.0000  % 
UB: 2.6999999999999993
branching on 2 with b.
40     10     10         0.1500     2.7000     1700.0000  % 
UB: 2.6999999999999993
branching on 3 with b.
41     11     10         0.1500     2.7000     1700.0000  % 
UB: 2.6999999999999993
branching on CartesianIndex(1, 4) with c.
42     12     9          0.1500     2.7000     1700.0000  % 
UB: 2.6999999999999993
branching on 2 with b.
43     13     6          0.1500     2.7000     1700.0000  % 
LB close or above UB, fathomed
44     12     5          0.1500     2.7000     1700.0000  % 
UB: 2.6999999999999993
branching on CartesianIndex(1, 1) with a.
45     13     6          0.1500     2.7000     1700.0000  % 
LB close or above UB, fathomed
46     12     6          0.1500     2.7000     1700.0000  % 
UB: 2.6999999999999993
branching on 1 with b.
47     13     7          0.1500     2.7000     1700.0000  % 
UB: 2.6999999999999993
branching on 2 with b.
48     14     8          0.1500     2.7000     1700.0000  % 
UB: 2.6999999999999993
branching on CartesianIndex(1, 2) with a.
49     15     9          0.1500     2.7000     1700.0000  % 
UB: 2.6999999999999993
branching on CartesianIndex(1, 3) with a.
50     16     10         0.1500     2.7000     1700.0000  % 
UB: 2.6999999999999993
branching on CartesianIndex(1, 4) with c.
51     17     10         0.1500     2.7000     1700.0000  % 
UB: 2.6999999999999993
branching on 3 with b.
52     18     9          0.1500     2.7000     1700.0000  % 
LB close or above UB, fathomed
53     17     8          0.1500     2.7000     1700.0000  % 
UB: 2.6999999999999993
branching on CartesianIndex(1, 2) with a.
54     18     7          0.1500     2.7000     1700.0000  % 
LB close or above UB, fathomed
55     17     11         0.1500     2.7000     1700.0000  % 
LB close or above UB, fathomed
56     16     11         0.1500     2.7000     1700.0000  % 
UB: 2.6999999999999993
branching on CartesianIndex(1, 5) with c.
57     17     12         0.1500     2.7000     1700.0000  % 
UB: 2.6999999999999993
branching on 3 with b.
58     18     13         0.1500     2.7000     1700.0000  % 
UB: 2.6999999999999993
branching on 1 with b.
59     19     14         0.1500     2.7000     1700.0000  % 
LB close or above UB, fathomed
60     18     14         0.1500     2.7000     1700.0000  % 
LB close or above UB, fathomed
61     17     13         0.1500     2.7000     1700.0000  % 
UB: 2.6999999999999993
branching on CartesianIndex(2, 5) with c.
62     18     12         0.1500     2.7000     1700.0000  % 
LB close or above UB, fathomed
63     17     10         0.1500     2.7000     1700.0000  % 
UB: 2.6999999999999993
branching on 3 with b.
64     18     10         0.1500     2.7000     1700.0000  % 
UB: 2.6999999999999993
branching on CartesianIndex(1, 4) with c.
65     19     10         0.1500     2.7000     1700.0000  % 
LB close or above UB, fathomed
66     18     10         0.1500     2.7000     1700.0000  % 
UB: 2.6999999999999993
branching on 2 with b.
67     19     11         0.1500     2.7000     1700.0000  % 
UB: 2.6999999999999993
branching on CartesianIndex(1, 5) with c.
68     20     12         0.1500     2.7000     1700.0000  % 
UB: 2.6999999999999993
branching on 3 with b.
69     21     13         0.1500     2.7000     1700.0000  % 
LB close or above UB, fathomed
70     20     13         0.1500     2.7000     1700.0000  % 
UB: 2.6999999999999993
branching on CartesianIndex(2, 5) with c.
71     21     12         0.1500     2.7000     1700.0000  % 
LB close or above UB, fathomed
72     20     11         0.1500     2.7000     1700.0000  % 
LB close or above UB, fathomed
73     19     11         0.1500     2.7000     1700.0000  % 
UB: 2.6999999999999993
branching on CartesianIndex(1, 5) with c.
74     20     12         0.1500     2.7000     1700.0000  % 
UB: 2.6999999999999993
branching on 3 with b.
75     21     13         0.1500     2.7000     1700.0000  % 
LB close or above UB, fathomed
76     20     13         0.1500     2.7000     1700.0000  % 
UB: 2.6999999999999993
branching on CartesianIndex(2, 5) with c.
77     21     14         0.1500     2.7000     1700.0000  % 
UB: 2.6999999999999993
branching on 1 with b.
78     22     14         0.1500     2.7000     1700.0000  % 
LB close or above UB, fathomed
79     21     12         0.1500     2.7000     1700.0000  % 
UB: 2.6999999999999993
branching on CartesianIndex(1, 6) with c.
80     22     13         0.1500     2.7000     1700.0000  % 
UB: 2.6999999999999993
branching on 3 with b.
81     23     14         0.1500     2.7000     1700.0000  % 
LB close or above UB, fathomed
82     22     14         0.1500     2.7000     1700.0000  % 
LB close or above UB, fathomed
83     21     13         0.1500     2.7000     1700.0000  % 
LB close or above UB, fathomed
84     20     11         0.1500     2.7000     1700.0000  % 
UB: 2.6999999999999993
branching on CartesianIndex(1, 5) with c.
85     21     12         0.1500     2.7000     1700.0000  % 
UB: 2.6999999999999993
branching on 3 with b.
86     22     13         0.1500     2.7000     1700.0000  % 
LB close or above UB, fathomed
87     21     13         0.1500     2.7000     1700.0000  % 
LB close or above UB, fathomed
88     20     12         0.1500     2.7000     1700.0000  % 
UB: 2.6999999999999993
branching on 3 with b.
89     21     13         0.1500     2.7000     1700.0000  % 
LB close or above UB, fathomed
90     20     13         0.1500     2.7000     1700.0000  % 
LB close or above UB, fathomed
91     19     15         0.1500     2.7000     1700.0000  % 
UB: 2.6999999999999993
branching on 2 with b.
92     20     16         0.1500     2.7000     1700.0000  % 
LB close or above UB, fathomed
93     19     16         0.1500     2.7000     1700.0000  % 
UB: 2.6999999999999993
branching on CartesianIndex(1, 6) with c.
94     20     17         0.1500     2.7000     1700.0000  % 
UB: 2.6999999999999993
branching on CartesianIndex(2, 6) with c.
95     21     18         0.1500     2.7000     1700.0000  % 
LB close or above UB, fathomed
96     20     18         0.1500     2.7000     1700.0000  % 
UB: 2.6999999999999993
branching on 3 with b.
97     21     19         0.1500     2.7000     1700.0000  % 
UB: 2.6999999999999993
branching on CartesianIndex(1, 7) with c.
98     22     20         0.1500     2.7000     1700.0000  % 
UB: 2.6999999999999993
branching on CartesianIndex(2, 7) with c.
99     23     21         0.1500     2.7000     1700.0000  % 
UB: 2.6999999999999993
branching on 1 with b.
100    23     22         0.1500     2.7000     1700.0000  % 
UB: 2.6999999999999993
branching on 2 with b.
101    24     23         0.1500     2.7000     1700.0000  % 
UB: 2.6999999999999993
branching on 3 with b.
102    24     24         0.1500     2.7000     1700.0000  % 
UB: 2.6999999999999993
branching on 1 with b.
103    24     25         0.1500     2.7000     1700.0000  % 
UB: 2.6999999999999993
branching on 2 with b.
104    24     26         0.1500     2.7000     1700.0000  % 
UB: 2.6999999999999993
branching on 3 with b.
105    25     27         0.1500     2.7000     1700.0000  % 
LB close or above UB, fathomed
106    24     27         0.1500     2.7000     1700.0000  % 
LB close or above UB, fathomed
107    23     23         0.1500     2.7000     1700.0000  % 
LB close or above UB, fathomed
108    22     21         0.1500     2.7000     1700.0000  % 
LB close or above UB, fathomed
109    21     20         0.1500     2.7000     1700.0000  % 
LB close or above UB, fathomed
110    20     19         0.1500     2.7000     1700.0000  % 
LB close or above UB, fathomed
111    19     17         0.1500     2.7000     1700.0000  % 
LB close or above UB, fathomed
112    18     15         0.1500     2.7000     1700.0000  % 
UB: 2.6999999999999993
branching on CartesianIndex(1, 6) with c.
113    19     16         0.1500     2.7000     1700.0000  % 
UB: 2.6999999999999993
branching on CartesianIndex(2, 6) with c.
114    20     17         0.1500     2.7000     1700.0000  % 
LB close or above UB, fathomed
115    19     17         0.1500     2.7000     1700.0000  % 
UB: 2.6999999999999993
branching on 2 with b.
116    20     18         0.1500     2.7000     1700.0000  % 
LB close or above UB, fathomed
117    19     18         0.1500     2.7000     1700.0000  % 
UB: 2.6999999999999993
branching on CartesianIndex(1, 7) with c.
118    20     19         0.1500     2.7000     1700.0000  % 
UB: 2.6999999999999993
branching on CartesianIndex(2, 7) with c.
119    21     20         0.1500     2.7000     1700.0000  % 
UB: 2.6999999999999993
branching on 3 with b.
120    22     21         0.1500     2.7000     1700.0000  % 
UB: 2.6999999999999993
branching on 1 with b.
121    22     22         0.1500     2.7000     1700.0000  % 
UB: 2.6999999999999993
branching on 2 with b.
122    23     23         0.1500     2.7000     1700.0000  % 
UB: 2.6999999999999993
branching on 3 with b.
123    23     24         0.1500     2.7000     1700.0000  % 
UB: 2.6999999999999993
branching on 1 with b.
124    23     25         0.1500     2.7000     1700.0000  % 
UB: 2.6999999999999993
branching on 2 with b.
125    23     26         0.1500     2.7000     1700.0000  % 
UB: 2.6999999999999993
branching on 3 with b.
126    24     27         0.1500     2.7000     1700.0000  % 
LB close or above UB, fathomed
127    23     27         0.1500     2.7000     1700.0000  % 
LB close or above UB, fathomed
128    22     23         0.1500     2.7000     1700.0000  % 
LB close or above UB, fathomed
129    21     21         0.1500     2.7000     1700.0000  % 
LB close or above UB, fathomed
130    20     20         0.1500     2.7000     1700.0000  % 
LB close or above UB, fathomed
131    19     19         0.1500     2.7000     1700.0000  % 
LB close or above UB, fathomed
132    18     16         0.1500     2.7000     1700.0000  % 
LB close or above UB, fathomed
133    17     14         0.1500     2.7000     1700.0000  % 
LB close or above UB, fathomed
134    16     14         0.1500     2.7000     1700.0000  % 
UB: 2.6999999999999993
branching on CartesianIndex(1, 6) with c.
135    17     15         0.1500     2.7000     1700.0000  % 
UB: 2.6999999999999993
branching on 1 with b.
136    18     16         0.1500     2.7000     1700.0000  % 
LB close or above UB, fathomed
137    17     16         0.1500     2.7000     1700.0000  % 
LB close or above UB, fathomed
138    16     15         0.1500     2.7000     1700.0000  % 
LB close or above UB, fathomed
139    15     11         0.1500     2.7000     1700.0000  % 
LB close or above UB, fathomed
140    14     11         0.1500     2.7000     1700.0000  % 
UB: 2.6999999999999993
branching on 3 with b.
141    15     12         0.1500     2.7000     1700.0000  % 
LB close or above UB, fathomed
142    14     12         0.1500     2.7000     1700.0000  % 
UB: 2.6999999999999993
branching on CartesianIndex(1, 5) with c.
143    15     13         0.1500     2.7000     1700.0000  % 
UB: 2.6999999999999993
branching on 1 with b.
144    16     14         0.1500     2.7000     1700.0000  % 
LB close or above UB, fathomed
145    15     14         0.1500     2.7000     1700.0000  % 
UB: 2.6999999999999993
branching on CartesianIndex(2, 5) with c.
146    16     15         0.1500     2.7000     1700.0000  % 
LB close or above UB, fathomed
147    15     15         0.1500     2.7000     1700.0000  % 
LB close or above UB, fathomed
148    14     13         0.1500     2.7000     1700.0000  % 
LB close or above UB, fathomed
149    13     11         0.1500     2.7000     1700.0000  % 
LB close or above UB, fathomed
150    12     11         0.1500     2.7000     1700.0000  % 
UB: 2.6999999999999993
branching on CartesianIndex(1, 4) with c.
151    13     12         0.1500     2.7000     1700.0000  % 
LB close or above UB, fathomed
152    12     12         0.1500     2.7000     1700.0000  % 
UB: 2.6999999999999993
branching on 1 with b.
153    13     13         0.1500     2.7000     1700.0000  % 
LB close or above UB, fathomed
154    12     13         0.1500     2.7000     1700.0000  % 
LB close or above UB, fathomed
155    11     9          0.1500     2.7000     1700.0000  % 
UB: 2.6999999999999993
branching on CartesianIndex(1, 3) with a.
156    12     10         0.1500     2.7000     1700.0000  % 
UB: 2.6999999999999993
branching on CartesianIndex(1, 4) with c.
157    13     11         0.1500     2.7000     1700.0000  % 
LB close or above UB, fathomed
158    12     11         0.1500     2.7000     1700.0000  % 
UB: 2.6999999999999993
branching on 3 with b.
159    13     12         0.1500     2.7000     1700.0000  % 
UB: 2.6999999999999993
branching on CartesianIndex(1, 5) with c.
160    14     13         0.1500     2.7000     1700.0000  % 
UB: 2.6999999999999993
branching on CartesianIndex(2, 5) with c.
161    15     14         0.1500     2.7000     1700.0000  % 
LB close or above UB, fathomed
162    14     14         0.1500     2.7000     1700.0000  % 
UB: 2.6999999999999993
branching on 1 with b.
163    15     15         0.1500     2.7000     1700.0000  % 
LB close or above UB, fathomed
164    14     15         0.1500     2.7000     1700.0000  % 
LB close or above UB, fathomed
165    13     13         0.1500     2.7000     1700.0000  % 
LB close or above UB, fathomed
166    12     12         0.1500     2.7000     1700.0000  % 
LB close or above UB, fathomed
167    11     10         0.1500     2.7000     1700.0000  % 
UB: 2.6999999999999993
branching on 3 with b.
168    12     11         0.1500     2.7000     1700.0000  % 
LB close or above UB, fathomed
169    11     11         0.1500     2.7000     1700.0000  % 
UB: 2.6999999999999993
branching on CartesianIndex(1, 4) with c.
170    12     12         0.1500     2.7000     1700.0000  % 
LB close or above UB, fathomed
171    11     12         0.1500     2.7000     1700.0000  % 
UB: 2.6999999999999993
branching on CartesianIndex(1, 5) with c.
172    12     13         0.1500     2.7000     1700.0000  % 
UB: 2.6999999999999993
branching on CartesianIndex(2, 5) with c.
173    13     14         0.1500     2.7000     1700.0000  % 
LB close or above UB, fathomed
174    12     14         0.1500     2.7000     1700.0000  % 
LB close or above UB, fathomed
175    11     13         0.1500     2.7000     1700.0000  % 
LB close or above UB, fathomed
176    10     9          0.1500     2.7000     1700.0000  % 
LB close or above UB, fathomed
177    9      11         0.1500     2.7000     1700.0000  % 
LB close or above UB, fathomed
178    8      11         0.1500     2.7000     1700.0000  % 
UB: 2.6999999999999993
branching on 1 with b.
179    9      12         0.1500     2.7000     1700.0000  % 
LB close or above UB, fathomed
180    8      12         0.1500     2.7000     1700.0000  % 
LB close or above UB, fathomed
181    7      11         0.1500     2.7000     1700.0000  % 
LB close or above UB, fathomed
182    6      11         0.1500     2.7000     1700.0000  % 
UB: 2.6999999999999993
branching on CartesianIndex(1, 5) with c.
183    7      12         0.1500     2.7000     1700.0000  % 
UB: 2.6999999999999993
branching on 3 with b.
184    8      13         0.1500     2.7000     1700.0000  % 
LB close or above UB, fathomed
185    7      13         0.1500     2.7000     1700.0000  % 
UB: 2.6999999999999993
branching on CartesianIndex(2, 5) with c.
186    8      14         0.1500     2.7000     1700.0000  % 
UB: 2.6999999999999993
branching on 1 with b.
187    9      15         0.1500     2.7000     1700.0000  % 
UB: 2.6999999999999993
branching on CartesianIndex(1, 6) with c.
188    10     16         0.1500     2.7000     1700.0000  % 
UB: 2.6999999999999993
branching on CartesianIndex(2, 6) with c.
189    11     17         0.1500     2.7000     1700.0000  % 
LB close or above UB, fathomed
190    10     17         0.1500     2.7000     1700.0000  % 
UB: 2.6999999999999993
branching on CartesianIndex(1, 7) with c.
191    11     18         0.1500     2.7000     1700.0000  % 
UB: 2.6999999999999993
branching on CartesianIndex(2, 7) with c.
192    12     19         0.1500     2.7000     1700.0000  % 
UB: 2.6999999999999993
branching on 2 with b.
193    13     20         0.1500     2.7000     1700.0000  % 
UB: 2.6999999999999993
branching on 3 with b.
194    14     21         0.1500     2.7000     1700.0000  % 
UB: 2.6999999999999993
branching on 1 with b.
195    14     22         0.1500     2.7000     1700.0000  % 
UB: 2.6999999999999993
branching on 2 with b.
196    15     23         0.1500     2.7000     1700.0000  % 
LB close or above UB, fathomed
197    14     23         0.1500     2.7000     1700.0000  % 
UB: 2.6999999999999993
branching on 3 with b.
198    14     24         0.1500     2.7000     1700.0000  % 
UB: 2.6999999999999993
branching on 1 with b.
199    14     25         0.1500     2.7000     1700.0000  % 
UB: 2.6999999999999993
branching on 2 with b.
200    14     26         0.1500     2.7000     1700.0000  % 
UB: 2.6999999999999993
branching on 3 with b.
201    15     27         0.1500     2.7000     1700.0000  % 
LB close or above UB, fathomed
202    14     27         0.1500     2.7000     1700.0000  % 
LB close or above UB, fathomed
203    13     21         0.1500     2.7000     1700.0000  % 
LB close or above UB, fathomed
204    12     20         0.1500     2.7000     1700.0000  % 
UB: 2.6999999999999993
branching on 3 with b.
205    13     21         0.1500     2.7000     1700.0000  % 
UB: 2.6999999999999993
branching on 1 with b.
206    13     22         0.1500     2.7000     1700.0000  % 
UB: 2.6999999999999993
branching on 2 with b.
207    13     23         0.1500     2.7000     1700.0000  % 
UB: 2.6999999999999993
branching on 3 with b.
208    13     24         0.1500     2.7000     1700.0000  % 
UB: 2.6999999999999993
branching on 1 with b.
209    13     25         0.1500     2.7000     1700.0000  % 
UB: 2.6999999999999993
branching on 2 with b.
210    13     26         0.1500     2.7000     1700.0000  % 
UB: 2.6999999999999993
branching on 3 with b.
211    14     27         0.1500     2.7000     1700.0000  % 
LB close or above UB, fathomed
212    13     27         0.1500     2.7000     1700.0000  % 
LB close or above UB, fathomed
213    12     21         0.1500     2.7000     1700.0000  % 
LB close or above UB, fathomed
214    11     19         0.1500     2.7000     1700.0000  % 
LB close or above UB, fathomed
215    10     18         0.1500     2.7000     1700.0000  % 
LB close or above UB, fathomed
216    9      16         0.1500     2.7000     1700.0000  % 
LB close or above UB, fathomed
217    8      15         0.1500     2.7000     1700.0000  % 
UB: 2.6999999999999993
branching on CartesianIndex(1, 6) with c.
218    9      16         0.1500     2.7000     1700.0000  % 
UB: 2.6999999999999993
branching on 2 with b.
219    10     17         0.1500     2.7000     1700.0000  % 
UB: 2.6999999999999993
branching on CartesianIndex(2, 6) with c.
220    11     18         0.1500     2.7000     1700.0000  % 
LB close or above UB, fathomed
221    10     18         0.1500     2.7000     1700.0000  % 
UB: 2.6999999999999993
branching on CartesianIndex(1, 7) with c.
222    11     19         0.1500     2.7000     1700.0000  % 
UB: 2.6999999999999993
branching on CartesianIndex(2, 7) with c.
223    12     20         0.1500     2.7000     1700.0000  % 
UB: 2.6999999999999993
branching on 3 with b.
224    13     21         0.1500     2.7000     1700.0000  % 
UB: 2.6999999999999993
branching on 1 with b.
225    13     22         0.1500     2.7000     1700.0000  % 
UB: 2.6999999999999993
branching on 2 with b.
226    14     23         0.1500     2.7000     1700.0000  % 
LB close or above UB, fathomed
227    13     23         0.1500     2.7000     1700.0000  % 
UB: 2.6999999999999993
branching on 3 with b.
228    13     24         0.1500     2.7000     1700.0000  % 
UB: 2.6999999999999993
branching on 1 with b.
229    13     25         0.1500     2.7000     1700.0000  % 
UB: 2.6999999999999993
branching on 2 with b.
230    13     26         0.1500     2.7000     1700.0000  % 
UB: 2.6999999999999993
branching on 3 with b.
231    14     27         0.1500     2.7000     1700.0000  % 
LB close or above UB, fathomed
232    13     27         0.1500     2.7000     1700.0000  % 
LB close or above UB, fathomed
233    12     21         0.1500     2.7000     1700.0000  % 
LB close or above UB, fathomed
234    11     20         0.1500     2.7000     1700.0000  % 
LB close or above UB, fathomed
235    10     19         0.1500     2.7000     1700.0000  % 
LB close or above UB, fathomed
236    9      17         0.1500     2.7000     1700.0000  % 
UB: 2.6999999999999993
branching on 3 with b.
237    10     18         0.1500     2.7000     1700.0000  % 
UB: 2.6999999999999993
branching on 1 with b.
238    10     19         0.1500     2.7000     1700.0000  % 
UB: 2.6999999999999993
branching on CartesianIndex(2, 6) with c.
239    11     20         0.1500     2.7000     1700.0000  % 
LB close or above UB, fathomed
240    10     20         0.1500     2.7000     1700.0000  % 
UB: 2.6999999999999993
branching on CartesianIndex(1, 7) with c.
241    11     21         0.1500     2.7000     1700.0000  % 
UB: 2.6999999999999993
branching on CartesianIndex(2, 7) with c.
242    12     22         0.1500     2.7000     1700.0000  % 
UB: 2.6999999999999993
branching on 2 with b.
243    12     23         0.1500     2.7000     1700.0000  % 
UB: 2.6999999999999993
branching on 3 with b.
244    12     24         0.1500     2.7000     1700.0000  % 
UB: 2.6999999999999993
branching on 1 with b.
245    12     25         0.1500     2.7000     1700.0000  % 
UB: 2.6999999999999993
branching on 2 with b.
246    12     26         0.1500     2.7000     1700.0000  % 
UB: 2.6999999999999993
branching on 3 with b.
247    13     27         0.1500     2.7000     1700.0000  % 
LB close or above UB, fathomed
248    12     27         0.1500     2.7000     1700.0000  % 
LB close or above UB, fathomed
249    11     22         0.1500     2.7000     1700.0000  % 
LB close or above UB, fathomed
250    10     21         0.1500     2.7000     1700.0000  % 
LB close or above UB, fathomed
251    9      18         0.1500     2.7000     1700.0000  % 
LB close or above UB, fathomed
252    8      16         0.1500     2.7000     1700.0000  % 
LB close or above UB, fathomed
253    7      14         0.1500     2.7000     1700.0000  % 
LB close or above UB, fathomed
254    6      12         0.1500     2.7000     1700.0000  % 
UB: 2.6999999999999993
branching on CartesianIndex(1, 6) with c.
255    7      13         0.1500     2.7000     1700.0000  % 
UB: 2.6999999999999993
branching on CartesianIndex(2, 6) with c.
256    8      14         0.1500     2.7000     1700.0000  % 
LB close or above UB, fathomed
257    7      14         0.1500     2.7000     1700.0000  % 
LB close or above UB, fathomed
258    6      13         0.1500     2.7000     1700.0000  % 
LB close or above UB, fathomed
259    5      11         0.1500     2.7000     1700.0000  % 
LB close or above UB, fathomed
260    4      11         0.1500     2.7000     1700.0000  % 
LB close or above UB, fathomed
261    3      11         0.1500     2.7000     1700.0000  % 
UB: 2.6999999999999993
branching on 3 with b.
262    4      12         0.1500     2.7000     1700.0000  % 
LB close or above UB, fathomed
263    3      12         0.1500     2.7000     1700.0000  % 
UB: 2.6999999999999993
branching on CartesianIndex(2, 4) with c.
264    4      13         0.1500     2.7000     1700.0000  % 
UB: 2.6999999999999993
branching on 1 with b.
265    5      14         0.1500     2.7000     1700.0000  % 
UB: 2.6999999999999993
branching on CartesianIndex(1, 5) with c.
266    6      15         0.1500     2.7000     1700.0000  % 
LB close or above UB, fathomed
267    5      15         0.1500     2.7000     1700.0000  % 
UB: 2.6999999999999993
branching on CartesianIndex(1, 6) with c.
268    6      16         0.1500     2.7000     1700.0000  % 
UB: 2.6999999999999993
branching on 2 with b.
269    7      17         0.1500     2.7000     1700.0000  % 
LB close or above UB, fathomed
270    6      17         0.1500     2.7000     1700.0000  % 
LB close or above UB, fathomed
271    5      16         0.1500     2.7000     1700.0000  % 
LB close or above UB, fathomed
272    4      14         0.1500     2.7000     1700.0000  % 
LB close or above UB, fathomed
273    3      13         0.1500     2.7000     1700.0000  % 
LB close or above UB, fathomed
274    2      11         0.1500     2.7000     1700.0000  % 
LB close or above UB, fathomed
275    1      14         0.1500     2.7000     1700.0000  % 
LB close or above UB, fathomed
276    0      14         0.1500     2.7000     1700.0000  % 
UB: 2.6999999999999993
branching on CartesianIndex(1, 6) with c.
277    1      15         0.1500     2.7000     1700.0000  % 
UB: 2.6999999999999993
branching on CartesianIndex(2, 6) with c.
278    2      16         0.1500     2.7000     1700.0000  % 
LB close or above UB, fathomed
279    1      16         0.1500     2.7000     1700.0000  % 
LB close or above UB, fathomed
280    0      15         0.1500     2.7000     1700.0000  % 
LB close or above UB, fathomed
all node solved
solved nodes:  281
281                                                   2.6778e+00     2.7000e+00     0.8299  % 
2×3 Matrix{Float64}:
 0.0  0.0  1.0
 1.0  0.0  0.0
3-element Vector{Float64}:
 0.25613139081848035
 0.0
 0.8042017308969633
3×7 Matrix{Float64}:
 0.0  0.0  0.0  0.0  1.0  0.0  0.0
 0.0  0.0  0.0  0.0  0.0  1.0  0.0
 0.0  0.0  0.0  0.0  0.0  0.0  1.0
3-element Vector{Float64}:
 1.0
 0.0
 1.0
2×3 Matrix{Float64}:
 0.0  0.0  1.0
 1.0  0.0  0.0
3-element Vector{Float64}:
 0.25905418442999295
 0.0
 0.6705885679401531
3×7 Matrix{Float64}:
 0.0  0.0  0.0  0.0  1.0  0.0  0.0
 0.0  0.0  0.0  0.0  0.0  1.0  0.0
 0.0  0.0  0.0  0.0  0.0  0.0  1.0
3-element Vector{Float64}:
 1.0
 0.0
 1.0
comparison (CRT and Glb)on prediction: Dict{Bool, Int64}(0 => 0, 1 => 4)
Dataname	 time	 objv	 lb	 gap	 train_w	 train_g	 test_w	 test_g
small_toy_46.small_toy	 58.66	 2.6999999999999993	 2.678	 0.0083	 88.889	 88.889	 75.0	 75.0
