Running 2 processes.
Start training small_toy_539.small_toy with seed 1.
Any[]
(2, 13)
(2, 6)
(2, 3)
(2, 4)
dimension: 2, class: 3
cart cost: 2.7500000000000004
size of X: (2, 9)
ngroups: 2
UB: 2.7499999999999996
Iter	left	lev	LB	UB	gap	
0      0      1          0.1333     2.7500     1962.5000  % 
UB: 2.7499999999999996
branching on 1 with d.
1      1      2          0.1333     2.7500     1962.5000  % 
LB close or above UB, fathomed
2      0      2          0.1333     2.7500     1962.5000  % 
UB: 2.7499999999999996
branching on 2 with d.
3      1      3          0.1333     2.7500     1962.5000  % 
UB: 2.7499999999999996
branching on 3 with d.
4      2      3          0.1333     2.7500     1962.5000  % 
UB: 2.7499999999999996
branching on 3 with d.
5      3      4          0.1333     2.7500     1962.5000  % 
UB: 2.7499999999999996
branching on CartesianIndex(1, 1) with a.
6      4      4          0.1333     2.7500     1962.5000  % 
UB: 2.7499999999999996
branching on CartesianIndex(1, 1) with a.
7      5      5          0.1500     2.7500     1733.3333  % 
LB close or above UB, fathomed
8      4      5          0.1500     2.7500     1733.3333  % 
UB: 2.7499999999999996
branching on CartesianIndex(1, 2) with a.
9      5      6          0.1500     2.7500     1733.3333  % 
UB: 2.7499999999999996
branching on CartesianIndex(1, 3) with a.
10     6      7          0.1500     2.7500     1733.3333  % 
LB close or above UB, fathomed
11     5      7          0.1500     2.7500     1733.3333  % 
UB: 2.7499999999999996
branching on 1 with b.
12     6      8          0.1500     2.7500     1733.3333  % 
LB close or above UB, fathomed
13     5      8          0.1500     2.7500     1733.3333  % 
UB: 2.7499999999999996
branching on 1 with b.
14     6      9          0.1500     2.7500     1733.3333  % 
UB: 2.7499999999999996
branching on CartesianIndex(1, 4) with c.
15     7      10         0.1500     2.7500     1733.3333  % 
LB close or above UB, fathomed
16     6      10         0.1500     2.7500     1733.3333  % 
UB: 2.7499999999999996
branching on CartesianIndex(1, 5) with c.
17     7      11         0.1500     2.7500     1733.3333  % 
UB: 2.7499999999999996
branching on CartesianIndex(2, 5) with c.
18     8      12         0.1500     2.7500     1733.3333  % 
LB close or above UB, fathomed
19     7      12         0.1500     2.7500     1733.3333  % 
LB close or above UB, fathomed
20     6      11         0.1500     2.7500     1733.3333  % 
LB close or above UB, fathomed
21     5      9          0.1500     2.7500     1733.3333  % 
LB close or above UB, fathomed
22     4      6          0.1500     2.7500     1733.3333  % 
LB close or above UB, fathomed
23     3      4          2.7000     2.7500     1.8519     % 
LB close or above UB, fathomed
24     2      4          2.7000     2.7500     1.8519     % 
UB: 2.7499999999999996
branching on 1 with b.
25     3      5          2.7000     2.7500     1.8519     % 
UB: 2.7499999999999996
branching on 1 with b.
26     4      6          2.7000     2.7500     1.8519     % 
UB: 2.7499999999999996
branching on CartesianIndex(1, 1) with a.
27     5      7          2.7000     2.7500     1.8519     % 
LB close or above UB, fathomed
28     4      7          2.7000     2.7500     1.8519     % 
LB close or above UB, fathomed
29     3      6          2.7000     2.7500     1.8519     % 
UB: 2.7499999999999996
branching on CartesianIndex(1, 1) with a.
30     4      5          2.7000     2.7500     1.8519     % 
UB: 2.7499999999999996
branching on 1 with b.
31     5      6          2.7000     2.7500     1.8519     % 
UB: 2.7499999999999996
branching on 3 with b.
32     6      7          2.7000     2.7500     1.8519     % 
LB close or above UB, fathomed
33     5      7          2.7000     2.7500     1.8519     % 
UB: 2.7499999999999996
branching on CartesianIndex(1, 1) with a.
34     6      8          2.7000     2.7500     1.8519     % 
LB close or above UB, fathomed
35     5      8          2.7000     2.7500     1.8519     % 
LB close or above UB, fathomed
36     4      6          2.7000     2.7500     1.8519     % 
LB close or above UB, fathomed
37     3      7          2.7000     2.7500     1.8519     % 
UB: 2.7499999999999996
branching on CartesianIndex(1, 3) with a.
38     4      8          2.7000     2.7500     1.8519     % 
UB: 2.7499999999999996
branching on CartesianIndex(1, 5) with c.
39     5      9          2.7000     2.7500     1.8519     % 
LB close or above UB, fathomed
40     4      9          2.7000     2.7500     1.8519     % 
UB: 2.7499999999999996
branching on 3 with b.
41     5      10         2.7000     2.7500     1.8519     % 
LB close or above UB, fathomed
42     4      10         2.7000     2.7500     1.8519     % 
UB: 2.7499999999999996
branching on CartesianIndex(1, 6) with c.
43     5      11         2.7000     2.7500     1.8519     % 
UB: 2.7499999999999996
branching on CartesianIndex(2, 6) with c.
44     6      12         2.7000     2.7500     1.8519     % 
LB close or above UB, fathomed
45     5      12         2.7000     2.7500     1.8519     % 
LB close or above UB, fathomed
46     4      11         2.7000     2.7500     1.8519     % 
LB close or above UB, fathomed
47     3      8          2.7000     2.7500     1.8519     % 
UB: 2.7499999999999996
branching on 3 with b.
48     4      9          2.7000     2.7500     1.8519     % 
LB close or above UB, fathomed
49     3      9          2.7000     2.7500     1.8519     % 
UB: 2.7499999999999996
branching on CartesianIndex(1, 5) with c.
50     4      10         2.7000     2.7500     1.8519     % 
LB close or above UB, fathomed
51     3      10         2.7000     2.7500     1.8519     % 
UB: 2.7499999999999996
branching on CartesianIndex(1, 6) with c.
52     4      11         2.7000     2.7500     1.8519     % 
UB: 2.7499999999999996
branching on CartesianIndex(2, 6) with c.
53     5      12         2.7000     2.7500     1.8519     % 
LB close or above UB, fathomed
54     4      12         2.7000     2.7500     1.8519     % 
UB: 2.7499999999999996
branching on CartesianIndex(1, 7) with c.
55     5      13         2.7000     2.7500     1.8519     % 
UB: 2.7499999999999996
branching on CartesianIndex(2, 7) with c.
56     6      14         2.7000     2.7500     1.8519     % 
UB: 2.7499999999999996
branching on 1 with b.
57     7      15         2.7000     2.7500     1.8519     % 
LB close or above UB, fathomed
58     6      15         2.7000     2.7500     1.8519     % 
LB close or above UB, fathomed
59     5      14         2.7000     2.7500     1.8519     % 
LB close or above UB, fathomed
60     4      13         2.7000     2.7500     1.8519     % 
LB close or above UB, fathomed
61     3      11         2.7000     2.7500     1.8519     % 
LB close or above UB, fathomed
62     2      7          2.7000     2.7500     1.8519     % 
LB close or above UB, fathomed
63     1      5          2.7000     2.7500     1.8519     % 
UB: 2.7499999999999996
branching on 1 with b.
64     2      6          2.7000     2.7500     1.8519     % 
LB close or above UB, fathomed
65     1      6          2.7000     2.7500     1.8519     % 
UB: 2.7499999999999996
branching on CartesianIndex(1, 2) with a.
66     2      7          2.7000     2.7500     1.8519     % 
UB: 2.7499999999999996
branching on 1 with b.
67     3      8          2.7000     2.7500     1.8519     % 
UB: 2.7499999999999996
branching on CartesianIndex(1, 4) with c.
68     4      9          2.7000     2.7500     1.8519     % 
LB close or above UB, fathomed
69     3      9          2.7000     2.7500     1.8519     % 
UB: 2.7499999999999996
branching on 2 with b.
70     4      10         2.7000     2.7500     1.8519     % 
UB: 2.7499999999999996
branching on CartesianIndex(1, 5) with c.
71     5      11         2.7000     2.7500     1.8519     % 
UB: 2.7499999999999996
branching on CartesianIndex(2, 5) with c.
72     6      12         2.7000     2.7500     1.8519     % 
LB close or above UB, fathomed
73     5      12         2.7000     2.7500     1.8519     % 
LB close or above UB, fathomed
74     4      11         2.7000     2.7500     1.8519     % 
LB close or above UB, fathomed
75     3      10         2.7000     2.7500     1.8519     % 
LB close or above UB, fathomed
76     2      8          2.7000     2.7500     1.8519     % 
LB close or above UB, fathomed
77     1      7          2.7000     2.7500     1.8519     % 
UB: 2.7499999999999996
branching on 1 with b.
78     2      8          2.7000     2.7500     1.8519     % 
UB: 2.7499999999999996
branching on 2 with b.
79     3      9          2.7000     2.7500     1.8519     % 
LB close or above UB, fathomed
80     2      9          2.7000     2.7500     1.8519     % 
LB close or above UB, fathomed
81     1      8          2.7000     2.7500     1.8519     % 
LB close or above UB, fathomed
82     0      5          2.7000     2.7500     1.8519     % 
UB: 2.7499999999999996
branching on 1 with b.
83     1      6          2.7000     2.7500     1.8519     % 
LB close or above UB, fathomed
84     0      6          2.7000     2.7500     1.8519     % 
UB: 2.7499999999999996
branching on CartesianIndex(1, 2) with a.
85     1      7          2.7000     2.7500     1.8519     % 
UB: 2.7499999999999996
branching on 1 with b.
86     2      8          2.7000     2.7500     1.8519     % 
UB: 2.7499999999999996
branching on 2 with b.
87     3      9          2.7000     2.7500     1.8519     % 
UB: 2.7499999999999996
branching on CartesianIndex(1, 4) with c.
88     4      10         2.7000     2.7500     1.8519     % 
LB close or above UB, fathomed
89     3      10         2.7000     2.7500     1.8519     % 
UB: 2.7499999999999996
branching on CartesianIndex(1, 5) with c.
90     4      11         2.7000     2.7500     1.8519     % 
UB: 2.7499999999999996
branching on CartesianIndex(2, 5) with c.
91     5      12         2.7000     2.7500     1.8519     % 
LB close or above UB, fathomed
92     4      12         2.7000     2.7500     1.8519     % 
UB: 2.7499999999999996
branching on CartesianIndex(1, 7) with c.
93     5      13         2.7000     2.7500     1.8519     % 
UB: 2.7499999999999996
branching on CartesianIndex(2, 7) with c.
94     6      14         2.7000     2.7500     1.8519     % 
UB: 2.7499999999999996
branching on 1 with b.
95     6      15         2.7000     2.7500     1.8519     % 
UB: 2.7499999999999996
branching on 2 with b.
96     7      16         2.7000     2.7500     1.8519     % 
LB close or above UB, fathomed
97     6      16         2.7000     2.7500     1.8519     % 
UB: 2.7499999999999996
branching on 1 with b.
98     7      17         2.7000     2.7500     1.8519     % 
LB close or above UB, fathomed
99     6      17         2.7000     2.7500     1.8519     % 
UB: 2.7499999999999996
branching on 2 with b.
100    7      18         2.7000     2.7500     1.8519     % 
LB close or above UB, fathomed
101    6      18         2.7000     2.7500     1.8519     % 
LB close or above UB, fathomed
102    5      14         2.7000     2.7500     1.8519     % 
LB close or above UB, fathomed
103    4      13         2.7000     2.7500     1.8519     % 
LB close or above UB, fathomed
104    3      11         2.7000     2.7500     1.8519     % 
LB close or above UB, fathomed
105    2      9          2.7000     2.7500     1.8519     % 
UB: 2.7499999999999996
branching on 1 with b.
106    2      10         2.7000     2.7500     1.8519     % 
UB: 2.7499999999999996
branching on 2 with b.
107    3      11         2.7000     2.7500     1.8519     % 
UB: 2.7499999999999996
branching on CartesianIndex(1, 4) with c.
108    4      12         2.7000     2.7500     1.8519     % 
LB close or above UB, fathomed
109    3      12         2.7000     2.7500     1.8519     % 
UB: 2.7499999999999996
branching on CartesianIndex(1, 5) with c.
110    4      13         2.7000     2.7500     1.8519     % 
UB: 2.7499999999999996
branching on CartesianIndex(2, 5) with c.
111    5      14         2.7000     2.7500     1.8519     % 
LB close or above UB, fathomed
112    4      14         2.7000     2.7500     1.8519     % 
LB close or above UB, fathomed
113    3      13         2.7000     2.7500     1.8519     % 
LB close or above UB, fathomed
114    2      11         2.7000     2.7500     1.8519     % 
LB close or above UB, fathomed
115    1      8          2.7000     2.7500     1.8519     % 
UB: 2.7499999999999996
branching on 2 with b.
116    2      9          2.7000     2.7500     1.8519     % 
UB: 2.7499999999999996
branching on CartesianIndex(1, 4) with c.
117    3      10         2.7000     2.7500     1.8519     % 
LB close or above UB, fathomed
118    2      10         2.7000     2.7500     1.8519     % 
UB: 2.7499999999999996
branching on CartesianIndex(1, 5) with c.
119    3      11         2.7000     2.7500     1.8519     % 
UB: 2.7499999999999996
branching on CartesianIndex(2, 5) with c.
120    4      12         2.7000     2.7500     1.8519     % 
LB close or above UB, fathomed
121    3      12         2.7000     2.7500     1.8519     % 
UB: 2.7499999999999996
branching on CartesianIndex(1, 7) with c.
122    4      13         2.7000     2.7500     1.8519     % 
UB: 2.7499999999999996
branching on CartesianIndex(2, 7) with c.
123    5      14         2.7000     2.7500     1.8519     % 
UB: 2.7499999999999996
branching on 1 with b.
124    5      15         2.7000     2.7500     1.8519     % 
UB: 2.7499999999999996
branching on 2 with b.
125    6      16         2.7000     2.7500     1.8519     % 
LB close or above UB, fathomed
126    5      16         2.7000     2.7500     1.8519     % 
UB: 2.7499999999999996
branching on 1 with b.
127    6      17         2.7000     2.7500     1.8519     % 
UB: 2.7499999999999996
branching on 2 with b.
128    7      18         2.7000     2.7500     1.8519     % 
LB close or above UB, fathomed
129    6      18         2.7000     2.7500     1.8519     % 
LB close or above UB, fathomed
130    5      17         2.7000     2.7500     1.8519     % 
LB close or above UB, fathomed
131    4      14         2.7000     2.7500     1.8519     % 
LB close or above UB, fathomed
132    3      13         2.7000     2.7500     1.8519     % 
LB close or above UB, fathomed
133    2      11         2.7000     2.7500     1.8519     % 
LB close or above UB, fathomed
134    1      9          2.7000     2.7500     1.8519     % 
LB close or above UB, fathomed
135    0      7          2.7000     2.7500     1.8519     % 
UB: 2.7499999999999996
branching on 1 with b.
136    1      8          2.7000     2.7500     1.8519     % 
UB: 2.7499999999999996
branching on 2 with b.
137    2      9          2.7000     2.7500     1.8519     % 
LB close or above UB, fathomed
138    1      9          2.7000     2.7500     1.8519     % 
LB close or above UB, fathomed
139    0      8          2.7000     2.7500     1.8519     % 
UB: 2.7499999999999996
branching on CartesianIndex(1, 4) with c.
140    1      9          2.7000     2.7500     1.8519     % 
LB close or above UB, fathomed
141    0      9          2.7000     2.7500     1.8519     % 
UB: 2.7499999999999996
branching on 2 with b.
142    1      10         2.7000     2.7500     1.8519     % 
LB close or above UB, fathomed
143    0      10         2.7000     2.7500     1.8519     % 
LB close or above UB, fathomed
all node solved
solved nodes:  144
144                                                   2.7500e+00     2.7500e+00     0.0000  % 
2×3 Matrix{Float64}:
 0.0  1.0  1.0
 1.0  0.0  0.0
3-element Vector{Float64}:
 0.4081358854711355
 0.6788598602396967
 0.797698843169961
3×7 Matrix{Float64}:
 0.0  0.0  0.0  1.0  0.0  0.0  0.0
 0.0  0.0  0.0  0.0  1.0  1.0  0.0
 0.0  0.0  0.0  0.0  0.0  0.0  1.0
3-element Vector{Float64}:
 1.0
 1.0
 1.0
2×3 Matrix{Float64}:
 1.0  0.0   1.0
 0.0  1.0  -0.0
3-element Vector{Float64}:
 0.707977717608292
 1.0
 0.7097603912869873
3×7 Matrix{Float64}:
 0.0  0.0  0.0   1.0   0.0  -0.0  -0.0
 0.0  0.0  0.0  -0.0  -0.0   1.0   0.0
 0.0  0.0  0.0  -0.0   1.0  -0.0   1.0
3-element Vector{Float64}:
 1.0
 1.0
 1.0
comparison (CRT and Glb)on prediction: Dict{Bool, Int64}(0 => 1, 1 => 3)
Dataname	 time	 objv	 lb	 gap	 train_w	 train_g	 test_w	 test_g
small_toy_539.small_toy	 60.29	 2.7499999999999996	 2.75	 0.0	 88.889	 88.889	 50.0	 75.0
