Running 2 processes.
Start training small_toy_89.small_toy with seed 1.
Any[]
(2, 13)
(2, 6)
(2, 3)
(2, 4)
dimension: 2, class: 3
cart cost: 2.7000000000000006
size of X: (2, 9)
ngroups: 2
UB: 2.6999999999999993
Iter	left	lev	LB	UB	gap	
0      0      1          0.1000     2.7000     2600.0000  % 
UB: 2.6999999999999993
branching on 1 with d.
1      1      2          0.1000     2.7000     2600.0000  % 
LB close or above UB, fathomed
2      0      2          0.1000     2.7000     2600.0000  % 
UB: 2.6999999999999993
branching on 2 with d.
3      1      3          0.1000     2.7000     2600.0000  % 
UB: 2.6999999999999993
branching on 3 with d.
4      2      4          0.1000     2.7000     2600.0000  % 
LB close or above UB, fathomed
5      1      4          0.1000     2.7000     2600.0000  % 
UB: 2.6999999999999993
branching on CartesianIndex(1, 1) with a.
6      2      5          0.1000     2.7000     2600.0000  % 
UB: 2.6999999999999993
branching on CartesianIndex(1, 3) with a.
7      3      6          0.1000     2.7000     2600.0000  % 
LB close or above UB, fathomed
8      2      6          0.1000     2.7000     2600.0000  % 
UB: 2.6999999999999993
branching on CartesianIndex(1, 5) with c.
9      3      7          0.1000     2.7000     2600.0000  % 
LB close or above UB, fathomed
10     2      7          0.1000     2.7000     2600.0000  % 
UB: 2.6999999999999993
branching on CartesianIndex(1, 6) with c.
11     3      5          0.1000     2.7000     2600.0000  % 
UB: 2.6999999999999993
branching on 1 with b.
12     4      6          0.1000     2.7000     2600.0000  % 
LB close or above UB, fathomed
13     3      6          0.1000     2.7000     2600.0000  % 
LB close or above UB, fathomed
14     2      3          0.1000     2.7000     2600.0000  % 
UB: 2.6999999999999993
branching on 3 with d.
15     3      4          0.1000     2.7000     2600.0000  % 
UB: 2.6999999999999993
branching on 1 with b.
16     4      5          0.1000     2.7000     2600.0000  % 
LB close or above UB, fathomed
17     3      5          0.1000     2.7000     2600.0000  % 
UB: 2.6999999999999993
branching on CartesianIndex(1, 1) with a.
18     4      6          0.1000     2.7000     2600.0000  % 
LB close or above UB, fathomed
19     3      6          0.1000     2.7000     2600.0000  % 
UB: 2.6999999999999993
branching on CartesianIndex(1, 2) with a.
20     4      4          0.1000     2.7000     2600.0000  % 
UB: 2.6999999999999993
branching on 1 with b.
21     5      7          0.1000     2.7000     2600.0000  % 
UB: 2.6999999999999993
branching on CartesianIndex(1, 4) with c.
22     6      8          0.1000     2.7000     2600.0000  % 
LB close or above UB, fathomed
23     5      8          0.1000     2.7000     2600.0000  % 
UB: 2.6999999999999993
branching on 1 with b.
24     6      9          0.1000     2.7000     2600.0000  % 
UB: 2.6999999999999993
branching on 2 with b.
25     7      10         0.1000     2.7000     2600.0000  % 
UB: 2.6999999999999993
branching on CartesianIndex(1, 5) with c.
26     8      11         0.1000     2.7000     2600.0000  % 
UB: 2.6999999999999993
branching on CartesianIndex(2, 5) with c.
27     9      12         0.1000     2.7000     2600.0000  % 
LB close or above UB, fathomed
28     8      12         0.1000     2.7000     2600.0000  % 
UB: 2.6999999999999993
branching on CartesianIndex(1, 7) with c.
29     9      13         0.1000     2.7000     2600.0000  % 
UB: 2.6999999999999993
branching on CartesianIndex(2, 7) with c.
30     10     14         0.1000     2.7000     2600.0000  % 
UB: 2.6999999999999993
branching on 1 with b.
31     11     15         0.1000     2.7000     2600.0000  % 
LB close or above UB, fathomed
32     10     15         0.1000     2.7000     2600.0000  % 
LB close or above UB, fathomed
33     9      14         0.1000     2.7000     2600.0000  % 
LB close or above UB, fathomed
34     8      13         0.1000     2.7000     2600.0000  % 
LB close or above UB, fathomed
35     7      11         0.1000     2.7000     2600.0000  % 
LB close or above UB, fathomed
36     6      10         0.1000     2.7000     2600.0000  % 
LB close or above UB, fathomed
37     5      9          0.1000     2.7000     2600.0000  % 
LB close or above UB, fathomed
38     4      7          0.1000     2.7000     2600.0000  % 
UB: 2.6999999999999993
branching on CartesianIndex(1, 4) with c.
39     5      8          0.1000     2.7000     2600.0000  % 
LB close or above UB, fathomed
40     4      8          0.1000     2.7000     2600.0000  % 
UB: 2.6999999999999993
branching on 1 with b.
41     5      9          0.1000     2.7000     2600.0000  % 
UB: 2.6999999999999993
branching on CartesianIndex(1, 5) with c.
42     6      10         0.1000     2.7000     2600.0000  % 
UB: 2.6999999999999993
branching on 2 with b.
43     7      11         0.1000     2.7000     2600.0000  % 
LB close or above UB, fathomed
44     6      11         0.1000     2.7000     2600.0000  % 
LB close or above UB, fathomed
45     5      10         0.1000     2.7000     2600.0000  % 
LB close or above UB, fathomed
46     4      9          0.1000     2.7000     2600.0000  % 
LB close or above UB, fathomed
47     3      8          0.1000     2.7000     2600.0000  % 
UB: 2.6999999999999993
branching on 1 with b.
48     4      9          0.1000     2.7000     2600.0000  % 
UB: 2.6999999999999993
branching on CartesianIndex(2, 6) with c.
49     5      10         0.1000     2.7000     2600.0000  % 
LB close or above UB, fathomed
50     4      10         0.1000     2.7000     2600.0000  % 
UB: 2.6999999999999993
branching on CartesianIndex(1, 7) with c.
51     5      11         0.1000     2.7000     2600.0000  % 
UB: 2.6999999999999993
branching on 1 with b.
52     6      12         0.1000     2.7000     2600.0000  % 
LB close or above UB, fathomed
53     5      12         0.1000     2.7000     2600.0000  % 
UB: 2.6999999999999993
branching on CartesianIndex(2, 7) with c.
54     6      13         0.1000     2.7000     2600.0000  % 
UB: 2.6999999999999993
branching on 3 with b.
55     7      14         0.1000     2.7000     2600.0000  % 
LB close or above UB, fathomed
56     6      14         0.1000     2.7000     2600.0000  % 
UB: 2.6999999999999993
branching on 1 with b.
57     6      15         0.1000     2.7000     2600.0000  % 
UB: 2.6999999999999993
branching on 3 with b.
58     7      16         0.1000     2.7000     2600.0000  % 
UB: 2.6999999999999993
branching on 1 with b.
59     8      17         0.1000     2.7000     2600.0000  % 
UB: 2.6999999999999993
branching on 3 with b.
60     9      18         0.1000     2.7000     2600.0000  % 
LB close or above UB, fathomed
61     8      18         0.1000     2.7000     2600.0000  % 
LB close or above UB, fathomed
62     7      17         0.1000     2.7000     2600.0000  % 
LB close or above UB, fathomed
63     6      16         0.1000     2.7000     2600.0000  % 
LB close or above UB, fathomed
64     5      13         0.1000     2.7000     2600.0000  % 
LB close or above UB, fathomed
65     4      11         0.1000     2.7000     2600.0000  % 
LB close or above UB, fathomed
66     3      9          0.1000     2.7000     2600.0000  % 
LB close or above UB, fathomed
67     2      8          0.1000     2.7000     2600.0000  % 
LB close or above UB, fathomed
68     1      5          0.1500     2.7000     1700.0000  % 
UB: 2.6999999999999993
branching on 1 with b.
69     2      6          0.1500     2.7000     1700.0000  % 
UB: 2.6999999999999993
branching on 2 with b.
70     3      7          0.1500     2.7000     1700.0000  % 
UB: 2.6999999999999993
branching on CartesianIndex(1, 1) with a.
71     4      8          0.1500     2.7000     1700.0000  % 
LB close or above UB, fathomed
72     3      8          0.1500     2.7000     1700.0000  % 
LB close or above UB, fathomed
73     2      7          0.1500     2.7000     1700.0000  % 
UB: 2.6999999999999993
branching on CartesianIndex(1, 1) with a.
74     3      8          0.1500     2.7000     1700.0000  % 
LB close or above UB, fathomed
75     2      8          0.1500     2.7000     1700.0000  % 
LB close or above UB, fathomed
76     1      6          0.1500     2.7000     1700.0000  % 
UB: 2.6999999999999993
branching on CartesianIndex(1, 1) with a.
77     2      7          0.1500     2.7000     1700.0000  % 
UB: 2.6999999999999993
branching on 2 with b.
78     3      8          0.1500     2.7000     1700.0000  % 
UB: 2.6999999999999993
branching on 3 with b.
79     4      9          0.1500     2.7000     1700.0000  % 
LB close or above UB, fathomed
80     3      9          0.1500     2.7000     1700.0000  % 
UB: 2.6999999999999993
branching on CartesianIndex(1, 2) with a.
81     4      10         0.1500     2.7000     1700.0000  % 
UB: 2.6999999999999993
branching on 1 with b.
82     4      11         0.1500     2.7000     1700.0000  % 
UB: 2.6999999999999993
branching on CartesianIndex(1, 3) with a.
83     5      12         0.1500     2.7000     1700.0000  % 
UB: 2.6999999999999993
branching on CartesianIndex(1, 4) with c.
84     6      12         0.1500     2.7000     1700.0000  % 
UB: 2.6999999999999993
branching on CartesianIndex(1, 4) with c.
85     7      13         0.1500     2.7000     1700.0000  % 
UB: 2.6999999999999993
branching on CartesianIndex(2, 4) with c.
86     8      13         0.1500     2.7000     1700.0000  % 
UB: 2.6999999999999993
branching on CartesianIndex(1, 5) with c.
87     9      14         0.1500     2.7000     1700.0000  % 
UB: 2.6999999999999993
branching on CartesianIndex(2, 5) with c.
88     10     14         0.1500     2.7000     1700.0000  % 
UB: 2.6999999999999993
branching on 2 with b.
89     11     15         0.1500     2.7000     1700.0000  % 
UB: 2.6999999999999993
branching on CartesianIndex(1, 6) with c.
90     12     15         0.1500     2.7000     1700.0000  % 
UB: 2.6999999999999993
branching on CartesianIndex(1, 6) with c.
91     13     16         0.1500     2.7000     1700.0000  % 
UB: 2.6999999999999993
branching on 3 with b.
92     14     17         0.1500     2.7000     1700.0000  % 
UB: 2.6999999999999993
branching on CartesianIndex(2, 6) with c.
93     15     18         0.1500     2.7000     1700.0000  % 
LB close or above UB, fathomed
94     14     18         0.1500     2.7000     1700.0000  % 
UB: 2.6999999999999993
branching on CartesianIndex(1, 7) with c.
95     15     19         0.1500     2.7000     1700.0000  % 
UB: 2.6999999999999993
branching on CartesianIndex(2, 7) with c.
96     16     20         0.1500     2.7000     1700.0000  % 
UB: 2.6999999999999993
branching on 1 with b.
97     17     21         0.1500     2.7000     1700.0000  % 
UB: 2.6999999999999993
branching on 2 with b.
98     17     22         0.1500     2.7000     1700.0000  % 
UB: 2.6999999999999993
branching on 3 with b.
99     18     23         0.1500     2.7000     1700.0000  % 
LB close or above UB, fathomed
100    17     23         0.1500     2.7000     1700.0000  % 
LB close or above UB, fathomed
101    16     21         0.1500     2.7000     1700.0000  % 
LB close or above UB, fathomed
102    15     20         0.1500     2.7000     1700.0000  % 
LB close or above UB, fathomed
103    14     19         0.1500     2.7000     1700.0000  % 
LB close or above UB, fathomed
104    13     17         0.1500     2.7000     1700.0000  % 
LB close or above UB, fathomed
105    12     16         0.1500     2.7000     1700.0000  % 
LB close or above UB, fathomed
106    11     10         0.1500     2.7000     1700.0000  % 
UB: 2.6999999999999993
branching on 1 with b.
107    11     8          0.1500     2.7000     1700.0000  % 
UB: 2.6999999999999993
branching on CartesianIndex(1, 2) with a.
108    12     9          0.1500     2.7000     1700.0000  % 
UB: 2.6999999999999993
branching on 3 with b.
109    13     9          0.1500     2.7000     1700.0000  % 
UB: 2.6999999999999993
branching on CartesianIndex(1, 3) with a.
110    14     10         0.1500     2.7000     1700.0000  % 
UB: 2.6999999999999993
branching on CartesianIndex(1, 4) with c.
111    15     10         0.1500     2.7000     1700.0000  % 
UB: 2.6999999999999993
branching on 3 with b.
112    16     11         0.1500     2.7000     1700.0000  % 
LB close or above UB, fathomed
113    15     11         0.1500     2.7000     1700.0000  % 
UB: 2.6999999999999993
branching on CartesianIndex(1, 4) with c.
114    16     7          0.1500     2.7000     1700.0000  % 
LB close or above UB, fathomed
115    15     5          0.1500     2.7000     1700.0000  % 
UB: 2.6999999999999993
branching on 1 with b.
116    16     6          0.1500     2.7000     1700.0000  % 
UB: 2.6999999999999993
branching on 2 with b.
117    17     7          0.1500     2.7000     1700.0000  % 
UB: 2.6999999999999993
branching on CartesianIndex(1, 1) with a.
118    18     8          0.1500     2.7000     1700.0000  % 
LB close or above UB, fathomed
119    17     8          0.1500     2.7000     1700.0000  % 
UB: 2.6999999999999993
branching on 3 with b.
120    18     9          0.1500     2.7000     1700.0000  % 
UB: 2.6999999999999993
branching on CartesianIndex(1, 2) with a.
121    19     9          0.1500     2.7000     1700.0000  % 
UB: 2.6999999999999993
branching on CartesianIndex(1, 2) with a.
122    20     10         0.1500     2.7000     1700.0000  % 
UB: 2.6999999999999993
branching on CartesianIndex(1, 3) with a.
123    21     10         0.1500     2.7000     1700.0000  % 
UB: 2.6999999999999993
branching on CartesianIndex(1, 3) with a.
124    22     11         0.1500     2.7000     1700.0000  % 
LB close or above UB, fathomed
125    21     11         0.1500     2.7000     1700.0000  % 
UB: 2.6999999999999993
branching on CartesianIndex(1, 4) with c.
126    22     7          0.1500     2.7000     1700.0000  % 
UB: 2.6999999999999993
branching on CartesianIndex(1, 1) with a.
127    23     6          0.1500     2.7000     1700.0000  % 
LB close or above UB, fathomed
128    22     12         0.1500     2.7000     1700.0000  % 
LB close or above UB, fathomed
129    21     12         0.1500     2.7000     1700.0000  % 
UB: 2.6999999999999993
branching on CartesianIndex(1, 5) with c.
130    22     11         0.1500     2.7000     1700.0000  % 
UB: 2.6999999999999993
branching on CartesianIndex(1, 3) with a.
131    23     12         0.1500     2.7000     1700.0000  % 
LB close or above UB, fathomed
132    22     12         0.1500     2.7000     1700.0000  % 
UB: 2.6999999999999993
branching on CartesianIndex(1, 4) with c.
133    23     13         0.1500     2.7000     1700.0000  % 
UB: 2.6999999999999993
branching on 2 with b.
134    24     13         0.1500     2.7000     1700.0000  % 
UB: 2.6999999999999993
branching on CartesianIndex(1, 5) with c.
135    25     14         0.1500     2.7000     1700.0000  % 
LB close or above UB, fathomed
136    24     14         0.1500     2.7000     1700.0000  % 
UB: 2.6999999999999993
branching on 2 with b.
137    25     15         0.1500     2.7000     1700.0000  % 
UB: 2.6999999999999993
branching on 3 with b.
138    26     16         0.1500     2.7000     1700.0000  % 
UB: 2.6999999999999993
branching on 1 with b.
139    27     17         0.1500     2.7000     1700.0000  % 
UB: 2.6999999999999993
branching on CartesianIndex(1, 6) with c.
140    28     18         0.1500     2.7000     1700.0000  % 
UB: 2.6999999999999993
branching on CartesianIndex(2, 6) with c.
141    29     19         0.1500     2.7000     1700.0000  % 
LB close or above UB, fathomed
142    28     19         0.1500     2.7000     1700.0000  % 
UB: 2.6999999999999993
branching on CartesianIndex(1, 7) with c.
143    29     20         0.1500     2.7000     1700.0000  % 
UB: 2.6999999999999993
branching on 2 with b.
144    29     21         0.1500     2.7000     1700.0000  % 
UB: 2.6999999999999993
branching on CartesianIndex(2, 7) with c.
145    30     22         0.1500     2.7000     1700.0000  % 
UB: 2.6999999999999993
branching on 3 with b.
146    31     23         0.1500     2.7000     1700.0000  % 
LB close or above UB, fathomed
147    30     23         0.1500     2.7000     1700.0000  % 
LB close or above UB, fathomed
148    29     22         0.1500     2.7000     1700.0000  % 
LB close or above UB, fathomed
149    28     20         0.1500     2.7000     1700.0000  % 
LB close or above UB, fathomed
150    27     18         0.1500     2.7000     1700.0000  % 
LB close or above UB, fathomed
151    26     17         0.1500     2.7000     1700.0000  % 
LB close or above UB, fathomed
152    25     16         0.1500     2.7000     1700.0000  % 
LB close or above UB, fathomed
153    24     15         0.1500     2.7000     1700.0000  % 
UB: 2.6999999999999993
branching on CartesianIndex(1, 6) with c.
154    25     16         0.1500     2.7000     1700.0000  % 
UB: 2.6999999999999993
branching on 3 with b.
155    26     17         0.1500     2.7000     1700.0000  % 
UB: 2.6999999999999993
branching on CartesianIndex(2, 6) with c.
156    27     18         0.1500     2.7000     1700.0000  % 
LB close or above UB, fathomed
157    26     18         0.1500     2.7000     1700.0000  % 
UB: 2.6999999999999993
branching on CartesianIndex(1, 7) with c.
158    27     19         0.1500     2.7000     1700.0000  % 
UB: 2.6999999999999993
branching on 1 with b.
159    28     20         0.1500     2.7000     1700.0000  % 
UB: 2.6999999999999993
branching on CartesianIndex(2, 7) with c.
160    29     21         0.1500     2.7000     1700.0000  % 
UB: 2.6999999999999993
branching on 2 with b.
161    29     22         0.1500     2.7000     1700.0000  % 
UB: 2.6999999999999993
branching on 3 with b.
162    30     23         0.1500     2.7000     1700.0000  % 
LB close or above UB, fathomed
163    29     23         0.1500     2.7000     1700.0000  % 
LB close or above UB, fathomed
164    28     21         0.1500     2.7000     1700.0000  % 
LB close or above UB, fathomed
165    27     20         0.1500     2.7000     1700.0000  % 
LB close or above UB, fathomed
166    26     19         0.1500     2.7000     1700.0000  % 
LB close or above UB, fathomed
167    25     17         0.1500     2.7000     1700.0000  % 
LB close or above UB, fathomed
168    24     16         0.1500     2.7000     1700.0000  % 
LB close or above UB, fathomed
169    23     11         0.1500     2.7000     1700.0000  % 
UB: 2.6999999999999993
branching on CartesianIndex(1, 4) with c.
170    24     11         0.1500     2.7000     1700.0000  % 
UB: 2.6999999999999993
branching on CartesianIndex(1, 4) with c.
171    25     10         0.1500     2.7000     1700.0000  % 
UB: 2.6999999999999993
branching on CartesianIndex(1, 3) with a.
172    26     10         0.1500     2.7000     1700.0000  % 
LB close or above UB, fathomed
173    25     12         0.1500     2.7000     1700.0000  % 
LB close or above UB, fathomed
174    24     12         0.1500     2.7000     1700.0000  % 
UB: 2.6999999999999993
branching on CartesianIndex(1, 5) with c.
175    25     13         0.1500     2.7000     1700.0000  % 
UB: 2.6999999999999993
branching on CartesianIndex(2, 5) with c.
176    26     14         0.1500     2.7000     1700.0000  % 
UB: 2.6999999999999993
branching on CartesianIndex(1, 6) with c.
177    27     15         0.1500     2.7000     1700.0000  % 
UB: 2.6999999999999993
branching on CartesianIndex(2, 6) with c.
178    28     16         0.1500     2.7000     1700.0000  % 
LB close or above UB, fathomed
179    27     16         0.1500     2.7000     1700.0000  % 
UB: 2.6999999999999993
branching on 1 with b.
180    27     17         0.1500     2.7000     1700.0000  % 
UB: 2.6999999999999993
branching on 2 with b.
181    28     18         0.1500     2.7000     1700.0000  % 
UB: 2.6999999999999993
branching on 3 with b.
182    29     19         0.1500     2.7000     1700.0000  % 
UB: 2.6999999999999993
branching on CartesianIndex(1, 7) with c.
183    30     20         0.1500     2.7000     1700.0000  % 
UB: 2.6999999999999993
branching on CartesianIndex(2, 7) with c.
184    31     21         0.1500     2.7000     1700.0000  % 
UB: 2.6999999999999993
branching on 1 with b.
185    32     22         0.1500     2.7000     1700.0000  % 
UB: 2.6999999999999993
branching on 2 with b.
186    33     23         0.1500     2.7000     1700.0000  % 
UB: 2.6999999999999993
branching on 3 with b.
187    34     24         0.1500     2.7000     1700.0000  % 
LB close or above UB, fathomed
188    33     24         0.1500     2.7000     1700.0000  % 
LB close or above UB, fathomed
189    32     23         0.1500     2.7000     1700.0000  % 
UB: 2.6999999999999993
branching on 3 with b.
190    33     24         0.1500     2.7000     1700.0000  % 
LB close or above UB, fathomed
191    32     24         0.1500     2.7000     1700.0000  % 
LB close or above UB, fathomed
192    31     22         0.1500     2.7000     1700.0000  % 
LB close or above UB, fathomed
193    30     21         0.1500     2.7000     1700.0000  % 
LB close or above UB, fathomed
194    29     20         0.1500     2.7000     1700.0000  % 
LB close or above UB, fathomed
195    28     19         0.1500     2.7000     1700.0000  % 
LB close or above UB, fathomed
196    27     18         0.1500     2.7000     1700.0000  % 
UB: 2.6999999999999993
branching on CartesianIndex(1, 7) with c.
197    28     19         0.1500     2.7000     1700.0000  % 
UB: 2.6999999999999993
branching on 3 with b.
198    29     20         0.1500     2.7000     1700.0000  % 
UB: 2.6999999999999993
branching on 1 with b.
199    30     21         0.1500     2.7000     1700.0000  % 
UB: 2.6999999999999993
branching on CartesianIndex(2, 7) with c.
200    31     22         0.1500     2.7000     1700.0000  % 
UB: 2.6999999999999993
branching on 2 with b.
201    31     23         0.1500     2.7000     1700.0000  % 
UB: 2.6999999999999993
branching on 3 with b.
202    32     24         0.1500     2.7000     1700.0000  % 
LB close or above UB, fathomed
203    31     24         0.1500     2.7000     1700.0000  % 
LB close or above UB, fathomed
204    30     22         0.1500     2.7000     1700.0000  % 
LB close or above UB, fathomed
205    29     21         0.1500     2.7000     1700.0000  % 
LB close or above UB, fathomed
206    28     20         0.1500     2.7000     1700.0000  % 
LB close or above UB, fathomed
207    27     19         0.1500     2.7000     1700.0000  % 
LB close or above UB, fathomed
208    26     15         0.1500     2.7000     1700.0000  % 
LB close or above UB, fathomed
209    25     14         0.1500     2.7000     1700.0000  % 
UB: 2.6999999999999993
branching on CartesianIndex(1, 6) with c.
210    26     15         0.1500     2.7000     1700.0000  % 
UB: 2.6999999999999993
branching on 1 with b.
211    26     16         0.1500     2.7000     1700.0000  % 
UB: 2.6999999999999993
branching on CartesianIndex(2, 6) with c.
212    27     17         0.1500     2.7000     1700.0000  % 
LB close or above UB, fathomed
213    26     17         0.1500     2.7000     1700.0000  % 
UB: 2.6999999999999993
branching on CartesianIndex(1, 7) with c.
214    27     18         0.1500     2.7000     1700.0000  % 
UB: 2.6999999999999993
branching on CartesianIndex(2, 7) with c.
215    28     19         0.1500     2.7000     1700.0000  % 
UB: 2.6999999999999993
branching on 2 with b.
216    29     20         0.1500     2.7000     1700.0000  % 
UB: 2.6999999999999993
branching on 3 with b.
217    30     21         0.1500     2.7000     1700.0000  % 
UB: 2.6999999999999993
branching on 1 with b.
218    31     22         0.1500     2.7000     1700.0000  % 
UB: 2.6999999999999993
branching on 2 with b.
219    32     23         0.1500     2.7000     1700.0000  % 
UB: 2.6999999999999993
branching on 3 with b.
220    33     24         0.1500     2.7000     1700.0000  % 
LB close or above UB, fathomed
221    32     24         0.1500     2.7000     1700.0000  % 
LB close or above UB, fathomed
222    31     23         0.1500     2.7000     1700.0000  % 
UB: 2.6999999999999993
branching on 3 with b.
223    32     24         0.1500     2.7000     1700.0000  % 
LB close or above UB, fathomed
224    31     24         0.1500     2.7000     1700.0000  % 
LB close or above UB, fathomed
225    30     22         0.1500     2.7000     1700.0000  % 
UB: 2.6999999999999993
branching on 2 with b.
226    31     23         0.1500     2.7000     1700.0000  % 
UB: 2.6999999999999993
branching on 3 with b.
227    32     24         0.1500     2.7000     1700.0000  % 
LB close or above UB, fathomed
228    31     24         0.1500     2.7000     1700.0000  % 
LB close or above UB, fathomed
229    30     23         0.1500     2.7000     1700.0000  % 
LB close or above UB, fathomed
230    29     21         0.1500     2.7000     1700.0000  % 
LB close or above UB, fathomed
231    28     20         0.1500     2.7000     1700.0000  % 
UB: 2.6999999999999993
branching on 3 with b.
232    29     21         0.1500     2.7000     1700.0000  % 
UB: 2.6999999999999993
branching on 1 with b.
233    30     22         0.1500     2.7000     1700.0000  % 
UB: 2.6999999999999993
branching on 2 with b.
234    30     23         0.1500     2.7000     1700.0000  % 
UB: 2.6999999999999993
branching on 3 with b.
235    31     24         0.1500     2.7000     1700.0000  % 
LB close or above UB, fathomed
236    30     24         0.1500     2.7000     1700.0000  % 
LB close or above UB, fathomed
237    29     22         0.1500     2.7000     1700.0000  % 
LB close or above UB, fathomed
238    28     21         0.1500     2.7000     1700.0000  % 
LB close or above UB, fathomed
239    27     19         0.1500     2.7000     1700.0000  % 
LB close or above UB, fathomed
240    26     18         0.1500     2.7000     1700.0000  % 
LB close or above UB, fathomed
241    25     15         0.1500     2.7000     1700.0000  % 
LB close or above UB, fathomed
242    24     13         0.1500     2.7000     1700.0000  % 
UB: 2.6999999999999993
branching on CartesianIndex(1, 6) with c.
243    25     14         0.1500     2.7000     1700.0000  % 
UB: 2.6999999999999993
branching on CartesianIndex(2, 6) with c.
244    26     15         0.1500     2.7000     1700.0000  % 
LB close or above UB, fathomed
245    25     15         0.1500     2.7000     1700.0000  % 
UB: 2.6999999999999993
branching on CartesianIndex(1, 7) with c.
246    26     16         0.1500     2.7000     1700.0000  % 
UB: 2.6999999999999993
branching on 1 with b.
247    26     17         0.1500     2.7000     1700.0000  % 
UB: 2.6999999999999993
branching on CartesianIndex(2, 7) with c.
248    27     18         0.1500     2.7000     1700.0000  % 
UB: 2.6999999999999993
branching on 2 with b.
249    28     19         0.1500     2.7000     1700.0000  % 
UB: 2.6999999999999993
branching on 3 with b.
250    29     20         0.1500     2.7000     1700.0000  % 
UB: 2.6999999999999993
branching on 1 with b.
251    30     21         0.1500     2.7000     1700.0000  % 
UB: 2.6999999999999993
branching on 2 with b.
252    31     22         0.1500     2.7000     1700.0000  % 
UB: 2.6999999999999993
branching on 3 with b.
253    32     23         0.1500     2.7000     1700.0000  % 
LB close or above UB, fathomed
254    31     23         0.1500     2.7000     1700.0000  % 
LB close or above UB, fathomed
255    30     22         0.1500     2.7000     1700.0000  % 
UB: 2.6999999999999993
branching on 3 with b.
256    31     23         0.1500     2.7000     1700.0000  % 
LB close or above UB, fathomed
257    30     23         0.1500     2.7000     1700.0000  % 
LB close or above UB, fathomed
258    29     21         0.1500     2.7000     1700.0000  % 
LB close or above UB, fathomed
259    28     20         0.1500     2.7000     1700.0000  % 
LB close or above UB, fathomed
260    27     19         0.1500     2.7000     1700.0000  % 
UB: 2.6999999999999993
branching on 3 with b.
261    28     20         0.1500     2.7000     1700.0000  % 
UB: 2.6999999999999993
branching on 1 with b.
262    29     21         0.1500     2.7000     1700.0000  % 
UB: 2.6999999999999993
branching on 2 with b.
263    29     22         0.1500     2.7000     1700.0000  % 
UB: 2.6999999999999993
branching on 3 with b.
264    30     23         0.1500     2.7000     1700.0000  % 
LB close or above UB, fathomed
265    29     23         0.1500     2.7000     1700.0000  % 
LB close or above UB, fathomed
266    28     21         0.1500     2.7000     1700.0000  % 
LB close or above UB, fathomed
267    27     20         0.1500     2.7000     1700.0000  % 
LB close or above UB, fathomed
268    26     18         0.1500     2.7000     1700.0000  % 
LB close or above UB, fathomed
269    25     16         0.1500     2.7000     1700.0000  % 
LB close or above UB, fathomed
270    24     14         0.1500     2.7000     1700.0000  % 
LB close or above UB, fathomed
271    23     16         0.1500     2.7000     1700.0000  % 
UB: 2.6999999999999993
branching on CartesianIndex(2, 6) with c.
272    24     17         0.1500     2.7000     1700.0000  % 
LB close or above UB, fathomed
273    23     17         0.1500     2.7000     1700.0000  % 
UB: 2.6999999999999993
branching on CartesianIndex(1, 7) with c.
274    24     18         0.1500     2.7000     1700.0000  % 
UB: 2.6999999999999993
branching on 3 with b.
275    25     19         0.1500     2.7000     1700.0000  % 
UB: 2.6999999999999993
branching on CartesianIndex(2, 7) with c.
276    26     20         0.1500     2.7000     1700.0000  % 
UB: 2.6999999999999993
branching on 1 with b.
277    27     21         0.1500     2.7000     1700.0000  % 
UB: 2.6999999999999993
branching on 2 with b.
278    27     22         0.1500     2.7000     1700.0000  % 
UB: 2.6999999999999993
branching on 3 with b.
279    28     23         0.1500     2.7000     1700.0000  % 
LB close or above UB, fathomed
280    27     23         0.1500     2.7000     1700.0000  % 
LB close or above UB, fathomed
281    26     21         0.1500     2.7000     1700.0000  % 
LB close or above UB, fathomed
282    25     20         0.1500     2.7000     1700.0000  % 
LB close or above UB, fathomed
283    24     19         0.1500     2.7000     1700.0000  % 
LB close or above UB, fathomed
284    23     18         0.1500     2.7000     1700.0000  % 
LB close or above UB, fathomed
285    22     16         0.1500     2.7000     1700.0000  % 
LB close or above UB, fathomed
286    21     15         0.1500     2.7000     1700.0000  % 
UB: 2.6999999999999993
branching on CartesianIndex(1, 6) with c.
287    22     16         0.1500     2.7000     1700.0000  % 
UB: 2.6999999999999993
branching on CartesianIndex(2, 6) with c.
288    23     17         0.1500     2.7000     1700.0000  % 
LB close or above UB, fathomed
289    22     17         0.1500     2.7000     1700.0000  % 
UB: 2.6999999999999993
branching on CartesianIndex(1, 7) with c.
290    23     18         0.1500     2.7000     1700.0000  % 
UB: 2.6999999999999993
branching on CartesianIndex(2, 7) with c.
291    24     19         0.1500     2.7000     1700.0000  % 
UB: 2.6999999999999993
branching on 2 with b.
292    25     20         0.1500     2.7000     1700.0000  % 
LB close or above UB, fathomed
293    24     20         0.1500     2.7000     1700.0000  % 
UB: 2.6999999999999993
branching on 3 with b.
294    25     21         0.1500     2.7000     1700.0000  % 
UB: 2.6999999999999993
branching on 1 with b.
295    26     22         0.1500     2.7000     1700.0000  % 
UB: 2.6999999999999993
branching on 2 with b.
296    26     23         0.1500     2.7000     1700.0000  % 
UB: 2.6999999999999993
branching on 3 with b.
297    27     24         0.1500     2.7000     1700.0000  % 
LB close or above UB, fathomed
298    26     24         0.1500     2.7000     1700.0000  % 
LB close or above UB, fathomed
299    25     22         0.1500     2.7000     1700.0000  % 
LB close or above UB, fathomed
300    24     21         0.1500     2.7000     1700.0000  % 
LB close or above UB, fathomed
301    23     19         0.1500     2.7000     1700.0000  % 
LB close or above UB, fathomed
302    22     18         0.1500     2.7000     1700.0000  % 
LB close or above UB, fathomed
303    21     16         0.1500     2.7000     1700.0000  % 
LB close or above UB, fathomed
304    20     15         0.1500     2.7000     1700.0000  % 
UB: 2.6999999999999993
branching on CartesianIndex(1, 6) with c.
305    21     13         0.1500     2.7000     1700.0000  % 
LB close or above UB, fathomed
306    20     13         0.1500     2.7000     1700.0000  % 
UB: 2.6999999999999993
branching on CartesianIndex(1, 5) with c.
307    21     14         0.1500     2.7000     1700.0000  % 
UB: 2.6999999999999993
branching on 2 with b.
308    22     15         0.1500     2.7000     1700.0000  % 
LB close or above UB, fathomed
309    21     15         0.1500     2.7000     1700.0000  % 
UB: 2.6999999999999993
branching on CartesianIndex(2, 5) with c.
310    22     16         0.1500     2.7000     1700.0000  % 
LB close or above UB, fathomed
311    21     16         0.1500     2.7000     1700.0000  % 
LB close or above UB, fathomed
312    20     14         0.1500     2.7000     1700.0000  % 
LB close or above UB, fathomed
313    19     16         0.1500     2.7000     1700.0000  % 
UB: 2.6999999999999993
branching on CartesianIndex(2, 6) with c.
314    20     17         0.1500     2.7000     1700.0000  % 
LB close or above UB, fathomed
315    19     17         0.1500     2.7000     1700.0000  % 
UB: 2.6999999999999993
branching on CartesianIndex(1, 7) with c.
316    20     18         0.1500     2.7000     1700.0000  % 
UB: 2.6999999999999993
branching on 2 with b.
317    21     19         0.1500     2.7000     1700.0000  % 
LB close or above UB, fathomed
318    20     19         0.1500     2.7000     1700.0000  % 
UB: 2.6999999999999993
branching on CartesianIndex(2, 7) with c.
319    21     20         0.1500     2.7000     1700.0000  % 
UB: 2.6999999999999993
branching on 3 with b.
320    22     21         0.1500     2.7000     1700.0000  % 
UB: 2.6999999999999993
branching on 1 with b.
321    23     22         0.1500     2.7000     1700.0000  % 
UB: 2.6999999999999993
branching on 2 with b.
322    23     23         0.1500     2.7000     1700.0000  % 
UB: 2.6999999999999993
branching on 3 with b.
323    24     24         0.1500     2.7000     1700.0000  % 
LB close or above UB, fathomed
324    23     24         0.1500     2.7000     1700.0000  % 
LB close or above UB, fathomed
325    22     22         0.1500     2.7000     1700.0000  % 
UB: 2.6999999999999993
branching on 2 with b.
326    22     23         0.1500     2.7000     1700.0000  % 
UB: 2.6999999999999993
branching on 3 with b.
327    23     24         0.1500     2.7000     1700.0000  % 
LB close or above UB, fathomed
328    22     24         0.1500     2.7000     1700.0000  % 
LB close or above UB, fathomed
329    21     21         0.1500     2.7000     1700.0000  % 
LB close or above UB, fathomed
330    20     20         0.1500     2.7000     1700.0000  % 
LB close or above UB, fathomed
331    19     18         0.1500     2.7000     1700.0000  % 
LB close or above UB, fathomed
332    18     16         0.1500     2.7000     1700.0000  % 
LB close or above UB, fathomed
333    17     11         0.1500     2.7000     1700.0000  % 
UB: 2.6999999999999993
branching on CartesianIndex(1, 4) with c.
334    18     12         0.1500     2.7000     1700.0000  % 
LB close or above UB, fathomed
335    17     12         0.1500     2.7000     1700.0000  % 
UB: 2.6999999999999993
branching on 1 with b.
336    18     13         0.1500     2.7000     1700.0000  % 
LB close or above UB, fathomed
337    17     13         0.1500     2.7000     1700.0000  % 
LB close or above UB, fathomed
338    16     11         0.1500     2.7000     1700.0000  % 
UB: 2.6999999999999993
branching on CartesianIndex(1, 4) with c.
339    17     12         0.1500     2.7000     1700.0000  % 
LB close or above UB, fathomed
340    16     12         0.1500     2.7000     1700.0000  % 
UB: 2.6999999999999993
branching on CartesianIndex(1, 5) with c.
341    17     13         0.1500     2.7000     1700.0000  % 
UB: 2.6999999999999993
branching on CartesianIndex(2, 5) with c.
342    18     14         0.1500     2.7000     1700.0000  % 
LB close or above UB, fathomed
343    17     14         0.1500     2.7000     1700.0000  % 
UB: 2.6999999999999993
branching on CartesianIndex(1, 6) with c.
344    18     15         0.1500     2.7000     1700.0000  % 
UB: 2.6999999999999993
branching on 1 with b.
345    19     16         0.1500     2.7000     1700.0000  % 
LB close or above UB, fathomed
346    18     16         0.1500     2.7000     1700.0000  % 
LB close or above UB, fathomed
347    17     15         0.1500     2.7000     1700.0000  % 
UB: 2.6999999999999993
branching on CartesianIndex(1, 7) with c.
348    18     16         0.1500     2.7000     1700.0000  % 
UB: 2.6999999999999993
branching on CartesianIndex(2, 7) with c.
349    19     17         0.1500     2.7000     1700.0000  % 
UB: 2.6999999999999993
branching on 1 with b.
350    20     18         0.1500     2.7000     1700.0000  % 
LB close or above UB, fathomed
351    19     18         0.1500     2.7000     1700.0000  % 
LB close or above UB, fathomed
352    18     17         0.1500     2.7000     1700.0000  % 
LB close or above UB, fathomed
353    17     16         0.1500     2.7000     1700.0000  % 
LB close or above UB, fathomed
354    16     13         0.1500     2.7000     1700.0000  % 
LB close or above UB, fathomed
355    15     12         0.1500     2.7000     1700.0000  % 
LB close or above UB, fathomed
356    14     12         0.1500     2.7000     1700.0000  % 
UB: 2.6999999999999993
branching on CartesianIndex(1, 5) with c.
357    15     13         0.1500     2.7000     1700.0000  % 
UB: 2.6999999999999993
branching on CartesianIndex(2, 5) with c.
358    16     14         0.1500     2.7000     1700.0000  % 
LB close or above UB, fathomed
359    15     14         0.1500     2.7000     1700.0000  % 
UB: 2.6999999999999993
branching on CartesianIndex(1, 6) with c.
360    16     15         0.1500     2.7000     1700.0000  % 
UB: 2.6999999999999993
branching on CartesianIndex(2, 6) with c.
361    17     16         0.1500     2.7000     1700.0000  % 
UB: 2.6999999999999993
branching on CartesianIndex(1, 7) with c.
362    18     17         0.1500     2.7000     1700.0000  % 
UB: 2.6999999999999993
branching on CartesianIndex(2, 7) with c.
363    19     18         0.1500     2.7000     1700.0000  % 
UB: 2.6999999999999993
branching on 1 with b.
364    20     19         0.1500     2.7000     1700.0000  % 
LB close or above UB, fathomed
365    19     19         0.1500     2.7000     1700.0000  % 
LB close or above UB, fathomed
366    18     18         0.1500     2.7000     1700.0000  % 
LB close or above UB, fathomed
367    17     17         0.1500     2.7000     1700.0000  % 
LB close or above UB, fathomed
368    16     16         0.1500     2.7000     1700.0000  % 
UB: 2.6999999999999993
branching on CartesianIndex(1, 7) with c.
369    17     17         0.1500     2.7000     1700.0000  % 
UB: 2.6999999999999993
branching on CartesianIndex(2, 7) with c.
370    18     18         0.1500     2.7000     1700.0000  % 
UB: 2.6999999999999993
branching on 1 with b.
371    19     19         0.1500     2.7000     1700.0000  % 
UB: 2.6999999999999993
branching on 2 with b.
372    20     20         0.1500     2.7000     1700.0000  % 
LB close or above UB, fathomed
373    19     20         0.1500     2.7000     1700.0000  % 
UB: 2.6999999999999993
branching on 3 with b.
374    20     21         0.1500     2.7000     1700.0000  % 
UB: 2.6999999999999993
branching on 1 with b.
375    21     22         0.1500     2.7000     1700.0000  % 
LB close or above UB, fathomed
376    20     22         0.1500     2.7000     1700.0000  % 
UB: 2.6999999999999993
branching on 2 with b.
377    20     23         0.1500     2.7000     1700.0000  % 
UB: 2.6999999999999993
branching on 3 with b.
378    21     24         0.1500     2.7000     1700.0000  % 
LB close or above UB, fathomed
379    20     24         0.1500     2.7000     1700.0000  % 
LB close or above UB, fathomed
380    19     21         0.1500     2.7000     1700.0000  % 
LB close or above UB, fathomed
381    18     19         0.1500     2.7000     1700.0000  % 
LB close or above UB, fathomed
382    17     18         0.1500     2.7000     1700.0000  % 
LB close or above UB, fathomed
383    16     17         0.1500     2.7000     1700.0000  % 
LB close or above UB, fathomed
384    15     15         0.1500     2.7000     1700.0000  % 
UB: 2.6999999999999993
branching on 1 with b.
385    16     16         0.1500     2.7000     1700.0000  % 
LB close or above UB, fathomed
386    15     16         0.1500     2.7000     1700.0000  % 
LB close or above UB, fathomed
387    14     13         0.1500     2.7000     1700.0000  % 
LB close or above UB, fathomed
388    13     12         0.1500     2.7000     1700.0000  % 
LB close or above UB, fathomed
389    12     12         0.1500     2.7000     1700.0000  % 
UB: 2.6999999999999993
branching on CartesianIndex(1, 5) with c.
390    13     13         0.1500     2.7000     1700.0000  % 
UB: 2.6999999999999993
branching on CartesianIndex(2, 5) with c.
391    14     14         0.1500     2.7000     1700.0000  % 
LB close or above UB, fathomed
392    13     14         0.1500     2.7000     1700.0000  % 
UB: 2.6999999999999993
branching on 1 with b.
393    14     15         0.1500     2.7000     1700.0000  % 
LB close or above UB, fathomed
394    13     15         0.1500     2.7000     1700.0000  % 
LB close or above UB, fathomed
395    12     13         0.1500     2.7000     1700.0000  % 
LB close or above UB, fathomed
396    11     13         0.1500     2.7000     1700.0000  % 
LB close or above UB, fathomed
397    10     13         0.1500     2.7000     1700.0000  % 
LB close or above UB, fathomed
398    9      8          0.1500     2.7000     1700.0000  % 
LB close or above UB, fathomed
399    8      8          0.1500     2.7000     1700.0000  % 
UB: 2.6999999999999993
branching on CartesianIndex(1, 2) with a.
400    9      9          0.1500     2.7000     1700.0000  % 
UB: 2.6999999999999993
branching on 3 with b.
401    10     10         0.1500     2.7000     1700.0000  % 
LB close or above UB, fathomed
402    9      10         0.1500     2.7000     1700.0000  % 
UB: 2.6999999999999993
branching on 1 with b.
403    10     11         0.1500     2.7000     1700.0000  % 
UB: 2.6999999999999993
branching on CartesianIndex(1, 3) with a.
404    11     12         0.1500     2.7000     1700.0000  % 
LB close or above UB, fathomed
405    10     12         0.1500     2.7000     1700.0000  % 
UB: 2.6999999999999993
branching on CartesianIndex(1, 4) with c.
406    11     13         0.1500     2.7000     1700.0000  % 
LB close or above UB, fathomed
407    10     13         0.1500     2.7000     1700.0000  % 
UB: 2.6999999999999993
branching on CartesianIndex(1, 5) with c.
408    11     14         0.1500     2.7000     1700.0000  % 
UB: 2.6999999999999993
branching on 2 with b.
409    12     15         0.1500     2.7000     1700.0000  % 
UB: 2.6999999999999993
branching on 3 with b.
410    13     16         0.1500     2.7000     1700.0000  % 
UB: 2.6999999999999993
branching on CartesianIndex(2, 5) with c.
411    14     17         0.1500     2.7000     1700.0000  % 
LB close or above UB, fathomed
412    13     17         0.1500     2.7000     1700.0000  % 
UB: 2.6999999999999993
branching on CartesianIndex(1, 6) with c.
413    14     18         0.1500     2.7000     1700.0000  % 
UB: 2.6999999999999993
branching on CartesianIndex(2, 6) with c.
414    15     19         0.1500     2.7000     1700.0000  % 
LB close or above UB, fathomed
415    14     19         0.1500     2.7000     1700.0000  % 
UB: 2.6999999999999993
branching on CartesianIndex(1, 7) with c.
416    15     20         0.1500     2.7000     1700.0000  % 
UB: 2.6999999999999993
branching on CartesianIndex(2, 7) with c.
417    16     21         0.1500     2.7000     1700.0000  % 
UB: 2.6999999999999993
branching on 1 with b.
418    17     22         0.1500     2.7000     1700.0000  % 
LB close or above UB, fathomed
419    16     22         0.1500     2.7000     1700.0000  % 
UB: 2.6999999999999993
branching on 2 with b.
420    16     23         0.1500     2.7000     1700.0000  % 
UB: 2.6999999999999993
branching on 3 with b.
421    17     24         0.1500     2.7000     1700.0000  % 
LB close or above UB, fathomed
422    16     24         0.1500     2.7000     1700.0000  % 
LB close or above UB, fathomed
423    15     21         0.1500     2.7000     1700.0000  % 
LB close or above UB, fathomed
424    14     20         0.1500     2.7000     1700.0000  % 
LB close or above UB, fathomed
425    13     18         0.1500     2.7000     1700.0000  % 
LB close or above UB, fathomed
426    12     16         0.1500     2.7000     1700.0000  % 
LB close or above UB, fathomed
427    11     15         0.1500     2.7000     1700.0000  % 
LB close or above UB, fathomed
428    10     14         0.1500     2.7000     1700.0000  % 
LB close or above UB, fathomed
429    9      11         0.1500     2.7000     1700.0000  % 
LB close or above UB, fathomed
430    8      9          0.1500     2.7000     1700.0000  % 
LB close or above UB, fathomed
431    7      11         0.1500     2.7000     1700.0000  % 
LB close or above UB, fathomed
432    6      11         0.1500     2.7000     1700.0000  % 
UB: 2.6999999999999993
branching on 3 with b.
433    7      12         0.1500     2.7000     1700.0000  % 
LB close or above UB, fathomed
434    6      12         0.1500     2.7000     1700.0000  % 
UB: 2.6999999999999993
branching on CartesianIndex(1, 5) with c.
435    7      13         0.1500     2.7000     1700.0000  % 
UB: 2.6999999999999993
branching on 1 with b.
436    7      14         0.1500     2.7000     1700.0000  % 
UB: 2.6999999999999993
branching on CartesianIndex(2, 5) with c.
437    8      15         0.1500     2.7000     1700.0000  % 
LB close or above UB, fathomed
438    7      15         0.1500     2.7000     1700.0000  % 
LB close or above UB, fathomed
439    6      13         0.1500     2.7000     1700.0000  % 
LB close or above UB, fathomed
440    5      14         0.1500     2.7000     1700.0000  % 
UB: 2.6999999999999993
branching on CartesianIndex(1, 5) with c.
441    6      15         0.1500     2.7000     1700.0000  % 
LB close or above UB, fathomed
442    5      15         0.1500     2.7000     1700.0000  % 
UB: 2.6999999999999993
branching on CartesianIndex(1, 6) with c.
443    6      16         0.1500     2.7000     1700.0000  % 
UB: 2.6999999999999993
branching on CartesianIndex(2, 6) with c.
444    7      17         0.1500     2.7000     1700.0000  % 
LB close or above UB, fathomed
445    6      17         0.1500     2.7000     1700.0000  % 
UB: 2.6999999999999993
branching on CartesianIndex(1, 7) with c.
446    7      18         0.1500     2.7000     1700.0000  % 
UB: 2.6999999999999993
branching on 2 with b.
447    8      19         0.1500     2.7000     1700.0000  % 
UB: 2.6999999999999993
branching on 3 with b.
448    9      20         0.1500     2.7000     1700.0000  % 
UB: 2.6999999999999993
branching on 1 with b.
449    10     21         0.1500     2.7000     1700.0000  % 
UB: 2.6999999999999993
branching on CartesianIndex(2, 7) with c.
450    11     22         0.1500     2.7000     1700.0000  % 
UB: 2.6999999999999993
branching on 2 with b.
451    11     23         0.1500     2.7000     1700.0000  % 
UB: 2.6999999999999993
branching on 3 with b.
452    12     24         0.1500     2.7000     1700.0000  % 
LB close or above UB, fathomed
453    11     24         0.1500     2.7000     1700.0000  % 
LB close or above UB, fathomed
454    10     22         0.1500     2.7000     1700.0000  % 
LB close or above UB, fathomed
455    9      21         0.1500     2.7000     1700.0000  % 
LB close or above UB, fathomed
456    8      20         0.1500     2.7000     1700.0000  % 
LB close or above UB, fathomed
457    7      19         0.1500     2.7000     1700.0000  % 
LB close or above UB, fathomed
458    6      18         0.1500     2.7000     1700.0000  % 
LB close or above UB, fathomed
459    5      16         0.1500     2.7000     1700.0000  % 
LB close or above UB, fathomed
460    4      14         0.1500     2.7000     1700.0000  % 
UB: 2.6999999999999993
branching on CartesianIndex(1, 5) with c.
461    5      15         0.1500     2.7000     1700.0000  % 
LB close or above UB, fathomed
462    4      15         0.1500     2.7000     1700.0000  % 
UB: 2.6999999999999993
branching on CartesianIndex(1, 6) with c.
463    5      16         0.1500     2.7000     1700.0000  % 
UB: 2.6999999999999993
branching on CartesianIndex(2, 6) with c.
464    6      17         0.1500     2.7000     1700.0000  % 
LB close or above UB, fathomed
465    5      17         0.1500     2.7000     1700.0000  % 
UB: 2.6999999999999993
branching on 2 with b.
466    6      18         0.1500     2.7000     1700.0000  % 
UB: 2.6999999999999993
branching on 3 with b.
467    7      19         0.1500     2.7000     1700.0000  % 
UB: 2.6999999999999993
branching on 1 with b.
468    8      20         0.1500     2.7000     1700.0000  % 
UB: 2.6999999999999993
branching on 2 with b.
469    8      21         0.1500     2.7000     1700.0000  % 
UB: 2.6999999999999993
branching on CartesianIndex(1, 7) with c.
470    9      22         0.1500     2.7000     1700.0000  % 
UB: 2.6999999999999993
branching on CartesianIndex(2, 7) with c.
471    10     23         0.1500     2.7000     1700.0000  % 
UB: 2.6999999999999993
branching on 3 with b.
472    11     24         0.1500     2.7000     1700.0000  % 
LB close or above UB, fathomed
473    10     24         0.1500     2.7000     1700.0000  % 
LB close or above UB, fathomed
474    9      23         0.1500     2.7000     1700.0000  % 
LB close or above UB, fathomed
475    8      22         0.1500     2.7000     1700.0000  % 
LB close or above UB, fathomed
476    7      20         0.1500     2.7000     1700.0000  % 
LB close or above UB, fathomed
477    6      19         0.1500     2.7000     1700.0000  % 
LB close or above UB, fathomed
478    5      18         0.1500     2.7000     1700.0000  % 
LB close or above UB, fathomed
479    4      16         0.1500     2.7000     1700.0000  % 
LB close or above UB, fathomed
480    3      10         0.1500     2.7000     1700.0000  % 
LB close or above UB, fathomed
481    2      10         0.1500     2.7000     1700.0000  % 
UB: 2.6999999999999993
branching on CartesianIndex(1, 3) with a.
482    3      11         0.1500     2.7000     1700.0000  % 
LB close or above UB, fathomed
483    2      11         0.1500     2.7000     1700.0000  % 
UB: 2.6999999999999993
branching on CartesianIndex(1, 4) with c.
484    3      12         0.1500     2.7000     1700.0000  % 
LB close or above UB, fathomed
485    2      12         0.1500     2.7000     1700.0000  % 
UB: 2.6999999999999993
branching on CartesianIndex(1, 5) with c.
486    3      13         0.1500     2.7000     1700.0000  % 
UB: 2.6999999999999993
branching on CartesianIndex(2, 5) with c.
487    4      13         0.1500     2.7000     1700.0000  % 
UB: 2.6999999999999993
branching on CartesianIndex(1, 6) with c.
488    5      14         0.1500     2.7000     1700.0000  % 
UB: 2.6999999999999993
branching on 1 with b.
489    5      15         0.1500     2.7000     1700.0000  % 
UB: 2.6999999999999993
branching on CartesianIndex(2, 6) with c.
490    6      16         0.1500     2.7000     1700.0000  % 
LB close or above UB, fathomed
491    5      16         0.1500     2.7000     1700.0000  % 
UB: 2.6999999999999993
branching on CartesianIndex(1, 7) with c.
492    6      17         0.1500     2.7000     1700.0000  % 
UB: 2.6999999999999993
branching on 2 with b.
493    7      18         0.1500     2.7000     1700.0000  % 
UB: 2.6999999999999993
branching on CartesianIndex(2, 7) with c.
494    8      19         0.1500     2.7000     1700.0000  % 
UB: 2.6999999999999993
branching on 3 with b.
495    9      20         0.1500     2.7000     1700.0000  % 
UB: 2.6999999999999993
branching on 1 with b.
496    10     21         0.1500     2.7000     1700.0000  % 
UB: 2.6999999999999993
branching on 2 with b.
497    10     22         0.1500     2.7000     1700.0000  % 
UB: 2.6999999999999993
branching on 3 with b.
498    11     23         0.1500     2.7000     1700.0000  % 
LB close or above UB, fathomed
499    10     23         0.1500     2.7000     1700.0000  % 
LB close or above UB, fathomed
500    9      21         0.1500     2.7000     1700.0000  % 
LB close or above UB, fathomed
501    8      20         0.1500     2.7000     1700.0000  % 
LB close or above UB, fathomed
502    7      19         0.1500     2.7000     1700.0000  % 
LB close or above UB, fathomed
503    6      18         0.1500     2.7000     1700.0000  % 
UB: 2.6999999999999993
branching on 3 with b.
504    7      19         0.1500     2.7000     1700.0000  % 
UB: 2.6999999999999993
branching on CartesianIndex(2, 7) with c.
505    8      20         0.1500     2.7000     1700.0000  % 
UB: 2.6999999999999993
branching on 1 with b.
506    9      21         0.1500     2.7000     1700.0000  % 
UB: 2.6999999999999993
branching on 2 with b.
507    9      22         0.1500     2.7000     1700.0000  % 
UB: 2.6999999999999993
branching on 3 with b.
508    10     23         0.1500     2.7000     1700.0000  % 
LB close or above UB, fathomed
509    9      23         0.1500     2.7000     1700.0000  % 
LB close or above UB, fathomed
510    8      21         0.1500     2.7000     1700.0000  % 
LB close or above UB, fathomed
511    7      20         0.1500     2.7000     1700.0000  % 
LB close or above UB, fathomed
512    6      19         0.1500     2.7000     1700.0000  % 
LB close or above UB, fathomed
513    5      17         0.1500     2.7000     1700.0000  % 
LB close or above UB, fathomed
514    4      14         0.1500     2.7000     1700.0000  % 
LB close or above UB, fathomed
515    3      14         0.1500     2.7000     1700.0000  % 
UB: 2.6999999999999993
branching on 1 with b.
516    3      15         0.1500     2.7000     1700.0000  % 
UB: 2.6999999999999993
branching on CartesianIndex(1, 6) with c.
517    4      16         0.1500     2.7000     1700.0000  % 
UB: 2.6999999999999993
branching on CartesianIndex(2, 6) with c.
518    5      17         0.1500     2.7000     1700.0000  % 
LB close or above UB, fathomed
519    4      17         0.1500     2.7000     1700.0000  % 
UB: 2.6999999999999993
branching on CartesianIndex(1, 7) with c.
520    5      18         0.1500     2.7000     1700.0000  % 
UB: 2.6999999999999993
branching on 2 with b.
521    6      19         0.1500     2.7000     1700.0000  % 
UB: 2.6999999999999993
branching on CartesianIndex(2, 7) with c.
522    7      20         0.1500     2.7000     1700.0000  % 
UB: 2.6999999999999993
branching on 3 with b.
523    8      21         0.1500     2.7000     1700.0000  % 
UB: 2.6999999999999993
branching on 1 with b.
524    9      22         0.1500     2.7000     1700.0000  % 
UB: 2.6999999999999993
branching on 2 with b.
525    9      23         0.1500     2.7000     1700.0000  % 
UB: 2.6999999999999993
branching on 3 with b.
526    10     24         0.1500     2.7000     1700.0000  % 
LB close or above UB, fathomed
527    9      24         0.1500     2.7000     1700.0000  % 
LB close or above UB, fathomed
528    8      22         0.1500     2.7000     1700.0000  % 
LB close or above UB, fathomed
529    7      21         0.1500     2.7000     1700.0000  % 
LB close or above UB, fathomed
530    6      20         0.1500     2.7000     1700.0000  % 
LB close or above UB, fathomed
531    5      19         0.1500     2.7000     1700.0000  % 
UB: 2.6999999999999993
branching on 3 with b.
532    6      20         0.1500     2.7000     1700.0000  % 
UB: 2.6999999999999993
branching on 1 with b.
533    7      21         0.1500     2.7000     1700.0000  % 
UB: 2.6999999999999993
branching on 2 with b.
534    7      22         0.1500     2.7000     1700.0000  % 
UB: 2.6999999999999993
branching on CartesianIndex(2, 7) with c.
535    8      23         0.1500     2.7000     1700.0000  % 
UB: 2.6999999999999993
branching on 3 with b.
536    9      24         0.1500     2.7000     1700.0000  % 
LB close or above UB, fathomed
537    8      24         0.1500     2.7000     1700.0000  % 
LB close or above UB, fathomed
538    7      23         0.1500     2.7000     1700.0000  % 
LB close or above UB, fathomed
539    6      21         0.1500     2.7000     1700.0000  % 
LB close or above UB, fathomed
540    5      20         0.1500     2.7000     1700.0000  % 
LB close or above UB, fathomed
541    4      18         0.1500     2.7000     1700.0000  % 
LB close or above UB, fathomed
542    3      16         0.1500     2.7000     1700.0000  % 
LB close or above UB, fathomed
543    2      14         0.1500     2.7000     1700.0000  % 
UB: 2.6999999999999993
branching on CartesianIndex(1, 6) with c.
544    3      15         0.1500     2.7000     1700.0000  % 
UB: 2.6999999999999993
branching on CartesianIndex(2, 6) with c.
545    4      16         0.1500     2.7000     1700.0000  % 
LB close or above UB, fathomed
546    3      16         0.1500     2.7000     1700.0000  % 
UB: 2.6999999999999993
branching on 1 with b.
547    3      17         0.1500     2.7000     1700.0000  % 
UB: 2.6999999999999993
branching on CartesianIndex(1, 7) with c.
548    4      18         0.1500     2.7000     1700.0000  % 
UB: 2.6999999999999993
branching on CartesianIndex(2, 7) with c.
549    5      19         0.1500     2.7000     1700.0000  % 
UB: 2.6999999999999993
branching on 2 with b.
550    6      20         0.1500     2.7000     1700.0000  % 
UB: 2.6999999999999993
branching on 3 with b.
551    7      21         0.1500     2.7000     1700.0000  % 
UB: 2.6999999999999993
branching on 1 with b.
552    8      22         0.1500     2.7000     1700.0000  % 
UB: 2.6999999999999993
branching on 2 with b.
553    8      23         0.1500     2.7000     1700.0000  % 
UB: 2.6999999999999993
branching on 3 with b.
554    9      24         0.1500     2.7000     1700.0000  % 
LB close or above UB, fathomed
555    8      24         0.1500     2.7000     1700.0000  % 
LB close or above UB, fathomed
556    7      22         0.1500     2.7000     1700.0000  % 
LB close or above UB, fathomed
557    6      21         0.1500     2.7000     1700.0000  % 
LB close or above UB, fathomed
558    5      20         0.1500     2.7000     1700.0000  % 
UB: 2.6999999999999993
branching on 3 with b.
559    6      21         0.1500     2.7000     1700.0000  % 
UB: 2.6999999999999993
branching on 1 with b.
560    7      22         0.1500     2.7000     1700.0000  % 
UB: 2.6999999999999993
branching on 2 with b.
561    7      23         0.1500     2.7000     1700.0000  % 
UB: 2.6999999999999993
branching on 3 with b.
562    8      24         0.1500     2.7000     1700.0000  % 
LB close or above UB, fathomed
563    7      24         0.1500     2.7000     1700.0000  % 
LB close or above UB, fathomed
564    6      22         0.1500     2.7000     1700.0000  % 
LB close or above UB, fathomed
565    5      21         0.1500     2.7000     1700.0000  % 
LB close or above UB, fathomed
566    4      19         0.1500     2.7000     1700.0000  % 
LB close or above UB, fathomed
567    3      18         0.1500     2.7000     1700.0000  % 
LB close or above UB, fathomed
568    2      15         0.1500     2.7000     1700.0000  % 
LB close or above UB, fathomed
569    1      14         0.1500     2.7000     1700.0000  % 
UB: 2.6999999999999993
branching on CartesianIndex(2, 4) with c.
570    2      15         0.1500     2.7000     1700.0000  % 
UB: 2.6999999999999993
branching on CartesianIndex(1, 5) with c.
571    3      16         0.1500     2.7000     1700.0000  % 
LB close or above UB, fathomed
572    2      16         0.1500     2.7000     1700.0000  % 
UB: 2.6999999999999993
branching on CartesianIndex(1, 6) with c.
573    3      17         0.1500     2.7000     1700.0000  % 
UB: 2.6999999999999993
branching on CartesianIndex(2, 6) with c.
574    4      18         0.1500     2.7000     1700.0000  % 
LB close or above UB, fathomed
575    3      18         0.1500     2.7000     1700.0000  % 
UB: 2.6999999999999993
branching on CartesianIndex(1, 7) with c.
576    4      19         0.1500     2.7000     1700.0000  % 
UB: 2.6999999999999993
branching on CartesianIndex(2, 7) with c.
577    5      20         0.1500     2.7000     1700.0000  % 
UB: 2.6999999999999993
branching on 3 with b.
578    6      21         0.1500     2.7000     1700.0000  % 
UB: 2.6999999999999993
branching on 1 with b.
579    7      22         0.1500     2.7000     1700.0000  % 
UB: 2.6999999999999993
branching on 2 with b.
580    7      23         0.1500     2.7000     1700.0000  % 
UB: 2.6999999999999993
branching on 3 with b.
581    8      24         0.1500     2.7000     1700.0000  % 
LB close or above UB, fathomed
582    7      24         0.1500     2.7000     1700.0000  % 
LB close or above UB, fathomed
583    6      22         0.1500     2.7000     1700.0000  % 
LB close or above UB, fathomed
584    5      21         0.1500     2.7000     1700.0000  % 
LB close or above UB, fathomed
585    4      20         0.1500     2.7000     1700.0000  % 
LB close or above UB, fathomed
586    3      19         0.1500     2.7000     1700.0000  % 
LB close or above UB, fathomed
587    2      17         0.1500     2.7000     1700.0000  % 
LB close or above UB, fathomed
588    1      15         0.1500     2.7000     1700.0000  % 
UB: 2.6999999999999993
branching on CartesianIndex(1, 5) with c.
589    2      16         0.1500     2.7000     1700.0000  % 
LB close or above UB, fathomed
590    1      16         0.1500     2.7000     1700.0000  % 
UB: 2.6999999999999993
branching on 3 with b.
591    2      17         0.1500     2.7000     1700.0000  % 
UB: 2.6999999999999993
branching on CartesianIndex(1, 6) with c.
592    3      18         0.1500     2.7000     1700.0000  % 
UB: 2.6999999999999993
branching on CartesianIndex(2, 6) with c.
593    4      19         0.1500     2.7000     1700.0000  % 
LB close or above UB, fathomed
594    3      19         0.1500     2.7000     1700.0000  % 
UB: 2.6999999999999993
branching on CartesianIndex(1, 7) with c.
595    4      20         0.1500     2.7000     1700.0000  % 
UB: 2.6999999999999993
branching on CartesianIndex(2, 7) with c.
596    5      21         0.1500     2.7000     1700.0000  % 
UB: 2.6999999999999993
branching on 1 with b.
597    6      22         0.1500     2.7000     1700.0000  % 
UB: 2.6999999999999993
branching on 2 with b.
598    6      23         0.1500     2.7000     1700.0000  % 
UB: 2.6999999999999993
branching on 3 with b.
599    7      24         0.1500     2.7000     1700.0000  % 
LB close or above UB, fathomed
600    6      24         0.1500     2.7000     1700.0000  % 
LB close or above UB, fathomed
601    5      22         0.1500     2.7000     1700.0000  % 
LB close or above UB, fathomed
602    4      21         0.1500     2.7000     1700.0000  % 
LB close or above UB, fathomed
603    3      20         0.1500     2.7000     1700.0000  % 
LB close or above UB, fathomed
604    2      18         0.1500     2.7000     1700.0000  % 
LB close or above UB, fathomed
605    1      17         0.1500     2.7000     1700.0000  % 
LB close or above UB, fathomed
606    0      14         0.1500     2.7000     1700.0000  % 
LB close or above UB, fathomed
all node solved
solved nodes:  607
607                                                   2.6778e+00     2.7000e+00     0.8299  % 
2×3 Matrix{Float64}:
 0.0  0.0  1.0
 1.0  0.0  0.0
3-element Vector{Float64}:
 0.2975940293786491
 0.0
 0.7736128931794798
3×7 Matrix{Float64}:
 0.0  0.0  0.0  0.0  1.0  0.0  0.0
 0.0  0.0  0.0  0.0  0.0  1.0  0.0
 0.0  0.0  0.0  0.0  0.0  0.0  1.0
3-element Vector{Float64}:
 1.0
 0.0
 1.0
2×3 Matrix{Float64}:
 0.0  0.0  1.0
 1.0  0.0  0.0
3-element Vector{Float64}:
 0.30240297529728066
 0.0
 0.6773365312681618
3×7 Matrix{Float64}:
 0.0  0.0  0.0  0.0  1.0  0.0  0.0
 0.0  0.0  0.0  0.0  0.0  1.0  0.0
 0.0  0.0  0.0  0.0  0.0  0.0  1.0
3-element Vector{Float64}:
 1.0
 0.0
 1.0
comparison (CRT and Glb)on prediction: Dict{Bool, Int64}(0 => 0, 1 => 4)
Dataname	 time	 objv	 lb	 gap	 train_w	 train_g	 test_w	 test_g
small_toy_89.small_toy	 60.69	 2.6999999999999993	 2.678	 0.0083	 88.889	 88.889	 75.0	 75.0
