Running 2 processes.
Start training small_toy_742.small_toy with seed 1.
Any[]
(2, 13)
(2, 6)
(2, 3)
(2, 4)
dimension: 2, class: 3
cart cost: 5.349999999999999
size of X: (2, 9)
ngroups: 2
UB: 2.75
Iter	left	lev	LB	UB	gap	
0      0      1          0.1000     2.7500     2650.0000  % 
UB: 2.75
branching on 1 with d.
1      1      2          0.1000     2.7500     2650.0000  % 
LB close or above UB, fathomed
2      0      2          0.1000     2.7500     2650.0000  % 
UB: 2.75
branching on 2 with d.
3      1      3          0.1000     2.7500     2650.0000  % 
UB: 2.75
branching on 3 with d.
4      2      4          0.1000     2.7500     2650.0000  % 
LB close or above UB, fathomed
5      1      4          0.1000     2.7500     2650.0000  % 
UB: 2.75
branching on CartesianIndex(1, 1) with a.
6      2      5          0.1000     2.7500     2650.0000  % 
UB: 2.75
branching on CartesianIndex(1, 3) with a.
7      3      6          0.1000     2.7500     2650.0000  % 
UB: 2.75
branching on 1 with b.
8      4      6          0.1000     2.7500     2650.0000  % 
UB: 2.75
branching on CartesianIndex(1, 5) with c.
9      5      7          0.1000     2.7500     2650.0000  % 
LB close or above UB, fathomed
10     4      7          0.1000     2.7500     2650.0000  % 
UB: 2.75
branching on CartesianIndex(1, 6) with c.
11     5      8          0.1000     2.7500     2650.0000  % 
UB: 2.75
branching on 1 with b.
12     6      9          0.1000     2.7500     2650.0000  % 
UB: 2.75
branching on CartesianIndex(2, 6) with c.
13     7      10         0.1000     2.7500     2650.0000  % 
LB close or above UB, fathomed
14     6      10         0.1000     2.7500     2650.0000  % 
UB: 2.75
branching on CartesianIndex(1, 7) with c.
15     7      11         0.1000     2.7500     2650.0000  % 
UB: 2.75
branching on 1 with b.
16     8      12         0.1000     2.7500     2650.0000  % 
UB: 2.75
branching on CartesianIndex(2, 7) with c.
17     9      12         0.1000     2.7500     2650.0000  % 
UB: 2.75
branching on CartesianIndex(2, 7) with c.
18     10     13         0.1000     2.7500     2650.0000  % 
UB: 2.75
branching on 3 with b.
19     11     14         0.1000     2.7500     2650.0000  % 
LB close or above UB, fathomed
20     10     14         0.1000     2.7500     2650.0000  % 
UB: 2.75
branching on 1 with b.
21     11     15         0.1000     2.7500     2650.0000  % 
UB: 2.75
branching on 3 with b.
22     12     15         0.1000     2.7500     2650.0000  % 
UB: 2.75
branching on 3 with b.
23     13     13         0.1000     2.7500     2650.0000  % 
LB close or above UB, fathomed
24     12     11         0.1000     2.7500     2650.0000  % 
LB close or above UB, fathomed
25     11     9          0.1000     2.7500     2650.0000  % 
LB close or above UB, fathomed
26     10     8          0.1000     2.7500     2650.0000  % 
LB close or above UB, fathomed
27     9      5          0.1000     2.7500     2650.0000  % 
UB: 2.75
branching on CartesianIndex(1, 3) with a.
28     10     6          0.1000     2.7500     2650.0000  % 
UB: 2.75
branching on 1 with b.
29     11     7          0.1000     2.7500     2650.0000  % 
UB: 2.75
branching on CartesianIndex(1, 5) with c.
30     12     7          0.1000     2.7500     2650.0000  % 
UB: 2.75
branching on 1 with b.
31     13     6          0.1000     2.7500     2650.0000  % 
UB: 2.75
branching on 1 with b.
32     14     3          0.1000     2.7500     2650.0000  % 
UB: 2.75
branching on 3 with d.
33     15     4          0.1000     2.7500     2650.0000  % 
UB: 2.75
branching on CartesianIndex(1, 1) with a.
34     16     5          0.1000     2.7500     2650.0000  % 
UB: 2.75
branching on CartesianIndex(1, 2) with a.
35     17     5          0.1000     2.7500     2650.0000  % 
UB: 2.75
branching on 1 with b.
36     18     4          0.1000     2.7500     2650.0000  % 
UB: 2.75
branching on 1 with b.
37     19     5          0.1500     2.7500     1733.3333  % 
UB: 2.75
branching on CartesianIndex(1, 1) with a.
38     20     6          0.1500     2.7500     1733.3333  % 
UB: 2.75
branching on CartesianIndex(1, 2) with a.
39     21     7          0.1500     2.7500     1733.3333  % 
UB: 2.75
branching on 1 with b.
40     22     8          0.1500     2.7500     1733.3333  % 
LB close or above UB, fathomed
41     21     8          0.1500     2.7500     1733.3333  % 
UB: 2.75
branching on CartesianIndex(1, 3) with a.
42     22     9          0.1500     2.7500     1733.3333  % 
LB close or above UB, fathomed
43     21     9          0.1500     2.7500     1733.3333  % 
UB: 2.75
branching on CartesianIndex(1, 4) with c.
44     22     10         0.1500     2.7500     1733.3333  % 
UB: 2.75
branching on CartesianIndex(2, 4) with c.
45     23     10         0.1500     2.7500     1733.3333  % 
UB: 2.75
branching on 2 with b.
46     24     11         0.1500     2.7500     1733.3333  % 
UB: 2.75
branching on 3 with b.
47     25     12         0.1500     2.7500     1733.3333  % 
LB close or above UB, fathomed
48     24     12         0.1500     2.7500     1733.3333  % 
UB: 2.75
branching on CartesianIndex(1, 5) with c.
49     25     11         0.1500     2.7500     1733.3333  % 
UB: 2.75
branching on CartesianIndex(1, 5) with c.
50     26     12         0.1500     2.7500     1733.3333  % 
UB: 2.75
branching on CartesianIndex(2, 5) with c.
51     27     13         0.1500     2.7500     1733.3333  % 
UB: 2.75
branching on 3 with b.
52     28     14         0.1500     2.7500     1733.3333  % 
LB close or above UB, fathomed
53     27     14         0.1500     2.7500     1733.3333  % 
UB: 2.75
branching on CartesianIndex(1, 6) with c.
54     28     13         0.1500     2.7500     1733.3333  % 
UB: 2.75
branching on CartesianIndex(1, 6) with c.
55     29     14         0.1500     2.7500     1733.3333  % 
UB: 2.75
branching on 3 with b.
56     30     15         0.1500     2.7500     1733.3333  % 
LB close or above UB, fathomed
57     29     15         0.1500     2.7500     1733.3333  % 
UB: 2.75
branching on CartesianIndex(2, 6) with c.
58     30     14         0.1500     2.7500     1733.3333  % 
LB close or above UB, fathomed
59     29     12         0.1500     2.7500     1733.3333  % 
UB: 2.75
branching on CartesianIndex(1, 6) with c.
60     30     13         0.1500     2.7500     1733.3333  % 
UB: 2.75
branching on 3 with b.
61     31     14         0.1500     2.7500     1733.3333  % 
LB close or above UB, fathomed
62     30     14         0.1500     2.7500     1733.3333  % 
UB: 2.75
branching on CartesianIndex(2, 6) with c.
63     31     13         0.1500     2.7500     1733.3333  % 
LB close or above UB, fathomed
64     30     7          0.1500     2.7500     1733.3333  % 
UB: 2.75
branching on CartesianIndex(1, 3) with a.
65     31     8          0.1500     2.7500     1733.3333  % 
LB close or above UB, fathomed
66     30     8          0.1500     2.7500     1733.3333  % 
UB: 2.75
branching on 1 with b.
67     31     9          0.1500     2.7500     1733.3333  % 
LB close or above UB, fathomed
68     30     9          0.1500     2.7500     1733.3333  % 
UB: 2.75
branching on 2 with b.
69     31     10         0.1500     2.7500     1733.3333  % 
UB: 2.75
branching on 3 with b.
70     32     10         0.1500     2.7500     1733.3333  % 
UB: 2.75
branching on CartesianIndex(1, 4) with c.
71     33     6          0.1500     2.7500     1733.3333  % 
LB close or above UB, fathomed
72     32     5          0.1500     2.7500     1733.3333  % 
UB: 2.75
branching on 1 with b.
73     33     6          0.1500     2.7500     1733.3333  % 
UB: 2.75
branching on CartesianIndex(1, 1) with a.
74     34     7          0.1500     2.7500     1733.3333  % 
LB close or above UB, fathomed
75     33     7          0.1500     2.7500     1733.3333  % 
UB: 2.75
branching on CartesianIndex(1, 2) with a.
76     34     8          0.1500     2.7500     1733.3333  % 
UB: 2.75
branching on CartesianIndex(1, 3) with a.
77     35     9          0.1500     2.7500     1733.3333  % 
UB: 2.75
branching on 2 with b.
78     36     10         0.1500     2.7500     1733.3333  % 
UB: 2.75
branching on 3 with b.
79     37     10         0.1500     2.7500     1733.3333  % 
UB: 2.75
branching on CartesianIndex(1, 4) with c.
80     38     9          0.1500     2.7500     1733.3333  % 
UB: 2.75
branching on 2 with b.
81     39     10         0.1500     2.7500     1733.3333  % 
LB close or above UB, fathomed
82     38     10         0.1500     2.7500     1733.3333  % 
UB: 2.75
branching on 3 with b.
83     39     8          0.1500     2.7500     1733.3333  % 
UB: 2.75
branching on CartesianIndex(1, 3) with a.
84     40     9          0.1500     2.7500     1733.3333  % 
UB: 2.75
branching on CartesianIndex(1, 4) with c.
85     41     10         0.1500     2.7500     1733.3333  % 
UB: 2.75
branching on 2 with b.
86     42     10         0.1500     2.7500     1733.3333  % 
UB: 2.75
branching on 2 with b.
87     43     11         0.1500     2.7500     1733.3333  % 
UB: 2.75
branching on CartesianIndex(1, 5) with c.
88     44     11         0.1500     2.7500     1733.3333  % 
LB close or above UB, fathomed
89     43     9          0.1500     2.7500     1733.3333  % 
UB: 2.75
branching on CartesianIndex(1, 4) with c.
90     44     10         0.1500     2.7500     1733.3333  % 
UB: 2.75
branching on CartesianIndex(2, 4) with c.
91     45     10         0.1500     2.7500     1733.3333  % 
LB close or above UB, fathomed
92     44     6          0.1500     2.7500     1733.3333  % 
LB close or above UB, fathomed
93     43     12         0.1500     2.7500     1733.3333  % 
UB: 2.75
branching on CartesianIndex(2, 5) with c.
94     44     13         0.1500     2.7500     1733.3333  % 
LB close or above UB, fathomed
95     43     13         0.1500     2.7500     1733.3333  % 
UB: 2.75
branching on 3 with b.
96     44     14         0.1500     2.7500     1733.3333  % 
UB: 2.75
branching on 1 with b.
97     44     14         0.1500     2.7500     1733.3333  % 
LB close or above UB, fathomed
98     43     12         0.1500     2.7500     1733.3333  % 
LB close or above UB, fathomed
99     42     11         0.1500     2.7500     1733.3333  % 
UB: 2.75
branching on CartesianIndex(1, 4) with c.
100    43     11         0.1500     2.7500     1733.3333  % 
LB close or above UB, fathomed
101    42     11         0.1500     2.7500     1733.3333  % 
LB close or above UB, fathomed
102    41     11         0.1500     2.7500     1733.3333  % 
UB: 2.75
branching on CartesianIndex(1, 4) with c.
103    42     15         0.1500     2.7500     1733.3333  % 
LB close or above UB, fathomed
104    41     15         0.1500     2.7500     1733.3333  % 
UB: 2.75
branching on 1 with b.
105    42     16         0.1500     2.7500     1733.3333  % 
LB close or above UB, fathomed
106    41     16         0.1500     2.7500     1733.3333  % 
LB close or above UB, fathomed
107    40     16         0.1500     2.7500     1733.3333  % 
LB close or above UB, fathomed
108    39     16         0.1500     2.7500     1733.3333  % 
UB: 2.75
branching on 1 with b.
109    40     17         0.1500     2.7500     1733.3333  % 
LB close or above UB, fathomed
110    39     17         0.1500     2.7500     1733.3333  % 
LB close or above UB, fathomed
111    38     15         0.1500     2.7500     1733.3333  % 
UB: 2.75
branching on 1 with b.
112    39     16         0.1500     2.7500     1733.3333  % 
LB close or above UB, fathomed
113    38     16         0.1500     2.7500     1733.3333  % 
LB close or above UB, fathomed
114    37     15         0.1500     2.7500     1733.3333  % 
LB close or above UB, fathomed
115    36     13         0.1500     2.7500     1733.3333  % 
UB: 2.75
branching on 1 with b.
116    37     14         0.1500     2.7500     1733.3333  % 
LB close or above UB, fathomed
117    36     14         0.1500     2.7500     1733.3333  % 
UB: 2.75
branching on CartesianIndex(2, 5) with c.
118    37     15         0.1500     2.7500     1733.3333  % 
LB close or above UB, fathomed
119    36     15         0.1500     2.7500     1733.3333  % 
UB: 2.75
branching on CartesianIndex(1, 6) with c.
120    37     13         0.1500     2.7500     1733.3333  % 
UB: 2.75
branching on CartesianIndex(1, 6) with c.
121    38     14         0.1500     2.7500     1733.3333  % 
UB: 2.75
branching on CartesianIndex(2, 6) with c.
122    39     15         0.1500     2.7500     1733.3333  % 
LB close or above UB, fathomed
123    38     15         0.1500     2.7500     1733.3333  % 
UB: 2.75
branching on CartesianIndex(1, 7) with c.
124    39     16         0.1500     2.7500     1733.3333  % 
UB: 2.75
branching on CartesianIndex(2, 7) with c.
125    40     17         0.1500     2.7500     1733.3333  % 
UB: 2.75
branching on 1 with b.
126    41     18         0.1500     2.7500     1733.3333  % 
LB close or above UB, fathomed
127    40     18         0.1500     2.7500     1733.3333  % 
LB close or above UB, fathomed
128    39     17         0.1500     2.7500     1733.3333  % 
LB close or above UB, fathomed
129    38     16         0.1500     2.7500     1733.3333  % 
LB close or above UB, fathomed
130    37     14         0.1500     2.7500     1733.3333  % 
LB close or above UB, fathomed
131    36     11         0.1500     2.7500     1733.3333  % 
LB close or above UB, fathomed
132    35     11         0.1500     2.7500     1733.3333  % 
UB: 2.75
branching on CartesianIndex(1, 5) with c.
133    36     12         0.1500     2.7500     1733.3333  % 
UB: 2.75
branching on 3 with b.
134    37     13         0.1500     2.7500     1733.3333  % 
LB close or above UB, fathomed
135    36     13         0.1500     2.7500     1733.3333  % 
UB: 2.75
branching on 1 with b.
136    37     14         0.1500     2.7500     1733.3333  % 
LB close or above UB, fathomed
137    36     14         0.1500     2.7500     1733.3333  % 
LB close or above UB, fathomed
138    35     12         0.1500     2.7500     1733.3333  % 
UB: 2.75
branching on 3 with b.
139    36     13         0.1500     2.7500     1733.3333  % 
LB close or above UB, fathomed
140    35     13         0.1500     2.7500     1733.3333  % 
UB: 2.75
branching on CartesianIndex(1, 6) with c.
141    36     14         0.1500     2.7500     1733.3333  % 
UB: 2.75
branching on 1 with b.
142    37     15         0.1500     2.7500     1733.3333  % 
LB close or above UB, fathomed
143    36     15         0.1500     2.7500     1733.3333  % 
LB close or above UB, fathomed
144    35     14         0.1500     2.7500     1733.3333  % 
LB close or above UB, fathomed
145    34     12         0.1500     2.7500     1733.3333  % 
LB close or above UB, fathomed
146    33     12         0.1500     2.7500     1733.3333  % 
UB: 2.75
branching on CartesianIndex(1, 5) with c.
147    34     13         0.1500     2.7500     1733.3333  % 
UB: 2.75
branching on CartesianIndex(2, 5) with c.
148    35     14         0.1500     2.7500     1733.3333  % 
LB close or above UB, fathomed
149    34     14         0.1500     2.7500     1733.3333  % 
UB: 2.75
branching on CartesianIndex(1, 6) with c.
150    35     15         0.1500     2.7500     1733.3333  % 
LB close or above UB, fathomed
151    34     15         0.1500     2.7500     1733.3333  % 
UB: 2.75
branching on CartesianIndex(1, 7) with c.
152    35     16         0.1500     2.7500     1733.3333  % 
UB: 2.75
branching on 1 with b.
153    35     17         0.1500     2.7500     1733.3333  % 
UB: 2.75
branching on CartesianIndex(2, 7) with c.
154    36     18         0.1500     2.7500     1733.3333  % 
UB: 2.75
branching on 2 with b.
155    37     18         0.1500     2.7500     1733.3333  % 
LB close or above UB, fathomed
156    36     16         0.1500     2.7500     1733.3333  % 
LB close or above UB, fathomed
157    35     13         0.1500     2.7500     1733.3333  % 
LB close or above UB, fathomed
158    34     15         0.1500     2.7500     1733.3333  % 
UB: 2.75
branching on 2 with b.
159    35     16         0.1500     2.7500     1733.3333  % 
UB: 2.75
branching on CartesianIndex(1, 6) with c.
160    36     17         0.1500     2.7500     1733.3333  % 
LB close or above UB, fathomed
161    35     17         0.1500     2.7500     1733.3333  % 
UB: 2.75
branching on CartesianIndex(1, 7) with c.
162    36     18         0.1500     2.7500     1733.3333  % 
UB: 2.75
branching on 3 with b.
163    37     19         0.1500     2.7500     1733.3333  % 
UB: 2.75
branching on CartesianIndex(2, 7) with c.
164    38     20         0.1500     2.7500     1733.3333  % 
UB: 2.75
branching on 1 with b.
165    39     21         0.1500     2.7500     1733.3333  % 
LB close or above UB, fathomed
166    38     21         0.1500     2.7500     1733.3333  % 
LB close or above UB, fathomed
167    37     20         0.1500     2.7500     1733.3333  % 
LB close or above UB, fathomed
168    36     19         0.1500     2.7500     1733.3333  % 
UB: 2.75
branching on CartesianIndex(2, 7) with c.
169    37     20         0.1500     2.7500     1733.3333  % 
UB: 2.75
branching on 1 with b.
170    38     20         0.1500     2.7500     1733.3333  % 
LB close or above UB, fathomed
171    37     18         0.1500     2.7500     1733.3333  % 
LB close or above UB, fathomed
172    36     16         0.1500     2.7500     1733.3333  % 
UB: 2.75
branching on CartesianIndex(1, 6) with c.
173    37     17         0.1500     2.7500     1733.3333  % 
LB close or above UB, fathomed
174    36     17         0.1500     2.7500     1733.3333  % 
UB: 2.75
branching on CartesianIndex(1, 7) with c.
175    37     18         0.1500     2.7500     1733.3333  % 
UB: 2.75
branching on CartesianIndex(2, 7) with c.
176    38     19         0.1500     2.7500     1733.3333  % 
UB: 2.75
branching on 3 with b.
177    39     19         0.1500     2.7500     1733.3333  % 
LB close or above UB, fathomed
178    38     18         0.1500     2.7500     1733.3333  % 
LB close or above UB, fathomed
179    37     11         0.1500     2.7500     1733.3333  % 
LB close or above UB, fathomed
180    36     11         0.1500     2.7500     1733.3333  % 
UB: 2.75
branching on 2 with b.
181    37     12         0.1500     2.7500     1733.3333  % 
LB close or above UB, fathomed
182    36     12         0.1500     2.7500     1733.3333  % 
LB close or above UB, fathomed
183    35     11         0.1500     2.7500     1733.3333  % 
UB: 2.75
branching on 3 with b.
184    36     12         0.1500     2.7500     1733.3333  % 
LB close or above UB, fathomed
185    35     12         0.1500     2.7500     1733.3333  % 
LB close or above UB, fathomed
186    34     11         0.1500     2.7500     1733.3333  % 
LB close or above UB, fathomed
187    33     11         0.1500     2.7500     1733.3333  % 
LB close or above UB, fathomed
188    32     11         0.1500     2.7500     1733.3333  % 
UB: 2.75
branching on CartesianIndex(1, 4) with c.
189    33     12         0.1500     2.7500     1733.3333  % 
LB close or above UB, fathomed
190    32     12         0.1500     2.7500     1733.3333  % 
LB close or above UB, fathomed
191    31     11         0.1500     2.7500     1733.3333  % 
LB close or above UB, fathomed
192    30     11         0.1500     2.7500     1733.3333  % 
LB close or above UB, fathomed
193    29     11         0.1500     2.7500     1733.3333  % 
UB: 2.75
branching on CartesianIndex(1, 5) with c.
194    30     12         0.1500     2.7500     1733.3333  % 
LB close or above UB, fathomed
195    29     12         0.1500     2.7500     1733.3333  % 
UB: 2.75
branching on CartesianIndex(1, 6) with c.
196    30     13         0.1500     2.7500     1733.3333  % 
UB: 2.75
branching on CartesianIndex(2, 6) with c.
197    31     14         0.1500     2.7500     1733.3333  % 
LB close or above UB, fathomed
198    30     14         0.1500     2.7500     1733.3333  % 
UB: 2.75
branching on 2 with b.
199    31     15         0.1500     2.7500     1733.3333  % 
UB: 2.75
branching on CartesianIndex(1, 7) with c.
200    32     16         0.1500     2.7500     1733.3333  % 
UB: 2.75
branching on CartesianIndex(2, 7) with c.
201    33     17         0.1500     2.7500     1733.3333  % 
UB: 2.75
branching on 3 with b.
202    34     17         0.1500     2.7500     1733.3333  % 
LB close or above UB, fathomed
203    33     16         0.1500     2.7500     1733.3333  % 
LB close or above UB, fathomed
204    32     15         0.1500     2.7500     1733.3333  % 
LB close or above UB, fathomed
205    31     13         0.1500     2.7500     1733.3333  % 
LB close or above UB, fathomed
206    30     11         0.1500     2.7500     1733.3333  % 
UB: 2.75
branching on 2 with b.
207    31     12         0.1500     2.7500     1733.3333  % 
UB: 2.75
branching on CartesianIndex(1, 5) with c.
208    32     13         0.1500     2.7500     1733.3333  % 
LB close or above UB, fathomed
209    31     13         0.1500     2.7500     1733.3333  % 
UB: 2.75
branching on CartesianIndex(1, 6) with c.
210    32     14         0.1500     2.7500     1733.3333  % 
UB: 2.75
branching on 3 with b.
211    33     15         0.1500     2.7500     1733.3333  % 
LB close or above UB, fathomed
212    32     15         0.1500     2.7500     1733.3333  % 
UB: 2.75
branching on 1 with b.
213    33     14         0.1500     2.7500     1733.3333  % 
LB close or above UB, fathomed
214    32     12         0.1500     2.7500     1733.3333  % 
LB close or above UB, fathomed
215    31     20         0.1500     2.7500     1733.3333  % 
UB: 2.75
branching on 1 with b.
216    32     21         0.1500     2.7500     1733.3333  % 
LB close or above UB, fathomed
217    31     21         0.1500     2.7500     1733.3333  % 
LB close or above UB, fathomed
218    30     20         0.1500     2.7500     1733.3333  % 
UB: 2.75
branching on 1 with b.
219    31     21         0.1500     2.7500     1733.3333  % 
LB close or above UB, fathomed
220    30     21         0.1500     2.7500     1733.3333  % 
LB close or above UB, fathomed
221    29     19         0.1500     2.7500     1733.3333  % 
LB close or above UB, fathomed
222    28     19         0.1500     2.7500     1733.3333  % 
UB: 2.75
branching on 3 with b.
223    29     20         0.1500     2.7500     1733.3333  % 
UB: 2.75
branching on 1 with b.
224    30     21         0.1500     2.7500     1733.3333  % 
LB close or above UB, fathomed
225    29     21         0.1500     2.7500     1733.3333  % 
LB close or above UB, fathomed
226    28     20         0.1500     2.7500     1733.3333  % 
UB: 2.75
branching on 1 with b.
227    29     21         0.1500     2.7500     1733.3333  % 
LB close or above UB, fathomed
228    28     21         0.1500     2.7500     1733.3333  % 
LB close or above UB, fathomed
229    27     16         0.1500     2.7500     1733.3333  % 
UB: 2.75
branching on CartesianIndex(2, 6) with c.
230    28     17         0.1500     2.7500     1733.3333  % 
LB close or above UB, fathomed
231    27     17         0.1500     2.7500     1733.3333  % 
UB: 2.75
branching on 2 with b.
232    28     18         0.1500     2.7500     1733.3333  % 
LB close or above UB, fathomed
233    27     18         0.1500     2.7500     1733.3333  % 
UB: 2.75
branching on 3 with b.
234    28     19         0.1500     2.7500     1733.3333  % 
UB: 2.75
branching on CartesianIndex(1, 7) with c.
235    29     20         0.1500     2.7500     1733.3333  % 
UB: 2.75
branching on CartesianIndex(2, 7) with c.
236    30     21         0.1500     2.7500     1733.3333  % 
UB: 2.75
branching on 1 with b.
237    30     22         0.1500     2.7500     1733.3333  % 
UB: 2.75
branching on 2 with b.
238    31     23         0.1500     2.7500     1733.3333  % 
LB close or above UB, fathomed
239    30     23         0.1500     2.7500     1733.3333  % 
LB close or above UB, fathomed
240    29     21         0.1500     2.7500     1733.3333  % 
LB close or above UB, fathomed
241    28     20         0.1500     2.7500     1733.3333  % 
LB close or above UB, fathomed
242    27     19         0.1500     2.7500     1733.3333  % 
LB close or above UB, fathomed
243    26     16         0.1500     2.7500     1733.3333  % 
LB close or above UB, fathomed
244    25     12         0.1500     2.7500     1733.3333  % 
UB: 2.75
branching on CartesianIndex(2, 4) with c.
245    26     12         0.1500     2.7500     1733.3333  % 
UB: 2.75
branching on CartesianIndex(1, 5) with c.
246    27     13         0.1500     2.7500     1733.3333  % 
LB close or above UB, fathomed
247    26     13         0.1500     2.7500     1733.3333  % 
UB: 2.75
branching on CartesianIndex(1, 6) with c.
248    27     14         0.1500     2.7500     1733.3333  % 
UB: 2.75
branching on 1 with b.
249    28     15         0.1500     2.7500     1733.3333  % 
LB close or above UB, fathomed
250    27     15         0.1500     2.7500     1733.3333  % 
LB close or above UB, fathomed
251    26     14         0.1500     2.7500     1733.3333  % 
LB close or above UB, fathomed
252    25     13         0.1500     2.7500     1733.3333  % 
UB: 2.75
branching on CartesianIndex(1, 5) with c.
253    26     14         0.1500     2.7500     1733.3333  % 
LB close or above UB, fathomed
254    25     14         0.1500     2.7500     1733.3333  % 
UB: 2.75
branching on CartesianIndex(1, 6) with c.
255    26     15         0.1500     2.7500     1733.3333  % 
UB: 2.75
branching on CartesianIndex(2, 6) with c.
256    27     16         0.1500     2.7500     1733.3333  % 
LB close or above UB, fathomed
257    26     16         0.1500     2.7500     1733.3333  % 
UB: 2.75
branching on 1 with b.
258    27     17         0.1500     2.7500     1733.3333  % 
LB close or above UB, fathomed
259    26     17         0.1500     2.7500     1733.3333  % 
LB close or above UB, fathomed
260    25     15         0.1500     2.7500     1733.3333  % 
LB close or above UB, fathomed
261    24     13         0.1500     2.7500     1733.3333  % 
UB: 2.75
branching on CartesianIndex(1, 5) with c.
262    25     14         0.1500     2.7500     1733.3333  % 
LB close or above UB, fathomed
263    24     14         0.1500     2.7500     1733.3333  % 
UB: 2.75
branching on CartesianIndex(1, 6) with c.
264    25     15         0.1500     2.7500     1733.3333  % 
UB: 2.75
branching on 1 with b.
265    26     16         0.1500     2.7500     1733.3333  % 
LB close or above UB, fathomed
266    25     16         0.1500     2.7500     1733.3333  % 
LB close or above UB, fathomed
267    24     15         0.1500     2.7500     1733.3333  % 
LB close or above UB, fathomed
268    23     16         0.1500     2.7500     1733.3333  % 
LB close or above UB, fathomed
269    22     16         0.1500     2.7500     1733.3333  % 
LB close or above UB, fathomed
270    21     18         0.1500     2.7500     1733.3333  % 
LB close or above UB, fathomed
271    20     18         0.1500     2.7500     1733.3333  % 
UB: 2.75
branching on 1 with b.
272    21     19         0.1500     2.7500     1733.3333  % 
LB close or above UB, fathomed
273    20     19         0.1500     2.7500     1733.3333  % 
LB close or above UB, fathomed
274    19     21         0.1500     2.7500     1733.3333  % 
LB close or above UB, fathomed
275    18     21         0.1500     2.7500     1733.3333  % 
LB close or above UB, fathomed
276    17     6          2.7000     2.7500     1.8519     % 
LB close or above UB, fathomed
277    16     6          2.7000     2.7500     1.8519     % 
UB: 2.75
branching on CartesianIndex(1, 2) with a.
278    17     7          2.7000     2.7500     1.8519     % 
UB: 2.75
branching on CartesianIndex(1, 4) with c.
279    18     8          2.7000     2.7500     1.8519     % 
LB close or above UB, fathomed
280    17     8          2.7000     2.7500     1.8519     % 
UB: 2.75
branching on CartesianIndex(1, 5) with c.
281    18     9          2.7000     2.7500     1.8519     % 
UB: 2.75
branching on 1 with b.
282    19     10         2.7000     2.7500     1.8519     % 
UB: 2.75
branching on 2 with b.
283    20     11         2.7000     2.7500     1.8519     % 
UB: 2.75
branching on CartesianIndex(2, 5) with c.
284    21     12         2.7000     2.7500     1.8519     % 
LB close or above UB, fathomed
285    20     12         2.7000     2.7500     1.8519     % 
UB: 2.75
branching on CartesianIndex(1, 7) with c.
286    21     13         2.7000     2.7500     1.8519     % 
UB: 2.75
branching on CartesianIndex(2, 7) with c.
287    22     14         2.7000     2.7500     1.8519     % 
UB: 2.75
branching on 1 with b.
288    22     15         2.7000     2.7500     1.8519     % 
UB: 2.75
branching on 2 with b.
289    23     16         2.7000     2.7500     1.8519     % 
LB close or above UB, fathomed
290    22     16         2.7000     2.7500     1.8519     % 
UB: 2.75
branching on 1 with b.
291    23     17         2.7000     2.7500     1.8519     % 
LB close or above UB, fathomed
292    22     17         2.7000     2.7500     1.8519     % 
UB: 2.75
branching on 2 with b.
293    23     18         2.7000     2.7500     1.8519     % 
LB close or above UB, fathomed
294    22     18         2.7000     2.7500     1.8519     % 
LB close or above UB, fathomed
295    21     14         2.7000     2.7500     1.8519     % 
LB close or above UB, fathomed
296    20     13         2.7000     2.7500     1.8519     % 
LB close or above UB, fathomed
297    19     11         2.7000     2.7500     1.8519     % 
LB close or above UB, fathomed
298    18     10         2.7000     2.7500     1.8519     % 
UB: 2.75
branching on CartesianIndex(2, 5) with c.
299    19     9          2.7000     2.7500     1.8519     % 
LB close or above UB, fathomed
300    18     7          2.7000     2.7500     1.8519     % 
UB: 2.75
branching on CartesianIndex(1, 4) with c.
301    19     8          2.7000     2.7500     1.8519     % 
LB close or above UB, fathomed
302    18     8          2.7000     2.7500     1.8519     % 
UB: 2.75
branching on CartesianIndex(1, 5) with c.
303    19     9          2.7000     2.7500     1.8519     % 
UB: 2.75
branching on 1 with b.
304    20     10         2.7000     2.7500     1.8519     % 
UB: 2.75
branching on 2 with b.
305    21     11         2.7000     2.7500     1.8519     % 
UB: 2.75
branching on CartesianIndex(2, 5) with c.
306    22     12         2.7000     2.7500     1.8519     % 
LB close or above UB, fathomed
307    21     12         2.7000     2.7500     1.8519     % 
UB: 2.75
branching on 1 with b.
308    21     11         2.7000     2.7500     1.8519     % 
LB close or above UB, fathomed
309    20     10         2.7000     2.7500     1.8519     % 
LB close or above UB, fathomed
310    19     9          2.7000     2.7500     1.8519     % 
LB close or above UB, fathomed
311    18     6          2.7000     2.7500     1.8519     % 
UB: 2.75
branching on 1 with b.
312    19     7          2.7000     2.7500     1.8519     % 
LB close or above UB, fathomed
313    18     7          2.7000     2.7500     1.8519     % 
UB: 2.75
branching on 1 with b.
314    19     6          2.7000     2.7500     1.8519     % 
UB: 2.75
branching on 1 with b.
315    20     7          2.7000     2.7500     1.8519     % 
LB close or above UB, fathomed
316    19     7          2.7000     2.7500     1.8519     % 
UB: 2.75
branching on 1 with b.
317    20     7          2.7000     2.7500     1.8519     % 
UB: 2.75
branching on CartesianIndex(1, 5) with c.
318    21     7          2.7000     2.7500     1.8519     % 
UB: 2.75
branching on CartesianIndex(1, 5) with c.
319    22     8          2.7000     2.7500     1.8519     % 
LB close or above UB, fathomed
320    21     8          2.7000     2.7500     1.8519     % 
LB close or above UB, fathomed
321    20     8          2.7000     2.7500     1.8519     % 
UB: 2.75
branching on 3 with b.
322    21     9          2.7000     2.7500     1.8519     % 
LB close or above UB, fathomed
323    20     9          2.7000     2.7500     1.8519     % 
LB close or above UB, fathomed
324    19     8          2.7000     2.7500     1.8519     % 
LB close or above UB, fathomed
325    18     16         2.7000     2.7500     1.8519     % 
UB: 2.75
branching on 1 with b.
326    18     17         2.7000     2.7500     1.8519     % 
UB: 2.75
branching on 3 with b.
327    18     18         2.7000     2.7500     1.8519     % 
UB: 2.75
branching on 1 with b.
328    18     19         2.7000     2.7500     1.8519     % 
UB: 2.75
branching on 3 with b.
329    19     20         2.7000     2.7500     1.8519     % 
LB close or above UB, fathomed
330    18     20         2.7000     2.7500     1.8519     % 
LB close or above UB, fathomed
331    17     16         2.7000     2.7500     1.8519     % 
LB close or above UB, fathomed
332    16     16         2.7000     2.7500     1.8519     % 
UB: 2.75
branching on 1 with b.
333    16     17         2.7000     2.7500     1.8519     % 
UB: 2.75
branching on 3 with b.
334    16     18         2.7000     2.7500     1.8519     % 
UB: 2.75
branching on 1 with b.
335    16     19         2.7000     2.7500     1.8519     % 
UB: 2.75
branching on 3 with b.
336    17     20         2.7000     2.7500     1.8519     % 
LB close or above UB, fathomed
337    16     20         2.7000     2.7500     1.8519     % 
LB close or above UB, fathomed
338    15     16         2.7000     2.7500     1.8519     % 
LB close or above UB, fathomed
339    14     13         2.7000     2.7500     1.8519     % 
UB: 2.75
branching on 3 with b.
340    15     14         2.7000     2.7500     1.8519     % 
LB close or above UB, fathomed
341    14     14         2.7000     2.7500     1.8519     % 
UB: 2.75
branching on 1 with b.
342    14     15         2.7000     2.7500     1.8519     % 
UB: 2.75
branching on 3 with b.
343    15     16         2.7000     2.7500     1.8519     % 
UB: 2.75
branching on 1 with b.
344    16     17         2.7000     2.7500     1.8519     % 
LB close or above UB, fathomed
345    15     17         2.7000     2.7500     1.8519     % 
UB: 2.75
branching on 3 with b.
346    15     18         2.7000     2.7500     1.8519     % 
UB: 2.75
branching on 1 with b.
347    15     19         2.7000     2.7500     1.8519     % 
UB: 2.75
branching on 3 with b.
348    16     20         2.7000     2.7500     1.8519     % 
LB close or above UB, fathomed
349    15     20         2.7000     2.7500     1.8519     % 
LB close or above UB, fathomed
350    14     16         2.7000     2.7500     1.8519     % 
LB close or above UB, fathomed
351    13     13         2.7000     2.7500     1.8519     % 
LB close or above UB, fathomed
352    12     7          2.7000     2.7500     1.8519     % 
UB: 2.75
branching on 1 with b.
353    13     8          2.7000     2.7500     1.8519     % 
LB close or above UB, fathomed
354    12     8          2.7000     2.7500     1.8519     % 
UB: 2.75
branching on CartesianIndex(1, 5) with c.
355    13     9          2.7000     2.7500     1.8519     % 
LB close or above UB, fathomed
356    12     9          2.7000     2.7500     1.8519     % 
UB: 2.75
branching on CartesianIndex(1, 6) with c.
357    13     10         2.7000     2.7500     1.8519     % 
UB: 2.75
branching on 3 with b.
358    14     11         2.7000     2.7500     1.8519     % 
LB close or above UB, fathomed
359    13     11         2.7000     2.7500     1.8519     % 
UB: 2.75
branching on CartesianIndex(2, 6) with c.
360    14     12         2.7000     2.7500     1.8519     % 
LB close or above UB, fathomed
361    13     12         2.7000     2.7500     1.8519     % 
LB close or above UB, fathomed
362    12     10         2.7000     2.7500     1.8519     % 
LB close or above UB, fathomed
363    11     7          2.7000     2.7500     1.8519     % 
LB close or above UB, fathomed
364    10     8          2.7000     2.7500     1.8519     % 
LB close or above UB, fathomed
365    9      8          2.7000     2.7500     1.8519     % 
UB: 2.75
branching on CartesianIndex(1, 6) with c.
366    10     9          2.7000     2.7500     1.8519     % 
UB: 2.75
branching on 1 with b.
367    11     10         2.7000     2.7500     1.8519     % 
UB: 2.75
branching on 3 with b.
368    12     11         2.7000     2.7500     1.8519     % 
LB close or above UB, fathomed
369    11     11         2.7000     2.7500     1.8519     % 
UB: 2.75
branching on CartesianIndex(2, 6) with c.
370    12     12         2.7000     2.7500     1.8519     % 
LB close or above UB, fathomed
371    11     12         2.7000     2.7500     1.8519     % 
UB: 2.75
branching on CartesianIndex(1, 7) with c.
372    12     13         2.7000     2.7500     1.8519     % 
UB: 2.75
branching on CartesianIndex(2, 7) with c.
373    13     14         2.7000     2.7500     1.8519     % 
UB: 2.75
branching on 1 with b.
374    13     15         2.7000     2.7500     1.8519     % 
UB: 2.75
branching on 3 with b.
375    14     16         2.7000     2.7500     1.8519     % 
UB: 2.75
branching on 1 with b.
376    15     17         2.7000     2.7500     1.8519     % 
LB close or above UB, fathomed
377    14     17         2.7000     2.7500     1.8519     % 
UB: 2.75
branching on 3 with b.
378    14     18         2.7000     2.7500     1.8519     % 
UB: 2.75
branching on 1 with b.
379    14     19         2.7000     2.7500     1.8519     % 
UB: 2.75
branching on 3 with b.
380    15     20         2.7000     2.7500     1.8519     % 
LB close or above UB, fathomed
381    14     20         2.7000     2.7500     1.8519     % 
LB close or above UB, fathomed
382    13     16         2.7000     2.7500     1.8519     % 
LB close or above UB, fathomed
383    12     14         2.7000     2.7500     1.8519     % 
LB close or above UB, fathomed
384    11     13         2.7000     2.7500     1.8519     % 
LB close or above UB, fathomed
385    10     10         2.7000     2.7500     1.8519     % 
UB: 2.75
branching on CartesianIndex(2, 6) with c.
386    11     11         2.7000     2.7500     1.8519     % 
LB close or above UB, fathomed
387    10     11         2.7000     2.7500     1.8519     % 
UB: 2.75
branching on CartesianIndex(1, 7) with c.
388    11     12         2.7000     2.7500     1.8519     % 
UB: 2.75
branching on 3 with b.
389    12     13         2.7000     2.7500     1.8519     % 
LB close or above UB, fathomed
390    11     13         2.7000     2.7500     1.8519     % 
UB: 2.75
branching on CartesianIndex(2, 7) with c.
391    12     14         2.7000     2.7500     1.8519     % 
UB: 2.75
branching on 1 with b.
392    12     15         2.7000     2.7500     1.8519     % 
UB: 2.75
branching on 3 with b.
393    13     16         2.7000     2.7500     1.8519     % 
UB: 2.75
branching on 1 with b.
394    13     17         2.7000     2.7500     1.8519     % 
UB: 2.75
branching on 3 with b.
395    13     18         2.7000     2.7500     1.8519     % 
UB: 2.75
branching on 1 with b.
396    13     19         2.7000     2.7500     1.8519     % 
UB: 2.75
branching on 3 with b.
397    14     20         2.7000     2.7500     1.8519     % 
LB close or above UB, fathomed
398    13     20         2.7000     2.7500     1.8519     % 
LB close or above UB, fathomed
399    12     16         2.7000     2.7500     1.8519     % 
LB close or above UB, fathomed
400    11     14         2.7000     2.7500     1.8519     % 
LB close or above UB, fathomed
401    10     12         2.7000     2.7500     1.8519     % 
LB close or above UB, fathomed
402    9      9          2.7000     2.7500     1.8519     % 
LB close or above UB, fathomed
403    8      8          2.7000     2.7500     1.8519     % 
LB close or above UB, fathomed
404    7      8          2.7000     2.7500     1.8519     % 
LB close or above UB, fathomed
405    6      8          2.7000     2.7500     1.8519     % 
LB close or above UB, fathomed
406    5      8          2.7000     2.7500     1.8519     % 
LB close or above UB, fathomed
407    4      13         2.7000     2.7500     1.8519     % 
UB: 2.75
branching on CartesianIndex(1, 7) with c.
408    5      14         2.7000     2.7500     1.8519     % 
UB: 2.75
branching on 2 with b.
409    6      15         2.7000     2.7500     1.8519     % 
UB: 2.75
branching on 1 with b.
410    7      16         2.7000     2.7500     1.8519     % 
LB close or above UB, fathomed
411    6      16         2.7000     2.7500     1.8519     % 
LB close or above UB, fathomed
412    5      15         2.7000     2.7500     1.8519     % 
UB: 2.75
branching on CartesianIndex(2, 7) with c.
413    6      16         2.7000     2.7500     1.8519     % 
UB: 2.75
branching on 1 with b.
414    7      17         2.7000     2.7500     1.8519     % 
LB close or above UB, fathomed
415    6      17         2.7000     2.7500     1.8519     % 
LB close or above UB, fathomed
416    5      16         2.7000     2.7500     1.8519     % 
LB close or above UB, fathomed
417    4      14         2.7000     2.7500     1.8519     % 
LB close or above UB, fathomed
418    3      11         2.7000     2.7500     1.8519     % 
LB close or above UB, fathomed
419    2      11         2.7000     2.7500     1.8519     % 
UB: 2.75
branching on 2 with b.
420    3      12         2.7000     2.7500     1.8519     % 
UB: 2.75
branching on CartesianIndex(1, 7) with c.
421    4      13         2.7000     2.7500     1.8519     % 
UB: 2.75
branching on CartesianIndex(2, 7) with c.
422    5      14         2.7000     2.7500     1.8519     % 
UB: 2.75
branching on 1 with b.
423    5      15         2.7000     2.7500     1.8519     % 
UB: 2.75
branching on 2 with b.
424    6      16         2.7000     2.7500     1.8519     % 
LB close or above UB, fathomed
425    5      16         2.7000     2.7500     1.8519     % 
UB: 2.75
branching on 1 with b.
426    6      17         2.7000     2.7500     1.8519     % 
UB: 2.75
branching on 2 with b.
427    7      18         2.7000     2.7500     1.8519     % 
LB close or above UB, fathomed
428    6      18         2.7000     2.7500     1.8519     % 
LB close or above UB, fathomed
429    5      17         2.7000     2.7500     1.8519     % 
LB close or above UB, fathomed
430    4      14         2.7000     2.7500     1.8519     % 
LB close or above UB, fathomed
431    3      13         2.7000     2.7500     1.8519     % 
LB close or above UB, fathomed
432    2      12         2.7000     2.7500     1.8519     % 
LB close or above UB, fathomed
433    1      8          2.7000     2.7500     1.8519     % 
LB close or above UB, fathomed
434    0      8          2.7000     2.7500     1.8519     % 
LB close or above UB, fathomed
all node solved
solved nodes:  435
435                                                   2.7333e+00     2.7500e+00     0.6098  % 
2×3 Matrix{Float64}:
 0.0  0.0  1.0
 1.0  1.0  0.0
3-element Vector{Float64}:
 0.38549377660763345
 0.21069674408422864
 0.7904963232223039
3×7 Matrix{Float64}:
 0.0  0.0  0.0  1.0  0.0  0.0  0.0
 0.0  0.0  0.0  0.0  1.0  1.0  0.0
 0.0  0.0  0.0  0.0  0.0  0.0  1.0
3-element Vector{Float64}:
 1.0
 1.0
 1.0
2×3 Matrix{Float64}:
 1.0   1.0  -0.0
 0.0  -0.0   1.0
3-element Vector{Float64}:
 0.6850810553827817
 0.3219253419261563
 0.08938741253983185
3×7 Matrix{Float64}:
 0.0  0.0  0.0  1.0  0.0   1.0   0.0
 0.0  0.0  0.0  0.0  1.0  -0.0  -0.0
 0.0  0.0  0.0  0.0  0.0   0.0   1.0
3-element Vector{Float64}:
 1.0
 1.0
 1.0
comparison (CRT and Glb)on prediction: Dict{Bool, Int64}(0 => 3, 1 => 1)
Dataname	 time	 objv	 lb	 gap	 train_w	 train_g	 test_w	 test_g
small_toy_742.small_toy	 58.42	 2.75	 2.733	 0.0061	 77.778	 88.889	 75.0	 50.0
