Running 2 processes.
Start training small_toy_431.small_toy with seed 1.
Any[]
(2, 13)
(2, 6)
(2, 3)
(2, 4)
dimension: 2, class: 3
cart cost: 2.7000000000000006
size of X: (2, 9)
ngroups: 2
UB: 2.6999999999999993
Iter	left	lev	LB	UB	gap	
0      0      1          0.1000     2.7000     2600.0000  % 
UB: 2.6999999999999993
branching on 1 with d.
1      1      2          0.1000     2.7000     2600.0000  % 
LB close or above UB, fathomed
2      0      2          0.1000     2.7000     2600.0000  % 
UB: 2.6999999999999993
branching on 2 with d.
3      1      3          0.1000     2.7000     2600.0000  % 
UB: 2.6999999999999993
branching on 3 with d.
4      2      4          0.1000     2.7000     2600.0000  % 
LB close or above UB, fathomed
5      1      4          0.1000     2.7000     2600.0000  % 
UB: 2.6999999999999993
branching on CartesianIndex(1, 1) with a.
6      2      5          0.1000     2.7000     2600.0000  % 
UB: 2.6999999999999993
branching on CartesianIndex(1, 3) with a.
7      3      6          0.1000     2.7000     2600.0000  % 
LB close or above UB, fathomed
8      2      6          0.1000     2.7000     2600.0000  % 
UB: 2.6999999999999993
branching on CartesianIndex(1, 5) with c.
9      3      7          0.1000     2.7000     2600.0000  % 
LB close or above UB, fathomed
10     2      7          0.1000     2.7000     2600.0000  % 
UB: 2.6999999999999993
branching on CartesianIndex(1, 6) with c.
11     3      5          0.1000     2.7000     2600.0000  % 
UB: 2.6999999999999993
branching on 1 with b.
12     4      6          0.1000     2.7000     2600.0000  % 
LB close or above UB, fathomed
13     3      6          0.1000     2.7000     2600.0000  % 
LB close or above UB, fathomed
14     2      3          0.1000     2.7000     2600.0000  % 
UB: 2.6999999999999993
branching on 3 with d.
15     3      4          0.1000     2.7000     2600.0000  % 
UB: 2.6999999999999993
branching on 1 with b.
16     4      5          0.1000     2.7000     2600.0000  % 
LB close or above UB, fathomed
17     3      5          0.1000     2.7000     2600.0000  % 
UB: 2.6999999999999993
branching on CartesianIndex(1, 1) with a.
18     4      6          0.1000     2.7000     2600.0000  % 
LB close or above UB, fathomed
19     3      6          0.1000     2.7000     2600.0000  % 
UB: 2.6999999999999993
branching on CartesianIndex(1, 2) with a.
20     4      4          0.1000     2.7000     2600.0000  % 
UB: 2.6999999999999993
branching on 1 with b.
21     5      7          0.1000     2.7000     2600.0000  % 
UB: 2.6999999999999993
branching on CartesianIndex(1, 4) with c.
22     6      8          0.1000     2.7000     2600.0000  % 
LB close or above UB, fathomed
23     5      8          0.1000     2.7000     2600.0000  % 
UB: 2.6999999999999993
branching on 1 with b.
24     6      9          0.1000     2.7000     2600.0000  % 
UB: 2.6999999999999993
branching on 2 with b.
25     7      10         0.1000     2.7000     2600.0000  % 
UB: 2.6999999999999993
branching on CartesianIndex(1, 5) with c.
26     8      11         0.1000     2.7000     2600.0000  % 
UB: 2.6999999999999993
branching on CartesianIndex(2, 5) with c.
27     9      12         0.1000     2.7000     2600.0000  % 
LB close or above UB, fathomed
28     8      12         0.1000     2.7000     2600.0000  % 
UB: 2.6999999999999993
branching on CartesianIndex(1, 7) with c.
29     9      13         0.1000     2.7000     2600.0000  % 
UB: 2.6999999999999993
branching on CartesianIndex(2, 7) with c.
30     10     14         0.1000     2.7000     2600.0000  % 
UB: 2.6999999999999993
branching on 1 with b.
31     10     15         0.1000     2.7000     2600.0000  % 
UB: 2.6999999999999993
branching on 2 with b.
32     11     16         0.1000     2.7000     2600.0000  % 
LB close or above UB, fathomed
33     10     16         0.1000     2.7000     2600.0000  % 
UB: 2.6999999999999993
branching on 1 with b.
34     11     17         0.1000     2.7000     2600.0000  % 
LB close or above UB, fathomed
35     10     17         0.1000     2.7000     2600.0000  % 
UB: 2.6999999999999993
branching on 2 with b.
36     10     18         0.1000     2.7000     2600.0000  % 
UB: 2.6999999999999993
branching on 1 with b.
37     10     19         0.1000     2.7000     2600.0000  % 
UB: 2.6999999999999993
branching on 2 with b.
38     11     20         0.1000     2.7000     2600.0000  % 
LB close or above UB, fathomed
39     10     20         0.1000     2.7000     2600.0000  % 
LB close or above UB, fathomed
40     9      14         0.1000     2.7000     2600.0000  % 
LB close or above UB, fathomed
41     8      13         0.1000     2.7000     2600.0000  % 
LB close or above UB, fathomed
42     7      11         0.1000     2.7000     2600.0000  % 
LB close or above UB, fathomed
43     6      10         0.1000     2.7000     2600.0000  % 
LB close or above UB, fathomed
44     5      9          0.1000     2.7000     2600.0000  % 
LB close or above UB, fathomed
45     4      7          0.1000     2.7000     2600.0000  % 
UB: 2.6999999999999993
branching on 1 with b.
46     5      8          0.1000     2.7000     2600.0000  % 
UB: 2.6999999999999993
branching on 2 with b.
47     6      9          0.1000     2.7000     2600.0000  % 
LB close or above UB, fathomed
48     5      9          0.1000     2.7000     2600.0000  % 
LB close or above UB, fathomed
49     4      8          0.1000     2.7000     2600.0000  % 
LB close or above UB, fathomed
50     3      8          0.1000     2.7000     2600.0000  % 
UB: 2.6999999999999993
branching on CartesianIndex(2, 6) with c.
51     4      9          0.1000     2.7000     2600.0000  % 
LB close or above UB, fathomed
52     3      9          0.1000     2.7000     2600.0000  % 
UB: 2.6999999999999993
branching on CartesianIndex(1, 7) with c.
53     4      10         0.1000     2.7000     2600.0000  % 
UB: 2.6999999999999993
branching on CartesianIndex(2, 7) with c.
54     5      11         0.1000     2.7000     2600.0000  % 
UB: 2.6999999999999993
branching on 1 with b.
55     6      12         0.1000     2.7000     2600.0000  % 
UB: 2.6999999999999993
branching on 1 with b.
56     7      13         0.1000     2.7000     2600.0000  % 
LB close or above UB, fathomed
57     6      13         0.1000     2.7000     2600.0000  % 
UB: 2.6999999999999993
branching on 3 with b.
58     7      14         0.1000     2.7000     2600.0000  % 
LB close or above UB, fathomed
59     6      14         0.1000     2.7000     2600.0000  % 
UB: 2.6999999999999993
branching on 1 with b.
60     6      15         0.1000     2.7000     2600.0000  % 
UB: 2.6999999999999993
branching on 3 with b.
61     7      16         0.1000     2.7000     2600.0000  % 
UB: 2.6999999999999993
branching on 1 with b.
62     8      17         0.1000     2.7000     2600.0000  % 
LB close or above UB, fathomed
63     7      17         0.1000     2.7000     2600.0000  % 
LB close or above UB, fathomed
64     6      16         0.1000     2.7000     2600.0000  % 
LB close or above UB, fathomed
65     5      12         0.1000     2.7000     2600.0000  % 
LB close or above UB, fathomed
66     4      11         0.1000     2.7000     2600.0000  % 
LB close or above UB, fathomed
67     3      10         0.1000     2.7000     2600.0000  % 
LB close or above UB, fathomed
68     2      8          0.1000     2.7000     2600.0000  % 
LB close or above UB, fathomed
69     1      5          0.1500     2.7000     1700.0000  % 
UB: 2.6999999999999993
branching on 1 with b.
70     2      6          0.1500     2.7000     1700.0000  % 
UB: 2.6999999999999993
branching on CartesianIndex(1, 1) with a.
71     3      7          0.1500     2.7000     1700.0000  % 
LB close or above UB, fathomed
72     2      7          0.1500     2.7000     1700.0000  % 
LB close or above UB, fathomed
73     1      6          0.1500     2.7000     1700.0000  % 
UB: 2.6999999999999993
branching on CartesianIndex(1, 1) with a.
74     2      7          0.1500     2.7000     1700.0000  % 
UB: 2.6999999999999993
branching on 2 with b.
75     3      8          0.1500     2.7000     1700.0000  % 
UB: 2.6999999999999993
branching on CartesianIndex(1, 2) with a.
76     4      9          0.1500     2.7000     1700.0000  % 
UB: 2.6999999999999993
branching on CartesianIndex(1, 3) with a.
77     5      10         0.1500     2.7000     1700.0000  % 
LB close or above UB, fathomed
78     4      10         0.1500     2.7000     1700.0000  % 
UB: 2.6999999999999993
branching on 3 with b.
79     5      11         0.1500     2.7000     1700.0000  % 
LB close or above UB, fathomed
80     4      11         0.1500     2.7000     1700.0000  % 
UB: 2.6999999999999993
branching on CartesianIndex(1, 4) with c.
81     5      9          0.1500     2.7000     1700.0000  % 
UB: 2.6999999999999993
branching on 3 with b.
82     6      8          0.1500     2.7000     1700.0000  % 
UB: 2.6999999999999993
branching on 3 with b.
83     7      7          0.1500     2.7000     1700.0000  % 
LB close or above UB, fathomed
84     6      5          0.1500     2.7000     1700.0000  % 
UB: 2.6999999999999993
branching on CartesianIndex(1, 1) with a.
85     7      6          0.1500     2.7000     1700.0000  % 
LB close or above UB, fathomed
86     6      6          0.1500     2.7000     1700.0000  % 
UB: 2.6999999999999993
branching on 1 with b.
87     7      7          0.1500     2.7000     1700.0000  % 
UB: 2.6999999999999993
branching on CartesianIndex(1, 2) with a.
88     8      8          0.1500     2.7000     1700.0000  % 
UB: 2.6999999999999993
branching on 2 with b.
89     9      9          0.1500     2.7000     1700.0000  % 
UB: 2.6999999999999993
branching on CartesianIndex(1, 3) with a.
90     10     10         0.1500     2.7000     1700.0000  % 
UB: 2.6999999999999993
branching on CartesianIndex(1, 4) with c.
91     11     11         0.1500     2.7000     1700.0000  % 
LB close or above UB, fathomed
92     10     11         0.1500     2.7000     1700.0000  % 
UB: 2.6999999999999993
branching on CartesianIndex(1, 5) with c.
93     11     10         0.1500     2.7000     1700.0000  % 
UB: 2.6999999999999993
branching on CartesianIndex(1, 4) with c.
94     12     9          0.1500     2.7000     1700.0000  % 
UB: 2.6999999999999993
branching on CartesianIndex(1, 3) with a.
95     13     8          0.1500     2.7000     1700.0000  % 
UB: 2.6999999999999993
branching on 2 with b.
96     14     9          0.1500     2.7000     1700.0000  % 
UB: 2.6999999999999993
branching on 3 with b.
97     15     10         0.1500     2.7000     1700.0000  % 
UB: 2.6999999999999993
branching on CartesianIndex(1, 3) with a.
98     16     10         0.1500     2.7000     1700.0000  % 
UB: 2.6999999999999993
branching on CartesianIndex(1, 3) with a.
99     17     11         0.1500     2.7000     1700.0000  % 
LB close or above UB, fathomed
100    16     11         0.1500     2.7000     1700.0000  % 
UB: 2.6999999999999993
branching on CartesianIndex(1, 4) with c.
101    17     12         0.1500     2.7000     1700.0000  % 
UB: 2.6999999999999993
branching on CartesianIndex(2, 4) with c.
102    18     12         0.1500     2.7000     1700.0000  % 
UB: 2.6999999999999993
branching on CartesianIndex(1, 5) with c.
103    19     9          0.1500     2.7000     1700.0000  % 
LB close or above UB, fathomed
104    18     7          0.1500     2.7000     1700.0000  % 
LB close or above UB, fathomed
105    17     10         0.1500     2.7000     1700.0000  % 
LB close or above UB, fathomed
106    16     10         0.1500     2.7000     1700.0000  % 
UB: 2.6999999999999993
branching on 1 with b.
107    16     11         0.1500     2.7000     1700.0000  % 
UB: 2.6999999999999993
branching on CartesianIndex(1, 3) with a.
108    17     12         0.1500     2.7000     1700.0000  % 
LB close or above UB, fathomed
109    16     12         0.1500     2.7000     1700.0000  % 
UB: 2.6999999999999993
branching on CartesianIndex(1, 4) with c.
110    17     13         0.1500     2.7000     1700.0000  % 
UB: 2.6999999999999993
branching on CartesianIndex(2, 4) with c.
111    18     13         0.1500     2.7000     1700.0000  % 
UB: 2.6999999999999993
branching on 2 with b.
112    19     11         0.1500     2.7000     1700.0000  % 
UB: 2.6999999999999993
branching on CartesianIndex(1, 4) with c.
113    20     12         0.1500     2.7000     1700.0000  % 
LB close or above UB, fathomed
114    19     12         0.1500     2.7000     1700.0000  % 
UB: 2.6999999999999993
branching on CartesianIndex(1, 5) with c.
115    20     11         0.1500     2.7000     1700.0000  % 
LB close or above UB, fathomed
116    19     9          0.1500     2.7000     1700.0000  % 
LB close or above UB, fathomed
117    18     9          0.1500     2.7000     1700.0000  % 
UB: 2.6999999999999993
branching on CartesianIndex(1, 2) with a.
118    19     10         0.1500     2.7000     1700.0000  % 
UB: 2.6999999999999993
branching on CartesianIndex(1, 3) with a.
119    20     10         0.1500     2.7000     1700.0000  % 
UB: 2.6999999999999993
branching on CartesianIndex(1, 3) with a.
120    21     11         0.1500     2.7000     1700.0000  % 
LB close or above UB, fathomed
121    20     11         0.1500     2.7000     1700.0000  % 
UB: 2.6999999999999993
branching on CartesianIndex(1, 4) with c.
122    21     12         0.1500     2.7000     1700.0000  % 
LB close or above UB, fathomed
123    20     12         0.1500     2.7000     1700.0000  % 
UB: 2.6999999999999993
branching on CartesianIndex(1, 5) with c.
124    21     13         0.1500     2.7000     1700.0000  % 
UB: 2.6999999999999993
branching on CartesianIndex(2, 5) with c.
125    22     14         0.1500     2.7000     1700.0000  % 
UB: 2.6999999999999993
branching on CartesianIndex(1, 6) with c.
126    23     15         0.1500     2.7000     1700.0000  % 
UB: 2.6999999999999993
branching on CartesianIndex(2, 6) with c.
127    24     16         0.1500     2.7000     1700.0000  % 
LB close or above UB, fathomed
128    23     16         0.1500     2.7000     1700.0000  % 
UB: 2.6999999999999993
branching on 1 with b.
129    23     17         0.1500     2.7000     1700.0000  % 
UB: 2.6999999999999993
branching on CartesianIndex(1, 7) with c.
130    24     18         0.1500     2.7000     1700.0000  % 
UB: 2.6999999999999993
branching on CartesianIndex(2, 7) with c.
131    25     19         0.1500     2.7000     1700.0000  % 
UB: 2.6999999999999993
branching on 2 with b.
132    26     20         0.1500     2.7000     1700.0000  % 
UB: 2.6999999999999993
branching on 3 with b.
133    27     21         0.1500     2.7000     1700.0000  % 
UB: 2.6999999999999993
branching on 1 with b.
134    28     22         0.1500     2.7000     1700.0000  % 
LB close or above UB, fathomed
135    27     22         0.1500     2.7000     1700.0000  % 
LB close or above UB, fathomed
136    26     21         0.1500     2.7000     1700.0000  % 
LB close or above UB, fathomed
137    25     20         0.1500     2.7000     1700.0000  % 
UB: 2.6999999999999993
branching on 3 with b.
138    26     19         0.1500     2.7000     1700.0000  % 
LB close or above UB, fathomed
139    25     18         0.1500     2.7000     1700.0000  % 
LB close or above UB, fathomed
140    24     15         0.1500     2.7000     1700.0000  % 
LB close or above UB, fathomed
141    23     14         0.1500     2.7000     1700.0000  % 
UB: 2.6999999999999993
branching on 1 with b.
142    23     15         0.1500     2.7000     1700.0000  % 
UB: 2.6999999999999993
branching on CartesianIndex(1, 6) with c.
143    24     16         0.1500     2.7000     1700.0000  % 
UB: 2.6999999999999993
branching on 2 with b.
144    25     17         0.1500     2.7000     1700.0000  % 
UB: 2.6999999999999993
branching on 3 with b.
145    26     18         0.1500     2.7000     1700.0000  % 
UB: 2.6999999999999993
branching on CartesianIndex(2, 6) with c.
146    27     19         0.1500     2.7000     1700.0000  % 
LB close or above UB, fathomed
147    26     19         0.1500     2.7000     1700.0000  % 
UB: 2.6999999999999993
branching on CartesianIndex(1, 7) with c.
148    27     20         0.1500     2.7000     1700.0000  % 
UB: 2.6999999999999993
branching on CartesianIndex(2, 7) with c.
149    28     21         0.1500     2.7000     1700.0000  % 
UB: 2.6999999999999993
branching on 1 with b.
150    29     22         0.1500     2.7000     1700.0000  % 
LB close or above UB, fathomed
151    28     22         0.1500     2.7000     1700.0000  % 
LB close or above UB, fathomed
152    27     21         0.1500     2.7000     1700.0000  % 
LB close or above UB, fathomed
153    26     20         0.1500     2.7000     1700.0000  % 
LB close or above UB, fathomed
154    25     18         0.1500     2.7000     1700.0000  % 
LB close or above UB, fathomed
155    24     17         0.1500     2.7000     1700.0000  % 
UB: 2.6999999999999993
branching on CartesianIndex(2, 6) with c.
156    25     18         0.1500     2.7000     1700.0000  % 
LB close or above UB, fathomed
157    24     18         0.1500     2.7000     1700.0000  % 
UB: 2.6999999999999993
branching on CartesianIndex(1, 7) with c.
158    25     19         0.1500     2.7000     1700.0000  % 
UB: 2.6999999999999993
branching on 3 with b.
159    26     20         0.1500     2.7000     1700.0000  % 
UB: 2.6999999999999993
branching on CartesianIndex(2, 7) with c.
160    27     21         0.1500     2.7000     1700.0000  % 
UB: 2.6999999999999993
branching on 1 with b.
161    28     22         0.1500     2.7000     1700.0000  % 
LB close or above UB, fathomed
162    27     22         0.1500     2.7000     1700.0000  % 
LB close or above UB, fathomed
163    26     21         0.1500     2.7000     1700.0000  % 
LB close or above UB, fathomed
164    25     20         0.1500     2.7000     1700.0000  % 
LB close or above UB, fathomed
165    24     19         0.1500     2.7000     1700.0000  % 
LB close or above UB, fathomed
166    23     16         0.1500     2.7000     1700.0000  % 
LB close or above UB, fathomed
167    22     13         0.1500     2.7000     1700.0000  % 
UB: 2.6999999999999993
branching on 1 with b.
168    22     14         0.1500     2.7000     1700.0000  % 
UB: 2.6999999999999993
branching on CartesianIndex(1, 6) with c.
169    23     15         0.1500     2.7000     1700.0000  % 
UB: 2.6999999999999993
branching on CartesianIndex(2, 6) with c.
170    24     16         0.1500     2.7000     1700.0000  % 
LB close or above UB, fathomed
171    23     16         0.1500     2.7000     1700.0000  % 
UB: 2.6999999999999993
branching on CartesianIndex(1, 7) with c.
172    24     17         0.1500     2.7000     1700.0000  % 
UB: 2.6999999999999993
branching on CartesianIndex(2, 7) with c.
173    25     18         0.1500     2.7000     1700.0000  % 
UB: 2.6999999999999993
branching on 2 with b.
174    26     19         0.1500     2.7000     1700.0000  % 
UB: 2.6999999999999993
branching on 3 with b.
175    27     20         0.1500     2.7000     1700.0000  % 
UB: 2.6999999999999993
branching on 1 with b.
176    28     21         0.1500     2.7000     1700.0000  % 
LB close or above UB, fathomed
177    27     21         0.1500     2.7000     1700.0000  % 
LB close or above UB, fathomed
178    26     20         0.1500     2.7000     1700.0000  % 
LB close or above UB, fathomed
179    25     19         0.1500     2.7000     1700.0000  % 
UB: 2.6999999999999993
branching on 3 with b.
180    26     18         0.1500     2.7000     1700.0000  % 
LB close or above UB, fathomed
181    25     17         0.1500     2.7000     1700.0000  % 
LB close or above UB, fathomed
182    24     15         0.1500     2.7000     1700.0000  % 
LB close or above UB, fathomed
183    23     11         0.1500     2.7000     1700.0000  % 
LB close or above UB, fathomed
184    22     11         0.1500     2.7000     1700.0000  % 
UB: 2.6999999999999993
branching on CartesianIndex(1, 4) with c.
185    23     12         0.1500     2.7000     1700.0000  % 
LB close or above UB, fathomed
186    22     12         0.1500     2.7000     1700.0000  % 
UB: 2.6999999999999993
branching on 1 with b.
187    22     13         0.1500     2.7000     1700.0000  % 
UB: 2.6999999999999993
branching on CartesianIndex(1, 5) with c.
188    23     14         0.1500     2.7000     1700.0000  % 
UB: 2.6999999999999993
branching on CartesianIndex(2, 5) with c.
189    24     15         0.1500     2.7000     1700.0000  % 
UB: 2.6999999999999993
branching on CartesianIndex(1, 6) with c.
190    25     16         0.1500     2.7000     1700.0000  % 
UB: 2.6999999999999993
branching on CartesianIndex(2, 6) with c.
191    26     17         0.1500     2.7000     1700.0000  % 
LB close or above UB, fathomed
192    25     17         0.1500     2.7000     1700.0000  % 
UB: 2.6999999999999993
branching on CartesianIndex(1, 7) with c.
193    26     18         0.1500     2.7000     1700.0000  % 
UB: 2.6999999999999993
branching on CartesianIndex(2, 7) with c.
194    27     19         0.1500     2.7000     1700.0000  % 
UB: 2.6999999999999993
branching on 2 with b.
195    28     20         0.1500     2.7000     1700.0000  % 
UB: 2.6999999999999993
branching on 3 with b.
196    29     21         0.1500     2.7000     1700.0000  % 
UB: 2.6999999999999993
branching on 1 with b.
197    30     22         0.1500     2.7000     1700.0000  % 
LB close or above UB, fathomed
198    29     22         0.1500     2.7000     1700.0000  % 
LB close or above UB, fathomed
199    28     21         0.1500     2.7000     1700.0000  % 
LB close or above UB, fathomed
200    27     20         0.1500     2.7000     1700.0000  % 
UB: 2.6999999999999993
branching on 3 with b.
201    28     19         0.1500     2.7000     1700.0000  % 
LB close or above UB, fathomed
202    27     18         0.1500     2.7000     1700.0000  % 
LB close or above UB, fathomed
203    26     16         0.1500     2.7000     1700.0000  % 
LB close or above UB, fathomed
204    25     15         0.1500     2.7000     1700.0000  % 
UB: 2.6999999999999993
branching on 2 with b.
205    26     16         0.1500     2.7000     1700.0000  % 
UB: 2.6999999999999993
branching on CartesianIndex(1, 6) with c.
206    27     17         0.1500     2.7000     1700.0000  % 
UB: 2.6999999999999993
branching on CartesianIndex(2, 6) with c.
207    28     18         0.1500     2.7000     1700.0000  % 
LB close or above UB, fathomed
208    27     18         0.1500     2.7000     1700.0000  % 
UB: 2.6999999999999993
branching on CartesianIndex(1, 7) with c.
209    28     19         0.1500     2.7000     1700.0000  % 
UB: 2.6999999999999993
branching on CartesianIndex(2, 7) with c.
210    29     20         0.1500     2.7000     1700.0000  % 
UB: 2.6999999999999993
branching on 3 with b.
211    30     21         0.1500     2.7000     1700.0000  % 
UB: 2.6999999999999993
branching on 1 with b.
212    31     22         0.1500     2.7000     1700.0000  % 
LB close or above UB, fathomed
213    30     22         0.1500     2.7000     1700.0000  % 
LB close or above UB, fathomed
214    29     21         0.1500     2.7000     1700.0000  % 
LB close or above UB, fathomed
215    28     20         0.1500     2.7000     1700.0000  % 
LB close or above UB, fathomed
216    27     19         0.1500     2.7000     1700.0000  % 
LB close or above UB, fathomed
217    26     17         0.1500     2.7000     1700.0000  % 
LB close or above UB, fathomed
218    25     16         0.1500     2.7000     1700.0000  % 
UB: 2.6999999999999993
branching on 3 with b.
219    26     17         0.1500     2.7000     1700.0000  % 
UB: 2.6999999999999993
branching on CartesianIndex(1, 6) with c.
220    27     18         0.1500     2.7000     1700.0000  % 
UB: 2.6999999999999993
branching on CartesianIndex(2, 6) with c.
221    28     19         0.1500     2.7000     1700.0000  % 
LB close or above UB, fathomed
222    27     19         0.1500     2.7000     1700.0000  % 
UB: 2.6999999999999993
branching on CartesianIndex(1, 7) with c.
223    28     20         0.1500     2.7000     1700.0000  % 
UB: 2.6999999999999993
branching on CartesianIndex(2, 7) with c.
224    29     21         0.1500     2.7000     1700.0000  % 
UB: 2.6999999999999993
branching on 1 with b.
225    30     22         0.1500     2.7000     1700.0000  % 
LB close or above UB, fathomed
226    29     22         0.1500     2.7000     1700.0000  % 
LB close or above UB, fathomed
227    28     21         0.1500     2.7000     1700.0000  % 
LB close or above UB, fathomed
228    27     20         0.1500     2.7000     1700.0000  % 
LB close or above UB, fathomed
229    26     18         0.1500     2.7000     1700.0000  % 
LB close or above UB, fathomed
230    25     17         0.1500     2.7000     1700.0000  % 
LB close or above UB, fathomed
231    24     14         0.1500     2.7000     1700.0000  % 
UB: 2.6999999999999993
branching on 2 with b.
232    25     15         0.1500     2.7000     1700.0000  % 
UB: 2.6999999999999993
branching on CartesianIndex(1, 6) with c.
233    26     16         0.1500     2.7000     1700.0000  % 
UB: 2.6999999999999993
branching on 3 with b.
234    27     17         0.1500     2.7000     1700.0000  % 
UB: 2.6999999999999993
branching on CartesianIndex(2, 6) with c.
235    28     18         0.1500     2.7000     1700.0000  % 
LB close or above UB, fathomed
236    27     18         0.1500     2.7000     1700.0000  % 
UB: 2.6999999999999993
branching on CartesianIndex(1, 7) with c.
237    28     19         0.1500     2.7000     1700.0000  % 
UB: 2.6999999999999993
branching on 1 with b.
238    29     20         0.1500     2.7000     1700.0000  % 
LB close or above UB, fathomed
239    28     20         0.1500     2.7000     1700.0000  % 
LB close or above UB, fathomed
240    27     19         0.1500     2.7000     1700.0000  % 
LB close or above UB, fathomed
241    26     17         0.1500     2.7000     1700.0000  % 
LB close or above UB, fathomed
242    25     16         0.1500     2.7000     1700.0000  % 
LB close or above UB, fathomed
243    24     15         0.1500     2.7000     1700.0000  % 
UB: 2.6999999999999993
branching on CartesianIndex(1, 6) with c.
244    25     16         0.1500     2.7000     1700.0000  % 
UB: 2.6999999999999993
branching on CartesianIndex(2, 6) with c.
245    26     17         0.1500     2.7000     1700.0000  % 
LB close or above UB, fathomed
246    25     17         0.1500     2.7000     1700.0000  % 
UB: 2.6999999999999993
branching on 3 with b.
247    26     18         0.1500     2.7000     1700.0000  % 
UB: 2.6999999999999993
branching on CartesianIndex(1, 7) with c.
248    27     19         0.1500     2.7000     1700.0000  % 
UB: 2.6999999999999993
branching on 1 with b.
249    28     20         0.1500     2.7000     1700.0000  % 
LB close or above UB, fathomed
250    27     20         0.1500     2.7000     1700.0000  % 
LB close or above UB, fathomed
251    26     19         0.1500     2.7000     1700.0000  % 
LB close or above UB, fathomed
252    25     18         0.1500     2.7000     1700.0000  % 
LB close or above UB, fathomed
253    24     16         0.1500     2.7000     1700.0000  % 
LB close or above UB, fathomed
254    23     14         0.1500     2.7000     1700.0000  % 
UB: 2.6999999999999993
branching on CartesianIndex(1, 5) with c.
255    24     14         0.1500     2.7000     1700.0000  % 
UB: 2.6999999999999993
branching on CartesianIndex(1, 5) with c.
256    25     13         0.1500     2.7000     1700.0000  % 
UB: 2.6999999999999993
branching on CartesianIndex(2, 5) with c.
257    26     14         0.1500     2.7000     1700.0000  % 
LB close or above UB, fathomed
258    25     14         0.1500     2.7000     1700.0000  % 
UB: 2.6999999999999993
branching on CartesianIndex(1, 6) with c.
259    26     15         0.1500     2.7000     1700.0000  % 
LB close or above UB, fathomed
260    25     15         0.1500     2.7000     1700.0000  % 
UB: 2.6999999999999993
branching on CartesianIndex(1, 7) with c.
261    26     16         0.1500     2.7000     1700.0000  % 
UB: 2.6999999999999993
branching on CartesianIndex(2, 7) with c.
262    27     17         0.1500     2.7000     1700.0000  % 
UB: 2.6999999999999993
branching on 1 with b.
263    27     18         0.1500     2.7000     1700.0000  % 
UB: 2.6999999999999993
branching on 2 with b.
264    28     19         0.1500     2.7000     1700.0000  % 
UB: 2.6999999999999993
branching on 3 with b.
265    29     19         0.1500     2.7000     1700.0000  % 
UB: 2.6999999999999993
branching on 3 with b.
266    30     20         0.1500     2.7000     1700.0000  % 
UB: 2.6999999999999993
branching on 1 with b.
267    31     21         0.1500     2.7000     1700.0000  % 
LB close or above UB, fathomed
268    30     21         0.1500     2.7000     1700.0000  % 
UB: 2.6999999999999993
branching on 2 with b.
269    30     22         0.1500     2.7000     1700.0000  % 
UB: 2.6999999999999993
branching on 3 with b.
270    30     23         0.1500     2.7000     1700.0000  % 
UB: 2.6999999999999993
branching on 1 with b.
271    30     24         0.1500     2.7000     1700.0000  % 
UB: 2.6999999999999993
branching on 2 with b.
272    30     25         0.1500     2.7000     1700.0000  % 
UB: 2.6999999999999993
branching on 3 with b.
273    31     26         0.1500     2.7000     1700.0000  % 
LB close or above UB, fathomed
274    30     26         0.1500     2.7000     1700.0000  % 
UB: 2.6999999999999993
branching on 1 with b.
275    31     27         0.1500     2.7000     1700.0000  % 
LB close or above UB, fathomed
276    30     27         0.1500     2.7000     1700.0000  % 
LB close or above UB, fathomed
277    29     20         0.1500     2.7000     1700.0000  % 
LB close or above UB, fathomed
278    28     17         0.1500     2.7000     1700.0000  % 
LB close or above UB, fathomed
279    27     16         0.1500     2.7000     1700.0000  % 
LB close or above UB, fathomed
280    26     13         0.1500     2.7000     1700.0000  % 
LB close or above UB, fathomed
281    25     13         0.1500     2.7000     1700.0000  % 
LB close or above UB, fathomed
282    24     13         0.1500     2.7000     1700.0000  % 
UB: 2.6999999999999993
branching on 1 with b.
283    24     14         0.1500     2.7000     1700.0000  % 
UB: 2.6999999999999993
branching on CartesianIndex(1, 5) with c.
284    25     15         0.1500     2.7000     1700.0000  % 
LB close or above UB, fathomed
285    24     15         0.1500     2.7000     1700.0000  % 
LB close or above UB, fathomed
286    23     10         0.1500     2.7000     1700.0000  % 
UB: 2.6999999999999993
branching on 3 with b.
287    24     11         0.1500     2.7000     1700.0000  % 
UB: 2.6999999999999993
branching on CartesianIndex(1, 4) with c.
288    25     12         0.1500     2.7000     1700.0000  % 
LB close or above UB, fathomed
289    24     12         0.1500     2.7000     1700.0000  % 
LB close or above UB, fathomed
290    23     11         0.1500     2.7000     1700.0000  % 
LB close or above UB, fathomed
291    22     10         0.1500     2.7000     1700.0000  % 
UB: 2.6999999999999993
branching on 3 with b.
292    23     11         0.1500     2.7000     1700.0000  % 
LB close or above UB, fathomed
293    22     11         0.1500     2.7000     1700.0000  % 
UB: 2.6999999999999993
branching on 1 with b.
294    22     12         0.1500     2.7000     1700.0000  % 
UB: 2.6999999999999993
branching on 2 with b.
295    23     13         0.1500     2.7000     1700.0000  % 
UB: 2.6999999999999993
branching on CartesianIndex(1, 4) with c.
296    24     14         0.1500     2.7000     1700.0000  % 
LB close or above UB, fathomed
297    23     14         0.1500     2.7000     1700.0000  % 
LB close or above UB, fathomed
298    22     13         0.1500     2.7000     1700.0000  % 
LB close or above UB, fathomed
299    21     11         0.1500     2.7000     1700.0000  % 
LB close or above UB, fathomed
300    20     11         0.1500     2.7000     1700.0000  % 
UB: 2.6999999999999993
branching on CartesianIndex(1, 5) with c.
301    21     12         0.1500     2.7000     1700.0000  % 
UB: 2.6999999999999993
branching on CartesianIndex(2, 5) with c.
302    22     13         0.1500     2.7000     1700.0000  % 
LB close or above UB, fathomed
303    21     13         0.1500     2.7000     1700.0000  % 
UB: 2.6999999999999993
branching on 3 with b.
304    22     14         0.1500     2.7000     1700.0000  % 
UB: 2.6999999999999993
branching on CartesianIndex(1, 6) with c.
305    23     15         0.1500     2.7000     1700.0000  % 
UB: 2.6999999999999993
branching on CartesianIndex(2, 6) with c.
306    24     15         0.1500     2.7000     1700.0000  % 
UB: 2.6999999999999993
branching on CartesianIndex(1, 7) with c.
307    25     16         0.1500     2.7000     1700.0000  % 
UB: 2.6999999999999993
branching on 1 with b.
308    25     17         0.1500     2.7000     1700.0000  % 
UB: 2.6999999999999993
branching on CartesianIndex(2, 7) with c.
309    26     18         0.1500     2.7000     1700.0000  % 
UB: 2.6999999999999993
branching on 2 with b.
310    27     19         0.1500     2.7000     1700.0000  % 
LB close or above UB, fathomed
311    26     19         0.1500     2.7000     1700.0000  % 
UB: 2.6999999999999993
branching on 3 with b.
312    27     20         0.1500     2.7000     1700.0000  % 
UB: 2.6999999999999993
branching on 1 with b.
313    28     21         0.1500     2.7000     1700.0000  % 
LB close or above UB, fathomed
314    27     21         0.1500     2.7000     1700.0000  % 
UB: 2.6999999999999993
branching on 2 with b.
315    27     22         0.1500     2.7000     1700.0000  % 
UB: 2.6999999999999993
branching on 3 with b.
316    28     23         0.1500     2.7000     1700.0000  % 
UB: 2.6999999999999993
branching on 1 with b.
317    28     24         0.1500     2.7000     1700.0000  % 
UB: 2.6999999999999993
branching on 2 with b.
318    29     25         0.1500     2.7000     1700.0000  % 
LB close or above UB, fathomed
319    28     25         0.1500     2.7000     1700.0000  % 
LB close or above UB, fathomed
320    27     23         0.1500     2.7000     1700.0000  % 
UB: 2.6999999999999993
branching on 1 with b.
321    27     24         0.1500     2.7000     1700.0000  % 
UB: 2.6999999999999993
branching on 2 with b.
322    28     25         0.1500     2.7000     1700.0000  % 
LB close or above UB, fathomed
323    27     25         0.1500     2.7000     1700.0000  % 
LB close or above UB, fathomed
324    26     20         0.1500     2.7000     1700.0000  % 
UB: 2.6999999999999993
branching on 1 with b.
325    27     21         0.1500     2.7000     1700.0000  % 
LB close or above UB, fathomed
326    26     21         0.1500     2.7000     1700.0000  % 
UB: 2.6999999999999993
branching on 2 with b.
327    26     22         0.1500     2.7000     1700.0000  % 
UB: 2.6999999999999993
branching on 3 with b.
328    26     23         0.1500     2.7000     1700.0000  % 
UB: 2.6999999999999993
branching on 1 with b.
329    26     24         0.1500     2.7000     1700.0000  % 
UB: 2.6999999999999993
branching on 2 with b.
330    27     25         0.1500     2.7000     1700.0000  % 
LB close or above UB, fathomed
331    26     25         0.1500     2.7000     1700.0000  % 
LB close or above UB, fathomed
332    25     18         0.1500     2.7000     1700.0000  % 
LB close or above UB, fathomed
333    24     16         0.1500     2.7000     1700.0000  % 
LB close or above UB, fathomed
334    23     14         0.1500     2.7000     1700.0000  % 
UB: 2.6999999999999993
branching on CartesianIndex(1, 6) with c.
335    24     15         0.1500     2.7000     1700.0000  % 
UB: 2.6999999999999993
branching on 1 with b.
336    24     16         0.1500     2.7000     1700.0000  % 
UB: 2.6999999999999993
branching on 2 with b.
337    25     17         0.1500     2.7000     1700.0000  % 
LB close or above UB, fathomed
338    24     17         0.1500     2.7000     1700.0000  % 
UB: 2.6999999999999993
branching on CartesianIndex(2, 6) with c.
339    25     18         0.1500     2.7000     1700.0000  % 
UB: 2.6999999999999993
branching on 3 with b.
340    26     19         0.1500     2.7000     1700.0000  % 
UB: 2.6999999999999993
branching on CartesianIndex(1, 7) with c.
341    27     19         0.1500     2.7000     1700.0000  % 
UB: 2.6999999999999993
branching on CartesianIndex(1, 7) with c.
342    28     20         0.1500     2.7000     1700.0000  % 
UB: 2.6999999999999993
branching on CartesianIndex(2, 7) with c.
343    29     21         0.1500     2.7000     1700.0000  % 
UB: 2.6999999999999993
branching on 1 with b.
344    30     22         0.1500     2.7000     1700.0000  % 
LB close or above UB, fathomed
345    29     22         0.1500     2.7000     1700.0000  % 
UB: 2.6999999999999993
branching on 2 with b.
346    29     23         0.1500     2.7000     1700.0000  % 
UB: 2.6999999999999993
branching on 3 with b.
347    29     24         0.1500     2.7000     1700.0000  % 
UB: 2.6999999999999993
branching on 1 with b.
348    29     25         0.1500     2.7000     1700.0000  % 
UB: 2.6999999999999993
branching on 2 with b.
349    30     26         0.1500     2.7000     1700.0000  % 
LB close or above UB, fathomed
350    29     26         0.1500     2.7000     1700.0000  % 
LB close or above UB, fathomed
351    28     21         0.1500     2.7000     1700.0000  % 
LB close or above UB, fathomed
352    27     20         0.1500     2.7000     1700.0000  % 
LB close or above UB, fathomed
353    26     18         0.1500     2.7000     1700.0000  % 
UB: 2.6999999999999993
branching on 3 with b.
354    27     19         0.1500     2.7000     1700.0000  % 
UB: 2.6999999999999993
branching on CartesianIndex(1, 7) with c.
355    28     20         0.1500     2.7000     1700.0000  % 
UB: 2.6999999999999993
branching on CartesianIndex(2, 7) with c.
356    29     21         0.1500     2.7000     1700.0000  % 
UB: 2.6999999999999993
branching on 1 with b.
357    30     22         0.1500     2.7000     1700.0000  % 
LB close or above UB, fathomed
358    29     22         0.1500     2.7000     1700.0000  % 
UB: 2.6999999999999993
branching on 2 with b.
359    29     23         0.1500     2.7000     1700.0000  % 
UB: 2.6999999999999993
branching on 3 with b.
360    29     24         0.1500     2.7000     1700.0000  % 
UB: 2.6999999999999993
branching on 1 with b.
361    29     25         0.1500     2.7000     1700.0000  % 
UB: 2.6999999999999993
branching on 2 with b.
362    30     26         0.1500     2.7000     1700.0000  % 
LB close or above UB, fathomed
363    29     26         0.1500     2.7000     1700.0000  % 
LB close or above UB, fathomed
364    28     21         0.1500     2.7000     1700.0000  % 
LB close or above UB, fathomed
365    27     20         0.1500     2.7000     1700.0000  % 
LB close or above UB, fathomed
366    26     19         0.1500     2.7000     1700.0000  % 
LB close or above UB, fathomed
367    25     15         0.1500     2.7000     1700.0000  % 
UB: 2.6999999999999993
branching on 1 with b.
368    25     16         0.1500     2.7000     1700.0000  % 
UB: 2.6999999999999993
branching on CartesianIndex(1, 7) with c.
369    26     17         0.1500     2.7000     1700.0000  % 
UB: 2.6999999999999993
branching on CartesianIndex(2, 7) with c.
370    27     18         0.1500     2.7000     1700.0000  % 
UB: 2.6999999999999993
branching on 2 with b.
371    28     19         0.1500     2.7000     1700.0000  % 
LB close or above UB, fathomed
372    27     19         0.1500     2.7000     1700.0000  % 
UB: 2.6999999999999993
branching on 3 with b.
373    28     18         0.1500     2.7000     1700.0000  % 
LB close or above UB, fathomed
374    27     17         0.1500     2.7000     1700.0000  % 
LB close or above UB, fathomed
375    26     12         0.1500     2.7000     1700.0000  % 
LB close or above UB, fathomed
376    25     12         0.1500     2.7000     1700.0000  % 
UB: 2.6999999999999993
branching on CartesianIndex(2, 4) with c.
377    26     13         0.1500     2.7000     1700.0000  % 
UB: 2.6999999999999993
branching on CartesianIndex(1, 5) with c.
378    27     14         0.1500     2.7000     1700.0000  % 
LB close or above UB, fathomed
379    26     14         0.1500     2.7000     1700.0000  % 
UB: 2.6999999999999993
branching on 1 with b.
380    26     15         0.1500     2.7000     1700.0000  % 
UB: 2.6999999999999993
branching on 2 with b.
381    27     16         0.1500     2.7000     1700.0000  % 
UB: 2.6999999999999993
branching on CartesianIndex(1, 6) with c.
382    28     17         0.1500     2.7000     1700.0000  % 
UB: 2.6999999999999993
branching on 3 with b.
383    29     18         0.1500     2.7000     1700.0000  % 
UB: 2.6999999999999993
branching on CartesianIndex(2, 6) with c.
384    30     19         0.1500     2.7000     1700.0000  % 
LB close or above UB, fathomed
385    29     19         0.1500     2.7000     1700.0000  % 
UB: 2.6999999999999993
branching on CartesianIndex(1, 7) with c.
386    30     20         0.1500     2.7000     1700.0000  % 
UB: 2.6999999999999993
branching on CartesianIndex(2, 7) with c.
387    31     21         0.1500     2.7000     1700.0000  % 
UB: 2.6999999999999993
branching on 1 with b.
388    32     22         0.1500     2.7000     1700.0000  % 
LB close or above UB, fathomed
389    31     22         0.1500     2.7000     1700.0000  % 
LB close or above UB, fathomed
390    30     21         0.1500     2.7000     1700.0000  % 
LB close or above UB, fathomed
391    29     20         0.1500     2.7000     1700.0000  % 
LB close or above UB, fathomed
392    28     18         0.1500     2.7000     1700.0000  % 
LB close or above UB, fathomed
393    27     17         0.1500     2.7000     1700.0000  % 
LB close or above UB, fathomed
394    26     16         0.1500     2.7000     1700.0000  % 
LB close or above UB, fathomed
395    25     13         0.1500     2.7000     1700.0000  % 
UB: 2.6999999999999993
branching on CartesianIndex(1, 5) with c.
396    26     14         0.1500     2.7000     1700.0000  % 
LB close or above UB, fathomed
397    25     14         0.1500     2.7000     1700.0000  % 
UB: 2.6999999999999993
branching on 1 with b.
398    25     15         0.1500     2.7000     1700.0000  % 
UB: 2.6999999999999993
branching on CartesianIndex(1, 6) with c.
399    26     16         0.1500     2.7000     1700.0000  % 
UB: 2.6999999999999993
branching on CartesianIndex(2, 6) with c.
400    27     17         0.1500     2.7000     1700.0000  % 
LB close or above UB, fathomed
401    26     17         0.1500     2.7000     1700.0000  % 
UB: 2.6999999999999993
branching on 2 with b.
402    27     18         0.1500     2.7000     1700.0000  % 
UB: 2.6999999999999993
branching on 3 with b.
403    28     19         0.1500     2.7000     1700.0000  % 
UB: 2.6999999999999993
branching on CartesianIndex(1, 7) with c.
404    29     20         0.1500     2.7000     1700.0000  % 
UB: 2.6999999999999993
branching on CartesianIndex(2, 7) with c.
405    30     21         0.1500     2.7000     1700.0000  % 
UB: 2.6999999999999993
branching on 1 with b.
406    31     22         0.1500     2.7000     1700.0000  % 
LB close or above UB, fathomed
407    30     22         0.1500     2.7000     1700.0000  % 
LB close or above UB, fathomed
408    29     21         0.1500     2.7000     1700.0000  % 
LB close or above UB, fathomed
409    28     20         0.1500     2.7000     1700.0000  % 
LB close or above UB, fathomed
410    27     19         0.1500     2.7000     1700.0000  % 
LB close or above UB, fathomed
411    26     18         0.1500     2.7000     1700.0000  % 
LB close or above UB, fathomed
412    25     16         0.1500     2.7000     1700.0000  % 
LB close or above UB, fathomed
413    24     12         0.1500     2.7000     1700.0000  % 
UB: 2.6999999999999993
branching on CartesianIndex(1, 5) with c.
414    25     13         0.1500     2.7000     1700.0000  % 
UB: 2.6999999999999993
branching on CartesianIndex(2, 5) with c.
415    26     14         0.1500     2.7000     1700.0000  % 
UB: 2.6999999999999993
branching on CartesianIndex(1, 6) with c.
416    27     15         0.1500     2.7000     1700.0000  % 
UB: 2.6999999999999993
branching on CartesianIndex(2, 6) with c.
417    28     16         0.1500     2.7000     1700.0000  % 
LB close or above UB, fathomed
418    27     16         0.1500     2.7000     1700.0000  % 
UB: 2.6999999999999993
branching on 1 with b.
419    27     17         0.1500     2.7000     1700.0000  % 
UB: 2.6999999999999993
branching on 2 with b.
420    28     18         0.1500     2.7000     1700.0000  % 
LB close or above UB, fathomed
421    27     18         0.1500     2.7000     1700.0000  % 
UB: 2.6999999999999993
branching on CartesianIndex(1, 7) with c.
422    28     19         0.1500     2.7000     1700.0000  % 
UB: 2.6999999999999993
branching on CartesianIndex(2, 7) with c.
423    29     20         0.1500     2.7000     1700.0000  % 
UB: 2.6999999999999993
branching on 3 with b.
424    30     21         0.1500     2.7000     1700.0000  % 
UB: 2.6999999999999993
branching on 1 with b.
425    31     22         0.1500     2.7000     1700.0000  % 
LB close or above UB, fathomed
426    30     22         0.1500     2.7000     1700.0000  % 
LB close or above UB, fathomed
427    29     21         0.1500     2.7000     1700.0000  % 
LB close or above UB, fathomed
428    28     20         0.1500     2.7000     1700.0000  % 
LB close or above UB, fathomed
429    27     19         0.1500     2.7000     1700.0000  % 
LB close or above UB, fathomed
430    26     15         0.1500     2.7000     1700.0000  % 
LB close or above UB, fathomed
431    25     14         0.1500     2.7000     1700.0000  % 
UB: 2.6999999999999993
branching on 1 with b.
432    25     15         0.1500     2.7000     1700.0000  % 
UB: 2.6999999999999993
branching on CartesianIndex(1, 6) with c.
433    26     16         0.1500     2.7000     1700.0000  % 
UB: 2.6999999999999993
branching on 2 with b.
434    27     17         0.1500     2.7000     1700.0000  % 
LB close or above UB, fathomed
435    26     17         0.1500     2.7000     1700.0000  % 
UB: 2.6999999999999993
branching on 3 with b.
436    27     18         0.1500     2.7000     1700.0000  % 
UB: 2.6999999999999993
branching on CartesianIndex(2, 6) with c.
437    28     19         0.1500     2.7000     1700.0000  % 
LB close or above UB, fathomed
438    27     19         0.1500     2.7000     1700.0000  % 
UB: 2.6999999999999993
branching on 1 with b.
439    28     20         0.1500     2.7000     1700.0000  % 
LB close or above UB, fathomed
440    27     20         0.1500     2.7000     1700.0000  % 
UB: 2.6999999999999993
branching on CartesianIndex(1, 7) with c.
441    28     21         0.1500     2.7000     1700.0000  % 
UB: 2.6999999999999993
branching on CartesianIndex(2, 7) with c.
442    29     22         0.1500     2.7000     1700.0000  % 
UB: 2.6999999999999993
branching on 2 with b.
443    29     23         0.1500     2.7000     1700.0000  % 
UB: 2.6999999999999993
branching on 3 with b.
444    29     24         0.1500     2.7000     1700.0000  % 
UB: 2.6999999999999993
branching on 1 with b.
445    30     25         0.1500     2.7000     1700.0000  % 
UB: 2.6999999999999993
branching on 2 with b.
446    31     26         0.1500     2.7000     1700.0000  % 
LB close or above UB, fathomed
447    30     26         0.1500     2.7000     1700.0000  % 
LB close or above UB, fathomed
448    29     25         0.1500     2.7000     1700.0000  % 
UB: 2.6999999999999993
branching on 2 with b.
449    30     26         0.1500     2.7000     1700.0000  % 
LB close or above UB, fathomed
450    29     26         0.1500     2.7000     1700.0000  % 
LB close or above UB, fathomed
451    28     22         0.1500     2.7000     1700.0000  % 
LB close or above UB, fathomed
452    27     21         0.1500     2.7000     1700.0000  % 
LB close or above UB, fathomed
453    26     18         0.1500     2.7000     1700.0000  % 
LB close or above UB, fathomed
454    25     16         0.1500     2.7000     1700.0000  % 
LB close or above UB, fathomed
455    24     13         0.1500     2.7000     1700.0000  % 
UB: 2.6999999999999993
branching on CartesianIndex(1, 6) with c.
456    25     14         0.1500     2.7000     1700.0000  % 
UB: 2.6999999999999993
branching on CartesianIndex(2, 6) with c.
457    26     15         0.1500     2.7000     1700.0000  % 
LB close or above UB, fathomed
458    25     15         0.1500     2.7000     1700.0000  % 
UB: 2.6999999999999993
branching on 1 with b.
459    25     16         0.1500     2.7000     1700.0000  % 
UB: 2.6999999999999993
branching on CartesianIndex(1, 7) with c.
460    26     17         0.1500     2.7000     1700.0000  % 
UB: 2.6999999999999993
branching on CartesianIndex(2, 7) with c.
461    27     18         0.1500     2.7000     1700.0000  % 
UB: 2.6999999999999993
branching on 2 with b.
462    28     19         0.1500     2.7000     1700.0000  % 
UB: 2.6999999999999993
branching on 3 with b.
463    29     19         0.1500     2.7000     1700.0000  % 
UB: 2.6999999999999993
branching on 3 with b.
464    30     20         0.1500     2.7000     1700.0000  % 
UB: 2.6999999999999993
branching on 1 with b.
465    31     21         0.1500     2.7000     1700.0000  % 
LB close or above UB, fathomed
466    30     21         0.1500     2.7000     1700.0000  % 
LB close or above UB, fathomed
467    29     20         0.1500     2.7000     1700.0000  % 
LB close or above UB, fathomed
468    28     18         0.1500     2.7000     1700.0000  % 
LB close or above UB, fathomed
469    27     17         0.1500     2.7000     1700.0000  % 
LB close or above UB, fathomed
470    26     14         0.1500     2.7000     1700.0000  % 
LB close or above UB, fathomed
471    25     20         0.1500     2.7000     1700.0000  % 
UB: 2.6999999999999993
branching on 1 with b.
472    26     21         0.1500     2.7000     1700.0000  % 
LB close or above UB, fathomed
473    25     21         0.1500     2.7000     1700.0000  % 
LB close or above UB, fathomed
474    24     20         0.1500     2.7000     1700.0000  % 
LB close or above UB, fathomed
475    23     20         0.1500     2.7000     1700.0000  % 
UB: 2.6999999999999993
branching on CartesianIndex(2, 7) with c.
476    24     21         0.1500     2.7000     1700.0000  % 
UB: 2.6999999999999993
branching on 1 with b.
477    25     22         0.1500     2.7000     1700.0000  % 
LB close or above UB, fathomed
478    24     22         0.1500     2.7000     1700.0000  % 
UB: 2.6999999999999993
branching on 2 with b.
479    24     23         0.1500     2.7000     1700.0000  % 
UB: 2.6999999999999993
branching on 3 with b.
480    24     24         0.1500     2.7000     1700.0000  % 
UB: 2.6999999999999993
branching on 1 with b.
481    24     25         0.1500     2.7000     1700.0000  % 
UB: 2.6999999999999993
branching on 2 with b.
482    25     26         0.1500     2.7000     1700.0000  % 
LB close or above UB, fathomed
483    24     26         0.1500     2.7000     1700.0000  % 
LB close or above UB, fathomed
484    23     21         0.1500     2.7000     1700.0000  % 
LB close or above UB, fathomed
485    22     20         0.1500     2.7000     1700.0000  % 
LB close or above UB, fathomed
486    21     15         0.1500     2.7000     1700.0000  % 
LB close or above UB, fathomed
487    20     15         0.1500     2.7000     1700.0000  % 
UB: 2.6999999999999993
branching on CartesianIndex(1, 6) with c.
488    21     16         0.1500     2.7000     1700.0000  % 
UB: 2.6999999999999993
branching on 2 with b.
489    22     17         0.1500     2.7000     1700.0000  % 
UB: 2.6999999999999993
branching on CartesianIndex(2, 6) with c.
490    23     18         0.1500     2.7000     1700.0000  % 
LB close or above UB, fathomed
491    22     18         0.1500     2.7000     1700.0000  % 
UB: 2.6999999999999993
branching on CartesianIndex(1, 7) with c.
492    23     19         0.1500     2.7000     1700.0000  % 
UB: 2.6999999999999993
branching on 3 with b.
493    24     20         0.1500     2.7000     1700.0000  % 
UB: 2.6999999999999993
branching on CartesianIndex(2, 7) with c.
494    25     21         0.1500     2.7000     1700.0000  % 
UB: 2.6999999999999993
branching on 1 with b.
495    26     22         0.1500     2.7000     1700.0000  % 
LB close or above UB, fathomed
496    25     22         0.1500     2.7000     1700.0000  % 
LB close or above UB, fathomed
497    24     21         0.1500     2.7000     1700.0000  % 
LB close or above UB, fathomed
498    23     20         0.1500     2.7000     1700.0000  % 
LB close or above UB, fathomed
499    22     19         0.1500     2.7000     1700.0000  % 
LB close or above UB, fathomed
500    21     17         0.1500     2.7000     1700.0000  % 
LB close or above UB, fathomed
501    20     16         0.1500     2.7000     1700.0000  % 
LB close or above UB, fathomed
502    19     15         0.1500     2.7000     1700.0000  % 
LB close or above UB, fathomed
503    18     15         0.1500     2.7000     1700.0000  % 
UB: 2.6999999999999993
branching on 2 with b.
504    19     16         0.1500     2.7000     1700.0000  % 
UB: 2.6999999999999993
branching on 3 with b.
505    20     17         0.1500     2.7000     1700.0000  % 
UB: 2.6999999999999993
branching on CartesianIndex(1, 6) with c.
506    21     18         0.1500     2.7000     1700.0000  % 
UB: 2.6999999999999993
branching on CartesianIndex(2, 6) with c.
507    22     19         0.1500     2.7000     1700.0000  % 
LB close or above UB, fathomed
508    21     19         0.1500     2.7000     1700.0000  % 
UB: 2.6999999999999993
branching on CartesianIndex(1, 7) with c.
509    22     20         0.1500     2.7000     1700.0000  % 
UB: 2.6999999999999993
branching on CartesianIndex(2, 7) with c.
510    23     21         0.1500     2.7000     1700.0000  % 
UB: 2.6999999999999993
branching on 1 with b.
511    24     22         0.1500     2.7000     1700.0000  % 
LB close or above UB, fathomed
512    23     22         0.1500     2.7000     1700.0000  % 
LB close or above UB, fathomed
513    22     21         0.1500     2.7000     1700.0000  % 
LB close or above UB, fathomed
514    21     20         0.1500     2.7000     1700.0000  % 
LB close or above UB, fathomed
515    20     18         0.1500     2.7000     1700.0000  % 
LB close or above UB, fathomed
516    19     17         0.1500     2.7000     1700.0000  % 
LB close or above UB, fathomed
517    18     16         0.1500     2.7000     1700.0000  % 
LB close or above UB, fathomed
518    17     21         0.1500     2.7000     1700.0000  % 
UB: 2.6999999999999993
branching on 1 with b.
519    18     22         0.1500     2.7000     1700.0000  % 
LB close or above UB, fathomed
520    17     22         0.1500     2.7000     1700.0000  % 
LB close or above UB, fathomed
521    16     21         0.1500     2.7000     1700.0000  % 
LB close or above UB, fathomed
522    15     20         0.1500     2.7000     1700.0000  % 
UB: 2.6999999999999993
branching on 1 with b.
523    16     21         0.1500     2.7000     1700.0000  % 
LB close or above UB, fathomed
524    15     21         0.1500     2.7000     1700.0000  % 
LB close or above UB, fathomed
525    14     20         0.1500     2.7000     1700.0000  % 
LB close or above UB, fathomed
526    13     21         0.1500     2.7000     1700.0000  % 
UB: 2.6999999999999993
branching on 1 with b.
527    14     22         0.1500     2.7000     1700.0000  % 
LB close or above UB, fathomed
528    13     22         0.1500     2.7000     1700.0000  % 
LB close or above UB, fathomed
529    12     21         0.1500     2.7000     1700.0000  % 
LB close or above UB, fathomed
530    11     14         0.1500     2.7000     1700.0000  % 
UB: 2.6999999999999993
branching on CartesianIndex(1, 5) with c.
531    12     15         0.1500     2.7000     1700.0000  % 
LB close or above UB, fathomed
532    11     15         0.1500     2.7000     1700.0000  % 
UB: 2.6999999999999993
branching on 3 with b.
533    12     16         0.1500     2.7000     1700.0000  % 
UB: 2.6999999999999993
branching on 1 with b.
534    13     17         0.1500     2.7000     1700.0000  % 
LB close or above UB, fathomed
535    12     17         0.1500     2.7000     1700.0000  % 
LB close or above UB, fathomed
536    11     16         0.1500     2.7000     1700.0000  % 
LB close or above UB, fathomed
537    10     14         0.1500     2.7000     1700.0000  % 
UB: 2.6999999999999993
branching on 3 with b.
538    11     15         0.1500     2.7000     1700.0000  % 
UB: 2.6999999999999993
branching on CartesianIndex(1, 5) with c.
539    12     16         0.1500     2.7000     1700.0000  % 
LB close or above UB, fathomed
540    11     16         0.1500     2.7000     1700.0000  % 
UB: 2.6999999999999993
branching on CartesianIndex(1, 6) with c.
541    12     17         0.1500     2.7000     1700.0000  % 
UB: 2.6999999999999993
branching on CartesianIndex(2, 6) with c.
542    13     18         0.1500     2.7000     1700.0000  % 
LB close or above UB, fathomed
543    12     18         0.1500     2.7000     1700.0000  % 
UB: 2.6999999999999993
branching on CartesianIndex(1, 7) with c.
544    13     19         0.1500     2.7000     1700.0000  % 
UB: 2.6999999999999993
branching on CartesianIndex(2, 7) with c.
545    14     20         0.1500     2.7000     1700.0000  % 
UB: 2.6999999999999993
branching on 1 with b.
546    15     21         0.1500     2.7000     1700.0000  % 
LB close or above UB, fathomed
547    14     21         0.1500     2.7000     1700.0000  % 
LB close or above UB, fathomed
548    13     20         0.1500     2.7000     1700.0000  % 
LB close or above UB, fathomed
549    12     19         0.1500     2.7000     1700.0000  % 
LB close or above UB, fathomed
550    11     17         0.1500     2.7000     1700.0000  % 
LB close or above UB, fathomed
551    10     15         0.1500     2.7000     1700.0000  % 
LB close or above UB, fathomed
552    9      12         0.1500     2.7000     1700.0000  % 
UB: 2.6999999999999993
branching on 3 with b.
553    10     13         0.1500     2.7000     1700.0000  % 
UB: 2.6999999999999993
branching on CartesianIndex(2, 5) with c.
554    11     13         0.1500     2.7000     1700.0000  % 
UB: 2.6999999999999993
branching on CartesianIndex(2, 5) with c.
555    12     14         0.1500     2.7000     1700.0000  % 
LB close or above UB, fathomed
556    11     14         0.1500     2.7000     1700.0000  % 
UB: 2.6999999999999993
branching on CartesianIndex(1, 6) with c.
557    12     15         0.1500     2.7000     1700.0000  % 
UB: 2.6999999999999993
branching on CartesianIndex(2, 6) with c.
558    13     16         0.1500     2.7000     1700.0000  % 
UB: 2.6999999999999993
branching on CartesianIndex(1, 7) with c.
559    14     17         0.1500     2.7000     1700.0000  % 
UB: 2.6999999999999993
branching on CartesianIndex(2, 7) with c.
560    15     18         0.1500     2.7000     1700.0000  % 
UB: 2.6999999999999993
branching on 1 with b.
561    15     19         0.1500     2.7000     1700.0000  % 
UB: 2.6999999999999993
branching on 2 with b.
562    16     20         0.1500     2.7000     1700.0000  % 
LB close or above UB, fathomed
563    15     20         0.1500     2.7000     1700.0000  % 
UB: 2.6999999999999993
branching on 3 with b.
564    16     21         0.1500     2.7000     1700.0000  % 
UB: 2.6999999999999993
branching on 1 with b.
565    17     22         0.1500     2.7000     1700.0000  % 
LB close or above UB, fathomed
566    16     22         0.1500     2.7000     1700.0000  % 
UB: 2.6999999999999993
branching on 2 with b.
567    16     23         0.1500     2.7000     1700.0000  % 
UB: 2.6999999999999993
branching on 3 with b.
568    16     24         0.1500     2.7000     1700.0000  % 
UB: 2.6999999999999993
branching on 1 with b.
569    16     25         0.1500     2.7000     1700.0000  % 
UB: 2.6999999999999993
branching on 2 with b.
570    17     26         0.1500     2.7000     1700.0000  % 
LB close or above UB, fathomed
571    16     26         0.1500     2.7000     1700.0000  % 
LB close or above UB, fathomed
572    15     21         0.1500     2.7000     1700.0000  % 
UB: 2.6999999999999993
branching on 1 with b.
573    16     22         0.1500     2.7000     1700.0000  % 
LB close or above UB, fathomed
574    15     22         0.1500     2.7000     1700.0000  % 
UB: 2.6999999999999993
branching on 2 with b.
575    15     23         0.1500     2.7000     1700.0000  % 
UB: 2.6999999999999993
branching on 3 with b.
576    15     24         0.1500     2.7000     1700.0000  % 
UB: 2.6999999999999993
branching on 1 with b.
577    15     25         0.1500     2.7000     1700.0000  % 
UB: 2.6999999999999993
branching on 2 with b.
578    16     26         0.1500     2.7000     1700.0000  % 
LB close or above UB, fathomed
579    15     26         0.1500     2.7000     1700.0000  % 
LB close or above UB, fathomed
580    14     18         0.1500     2.7000     1700.0000  % 
LB close or above UB, fathomed
581    13     17         0.1500     2.7000     1700.0000  % 
LB close or above UB, fathomed
582    12     16         0.1500     2.7000     1700.0000  % 
LB close or above UB, fathomed
583    11     15         0.1500     2.7000     1700.0000  % 
LB close or above UB, fathomed
584    10     12         0.1500     2.7000     1700.0000  % 
LB close or above UB, fathomed
585    9      14         0.1500     2.7000     1700.0000  % 
LB close or above UB, fathomed
586    8      14         0.1500     2.7000     1700.0000  % 
UB: 2.6999999999999993
branching on CartesianIndex(1, 6) with c.
587    9      15         0.1500     2.7000     1700.0000  % 
UB: 2.6999999999999993
branching on CartesianIndex(2, 6) with c.
588    10     16         0.1500     2.7000     1700.0000  % 
UB: 2.6999999999999993
branching on CartesianIndex(1, 7) with c.
589    11     17         0.1500     2.7000     1700.0000  % 
UB: 2.6999999999999993
branching on 1 with b.
590    11     18         0.1500     2.7000     1700.0000  % 
UB: 2.6999999999999993
branching on 2 with b.
591    12     19         0.1500     2.7000     1700.0000  % 
LB close or above UB, fathomed
592    11     19         0.1500     2.7000     1700.0000  % 
UB: 2.6999999999999993
branching on CartesianIndex(2, 7) with c.
593    12     20         0.1500     2.7000     1700.0000  % 
UB: 2.6999999999999993
branching on 3 with b.
594    13     21         0.1500     2.7000     1700.0000  % 
UB: 2.6999999999999993
branching on 1 with b.
595    14     22         0.1500     2.7000     1700.0000  % 
LB close or above UB, fathomed
596    13     22         0.1500     2.7000     1700.0000  % 
UB: 2.6999999999999993
branching on 2 with b.
597    13     23         0.1500     2.7000     1700.0000  % 
UB: 2.6999999999999993
branching on 3 with b.
598    13     24         0.1500     2.7000     1700.0000  % 
UB: 2.6999999999999993
branching on 1 with b.
599    13     25         0.1500     2.7000     1700.0000  % 
UB: 2.6999999999999993
branching on 2 with b.
600    14     26         0.1500     2.7000     1700.0000  % 
LB close or above UB, fathomed
601    13     26         0.1500     2.7000     1700.0000  % 
LB close or above UB, fathomed
602    12     21         0.1500     2.7000     1700.0000  % 
UB: 2.6999999999999993
branching on 1 with b.
603    13     22         0.1500     2.7000     1700.0000  % 
LB close or above UB, fathomed
604    12     22         0.1500     2.7000     1700.0000  % 
UB: 2.6999999999999993
branching on 2 with b.
605    12     23         0.1500     2.7000     1700.0000  % 
UB: 2.6999999999999993
branching on 3 with b.
606    12     24         0.1500     2.7000     1700.0000  % 
UB: 2.6999999999999993
branching on 1 with b.
607    12     25         0.1500     2.7000     1700.0000  % 
UB: 2.6999999999999993
branching on 2 with b.
608    13     26         0.1500     2.7000     1700.0000  % 
LB close or above UB, fathomed
609    12     26         0.1500     2.7000     1700.0000  % 
LB close or above UB, fathomed
610    11     20         0.1500     2.7000     1700.0000  % 
LB close or above UB, fathomed
611    10     17         0.1500     2.7000     1700.0000  % 
LB close or above UB, fathomed
612    9      16         0.1500     2.7000     1700.0000  % 
UB: 2.6999999999999993
branching on 1 with b.
613    9      17         0.1500     2.7000     1700.0000  % 
UB: 2.6999999999999993
branching on CartesianIndex(1, 7) with c.
614    10     18         0.1500     2.7000     1700.0000  % 
UB: 2.6999999999999993
branching on CartesianIndex(2, 7) with c.
615    11     19         0.1500     2.7000     1700.0000  % 
UB: 2.6999999999999993
branching on 2 with b.
616    12     20         0.1500     2.7000     1700.0000  % 
LB close or above UB, fathomed
617    11     20         0.1500     2.7000     1700.0000  % 
UB: 2.6999999999999993
branching on 3 with b.
618    12     21         0.1500     2.7000     1700.0000  % 
UB: 2.6999999999999993
branching on 1 with b.
619    13     22         0.1500     2.7000     1700.0000  % 
LB close or above UB, fathomed
620    12     22         0.1500     2.7000     1700.0000  % 
UB: 2.6999999999999993
branching on 2 with b.
621    12     23         0.1500     2.7000     1700.0000  % 
UB: 2.6999999999999993
branching on 3 with b.
622    12     24         0.1500     2.7000     1700.0000  % 
UB: 2.6999999999999993
branching on 1 with b.
623    12     25         0.1500     2.7000     1700.0000  % 
UB: 2.6999999999999993
branching on 2 with b.
624    13     26         0.1500     2.7000     1700.0000  % 
LB close or above UB, fathomed
625    12     26         0.1500     2.7000     1700.0000  % 
LB close or above UB, fathomed
626    11     21         0.1500     2.7000     1700.0000  % 
UB: 2.6999999999999993
branching on 1 with b.
627    12     22         0.1500     2.7000     1700.0000  % 
LB close or above UB, fathomed
628    11     22         0.1500     2.7000     1700.0000  % 
UB: 2.6999999999999993
branching on 2 with b.
629    11     23         0.1500     2.7000     1700.0000  % 
UB: 2.6999999999999993
branching on 3 with b.
630    11     24         0.1500     2.7000     1700.0000  % 
UB: 2.6999999999999993
branching on 1 with b.
631    11     25         0.1500     2.7000     1700.0000  % 
UB: 2.6999999999999993
branching on 2 with b.
632    12     26         0.1500     2.7000     1700.0000  % 
LB close or above UB, fathomed
633    11     26         0.1500     2.7000     1700.0000  % 
LB close or above UB, fathomed
634    10     19         0.1500     2.7000     1700.0000  % 
LB close or above UB, fathomed
635    9      18         0.1500     2.7000     1700.0000  % 
LB close or above UB, fathomed
636    8      15         0.1500     2.7000     1700.0000  % 
UB: 2.6999999999999993
branching on 1 with b.
637    8      16         0.1500     2.7000     1700.0000  % 
UB: 2.6999999999999993
branching on CartesianIndex(1, 7) with c.
638    9      17         0.1500     2.7000     1700.0000  % 
UB: 2.6999999999999993
branching on CartesianIndex(2, 7) with c.
639    10     18         0.1500     2.7000     1700.0000  % 
UB: 2.6999999999999993
branching on 2 with b.
640    11     19         0.1500     2.7000     1700.0000  % 
LB close or above UB, fathomed
641    10     19         0.1500     2.7000     1700.0000  % 
UB: 2.6999999999999993
branching on 3 with b.
642    11     20         0.1500     2.7000     1700.0000  % 
UB: 2.6999999999999993
branching on 1 with b.
643    12     21         0.1500     2.7000     1700.0000  % 
LB close or above UB, fathomed
644    11     21         0.1500     2.7000     1700.0000  % 
UB: 2.6999999999999993
branching on 2 with b.
645    11     22         0.1500     2.7000     1700.0000  % 
UB: 2.6999999999999993
branching on 3 with b.
646    11     23         0.1500     2.7000     1700.0000  % 
UB: 2.6999999999999993
branching on 1 with b.
647    11     24         0.1500     2.7000     1700.0000  % 
UB: 2.6999999999999993
branching on 2 with b.
648    12     25         0.1500     2.7000     1700.0000  % 
LB close or above UB, fathomed
649    11     25         0.1500     2.7000     1700.0000  % 
LB close or above UB, fathomed
650    10     20         0.1500     2.7000     1700.0000  % 
UB: 2.6999999999999993
branching on 1 with b.
651    11     21         0.1500     2.7000     1700.0000  % 
LB close or above UB, fathomed
652    10     21         0.1500     2.7000     1700.0000  % 
UB: 2.6999999999999993
branching on 2 with b.
653    10     22         0.1500     2.7000     1700.0000  % 
UB: 2.6999999999999993
branching on 3 with b.
654    10     23         0.1500     2.7000     1700.0000  % 
UB: 2.6999999999999993
branching on 1 with b.
655    10     24         0.1500     2.7000     1700.0000  % 
UB: 2.6999999999999993
branching on 2 with b.
656    11     25         0.1500     2.7000     1700.0000  % 
LB close or above UB, fathomed
657    10     25         0.1500     2.7000     1700.0000  % 
LB close or above UB, fathomed
658    9      18         0.1500     2.7000     1700.0000  % 
LB close or above UB, fathomed
659    8      17         0.1500     2.7000     1700.0000  % 
LB close or above UB, fathomed
660    7      20         0.1500     2.7000     1700.0000  % 
UB: 2.6999999999999993
branching on 1 with b.
661    8      21         0.1500     2.7000     1700.0000  % 
LB close or above UB, fathomed
662    7      21         0.1500     2.7000     1700.0000  % 
UB: 2.6999999999999993
branching on 2 with b.
663    7      22         0.1500     2.7000     1700.0000  % 
UB: 2.6999999999999993
branching on 3 with b.
664    7      23         0.1500     2.7000     1700.0000  % 
UB: 2.6999999999999993
branching on 1 with b.
665    7      24         0.1500     2.7000     1700.0000  % 
UB: 2.6999999999999993
branching on 2 with b.
666    8      25         0.1500     2.7000     1700.0000  % 
LB close or above UB, fathomed
667    7      25         0.1500     2.7000     1700.0000  % 
LB close or above UB, fathomed
668    6      20         0.1500     2.7000     1700.0000  % 
LB close or above UB, fathomed
669    5      16         0.1500     2.7000     1700.0000  % 
UB: 2.6999999999999993
branching on CartesianIndex(1, 7) with c.
670    6      17         0.1500     2.7000     1700.0000  % 
UB: 2.6999999999999993
branching on CartesianIndex(2, 7) with c.
671    7      18         0.1500     2.7000     1700.0000  % 
UB: 2.6999999999999993
branching on 1 with b.
672    7      19         0.1500     2.7000     1700.0000  % 
UB: 2.6999999999999993
branching on 2 with b.
673    8      20         0.1500     2.7000     1700.0000  % 
LB close or above UB, fathomed
674    7      20         0.1500     2.7000     1700.0000  % 
UB: 2.6999999999999993
branching on 3 with b.
675    8      21         0.1500     2.7000     1700.0000  % 
UB: 2.6999999999999993
branching on 1 with b.
676    9      22         0.1500     2.7000     1700.0000  % 
LB close or above UB, fathomed
677    8      22         0.1500     2.7000     1700.0000  % 
UB: 2.6999999999999993
branching on 2 with b.
678    8      23         0.1500     2.7000     1700.0000  % 
UB: 2.6999999999999993
branching on 3 with b.
679    9      24         0.1500     2.7000     1700.0000  % 
UB: 2.6999999999999993
branching on 1 with b.
680    9      25         0.1500     2.7000     1700.0000  % 
UB: 2.6999999999999993
branching on 2 with b.
681    10     26         0.1500     2.7000     1700.0000  % 
LB close or above UB, fathomed
682    9      26         0.1500     2.7000     1700.0000  % 
LB close or above UB, fathomed
683    8      24         0.1500     2.7000     1700.0000  % 
UB: 2.6999999999999993
branching on 1 with b.
684    8      25         0.1500     2.7000     1700.0000  % 
UB: 2.6999999999999993
branching on 2 with b.
685    9      26         0.1500     2.7000     1700.0000  % 
LB close or above UB, fathomed
686    8      26         0.1500     2.7000     1700.0000  % 
LB close or above UB, fathomed
687    7      21         0.1500     2.7000     1700.0000  % 
UB: 2.6999999999999993
branching on 1 with b.
688    8      22         0.1500     2.7000     1700.0000  % 
LB close or above UB, fathomed
689    7      22         0.1500     2.7000     1700.0000  % 
UB: 2.6999999999999993
branching on 2 with b.
690    7      23         0.1500     2.7000     1700.0000  % 
UB: 2.6999999999999993
branching on 3 with b.
691    7      24         0.1500     2.7000     1700.0000  % 
UB: 2.6999999999999993
branching on 1 with b.
692    7      25         0.1500     2.7000     1700.0000  % 
UB: 2.6999999999999993
branching on 2 with b.
693    8      26         0.1500     2.7000     1700.0000  % 
LB close or above UB, fathomed
694    7      26         0.1500     2.7000     1700.0000  % 
LB close or above UB, fathomed
695    6      18         0.1500     2.7000     1700.0000  % 
LB close or above UB, fathomed
696    5      17         0.1500     2.7000     1700.0000  % 
LB close or above UB, fathomed
697    4      16         0.1500     2.7000     1700.0000  % 
UB: 2.6999999999999993
branching on CartesianIndex(1, 7) with c.
698    5      17         0.1500     2.7000     1700.0000  % 
UB: 2.6999999999999993
branching on CartesianIndex(2, 7) with c.
699    6      18         0.1500     2.7000     1700.0000  % 
UB: 2.6999999999999993
branching on 1 with b.
700    6      19         0.1500     2.7000     1700.0000  % 
UB: 2.6999999999999993
branching on 2 with b.
701    7      20         0.1500     2.7000     1700.0000  % 
LB close or above UB, fathomed
702    6      20         0.1500     2.7000     1700.0000  % 
UB: 2.6999999999999993
branching on 3 with b.
703    7      21         0.1500     2.7000     1700.0000  % 
UB: 2.6999999999999993
branching on 1 with b.
704    8      22         0.1500     2.7000     1700.0000  % 
LB close or above UB, fathomed
705    7      22         0.1500     2.7000     1700.0000  % 
UB: 2.6999999999999993
branching on 2 with b.
706    7      23         0.1500     2.7000     1700.0000  % 
UB: 2.6999999999999993
branching on 3 with b.
707    8      24         0.1500     2.7000     1700.0000  % 
UB: 2.6999999999999993
branching on 1 with b.
708    8      25         0.1500     2.7000     1700.0000  % 
UB: 2.6999999999999993
branching on 2 with b.
709    9      26         0.1500     2.7000     1700.0000  % 
LB close or above UB, fathomed
710    8      26         0.1500     2.7000     1700.0000  % 
LB close or above UB, fathomed
711    7      24         0.1500     2.7000     1700.0000  % 
UB: 2.6999999999999993
branching on 1 with b.
712    7      25         0.1500     2.7000     1700.0000  % 
UB: 2.6999999999999993
branching on 2 with b.
713    8      26         0.1500     2.7000     1700.0000  % 
LB close or above UB, fathomed
714    7      26         0.1500     2.7000     1700.0000  % 
LB close or above UB, fathomed
715    6      21         0.1500     2.7000     1700.0000  % 
UB: 2.6999999999999993
branching on 1 with b.
716    7      22         0.1500     2.7000     1700.0000  % 
LB close or above UB, fathomed
717    6      22         0.1500     2.7000     1700.0000  % 
UB: 2.6999999999999993
branching on 2 with b.
718    6      23         0.1500     2.7000     1700.0000  % 
UB: 2.6999999999999993
branching on 3 with b.
719    6      24         0.1500     2.7000     1700.0000  % 
UB: 2.6999999999999993
branching on 1 with b.
720    6      25         0.1500     2.7000     1700.0000  % 
UB: 2.6999999999999993
branching on 2 with b.
721    7      26         0.1500     2.7000     1700.0000  % 
LB close or above UB, fathomed
722    6      26         0.1500     2.7000     1700.0000  % 
LB close or above UB, fathomed
723    5      18         0.1500     2.7000     1700.0000  % 
LB close or above UB, fathomed
724    4      17         0.1500     2.7000     1700.0000  % 
LB close or above UB, fathomed
725    3      20         0.1500     2.7000     1700.0000  % 
UB: 2.6999999999999993
branching on 1 with b.
726    4      21         0.1500     2.7000     1700.0000  % 
LB close or above UB, fathomed
727    3      21         0.1500     2.7000     1700.0000  % 
UB: 2.6999999999999993
branching on 2 with b.
728    4      22         0.1500     2.7000     1700.0000  % 
LB close or above UB, fathomed
729    3      22         0.1500     2.7000     1700.0000  % 
UB: 2.6999999999999993
branching on 3 with b.
730    3      23         0.1500     2.7000     1700.0000  % 
UB: 2.6999999999999993
branching on 1 with b.
731    3      24         0.1500     2.7000     1700.0000  % 
UB: 2.6999999999999993
branching on 2 with b.
732    3      25         0.1500     2.7000     1700.0000  % 
UB: 2.6999999999999993
branching on 3 with b.
733    4      26         0.1500     2.7000     1700.0000  % 
LB close or above UB, fathomed
734    3      26         0.1500     2.7000     1700.0000  % 
UB: 2.6999999999999993
branching on 1 with b.
735    4      27         0.1500     2.7000     1700.0000  % 
LB close or above UB, fathomed
736    3      27         0.1500     2.7000     1700.0000  % 
LB close or above UB, fathomed
737    2      20         0.1500     2.7000     1700.0000  % 
LB close or above UB, fathomed
738    1      13         0.1500     2.7000     1700.0000  % 
UB: 2.6999999999999993
branching on CartesianIndex(2, 5) with c.
739    2      14         0.1500     2.7000     1700.0000  % 
LB close or above UB, fathomed
740    1      14         0.1500     2.7000     1700.0000  % 
UB: 2.6999999999999993
branching on CartesianIndex(1, 6) with c.
741    2      15         0.1500     2.7000     1700.0000  % 
LB close or above UB, fathomed
742    1      15         0.1500     2.7000     1700.0000  % 
UB: 2.6999999999999993
branching on CartesianIndex(1, 7) with c.
743    2      16         0.1500     2.7000     1700.0000  % 
UB: 2.6999999999999993
branching on CartesianIndex(2, 7) with c.
744    3      17         0.1500     2.7000     1700.0000  % 
UB: 2.6999999999999993
branching on 1 with b.
745    3      18         0.1500     2.7000     1700.0000  % 
UB: 2.6999999999999993
branching on 2 with b.
746    4      19         0.1500     2.7000     1700.0000  % 
UB: 2.6999999999999993
branching on 3 with b.
747    5      20         0.1500     2.7000     1700.0000  % 
UB: 2.6999999999999993
branching on 1 with b.
748    6      21         0.1500     2.7000     1700.0000  % 
LB close or above UB, fathomed
749    5      21         0.1500     2.7000     1700.0000  % 
UB: 2.6999999999999993
branching on 2 with b.
750    6      22         0.1500     2.7000     1700.0000  % 
LB close or above UB, fathomed
751    5      22         0.1500     2.7000     1700.0000  % 
UB: 2.6999999999999993
branching on 3 with b.
752    5      23         0.1500     2.7000     1700.0000  % 
UB: 2.6999999999999993
branching on 1 with b.
753    5      24         0.1500     2.7000     1700.0000  % 
UB: 2.6999999999999993
branching on 2 with b.
754    5      25         0.1500     2.7000     1700.0000  % 
UB: 2.6999999999999993
branching on 3 with b.
755    5      26         0.1500     2.7000     1700.0000  % 
UB: 2.6999999999999993
branching on 1 with b.
756    6      27         0.1500     2.7000     1700.0000  % 
LB close or above UB, fathomed
757    5      27         0.1500     2.7000     1700.0000  % 
LB close or above UB, fathomed
758    4      20         0.1500     2.7000     1700.0000  % 
UB: 2.6999999999999993
branching on 1 with b.
759    5      21         0.1500     2.7000     1700.0000  % 
LB close or above UB, fathomed
760    4      21         0.1500     2.7000     1700.0000  % 
UB: 2.6999999999999993
branching on 2 with b.
761    5      22         0.1500     2.7000     1700.0000  % 
LB close or above UB, fathomed
762    4      22         0.1500     2.7000     1700.0000  % 
UB: 2.6999999999999993
branching on 3 with b.
763    4      23         0.1500     2.7000     1700.0000  % 
UB: 2.6999999999999993
branching on 1 with b.
764    4      24         0.1500     2.7000     1700.0000  % 
UB: 2.6999999999999993
branching on 2 with b.
765    4      25         0.1500     2.7000     1700.0000  % 
UB: 2.6999999999999993
branching on 3 with b.
766    5      26         0.1500     2.7000     1700.0000  % 
UB: 2.6999999999999993
branching on 1 with b.
767    6      27         0.1500     2.7000     1700.0000  % 
LB close or above UB, fathomed
768    5      27         0.1500     2.7000     1700.0000  % 
LB close or above UB, fathomed
769    4      26         0.1500     2.7000     1700.0000  % 
UB: 2.6999999999999993
branching on 1 with b.
770    5      27         0.1500     2.7000     1700.0000  % 
LB close or above UB, fathomed
771    4      27         0.1500     2.7000     1700.0000  % 
LB close or above UB, fathomed
772    3      19         0.1500     2.7000     1700.0000  % 
UB: 2.6999999999999993
branching on 3 with b.
773    4      20         0.1500     2.7000     1700.0000  % 
UB: 2.6999999999999993
branching on 1 with b.
774    5      21         0.1500     2.7000     1700.0000  % 
LB close or above UB, fathomed
775    4      21         0.1500     2.7000     1700.0000  % 
UB: 2.6999999999999993
branching on 2 with b.
776    4      22         0.1500     2.7000     1700.0000  % 
UB: 2.6999999999999993
branching on 3 with b.
777    4      23         0.1500     2.7000     1700.0000  % 
UB: 2.6999999999999993
branching on 1 with b.
778    4      24         0.1500     2.7000     1700.0000  % 
UB: 2.6999999999999993
branching on 2 with b.
779    4      25         0.1500     2.7000     1700.0000  % 
UB: 2.6999999999999993
branching on 3 with b.
780    4      26         0.1500     2.7000     1700.0000  % 
UB: 2.6999999999999993
branching on 1 with b.
781    5      27         0.1500     2.7000     1700.0000  % 
LB close or above UB, fathomed
782    4      27         0.1500     2.7000     1700.0000  % 
LB close or above UB, fathomed
783    3      20         0.1500     2.7000     1700.0000  % 
UB: 2.6999999999999993
branching on 1 with b.
784    4      21         0.1500     2.7000     1700.0000  % 
LB close or above UB, fathomed
785    3      21         0.1500     2.7000     1700.0000  % 
UB: 2.6999999999999993
branching on 2 with b.
786    3      22         0.1500     2.7000     1700.0000  % 
UB: 2.6999999999999993
branching on 3 with b.
787    3      23         0.1500     2.7000     1700.0000  % 
UB: 2.6999999999999993
branching on 1 with b.
788    3      24         0.1500     2.7000     1700.0000  % 
UB: 2.6999999999999993
branching on 2 with b.
789    3      25         0.1500     2.7000     1700.0000  % 
UB: 2.6999999999999993
branching on 3 with b.
790    4      26         0.1500     2.7000     1700.0000  % 
UB: 2.6999999999999993
branching on 1 with b.
791    5      27         0.1500     2.7000     1700.0000  % 
LB close or above UB, fathomed
792    4      27         0.1500     2.7000     1700.0000  % 
LB close or above UB, fathomed
793    3      26         0.1500     2.7000     1700.0000  % 
UB: 2.6999999999999993
branching on 1 with b.
794    4      27         0.1500     2.7000     1700.0000  % 
LB close or above UB, fathomed
795    3      27         0.1500     2.7000     1700.0000  % 
LB close or above UB, fathomed
796    2      17         0.1500     2.7000     1700.0000  % 
LB close or above UB, fathomed
797    1      16         0.1500     2.7000     1700.0000  % 
LB close or above UB, fathomed
798    0      13         0.1500     2.7000     1700.0000  % 
LB close or above UB, fathomed
all node solved
solved nodes:  799
799                                                   2.6778e+00     2.7000e+00     0.8299  % 
2×3 Matrix{Float64}:
 1.0  0.0  0.0
 0.0  1.0  0.0
3-element Vector{Float64}:
 0.7429892264046248
 0.17231217257530604
 0.0
3×7 Matrix{Float64}:
 0.0  0.0  0.0  1.0  0.0  0.0  0.0
 0.0  0.0  0.0  0.0  1.0  0.0  0.0
 0.0  0.0  0.0  0.0  0.0  0.0  1.0
3-element Vector{Float64}:
 1.0
 1.0
 0.0
2×3 Matrix{Float64}:
 1.0  0.0  0.0
 0.0  1.0  0.0
3-element Vector{Float64}:
 0.7469772304066328
 0.061183931970105965
 0.0
3×7 Matrix{Float64}:
 0.0  0.0  0.0  1.0  0.0  0.0  0.0
 0.0  0.0  0.0  0.0  1.0  0.0  0.0
 0.0  0.0  0.0  0.0  0.0  0.0  1.0
3-element Vector{Float64}:
 1.0
 1.0
 0.0
comparison (CRT and Glb)on prediction: Dict{Bool, Int64}(0 => 0, 1 => 4)
Dataname	 time	 objv	 lb	 gap	 train_w	 train_g	 test_w	 test_g
small_toy_431.small_toy	 57.89	 2.6999999999999993	 2.678	 0.0083	 88.889	 88.889	 75.0	 75.0
