Running 2 processes.
Start training small_toy_397.small_toy with seed 1.
Any[]
(2, 13)
(2, 6)
(2, 3)
(2, 4)
dimension: 2, class: 3
cart cost: 5.349999999999999
size of X: (2, 9)
ngroups: 2
UB: 2.75
Iter	left	lev	LB	UB	gap	
0      0      1          2.7000     2.7500     1.8519     % 
UB: 2.75
branching on 1 with d.
1      1      2          2.7000     2.7500     1.8519     % 
LB close or above UB, fathomed
2      0      2          2.7000     2.7500     1.8519     % 
UB: 2.75
branching on 2 with d.
3      1      3          2.7000     2.7500     1.8519     % 
UB: 2.75
branching on 3 with d.
4      2      4          2.7000     2.7500     1.8519     % 
LB close or above UB, fathomed
5      1      4          2.7000     2.7500     1.8519     % 
UB: 2.75
branching on CartesianIndex(1, 1) with a.
6      2      5          2.7000     2.7500     1.8519     % 
UB: 2.75
branching on CartesianIndex(1, 3) with a.
7      3      6          2.7000     2.7500     1.8519     % 
UB: 2.75
branching on 1 with b.
8      4      7          2.7000     2.7500     1.8519     % 
UB: 2.75
branching on CartesianIndex(1, 5) with c.
9      5      8          2.7000     2.7500     1.8519     % 
LB close or above UB, fathomed
10     4      8          2.7000     2.7500     1.8519     % 
UB: 2.75
branching on CartesianIndex(1, 6) with c.
11     5      9          2.7000     2.7500     1.8519     % 
UB: 2.75
branching on 1 with b.
12     6      10         2.7000     2.7500     1.8519     % 
LB close or above UB, fathomed
13     5      10         2.7000     2.7500     1.8519     % 
UB: 2.75
branching on 3 with b.
14     6      11         2.7000     2.7500     1.8519     % 
LB close or above UB, fathomed
15     5      11         2.7000     2.7500     1.8519     % 
UB: 2.75
branching on 1 with b.
16     5      12         2.7000     2.7500     1.8519     % 
UB: 2.75
branching on CartesianIndex(2, 6) with c.
17     6      13         2.7000     2.7500     1.8519     % 
LB close or above UB, fathomed
18     5      13         2.7000     2.7500     1.8519     % 
LB close or above UB, fathomed
19     4      9          2.7000     2.7500     1.8519     % 
LB close or above UB, fathomed
20     3      7          2.7000     2.7500     1.8519     % 
LB close or above UB, fathomed
21     2      6          2.7000     2.7500     1.8519     % 
UB: 2.75
branching on CartesianIndex(1, 5) with c.
22     3      7          2.7000     2.7500     1.8519     % 
LB close or above UB, fathomed
23     2      7          2.7000     2.7500     1.8519     % 
UB: 2.75
branching on 1 with b.
24     3      8          2.7000     2.7500     1.8519     % 
UB: 2.75
branching on 1 with b.
25     4      9          2.7000     2.7500     1.8519     % 
UB: 2.75
branching on 3 with b.
26     5      9          2.7000     2.7500     1.8519     % 
UB: 2.75
branching on CartesianIndex(1, 6) with c.
27     6      10         2.7000     2.7500     1.8519     % 
UB: 2.75
branching on CartesianIndex(2, 6) with c.
28     7      11         2.7000     2.7500     1.8519     % 
LB close or above UB, fathomed
29     6      11         2.7000     2.7500     1.8519     % 
UB: 2.75
branching on CartesianIndex(1, 7) with c.
30     7      12         2.7000     2.7500     1.8519     % 
UB: 2.75
branching on 3 with b.
31     8      13         2.7000     2.7500     1.8519     % 
LB close or above UB, fathomed
32     7      13         2.7000     2.7500     1.8519     % 
UB: 2.75
branching on CartesianIndex(2, 7) with c.
33     8      14         2.7000     2.7500     1.8519     % 
UB: 2.75
branching on 1 with b.
34     8      15         2.7000     2.7500     1.8519     % 
UB: 2.75
branching on 3 with b.
35     9      16         2.7000     2.7500     1.8519     % 
UB: 2.75
branching on 1 with b.
36     10     17         2.7000     2.7500     1.8519     % 
UB: 2.75
branching on 3 with b.
37     10     18         2.7000     2.7500     1.8519     % 
UB: 2.75
branching on 1 with b.
38     10     19         2.7000     2.7500     1.8519     % 
UB: 2.75
branching on 3 with b.
39     11     20         2.7000     2.7500     1.8519     % 
LB close or above UB, fathomed
40     10     20         2.7000     2.7500     1.8519     % 
UB: 2.75
branching on 1 with b.
41     10     21         2.7000     2.7500     1.8519     % 
UB: 2.75
branching on 3 with b.
42     10     22         2.7000     2.7500     1.8519     % 
LB close or above UB, fathomed
43     9      17         2.7000     2.7500     1.8519     % 
UB: 2.75
branching on 3 with b.
44     9      18         2.7000     2.7500     1.8519     % 
UB: 2.75
branching on 1 with b.
45     10     19         2.7000     2.7500     1.8519     % 
UB: 2.75
branching on 3 with b.
46     11     20         2.7000     2.7500     1.8519     % 
LB close or above UB, fathomed
47     10     20         2.7000     2.7500     1.8519     % 
UB: 2.75
branching on 1 with b.
48     10     21         2.7000     2.7500     1.8519     % 
UB: 2.75
branching on 3 with b.
49     10     22         2.7000     2.7500     1.8519     % 
LB close or above UB, fathomed
50     9      19         2.7000     2.7500     1.8519     % 
UB: 2.75
branching on 3 with b.
51     10     20         2.7000     2.7500     1.8519     % 
LB close or above UB, fathomed
52     9      20         2.7000     2.7500     1.8519     % 
UB: 2.75
branching on 1 with b.
53     9      21         2.7000     2.7500     1.8519     % 
UB: 2.75
branching on 3 with b.
54     9      22         2.7000     2.7500     1.8519     % 
LB close or above UB, fathomed
55     8      16         2.7000     2.7500     1.8519     % 
LB close or above UB, fathomed
56     7      14         2.7000     2.7500     1.8519     % 
LB close or above UB, fathomed
57     6      12         2.7000     2.7500     1.8519     % 
LB close or above UB, fathomed
58     5      10         2.7000     2.7500     1.8519     % 
LB close or above UB, fathomed
59     4      8          2.7000     2.7500     1.8519     % 
LB close or above UB, fathomed
60     3      5          2.7000     2.7500     1.8519     % 
UB: 2.75
branching on 1 with b.
61     4      6          2.7000     2.7500     1.8519     % 
UB: 2.75
branching on CartesianIndex(1, 3) with a.
62     5      6          2.7000     2.7500     1.8519     % 
LB close or above UB, fathomed
63     4      3          2.7000     2.7500     1.8519     % 
UB: 2.75
branching on 3 with d.
64     5      4          2.7000     2.7500     1.8519     % 
UB: 2.75
branching on CartesianIndex(1, 1) with a.
65     6      5          2.7000     2.7500     1.8519     % 
UB: 2.75
branching on CartesianIndex(1, 2) with a.
66     7      6          2.7000     2.7500     1.8519     % 
UB: 2.75
branching on 1 with b.
67     8      7          2.7000     2.7500     1.8519     % 
LB close or above UB, fathomed
68     7      7          2.7000     2.7500     1.8519     % 
UB: 2.75
branching on 1 with b.
69     8      6          2.7000     2.7500     1.8519     % 
UB: 2.75
branching on 1 with b.
70     9      7          2.7000     2.7500     1.8519     % 
LB close or above UB, fathomed
71     8      7          2.7000     2.7500     1.8519     % 
UB: 2.75
branching on CartesianIndex(1, 4) with c.
72     9      5          2.7000     2.7500     1.8519     % 
UB: 2.75
branching on 1 with b.
73     10     6          2.7000     2.7500     1.8519     % 
LB close or above UB, fathomed
74     9      6          2.7000     2.7500     1.8519     % 
UB: 2.75
branching on 1 with b.
75     10     7          2.7000     2.7500     1.8519     % 
UB: 2.75
branching on CartesianIndex(1, 2) with a.
76     11     8          2.7000     2.7500     1.8519     % 
UB: 2.75
branching on CartesianIndex(1, 4) with c.
77     12     9          2.7000     2.7500     1.8519     % 
LB close or above UB, fathomed
78     11     9          2.7000     2.7500     1.8519     % 
UB: 2.75
branching on 2 with b.
79     12     10         2.7000     2.7500     1.8519     % 
UB: 2.75
branching on CartesianIndex(1, 5) with c.
80     13     11         2.7000     2.7500     1.8519     % 
UB: 2.75
branching on CartesianIndex(2, 5) with c.
81     14     12         2.7000     2.7500     1.8519     % 
LB close or above UB, fathomed
82     13     12         2.7000     2.7500     1.8519     % 
UB: 2.75
branching on CartesianIndex(1, 7) with c.
83     14     13         2.7000     2.7500     1.8519     % 
UB: 2.75
branching on CartesianIndex(2, 7) with c.
84     15     14         2.7000     2.7500     1.8519     % 
UB: 2.75
branching on 1 with b.
85     15     15         2.7000     2.7500     1.8519     % 
UB: 2.75
branching on 2 with b.
86     16     16         2.7000     2.7500     1.8519     % 
UB: 2.75
branching on 1 with b.
87     17     17         2.7000     2.7500     1.8519     % 
LB close or above UB, fathomed
88     16     17         2.7000     2.7500     1.8519     % 
UB: 2.75
branching on 2 with b.
89     17     18         2.7000     2.7500     1.8519     % 
LB close or above UB, fathomed
90     16     18         2.7000     2.7500     1.8519     % 
UB: 2.75
branching on 1 with b.
91     16     19         2.7000     2.7500     1.8519     % 
LB close or above UB, fathomed
92     15     16         2.7000     2.7500     1.8519     % 
UB: 2.75
branching on 1 with b.
93     16     17         2.7000     2.7500     1.8519     % 
LB close or above UB, fathomed
94     15     17         2.7000     2.7500     1.8519     % 
UB: 2.75
branching on 2 with b.
95     15     18         2.7000     2.7500     1.8519     % 
UB: 2.75
branching on 1 with b.
96     15     19         2.7000     2.7500     1.8519     % 
LB close or above UB, fathomed
97     14     14         2.7000     2.7500     1.8519     % 
LB close or above UB, fathomed
98     13     13         2.7000     2.7500     1.8519     % 
LB close or above UB, fathomed
99     12     11         2.7000     2.7500     1.8519     % 
LB close or above UB, fathomed
100    11     10         2.7000     2.7500     1.8519     % 
UB: 2.75
branching on CartesianIndex(1, 5) with c.
101    12     11         2.7000     2.7500     1.8519     % 
UB: 2.75
branching on CartesianIndex(2, 5) with c.
102    13     12         2.7000     2.7500     1.8519     % 
LB close or above UB, fathomed
103    12     12         2.7000     2.7500     1.8519     % 
UB: 2.75
branching on 1 with b.
104    12     13         2.7000     2.7500     1.8519     % 
UB: 2.75
branching on 2 with b.
105    13     14         2.7000     2.7500     1.8519     % 
UB: 2.75
branching on CartesianIndex(1, 7) with c.
106    14     15         2.7000     2.7500     1.8519     % 
UB: 2.75
branching on 1 with b.
107    15     16         2.7000     2.7500     1.8519     % 
LB close or above UB, fathomed
108    14     16         2.7000     2.7500     1.8519     % 
UB: 2.75
branching on 2 with b.
109    14     17         2.7000     2.7500     1.8519     % 
UB: 2.75
branching on CartesianIndex(2, 7) with c.
110    15     18         2.7000     2.7500     1.8519     % 
UB: 2.75
branching on 1 with b.
111    15     19         2.7000     2.7500     1.8519     % 
LB close or above UB, fathomed
112    14     18         2.7000     2.7500     1.8519     % 
LB close or above UB, fathomed
113    13     15         2.7000     2.7500     1.8519     % 
LB close or above UB, fathomed
114    12     14         2.7000     2.7500     1.8519     % 
LB close or above UB, fathomed
115    11     11         2.7000     2.7500     1.8519     % 
LB close or above UB, fathomed
116    10     8          2.7000     2.7500     1.8519     % 
UB: 2.75
branching on 2 with b.
117    11     9          2.7000     2.7500     1.8519     % 
UB: 2.75
branching on CartesianIndex(1, 4) with c.
118    12     10         2.7000     2.7500     1.8519     % 
LB close or above UB, fathomed
119    11     10         2.7000     2.7500     1.8519     % 
UB: 2.75
branching on CartesianIndex(1, 5) with c.
120    12     11         2.7000     2.7500     1.8519     % 
UB: 2.75
branching on CartesianIndex(2, 5) with c.
121    13     12         2.7000     2.7500     1.8519     % 
LB close or above UB, fathomed
122    12     12         2.7000     2.7500     1.8519     % 
UB: 2.75
branching on CartesianIndex(1, 7) with c.
123    13     11         2.7000     2.7500     1.8519     % 
LB close or above UB, fathomed
124    12     9          2.7000     2.7500     1.8519     % 
LB close or above UB, fathomed
125    11     7          2.7000     2.7500     1.8519     % 
LB close or above UB, fathomed
126    10     4          2.7000     2.7500     1.8519     % 
LB close or above UB, fathomed
127    9      13         2.7000     2.7500     1.8519     % 
UB: 2.75
branching on CartesianIndex(2, 7) with c.
128    10     14         2.7000     2.7500     1.8519     % 
UB: 2.75
branching on 1 with b.
129    10     15         2.7000     2.7500     1.8519     % 
UB: 2.75
branching on 2 with b.
130    11     16         2.7000     2.7500     1.8519     % 
UB: 2.75
branching on 1 with b.
131    12     17         2.7000     2.7500     1.8519     % 
LB close or above UB, fathomed
132    11     17         2.7000     2.7500     1.8519     % 
UB: 2.75
branching on 2 with b.
133    11     18         2.7000     2.7500     1.8519     % 
UB: 2.75
branching on 1 with b.
134    11     19         2.7000     2.7500     1.8519     % 
LB close or above UB, fathomed
135    10     16         2.7000     2.7500     1.8519     % 
UB: 2.75
branching on 1 with b.
136    11     17         2.7000     2.7500     1.8519     % 
LB close or above UB, fathomed
137    10     17         2.7000     2.7500     1.8519     % 
UB: 2.75
branching on 2 with b.
138    10     18         2.7000     2.7500     1.8519     % 
UB: 2.75
branching on 1 with b.
139    10     19         2.7000     2.7500     1.8519     % 
LB close or above UB, fathomed
140    9      14         2.7000     2.7500     1.8519     % 
LB close or above UB, fathomed
141    8      13         2.7000     2.7500     1.8519     % 
LB close or above UB, fathomed
142    7      8          2.7000     2.7500     1.8519     % 
LB close or above UB, fathomed
143    6      8          2.7000     2.7500     1.8519     % 
UB: 2.75
branching on 1 with b.
144    7      9          2.7000     2.7500     1.8519     % 
UB: 2.75
branching on 2 with b.
145    8      10         2.7000     2.7500     1.8519     % 
LB close or above UB, fathomed
146    7      10         2.7000     2.7500     1.8519     % 
LB close or above UB, fathomed
147    6      9          2.7000     2.7500     1.8519     % 
LB close or above UB, fathomed
148    5      8          2.7000     2.7500     1.8519     % 
UB: 2.75
branching on 2 with b.
149    6      9          2.7000     2.7500     1.8519     % 
UB: 2.75
branching on CartesianIndex(1, 4) with c.
150    7      10         2.7000     2.7500     1.8519     % 
LB close or above UB, fathomed
151    6      10         2.7000     2.7500     1.8519     % 
UB: 2.75
branching on CartesianIndex(1, 5) with c.
152    7      11         2.7000     2.7500     1.8519     % 
UB: 2.75
branching on 1 with b.
153    7      12         2.7000     2.7500     1.8519     % 
UB: 2.75
branching on CartesianIndex(2, 5) with c.
154    8      13         2.7000     2.7500     1.8519     % 
LB close or above UB, fathomed
155    7      13         2.7000     2.7500     1.8519     % 
LB close or above UB, fathomed
156    6      11         2.7000     2.7500     1.8519     % 
LB close or above UB, fathomed
157    5      9          2.7000     2.7500     1.8519     % 
LB close or above UB, fathomed
158    4      8          2.7000     2.7500     1.8519     % 
LB close or above UB, fathomed
159    3      7          2.7000     2.7500     1.8519     % 
UB: 2.75
branching on CartesianIndex(1, 5) with c.
160    4      8          2.7000     2.7500     1.8519     % 
LB close or above UB, fathomed
161    3      8          2.7000     2.7500     1.8519     % 
UB: 2.75
branching on CartesianIndex(1, 6) with c.
162    4      9          2.7000     2.7500     1.8519     % 
LB close or above UB, fathomed
163    3      9          2.7000     2.7500     1.8519     % 
LB close or above UB, fathomed
164    2      7          2.7000     2.7500     1.8519     % 
UB: 2.75
branching on 1 with b.
165    3      8          2.7000     2.7500     1.8519     % 
UB: 2.75
branching on CartesianIndex(1, 5) with c.
166    4      9          2.7000     2.7500     1.8519     % 
LB close or above UB, fathomed
167    3      9          2.7000     2.7500     1.8519     % 
UB: 2.75
branching on 3 with b.
168    4      10         2.7000     2.7500     1.8519     % 
LB close or above UB, fathomed
169    3      10         2.7000     2.7500     1.8519     % 
UB: 2.75
branching on CartesianIndex(1, 6) with c.
170    4      11         2.7000     2.7500     1.8519     % 
UB: 2.75
branching on CartesianIndex(2, 6) with c.
171    5      12         2.7000     2.7500     1.8519     % 
LB close or above UB, fathomed
172    4      12         2.7000     2.7500     1.8519     % 
UB: 2.75
branching on CartesianIndex(1, 7) with c.
173    5      13         2.7000     2.7500     1.8519     % 
UB: 2.75
branching on CartesianIndex(2, 7) with c.
174    6      14         2.7000     2.7500     1.8519     % 
UB: 2.75
branching on 1 with b.
175    6      15         2.7000     2.7500     1.8519     % 
UB: 2.75
branching on 3 with b.
176    7      16         2.7000     2.7500     1.8519     % 
UB: 2.75
branching on 1 with b.
177    8      17         2.7000     2.7500     1.8519     % 
LB close or above UB, fathomed
178    7      17         2.7000     2.7500     1.8519     % 
UB: 2.75
branching on 3 with b.
179    7      18         2.7000     2.7500     1.8519     % 
UB: 2.75
branching on 1 with b.
180    8      19         2.7000     2.7500     1.8519     % 
LB close or above UB, fathomed
181    7      19         2.7000     2.7500     1.8519     % 
UB: 2.75
branching on 3 with b.
182    8      20         2.7000     2.7500     1.8519     % 
LB close or above UB, fathomed
183    7      20         2.7000     2.7500     1.8519     % 
UB: 2.75
branching on 1 with b.
184    7      21         2.7000     2.7500     1.8519     % 
LB close or above UB, fathomed
185    6      16         2.7000     2.7500     1.8519     % 
LB close or above UB, fathomed
186    5      14         2.7000     2.7500     1.8519     % 
LB close or above UB, fathomed
187    4      13         2.7000     2.7500     1.8519     % 
LB close or above UB, fathomed
188    3      11         2.7000     2.7500     1.8519     % 
LB close or above UB, fathomed
189    2      8          2.7000     2.7500     1.8519     % 
UB: 2.75
branching on 3 with b.
190    3      9          2.7000     2.7500     1.8519     % 
LB close or above UB, fathomed
191    2      9          2.7000     2.7500     1.8519     % 
UB: 2.75
branching on CartesianIndex(1, 5) with c.
192    3      10         2.7000     2.7500     1.8519     % 
LB close or above UB, fathomed
193    2      10         2.7000     2.7500     1.8519     % 
UB: 2.75
branching on CartesianIndex(1, 6) with c.
194    3      11         2.7000     2.7500     1.8519     % 
UB: 2.75
branching on CartesianIndex(2, 6) with c.
195    4      12         2.7000     2.7500     1.8519     % 
LB close or above UB, fathomed
196    3      12         2.7000     2.7500     1.8519     % 
UB: 2.75
branching on CartesianIndex(1, 7) with c.
197    4      13         2.7000     2.7500     1.8519     % 
UB: 2.75
branching on 1 with b.
198    4      14         2.7000     2.7500     1.8519     % 
UB: 2.75
branching on 3 with b.
199    5      15         2.7000     2.7500     1.8519     % 
UB: 2.75
branching on CartesianIndex(2, 7) with c.
200    6      16         2.7000     2.7500     1.8519     % 
UB: 2.75
branching on 1 with b.
201    6      17         2.7000     2.7500     1.8519     % 
UB: 2.75
branching on 3 with b.
202    6      18         2.7000     2.7500     1.8519     % 
UB: 2.75
branching on 1 with b.
203    6      19         2.7000     2.7500     1.8519     % 
UB: 2.75
branching on 3 with b.
204    7      20         2.7000     2.7500     1.8519     % 
LB close or above UB, fathomed
205    6      20         2.7000     2.7500     1.8519     % 
UB: 2.75
branching on 1 with b.
206    6      21         2.7000     2.7500     1.8519     % 
UB: 2.75
branching on 3 with b.
207    6      22         2.7000     2.7500     1.8519     % 
LB close or above UB, fathomed
208    5      16         2.7000     2.7500     1.8519     % 
LB close or above UB, fathomed
209    4      15         2.7000     2.7500     1.8519     % 
LB close or above UB, fathomed
210    3      13         2.7000     2.7500     1.8519     % 
LB close or above UB, fathomed
211    2      11         2.7000     2.7500     1.8519     % 
LB close or above UB, fathomed
212    1      10         2.7000     2.7500     1.8519     % 
LB close or above UB, fathomed
213    0      10         2.7000     2.7500     1.8519     % 
UB: 2.75
branching on CartesianIndex(1, 6) with c.
214    1      11         2.7000     2.7500     1.8519     % 
UB: 2.75
branching on CartesianIndex(2, 6) with c.
215    2      12         2.7000     2.7500     1.8519     % 
LB close or above UB, fathomed
216    1      12         2.7000     2.7500     1.8519     % 
UB: 2.75
branching on CartesianIndex(1, 7) with c.
217    2      13         2.7000     2.7500     1.8519     % 
UB: 2.75
branching on CartesianIndex(2, 7) with c.
218    3      14         2.7000     2.7500     1.8519     % 
UB: 2.75
branching on 1 with b.
219    4      15         2.7000     2.7500     1.8519     % 
LB close or above UB, fathomed
220    3      15         2.7000     2.7500     1.8519     % 
UB: 2.75
branching on 3 with b.
221    4      16         2.7000     2.7500     1.8519     % 
UB: 2.75
branching on 1 with b.
222    4      17         2.7000     2.7500     1.8519     % 
UB: 2.75
branching on 3 with b.
223    4      18         2.7000     2.7500     1.8519     % 
UB: 2.75
branching on 1 with b.
224    4      19         2.7000     2.7500     1.8519     % 
UB: 2.75
branching on 3 with b.
225    5      20         2.7000     2.7500     1.8519     % 
LB close or above UB, fathomed
226    4      20         2.7000     2.7500     1.8519     % 
UB: 2.75
branching on 1 with b.
227    4      21         2.7000     2.7500     1.8519     % 
UB: 2.75
branching on 3 with b.
228    4      22         2.7000     2.7500     1.8519     % 
LB close or above UB, fathomed
229    3      16         2.7000     2.7500     1.8519     % 
LB close or above UB, fathomed
230    2      14         2.7000     2.7500     1.8519     % 
LB close or above UB, fathomed
231    1      13         2.7000     2.7500     1.8519     % 
LB close or above UB, fathomed
232    0      11         2.7000     2.7500     1.8519     % 
LB close or above UB, fathomed
all node solved
solved nodes:  233
233                                                   2.7500e+00     2.7500e+00     0.0000  % 
2×3 Matrix{Float64}:
 1.0  0.0  1.0
 0.0  1.0  0.0
3-element Vector{Float64}:
 0.6829424884686126
 0.29475746305438894
 0.8258925617958789
3×7 Matrix{Float64}:
 0.0  0.0  0.0  1.0  0.0  0.0  0.0
 0.0  0.0  0.0  0.0  1.0  1.0  0.0
 0.0  0.0  0.0  0.0  0.0  0.0  1.0
3-element Vector{Float64}:
 1.0
 1.0
 1.0
2×3 Matrix{Float64}:
  1.0   1.0  -0.0
 -0.0  -0.0   1.0
3-element Vector{Float64}:
 0.6632923825282466
 0.33741467754996934
 0.47609193056393473
3×7 Matrix{Float64}:
 0.0  0.0  0.0   1.0   0.0   1.0  -0.0
 0.0  0.0  0.0  -0.0   1.0  -0.0   0.0
 0.0  0.0  0.0   0.0  -0.0   0.0   1.0
3-element Vector{Float64}:
 1.0
 1.0
 1.0
comparison (CRT and Glb)on prediction: Dict{Bool, Int64}(0 => 1, 1 => 3)
Dataname	 time	 objv	 lb	 gap	 train_w	 train_g	 test_w	 test_g
small_toy_397.small_toy	 57.58	 2.75	 2.75	 0.0	 77.778	 88.889	 75.0	 100.0
