Running 2 processes.
Start training small_toy_956.small_toy with seed 1.
Any[]
(2, 13)
(2, 6)
(2, 3)
(2, 4)
dimension: 2, class: 3
cart cost: 2.7500000000000004
size of X: (2, 9)
ngroups: 2
UB: 2.7499999999999996
Iter	left	lev	LB	UB	gap	
0      0      1          0.1333     2.7500     1962.5000  % 
UB: 2.7499999999999996
branching on 1 with d.
1      1      2          0.1333     2.7500     1962.5000  % 
LB close or above UB, fathomed
2      0      2          0.1333     2.7500     1962.5000  % 
UB: 2.7499999999999996
branching on 2 with d.
3      1      3          0.1333     2.7500     1962.5000  % 
UB: 2.7499999999999996
branching on 3 with d.
4      2      3          0.1333     2.7500     1962.5000  % 
UB: 2.7499999999999996
branching on 3 with d.
5      3      4          0.1333     2.7500     1962.5000  % 
UB: 2.7499999999999996
branching on CartesianIndex(1, 1) with a.
6      4      4          0.1333     2.7500     1962.5000  % 
UB: 2.7499999999999996
branching on CartesianIndex(1, 1) with a.
7      5      5          0.1500     2.7500     1733.3333  % 
UB: 2.7499999999999996
branching on 1 with b.
8      6      6          0.1500     2.7500     1733.3333  % 
LB close or above UB, fathomed
9      5      6          0.1500     2.7500     1733.3333  % 
LB close or above UB, fathomed
10     4      5          0.1500     2.7500     1733.3333  % 
LB close or above UB, fathomed
11     3      4          2.7000     2.7500     1.8519     % 
LB close or above UB, fathomed
12     2      4          2.7000     2.7500     1.8519     % 
UB: 2.7499999999999996
branching on CartesianIndex(1, 1) with a.
13     3      5          2.7000     2.7500     1.8519     % 
UB: 2.7499999999999996
branching on 1 with b.
14     4      6          2.7000     2.7500     1.8519     % 
UB: 2.7499999999999996
branching on CartesianIndex(1, 3) with a.
15     5      7          2.7000     2.7500     1.8519     % 
UB: 2.7499999999999996
branching on 1 with b.
16     6      7          2.7000     2.7500     1.8519     % 
UB: 2.7499999999999996
branching on CartesianIndex(1, 5) with c.
17     7      8          2.7000     2.7500     1.8519     % 
LB close or above UB, fathomed
18     6      8          2.7000     2.7500     1.8519     % 
LB close or above UB, fathomed
19     5      6          2.7000     2.7500     1.8519     % 
LB close or above UB, fathomed
20     4      5          2.7000     2.7500     1.8519     % 
LB close or above UB, fathomed
21     3      8          2.7000     2.7500     1.8519     % 
LB close or above UB, fathomed
22     2      8          2.7000     2.7500     1.8519     % 
UB: 2.7499999999999996
branching on 3 with b.
23     3      9          2.7000     2.7500     1.8519     % 
LB close or above UB, fathomed
24     2      9          2.7000     2.7500     1.8519     % 
UB: 2.7499999999999996
branching on 1 with b.
25     2      10         2.7000     2.7500     1.8519     % 
UB: 2.7499999999999996
branching on CartesianIndex(1, 5) with c.
26     3      11         2.7000     2.7500     1.8519     % 
LB close or above UB, fathomed
27     2      11         2.7000     2.7500     1.8519     % 
LB close or above UB, fathomed
28     1      5          2.7000     2.7500     1.8519     % 
UB: 2.7499999999999996
branching on 1 with b.
29     2      6          2.7000     2.7500     1.8519     % 
LB close or above UB, fathomed
30     1      6          2.7000     2.7500     1.8519     % 
UB: 2.7499999999999996
branching on 1 with b.
31     2      7          2.7000     2.7500     1.8519     % 
LB close or above UB, fathomed
32     1      7          2.7000     2.7500     1.8519     % 
LB close or above UB, fathomed
33     0      5          2.7000     2.7500     1.8519     % 
UB: 2.7499999999999996
branching on CartesianIndex(1, 2) with a.
34     1      6          2.7000     2.7500     1.8519     % 
UB: 2.7499999999999996
branching on CartesianIndex(1, 4) with c.
35     2      7          2.7000     2.7500     1.8519     % 
LB close or above UB, fathomed
36     1      7          2.7000     2.7500     1.8519     % 
LB close or above UB, fathomed
37     0      6          2.7000     2.7500     1.8519     % 
LB close or above UB, fathomed
all node solved
solved nodes:  38
38                                                    2.7500e+00     2.7500e+00     0.0000  % 
2×3 Matrix{Float64}:
 1.0  0.0  1.0
 0.0  1.0  0.0
3-element Vector{Float64}:
 0.5989225262964083
 0.601606308328298
 0.7619012174972836
3×7 Matrix{Float64}:
 0.0  0.0  0.0  1.0  0.0  0.0  0.0
 0.0  0.0  0.0  0.0  1.0  1.0  0.0
 0.0  0.0  0.0  0.0  0.0  0.0  1.0
3-element Vector{Float64}:
 1.0
 1.0
 1.0
2×3 Matrix{Float64}:
 1.0  0.0  1.0
 0.0  1.0  0.0
3-element Vector{Float64}:
 0.601078535077652
 0.45707235570601856
 0.6427256146962629
3×7 Matrix{Float64}:
 0.0  0.0  0.0  1.0  0.0  0.0  0.0
 0.0  0.0  0.0  0.0  1.0  1.0  0.0
 0.0  0.0  0.0  0.0  0.0  0.0  1.0
3-element Vector{Float64}:
 1.0
 1.0
 1.0
comparison (CRT and Glb)on prediction: Dict{Bool, Int64}(0 => 0, 1 => 4)
Dataname	 time	 objv	 lb	 gap	 train_w	 train_g	 test_w	 test_g
small_toy_956.small_toy	 56.82	 2.7499999999999996	 2.75	 0.0	 88.889	 88.889	 50.0	 50.0
