Running 2 processes.
Start training small_toy_206.small_toy with seed 1.
Any[]
(2, 13)
(2, 6)
(2, 3)
(2, 4)
dimension: 2, class: 3
cart cost: 5.349999999999999
size of X: (2, 9)
ngroups: 2
UB: 2.75
Iter	left	lev	LB	UB	gap	
0      0      1          0.1278     2.7500     2052.1739  % 
UB: 2.75
branching on 1 with d.
1      1      2          0.1278     2.7500     2052.1739  % 
LB close or above UB, fathomed
2      0      2          0.1278     2.7500     2052.1739  % 
UB: 2.75
branching on 2 with d.
3      1      3          0.1278     2.7500     2052.1739  % 
UB: 2.75
branching on 3 with d.
4      2      3          0.1278     2.7500     2052.1739  % 
UB: 2.75
branching on 3 with d.
5      3      4          0.1278     2.7500     2052.1739  % 
UB: 2.75
branching on CartesianIndex(1, 1) with a.
6      4      4          0.1278     2.7500     2052.1739  % 
UB: 2.75
branching on CartesianIndex(1, 1) with a.
7      5      5          0.1500     2.7500     1733.3333  % 
UB: 2.75
branching on 1 with b.
8      6      6          0.1500     2.7500     1733.3333  % 
UB: 2.75
branching on CartesianIndex(1, 2) with a.
9      7      7          0.1500     2.7500     1733.3333  % 
UB: 2.75
branching on CartesianIndex(1, 3) with a.
10     8      8          0.1500     2.7500     1733.3333  % 
LB close or above UB, fathomed
11     7      8          0.1500     2.7500     1733.3333  % 
UB: 2.75
branching on 1 with b.
12     8      9          0.1500     2.7500     1733.3333  % 
LB close or above UB, fathomed
13     7      9          0.1500     2.7500     1733.3333  % 
UB: 2.75
branching on 2 with b.
14     8      10         0.1500     2.7500     1733.3333  % 
UB: 2.75
branching on CartesianIndex(1, 4) with c.
15     9      11         0.1500     2.7500     1733.3333  % 
LB close or above UB, fathomed
16     8      11         0.1500     2.7500     1733.3333  % 
UB: 2.75
branching on CartesianIndex(1, 5) with c.
17     9      12         0.1500     2.7500     1733.3333  % 
UB: 2.75
branching on CartesianIndex(2, 5) with c.
18     10     12         0.1500     2.7500     1733.3333  % 
LB close or above UB, fathomed
19     9      10         0.1500     2.7500     1733.3333  % 
LB close or above UB, fathomed
20     8      7          0.1500     2.7500     1733.3333  % 
UB: 2.75
branching on 1 with b.
21     9      8          0.1500     2.7500     1733.3333  % 
LB close or above UB, fathomed
22     8      8          0.1500     2.7500     1733.3333  % 
UB: 2.75
branching on 2 with b.
23     9      9          0.1500     2.7500     1733.3333  % 
LB close or above UB, fathomed
24     8      9          0.1500     2.7500     1733.3333  % 
UB: 2.75
branching on 3 with b.
25     9      6          0.1500     2.7500     1733.3333  % 
LB close or above UB, fathomed
26     8      5          0.1500     2.7500     1733.3333  % 
UB: 2.75
branching on CartesianIndex(1, 2) with a.
27     9      6          0.1500     2.7500     1733.3333  % 
UB: 2.75
branching on CartesianIndex(1, 3) with a.
28     10     7          0.1500     2.7500     1733.3333  % 
UB: 2.75
branching on 1 with b.
29     11     8          0.1500     2.7500     1733.3333  % 
LB close or above UB, fathomed
30     10     8          0.1500     2.7500     1733.3333  % 
UB: 2.75
branching on 1 with b.
31     11     9          0.1500     2.7500     1733.3333  % 
UB: 2.75
branching on 2 with b.
32     12     10         0.1500     2.7500     1733.3333  % 
LB close or above UB, fathomed
33     11     10         0.1500     2.7500     1733.3333  % 
UB: 2.75
branching on CartesianIndex(1, 4) with c.
34     12     9          0.1500     2.7500     1733.3333  % 
LB close or above UB, fathomed
35     11     7          0.1500     2.7500     1733.3333  % 
UB: 2.75
branching on 1 with b.
36     12     8          0.1500     2.7500     1733.3333  % 
LB close or above UB, fathomed
37     11     8          0.1500     2.7500     1733.3333  % 
UB: 2.75
branching on CartesianIndex(1, 4) with c.
38     12     9          0.1500     2.7500     1733.3333  % 
UB: 2.75
branching on CartesianIndex(2, 4) with c.
39     13     9          0.1500     2.7500     1733.3333  % 
LB close or above UB, fathomed
40     12     6          0.1500     2.7500     1733.3333  % 
LB close or above UB, fathomed
41     11     10         0.1500     2.7500     1733.3333  % 
LB close or above UB, fathomed
42     10     10         0.1500     2.7500     1733.3333  % 
UB: 2.75
branching on CartesianIndex(1, 3) with a.
43     11     11         0.1500     2.7500     1733.3333  % 
LB close or above UB, fathomed
44     10     11         0.1500     2.7500     1733.3333  % 
UB: 2.75
branching on CartesianIndex(1, 4) with c.
45     11     13         0.1500     2.7500     1733.3333  % 
LB close or above UB, fathomed
46     10     13         0.1500     2.7500     1733.3333  % 
UB: 2.75
branching on 3 with b.
47     11     14         0.1500     2.7500     1733.3333  % 
LB close or above UB, fathomed
48     10     14         0.1500     2.7500     1733.3333  % 
UB: 2.75
branching on CartesianIndex(1, 6) with c.
49     11     15         0.1500     2.7500     1733.3333  % 
UB: 2.75
branching on CartesianIndex(2, 6) with c.
50     12     16         0.1500     2.7500     1733.3333  % 
LB close or above UB, fathomed
51     11     16         0.1500     2.7500     1733.3333  % 
UB: 2.75
branching on CartesianIndex(1, 7) with c.
52     12     17         0.1500     2.7500     1733.3333  % 
UB: 2.75
branching on CartesianIndex(2, 7) with c.
53     13     18         0.1500     2.7500     1733.3333  % 
UB: 2.75
branching on 1 with b.
54     13     19         0.1500     2.7500     1733.3333  % 
UB: 2.75
branching on 2 with b.
55     14     20         0.1500     2.7500     1733.3333  % 
LB close or above UB, fathomed
56     13     20         0.1500     2.7500     1733.3333  % 
UB: 2.75
branching on 3 with b.
57     14     21         0.1500     2.7500     1733.3333  % 
UB: 2.75
branching on 1 with b.
58     15     22         0.1500     2.7500     1733.3333  % 
LB close or above UB, fathomed
59     14     22         0.1500     2.7500     1733.3333  % 
UB: 2.75
branching on 2 with b.
60     14     23         0.1500     2.7500     1733.3333  % 
UB: 2.75
branching on 3 with b.
61     15     24         0.1500     2.7500     1733.3333  % 
LB close or above UB, fathomed
62     14     24         0.1500     2.7500     1733.3333  % 
LB close or above UB, fathomed
63     13     21         0.1500     2.7500     1733.3333  % 
LB close or above UB, fathomed
64     12     18         0.1500     2.7500     1733.3333  % 
LB close or above UB, fathomed
65     11     17         0.1500     2.7500     1733.3333  % 
LB close or above UB, fathomed
66     10     15         0.1500     2.7500     1733.3333  % 
LB close or above UB, fathomed
67     9      12         0.1500     2.7500     1733.3333  % 
LB close or above UB, fathomed
68     8      12         0.1500     2.7500     1733.3333  % 
LB close or above UB, fathomed
69     7      10         0.1500     2.7500     1733.3333  % 
LB close or above UB, fathomed
70     6      10         0.1500     2.7500     1733.3333  % 
UB: 2.75
branching on CartesianIndex(1, 5) with c.
71     7      11         0.1500     2.7500     1733.3333  % 
LB close or above UB, fathomed
72     6      11         0.1500     2.7500     1733.3333  % 
LB close or above UB, fathomed
73     5      11         0.1500     2.7500     1733.3333  % 
LB close or above UB, fathomed
74     4      11         0.1500     2.7500     1733.3333  % 
LB close or above UB, fathomed
75     3      5          2.7000     2.7500     1.8519     % 
UB: 2.75
branching on CartesianIndex(1, 2) with a.
76     4      6          2.7000     2.7500     1.8519     % 
UB: 2.75
branching on CartesianIndex(1, 4) with c.
77     5      7          2.7000     2.7500     1.8519     % 
LB close or above UB, fathomed
78     4      7          2.7000     2.7500     1.8519     % 
UB: 2.75
branching on 1 with b.
79     5      8          2.7000     2.7500     1.8519     % 
LB close or above UB, fathomed
80     4      8          2.7000     2.7500     1.8519     % 
UB: 2.75
branching on 1 with b.
81     5      9          2.7000     2.7500     1.8519     % 
UB: 2.75
branching on 2 with b.
82     6      10         2.7000     2.7500     1.8519     % 
UB: 2.75
branching on CartesianIndex(1, 5) with c.
83     7      11         2.7000     2.7500     1.8519     % 
UB: 2.75
branching on CartesianIndex(2, 5) with c.
84     8      11         2.7000     2.7500     1.8519     % 
LB close or above UB, fathomed
85     7      10         2.7000     2.7500     1.8519     % 
LB close or above UB, fathomed
86     6      9          2.7000     2.7500     1.8519     % 
LB close or above UB, fathomed
87     5      6          2.7000     2.7500     1.8519     % 
UB: 2.75
branching on CartesianIndex(1, 4) with c.
88     6      7          2.7000     2.7500     1.8519     % 
LB close or above UB, fathomed
89     5      7          2.7000     2.7500     1.8519     % 
LB close or above UB, fathomed
90     4      5          2.7000     2.7500     1.8519     % 
UB: 2.75
branching on CartesianIndex(1, 2) with a.
91     5      6          2.7000     2.7500     1.8519     % 
UB: 2.75
branching on 1 with b.
92     6      7          2.7000     2.7500     1.8519     % 
LB close or above UB, fathomed
93     5      7          2.7000     2.7500     1.8519     % 
UB: 2.75
branching on CartesianIndex(1, 4) with c.
94     6      8          2.7000     2.7500     1.8519     % 
LB close or above UB, fathomed
95     5      8          2.7000     2.7500     1.8519     % 
UB: 2.75
branching on 1 with b.
96     6      9          2.7000     2.7500     1.8519     % 
UB: 2.75
branching on 2 with b.
97     7      10         2.7000     2.7500     1.8519     % 
UB: 2.75
branching on CartesianIndex(1, 5) with c.
98     8      11         2.7000     2.7500     1.8519     % 
UB: 2.75
branching on CartesianIndex(2, 5) with c.
99     9      12         2.7000     2.7500     1.8519     % 
LB close or above UB, fathomed
100    8      12         2.7000     2.7500     1.8519     % 
UB: 2.75
branching on CartesianIndex(1, 7) with c.
101    9      13         2.7000     2.7500     1.8519     % 
UB: 2.75
branching on CartesianIndex(2, 7) with c.
102    10     14         2.7000     2.7500     1.8519     % 
UB: 2.75
branching on 1 with b.
103    11     15         2.7000     2.7500     1.8519     % 
LB close or above UB, fathomed
104    10     15         2.7000     2.7500     1.8519     % 
UB: 2.75
branching on 2 with b.
105    11     16         2.7000     2.7500     1.8519     % 
LB close or above UB, fathomed
106    10     16         2.7000     2.7500     1.8519     % 
UB: 2.75
branching on 1 with b.
107    11     17         2.7000     2.7500     1.8519     % 
LB close or above UB, fathomed
108    10     17         2.7000     2.7500     1.8519     % 
UB: 2.75
branching on 2 with b.
109    10     18         2.7000     2.7500     1.8519     % 
UB: 2.75
branching on 1 with b.
110    10     19         2.7000     2.7500     1.8519     % 
UB: 2.75
branching on 2 with b.
111    11     20         2.7000     2.7500     1.8519     % 
LB close or above UB, fathomed
112    10     20         2.7000     2.7500     1.8519     % 
LB close or above UB, fathomed
113    9      14         2.7000     2.7500     1.8519     % 
LB close or above UB, fathomed
114    8      13         2.7000     2.7500     1.8519     % 
LB close or above UB, fathomed
115    7      11         2.7000     2.7500     1.8519     % 
LB close or above UB, fathomed
116    6      10         2.7000     2.7500     1.8519     % 
LB close or above UB, fathomed
117    5      9          2.7000     2.7500     1.8519     % 
UB: 2.75
branching on CartesianIndex(1, 5) with c.
118    6      6          2.7000     2.7500     1.8519     % 
UB: 2.75
branching on 1 with b.
119    7      7          2.7000     2.7500     1.8519     % 
LB close or above UB, fathomed
120    6      7          2.7000     2.7500     1.8519     % 
UB: 2.75
branching on CartesianIndex(1, 4) with c.
121    7      8          2.7000     2.7500     1.8519     % 
LB close or above UB, fathomed
122    6      8          2.7000     2.7500     1.8519     % 
LB close or above UB, fathomed
123    5      4          2.7000     2.7500     1.8519     % 
LB close or above UB, fathomed
124    4      4          2.7000     2.7500     1.8519     % 
UB: 2.75
branching on 1 with b.
125    5      5          2.7000     2.7500     1.8519     % 
UB: 2.75
branching on 1 with b.
126    6      6          2.7000     2.7500     1.8519     % 
UB: 2.75
branching on CartesianIndex(1, 1) with a.
127    7      7          2.7000     2.7500     1.8519     % 
LB close or above UB, fathomed
128    6      7          2.7000     2.7500     1.8519     % 
LB close or above UB, fathomed
129    5      6          2.7000     2.7500     1.8519     % 
UB: 2.75
branching on CartesianIndex(1, 1) with a.
130    6      7          2.7000     2.7500     1.8519     % 
UB: 2.75
branching on CartesianIndex(1, 3) with a.
131    7      8          2.7000     2.7500     1.8519     % 
UB: 2.75
branching on 3 with b.
132    8      9          2.7000     2.7500     1.8519     % 
LB close or above UB, fathomed
133    7      9          2.7000     2.7500     1.8519     % 
UB: 2.75
branching on 1 with b.
134    7      10         2.7000     2.7500     1.8519     % 
UB: 2.75
branching on CartesianIndex(1, 5) with c.
135    8      11         2.7000     2.7500     1.8519     % 
LB close or above UB, fathomed
136    7      11         2.7000     2.7500     1.8519     % 
UB: 2.75
branching on 3 with b.
137    8      12         2.7000     2.7500     1.8519     % 
UB: 2.75
branching on 1 with b.
138    9      13         2.7000     2.7500     1.8519     % 
LB close or above UB, fathomed
139    8      13         2.7000     2.7500     1.8519     % 
LB close or above UB, fathomed
140    7      12         2.7000     2.7500     1.8519     % 
LB close or above UB, fathomed
141    6      8          2.7000     2.7500     1.8519     % 
UB: 2.75
branching on 3 with b.
142    7      9          2.7000     2.7500     1.8519     % 
LB close or above UB, fathomed
143    6      9          2.7000     2.7500     1.8519     % 
UB: 2.75
branching on 1 with b.
144    6      10         2.7000     2.7500     1.8519     % 
UB: 2.75
branching on 3 with b.
145    7      11         2.7000     2.7500     1.8519     % 
UB: 2.75
branching on CartesianIndex(1, 5) with c.
146    8      12         2.7000     2.7500     1.8519     % 
LB close or above UB, fathomed
147    7      12         2.7000     2.7500     1.8519     % 
UB: 2.75
branching on CartesianIndex(1, 6) with c.
148    8      13         2.7000     2.7500     1.8519     % 
UB: 2.75
branching on CartesianIndex(2, 6) with c.
149    9      14         2.7000     2.7500     1.8519     % 
LB close or above UB, fathomed
150    8      14         2.7000     2.7500     1.8519     % 
UB: 2.75
branching on CartesianIndex(1, 7) with c.
151    9      15         2.7000     2.7500     1.8519     % 
UB: 2.75
branching on CartesianIndex(2, 7) with c.
152    10     16         2.7000     2.7500     1.8519     % 
UB: 2.75
branching on 1 with b.
153    11     17         2.7000     2.7500     1.8519     % 
LB close or above UB, fathomed
154    10     17         2.7000     2.7500     1.8519     % 
UB: 2.75
branching on 3 with b.
155    11     18         2.7000     2.7500     1.8519     % 
LB close or above UB, fathomed
156    10     18         2.7000     2.7500     1.8519     % 
LB close or above UB, fathomed
157    9      16         2.7000     2.7500     1.8519     % 
LB close or above UB, fathomed
158    8      15         2.7000     2.7500     1.8519     % 
LB close or above UB, fathomed
159    7      13         2.7000     2.7500     1.8519     % 
LB close or above UB, fathomed
160    6      11         2.7000     2.7500     1.8519     % 
UB: 2.75
branching on CartesianIndex(1, 5) with c.
161    7      12         2.7000     2.7500     1.8519     % 
LB close or above UB, fathomed
162    6      12         2.7000     2.7500     1.8519     % 
UB: 2.75
branching on CartesianIndex(1, 6) with c.
163    7      13         2.7000     2.7500     1.8519     % 
UB: 2.75
branching on CartesianIndex(2, 6) with c.
164    8      14         2.7000     2.7500     1.8519     % 
LB close or above UB, fathomed
165    7      14         2.7000     2.7500     1.8519     % 
UB: 2.75
branching on CartesianIndex(1, 7) with c.
166    8      15         2.7000     2.7500     1.8519     % 
UB: 2.75
branching on CartesianIndex(2, 7) with c.
167    9      16         2.7000     2.7500     1.8519     % 
UB: 2.75
branching on 1 with b.
168    10     17         2.7000     2.7500     1.8519     % 
LB close or above UB, fathomed
169    9      17         2.7000     2.7500     1.8519     % 
LB close or above UB, fathomed
170    8      16         2.7000     2.7500     1.8519     % 
LB close or above UB, fathomed
171    7      15         2.7000     2.7500     1.8519     % 
LB close or above UB, fathomed
172    6      13         2.7000     2.7500     1.8519     % 
LB close or above UB, fathomed
173    5      7          2.7000     2.7500     1.8519     % 
UB: 2.75
branching on CartesianIndex(1, 3) with a.
174    6      8          2.7000     2.7500     1.8519     % 
UB: 2.75
branching on 3 with b.
175    7      9          2.7000     2.7500     1.8519     % 
LB close or above UB, fathomed
176    6      9          2.7000     2.7500     1.8519     % 
LB close or above UB, fathomed
177    5      8          2.7000     2.7500     1.8519     % 
LB close or above UB, fathomed
178    4      5          2.7000     2.7500     1.8519     % 
UB: 2.75
branching on 1 with b.
179    5      6          2.7000     2.7500     1.8519     % 
UB: 2.75
branching on 3 with b.
180    6      7          2.7000     2.7500     1.8519     % 
LB close or above UB, fathomed
181    5      7          2.7000     2.7500     1.8519     % 
UB: 2.75
branching on 1 with b.
182    6      8          2.7000     2.7500     1.8519     % 
LB close or above UB, fathomed
183    5      8          2.7000     2.7500     1.8519     % 
UB: 2.75
branching on 3 with b.
184    6      9          2.7000     2.7500     1.8519     % 
UB: 2.75
branching on CartesianIndex(1, 1) with a.
185    7      10         2.7000     2.7500     1.8519     % 
LB close or above UB, fathomed
186    6      10         2.7000     2.7500     1.8519     % 
LB close or above UB, fathomed
187    5      9          2.7000     2.7500     1.8519     % 
UB: 2.75
branching on CartesianIndex(1, 1) with a.
188    6      10         2.7000     2.7500     1.8519     % 
LB close or above UB, fathomed
189    5      10         2.7000     2.7500     1.8519     % 
LB close or above UB, fathomed
190    4      6          2.7000     2.7500     1.8519     % 
LB close or above UB, fathomed
191    3      10         2.7000     2.7500     1.8519     % 
UB: 2.75
branching on CartesianIndex(2, 5) with c.
192    4      11         2.7000     2.7500     1.8519     % 
LB close or above UB, fathomed
193    3      11         2.7000     2.7500     1.8519     % 
UB: 2.75
branching on CartesianIndex(1, 7) with c.
194    4      12         2.7000     2.7500     1.8519     % 
UB: 2.75
branching on CartesianIndex(2, 7) with c.
195    5      13         2.7000     2.7500     1.8519     % 
UB: 2.75
branching on 2 with b.
196    6      14         2.7000     2.7500     1.8519     % 
UB: 2.75
branching on 1 with b.
197    6      15         2.7000     2.7500     1.8519     % 
UB: 2.75
branching on 2 with b.
198    7      16         2.7000     2.7500     1.8519     % 
LB close or above UB, fathomed
199    6      16         2.7000     2.7500     1.8519     % 
UB: 2.75
branching on 1 with b.
200    6      17         2.7000     2.7500     1.8519     % 
UB: 2.75
branching on 2 with b.
201    6      18         2.7000     2.7500     1.8519     % 
UB: 2.75
branching on 1 with b.
202    6      19         2.7000     2.7500     1.8519     % 
UB: 2.75
branching on 2 with b.
203    7      20         2.7000     2.7500     1.8519     % 
LB close or above UB, fathomed
204    6      20         2.7000     2.7500     1.8519     % 
LB close or above UB, fathomed
205    5      14         2.7000     2.7500     1.8519     % 
LB close or above UB, fathomed
206    4      13         2.7000     2.7500     1.8519     % 
LB close or above UB, fathomed
207    3      12         2.7000     2.7500     1.8519     % 
LB close or above UB, fathomed
208    2      10         2.7000     2.7500     1.8519     % 
LB close or above UB, fathomed
209    1      12         2.7000     2.7500     1.8519     % 
LB close or above UB, fathomed
210    0      12         2.7000     2.7500     1.8519     % 
LB close or above UB, fathomed
all node solved
solved nodes:  211
211                                                   2.7500e+00     2.7500e+00     0.0000  % 
2×3 Matrix{Float64}:
 0.0  0.0  1.0
 1.0  1.0  0.0
3-element Vector{Float64}:
 0.3514826309338723
 0.15494437411838774
 0.803761863440672
3×7 Matrix{Float64}:
 0.0  0.0  0.0  1.0  0.0  0.0  0.0
 0.0  0.0  0.0  0.0  1.0  1.0  0.0
 0.0  0.0  0.0  0.0  0.0  0.0  1.0
3-element Vector{Float64}:
 1.0
 1.0
 1.0
2×3 Matrix{Float64}:
  1.0  1.0  -0.0
 -0.0  0.0   1.0
3-element Vector{Float64}:
 0.7019803560982489
 0.047040410775630925
 0.07224374883963458
3×7 Matrix{Float64}:
 0.0  0.0  0.0   1.0  -0.0   1.0   0.0
 0.0  0.0  0.0   0.0   1.0  -0.0  -0.0
 0.0  0.0  0.0  -0.0   0.0   0.0   1.0
3-element Vector{Float64}:
 1.0
 1.0
 1.0
comparison (CRT and Glb)on prediction: Dict{Bool, Int64}(0 => 2, 1 => 2)
Dataname	 time	 objv	 lb	 gap	 train_w	 train_g	 test_w	 test_g
small_toy_206.small_toy	 57.29	 2.75	 2.75	 0.0	 77.778	 88.889	 75.0	 75.0
