Running 2 processes.
Start training small_toy_894.small_toy with seed 1.
Any[]
(2, 13)
(2, 6)
(2, 3)
(2, 4)
dimension: 2, class: 3
cart cost: 7.9
size of X: (2, 9)
ngroups: 2
UB: 2.75
Iter	left	lev	LB	UB	gap	
0      0      1          0.0500     2.7500     5400.0000  % 
UB: 2.75
branching on 1 with d.
1      1      2          0.0500     2.7500     5400.0000  % 
LB close or above UB, fathomed
2      0      2          0.0500     2.7500     5400.0000  % 
UB: 2.75
branching on 2 with d.
3      1      3          0.0500     2.7500     5400.0000  % 
UB: 2.75
branching on 3 with d.
4      2      4          0.0500     2.7500     5400.0000  % 
LB close or above UB, fathomed
5      1      4          0.0500     2.7500     5400.0000  % 
UB: 2.75
branching on CartesianIndex(1, 1) with a.
6      2      3          0.0500     2.7500     5400.0000  % 
UB: 2.75
branching on 3 with d.
7      3      4          0.1000     2.7500     2650.0000  % 
UB: 2.75
branching on 1 with b.
8      4      5          0.1000     2.7500     2650.0000  % 
UB: 2.75
branching on CartesianIndex(1, 1) with a.
9      5      5          0.1000     2.7500     2650.0000  % 
UB: 2.75
branching on CartesianIndex(1, 1) with a.
10     6      6          0.1000     2.7500     2650.0000  % 
UB: 2.75
branching on CartesianIndex(1, 2) with a.
11     7      6          0.1000     2.7500     2650.0000  % 
UB: 2.75
branching on 1 with b.
12     8      4          0.1000     2.7500     2650.0000  % 
UB: 2.75
branching on CartesianIndex(1, 1) with a.
13     9      5          0.1000     2.7500     2650.0000  % 
UB: 2.75
branching on 1 with b.
14     10     6          0.1000     2.7500     2650.0000  % 
UB: 2.75
branching on CartesianIndex(1, 3) with a.
15     11     7          0.1000     2.7500     2650.0000  % 
UB: 2.75
branching on 1 with b.
16     12     7          0.1000     2.7500     2650.0000  % 
UB: 2.75
branching on CartesianIndex(1, 5) with c.
17     13     8          0.1000     2.7500     2650.0000  % 
LB close or above UB, fathomed
18     12     8          0.1000     2.7500     2650.0000  % 
UB: 2.75
branching on 1 with b.
19     13     6          0.1000     2.7500     2650.0000  % 
LB close or above UB, fathomed
20     12     5          0.1000     2.7500     2650.0000  % 
UB: 2.75
branching on 1 with b.
21     13     6          0.1000     2.7500     2650.0000  % 
UB: 2.75
branching on CartesianIndex(1, 3) with a.
22     14     6          0.1000     2.7500     2650.0000  % 
UB: 2.75
branching on 1 with b.
23     15     9          0.1000     2.7500     2650.0000  % 
UB: 2.75
branching on 3 with b.
24     16     9          0.1000     2.7500     2650.0000  % 
UB: 2.75
branching on 3 with b.
25     17     10         0.1000     2.7500     2650.0000  % 
LB close or above UB, fathomed
26     16     10         0.1000     2.7500     2650.0000  % 
UB: 2.75
branching on CartesianIndex(1, 6) with c.
27     17     11         0.1000     2.7500     2650.0000  % 
UB: 2.75
branching on CartesianIndex(2, 6) with c.
28     18     11         0.1000     2.7500     2650.0000  % 
LB close or above UB, fathomed
29     17     8          0.1000     2.7500     2650.0000  % 
UB: 2.75
branching on CartesianIndex(1, 5) with c.
30     18     8          0.1000     2.7500     2650.0000  % 
UB: 2.75
branching on 3 with b.
31     19     9          0.1000     2.7500     2650.0000  % 
LB close or above UB, fathomed
32     18     9          0.1000     2.7500     2650.0000  % 
UB: 2.75
branching on CartesianIndex(1, 5) with c.
33     19     7          0.1000     2.7500     2650.0000  % 
UB: 2.75
branching on CartesianIndex(1, 2) with a.
34     20     8          0.1000     2.7500     2650.0000  % 
UB: 2.75
branching on CartesianIndex(1, 4) with c.
35     21     9          0.1000     2.7500     2650.0000  % 
LB close or above UB, fathomed
36     20     9          0.1000     2.7500     2650.0000  % 
UB: 2.75
branching on 2 with b.
37     21     10         0.1000     2.7500     2650.0000  % 
UB: 2.75
branching on CartesianIndex(1, 5) with c.
38     22     11         0.1000     2.7500     2650.0000  % 
UB: 2.75
branching on CartesianIndex(2, 5) with c.
39     23     12         0.1000     2.7500     2650.0000  % 
LB close or above UB, fathomed
40     22     12         0.1000     2.7500     2650.0000  % 
UB: 2.75
branching on CartesianIndex(1, 7) with c.
41     23     13         0.1000     2.7500     2650.0000  % 
UB: 2.75
branching on CartesianIndex(2, 7) with c.
42     24     14         0.1000     2.7500     2650.0000  % 
UB: 2.75
branching on 1 with b.
43     25     15         0.1000     2.7500     2650.0000  % 
LB close or above UB, fathomed
44     24     15         0.1000     2.7500     2650.0000  % 
UB: 2.75
branching on 2 with b.
45     25     14         0.1000     2.7500     2650.0000  % 
LB close or above UB, fathomed
46     24     13         0.1000     2.7500     2650.0000  % 
LB close or above UB, fathomed
47     23     11         0.1000     2.7500     2650.0000  % 
LB close or above UB, fathomed
48     22     10         0.1000     2.7500     2650.0000  % 
UB: 2.75
branching on CartesianIndex(1, 5) with c.
49     23     8          0.1000     2.7500     2650.0000  % 
UB: 2.75
branching on CartesianIndex(1, 4) with c.
50     24     7          0.1000     2.7500     2650.0000  % 
UB: 2.75
branching on CartesianIndex(1, 2) with a.
51     25     5          0.1500     2.7500     1733.3333  % 
UB: 2.75
branching on 1 with b.
52     26     6          0.1500     2.7500     1733.3333  % 
UB: 2.75
branching on CartesianIndex(1, 2) with a.
53     27     7          0.1500     2.7500     1733.3333  % 
UB: 2.75
branching on CartesianIndex(1, 3) with a.
54     28     8          0.1500     2.7500     1733.3333  % 
UB: 2.75
branching on CartesianIndex(1, 4) with c.
55     29     8          0.1500     2.7500     1733.3333  % 
UB: 2.75
branching on 1 with b.
56     30     9          0.1500     2.7500     1733.3333  % 
LB close or above UB, fathomed
57     29     9          0.1500     2.7500     1733.3333  % 
UB: 2.75
branching on 2 with b.
58     30     10         0.1500     2.7500     1733.3333  % 
UB: 2.75
branching on 3 with b.
59     31     11         0.1500     2.7500     1733.3333  % 
LB close or above UB, fathomed
60     30     11         0.1500     2.7500     1733.3333  % 
UB: 2.75
branching on CartesianIndex(1, 4) with c.
61     31     12         0.1500     2.7500     1733.3333  % 
UB: 2.75
branching on CartesianIndex(2, 4) with c.
62     32     12         0.1500     2.7500     1733.3333  % 
UB: 2.75
branching on CartesianIndex(1, 5) with c.
63     33     13         0.1500     2.7500     1733.3333  % 
UB: 2.75
branching on CartesianIndex(2, 5) with c.
64     34     14         0.1500     2.7500     1733.3333  % 
UB: 2.75
branching on CartesianIndex(1, 6) with c.
65     35     14         0.1500     2.7500     1733.3333  % 
UB: 2.75
branching on CartesianIndex(1, 6) with c.
66     36     13         0.1500     2.7500     1733.3333  % 
UB: 2.75
branching on 1 with b.
67     36     10         0.1500     2.7500     1733.3333  % 
UB: 2.75
branching on CartesianIndex(1, 4) with c.
68     37     7          0.1500     2.7500     1733.3333  % 
UB: 2.75
branching on 1 with b.
69     38     8          0.1500     2.7500     1733.3333  % 
LB close or above UB, fathomed
70     37     8          0.1500     2.7500     1733.3333  % 
UB: 2.75
branching on CartesianIndex(1, 3) with a.
71     38     9          0.1500     2.7500     1733.3333  % 
UB: 2.75
branching on CartesianIndex(1, 4) with c.
72     39     9          0.1500     2.7500     1733.3333  % 
UB: 2.75
branching on 2 with b.
73     40     10         0.1500     2.7500     1733.3333  % 
UB: 2.75
branching on CartesianIndex(1, 4) with c.
74     41     10         0.1500     2.7500     1733.3333  % 
UB: 2.75
branching on 3 with b.
75     42     11         0.1500     2.7500     1733.3333  % 
LB close or above UB, fathomed
76     41     11         0.1500     2.7500     1733.3333  % 
UB: 2.75
branching on CartesianIndex(1, 4) with c.
77     42     12         0.1500     2.7500     1733.3333  % 
LB close or above UB, fathomed
78     41     12         0.1500     2.7500     1733.3333  % 
UB: 2.75
branching on 1 with b.
79     41     13         0.1500     2.7500     1733.3333  % 
UB: 2.75
branching on CartesianIndex(1, 5) with c.
80     42     14         0.1500     2.7500     1733.3333  % 
UB: 2.75
branching on CartesianIndex(2, 5) with c.
81     43     15         0.1500     2.7500     1733.3333  % 
UB: 2.75
branching on 2 with b.
82     44     15         0.1500     2.7500     1733.3333  % 
UB: 2.75
branching on CartesianIndex(1, 6) with c.
83     45     16         0.1500     2.7500     1733.3333  % 
LB close or above UB, fathomed
84     44     16         0.1500     2.7500     1733.3333  % 
LB close or above UB, fathomed
85     43     14         0.1500     2.7500     1733.3333  % 
UB: 2.75
branching on CartesianIndex(1, 6) with c.
86     44     6          0.1500     2.7500     1733.3333  % 
LB close or above UB, fathomed
87     43     5          0.1500     2.7500     1733.3333  % 
UB: 2.75
branching on CartesianIndex(1, 2) with a.
88     44     6          0.1500     2.7500     1733.3333  % 
UB: 2.75
branching on 1 with b.
89     45     7          0.1500     2.7500     1733.3333  % 
LB close or above UB, fathomed
90     44     7          0.1500     2.7500     1733.3333  % 
UB: 2.75
branching on CartesianIndex(1, 3) with a.
91     45     8          0.1500     2.7500     1733.3333  % 
UB: 2.75
branching on 1 with b.
92     46     9          0.1500     2.7500     1733.3333  % 
UB: 2.75
branching on CartesianIndex(1, 4) with c.
93     47     10         0.1500     2.7500     1733.3333  % 
LB close or above UB, fathomed
94     46     10         0.1500     2.7500     1733.3333  % 
UB: 2.75
branching on CartesianIndex(1, 5) with c.
95     47     11         0.1500     2.7500     1733.3333  % 
UB: 2.75
branching on 2 with b.
96     48     12         0.1500     2.7500     1733.3333  % 
UB: 2.75
branching on 3 with b.
97     49     12         0.1500     2.7500     1733.3333  % 
UB: 2.75
branching on CartesianIndex(2, 5) with c.
98     50     13         0.1500     2.7500     1733.3333  % 
LB close or above UB, fathomed
99     49     13         0.1500     2.7500     1733.3333  % 
UB: 2.75
branching on CartesianIndex(1, 6) with c.
100    50     11         0.1500     2.7500     1733.3333  % 
LB close or above UB, fathomed
101    49     9          0.1500     2.7500     1733.3333  % 
LB close or above UB, fathomed
102    48     8          0.1500     2.7500     1733.3333  % 
UB: 2.75
branching on CartesianIndex(1, 4) with c.
103    49     9          0.1500     2.7500     1733.3333  % 
LB close or above UB, fathomed
104    48     9          0.1500     2.7500     1733.3333  % 
UB: 2.75
branching on 1 with b.
105    49     6          0.1500     2.7500     1733.3333  % 
UB: 2.75
branching on 1 with b.
106    50     7          0.1500     2.7500     1733.3333  % 
LB close or above UB, fathomed
107    49     7          0.1500     2.7500     1733.3333  % 
UB: 2.75
branching on CartesianIndex(1, 3) with a.
108    50     8          0.1500     2.7500     1733.3333  % 
UB: 2.75
branching on 1 with b.
109    51     9          0.1500     2.7500     1733.3333  % 
UB: 2.75
branching on CartesianIndex(1, 4) with c.
110    52     10         0.1500     2.7500     1733.3333  % 
LB close or above UB, fathomed
111    51     10         0.1500     2.7500     1733.3333  % 
UB: 2.75
branching on 2 with b.
112    52     11         0.1500     2.7500     1733.3333  % 
UB: 2.75
branching on 3 with b.
113    53     12         0.1500     2.7500     1733.3333  % 
UB: 2.75
branching on CartesianIndex(1, 5) with c.
114    54     12         0.1500     2.7500     1733.3333  % 
LB close or above UB, fathomed
115    53     11         0.1500     2.7500     1733.3333  % 
LB close or above UB, fathomed
116    52     9          0.1500     2.7500     1733.3333  % 
LB close or above UB, fathomed
117    51     8          0.1500     2.7500     1733.3333  % 
UB: 2.75
branching on CartesianIndex(1, 4) with c.
118    52     9          0.1500     2.7500     1733.3333  % 
LB close or above UB, fathomed
119    51     9          0.1500     2.7500     1733.3333  % 
UB: 2.75
branching on 1 with b.
120    52     13         0.1500     2.7500     1733.3333  % 
UB: 2.75
branching on CartesianIndex(2, 5) with c.
121    53     14         0.1500     2.7500     1733.3333  % 
LB close or above UB, fathomed
122    52     14         0.1500     2.7500     1733.3333  % 
UB: 2.75
branching on CartesianIndex(1, 6) with c.
123    53     15         0.1500     2.7500     1733.3333  % 
UB: 2.75
branching on CartesianIndex(2, 6) with c.
124    54     16         0.1500     2.7500     1733.3333  % 
UB: 2.75
branching on CartesianIndex(1, 7) with c.
125    55     17         0.1500     2.7500     1733.3333  % 
UB: 2.75
branching on CartesianIndex(2, 7) with c.
126    56     18         0.1500     2.7500     1733.3333  % 
UB: 2.75
branching on 1 with b.
127    57     19         0.1500     2.7500     1733.3333  % 
LB close or above UB, fathomed
128    56     19         0.1500     2.7500     1733.3333  % 
LB close or above UB, fathomed
129    55     18         0.1500     2.7500     1733.3333  % 
LB close or above UB, fathomed
130    54     17         0.1500     2.7500     1733.3333  % 
LB close or above UB, fathomed
131    53     16         0.1500     2.7500     1733.3333  % 
UB: 2.75
branching on 1 with b.
132    54     17         0.1500     2.7500     1733.3333  % 
LB close or above UB, fathomed
133    53     17         0.1500     2.7500     1733.3333  % 
LB close or above UB, fathomed
134    52     15         0.1500     2.7500     1733.3333  % 
UB: 2.75
branching on CartesianIndex(1, 7) with c.
135    53     16         0.1500     2.7500     1733.3333  % 
UB: 2.75
branching on 1 with b.
136    54     17         0.1500     2.7500     1733.3333  % 
LB close or above UB, fathomed
137    53     17         0.1500     2.7500     1733.3333  % 
LB close or above UB, fathomed
138    52     16         0.1500     2.7500     1733.3333  % 
LB close or above UB, fathomed
139    51     13         0.1500     2.7500     1733.3333  % 
UB: 2.75
branching on CartesianIndex(2, 5) with c.
140    52     14         0.1500     2.7500     1733.3333  % 
LB close or above UB, fathomed
141    51     14         0.1500     2.7500     1733.3333  % 
UB: 2.75
branching on 1 with b.
142    52     15         0.1500     2.7500     1733.3333  % 
LB close or above UB, fathomed
143    51     15         0.1500     2.7500     1733.3333  % 
LB close or above UB, fathomed
144    50     15         0.1500     2.7500     1733.3333  % 
LB close or above UB, fathomed
145    49     15         0.1500     2.7500     1733.3333  % 
LB close or above UB, fathomed
146    48     16         0.1500     2.7500     1733.3333  % 
UB: 2.75
branching on CartesianIndex(1, 6) with c.
147    49     17         0.1500     2.7500     1733.3333  % 
UB: 2.75
branching on CartesianIndex(2, 6) with c.
148    50     18         0.1500     2.7500     1733.3333  % 
LB close or above UB, fathomed
149    49     18         0.1500     2.7500     1733.3333  % 
UB: 2.75
branching on CartesianIndex(1, 7) with c.
150    50     19         0.1500     2.7500     1733.3333  % 
UB: 2.75
branching on CartesianIndex(2, 7) with c.
151    51     20         0.1500     2.7500     1733.3333  % 
UB: 2.75
branching on 3 with b.
152    52     21         0.1500     2.7500     1733.3333  % 
UB: 2.75
branching on 1 with b.
153    52     22         0.1500     2.7500     1733.3333  % 
UB: 2.75
branching on 2 with b.
154    53     23         0.1500     2.7500     1733.3333  % 
LB close or above UB, fathomed
155    52     23         0.1500     2.7500     1733.3333  % 
UB: 2.75
branching on 3 with b.
156    53     24         0.1500     2.7500     1733.3333  % 
LB close or above UB, fathomed
157    52     24         0.1500     2.7500     1733.3333  % 
LB close or above UB, fathomed
158    51     21         0.1500     2.7500     1733.3333  % 
LB close or above UB, fathomed
159    50     20         0.1500     2.7500     1733.3333  % 
LB close or above UB, fathomed
160    49     19         0.1500     2.7500     1733.3333  % 
LB close or above UB, fathomed
161    48     17         0.1500     2.7500     1733.3333  % 
LB close or above UB, fathomed
162    47     16         0.1500     2.7500     1733.3333  % 
UB: 2.75
branching on 3 with b.
163    48     17         0.1500     2.7500     1733.3333  % 
UB: 2.75
branching on CartesianIndex(1, 6) with c.
164    49     18         0.1500     2.7500     1733.3333  % 
UB: 2.75
branching on CartesianIndex(2, 6) with c.
165    50     19         0.1500     2.7500     1733.3333  % 
LB close or above UB, fathomed
166    49     19         0.1500     2.7500     1733.3333  % 
UB: 2.75
branching on CartesianIndex(1, 7) with c.
167    50     18         0.1500     2.7500     1733.3333  % 
LB close or above UB, fathomed
168    49     17         0.1500     2.7500     1733.3333  % 
UB: 2.75
branching on CartesianIndex(1, 6) with c.
169    50     11         0.1500     2.7500     1733.3333  % 
UB: 2.75
branching on CartesianIndex(2, 4) with c.
170    51     11         0.1500     2.7500     1733.3333  % 
UB: 2.75
branching on 3 with b.
171    52     12         0.1500     2.7500     1733.3333  % 
LB close or above UB, fathomed
172    51     12         0.1500     2.7500     1733.3333  % 
UB: 2.75
branching on CartesianIndex(1, 5) with c.
173    52     13         0.1500     2.7500     1733.3333  % 
LB close or above UB, fathomed
174    51     13         0.1500     2.7500     1733.3333  % 
UB: 2.75
branching on CartesianIndex(1, 6) with c.
175    52     14         0.1500     2.7500     1733.3333  % 
LB close or above UB, fathomed
176    51     14         0.1500     2.7500     1733.3333  % 
LB close or above UB, fathomed
177    50     14         0.1500     2.7500     1733.3333  % 
UB: 2.75
branching on CartesianIndex(1, 6) with c.
178    51     15         0.1500     2.7500     1733.3333  % 
LB close or above UB, fathomed
179    50     15         0.1500     2.7500     1733.3333  % 
LB close or above UB, fathomed
180    49     15         0.1500     2.7500     1733.3333  % 
LB close or above UB, fathomed
181    48     15         0.1500     2.7500     1733.3333  % 
LB close or above UB, fathomed
182    47     14         0.1500     2.7500     1733.3333  % 
UB: 2.75
branching on CartesianIndex(2, 6) with c.
183    48     14         0.1500     2.7500     1733.3333  % 
UB: 2.75
branching on 3 with b.
184    49     10         0.1500     2.7500     1733.3333  % 
UB: 2.75
branching on CartesianIndex(2, 4) with c.
185    50     10         0.1500     2.7500     1733.3333  % 
UB: 2.75
branching on CartesianIndex(1, 5) with c.
186    51     11         0.1500     2.7500     1733.3333  % 
UB: 2.75
branching on 2 with b.
187    52     12         0.1500     2.7500     1733.3333  % 
LB close or above UB, fathomed
188    51     12         0.1500     2.7500     1733.3333  % 
UB: 2.75
branching on CartesianIndex(2, 5) with c.
189    52     13         0.1500     2.7500     1733.3333  % 
UB: 2.75
branching on 3 with b.
190    53     14         0.1500     2.7500     1733.3333  % 
LB close or above UB, fathomed
191    52     14         0.1500     2.7500     1733.3333  % 
UB: 2.75
branching on CartesianIndex(1, 6) with c.
192    53     15         0.1500     2.7500     1733.3333  % 
UB: 2.75
branching on CartesianIndex(2, 6) with c.
193    54     16         0.1500     2.7500     1733.3333  % 
LB close or above UB, fathomed
194    53     16         0.1500     2.7500     1733.3333  % 
UB: 2.75
branching on CartesianIndex(1, 7) with c.
195    54     17         0.1500     2.7500     1733.3333  % 
UB: 2.75
branching on CartesianIndex(2, 7) with c.
196    55     18         0.1500     2.7500     1733.3333  % 
UB: 2.75
branching on 1 with b.
197    55     19         0.1500     2.7500     1733.3333  % 
UB: 2.75
branching on 2 with b.
198    56     20         0.1500     2.7500     1733.3333  % 
UB: 2.75
branching on 3 with b.
199    57     21         0.1500     2.7500     1733.3333  % 
LB close or above UB, fathomed
200    56     21         0.1500     2.7500     1733.3333  % 
LB close or above UB, fathomed
201    55     20         0.1500     2.7500     1733.3333  % 
UB: 2.75
branching on 3 with b.
202    56     18         0.1500     2.7500     1733.3333  % 
LB close or above UB, fathomed
203    55     17         0.1500     2.7500     1733.3333  % 
LB close or above UB, fathomed
204    54     15         0.1500     2.7500     1733.3333  % 
LB close or above UB, fathomed
205    53     13         0.1500     2.7500     1733.3333  % 
LB close or above UB, fathomed
206    52     11         0.1500     2.7500     1733.3333  % 
LB close or above UB, fathomed
207    51     9          0.1500     2.7500     1733.3333  % 
UB: 2.75
branching on CartesianIndex(2, 4) with c.
208    52     10         0.1500     2.7500     1733.3333  % 
UB: 2.75
branching on 1 with b.
209    53     11         0.1500     2.7500     1733.3333  % 
LB close or above UB, fathomed
210    52     11         0.1500     2.7500     1733.3333  % 
UB: 2.75
branching on 2 with b.
211    53     10         0.1500     2.7500     1733.3333  % 
UB: 2.75
branching on CartesianIndex(1, 5) with c.
212    54     11         0.1500     2.7500     1733.3333  % 
LB close or above UB, fathomed
213    53     11         0.1500     2.7500     1733.3333  % 
LB close or above UB, fathomed
214    52     9          0.1500     2.7500     1733.3333  % 
UB: 2.75
branching on 1 with b.
215    53     10         0.1500     2.7500     1733.3333  % 
LB close or above UB, fathomed
216    52     10         0.1500     2.7500     1733.3333  % 
UB: 2.75
branching on CartesianIndex(1, 5) with c.
217    53     11         0.1500     2.7500     1733.3333  % 
UB: 2.75
branching on 2 with b.
218    54     12         0.1500     2.7500     1733.3333  % 
UB: 2.75
branching on 3 with b.
219    55     13         0.1500     2.7500     1733.3333  % 
LB close or above UB, fathomed
220    54     13         0.1500     2.7500     1733.3333  % 
UB: 2.75
branching on CartesianIndex(2, 5) with c.
221    55     14         0.1500     2.7500     1733.3333  % 
UB: 2.75
branching on CartesianIndex(1, 6) with c.
222    56     14         0.1500     2.7500     1733.3333  % 
LB close or above UB, fathomed
223    55     12         0.1500     2.7500     1733.3333  % 
LB close or above UB, fathomed
224    54     11         0.1500     2.7500     1733.3333  % 
LB close or above UB, fathomed
225    53     15         0.1500     2.7500     1733.3333  % 
LB close or above UB, fathomed
226    52     15         0.1500     2.7500     1733.3333  % 
LB close or above UB, fathomed
227    51     12         0.1500     2.7500     1733.3333  % 
UB: 2.75
branching on CartesianIndex(1, 5) with c.
228    52     13         0.1500     2.7500     1733.3333  % 
LB close or above UB, fathomed
229    51     13         0.1500     2.7500     1733.3333  % 
UB: 2.75
branching on CartesianIndex(1, 6) with c.
230    52     14         0.1500     2.7500     1733.3333  % 
UB: 2.75
branching on 3 with b.
231    53     15         0.1500     2.7500     1733.3333  % 
LB close or above UB, fathomed
232    52     15         0.1500     2.7500     1733.3333  % 
UB: 2.75
branching on CartesianIndex(2, 6) with c.
233    53     14         0.1500     2.7500     1733.3333  % 
LB close or above UB, fathomed
234    52     12         0.1500     2.7500     1733.3333  % 
LB close or above UB, fathomed
235    51     21         0.1500     2.7500     1733.3333  % 
LB close or above UB, fathomed
236    50     21         0.1500     2.7500     1733.3333  % 
LB close or above UB, fathomed
237    49     11         0.1500     2.7500     1733.3333  % 
UB: 2.75
branching on 2 with b.
238    50     12         0.1500     2.7500     1733.3333  % 
UB: 2.75
branching on CartesianIndex(1, 5) with c.
239    51     13         0.1500     2.7500     1733.3333  % 
LB close or above UB, fathomed
240    50     13         0.1500     2.7500     1733.3333  % 
LB close or above UB, fathomed
241    49     12         0.1500     2.7500     1733.3333  % 
LB close or above UB, fathomed
242    48     11         0.1500     2.7500     1733.3333  % 
UB: 2.75
branching on CartesianIndex(1, 5) with c.
243    49     12         0.1500     2.7500     1733.3333  % 
LB close or above UB, fathomed
244    48     12         0.1500     2.7500     1733.3333  % 
LB close or above UB, fathomed
245    47     15         0.1500     2.7500     1733.3333  % 
UB: 2.75
branching on 3 with b.
246    48     15         0.1500     2.7500     1733.3333  % 
UB: 2.75
branching on 3 with b.
247    49     16         0.1500     2.7500     1733.3333  % 
UB: 2.75
branching on CartesianIndex(1, 7) with c.
248    50     17         0.1500     2.7500     1733.3333  % 
UB: 2.75
branching on 1 with b.
249    51     18         0.1500     2.7500     1733.3333  % 
LB close or above UB, fathomed
250    50     18         0.1500     2.7500     1733.3333  % 
LB close or above UB, fathomed
251    49     17         0.1500     2.7500     1733.3333  % 
LB close or above UB, fathomed
252    48     16         0.1500     2.7500     1733.3333  % 
LB close or above UB, fathomed
253    47     12         0.1500     2.7500     1733.3333  % 
UB: 2.75
branching on CartesianIndex(1, 5) with c.
254    48     13         0.1500     2.7500     1733.3333  % 
LB close or above UB, fathomed
255    47     13         0.1500     2.7500     1733.3333  % 
UB: 2.75
branching on CartesianIndex(1, 6) with c.
256    48     14         0.1500     2.7500     1733.3333  % 
LB close or above UB, fathomed
257    47     14         0.1500     2.7500     1733.3333  % 
LB close or above UB, fathomed
258    46     12         0.1500     2.7500     1733.3333  % 
UB: 2.75
branching on CartesianIndex(1, 5) with c.
259    47     13         0.1500     2.7500     1733.3333  % 
LB close or above UB, fathomed
260    46     13         0.1500     2.7500     1733.3333  % 
UB: 2.75
branching on CartesianIndex(1, 6) with c.
261    47     14         0.1500     2.7500     1733.3333  % 
LB close or above UB, fathomed
262    46     14         0.1500     2.7500     1733.3333  % 
LB close or above UB, fathomed
263    45     20         0.1500     2.7500     1733.3333  % 
UB: 2.75
branching on CartesianIndex(2, 7) with c.
264    46     21         0.1500     2.7500     1733.3333  % 
UB: 2.75
branching on 1 with b.
265    46     22         0.1500     2.7500     1733.3333  % 
UB: 2.75
branching on 2 with b.
266    46     23         0.1500     2.7500     1733.3333  % 
UB: 2.75
branching on 3 with b.
267    47     24         0.1500     2.7500     1733.3333  % 
LB close or above UB, fathomed
268    46     24         0.1500     2.7500     1733.3333  % 
LB close or above UB, fathomed
269    45     21         0.1500     2.7500     1733.3333  % 
LB close or above UB, fathomed
270    44     20         0.1500     2.7500     1733.3333  % 
LB close or above UB, fathomed
271    43     10         0.1500     2.7500     1733.3333  % 
UB: 2.75
branching on CartesianIndex(1, 5) with c.
272    44     11         0.1500     2.7500     1733.3333  % 
UB: 2.75
branching on CartesianIndex(2, 5) with c.
273    45     12         0.1500     2.7500     1733.3333  % 
LB close or above UB, fathomed
274    44     12         0.1500     2.7500     1733.3333  % 
UB: 2.75
branching on 2 with b.
275    45     13         0.1500     2.7500     1733.3333  % 
UB: 2.75
branching on CartesianIndex(1, 6) with c.
276    46     14         0.1500     2.7500     1733.3333  % 
LB close or above UB, fathomed
277    45     14         0.1500     2.7500     1733.3333  % 
UB: 2.75
branching on CartesianIndex(1, 7) with c.
278    46     15         0.1500     2.7500     1733.3333  % 
UB: 2.75
branching on CartesianIndex(2, 7) with c.
279    47     16         0.1500     2.7500     1733.3333  % 
LB close or above UB, fathomed
280    46     16         0.1500     2.7500     1733.3333  % 
LB close or above UB, fathomed
281    45     15         0.1500     2.7500     1733.3333  % 
LB close or above UB, fathomed
282    44     13         0.1500     2.7500     1733.3333  % 
LB close or above UB, fathomed
283    43     11         0.1500     2.7500     1733.3333  % 
LB close or above UB, fathomed
284    42     10         0.1500     2.7500     1733.3333  % 
LB close or above UB, fathomed
285    41     13         0.1500     2.7500     1733.3333  % 
UB: 2.75
branching on CartesianIndex(2, 5) with c.
286    42     14         0.1500     2.7500     1733.3333  % 
LB close or above UB, fathomed
287    41     14         0.1500     2.7500     1733.3333  % 
UB: 2.75
branching on CartesianIndex(1, 6) with c.
288    42     15         0.1500     2.7500     1733.3333  % 
LB close or above UB, fathomed
289    41     15         0.1500     2.7500     1733.3333  % 
UB: 2.75
branching on CartesianIndex(1, 7) with c.
290    42     16         0.1500     2.7500     1733.3333  % 
UB: 2.75
branching on CartesianIndex(2, 7) with c.
291    43     17         0.1500     2.7500     1733.3333  % 
LB close or above UB, fathomed
292    42     17         0.1500     2.7500     1733.3333  % 
LB close or above UB, fathomed
293    41     16         0.1500     2.7500     1733.3333  % 
LB close or above UB, fathomed
294    40     13         0.1500     2.7500     1733.3333  % 
LB close or above UB, fathomed
295    39     10         0.1500     2.7500     1733.3333  % 
UB: 2.75
branching on 2 with b.
296    40     11         0.1500     2.7500     1733.3333  % 
UB: 2.75
branching on CartesianIndex(1, 5) with c.
297    41     12         0.1500     2.7500     1733.3333  % 
UB: 2.75
branching on 3 with b.
298    42     13         0.1500     2.7500     1733.3333  % 
UB: 2.75
branching on CartesianIndex(2, 5) with c.
299    43     14         0.1500     2.7500     1733.3333  % 
LB close or above UB, fathomed
300    42     14         0.1500     2.7500     1733.3333  % 
UB: 2.75
branching on CartesianIndex(1, 6) with c.
301    43     15         0.1500     2.7500     1733.3333  % 
UB: 2.75
branching on CartesianIndex(2, 6) with c.
302    44     16         0.1500     2.7500     1733.3333  % 
UB: 2.75
branching on CartesianIndex(1, 7) with c.
303    45     17         0.1500     2.7500     1733.3333  % 
UB: 2.75
branching on 1 with b.
304    46     18         0.1500     2.7500     1733.3333  % 
LB close or above UB, fathomed
305    45     18         0.1500     2.7500     1733.3333  % 
LB close or above UB, fathomed
306    44     17         0.1500     2.7500     1733.3333  % 
LB close or above UB, fathomed
307    43     16         0.1500     2.7500     1733.3333  % 
UB: 2.75
branching on 1 with b.
308    44     17         0.1500     2.7500     1733.3333  % 
LB close or above UB, fathomed
309    43     17         0.1500     2.7500     1733.3333  % 
LB close or above UB, fathomed
310    42     15         0.1500     2.7500     1733.3333  % 
UB: 2.75
branching on CartesianIndex(1, 7) with c.
311    43     16         0.1500     2.7500     1733.3333  % 
UB: 2.75
branching on CartesianIndex(2, 7) with c.
312    44     17         0.1500     2.7500     1733.3333  % 
UB: 2.75
branching on 1 with b.
313    45     18         0.1500     2.7500     1733.3333  % 
LB close or above UB, fathomed
314    44     18         0.1500     2.7500     1733.3333  % 
LB close or above UB, fathomed
315    43     17         0.1500     2.7500     1733.3333  % 
LB close or above UB, fathomed
316    42     16         0.1500     2.7500     1733.3333  % 
LB close or above UB, fathomed
317    41     13         0.1500     2.7500     1733.3333  % 
UB: 2.75
branching on CartesianIndex(2, 5) with c.
318    42     14         0.1500     2.7500     1733.3333  % 
LB close or above UB, fathomed
319    41     14         0.1500     2.7500     1733.3333  % 
UB: 2.75
branching on CartesianIndex(1, 6) with c.
320    42     15         0.1500     2.7500     1733.3333  % 
UB: 2.75
branching on CartesianIndex(2, 6) with c.
321    43     16         0.1500     2.7500     1733.3333  % 
UB: 2.75
branching on 1 with b.
322    44     17         0.1500     2.7500     1733.3333  % 
LB close or above UB, fathomed
323    43     17         0.1500     2.7500     1733.3333  % 
LB close or above UB, fathomed
324    42     16         0.1500     2.7500     1733.3333  % 
UB: 2.75
branching on CartesianIndex(1, 7) with c.
325    43     17         0.1500     2.7500     1733.3333  % 
UB: 2.75
branching on CartesianIndex(2, 7) with c.
326    44     18         0.1500     2.7500     1733.3333  % 
UB: 2.75
branching on 1 with b.
327    45     19         0.1500     2.7500     1733.3333  % 
LB close or above UB, fathomed
328    44     19         0.1500     2.7500     1733.3333  % 
LB close or above UB, fathomed
329    43     18         0.1500     2.7500     1733.3333  % 
LB close or above UB, fathomed
330    42     17         0.1500     2.7500     1733.3333  % 
LB close or above UB, fathomed
331    41     15         0.1500     2.7500     1733.3333  % 
UB: 2.75
branching on CartesianIndex(1, 7) with c.
332    42     16         0.1500     2.7500     1733.3333  % 
UB: 2.75
branching on CartesianIndex(2, 7) with c.
333    43     17         0.1500     2.7500     1733.3333  % 
UB: 2.75
branching on 1 with b.
334    44     18         0.1500     2.7500     1733.3333  % 
LB close or above UB, fathomed
335    43     18         0.1500     2.7500     1733.3333  % 
LB close or above UB, fathomed
336    42     17         0.1500     2.7500     1733.3333  % 
LB close or above UB, fathomed
337    41     16         0.1500     2.7500     1733.3333  % 
LB close or above UB, fathomed
338    40     12         0.1500     2.7500     1733.3333  % 
LB close or above UB, fathomed
339    39     11         0.1500     2.7500     1733.3333  % 
UB: 2.75
branching on 3 with b.
340    40     12         0.1500     2.7500     1733.3333  % 
UB: 2.75
branching on CartesianIndex(1, 5) with c.
341    41     12         0.1500     2.7500     1733.3333  % 
UB: 2.75
branching on CartesianIndex(1, 5) with c.
342    42     13         0.1500     2.7500     1733.3333  % 
UB: 2.75
branching on CartesianIndex(2, 5) with c.
343    43     14         0.1500     2.7500     1733.3333  % 
LB close or above UB, fathomed
344    42     14         0.1500     2.7500     1733.3333  % 
UB: 2.75
branching on 1 with b.
345    43     15         0.1500     2.7500     1733.3333  % 
UB: 2.75
branching on CartesianIndex(1, 6) with c.
346    44     15         0.1500     2.7500     1733.3333  % 
LB close or above UB, fathomed
347    43     13         0.1500     2.7500     1733.3333  % 
LB close or above UB, fathomed
348    42     10         0.1500     2.7500     1733.3333  % 
LB close or above UB, fathomed
349    41     15         0.1500     2.7500     1733.3333  % 
LB close or above UB, fathomed
350    40     15         0.1500     2.7500     1733.3333  % 
LB close or above UB, fathomed
351    39     13         0.1500     2.7500     1733.3333  % 
UB: 2.75
branching on CartesianIndex(1, 5) with c.
352    40     14         0.1500     2.7500     1733.3333  % 
LB close or above UB, fathomed
353    39     14         0.1500     2.7500     1733.3333  % 
UB: 2.75
branching on 1 with b.
354    39     15         0.1500     2.7500     1733.3333  % 
UB: 2.75
branching on CartesianIndex(1, 6) with c.
355    40     16         0.1500     2.7500     1733.3333  % 
UB: 2.75
branching on CartesianIndex(2, 6) with c.
356    41     17         0.1500     2.7500     1733.3333  % 
LB close or above UB, fathomed
357    40     17         0.1500     2.7500     1733.3333  % 
UB: 2.75
branching on CartesianIndex(1, 7) with c.
358    41     18         0.1500     2.7500     1733.3333  % 
UB: 2.75
branching on CartesianIndex(2, 7) with c.
359    42     19         0.1500     2.7500     1733.3333  % 
UB: 2.75
branching on 2 with b.
360    43     19         0.1500     2.7500     1733.3333  % 
LB close or above UB, fathomed
361    42     18         0.1500     2.7500     1733.3333  % 
LB close or above UB, fathomed
362    41     16         0.1500     2.7500     1733.3333  % 
LB close or above UB, fathomed
363    40     13         0.1500     2.7500     1733.3333  % 
UB: 2.75
branching on CartesianIndex(1, 5) with c.
364    41     14         0.1500     2.7500     1733.3333  % 
LB close or above UB, fathomed
365    40     14         0.1500     2.7500     1733.3333  % 
UB: 2.75
branching on CartesianIndex(1, 6) with c.
366    41     15         0.1500     2.7500     1733.3333  % 
LB close or above UB, fathomed
367    40     15         0.1500     2.7500     1733.3333  % 
LB close or above UB, fathomed
368    39     20         0.1500     2.7500     1733.3333  % 
LB close or above UB, fathomed
369    38     20         0.1500     2.7500     1733.3333  % 
LB close or above UB, fathomed
370    37     11         0.1500     2.7500     1733.3333  % 
LB close or above UB, fathomed
371    36     11         0.1500     2.7500     1733.3333  % 
UB: 2.75
branching on 3 with b.
372    37     12         0.1500     2.7500     1733.3333  % 
LB close or above UB, fathomed
373    36     12         0.1500     2.7500     1733.3333  % 
UB: 2.75
branching on CartesianIndex(1, 5) with c.
374    37     13         0.1500     2.7500     1733.3333  % 
UB: 2.75
branching on CartesianIndex(2, 5) with c.
375    38     14         0.1500     2.7500     1733.3333  % 
UB: 2.75
branching on 1 with b.
376    38     15         0.1500     2.7500     1733.3333  % 
UB: 2.75
branching on CartesianIndex(1, 6) with c.
377    39     16         0.1500     2.7500     1733.3333  % 
LB close or above UB, fathomed
378    38     16         0.1500     2.7500     1733.3333  % 
LB close or above UB, fathomed
379    37     14         0.1500     2.7500     1733.3333  % 
UB: 2.75
branching on 1 with b.
380    37     15         0.1500     2.7500     1733.3333  % 
UB: 2.75
branching on 2 with b.
381    38     16         0.1500     2.7500     1733.3333  % 
UB: 2.75
branching on CartesianIndex(1, 6) with c.
382    39     17         0.1500     2.7500     1733.3333  % 
LB close or above UB, fathomed
383    38     17         0.1500     2.7500     1733.3333  % 
LB close or above UB, fathomed
384    37     16         0.1500     2.7500     1733.3333  % 
UB: 2.75
branching on 3 with b.
385    38     17         0.1500     2.7500     1733.3333  % 
UB: 2.75
branching on CartesianIndex(1, 6) with c.
386    39     18         0.1500     2.7500     1733.3333  % 
LB close or above UB, fathomed
387    38     18         0.1500     2.7500     1733.3333  % 
LB close or above UB, fathomed
388    37     17         0.1500     2.7500     1733.3333  % 
LB close or above UB, fathomed
389    36     13         0.1500     2.7500     1733.3333  % 
UB: 2.75
branching on CartesianIndex(1, 6) with c.
390    37     14         0.1500     2.7500     1733.3333  % 
LB close or above UB, fathomed
391    36     14         0.1500     2.7500     1733.3333  % 
LB close or above UB, fathomed
392    35     16         0.1500     2.7500     1733.3333  % 
LB close or above UB, fathomed
393    34     16         0.1500     2.7500     1733.3333  % 
UB: 2.75
branching on CartesianIndex(1, 7) with c.
394    35     17         0.1500     2.7500     1733.3333  % 
UB: 2.75
branching on CartesianIndex(2, 7) with c.
395    36     18         0.1500     2.7500     1733.3333  % 
UB: 2.75
branching on 1 with b.
396    36     19         0.1500     2.7500     1733.3333  % 
UB: 2.75
branching on 2 with b.
397    37     20         0.1500     2.7500     1733.3333  % 
LB close or above UB, fathomed
398    36     20         0.1500     2.7500     1733.3333  % 
LB close or above UB, fathomed
399    35     18         0.1500     2.7500     1733.3333  % 
LB close or above UB, fathomed
400    34     17         0.1500     2.7500     1733.3333  % 
LB close or above UB, fathomed
401    33     11         2.6778     2.7500     2.6971     % 
UB: 2.75
branching on 1 with b.
402    34     12         2.6778     2.7500     2.6971     % 
LB close or above UB, fathomed
403    33     12         2.6778     2.7500     2.6971     % 
LB close or above UB, fathomed
404    32     11         2.6778     2.7500     2.6971     % 
LB close or above UB, fathomed
405    31     9          2.7000     2.7500     1.8519     % 
UB: 2.75
branching on 2 with b.
406    32     10         2.7000     2.7500     1.8519     % 
LB close or above UB, fathomed
407    31     10         2.7000     2.7500     1.8519     % 
LB close or above UB, fathomed
408    30     9          2.7000     2.7500     1.8519     % 
UB: 2.75
branching on 2 with b.
409    31     10         2.7000     2.7500     1.8519     % 
UB: 2.75
branching on 1 with b.
410    32     11         2.7000     2.7500     1.8519     % 
LB close or above UB, fathomed
411    31     11         2.7000     2.7500     1.8519     % 
LB close or above UB, fathomed
412    30     10         2.7000     2.7500     1.8519     % 
LB close or above UB, fathomed
413    29     16         2.7000     2.7500     1.8519     % 
LB close or above UB, fathomed
414    28     16         2.7000     2.7500     1.8519     % 
UB: 2.75
branching on 1 with b.
415    28     17         2.7000     2.7500     1.8519     % 
LB close or above UB, fathomed
416    27     10         2.7000     2.7500     1.8519     % 
LB close or above UB, fathomed
417    26     10         2.7000     2.7500     1.8519     % 
UB: 2.75
branching on CartesianIndex(1, 6) with c.
418    27     11         2.7000     2.7500     1.8519     % 
UB: 2.75
branching on 1 with b.
419    27     12         2.7000     2.7500     1.8519     % 
UB: 2.75
branching on 3 with b.
420    28     13         2.7000     2.7500     1.8519     % 
LB close or above UB, fathomed
421    27     13         2.7000     2.7500     1.8519     % 
LB close or above UB, fathomed
422    26     11         2.7000     2.7500     1.8519     % 
LB close or above UB, fathomed
423    25     12         2.7000     2.7500     1.8519     % 
LB close or above UB, fathomed
424    24     12         2.7000     2.7500     1.8519     % 
UB: 2.75
branching on CartesianIndex(1, 7) with c.
425    25     13         2.7000     2.7500     1.8519     % 
UB: 2.75
branching on CartesianIndex(2, 7) with c.
426    26     14         2.7000     2.7500     1.8519     % 
UB: 2.75
branching on 1 with b.
427    26     15         2.7000     2.7500     1.8519     % 
UB: 2.75
branching on 3 with b.
428    27     16         2.7000     2.7500     1.8519     % 
UB: 2.75
branching on 1 with b.
429    27     17         2.7000     2.7500     1.8519     % 
UB: 2.75
branching on 3 with b.
430    28     18         2.7000     2.7500     1.8519     % 
LB close or above UB, fathomed
431    27     18         2.7000     2.7500     1.8519     % 
LB close or above UB, fathomed
432    26     16         2.7000     2.7500     1.8519     % 
LB close or above UB, fathomed
433    25     14         2.7000     2.7500     1.8519     % 
LB close or above UB, fathomed
434    24     13         2.7000     2.7500     1.8519     % 
LB close or above UB, fathomed
435    23     7          2.7000     2.7500     1.8519     % 
UB: 2.75
branching on 3 with b.
436    24     8          2.7000     2.7500     1.8519     % 
LB close or above UB, fathomed
437    23     8          2.7000     2.7500     1.8519     % 
UB: 2.75
branching on 1 with b.
438    24     9          2.7000     2.7500     1.8519     % 
LB close or above UB, fathomed
439    23     9          2.7000     2.7500     1.8519     % 
LB close or above UB, fathomed
440    22     7          2.7000     2.7500     1.8519     % 
LB close or above UB, fathomed
441    21     6          2.7000     2.7500     1.8519     % 
LB close or above UB, fathomed
442    20     6          2.7000     2.7500     1.8519     % 
LB close or above UB, fathomed
443    19     8          2.7000     2.7500     1.8519     % 
UB: 2.75
branching on 2 with b.
444    20     9          2.7000     2.7500     1.8519     % 
UB: 2.75
branching on 1 with b.
445    20     10         2.7000     2.7500     1.8519     % 
UB: 2.75
branching on CartesianIndex(1, 4) with c.
446    21     11         2.7000     2.7500     1.8519     % 
LB close or above UB, fathomed
447    20     11         2.7000     2.7500     1.8519     % 
UB: 2.75
branching on 2 with b.
448    21     12         2.7000     2.7500     1.8519     % 
LB close or above UB, fathomed
449    20     12         2.7000     2.7500     1.8519     % 
UB: 2.75
branching on CartesianIndex(1, 5) with c.
450    21     13         2.7000     2.7500     1.8519     % 
UB: 2.75
branching on CartesianIndex(2, 5) with c.
451    22     14         2.7000     2.7500     1.8519     % 
LB close or above UB, fathomed
452    21     14         2.7000     2.7500     1.8519     % 
UB: 2.75
branching on CartesianIndex(1, 7) with c.
453    22     15         2.7000     2.7500     1.8519     % 
UB: 2.75
branching on CartesianIndex(2, 7) with c.
454    23     16         2.7000     2.7500     1.8519     % 
UB: 2.75
branching on 1 with b.
455    24     17         2.7000     2.7500     1.8519     % 
UB: 2.75
branching on 2 with b.
456    24     18         2.7000     2.7500     1.8519     % 
UB: 2.75
branching on 1 with b.
457    24     19         2.7000     2.7500     1.8519     % 
UB: 2.75
branching on 2 with b.
458    24     20         2.7000     2.7500     1.8519     % 
UB: 2.75
branching on 1 with b.
459    24     21         2.7000     2.7500     1.8519     % 
UB: 2.75
branching on 2 with b.
460    25     22         2.7000     2.7500     1.8519     % 
LB close or above UB, fathomed
461    24     22         2.7000     2.7500     1.8519     % 
LB close or above UB, fathomed
462    23     17         2.7000     2.7500     1.8519     % 
LB close or above UB, fathomed
463    22     16         2.7000     2.7500     1.8519     % 
LB close or above UB, fathomed
464    21     15         2.7000     2.7500     1.8519     % 
LB close or above UB, fathomed
465    20     13         2.7000     2.7500     1.8519     % 
LB close or above UB, fathomed
466    19     9          2.7000     2.7500     1.8519     % 
LB close or above UB, fathomed
467    18     8          2.7000     2.7500     1.8519     % 
UB: 2.75
branching on 2 with b.
468    19     9          2.7000     2.7500     1.8519     % 
LB close or above UB, fathomed
469    18     9          2.7000     2.7500     1.8519     % 
LB close or above UB, fathomed
470    17     9          2.7000     2.7500     1.8519     % 
LB close or above UB, fathomed
471    16     9          2.7000     2.7500     1.8519     % 
UB: 2.75
branching on 3 with b.
472    17     10         2.7000     2.7500     1.8519     % 
LB close or above UB, fathomed
473    16     10         2.7000     2.7500     1.8519     % 
LB close or above UB, fathomed
474    15     10         2.7000     2.7500     1.8519     % 
LB close or above UB, fathomed
475    14     10         2.7000     2.7500     1.8519     % 
UB: 2.75
branching on CartesianIndex(1, 6) with c.
476    15     11         2.7000     2.7500     1.8519     % 
UB: 2.75
branching on CartesianIndex(2, 6) with c.
477    16     12         2.7000     2.7500     1.8519     % 
LB close or above UB, fathomed
478    15     12         2.7000     2.7500     1.8519     % 
UB: 2.75
branching on 1 with b.
479    15     13         2.7000     2.7500     1.8519     % 
UB: 2.75
branching on CartesianIndex(1, 7) with c.
480    16     14         2.7000     2.7500     1.8519     % 
UB: 2.75
branching on CartesianIndex(2, 7) with c.
481    17     15         2.7000     2.7500     1.8519     % 
UB: 2.75
branching on 3 with b.
482    18     16         2.7000     2.7500     1.8519     % 
UB: 2.75
branching on 1 with b.
483    19     17         2.7000     2.7500     1.8519     % 
LB close or above UB, fathomed
484    18     17         2.7000     2.7500     1.8519     % 
UB: 2.75
branching on 3 with b.
485    19     18         2.7000     2.7500     1.8519     % 
LB close or above UB, fathomed
486    18     18         2.7000     2.7500     1.8519     % 
LB close or above UB, fathomed
487    17     16         2.7000     2.7500     1.8519     % 
LB close or above UB, fathomed
488    16     15         2.7000     2.7500     1.8519     % 
LB close or above UB, fathomed
489    15     14         2.7000     2.7500     1.8519     % 
LB close or above UB, fathomed
490    14     11         2.7000     2.7500     1.8519     % 
LB close or above UB, fathomed
491    13     7          2.7000     2.7500     1.8519     % 
UB: 2.75
branching on CartesianIndex(1, 5) with c.
492    14     8          2.7000     2.7500     1.8519     % 
LB close or above UB, fathomed
493    13     8          2.7000     2.7500     1.8519     % 
UB: 2.75
branching on CartesianIndex(1, 6) with c.
494    14     9          2.7000     2.7500     1.8519     % 
UB: 2.75
branching on CartesianIndex(2, 6) with c.
495    15     10         2.7000     2.7500     1.8519     % 
LB close or above UB, fathomed
496    14     10         2.7000     2.7500     1.8519     % 
UB: 2.75
branching on CartesianIndex(1, 7) with c.
497    15     11         2.7000     2.7500     1.8519     % 
UB: 2.75
branching on 1 with b.
498    16     12         2.7000     2.7500     1.8519     % 
UB: 2.75
branching on CartesianIndex(2, 7) with c.
499    17     13         2.7000     2.7500     1.8519     % 
UB: 2.75
branching on 3 with b.
500    18     14         2.7000     2.7500     1.8519     % 
LB close or above UB, fathomed
501    17     14         2.7000     2.7500     1.8519     % 
LB close or above UB, fathomed
502    16     13         2.7000     2.7500     1.8519     % 
LB close or above UB, fathomed
503    15     12         2.7000     2.7500     1.8519     % 
UB: 2.75
branching on 3 with b.
504    16     13         2.7000     2.7500     1.8519     % 
LB close or above UB, fathomed
505    15     13         2.7000     2.7500     1.8519     % 
LB close or above UB, fathomed
506    14     11         2.7000     2.7500     1.8519     % 
LB close or above UB, fathomed
507    13     9          2.7000     2.7500     1.8519     % 
LB close or above UB, fathomed
508    12     7          2.7000     2.7500     1.8519     % 
UB: 2.75
branching on CartesianIndex(1, 5) with c.
509    13     8          2.7000     2.7500     1.8519     % 
LB close or above UB, fathomed
510    12     8          2.7000     2.7500     1.8519     % 
UB: 2.75
branching on CartesianIndex(1, 6) with c.
511    13     9          2.7000     2.7500     1.8519     % 
UB: 2.75
branching on 1 with b.
512    14     10         2.7000     2.7500     1.8519     % 
UB: 2.75
branching on CartesianIndex(2, 6) with c.
513    15     11         2.7000     2.7500     1.8519     % 
LB close or above UB, fathomed
514    14     11         2.7000     2.7500     1.8519     % 
UB: 2.75
branching on 3 with b.
515    15     12         2.7000     2.7500     1.8519     % 
LB close or above UB, fathomed
516    14     12         2.7000     2.7500     1.8519     % 
UB: 2.75
branching on CartesianIndex(1, 7) with c.
517    15     13         2.7000     2.7500     1.8519     % 
UB: 2.75
branching on CartesianIndex(2, 7) with c.
518    16     14         2.7000     2.7500     1.8519     % 
UB: 2.75
branching on 1 with b.
519    16     15         2.7000     2.7500     1.8519     % 
UB: 2.75
branching on 3 with b.
520    17     16         2.7000     2.7500     1.8519     % 
UB: 2.75
branching on 1 with b.
521    17     17         2.7000     2.7500     1.8519     % 
UB: 2.75
branching on 3 with b.
522    18     18         2.7000     2.7500     1.8519     % 
LB close or above UB, fathomed
523    17     18         2.7000     2.7500     1.8519     % 
LB close or above UB, fathomed
524    16     16         2.7000     2.7500     1.8519     % 
LB close or above UB, fathomed
525    15     14         2.7000     2.7500     1.8519     % 
LB close or above UB, fathomed
526    14     13         2.7000     2.7500     1.8519     % 
LB close or above UB, fathomed
527    13     10         2.7000     2.7500     1.8519     % 
UB: 2.75
branching on 3 with b.
528    14     11         2.7000     2.7500     1.8519     % 
LB close or above UB, fathomed
529    13     11         2.7000     2.7500     1.8519     % 
UB: 2.75
branching on CartesianIndex(2, 6) with c.
530    14     12         2.7000     2.7500     1.8519     % 
LB close or above UB, fathomed
531    13     12         2.7000     2.7500     1.8519     % 
UB: 2.75
branching on 1 with b.
532    13     13         2.7000     2.7500     1.8519     % 
UB: 2.75
branching on 3 with b.
533    14     14         2.7000     2.7500     1.8519     % 
UB: 2.75
branching on 1 with b.
534    14     15         2.7000     2.7500     1.8519     % 
UB: 2.75
branching on CartesianIndex(1, 7) with c.
535    15     16         2.7000     2.7500     1.8519     % 
UB: 2.75
branching on CartesianIndex(2, 7) with c.
536    16     17         2.7000     2.7500     1.8519     % 
UB: 2.75
branching on 3 with b.
537    17     18         2.7000     2.7500     1.8519     % 
LB close or above UB, fathomed
538    16     18         2.7000     2.7500     1.8519     % 
LB close or above UB, fathomed
539    15     17         2.7000     2.7500     1.8519     % 
LB close or above UB, fathomed
540    14     16         2.7000     2.7500     1.8519     % 
LB close or above UB, fathomed
541    13     14         2.7000     2.7500     1.8519     % 
LB close or above UB, fathomed
542    12     9          2.7000     2.7500     1.8519     % 
LB close or above UB, fathomed
543    11     7          2.7000     2.7500     1.8519     % 
UB: 2.75
branching on CartesianIndex(1, 4) with c.
544    12     8          2.7000     2.7500     1.8519     % 
UB: 2.75
branching on CartesianIndex(2, 4) with c.
545    13     9          2.7000     2.7500     1.8519     % 
LB close or above UB, fathomed
546    12     9          2.7000     2.7500     1.8519     % 
LB close or above UB, fathomed
547    11     8          2.7000     2.7500     1.8519     % 
UB: 2.75
branching on 1 with b.
548    12     9          2.7000     2.7500     1.8519     % 
LB close or above UB, fathomed
549    11     9          2.7000     2.7500     1.8519     % 
LB close or above UB, fathomed
550    10     7          2.7000     2.7500     1.8519     % 
UB: 2.75
branching on CartesianIndex(1, 4) with c.
551    11     8          2.7000     2.7500     1.8519     % 
LB close or above UB, fathomed
552    10     8          2.7000     2.7500     1.8519     % 
UB: 2.75
branching on 1 with b.
553    11     9          2.7000     2.7500     1.8519     % 
LB close or above UB, fathomed
554    10     9          2.7000     2.7500     1.8519     % 
LB close or above UB, fathomed
555    9      16         2.7167     2.7500     1.2270     % 
LB close or above UB, fathomed
556    8      16         2.7167     2.7500     1.2270     % 
UB: 2.75
branching on CartesianIndex(1, 7) with c.
557    9      17         2.7167     2.7500     1.2270     % 
UB: 2.75
branching on CartesianIndex(2, 7) with c.
558    10     18         2.7167     2.7500     1.2270     % 
LB close or above UB, fathomed
559    9      18         2.7167     2.7500     1.2270     % 
LB close or above UB, fathomed
560    8      17         2.7167     2.7500     1.2270     % 
LB close or above UB, fathomed
561    7      16         2.7167     2.7500     1.2270     % 
UB: 2.75
branching on 1 with b.
562    8      17         2.7167     2.7500     1.2270     % 
LB close or above UB, fathomed
563    7      17         2.7167     2.7500     1.2270     % 
LB close or above UB, fathomed
564    6      16         2.7167     2.7500     1.2270     % 
LB close or above UB, fathomed
565    5      15         2.7167     2.7500     1.2270     % 
UB: 2.75
branching on 1 with b.
566    6      16         2.7167     2.7500     1.2270     % 
UB: 2.75
branching on CartesianIndex(1, 7) with c.
567    7      17         2.7167     2.7500     1.2270     % 
UB: 2.75
branching on CartesianIndex(2, 7) with c.
568    8      18         2.7167     2.7500     1.2270     % 
LB close or above UB, fathomed
569    7      18         2.7167     2.7500     1.2270     % 
LB close or above UB, fathomed
570    6      17         2.7167     2.7500     1.2270     % 
LB close or above UB, fathomed
571    5      16         2.7167     2.7500     1.2270     % 
LB close or above UB, fathomed
572    4      15         2.7167     2.7500     1.2270     % 
LB close or above UB, fathomed
573    3      18         2.7167     2.7500     1.2270     % 
UB: 2.75
branching on CartesianIndex(2, 6) with c.
574    4      19         2.7167     2.7500     1.2270     % 
LB close or above UB, fathomed
575    3      19         2.7167     2.7500     1.2270     % 
LB close or above UB, fathomed
576    2      18         2.7167     2.7500     1.2270     % 
LB close or above UB, fathomed
577    1      13         2.7167     2.7500     1.2270     % 
UB: 2.75
branching on CartesianIndex(2, 5) with c.
578    2      14         2.7167     2.7500     1.2270     % 
LB close or above UB, fathomed
579    1      14         2.7167     2.7500     1.2270     % 
UB: 2.75
branching on CartesianIndex(1, 6) with c.
580    2      15         2.7167     2.7500     1.2270     % 
UB: 2.75
branching on 1 with b.
581    3      16         2.7167     2.7500     1.2270     % 
LB close or above UB, fathomed
582    2      16         2.7167     2.7500     1.2270     % 
LB close or above UB, fathomed
583    1      15         2.7167     2.7500     1.2270     % 
UB: 2.75
branching on CartesianIndex(1, 7) with c.
584    2      16         2.7167     2.7500     1.2270     % 
UB: 2.75
branching on CartesianIndex(2, 7) with c.
585    3      17         2.7167     2.7500     1.2270     % 
LB close or above UB, fathomed
586    2      17         2.7167     2.7500     1.2270     % 
LB close or above UB, fathomed
587    1      16         2.7167     2.7500     1.2270     % 
LB close or above UB, fathomed
588    0      13         2.7167     2.7500     1.2270     % 
LB close or above UB, fathomed
all node solved
solved nodes:  589
589                                                   2.7333e+00     2.7500e+00     0.6098  % 
2×3 Matrix{Float64}:
 1.0  0.0  0.0
 0.0  0.0  1.0
3-element Vector{Float64}:
 0.2281839972235548
 0.0
 0.1642806265648976
3×7 Matrix{Float64}:
 0.0  0.0  0.0  0.0  1.0  1.0  0.0
 0.0  0.0  0.0  0.0  0.0  0.0  1.0
 0.0  0.0  0.0  0.0  0.0  0.0  0.0
3-element Vector{Float64}:
 1.0
 0.0
 1.0
2×3 Matrix{Float64}:
 1.0  -0.0  -0.0
 0.0   1.0   1.0
3-element Vector{Float64}:
 0.6836538555645069
 0.3593021788235391
 0.33183599589872526
3×7 Matrix{Float64}:
 0.0  0.0  0.0   1.0  0.0  -0.0  0.0
 0.0  0.0  0.0   0.0  1.0   1.0  0.0
 0.0  0.0  0.0  -0.0  0.0  -0.0  1.0
3-element Vector{Float64}:
 1.0
 1.0
 1.0
comparison (CRT and Glb)on prediction: Dict{Bool, Int64}(0 => 3, 1 => 1)
Dataname	 time	 objv	 lb	 gap	 train_w	 train_g	 test_w	 test_g
small_toy_894.small_toy	 57.93	 2.75	 2.733	 0.0061	 66.667	 88.889	 75.0	 50.0
