Running 2 processes.
Start training small_toy_145.small_toy with seed 1.
Any[]
(2, 13)
(2, 6)
(2, 3)
(2, 4)
dimension: 2, class: 3
cart cost: 7.9
size of X: (2, 9)
ngroups: 2
UB: 2.75
Iter	left	lev	LB	UB	gap	
0      0      1          0.1000     2.7500     2650.0000  % 
UB: 2.75
branching on 1 with d.
1      1      2          0.1000     2.7500     2650.0000  % 
LB close or above UB, fathomed
2      0      2          0.1000     2.7500     2650.0000  % 
UB: 2.75
branching on 2 with d.
3      1      3          0.1000     2.7500     2650.0000  % 
UB: 2.75
branching on 3 with d.
4      2      4          0.1000     2.7500     2650.0000  % 
LB close or above UB, fathomed
5      1      4          0.1000     2.7500     2650.0000  % 
UB: 2.75
branching on CartesianIndex(1, 1) with a.
6      2      5          0.1000     2.7500     2650.0000  % 
UB: 2.75
branching on CartesianIndex(1, 3) with a.
7      3      5          0.1000     2.7500     2650.0000  % 
UB: 2.75
branching on 1 with b.
8      4      3          0.1000     2.7500     2650.0000  % 
UB: 2.75
branching on 3 with d.
9      5      4          0.1000     2.7500     2650.0000  % 
UB: 2.75
branching on CartesianIndex(1, 1) with a.
10     6      5          0.1000     2.7500     2650.0000  % 
UB: 2.75
branching on CartesianIndex(1, 2) with a.
11     7      5          0.1000     2.7500     2650.0000  % 
UB: 2.75
branching on 1 with b.
12     8      4          0.1000     2.7500     2650.0000  % 
UB: 2.75
branching on CartesianIndex(1, 1) with a.
13     9      5          0.1500     2.7500     1733.3333  % 
UB: 2.75
branching on 1 with b.
14     10     6          0.1500     2.7500     1733.3333  % 
UB: 2.75
branching on CartesianIndex(1, 2) with a.
15     11     7          0.1500     2.7500     1733.3333  % 
UB: 2.75
branching on 1 with b.
16     12     8          0.1500     2.7500     1733.3333  % 
LB close or above UB, fathomed
17     11     8          0.1500     2.7500     1733.3333  % 
UB: 2.75
branching on CartesianIndex(1, 3) with a.
18     12     9          0.1500     2.7500     1733.3333  % 
UB: 2.75
branching on 2 with b.
19     13     10         0.1500     2.7500     1733.3333  % 
UB: 2.75
branching on CartesianIndex(1, 4) with c.
20     14     11         0.1500     2.7500     1733.3333  % 
LB close or above UB, fathomed
21     13     11         0.1500     2.7500     1733.3333  % 
LB close or above UB, fathomed
22     12     10         0.1500     2.7500     1733.3333  % 
LB close or above UB, fathomed
23     11     9          0.1500     2.7500     1733.3333  % 
UB: 2.75
branching on 2 with b.
24     12     10         0.1500     2.7500     1733.3333  % 
UB: 2.75
branching on 3 with b.
25     13     11         0.1500     2.7500     1733.3333  % 
LB close or above UB, fathomed
26     12     11         0.1500     2.7500     1733.3333  % 
UB: 2.75
branching on CartesianIndex(1, 4) with c.
27     13     10         0.1500     2.7500     1733.3333  % 
LB close or above UB, fathomed
28     12     7          0.1500     2.7500     1733.3333  % 
UB: 2.75
branching on 1 with b.
29     13     8          0.1500     2.7500     1733.3333  % 
LB close or above UB, fathomed
30     12     8          0.1500     2.7500     1733.3333  % 
UB: 2.75
branching on 2 with b.
31     13     9          0.1500     2.7500     1733.3333  % 
LB close or above UB, fathomed
32     12     9          0.1500     2.7500     1733.3333  % 
UB: 2.75
branching on CartesianIndex(1, 3) with a.
33     13     6          0.1500     2.7500     1733.3333  % 
LB close or above UB, fathomed
34     12     5          0.1500     2.7500     1733.3333  % 
UB: 2.75
branching on CartesianIndex(1, 2) with a.
35     13     6          0.1500     2.7500     1733.3333  % 
UB: 2.75
branching on 1 with b.
36     14     7          0.1500     2.7500     1733.3333  % 
LB close or above UB, fathomed
37     13     7          0.1500     2.7500     1733.3333  % 
UB: 2.75
branching on CartesianIndex(1, 3) with a.
38     14     8          0.1500     2.7500     1733.3333  % 
UB: 2.75
branching on CartesianIndex(1, 4) with c.
39     15     9          0.1500     2.7500     1733.3333  % 
LB close or above UB, fathomed
40     14     9          0.1500     2.7500     1733.3333  % 
UB: 2.75
branching on 1 with b.
41     15     10         0.1500     2.7500     1733.3333  % 
UB: 2.75
branching on CartesianIndex(1, 5) with c.
42     16     11         0.1500     2.7500     1733.3333  % 
UB: 2.75
branching on 2 with b.
43     17     12         0.1500     2.7500     1733.3333  % 
UB: 2.75
branching on CartesianIndex(2, 5) with c.
44     18     12         0.1500     2.7500     1733.3333  % 
UB: 2.75
branching on CartesianIndex(2, 5) with c.
45     19     13         0.1500     2.7500     1733.3333  % 
LB close or above UB, fathomed
46     18     13         0.1500     2.7500     1733.3333  % 
UB: 2.75
branching on 3 with b.
47     19     14         0.1500     2.7500     1733.3333  % 
UB: 2.75
branching on CartesianIndex(1, 6) with c.
48     20     15         0.1500     2.7500     1733.3333  % 
UB: 2.75
branching on CartesianIndex(2, 6) with c.
49     21     15         0.1500     2.7500     1733.3333  % 
LB close or above UB, fathomed
50     20     14         0.1500     2.7500     1733.3333  % 
UB: 2.75
branching on CartesianIndex(1, 6) with c.
51     21     11         0.1500     2.7500     1733.3333  % 
LB close or above UB, fathomed
52     20     10         0.1500     2.7500     1733.3333  % 
LB close or above UB, fathomed
53     19     8          0.1500     2.7500     1733.3333  % 
UB: 2.75
branching on CartesianIndex(1, 4) with c.
54     20     9          0.1500     2.7500     1733.3333  % 
LB close or above UB, fathomed
55     19     9          0.1500     2.7500     1733.3333  % 
UB: 2.75
branching on 1 with b.
56     20     10         0.1500     2.7500     1733.3333  % 
UB: 2.75
branching on CartesianIndex(1, 5) with c.
57     21     11         0.1500     2.7500     1733.3333  % 
UB: 2.75
branching on 2 with b.
58     22     12         0.1500     2.7500     1733.3333  % 
UB: 2.75
branching on 3 with b.
59     23     13         0.1500     2.7500     1733.3333  % 
LB close or above UB, fathomed
60     22     13         0.1500     2.7500     1733.3333  % 
UB: 2.75
branching on CartesianIndex(2, 5) with c.
61     23     14         0.1500     2.7500     1733.3333  % 
LB close or above UB, fathomed
62     22     14         0.1500     2.7500     1733.3333  % 
UB: 2.75
branching on CartesianIndex(1, 6) with c.
63     23     15         0.1500     2.7500     1733.3333  % 
UB: 2.75
branching on CartesianIndex(2, 6) with c.
64     24     16         0.1500     2.7500     1733.3333  % 
UB: 2.75
branching on CartesianIndex(1, 7) with c.
65     25     17         0.1500     2.7500     1733.3333  % 
UB: 2.75
branching on CartesianIndex(2, 7) with c.
66     26     18         0.1500     2.7500     1733.3333  % 
LB close or above UB, fathomed
67     25     18         0.1500     2.7500     1733.3333  % 
UB: 2.75
branching on 1 with b.
68     25     19         0.1500     2.7500     1733.3333  % 
UB: 2.75
branching on 2 with b.
69     26     20         0.1500     2.7500     1733.3333  % 
LB close or above UB, fathomed
70     25     20         0.1500     2.7500     1733.3333  % 
UB: 2.75
branching on 3 with b.
71     26     21         0.1500     2.7500     1733.3333  % 
LB close or above UB, fathomed
72     25     21         0.1500     2.7500     1733.3333  % 
LB close or above UB, fathomed
73     24     17         0.1500     2.7500     1733.3333  % 
LB close or above UB, fathomed
74     23     16         0.1500     2.7500     1733.3333  % 
LB close or above UB, fathomed
75     22     15         0.1500     2.7500     1733.3333  % 
LB close or above UB, fathomed
76     21     12         0.1500     2.7500     1733.3333  % 
UB: 2.75
branching on CartesianIndex(2, 5) with c.
77     22     13         0.1500     2.7500     1733.3333  % 
LB close or above UB, fathomed
78     21     13         0.1500     2.7500     1733.3333  % 
UB: 2.75
branching on 3 with b.
79     22     14         0.1500     2.7500     1733.3333  % 
LB close or above UB, fathomed
80     21     14         0.1500     2.7500     1733.3333  % 
UB: 2.75
branching on CartesianIndex(1, 6) with c.
81     22     15         0.1500     2.7500     1733.3333  % 
UB: 2.75
branching on 1 with b.
82     22     16         0.1500     2.7500     1733.3333  % 
UB: 2.75
branching on CartesianIndex(2, 6) with c.
83     23     15         0.1500     2.7500     1733.3333  % 
LB close or above UB, fathomed
84     22     11         0.1500     2.7500     1733.3333  % 
LB close or above UB, fathomed
85     21     10         0.1500     2.7500     1733.3333  % 
LB close or above UB, fathomed
86     20     6          0.1500     2.7500     1733.3333  % 
UB: 2.75
branching on 1 with b.
87     21     7          0.1500     2.7500     1733.3333  % 
LB close or above UB, fathomed
88     20     7          0.1500     2.7500     1733.3333  % 
UB: 2.75
branching on 1 with b.
89     21     8          0.1500     2.7500     1733.3333  % 
UB: 2.75
branching on CartesianIndex(1, 3) with a.
90     22     9          0.1500     2.7500     1733.3333  % 
UB: 2.75
branching on CartesianIndex(1, 4) with c.
91     23     10         0.1500     2.7500     1733.3333  % 
LB close or above UB, fathomed
92     22     10         0.1500     2.7500     1733.3333  % 
UB: 2.75
branching on CartesianIndex(1, 5) with c.
93     23     11         0.1500     2.7500     1733.3333  % 
UB: 2.75
branching on CartesianIndex(2, 5) with c.
94     24     12         0.1500     2.7500     1733.3333  % 
LB close or above UB, fathomed
95     23     12         0.1500     2.7500     1733.3333  % 
UB: 2.75
branching on 2 with b.
96     24     13         0.1500     2.7500     1733.3333  % 
UB: 2.75
branching on 3 with b.
97     25     14         0.1500     2.7500     1733.3333  % 
UB: 2.75
branching on CartesianIndex(1, 6) with c.
98     26     14         0.1500     2.7500     1733.3333  % 
LB close or above UB, fathomed
99     25     13         0.1500     2.7500     1733.3333  % 
LB close or above UB, fathomed
100    24     11         0.1500     2.7500     1733.3333  % 
LB close or above UB, fathomed
101    23     9          0.1500     2.7500     1733.3333  % 
UB: 2.75
branching on CartesianIndex(1, 4) with c.
102    24     10         0.1500     2.7500     1733.3333  % 
LB close or above UB, fathomed
103    23     10         0.1500     2.7500     1733.3333  % 
UB: 2.75
branching on 2 with b.
104    24     11         0.1500     2.7500     1733.3333  % 
UB: 2.75
branching on 3 with b.
105    25     12         0.1500     2.7500     1733.3333  % 
LB close or above UB, fathomed
106    24     12         0.1500     2.7500     1733.3333  % 
UB: 2.75
branching on 1 with b.
107    24     13         0.1500     2.7500     1733.3333  % 
UB: 2.75
branching on CartesianIndex(1, 5) with c.
108    25     14         0.1500     2.7500     1733.3333  % 
UB: 2.75
branching on 2 with b.
109    26     15         0.1500     2.7500     1733.3333  % 
UB: 2.75
branching on CartesianIndex(2, 5) with c.
110    27     16         0.1500     2.7500     1733.3333  % 
LB close or above UB, fathomed
111    26     16         0.1500     2.7500     1733.3333  % 
UB: 2.75
branching on 3 with b.
112    27     17         0.1500     2.7500     1733.3333  % 
UB: 2.75
branching on CartesianIndex(1, 6) with c.
113    28     18         0.1500     2.7500     1733.3333  % 
LB close or above UB, fathomed
114    27     18         0.1500     2.7500     1733.3333  % 
LB close or above UB, fathomed
115    26     17         0.1500     2.7500     1733.3333  % 
LB close or above UB, fathomed
116    25     15         0.1500     2.7500     1733.3333  % 
UB: 2.75
branching on CartesianIndex(2, 5) with c.
117    26     14         0.1500     2.7500     1733.3333  % 
LB close or above UB, fathomed
118    25     11         0.1500     2.7500     1733.3333  % 
LB close or above UB, fathomed
119    24     8          0.1500     2.7500     1733.3333  % 
LB close or above UB, fathomed
120    23     16         0.1500     2.7500     1733.3333  % 
LB close or above UB, fathomed
121    22     16         0.1500     2.7500     1733.3333  % 
UB: 2.75
branching on CartesianIndex(1, 7) with c.
122    23     17         0.1500     2.7500     1733.3333  % 
UB: 2.75
branching on CartesianIndex(2, 7) with c.
123    24     18         0.1500     2.7500     1733.3333  % 
UB: 2.75
branching on 1 with b.
124    24     19         0.1500     2.7500     1733.3333  % 
UB: 2.75
branching on 2 with b.
125    25     20         0.1500     2.7500     1733.3333  % 
UB: 2.75
branching on 3 with b.
126    26     21         0.1500     2.7500     1733.3333  % 
UB: 2.75
branching on 1 with b.
127    27     22         0.1500     2.7500     1733.3333  % 
LB close or above UB, fathomed
128    26     22         0.1500     2.7500     1733.3333  % 
LB close or above UB, fathomed
129    25     21         0.1500     2.7500     1733.3333  % 
UB: 2.75
branching on 1 with b.
130    26     22         0.1500     2.7500     1733.3333  % 
LB close or above UB, fathomed
131    25     22         0.1500     2.7500     1733.3333  % 
LB close or above UB, fathomed
132    24     20         0.1500     2.7500     1733.3333  % 
LB close or above UB, fathomed
133    23     18         0.1500     2.7500     1733.3333  % 
LB close or above UB, fathomed
134    22     17         0.1500     2.7500     1733.3333  % 
LB close or above UB, fathomed
135    21     10         0.1500     2.7500     1733.3333  % 
UB: 2.75
branching on 3 with b.
136    22     11         0.1500     2.7500     1733.3333  % 
LB close or above UB, fathomed
137    21     11         0.1500     2.7500     1733.3333  % 
UB: 2.75
branching on 1 with b.
138    21     12         0.1500     2.7500     1733.3333  % 
UB: 2.75
branching on 2 with b.
139    22     13         0.1500     2.7500     1733.3333  % 
UB: 2.75
branching on CartesianIndex(1, 4) with c.
140    23     14         0.1500     2.7500     1733.3333  % 
LB close or above UB, fathomed
141    22     14         0.1500     2.7500     1733.3333  % 
UB: 2.75
branching on 3 with b.
142    23     15         0.1500     2.7500     1733.3333  % 
LB close or above UB, fathomed
143    22     15         0.1500     2.7500     1733.3333  % 
LB close or above UB, fathomed
144    21     13         0.1500     2.7500     1733.3333  % 
LB close or above UB, fathomed
145    20     10         0.1500     2.7500     1733.3333  % 
UB: 2.75
branching on 3 with b.
146    21     11         0.1500     2.7500     1733.3333  % 
LB close or above UB, fathomed
147    20     11         0.1500     2.7500     1733.3333  % 
UB: 2.75
branching on CartesianIndex(1, 4) with c.
148    21     16         0.1500     2.7500     1733.3333  % 
LB close or above UB, fathomed
149    20     16         0.1500     2.7500     1733.3333  % 
UB: 2.75
branching on CartesianIndex(1, 6) with c.
150    21     17         0.1500     2.7500     1733.3333  % 
LB close or above UB, fathomed
151    20     17         0.1500     2.7500     1733.3333  % 
LB close or above UB, fathomed
152    19     17         0.1500     2.7500     1733.3333  % 
UB: 2.75
branching on 2 with b.
153    20     18         0.1500     2.7500     1733.3333  % 
UB: 2.75
branching on CartesianIndex(1, 7) with c.
154    21     19         0.1500     2.7500     1733.3333  % 
UB: 2.75
branching on 3 with b.
155    22     20         0.1500     2.7500     1733.3333  % 
UB: 2.75
branching on CartesianIndex(2, 7) with c.
156    23     20         0.1500     2.7500     1733.3333  % 
LB close or above UB, fathomed
157    22     19         0.1500     2.7500     1733.3333  % 
LB close or above UB, fathomed
158    21     18         0.1500     2.7500     1733.3333  % 
LB close or above UB, fathomed
159    20     17         0.1500     2.7500     1733.3333  % 
LB close or above UB, fathomed
160    19     13         0.1500     2.7500     1733.3333  % 
LB close or above UB, fathomed
161    18     13         0.1500     2.7500     1733.3333  % 
UB: 2.75
branching on CartesianIndex(1, 6) with c.
162    19     14         0.1500     2.7500     1733.3333  % 
UB: 2.75
branching on 3 with b.
163    20     15         0.1500     2.7500     1733.3333  % 
UB: 2.75
branching on CartesianIndex(2, 6) with c.
164    21     16         0.1500     2.7500     1733.3333  % 
LB close or above UB, fathomed
165    20     16         0.1500     2.7500     1733.3333  % 
UB: 2.75
branching on CartesianIndex(1, 7) with c.
166    21     15         0.1500     2.7500     1733.3333  % 
UB: 2.75
branching on CartesianIndex(2, 6) with c.
167    22     16         0.1500     2.7500     1733.3333  % 
LB close or above UB, fathomed
168    21     16         0.1500     2.7500     1733.3333  % 
LB close or above UB, fathomed
169    20     14         0.1500     2.7500     1733.3333  % 
LB close or above UB, fathomed
170    19     12         0.1500     2.7500     1733.3333  % 
UB: 2.75
branching on CartesianIndex(2, 4) with c.
171    20     12         0.1500     2.7500     1733.3333  % 
LB close or above UB, fathomed
172    19     13         0.1500     2.7500     1733.3333  % 
LB close or above UB, fathomed
173    18     13         0.1500     2.7500     1733.3333  % 
UB: 2.75
branching on CartesianIndex(1, 5) with c.
174    19     14         0.1500     2.7500     1733.3333  % 
LB close or above UB, fathomed
175    18     14         0.1500     2.7500     1733.3333  % 
UB: 2.75
branching on CartesianIndex(1, 6) with c.
176    19     15         0.1500     2.7500     1733.3333  % 
UB: 2.75
branching on CartesianIndex(2, 6) with c.
177    20     16         0.1500     2.7500     1733.3333  % 
LB close or above UB, fathomed
178    19     16         0.1500     2.7500     1733.3333  % 
UB: 2.75
branching on 1 with b.
179    19     17         0.1500     2.7500     1733.3333  % 
UB: 2.75
branching on 2 with b.
180    20     18         0.1500     2.7500     1733.3333  % 
UB: 2.75
branching on 3 with b.
181    21     19         0.1500     2.7500     1733.3333  % 
UB: 2.75
branching on 1 with b.
182    22     20         0.1500     2.7500     1733.3333  % 
LB close or above UB, fathomed
183    21     20         0.1500     2.7500     1733.3333  % 
LB close or above UB, fathomed
184    20     19         0.1500     2.7500     1733.3333  % 
LB close or above UB, fathomed
185    19     18         0.1500     2.7500     1733.3333  % 
LB close or above UB, fathomed
186    18     15         0.1500     2.7500     1733.3333  % 
LB close or above UB, fathomed
187    17     17         0.1500     2.7500     1733.3333  % 
UB: 2.75
branching on CartesianIndex(2, 7) with c.
188    18     18         0.1500     2.7500     1733.3333  % 
UB: 2.75
branching on 1 with b.
189    18     19         0.1500     2.7500     1733.3333  % 
UB: 2.75
branching on 2 with b.
190    19     20         0.1500     2.7500     1733.3333  % 
LB close or above UB, fathomed
191    18     20         0.1500     2.7500     1733.3333  % 
UB: 2.75
branching on 3 with b.
192    19     21         0.1500     2.7500     1733.3333  % 
UB: 2.75
branching on 1 with b.
193    20     22         0.1500     2.7500     1733.3333  % 
LB close or above UB, fathomed
194    19     22         0.1500     2.7500     1733.3333  % 
LB close or above UB, fathomed
195    18     21         0.1500     2.7500     1733.3333  % 
UB: 2.75
branching on 1 with b.
196    19     22         0.1500     2.7500     1733.3333  % 
LB close or above UB, fathomed
197    18     22         0.1500     2.7500     1733.3333  % 
LB close or above UB, fathomed
198    17     18         0.1500     2.7500     1733.3333  % 
LB close or above UB, fathomed
199    16     17         0.1500     2.7500     1733.3333  % 
LB close or above UB, fathomed
200    15     12         0.1500     2.7500     1733.3333  % 
LB close or above UB, fathomed
201    14     12         0.1500     2.7500     1733.3333  % 
UB: 2.75
branching on CartesianIndex(1, 5) with c.
202    15     13         0.1500     2.7500     1733.3333  % 
UB: 2.75
branching on 1 with b.
203    15     14         0.1500     2.7500     1733.3333  % 
UB: 2.75
branching on CartesianIndex(2, 5) with c.
204    16     15         0.1500     2.7500     1733.3333  % 
LB close or above UB, fathomed
205    15     15         0.1500     2.7500     1733.3333  % 
UB: 2.75
branching on CartesianIndex(1, 6) with c.
206    16     16         0.1500     2.7500     1733.3333  % 
UB: 2.75
branching on CartesianIndex(2, 6) with c.
207    17     17         0.1500     2.7500     1733.3333  % 
LB close or above UB, fathomed
208    16     17         0.1500     2.7500     1733.3333  % 
UB: 2.75
branching on CartesianIndex(1, 7) with c.
209    17     18         0.1500     2.7500     1733.3333  % 
UB: 2.75
branching on CartesianIndex(2, 7) with c.
210    18     19         0.1500     2.7500     1733.3333  % 
UB: 2.75
branching on 2 with b.
211    19     20         0.1500     2.7500     1733.3333  % 
UB: 2.75
branching on 3 with b.
212    20     21         0.1500     2.7500     1733.3333  % 
UB: 2.75
branching on 1 with b.
213    21     22         0.1500     2.7500     1733.3333  % 
LB close or above UB, fathomed
214    20     22         0.1500     2.7500     1733.3333  % 
LB close or above UB, fathomed
215    19     21         0.1500     2.7500     1733.3333  % 
LB close or above UB, fathomed
216    18     20         0.1500     2.7500     1733.3333  % 
LB close or above UB, fathomed
217    17     19         0.1500     2.7500     1733.3333  % 
LB close or above UB, fathomed
218    16     18         0.1500     2.7500     1733.3333  % 
LB close or above UB, fathomed
219    15     16         0.1500     2.7500     1733.3333  % 
LB close or above UB, fathomed
220    14     13         0.1500     2.7500     1733.3333  % 
LB close or above UB, fathomed
221    13     15         0.1500     2.7500     1733.3333  % 
LB close or above UB, fathomed
222    12     15         0.1500     2.7500     1733.3333  % 
LB close or above UB, fathomed
223    11     6          2.7000     2.7500     1.8519     % 
LB close or above UB, fathomed
224    10     6          2.7000     2.7500     1.8519     % 
UB: 2.75
branching on CartesianIndex(1, 2) with a.
225    11     7          2.7000     2.7500     1.8519     % 
UB: 2.75
branching on CartesianIndex(1, 4) with c.
226    12     8          2.7000     2.7500     1.8519     % 
LB close or above UB, fathomed
227    11     8          2.7000     2.7500     1.8519     % 
UB: 2.75
branching on CartesianIndex(1, 5) with c.
228    12     9          2.7000     2.7500     1.8519     % 
UB: 2.75
branching on CartesianIndex(2, 5) with c.
229    13     10         2.7000     2.7500     1.8519     % 
LB close or above UB, fathomed
230    12     10         2.7000     2.7500     1.8519     % 
UB: 2.75
branching on 1 with b.
231    13     11         2.7000     2.7500     1.8519     % 
UB: 2.75
branching on 2 with b.
232    14     12         2.7000     2.7500     1.8519     % 
UB: 2.75
branching on CartesianIndex(1, 7) with c.
233    15     13         2.7000     2.7500     1.8519     % 
UB: 2.75
branching on 1 with b.
234    15     14         2.7000     2.7500     1.8519     % 
UB: 2.75
branching on 2 with b.
235    16     15         2.7000     2.7500     1.8519     % 
LB close or above UB, fathomed
236    15     15         2.7000     2.7500     1.8519     % 
UB: 2.75
branching on CartesianIndex(2, 7) with c.
237    16     16         2.7000     2.7500     1.8519     % 
UB: 2.75
branching on 1 with b.
238    17     17         2.7000     2.7500     1.8519     % 
LB close or above UB, fathomed
239    16     17         2.7000     2.7500     1.8519     % 
LB close or above UB, fathomed
240    15     16         2.7000     2.7500     1.8519     % 
LB close or above UB, fathomed
241    14     13         2.7000     2.7500     1.8519     % 
LB close or above UB, fathomed
242    13     12         2.7000     2.7500     1.8519     % 
UB: 2.75
branching on CartesianIndex(1, 7) with c.
243    14     13         2.7000     2.7500     1.8519     % 
UB: 2.75
branching on CartesianIndex(2, 7) with c.
244    15     14         2.7000     2.7500     1.8519     % 
UB: 2.75
branching on 1 with b.
245    15     15         2.7000     2.7500     1.8519     % 
UB: 2.75
branching on 2 with b.
246    16     16         2.7000     2.7500     1.8519     % 
UB: 2.75
branching on 1 with b.
247    17     17         2.7000     2.7500     1.8519     % 
LB close or above UB, fathomed
248    16     17         2.7000     2.7500     1.8519     % 
LB close or above UB, fathomed
249    15     16         2.7000     2.7500     1.8519     % 
LB close or above UB, fathomed
250    14     14         2.7000     2.7500     1.8519     % 
LB close or above UB, fathomed
251    13     13         2.7000     2.7500     1.8519     % 
LB close or above UB, fathomed
252    12     11         2.7000     2.7500     1.8519     % 
LB close or above UB, fathomed
253    11     9          2.7000     2.7500     1.8519     % 
LB close or above UB, fathomed
254    10     7          2.7000     2.7500     1.8519     % 
LB close or above UB, fathomed
255    9      6          2.7000     2.7500     1.8519     % 
LB close or above UB, fathomed
256    8      6          2.7000     2.7500     1.8519     % 
UB: 2.75
branching on 1 with b.
257    9      7          2.7000     2.7500     1.8519     % 
LB close or above UB, fathomed
258    8      7          2.7000     2.7500     1.8519     % 
UB: 2.75
branching on CartesianIndex(1, 4) with c.
259    9      6          2.7000     2.7500     1.8519     % 
UB: 2.75
branching on CartesianIndex(1, 3) with a.
260    10     6          2.7000     2.7500     1.8519     % 
LB close or above UB, fathomed
261    9      6          2.7000     2.7500     1.8519     % 
LB close or above UB, fathomed
262    8      6          2.7000     2.7500     1.8519     % 
UB: 2.75
branching on 1 with b.
263    9      7          2.7000     2.7500     1.8519     % 
UB: 2.75
branching on CartesianIndex(1, 5) with c.
264    10     8          2.7000     2.7500     1.8519     % 
LB close or above UB, fathomed
265    9      8          2.7000     2.7500     1.8519     % 
UB: 2.75
branching on CartesianIndex(1, 6) with c.
266    10     9          2.7000     2.7500     1.8519     % 
UB: 2.75
branching on CartesianIndex(2, 6) with c.
267    11     10         2.7000     2.7500     1.8519     % 
LB close or above UB, fathomed
268    10     10         2.7000     2.7500     1.8519     % 
UB: 2.75
branching on 1 with b.
269    11     11         2.7000     2.7500     1.8519     % 
LB close or above UB, fathomed
270    10     11         2.7000     2.7500     1.8519     % 
UB: 2.75
branching on CartesianIndex(1, 7) with c.
271    11     12         2.7000     2.7500     1.8519     % 
UB: 2.75
branching on CartesianIndex(2, 7) with c.
272    12     13         2.7000     2.7500     1.8519     % 
UB: 2.75
branching on 3 with b.
273    13     14         2.7000     2.7500     1.8519     % 
LB close or above UB, fathomed
274    12     14         2.7000     2.7500     1.8519     % 
UB: 2.75
branching on 1 with b.
275    12     15         2.7000     2.7500     1.8519     % 
UB: 2.75
branching on 3 with b.
276    13     16         2.7000     2.7500     1.8519     % 
UB: 2.75
branching on 1 with b.
277    14     17         2.7000     2.7500     1.8519     % 
LB close or above UB, fathomed
278    13     17         2.7000     2.7500     1.8519     % 
LB close or above UB, fathomed
279    12     16         2.7000     2.7500     1.8519     % 
LB close or above UB, fathomed
280    11     13         2.7000     2.7500     1.8519     % 
LB close or above UB, fathomed
281    10     12         2.7000     2.7500     1.8519     % 
LB close or above UB, fathomed
282    9      9          2.7000     2.7500     1.8519     % 
LB close or above UB, fathomed
283    8      7          2.7000     2.7500     1.8519     % 
LB close or above UB, fathomed
284    7      7          2.7000     2.7500     1.8519     % 
UB: 2.75
branching on CartesianIndex(1, 5) with c.
285    8      8          2.7000     2.7500     1.8519     % 
LB close or above UB, fathomed
286    7      8          2.7000     2.7500     1.8519     % 
UB: 2.75
branching on 1 with b.
287    8      9          2.7000     2.7500     1.8519     % 
UB: 2.75
branching on CartesianIndex(1, 6) with c.
288    9      10         2.7000     2.7500     1.8519     % 
LB close or above UB, fathomed
289    8      10         2.7000     2.7500     1.8519     % 
LB close or above UB, fathomed
290    7      9          2.7000     2.7500     1.8519     % 
UB: 2.75
branching on CartesianIndex(1, 6) with c.
291    8      10         2.7000     2.7500     1.8519     % 
LB close or above UB, fathomed
292    7      10         2.7000     2.7500     1.8519     % 
LB close or above UB, fathomed
293    6      7          2.7000     2.7500     1.8519     % 
LB close or above UB, fathomed
294    5      8          2.7000     2.7500     1.8519     % 
LB close or above UB, fathomed
295    4      8          2.7000     2.7500     1.8519     % 
UB: 2.75
branching on 1 with b.
296    5      9          2.7000     2.7500     1.8519     % 
UB: 2.75
branching on CartesianIndex(1, 5) with c.
297    6      10         2.7000     2.7500     1.8519     % 
UB: 2.75
branching on 2 with b.
298    7      11         2.7000     2.7500     1.8519     % 
LB close or above UB, fathomed
299    6      11         2.7000     2.7500     1.8519     % 
LB close or above UB, fathomed
300    5      10         2.7000     2.7500     1.8519     % 
LB close or above UB, fathomed
301    4      9          2.7000     2.7500     1.8519     % 
LB close or above UB, fathomed
302    3      21         2.7167     2.7500     1.2270     % 
LB close or above UB, fathomed
303    2      21         2.7167     2.7500     1.2270     % 
LB close or above UB, fathomed
304    1      15         2.7167     2.7500     1.2270     % 
UB: 2.75
branching on CartesianIndex(2, 6) with c.
305    2      16         2.7167     2.7500     1.2270     % 
LB close or above UB, fathomed
306    1      16         2.7167     2.7500     1.2270     % 
LB close or above UB, fathomed
307    0      15         2.7167     2.7500     1.2270     % 
LB close or above UB, fathomed
all node solved
solved nodes:  308
308                                                   2.7333e+00     2.7500e+00     0.6098  % 
2×3 Matrix{Float64}:
 1.0  0.0  0.0
 0.0  0.0  1.0
3-element Vector{Float64}:
 0.2646221733887428
 0.0
 0.12059753917785102
3×7 Matrix{Float64}:
 0.0  0.0  0.0  0.0  1.0  1.0  0.0
 0.0  0.0  0.0  0.0  0.0  0.0  1.0
 0.0  0.0  0.0  0.0  0.0  0.0  0.0
3-element Vector{Float64}:
 1.0
 0.0
 1.0
2×3 Matrix{Float64}:
 1.0  -0.0  -0.0
 0.0   1.0   1.0
3-element Vector{Float64}:
 0.6690125605528969
 0.34521262317085544
 0.24640025324693604
3×7 Matrix{Float64}:
 0.0  0.0  0.0   1.0   0.0   1.0  0.0
 0.0  0.0  0.0   0.0   1.0   0.0  0.0
 0.0  0.0  0.0  -0.0  -0.0  -0.0  1.0
3-element Vector{Float64}:
 1.0
 1.0
 1.0
comparison (CRT and Glb)on prediction: Dict{Bool, Int64}(0 => 2, 1 => 2)
Dataname	 time	 objv	 lb	 gap	 train_w	 train_g	 test_w	 test_g
small_toy_145.small_toy	 57.36	 2.75	 2.733	 0.0061	 66.667	 88.889	 50.0	 50.0
