Running 2 processes.
Start training small_toy_403.small_toy with seed 1.
Any[]
(2, 13)
(2, 6)
(2, 3)
(2, 4)
dimension: 2, class: 3
cart cost: 2.7000000000000006
size of X: (2, 9)
ngroups: 2
UB: 2.6999999999999993
Iter	left	lev	LB	UB	gap	
0      0      1          0.1000     2.7000     2600.0000  % 
UB: 2.6999999999999993
branching on 1 with d.
1      1      2          0.1000     2.7000     2600.0000  % 
LB close or above UB, fathomed
2      0      2          0.1000     2.7000     2600.0000  % 
UB: 2.6999999999999993
branching on 2 with d.
3      1      3          0.1000     2.7000     2600.0000  % 
UB: 2.6999999999999993
branching on 3 with d.
4      2      4          0.1000     2.7000     2600.0000  % 
LB close or above UB, fathomed
5      1      4          0.1000     2.7000     2600.0000  % 
UB: 2.6999999999999993
branching on CartesianIndex(1, 1) with a.
6      2      5          0.1000     2.7000     2600.0000  % 
UB: 2.6999999999999993
branching on CartesianIndex(1, 3) with a.
7      3      6          0.1000     2.7000     2600.0000  % 
UB: 2.6999999999999993
branching on 1 with b.
8      4      7          0.1000     2.7000     2600.0000  % 
UB: 2.6999999999999993
branching on CartesianIndex(1, 5) with c.
9      5      8          0.1000     2.7000     2600.0000  % 
LB close or above UB, fathomed
10     4      8          0.1000     2.7000     2600.0000  % 
UB: 2.6999999999999993
branching on CartesianIndex(1, 6) with c.
11     5      9          0.1000     2.7000     2600.0000  % 
UB: 2.6999999999999993
branching on 1 with b.
12     6      10         0.1000     2.7000     2600.0000  % 
LB close or above UB, fathomed
13     5      10         0.1000     2.7000     2600.0000  % 
UB: 2.6999999999999993
branching on 3 with b.
14     6      11         0.1000     2.7000     2600.0000  % 
LB close or above UB, fathomed
15     5      11         0.1000     2.7000     2600.0000  % 
LB close or above UB, fathomed
16     4      9          0.1000     2.7000     2600.0000  % 
LB close or above UB, fathomed
17     3      7          0.1000     2.7000     2600.0000  % 
LB close or above UB, fathomed
18     2      6          0.1000     2.7000     2600.0000  % 
UB: 2.6999999999999993
branching on 1 with b.
19     3      7          0.1000     2.7000     2600.0000  % 
UB: 2.6999999999999993
branching on CartesianIndex(1, 5) with c.
20     4      7          0.1000     2.7000     2600.0000  % 
LB close or above UB, fathomed
21     3      5          0.1000     2.7000     2600.0000  % 
LB close or above UB, fathomed
22     2      3          0.1000     2.7000     2600.0000  % 
UB: 2.6999999999999993
branching on 3 with d.
23     3      4          0.1000     2.7000     2600.0000  % 
UB: 2.6999999999999993
branching on 1 with b.
24     4      5          0.1000     2.7000     2600.0000  % 
LB close or above UB, fathomed
25     3      5          0.1000     2.7000     2600.0000  % 
UB: 2.6999999999999993
branching on 1 with b.
26     4      6          0.1000     2.7000     2600.0000  % 
UB: 2.6999999999999993
branching on CartesianIndex(1, 1) with a.
27     5      7          0.1000     2.7000     2600.0000  % 
LB close or above UB, fathomed
28     4      7          0.1000     2.7000     2600.0000  % 
UB: 2.6999999999999993
branching on 2 with b.
29     5      8          0.1000     2.7000     2600.0000  % 
UB: 2.6999999999999993
branching on CartesianIndex(1, 2) with a.
30     6      9          0.1000     2.7000     2600.0000  % 
UB: 2.6999999999999993
branching on CartesianIndex(1, 4) with c.
31     7      10         0.1000     2.7000     2600.0000  % 
LB close or above UB, fathomed
32     6      10         0.1000     2.7000     2600.0000  % 
UB: 2.6999999999999993
branching on CartesianIndex(1, 5) with c.
33     7      11         0.1000     2.7000     2600.0000  % 
UB: 2.6999999999999993
branching on CartesianIndex(2, 5) with c.
34     8      12         0.1000     2.7000     2600.0000  % 
LB close or above UB, fathomed
35     7      12         0.1000     2.7000     2600.0000  % 
UB: 2.6999999999999993
branching on 1 with b.
36     8      13         0.1000     2.7000     2600.0000  % 
LB close or above UB, fathomed
37     7      13         0.1000     2.7000     2600.0000  % 
LB close or above UB, fathomed
38     6      11         0.1000     2.7000     2600.0000  % 
LB close or above UB, fathomed
39     5      9          0.1000     2.7000     2600.0000  % 
LB close or above UB, fathomed
40     4      8          0.1000     2.7000     2600.0000  % 
LB close or above UB, fathomed
41     3      6          0.1000     2.7000     2600.0000  % 
LB close or above UB, fathomed
42     2      4          0.1000     2.7000     2600.0000  % 
UB: 2.6999999999999993
branching on 1 with b.
43     3      8          0.1000     2.7000     2600.0000  % 
LB close or above UB, fathomed
44     2      8          0.1000     2.7000     2600.0000  % 
UB: 2.6999999999999993
branching on CartesianIndex(1, 6) with c.
45     3      9          0.1000     2.7000     2600.0000  % 
UB: 2.6999999999999993
branching on 1 with b.
46     4      10         0.1000     2.7000     2600.0000  % 
LB close or above UB, fathomed
47     3      10         0.1000     2.7000     2600.0000  % 
UB: 2.6999999999999993
branching on 3 with b.
48     4      11         0.1000     2.7000     2600.0000  % 
LB close or above UB, fathomed
49     3      11         0.1000     2.7000     2600.0000  % 
UB: 2.6999999999999993
branching on CartesianIndex(2, 6) with c.
50     4      12         0.1000     2.7000     2600.0000  % 
LB close or above UB, fathomed
51     3      12         0.1000     2.7000     2600.0000  % 
UB: 2.6999999999999993
branching on CartesianIndex(1, 7) with c.
52     4      13         0.1000     2.7000     2600.0000  % 
UB: 2.6999999999999993
branching on CartesianIndex(2, 7) with c.
53     5      14         0.1000     2.7000     2600.0000  % 
UB: 2.6999999999999993
branching on 1 with b.
54     6      15         0.1000     2.7000     2600.0000  % 
UB: 2.6999999999999993
branching on 3 with b.
55     7      16         0.1000     2.7000     2600.0000  % 
UB: 2.6999999999999993
branching on 1 with b.
56     7      17         0.1000     2.7000     2600.0000  % 
UB: 2.6999999999999993
branching on 3 with b.
57     8      18         0.1000     2.7000     2600.0000  % 
LB close or above UB, fathomed
58     7      18         0.1000     2.7000     2600.0000  % 
LB close or above UB, fathomed
59     6      16         0.1000     2.7000     2600.0000  % 
LB close or above UB, fathomed
60     5      15         0.1000     2.7000     2600.0000  % 
UB: 2.6999999999999993
branching on 3 with b.
61     6      16         0.1000     2.7000     2600.0000  % 
UB: 2.6999999999999993
branching on 1 with b.
62     6      17         0.1000     2.7000     2600.0000  % 
UB: 2.6999999999999993
branching on 3 with b.
63     7      18         0.1000     2.7000     2600.0000  % 
LB close or above UB, fathomed
64     6      18         0.1000     2.7000     2600.0000  % 
LB close or above UB, fathomed
65     5      16         0.1000     2.7000     2600.0000  % 
LB close or above UB, fathomed
66     4      14         0.1000     2.7000     2600.0000  % 
LB close or above UB, fathomed
67     3      13         0.1000     2.7000     2600.0000  % 
LB close or above UB, fathomed
68     2      9          0.1000     2.7000     2600.0000  % 
LB close or above UB, fathomed
69     1      5          0.1500     2.7000     1700.0000  % 
UB: 2.6999999999999993
branching on 1 with b.
70     2      6          0.1500     2.7000     1700.0000  % 
UB: 2.6999999999999993
branching on CartesianIndex(1, 1) with a.
71     3      7          0.1500     2.7000     1700.0000  % 
LB close or above UB, fathomed
72     2      7          0.1500     2.7000     1700.0000  % 
LB close or above UB, fathomed
73     1      6          0.1500     2.7000     1700.0000  % 
UB: 2.6999999999999993
branching on CartesianIndex(1, 1) with a.
74     2      7          0.1500     2.7000     1700.0000  % 
UB: 2.6999999999999993
branching on 2 with b.
75     3      8          0.1500     2.7000     1700.0000  % 
UB: 2.6999999999999993
branching on CartesianIndex(1, 2) with a.
76     4      9          0.1500     2.7000     1700.0000  % 
UB: 2.6999999999999993
branching on CartesianIndex(1, 3) with a.
77     5      10         0.1500     2.7000     1700.0000  % 
UB: 2.6999999999999993
branching on 3 with b.
78     6      11         0.1500     2.7000     1700.0000  % 
LB close or above UB, fathomed
79     5      11         0.1500     2.7000     1700.0000  % 
UB: 2.6999999999999993
branching on CartesianIndex(1, 4) with c.
80     6      12         0.1500     2.7000     1700.0000  % 
LB close or above UB, fathomed
81     5      12         0.1500     2.7000     1700.0000  % 
UB: 2.6999999999999993
branching on 1 with b.
82     6      13         0.1500     2.7000     1700.0000  % 
LB close or above UB, fathomed
83     5      13         0.1500     2.7000     1700.0000  % 
UB: 2.6999999999999993
branching on CartesianIndex(1, 5) with c.
84     6      14         0.1500     2.7000     1700.0000  % 
UB: 2.6999999999999993
branching on CartesianIndex(2, 5) with c.
85     7      15         0.1500     2.7000     1700.0000  % 
UB: 2.6999999999999993
branching on CartesianIndex(1, 6) with c.
86     8      16         0.1500     2.7000     1700.0000  % 
UB: 2.6999999999999993
branching on CartesianIndex(2, 6) with c.
87     9      17         0.1500     2.7000     1700.0000  % 
LB close or above UB, fathomed
88     8      17         0.1500     2.7000     1700.0000  % 
UB: 2.6999999999999993
branching on 2 with b.
89     9      18         0.1500     2.7000     1700.0000  % 
LB close or above UB, fathomed
90     8      18         0.1500     2.7000     1700.0000  % 
UB: 2.6999999999999993
branching on CartesianIndex(1, 7) with c.
91     9      19         0.1500     2.7000     1700.0000  % 
UB: 2.6999999999999993
branching on 3 with b.
92     10     20         0.1500     2.7000     1700.0000  % 
UB: 2.6999999999999993
branching on CartesianIndex(2, 7) with c.
93     11     21         0.1500     2.7000     1700.0000  % 
UB: 2.6999999999999993
branching on 1 with b.
94     11     22         0.1500     2.7000     1700.0000  % 
UB: 2.6999999999999993
branching on 2 with b.
95     12     23         0.1500     2.7000     1700.0000  % 
UB: 2.6999999999999993
branching on 3 with b.
96     13     24         0.1500     2.7000     1700.0000  % 
LB close or above UB, fathomed
97     12     24         0.1500     2.7000     1700.0000  % 
LB close or above UB, fathomed
98     11     23         0.1500     2.7000     1700.0000  % 
UB: 2.6999999999999993
branching on 3 with b.
99     12     21         0.1500     2.7000     1700.0000  % 
LB close or above UB, fathomed
100    11     20         0.1500     2.7000     1700.0000  % 
LB close or above UB, fathomed
101    10     19         0.1500     2.7000     1700.0000  % 
LB close or above UB, fathomed
102    9      16         0.1500     2.7000     1700.0000  % 
LB close or above UB, fathomed
103    8      15         0.1500     2.7000     1700.0000  % 
LB close or above UB, fathomed
104    7      14         0.1500     2.7000     1700.0000  % 
LB close or above UB, fathomed
105    6      10         0.1500     2.7000     1700.0000  % 
UB: 2.6999999999999993
branching on 3 with b.
106    7      11         0.1500     2.7000     1700.0000  % 
LB close or above UB, fathomed
107    6      11         0.1500     2.7000     1700.0000  % 
UB: 2.6999999999999993
branching on CartesianIndex(1, 4) with c.
108    7      9          0.1500     2.7000     1700.0000  % 
UB: 2.6999999999999993
branching on 3 with b.
109    8      8          0.1500     2.7000     1700.0000  % 
UB: 2.6999999999999993
branching on CartesianIndex(1, 2) with a.
110    9      9          0.1500     2.7000     1700.0000  % 
UB: 2.6999999999999993
branching on CartesianIndex(1, 3) with a.
111    10     9          0.1500     2.7000     1700.0000  % 
UB: 2.6999999999999993
branching on 3 with b.
112    11     10         0.1500     2.7000     1700.0000  % 
LB close or above UB, fathomed
113    10     10         0.1500     2.7000     1700.0000  % 
UB: 2.6999999999999993
branching on CartesianIndex(1, 3) with a.
114    11     7          0.1500     2.7000     1700.0000  % 
LB close or above UB, fathomed
115    10     5          0.1500     2.7000     1700.0000  % 
UB: 2.6999999999999993
branching on 1 with b.
116    11     6          0.1500     2.7000     1700.0000  % 
UB: 2.6999999999999993
branching on 2 with b.
117    12     7          0.1500     2.7000     1700.0000  % 
UB: 2.6999999999999993
branching on CartesianIndex(1, 1) with a.
118    13     8          0.1500     2.7000     1700.0000  % 
LB close or above UB, fathomed
119    12     8          0.1500     2.7000     1700.0000  % 
UB: 2.6999999999999993
branching on 3 with b.
120    13     9          0.1500     2.7000     1700.0000  % 
UB: 2.6999999999999993
branching on CartesianIndex(1, 2) with a.
121    14     10         0.1500     2.7000     1700.0000  % 
UB: 2.6999999999999993
branching on CartesianIndex(1, 3) with a.
122    15     10         0.1500     2.7000     1700.0000  % 
LB close or above UB, fathomed
123    14     9          0.1500     2.7000     1700.0000  % 
UB: 2.6999999999999993
branching on CartesianIndex(1, 2) with a.
124    15     10         0.1500     2.7000     1700.0000  % 
UB: 2.6999999999999993
branching on CartesianIndex(1, 3) with a.
125    16     10         0.1500     2.7000     1700.0000  % 
LB close or above UB, fathomed
126    15     7          0.1500     2.7000     1700.0000  % 
UB: 2.6999999999999993
branching on CartesianIndex(1, 1) with a.
127    16     6          0.1500     2.7000     1700.0000  % 
LB close or above UB, fathomed
128    15     11         0.1500     2.7000     1700.0000  % 
UB: 2.6999999999999993
branching on 1 with b.
129    16     12         0.1500     2.7000     1700.0000  % 
LB close or above UB, fathomed
130    15     12         0.1500     2.7000     1700.0000  % 
UB: 2.6999999999999993
branching on CartesianIndex(1, 4) with c.
131    16     11         0.1500     2.7000     1700.0000  % 
UB: 2.6999999999999993
branching on 1 with b.
132    17     10         0.1500     2.7000     1700.0000  % 
LB close or above UB, fathomed
133    16     10         0.1500     2.7000     1700.0000  % 
UB: 2.6999999999999993
branching on 1 with b.
134    17     11         0.1500     2.7000     1700.0000  % 
UB: 2.6999999999999993
branching on CartesianIndex(1, 3) with a.
135    18     12         0.1500     2.7000     1700.0000  % 
LB close or above UB, fathomed
136    17     12         0.1500     2.7000     1700.0000  % 
UB: 2.6999999999999993
branching on 2 with b.
137    18     11         0.1500     2.7000     1700.0000  % 
UB: 2.6999999999999993
branching on 2 with b.
138    19     12         0.1500     2.7000     1700.0000  % 
UB: 2.6999999999999993
branching on 3 with b.
139    20     13         0.1500     2.7000     1700.0000  % 
UB: 2.6999999999999993
branching on CartesianIndex(1, 3) with a.
140    21     14         0.1500     2.7000     1700.0000  % 
LB close or above UB, fathomed
141    20     14         0.1500     2.7000     1700.0000  % 
UB: 2.6999999999999993
branching on CartesianIndex(1, 4) with c.
142    21     15         0.1500     2.7000     1700.0000  % 
UB: 2.6999999999999993
branching on CartesianIndex(2, 4) with c.
143    22     15         0.1500     2.7000     1700.0000  % 
UB: 2.6999999999999993
branching on 1 with b.
144    22     16         0.1500     2.7000     1700.0000  % 
UB: 2.6999999999999993
branching on CartesianIndex(1, 5) with c.
145    23     17         0.1500     2.7000     1700.0000  % 
LB close or above UB, fathomed
146    22     17         0.1500     2.7000     1700.0000  % 
UB: 2.6999999999999993
branching on CartesianIndex(1, 6) with c.
147    23     18         0.1500     2.7000     1700.0000  % 
UB: 2.6999999999999993
branching on CartesianIndex(2, 6) with c.
148    24     19         0.1500     2.7000     1700.0000  % 
LB close or above UB, fathomed
149    23     19         0.1500     2.7000     1700.0000  % 
UB: 2.6999999999999993
branching on CartesianIndex(1, 7) with c.
150    24     20         0.1500     2.7000     1700.0000  % 
UB: 2.6999999999999993
branching on CartesianIndex(2, 7) with c.
151    25     21         0.1500     2.7000     1700.0000  % 
UB: 2.6999999999999993
branching on 2 with b.
152    25     22         0.1500     2.7000     1700.0000  % 
UB: 2.6999999999999993
branching on 3 with b.
153    26     23         0.1500     2.7000     1700.0000  % 
LB close or above UB, fathomed
154    25     23         0.1500     2.7000     1700.0000  % 
LB close or above UB, fathomed
155    24     21         0.1500     2.7000     1700.0000  % 
LB close or above UB, fathomed
156    23     20         0.1500     2.7000     1700.0000  % 
LB close or above UB, fathomed
157    22     18         0.1500     2.7000     1700.0000  % 
LB close or above UB, fathomed
158    21     13         0.1500     2.7000     1700.0000  % 
LB close or above UB, fathomed
159    20     12         0.1500     2.7000     1700.0000  % 
UB: 2.6999999999999993
branching on CartesianIndex(1, 3) with a.
160    21     11         0.1500     2.7000     1700.0000  % 
UB: 2.6999999999999993
branching on CartesianIndex(1, 4) with c.
161    22     11         0.1500     2.7000     1700.0000  % 
UB: 2.6999999999999993
branching on CartesianIndex(1, 4) with c.
162    23     24         0.1500     2.7000     1700.0000  % 
LB close or above UB, fathomed
163    22     24         0.1500     2.7000     1700.0000  % 
LB close or above UB, fathomed
164    21     12         0.1500     2.7000     1700.0000  % 
LB close or above UB, fathomed
165    20     12         0.1500     2.7000     1700.0000  % 
UB: 2.6999999999999993
branching on CartesianIndex(1, 5) with c.
166    21     13         0.1500     2.7000     1700.0000  % 
UB: 2.6999999999999993
branching on CartesianIndex(2, 5) with c.
167    22     14         0.1500     2.7000     1700.0000  % 
LB close or above UB, fathomed
168    21     14         0.1500     2.7000     1700.0000  % 
UB: 2.6999999999999993
branching on CartesianIndex(1, 6) with c.
169    22     15         0.1500     2.7000     1700.0000  % 
UB: 2.6999999999999993
branching on CartesianIndex(2, 6) with c.
170    23     16         0.1500     2.7000     1700.0000  % 
UB: 2.6999999999999993
branching on CartesianIndex(1, 7) with c.
171    24     17         0.1500     2.7000     1700.0000  % 
UB: 2.6999999999999993
branching on CartesianIndex(2, 7) with c.
172    25     18         0.1500     2.7000     1700.0000  % 
UB: 2.6999999999999993
branching on 1 with b.
173    26     19         0.1500     2.7000     1700.0000  % 
LB close or above UB, fathomed
174    25     19         0.1500     2.7000     1700.0000  % 
LB close or above UB, fathomed
175    24     18         0.1500     2.7000     1700.0000  % 
LB close or above UB, fathomed
176    23     17         0.1500     2.7000     1700.0000  % 
LB close or above UB, fathomed
177    22     16         0.1500     2.7000     1700.0000  % 
UB: 2.6999999999999993
branching on CartesianIndex(1, 7) with c.
178    23     17         0.1500     2.7000     1700.0000  % 
UB: 2.6999999999999993
branching on 1 with b.
179    24     18         0.1500     2.7000     1700.0000  % 
LB close or above UB, fathomed
180    23     18         0.1500     2.7000     1700.0000  % 
LB close or above UB, fathomed
181    22     17         0.1500     2.7000     1700.0000  % 
LB close or above UB, fathomed
182    21     15         0.1500     2.7000     1700.0000  % 
UB: 2.6999999999999993
branching on CartesianIndex(1, 7) with c.
183    22     16         0.1500     2.7000     1700.0000  % 
UB: 2.6999999999999993
branching on 1 with b.
184    23     17         0.1500     2.7000     1700.0000  % 
LB close or above UB, fathomed
185    22     17         0.1500     2.7000     1700.0000  % 
LB close or above UB, fathomed
186    21     16         0.1500     2.7000     1700.0000  % 
LB close or above UB, fathomed
187    20     13         0.1500     2.7000     1700.0000  % 
LB close or above UB, fathomed
188    19     12         0.1500     2.7000     1700.0000  % 
LB close or above UB, fathomed
189    18     12         0.1500     2.7000     1700.0000  % 
UB: 2.6999999999999993
branching on CartesianIndex(1, 5) with c.
190    19     13         0.1500     2.7000     1700.0000  % 
UB: 2.6999999999999993
branching on CartesianIndex(2, 5) with c.
191    20     14         0.1500     2.7000     1700.0000  % 
LB close or above UB, fathomed
192    19     14         0.1500     2.7000     1700.0000  % 
UB: 2.6999999999999993
branching on CartesianIndex(1, 6) with c.
193    20     15         0.1500     2.7000     1700.0000  % 
UB: 2.6999999999999993
branching on CartesianIndex(2, 6) with c.
194    21     16         0.1500     2.7000     1700.0000  % 
UB: 2.6999999999999993
branching on CartesianIndex(1, 7) with c.
195    22     17         0.1500     2.7000     1700.0000  % 
UB: 2.6999999999999993
branching on CartesianIndex(2, 7) with c.
196    23     18         0.1500     2.7000     1700.0000  % 
UB: 2.6999999999999993
branching on 1 with b.
197    24     19         0.1500     2.7000     1700.0000  % 
LB close or above UB, fathomed
198    23     19         0.1500     2.7000     1700.0000  % 
LB close or above UB, fathomed
199    22     18         0.1500     2.7000     1700.0000  % 
UB: 2.6999999999999993
branching on 1 with b.
200    23     19         0.1500     2.7000     1700.0000  % 
LB close or above UB, fathomed
201    22     19         0.1500     2.7000     1700.0000  % 
LB close or above UB, fathomed
202    21     17         0.1500     2.7000     1700.0000  % 
UB: 2.6999999999999993
branching on 1 with b.
203    22     18         0.1500     2.7000     1700.0000  % 
LB close or above UB, fathomed
204    21     18         0.1500     2.7000     1700.0000  % 
LB close or above UB, fathomed
205    20     16         0.1500     2.7000     1700.0000  % 
LB close or above UB, fathomed
206    19     15         0.1500     2.7000     1700.0000  % 
LB close or above UB, fathomed
207    18     13         0.1500     2.7000     1700.0000  % 
LB close or above UB, fathomed
208    17     13         0.1500     2.7000     1700.0000  % 
UB: 2.6999999999999993
branching on CartesianIndex(1, 4) with c.
209    18     14         0.1500     2.7000     1700.0000  % 
UB: 2.6999999999999993
branching on CartesianIndex(2, 4) with c.
210    19     15         0.1500     2.7000     1700.0000  % 
UB: 2.6999999999999993
branching on 3 with b.
211    20     16         0.1500     2.7000     1700.0000  % 
UB: 2.6999999999999993
branching on CartesianIndex(1, 5) with c.
212    21     17         0.1500     2.7000     1700.0000  % 
LB close or above UB, fathomed
213    20     17         0.1500     2.7000     1700.0000  % 
UB: 2.6999999999999993
branching on CartesianIndex(1, 6) with c.
214    21     18         0.1500     2.7000     1700.0000  % 
UB: 2.6999999999999993
branching on CartesianIndex(2, 6) with c.
215    22     19         0.1500     2.7000     1700.0000  % 
LB close or above UB, fathomed
216    21     19         0.1500     2.7000     1700.0000  % 
UB: 2.6999999999999993
branching on CartesianIndex(1, 7) with c.
217    22     20         0.1500     2.7000     1700.0000  % 
UB: 2.6999999999999993
branching on CartesianIndex(2, 7) with c.
218    23     21         0.1500     2.7000     1700.0000  % 
UB: 2.6999999999999993
branching on 1 with b.
219    23     22         0.1500     2.7000     1700.0000  % 
UB: 2.6999999999999993
branching on 2 with b.
220    23     23         0.1500     2.7000     1700.0000  % 
UB: 2.6999999999999993
branching on 3 with b.
221    24     24         0.1500     2.7000     1700.0000  % 
LB close or above UB, fathomed
222    23     24         0.1500     2.7000     1700.0000  % 
LB close or above UB, fathomed
223    22     21         0.1500     2.7000     1700.0000  % 
LB close or above UB, fathomed
224    21     20         0.1500     2.7000     1700.0000  % 
LB close or above UB, fathomed
225    20     18         0.1500     2.7000     1700.0000  % 
LB close or above UB, fathomed
226    19     16         0.1500     2.7000     1700.0000  % 
LB close or above UB, fathomed
227    18     15         0.1500     2.7000     1700.0000  % 
UB: 2.6999999999999993
branching on CartesianIndex(1, 5) with c.
228    19     16         0.1500     2.7000     1700.0000  % 
LB close or above UB, fathomed
229    18     16         0.1500     2.7000     1700.0000  % 
UB: 2.6999999999999993
branching on CartesianIndex(1, 6) with c.
230    19     17         0.1500     2.7000     1700.0000  % 
UB: 2.6999999999999993
branching on CartesianIndex(2, 6) with c.
231    20     18         0.1500     2.7000     1700.0000  % 
LB close or above UB, fathomed
232    19     18         0.1500     2.7000     1700.0000  % 
UB: 2.6999999999999993
branching on CartesianIndex(1, 7) with c.
233    20     19         0.1500     2.7000     1700.0000  % 
UB: 2.6999999999999993
branching on 3 with b.
234    21     20         0.1500     2.7000     1700.0000  % 
UB: 2.6999999999999993
branching on CartesianIndex(2, 7) with c.
235    22     21         0.1500     2.7000     1700.0000  % 
UB: 2.6999999999999993
branching on 1 with b.
236    22     22         0.1500     2.7000     1700.0000  % 
UB: 2.6999999999999993
branching on 2 with b.
237    22     23         0.1500     2.7000     1700.0000  % 
UB: 2.6999999999999993
branching on 3 with b.
238    23     24         0.1500     2.7000     1700.0000  % 
LB close or above UB, fathomed
239    22     24         0.1500     2.7000     1700.0000  % 
LB close or above UB, fathomed
240    21     21         0.1500     2.7000     1700.0000  % 
LB close or above UB, fathomed
241    20     20         0.1500     2.7000     1700.0000  % 
LB close or above UB, fathomed
242    19     19         0.1500     2.7000     1700.0000  % 
LB close or above UB, fathomed
243    18     17         0.1500     2.7000     1700.0000  % 
LB close or above UB, fathomed
244    17     14         0.1500     2.7000     1700.0000  % 
UB: 2.6999999999999993
branching on CartesianIndex(1, 5) with c.
245    18     15         0.1500     2.7000     1700.0000  % 
LB close or above UB, fathomed
246    17     15         0.1500     2.7000     1700.0000  % 
UB: 2.6999999999999993
branching on 3 with b.
247    18     16         0.1500     2.7000     1700.0000  % 
UB: 2.6999999999999993
branching on CartesianIndex(1, 6) with c.
248    19     17         0.1500     2.7000     1700.0000  % 
UB: 2.6999999999999993
branching on 1 with b.
249    19     18         0.1500     2.7000     1700.0000  % 
UB: 2.6999999999999993
branching on CartesianIndex(2, 6) with c.
250    20     19         0.1500     2.7000     1700.0000  % 
LB close or above UB, fathomed
251    19     19         0.1500     2.7000     1700.0000  % 
UB: 2.6999999999999993
branching on CartesianIndex(1, 7) with c.
252    20     20         0.1500     2.7000     1700.0000  % 
UB: 2.6999999999999993
branching on CartesianIndex(2, 7) with c.
253    21     21         0.1500     2.7000     1700.0000  % 
UB: 2.6999999999999993
branching on 2 with b.
254    21     22         0.1500     2.7000     1700.0000  % 
UB: 2.6999999999999993
branching on 3 with b.
255    22     23         0.1500     2.7000     1700.0000  % 
LB close or above UB, fathomed
256    21     23         0.1500     2.7000     1700.0000  % 
LB close or above UB, fathomed
257    20     21         0.1500     2.7000     1700.0000  % 
LB close or above UB, fathomed
258    19     20         0.1500     2.7000     1700.0000  % 
LB close or above UB, fathomed
259    18     17         0.1500     2.7000     1700.0000  % 
LB close or above UB, fathomed
260    17     16         0.1500     2.7000     1700.0000  % 
LB close or above UB, fathomed
261    16     13         0.1500     2.7000     1700.0000  % 
UB: 2.6999999999999993
branching on CartesianIndex(1, 4) with c.
262    17     12         0.1500     2.7000     1700.0000  % 
UB: 2.6999999999999993
branching on 2 with b.
263    18     13         0.1500     2.7000     1700.0000  % 
UB: 2.6999999999999993
branching on CartesianIndex(1, 4) with c.
264    19     14         0.1500     2.7000     1700.0000  % 
LB close or above UB, fathomed
265    18     14         0.1500     2.7000     1700.0000  % 
UB: 2.6999999999999993
branching on CartesianIndex(1, 5) with c.
266    19     15         0.1500     2.7000     1700.0000  % 
UB: 2.6999999999999993
branching on CartesianIndex(2, 5) with c.
267    20     16         0.1500     2.7000     1700.0000  % 
UB: 2.6999999999999993
branching on CartesianIndex(1, 6) with c.
268    21     17         0.1500     2.7000     1700.0000  % 
UB: 2.6999999999999993
branching on 3 with b.
269    22     18         0.1500     2.7000     1700.0000  % 
UB: 2.6999999999999993
branching on CartesianIndex(2, 6) with c.
270    23     19         0.1500     2.7000     1700.0000  % 
LB close or above UB, fathomed
271    22     19         0.1500     2.7000     1700.0000  % 
UB: 2.6999999999999993
branching on CartesianIndex(1, 7) with c.
272    23     20         0.1500     2.7000     1700.0000  % 
UB: 2.6999999999999993
branching on CartesianIndex(2, 7) with c.
273    24     21         0.1500     2.7000     1700.0000  % 
UB: 2.6999999999999993
branching on 1 with b.
274    24     22         0.1500     2.7000     1700.0000  % 
UB: 2.6999999999999993
branching on 2 with b.
275    25     23         0.1500     2.7000     1700.0000  % 
LB close or above UB, fathomed
276    24     23         0.1500     2.7000     1700.0000  % 
UB: 2.6999999999999993
branching on 3 with b.
277    25     24         0.1500     2.7000     1700.0000  % 
LB close or above UB, fathomed
278    24     24         0.1500     2.7000     1700.0000  % 
LB close or above UB, fathomed
279    23     21         0.1500     2.7000     1700.0000  % 
LB close or above UB, fathomed
280    22     20         0.1500     2.7000     1700.0000  % 
LB close or above UB, fathomed
281    21     18         0.1500     2.7000     1700.0000  % 
LB close or above UB, fathomed
282    20     17         0.1500     2.7000     1700.0000  % 
LB close or above UB, fathomed
283    19     16         0.1500     2.7000     1700.0000  % 
UB: 2.6999999999999993
branching on CartesianIndex(1, 6) with c.
284    20     17         0.1500     2.7000     1700.0000  % 
UB: 2.6999999999999993
branching on CartesianIndex(2, 6) with c.
285    21     18         0.1500     2.7000     1700.0000  % 
LB close or above UB, fathomed
286    20     18         0.1500     2.7000     1700.0000  % 
UB: 2.6999999999999993
branching on CartesianIndex(1, 7) with c.
287    21     19         0.1500     2.7000     1700.0000  % 
UB: 2.6999999999999993
branching on CartesianIndex(2, 7) with c.
288    22     20         0.1500     2.7000     1700.0000  % 
UB: 2.6999999999999993
branching on 3 with b.
289    23     21         0.1500     2.7000     1700.0000  % 
UB: 2.6999999999999993
branching on 1 with b.
290    23     22         0.1500     2.7000     1700.0000  % 
UB: 2.6999999999999993
branching on 2 with b.
291    24     23         0.1500     2.7000     1700.0000  % 
LB close or above UB, fathomed
292    23     23         0.1500     2.7000     1700.0000  % 
UB: 2.6999999999999993
branching on 3 with b.
293    24     24         0.1500     2.7000     1700.0000  % 
LB close or above UB, fathomed
294    23     24         0.1500     2.7000     1700.0000  % 
LB close or above UB, fathomed
295    22     21         0.1500     2.7000     1700.0000  % 
LB close or above UB, fathomed
296    21     20         0.1500     2.7000     1700.0000  % 
LB close or above UB, fathomed
297    20     19         0.1500     2.7000     1700.0000  % 
LB close or above UB, fathomed
298    19     17         0.1500     2.7000     1700.0000  % 
LB close or above UB, fathomed
299    18     15         0.1500     2.7000     1700.0000  % 
UB: 2.6999999999999993
branching on CartesianIndex(1, 6) with c.
300    19     16         0.1500     2.7000     1700.0000  % 
UB: 2.6999999999999993
branching on CartesianIndex(2, 6) with c.
301    20     17         0.1500     2.7000     1700.0000  % 
LB close or above UB, fathomed
302    19     17         0.1500     2.7000     1700.0000  % 
UB: 2.6999999999999993
branching on CartesianIndex(1, 7) with c.
303    20     18         0.1500     2.7000     1700.0000  % 
UB: 2.6999999999999993
branching on 3 with b.
304    21     19         0.1500     2.7000     1700.0000  % 
UB: 2.6999999999999993
branching on CartesianIndex(2, 7) with c.
305    22     20         0.1500     2.7000     1700.0000  % 
UB: 2.6999999999999993
branching on 1 with b.
306    22     21         0.1500     2.7000     1700.0000  % 
UB: 2.6999999999999993
branching on 2 with b.
307    23     22         0.1500     2.7000     1700.0000  % 
UB: 2.6999999999999993
branching on 3 with b.
308    24     23         0.1500     2.7000     1700.0000  % 
LB close or above UB, fathomed
309    23     23         0.1500     2.7000     1700.0000  % 
LB close or above UB, fathomed
310    22     22         0.1500     2.7000     1700.0000  % 
UB: 2.6999999999999993
branching on 3 with b.
311    23     23         0.1500     2.7000     1700.0000  % 
LB close or above UB, fathomed
312    22     23         0.1500     2.7000     1700.0000  % 
LB close or above UB, fathomed
313    21     20         0.1500     2.7000     1700.0000  % 
LB close or above UB, fathomed
314    20     19         0.1500     2.7000     1700.0000  % 
LB close or above UB, fathomed
315    19     18         0.1500     2.7000     1700.0000  % 
LB close or above UB, fathomed
316    18     16         0.1500     2.7000     1700.0000  % 
LB close or above UB, fathomed
317    17     13         0.1500     2.7000     1700.0000  % 
UB: 2.6999999999999993
branching on CartesianIndex(1, 4) with c.
318    18     12         0.1500     2.7000     1700.0000  % 
UB: 2.6999999999999993
branching on CartesianIndex(1, 4) with c.
319    19     13         0.1500     2.7000     1700.0000  % 
LB close or above UB, fathomed
320    18     13         0.1500     2.7000     1700.0000  % 
UB: 2.6999999999999993
branching on CartesianIndex(1, 5) with c.
321    19     14         0.1500     2.7000     1700.0000  % 
UB: 2.6999999999999993
branching on 2 with b.
322    20     15         0.1500     2.7000     1700.0000  % 
UB: 2.6999999999999993
branching on CartesianIndex(2, 5) with c.
323    21     16         0.1500     2.7000     1700.0000  % 
UB: 2.6999999999999993
branching on 3 with b.
324    22     17         0.1500     2.7000     1700.0000  % 
UB: 2.6999999999999993
branching on CartesianIndex(1, 6) with c.
325    23     18         0.1500     2.7000     1700.0000  % 
UB: 2.6999999999999993
branching on CartesianIndex(2, 6) with c.
326    24     19         0.1500     2.7000     1700.0000  % 
LB close or above UB, fathomed
327    23     19         0.1500     2.7000     1700.0000  % 
UB: 2.6999999999999993
branching on CartesianIndex(1, 7) with c.
328    24     20         0.1500     2.7000     1700.0000  % 
UB: 2.6999999999999993
branching on CartesianIndex(2, 7) with c.
329    25     21         0.1500     2.7000     1700.0000  % 
UB: 2.6999999999999993
branching on 1 with b.
330    25     22         0.1500     2.7000     1700.0000  % 
UB: 2.6999999999999993
branching on 2 with b.
331    26     23         0.1500     2.7000     1700.0000  % 
LB close or above UB, fathomed
332    25     23         0.1500     2.7000     1700.0000  % 
UB: 2.6999999999999993
branching on 3 with b.
333    26     24         0.1500     2.7000     1700.0000  % 
LB close or above UB, fathomed
334    25     24         0.1500     2.7000     1700.0000  % 
LB close or above UB, fathomed
335    24     21         0.1500     2.7000     1700.0000  % 
LB close or above UB, fathomed
336    23     20         0.1500     2.7000     1700.0000  % 
LB close or above UB, fathomed
337    22     18         0.1500     2.7000     1700.0000  % 
LB close or above UB, fathomed
338    21     17         0.1500     2.7000     1700.0000  % 
LB close or above UB, fathomed
339    20     16         0.1500     2.7000     1700.0000  % 
UB: 2.6999999999999993
branching on 3 with b.
340    21     17         0.1500     2.7000     1700.0000  % 
UB: 2.6999999999999993
branching on CartesianIndex(1, 6) with c.
341    22     18         0.1500     2.7000     1700.0000  % 
UB: 2.6999999999999993
branching on CartesianIndex(2, 6) with c.
342    23     19         0.1500     2.7000     1700.0000  % 
LB close or above UB, fathomed
343    22     19         0.1500     2.7000     1700.0000  % 
UB: 2.6999999999999993
branching on CartesianIndex(1, 7) with c.
344    23     20         0.1500     2.7000     1700.0000  % 
UB: 2.6999999999999993
branching on 1 with b.
345    23     21         0.1500     2.7000     1700.0000  % 
UB: 2.6999999999999993
branching on CartesianIndex(2, 7) with c.
346    24     22         0.1500     2.7000     1700.0000  % 
UB: 2.6999999999999993
branching on 2 with b.
347    25     23         0.1500     2.7000     1700.0000  % 
LB close or above UB, fathomed
348    24     23         0.1500     2.7000     1700.0000  % 
UB: 2.6999999999999993
branching on 3 with b.
349    25     24         0.1500     2.7000     1700.0000  % 
LB close or above UB, fathomed
350    24     24         0.1500     2.7000     1700.0000  % 
LB close or above UB, fathomed
351    23     22         0.1500     2.7000     1700.0000  % 
LB close or above UB, fathomed
352    22     20         0.1500     2.7000     1700.0000  % 
LB close or above UB, fathomed
353    21     18         0.1500     2.7000     1700.0000  % 
LB close or above UB, fathomed
354    20     17         0.1500     2.7000     1700.0000  % 
LB close or above UB, fathomed
355    19     15         0.1500     2.7000     1700.0000  % 
UB: 2.6999999999999993
branching on CartesianIndex(2, 5) with c.
356    20     16         0.1500     2.7000     1700.0000  % 
UB: 2.6999999999999993
branching on CartesianIndex(1, 6) with c.
357    21     17         0.1500     2.7000     1700.0000  % 
UB: 2.6999999999999993
branching on CartesianIndex(2, 6) with c.
358    22     18         0.1500     2.7000     1700.0000  % 
LB close or above UB, fathomed
359    21     18         0.1500     2.7000     1700.0000  % 
UB: 2.6999999999999993
branching on CartesianIndex(1, 7) with c.
360    22     19         0.1500     2.7000     1700.0000  % 
UB: 2.6999999999999993
branching on CartesianIndex(2, 7) with c.
361    23     20         0.1500     2.7000     1700.0000  % 
UB: 2.6999999999999993
branching on 3 with b.
362    24     21         0.1500     2.7000     1700.0000  % 
UB: 2.6999999999999993
branching on 1 with b.
363    24     22         0.1500     2.7000     1700.0000  % 
UB: 2.6999999999999993
branching on 2 with b.
364    24     23         0.1500     2.7000     1700.0000  % 
UB: 2.6999999999999993
branching on 3 with b.
365    25     24         0.1500     2.7000     1700.0000  % 
LB close or above UB, fathomed
366    24     24         0.1500     2.7000     1700.0000  % 
LB close or above UB, fathomed
367    23     21         0.1500     2.7000     1700.0000  % 
LB close or above UB, fathomed
368    22     20         0.1500     2.7000     1700.0000  % 
LB close or above UB, fathomed
369    21     19         0.1500     2.7000     1700.0000  % 
LB close or above UB, fathomed
370    20     17         0.1500     2.7000     1700.0000  % 
LB close or above UB, fathomed
371    19     16         0.1500     2.7000     1700.0000  % 
UB: 2.6999999999999993
branching on CartesianIndex(1, 6) with c.
372    20     17         0.1500     2.7000     1700.0000  % 
UB: 2.6999999999999993
branching on CartesianIndex(2, 6) with c.
373    21     18         0.1500     2.7000     1700.0000  % 
LB close or above UB, fathomed
374    20     18         0.1500     2.7000     1700.0000  % 
UB: 2.6999999999999993
branching on CartesianIndex(1, 7) with c.
375    21     19         0.1500     2.7000     1700.0000  % 
UB: 2.6999999999999993
branching on 3 with b.
376    22     20         0.1500     2.7000     1700.0000  % 
UB: 2.6999999999999993
branching on CartesianIndex(2, 7) with c.
377    23     21         0.1500     2.7000     1700.0000  % 
UB: 2.6999999999999993
branching on 1 with b.
378    23     22         0.1500     2.7000     1700.0000  % 
UB: 2.6999999999999993
branching on 2 with b.
379    23     23         0.1500     2.7000     1700.0000  % 
UB: 2.6999999999999993
branching on 3 with b.
380    24     24         0.1500     2.7000     1700.0000  % 
LB close or above UB, fathomed
381    23     24         0.1500     2.7000     1700.0000  % 
LB close or above UB, fathomed
382    22     21         0.1500     2.7000     1700.0000  % 
LB close or above UB, fathomed
383    21     20         0.1500     2.7000     1700.0000  % 
LB close or above UB, fathomed
384    20     19         0.1500     2.7000     1700.0000  % 
LB close or above UB, fathomed
385    19     17         0.1500     2.7000     1700.0000  % 
LB close or above UB, fathomed
386    18     14         0.1500     2.7000     1700.0000  % 
UB: 2.6999999999999993
branching on CartesianIndex(1, 6) with c.
387    19     15         0.1500     2.7000     1700.0000  % 
UB: 2.6999999999999993
branching on CartesianIndex(2, 6) with c.
388    20     16         0.1500     2.7000     1700.0000  % 
LB close or above UB, fathomed
389    19     16         0.1500     2.7000     1700.0000  % 
UB: 2.6999999999999993
branching on CartesianIndex(1, 7) with c.
390    20     17         0.1500     2.7000     1700.0000  % 
UB: 2.6999999999999993
branching on CartesianIndex(2, 7) with c.
391    21     18         0.1500     2.7000     1700.0000  % 
UB: 2.6999999999999993
branching on 2 with b.
392    22     19         0.1500     2.7000     1700.0000  % 
UB: 2.6999999999999993
branching on 3 with b.
393    23     20         0.1500     2.7000     1700.0000  % 
UB: 2.6999999999999993
branching on 1 with b.
394    23     21         0.1500     2.7000     1700.0000  % 
UB: 2.6999999999999993
branching on 2 with b.
395    24     22         0.1500     2.7000     1700.0000  % 
UB: 2.6999999999999993
branching on 3 with b.
396    25     23         0.1500     2.7000     1700.0000  % 
LB close or above UB, fathomed
397    24     23         0.1500     2.7000     1700.0000  % 
LB close or above UB, fathomed
398    23     22         0.1500     2.7000     1700.0000  % 
UB: 2.6999999999999993
branching on 3 with b.
399    24     23         0.1500     2.7000     1700.0000  % 
LB close or above UB, fathomed
400    23     23         0.1500     2.7000     1700.0000  % 
LB close or above UB, fathomed
401    22     20         0.1500     2.7000     1700.0000  % 
LB close or above UB, fathomed
402    21     19         0.1500     2.7000     1700.0000  % 
UB: 2.6999999999999993
branching on 3 with b.
403    22     20         0.1500     2.7000     1700.0000  % 
UB: 2.6999999999999993
branching on 1 with b.
404    22     21         0.1500     2.7000     1700.0000  % 
UB: 2.6999999999999993
branching on 2 with b.
405    22     22         0.1500     2.7000     1700.0000  % 
UB: 2.6999999999999993
branching on 3 with b.
406    23     23         0.1500     2.7000     1700.0000  % 
LB close or above UB, fathomed
407    22     23         0.1500     2.7000     1700.0000  % 
LB close or above UB, fathomed
408    21     20         0.1500     2.7000     1700.0000  % 
LB close or above UB, fathomed
409    20     18         0.1500     2.7000     1700.0000  % 
LB close or above UB, fathomed
410    19     17         0.1500     2.7000     1700.0000  % 
LB close or above UB, fathomed
411    18     15         0.1500     2.7000     1700.0000  % 
LB close or above UB, fathomed
412    17     13         0.1500     2.7000     1700.0000  % 
LB close or above UB, fathomed
413    16     13         0.1500     2.7000     1700.0000  % 
UB: 2.6999999999999993
branching on CartesianIndex(1, 5) with c.
414    17     14         0.1500     2.7000     1700.0000  % 
UB: 2.6999999999999993
branching on CartesianIndex(2, 5) with c.
415    18     15         0.1500     2.7000     1700.0000  % 
UB: 2.6999999999999993
branching on CartesianIndex(1, 6) with c.
416    19     16         0.1500     2.7000     1700.0000  % 
UB: 2.6999999999999993
branching on CartesianIndex(2, 6) with c.
417    20     17         0.1500     2.7000     1700.0000  % 
LB close or above UB, fathomed
418    19     17         0.1500     2.7000     1700.0000  % 
UB: 2.6999999999999993
branching on 2 with b.
419    20     18         0.1500     2.7000     1700.0000  % 
UB: 2.6999999999999993
branching on 3 with b.
420    21     19         0.1500     2.7000     1700.0000  % 
UB: 2.6999999999999993
branching on CartesianIndex(1, 7) with c.
421    22     20         0.1500     2.7000     1700.0000  % 
UB: 2.6999999999999993
branching on CartesianIndex(2, 7) with c.
422    23     21         0.1500     2.7000     1700.0000  % 
UB: 2.6999999999999993
branching on 1 with b.
423    23     22         0.1500     2.7000     1700.0000  % 
UB: 2.6999999999999993
branching on 2 with b.
424    24     23         0.1500     2.7000     1700.0000  % 
LB close or above UB, fathomed
425    23     23         0.1500     2.7000     1700.0000  % 
UB: 2.6999999999999993
branching on 3 with b.
426    24     24         0.1500     2.7000     1700.0000  % 
LB close or above UB, fathomed
427    23     24         0.1500     2.7000     1700.0000  % 
LB close or above UB, fathomed
428    22     21         0.1500     2.7000     1700.0000  % 
LB close or above UB, fathomed
429    21     20         0.1500     2.7000     1700.0000  % 
LB close or above UB, fathomed
430    20     19         0.1500     2.7000     1700.0000  % 
LB close or above UB, fathomed
431    19     18         0.1500     2.7000     1700.0000  % 
UB: 2.6999999999999993
branching on 3 with b.
432    20     19         0.1500     2.7000     1700.0000  % 
UB: 2.6999999999999993
branching on CartesianIndex(1, 7) with c.
433    21     20         0.1500     2.7000     1700.0000  % 
UB: 2.6999999999999993
branching on CartesianIndex(2, 7) with c.
434    22     21         0.1500     2.7000     1700.0000  % 
UB: 2.6999999999999993
branching on 1 with b.
435    22     22         0.1500     2.7000     1700.0000  % 
UB: 2.6999999999999993
branching on 2 with b.
436    22     23         0.1500     2.7000     1700.0000  % 
UB: 2.6999999999999993
branching on 3 with b.
437    23     24         0.1500     2.7000     1700.0000  % 
LB close or above UB, fathomed
438    22     24         0.1500     2.7000     1700.0000  % 
LB close or above UB, fathomed
439    21     21         0.1500     2.7000     1700.0000  % 
LB close or above UB, fathomed
440    20     20         0.1500     2.7000     1700.0000  % 
LB close or above UB, fathomed
441    19     19         0.1500     2.7000     1700.0000  % 
LB close or above UB, fathomed
442    18     16         0.1500     2.7000     1700.0000  % 
LB close or above UB, fathomed
443    17     15         0.1500     2.7000     1700.0000  % 
LB close or above UB, fathomed
444    16     14         0.1500     2.7000     1700.0000  % 
LB close or above UB, fathomed
445    15     8          0.1500     2.7000     1700.0000  % 
LB close or above UB, fathomed
446    14     8          0.1500     2.7000     1700.0000  % 
UB: 2.6999999999999993
branching on 3 with b.
447    15     9          0.1500     2.7000     1700.0000  % 
UB: 2.6999999999999993
branching on 1 with b.
448    16     10         0.1500     2.7000     1700.0000  % 
LB close or above UB, fathomed
449    15     10         0.1500     2.7000     1700.0000  % 
LB close or above UB, fathomed
450    14     9          0.1500     2.7000     1700.0000  % 
UB: 2.6999999999999993
branching on 1 with b.
451    15     10         0.1500     2.7000     1700.0000  % 
LB close or above UB, fathomed
452    14     10         0.1500     2.7000     1700.0000  % 
LB close or above UB, fathomed
453    13     11         0.1500     2.7000     1700.0000  % 
UB: 2.6999999999999993
branching on 1 with b.
454    14     12         0.1500     2.7000     1700.0000  % 
LB close or above UB, fathomed
455    13     12         0.1500     2.7000     1700.0000  % 
LB close or above UB, fathomed
456    12     11         0.1500     2.7000     1700.0000  % 
UB: 2.6999999999999993
branching on CartesianIndex(1, 4) with c.
457    13     12         0.1500     2.7000     1700.0000  % 
LB close or above UB, fathomed
458    12     12         0.1500     2.7000     1700.0000  % 
UB: 2.6999999999999993
branching on 1 with b.
459    13     13         0.1500     2.7000     1700.0000  % 
LB close or above UB, fathomed
460    12     13         0.1500     2.7000     1700.0000  % 
LB close or above UB, fathomed
461    11     12         0.1500     2.7000     1700.0000  % 
UB: 2.6999999999999993
branching on CartesianIndex(2, 4) with c.
462    12     13         0.1500     2.7000     1700.0000  % 
UB: 2.6999999999999993
branching on CartesianIndex(1, 5) with c.
463    13     14         0.1500     2.7000     1700.0000  % 
LB close or above UB, fathomed
464    12     14         0.1500     2.7000     1700.0000  % 
UB: 2.6999999999999993
branching on CartesianIndex(1, 6) with c.
465    13     15         0.1500     2.7000     1700.0000  % 
UB: 2.6999999999999993
branching on 1 with b.
466    14     16         0.1500     2.7000     1700.0000  % 
UB: 2.6999999999999993
branching on 2 with b.
467    15     17         0.1500     2.7000     1700.0000  % 
UB: 2.6999999999999993
branching on 3 with b.
468    16     18         0.1500     2.7000     1700.0000  % 
UB: 2.6999999999999993
branching on 1 with b.
469    16     19         0.1500     2.7000     1700.0000  % 
UB: 2.6999999999999993
branching on CartesianIndex(2, 6) with c.
470    17     18         0.1500     2.7000     1700.0000  % 
LB close or above UB, fathomed
471    16     17         0.1500     2.7000     1700.0000  % 
LB close or above UB, fathomed
472    15     16         0.1500     2.7000     1700.0000  % 
UB: 2.6999999999999993
branching on CartesianIndex(2, 6) with c.
473    16     15         0.1500     2.7000     1700.0000  % 
LB close or above UB, fathomed
474    15     13         0.1500     2.7000     1700.0000  % 
UB: 2.6999999999999993
branching on CartesianIndex(1, 5) with c.
475    16     14         0.1500     2.7000     1700.0000  % 
LB close or above UB, fathomed
476    15     14         0.1500     2.7000     1700.0000  % 
UB: 2.6999999999999993
branching on CartesianIndex(1, 6) with c.
477    16     15         0.1500     2.7000     1700.0000  % 
UB: 2.6999999999999993
branching on CartesianIndex(2, 6) with c.
478    17     16         0.1500     2.7000     1700.0000  % 
LB close or above UB, fathomed
479    16     16         0.1500     2.7000     1700.0000  % 
UB: 2.6999999999999993
branching on CartesianIndex(1, 7) with c.
480    17     17         0.1500     2.7000     1700.0000  % 
UB: 2.6999999999999993
branching on CartesianIndex(2, 7) with c.
481    18     18         0.1500     2.7000     1700.0000  % 
UB: 2.6999999999999993
branching on 1 with b.
482    19     19         0.1500     2.7000     1700.0000  % 
UB: 2.6999999999999993
branching on 2 with b.
483    20     19         0.1500     2.7000     1700.0000  % 
UB: 2.6999999999999993
branching on 2 with b.
484    21     20         0.1500     2.7000     1700.0000  % 
UB: 2.6999999999999993
branching on 3 with b.
485    22     21         0.1500     2.7000     1700.0000  % 
UB: 2.6999999999999993
branching on 1 with b.
486    22     22         0.1500     2.7000     1700.0000  % 
UB: 2.6999999999999993
branching on 2 with b.
487    22     23         0.1500     2.7000     1700.0000  % 
UB: 2.6999999999999993
branching on 3 with b.
488    23     24         0.1500     2.7000     1700.0000  % 
LB close or above UB, fathomed
489    22     24         0.1500     2.7000     1700.0000  % 
LB close or above UB, fathomed
490    21     21         0.1500     2.7000     1700.0000  % 
LB close or above UB, fathomed
491    20     20         0.1500     2.7000     1700.0000  % 
LB close or above UB, fathomed
492    19     18         0.1500     2.7000     1700.0000  % 
LB close or above UB, fathomed
493    18     17         0.1500     2.7000     1700.0000  % 
LB close or above UB, fathomed
494    17     15         0.1500     2.7000     1700.0000  % 
LB close or above UB, fathomed
495    16     12         0.1500     2.7000     1700.0000  % 
UB: 2.6999999999999993
branching on CartesianIndex(1, 5) with c.
496    17     13         0.1500     2.7000     1700.0000  % 
UB: 2.6999999999999993
branching on CartesianIndex(2, 5) with c.
497    18     14         0.1500     2.7000     1700.0000  % 
UB: 2.6999999999999993
branching on 1 with b.
498    19     15         0.1500     2.7000     1700.0000  % 
UB: 2.6999999999999993
branching on CartesianIndex(1, 6) with c.
499    20     16         0.1500     2.7000     1700.0000  % 
UB: 2.6999999999999993
branching on CartesianIndex(2, 6) with c.
500    21     17         0.1500     2.7000     1700.0000  % 
LB close or above UB, fathomed
501    20     17         0.1500     2.7000     1700.0000  % 
UB: 2.6999999999999993
branching on CartesianIndex(1, 7) with c.
502    21     18         0.1500     2.7000     1700.0000  % 
UB: 2.6999999999999993
branching on 2 with b.
503    22     19         0.1500     2.7000     1700.0000  % 
LB close or above UB, fathomed
504    21     19         0.1500     2.7000     1700.0000  % 
UB: 2.6999999999999993
branching on 3 with b.
505    22     20         0.1500     2.7000     1700.0000  % 
UB: 2.6999999999999993
branching on CartesianIndex(2, 7) with c.
506    23     21         0.1500     2.7000     1700.0000  % 
UB: 2.6999999999999993
branching on 1 with b.
507    23     22         0.1500     2.7000     1700.0000  % 
UB: 2.6999999999999993
branching on 2 with b.
508    24     23         0.1500     2.7000     1700.0000  % 
UB: 2.6999999999999993
branching on 3 with b.
509    25     24         0.1500     2.7000     1700.0000  % 
LB close or above UB, fathomed
510    24     24         0.1500     2.7000     1700.0000  % 
LB close or above UB, fathomed
511    23     23         0.1500     2.7000     1700.0000  % 
UB: 2.6999999999999993
branching on 3 with b.
512    24     24         0.1500     2.7000     1700.0000  % 
LB close or above UB, fathomed
513    23     24         0.1500     2.7000     1700.0000  % 
LB close or above UB, fathomed
514    22     21         0.1500     2.7000     1700.0000  % 
LB close or above UB, fathomed
515    21     20         0.1500     2.7000     1700.0000  % 
LB close or above UB, fathomed
516    20     18         0.1500     2.7000     1700.0000  % 
LB close or above UB, fathomed
517    19     16         0.1500     2.7000     1700.0000  % 
LB close or above UB, fathomed
518    18     15         0.1500     2.7000     1700.0000  % 
UB: 2.6999999999999993
branching on CartesianIndex(1, 6) with c.
519    19     16         0.1500     2.7000     1700.0000  % 
UB: 2.6999999999999993
branching on CartesianIndex(2, 6) with c.
520    20     17         0.1500     2.7000     1700.0000  % 
LB close or above UB, fathomed
521    19     17         0.1500     2.7000     1700.0000  % 
UB: 2.6999999999999993
branching on CartesianIndex(1, 7) with c.
522    20     18         0.1500     2.7000     1700.0000  % 
UB: 2.6999999999999993
branching on CartesianIndex(2, 7) with c.
523    21     19         0.1500     2.7000     1700.0000  % 
UB: 2.6999999999999993
branching on 2 with b.
524    22     20         0.1500     2.7000     1700.0000  % 
LB close or above UB, fathomed
525    21     20         0.1500     2.7000     1700.0000  % 
UB: 2.6999999999999993
branching on 3 with b.
526    22     21         0.1500     2.7000     1700.0000  % 
UB: 2.6999999999999993
branching on 1 with b.
527    22     22         0.1500     2.7000     1700.0000  % 
UB: 2.6999999999999993
branching on 2 with b.
528    23     23         0.1500     2.7000     1700.0000  % 
UB: 2.6999999999999993
branching on 3 with b.
529    24     24         0.1500     2.7000     1700.0000  % 
LB close or above UB, fathomed
530    23     24         0.1500     2.7000     1700.0000  % 
LB close or above UB, fathomed
531    22     23         0.1500     2.7000     1700.0000  % 
UB: 2.6999999999999993
branching on 3 with b.
532    23     24         0.1500     2.7000     1700.0000  % 
LB close or above UB, fathomed
533    22     24         0.1500     2.7000     1700.0000  % 
LB close or above UB, fathomed
534    21     21         0.1500     2.7000     1700.0000  % 
LB close or above UB, fathomed
535    20     19         0.1500     2.7000     1700.0000  % 
LB close or above UB, fathomed
536    19     18         0.1500     2.7000     1700.0000  % 
LB close or above UB, fathomed
537    18     16         0.1500     2.7000     1700.0000  % 
LB close or above UB, fathomed
538    17     14         0.1500     2.7000     1700.0000  % 
UB: 2.6999999999999993
branching on CartesianIndex(1, 6) with c.
539    18     15         0.1500     2.7000     1700.0000  % 
UB: 2.6999999999999993
branching on CartesianIndex(2, 6) with c.
540    19     16         0.1500     2.7000     1700.0000  % 
LB close or above UB, fathomed
541    18     16         0.1500     2.7000     1700.0000  % 
UB: 2.6999999999999993
branching on 1 with b.
542    19     17         0.1500     2.7000     1700.0000  % 
UB: 2.6999999999999993
branching on CartesianIndex(1, 7) with c.
543    20     18         0.1500     2.7000     1700.0000  % 
UB: 2.6999999999999993
branching on CartesianIndex(2, 7) with c.
544    21     19         0.1500     2.7000     1700.0000  % 
UB: 2.6999999999999993
branching on 2 with b.
545    22     20         0.1500     2.7000     1700.0000  % 
LB close or above UB, fathomed
546    21     20         0.1500     2.7000     1700.0000  % 
UB: 2.6999999999999993
branching on 3 with b.
547    22     21         0.1500     2.7000     1700.0000  % 
UB: 2.6999999999999993
branching on 1 with b.
548    22     22         0.1500     2.7000     1700.0000  % 
UB: 2.6999999999999993
branching on 2 with b.
549    23     23         0.1500     2.7000     1700.0000  % 
UB: 2.6999999999999993
branching on 3 with b.
550    24     24         0.1500     2.7000     1700.0000  % 
LB close or above UB, fathomed
551    23     24         0.1500     2.7000     1700.0000  % 
LB close or above UB, fathomed
552    22     23         0.1500     2.7000     1700.0000  % 
UB: 2.6999999999999993
branching on 3 with b.
553    23     24         0.1500     2.7000     1700.0000  % 
LB close or above UB, fathomed
554    22     24         0.1500     2.7000     1700.0000  % 
LB close or above UB, fathomed
555    21     21         0.1500     2.7000     1700.0000  % 
LB close or above UB, fathomed
556    20     19         0.1500     2.7000     1700.0000  % 
LB close or above UB, fathomed
557    19     18         0.1500     2.7000     1700.0000  % 
LB close or above UB, fathomed
558    18     17         0.1500     2.7000     1700.0000  % 
UB: 2.6999999999999993
branching on CartesianIndex(1, 7) with c.
559    19     18         0.1500     2.7000     1700.0000  % 
UB: 2.6999999999999993
branching on CartesianIndex(2, 7) with c.
560    20     19         0.1500     2.7000     1700.0000  % 
UB: 2.6999999999999993
branching on 2 with b.
561    21     20         0.1500     2.7000     1700.0000  % 
LB close or above UB, fathomed
562    20     20         0.1500     2.7000     1700.0000  % 
UB: 2.6999999999999993
branching on 3 with b.
563    21     21         0.1500     2.7000     1700.0000  % 
UB: 2.6999999999999993
branching on 1 with b.
564    21     22         0.1500     2.7000     1700.0000  % 
UB: 2.6999999999999993
branching on 2 with b.
565    22     23         0.1500     2.7000     1700.0000  % 
UB: 2.6999999999999993
branching on 3 with b.
566    23     24         0.1500     2.7000     1700.0000  % 
LB close or above UB, fathomed
567    22     24         0.1500     2.7000     1700.0000  % 
LB close or above UB, fathomed
568    21     23         0.1500     2.7000     1700.0000  % 
UB: 2.6999999999999993
branching on 3 with b.
569    22     24         0.1500     2.7000     1700.0000  % 
LB close or above UB, fathomed
570    21     24         0.1500     2.7000     1700.0000  % 
LB close or above UB, fathomed
571    20     21         0.1500     2.7000     1700.0000  % 
LB close or above UB, fathomed
572    19     19         0.1500     2.7000     1700.0000  % 
LB close or above UB, fathomed
573    18     18         0.1500     2.7000     1700.0000  % 
LB close or above UB, fathomed
574    17     15         0.1500     2.7000     1700.0000  % 
LB close or above UB, fathomed
575    16     13         0.1500     2.7000     1700.0000  % 
UB: 2.6999999999999993
branching on CartesianIndex(1, 6) with c.
576    17     14         0.1500     2.7000     1700.0000  % 
UB: 2.6999999999999993
branching on CartesianIndex(2, 6) with c.
577    18     15         0.1500     2.7000     1700.0000  % 
LB close or above UB, fathomed
578    17     15         0.1500     2.7000     1700.0000  % 
UB: 2.6999999999999993
branching on CartesianIndex(1, 7) with c.
579    18     16         0.1500     2.7000     1700.0000  % 
UB: 2.6999999999999993
branching on CartesianIndex(2, 7) with c.
580    19     17         0.1500     2.7000     1700.0000  % 
UB: 2.6999999999999993
branching on 1 with b.
581    20     18         0.1500     2.7000     1700.0000  % 
UB: 2.6999999999999993
branching on 2 with b.
582    21     19         0.1500     2.7000     1700.0000  % 
UB: 2.6999999999999993
branching on 3 with b.
583    22     20         0.1500     2.7000     1700.0000  % 
UB: 2.6999999999999993
branching on 1 with b.
584    22     21         0.1500     2.7000     1700.0000  % 
UB: 2.6999999999999993
branching on 2 with b.
585    22     22         0.1500     2.7000     1700.0000  % 
UB: 2.6999999999999993
branching on 3 with b.
586    23     23         0.1500     2.7000     1700.0000  % 
LB close or above UB, fathomed
587    22     23         0.1500     2.7000     1700.0000  % 
LB close or above UB, fathomed
588    21     20         0.1500     2.7000     1700.0000  % 
LB close or above UB, fathomed
589    20     19         0.1500     2.7000     1700.0000  % 
UB: 2.6999999999999993
branching on 3 with b.
590    21     20         0.1500     2.7000     1700.0000  % 
UB: 2.6999999999999993
branching on 1 with b.
591    21     21         0.1500     2.7000     1700.0000  % 
UB: 2.6999999999999993
branching on 2 with b.
592    22     22         0.1500     2.7000     1700.0000  % 
UB: 2.6999999999999993
branching on 3 with b.
593    23     23         0.1500     2.7000     1700.0000  % 
LB close or above UB, fathomed
594    22     23         0.1500     2.7000     1700.0000  % 
LB close or above UB, fathomed
595    21     22         0.1500     2.7000     1700.0000  % 
UB: 2.6999999999999993
branching on 3 with b.
596    22     23         0.1500     2.7000     1700.0000  % 
LB close or above UB, fathomed
597    21     23         0.1500     2.7000     1700.0000  % 
LB close or above UB, fathomed
598    20     20         0.1500     2.7000     1700.0000  % 
LB close or above UB, fathomed
599    19     18         0.1500     2.7000     1700.0000  % 
UB: 2.6999999999999993
branching on 2 with b.
600    20     19         0.1500     2.7000     1700.0000  % 
UB: 2.6999999999999993
branching on 3 with b.
601    21     20         0.1500     2.7000     1700.0000  % 
UB: 2.6999999999999993
branching on 1 with b.
602    21     21         0.1500     2.7000     1700.0000  % 
UB: 2.6999999999999993
branching on 2 with b.
603    21     22         0.1500     2.7000     1700.0000  % 
UB: 2.6999999999999993
branching on 3 with b.
604    22     23         0.1500     2.7000     1700.0000  % 
LB close or above UB, fathomed
605    21     23         0.1500     2.7000     1700.0000  % 
LB close or above UB, fathomed
606    20     20         0.1500     2.7000     1700.0000  % 
LB close or above UB, fathomed
607    19     19         0.1500     2.7000     1700.0000  % 
UB: 2.6999999999999993
branching on 3 with b.
608    20     20         0.1500     2.7000     1700.0000  % 
UB: 2.6999999999999993
branching on 1 with b.
609    20     21         0.1500     2.7000     1700.0000  % 
UB: 2.6999999999999993
branching on 2 with b.
610    21     22         0.1500     2.7000     1700.0000  % 
UB: 2.6999999999999993
branching on 3 with b.
611    22     23         0.1500     2.7000     1700.0000  % 
LB close or above UB, fathomed
612    21     23         0.1500     2.7000     1700.0000  % 
LB close or above UB, fathomed
613    20     22         0.1500     2.7000     1700.0000  % 
UB: 2.6999999999999993
branching on 3 with b.
614    21     23         0.1500     2.7000     1700.0000  % 
LB close or above UB, fathomed
615    20     23         0.1500     2.7000     1700.0000  % 
LB close or above UB, fathomed
616    19     20         0.1500     2.7000     1700.0000  % 
LB close or above UB, fathomed
617    18     17         0.1500     2.7000     1700.0000  % 
LB close or above UB, fathomed
618    17     16         0.1500     2.7000     1700.0000  % 
LB close or above UB, fathomed
619    16     14         0.1500     2.7000     1700.0000  % 
LB close or above UB, fathomed
620    15     20         0.1500     2.7000     1700.0000  % 
UB: 2.6999999999999993
branching on 3 with b.
621    16     21         0.1500     2.7000     1700.0000  % 
UB: 2.6999999999999993
branching on 1 with b.
622    16     22         0.1500     2.7000     1700.0000  % 
UB: 2.6999999999999993
branching on 2 with b.
623    16     23         0.1500     2.7000     1700.0000  % 
UB: 2.6999999999999993
branching on 3 with b.
624    17     24         0.1500     2.7000     1700.0000  % 
LB close or above UB, fathomed
625    16     24         0.1500     2.7000     1700.0000  % 
LB close or above UB, fathomed
626    15     21         0.1500     2.7000     1700.0000  % 
LB close or above UB, fathomed
627    14     20         0.1500     2.7000     1700.0000  % 
LB close or above UB, fathomed
628    13     17         0.1500     2.7000     1700.0000  % 
LB close or above UB, fathomed
629    12     17         0.1500     2.7000     1700.0000  % 
UB: 2.6999999999999993
branching on CartesianIndex(1, 7) with c.
630    13     18         0.1500     2.7000     1700.0000  % 
UB: 2.6999999999999993
branching on 2 with b.
631    14     19         0.1500     2.7000     1700.0000  % 
UB: 2.6999999999999993
branching on CartesianIndex(2, 7) with c.
632    15     20         0.1500     2.7000     1700.0000  % 
UB: 2.6999999999999993
branching on 3 with b.
633    16     21         0.1500     2.7000     1700.0000  % 
UB: 2.6999999999999993
branching on 1 with b.
634    16     22         0.1500     2.7000     1700.0000  % 
UB: 2.6999999999999993
branching on 2 with b.
635    16     23         0.1500     2.7000     1700.0000  % 
UB: 2.6999999999999993
branching on 3 with b.
636    17     24         0.1500     2.7000     1700.0000  % 
LB close or above UB, fathomed
637    16     24         0.1500     2.7000     1700.0000  % 
LB close or above UB, fathomed
638    15     21         0.1500     2.7000     1700.0000  % 
LB close or above UB, fathomed
639    14     20         0.1500     2.7000     1700.0000  % 
LB close or above UB, fathomed
640    13     19         0.1500     2.7000     1700.0000  % 
LB close or above UB, fathomed
641    12     18         0.1500     2.7000     1700.0000  % 
LB close or above UB, fathomed
642    11     20         0.1500     2.7000     1700.0000  % 
LB close or above UB, fathomed
643    10     20         0.1500     2.7000     1700.0000  % 
UB: 2.6999999999999993
branching on CartesianIndex(1, 7) with c.
644    11     21         0.1500     2.7000     1700.0000  % 
UB: 2.6999999999999993
branching on CartesianIndex(2, 7) with c.
645    12     22         0.1500     2.7000     1700.0000  % 
UB: 2.6999999999999993
branching on 2 with b.
646    12     23         0.1500     2.7000     1700.0000  % 
UB: 2.6999999999999993
branching on 3 with b.
647    13     24         0.1500     2.7000     1700.0000  % 
LB close or above UB, fathomed
648    12     24         0.1500     2.7000     1700.0000  % 
LB close or above UB, fathomed
649    11     22         0.1500     2.7000     1700.0000  % 
LB close or above UB, fathomed
650    10     21         0.1500     2.7000     1700.0000  % 
LB close or above UB, fathomed
651    9      14         0.1500     2.7000     1700.0000  % 
LB close or above UB, fathomed
652    8      14         0.1500     2.7000     1700.0000  % 
UB: 2.6999999999999993
branching on 3 with b.
653    9      15         0.1500     2.7000     1700.0000  % 
UB: 2.6999999999999993
branching on CartesianIndex(1, 5) with c.
654    10     16         0.1500     2.7000     1700.0000  % 
UB: 2.6999999999999993
branching on CartesianIndex(2, 5) with c.
655    11     17         0.1500     2.7000     1700.0000  % 
UB: 2.6999999999999993
branching on CartesianIndex(1, 6) with c.
656    12     18         0.1500     2.7000     1700.0000  % 
UB: 2.6999999999999993
branching on CartesianIndex(2, 6) with c.
657    13     19         0.1500     2.7000     1700.0000  % 
LB close or above UB, fathomed
658    12     19         0.1500     2.7000     1700.0000  % 
UB: 2.6999999999999993
branching on CartesianIndex(1, 7) with c.
659    13     20         0.1500     2.7000     1700.0000  % 
UB: 2.6999999999999993
branching on CartesianIndex(2, 7) with c.
660    14     21         0.1500     2.7000     1700.0000  % 
UB: 2.6999999999999993
branching on 1 with b.
661    14     22         0.1500     2.7000     1700.0000  % 
UB: 2.6999999999999993
branching on 2 with b.
662    14     23         0.1500     2.7000     1700.0000  % 
UB: 2.6999999999999993
branching on 3 with b.
663    15     24         0.1500     2.7000     1700.0000  % 
LB close or above UB, fathomed
664    14     24         0.1500     2.7000     1700.0000  % 
LB close or above UB, fathomed
665    13     21         0.1500     2.7000     1700.0000  % 
LB close or above UB, fathomed
666    12     20         0.1500     2.7000     1700.0000  % 
LB close or above UB, fathomed
667    11     18         0.1500     2.7000     1700.0000  % 
LB close or above UB, fathomed
668    10     17         0.1500     2.7000     1700.0000  % 
UB: 2.6999999999999993
branching on CartesianIndex(1, 6) with c.
669    11     18         0.1500     2.7000     1700.0000  % 
UB: 2.6999999999999993
branching on CartesianIndex(2, 6) with c.
670    12     19         0.1500     2.7000     1700.0000  % 
LB close or above UB, fathomed
671    11     19         0.1500     2.7000     1700.0000  % 
UB: 2.6999999999999993
branching on 1 with b.
672    11     20         0.1500     2.7000     1700.0000  % 
UB: 2.6999999999999993
branching on CartesianIndex(1, 7) with c.
673    12     21         0.1500     2.7000     1700.0000  % 
UB: 2.6999999999999993
branching on CartesianIndex(2, 7) with c.
674    13     22         0.1500     2.7000     1700.0000  % 
UB: 2.6999999999999993
branching on 2 with b.
675    13     23         0.1500     2.7000     1700.0000  % 
UB: 2.6999999999999993
branching on 3 with b.
676    14     24         0.1500     2.7000     1700.0000  % 
LB close or above UB, fathomed
677    13     24         0.1500     2.7000     1700.0000  % 
LB close or above UB, fathomed
678    12     22         0.1500     2.7000     1700.0000  % 
LB close or above UB, fathomed
679    11     21         0.1500     2.7000     1700.0000  % 
LB close or above UB, fathomed
680    10     18         0.1500     2.7000     1700.0000  % 
LB close or above UB, fathomed
681    9      16         0.1500     2.7000     1700.0000  % 
UB: 2.6999999999999993
branching on 1 with b.
682    9      17         0.1500     2.7000     1700.0000  % 
UB: 2.6999999999999993
branching on CartesianIndex(1, 6) with c.
683    10     18         0.1500     2.7000     1700.0000  % 
UB: 2.6999999999999993
branching on CartesianIndex(2, 6) with c.
684    11     19         0.1500     2.7000     1700.0000  % 
LB close or above UB, fathomed
685    10     19         0.1500     2.7000     1700.0000  % 
UB: 2.6999999999999993
branching on CartesianIndex(1, 7) with c.
686    11     20         0.1500     2.7000     1700.0000  % 
UB: 2.6999999999999993
branching on CartesianIndex(2, 7) with c.
687    12     21         0.1500     2.7000     1700.0000  % 
UB: 2.6999999999999993
branching on 2 with b.
688    12     22         0.1500     2.7000     1700.0000  % 
UB: 2.6999999999999993
branching on 3 with b.
689    13     23         0.1500     2.7000     1700.0000  % 
LB close or above UB, fathomed
690    12     23         0.1500     2.7000     1700.0000  % 
LB close or above UB, fathomed
691    11     21         0.1500     2.7000     1700.0000  % 
LB close or above UB, fathomed
692    10     20         0.1500     2.7000     1700.0000  % 
LB close or above UB, fathomed
693    9      18         0.1500     2.7000     1700.0000  % 
LB close or above UB, fathomed
694    8      15         0.1500     2.7000     1700.0000  % 
LB close or above UB, fathomed
695    7      14         0.1500     2.7000     1700.0000  % 
LB close or above UB, fathomed
696    6      14         0.1500     2.7000     1700.0000  % 
UB: 2.6999999999999993
branching on CartesianIndex(1, 5) with c.
697    7      15         0.1500     2.7000     1700.0000  % 
LB close or above UB, fathomed
698    6      15         0.1500     2.7000     1700.0000  % 
UB: 2.6999999999999993
branching on CartesianIndex(1, 6) with c.
699    7      16         0.1500     2.7000     1700.0000  % 
UB: 2.6999999999999993
branching on CartesianIndex(2, 6) with c.
700    8      17         0.1500     2.7000     1700.0000  % 
LB close or above UB, fathomed
701    7      17         0.1500     2.7000     1700.0000  % 
UB: 2.6999999999999993
branching on CartesianIndex(1, 7) with c.
702    8      18         0.1500     2.7000     1700.0000  % 
UB: 2.6999999999999993
branching on CartesianIndex(2, 7) with c.
703    9      19         0.1500     2.7000     1700.0000  % 
UB: 2.6999999999999993
branching on 3 with b.
704    10     20         0.1500     2.7000     1700.0000  % 
UB: 2.6999999999999993
branching on 1 with b.
705    10     21         0.1500     2.7000     1700.0000  % 
UB: 2.6999999999999993
branching on 2 with b.
706    10     22         0.1500     2.7000     1700.0000  % 
UB: 2.6999999999999993
branching on 3 with b.
707    11     23         0.1500     2.7000     1700.0000  % 
LB close or above UB, fathomed
708    10     23         0.1500     2.7000     1700.0000  % 
LB close or above UB, fathomed
709    9      20         0.1500     2.7000     1700.0000  % 
LB close or above UB, fathomed
710    8      19         0.1500     2.7000     1700.0000  % 
LB close or above UB, fathomed
711    7      18         0.1500     2.7000     1700.0000  % 
LB close or above UB, fathomed
712    6      16         0.1500     2.7000     1700.0000  % 
LB close or above UB, fathomed
713    5      16         0.1500     2.7000     1700.0000  % 
UB: 2.6999999999999993
branching on CartesianIndex(1, 5) with c.
714    6      17         0.1500     2.7000     1700.0000  % 
LB close or above UB, fathomed
715    5      17         0.1500     2.7000     1700.0000  % 
UB: 2.6999999999999993
branching on CartesianIndex(1, 6) with c.
716    6      18         0.1500     2.7000     1700.0000  % 
UB: 2.6999999999999993
branching on CartesianIndex(2, 6) with c.
717    7      19         0.1500     2.7000     1700.0000  % 
LB close or above UB, fathomed
718    6      19         0.1500     2.7000     1700.0000  % 
UB: 2.6999999999999993
branching on 1 with b.
719    6      20         0.1500     2.7000     1700.0000  % 
UB: 2.6999999999999993
branching on CartesianIndex(1, 7) with c.
720    7      21         0.1500     2.7000     1700.0000  % 
UB: 2.6999999999999993
branching on CartesianIndex(2, 7) with c.
721    8      22         0.1500     2.7000     1700.0000  % 
UB: 2.6999999999999993
branching on 2 with b.
722    8      23         0.1500     2.7000     1700.0000  % 
UB: 2.6999999999999993
branching on 3 with b.
723    9      24         0.1500     2.7000     1700.0000  % 
LB close or above UB, fathomed
724    8      24         0.1500     2.7000     1700.0000  % 
LB close or above UB, fathomed
725    7      22         0.1500     2.7000     1700.0000  % 
LB close or above UB, fathomed
726    6      21         0.1500     2.7000     1700.0000  % 
LB close or above UB, fathomed
727    5      18         0.1500     2.7000     1700.0000  % 
LB close or above UB, fathomed
728    4      16         0.1500     2.7000     1700.0000  % 
UB: 2.6999999999999993
branching on CartesianIndex(1, 5) with c.
729    5      17         0.1500     2.7000     1700.0000  % 
LB close or above UB, fathomed
730    4      17         0.1500     2.7000     1700.0000  % 
UB: 2.6999999999999993
branching on 1 with b.
731    4      18         0.1500     2.7000     1700.0000  % 
UB: 2.6999999999999993
branching on CartesianIndex(1, 6) with c.
732    5      19         0.1500     2.7000     1700.0000  % 
UB: 2.6999999999999993
branching on 2 with b.
733    5      20         0.1500     2.7000     1700.0000  % 
UB: 2.6999999999999993
branching on CartesianIndex(2, 6) with c.
734    6      21         0.1500     2.7000     1700.0000  % 
LB close or above UB, fathomed
735    5      21         0.1500     2.7000     1700.0000  % 
UB: 2.6999999999999993
branching on CartesianIndex(1, 7) with c.
736    6      22         0.1500     2.7000     1700.0000  % 
UB: 2.6999999999999993
branching on 3 with b.
737    7      23         0.1500     2.7000     1700.0000  % 
LB close or above UB, fathomed
738    6      23         0.1500     2.7000     1700.0000  % 
LB close or above UB, fathomed
739    5      22         0.1500     2.7000     1700.0000  % 
LB close or above UB, fathomed
740    4      19         0.1500     2.7000     1700.0000  % 
LB close or above UB, fathomed
741    3      10         0.1500     2.7000     1700.0000  % 
UB: 2.6999999999999993
branching on CartesianIndex(1, 4) with c.
742    4      11         0.1500     2.7000     1700.0000  % 
LB close or above UB, fathomed
743    3      11         0.1500     2.7000     1700.0000  % 
UB: 2.6999999999999993
branching on CartesianIndex(1, 5) with c.
744    4      12         0.1500     2.7000     1700.0000  % 
UB: 2.6999999999999993
branching on CartesianIndex(2, 5) with c.
745    5      13         0.1500     2.7000     1700.0000  % 
UB: 2.6999999999999993
branching on 3 with b.
746    6      14         0.1500     2.7000     1700.0000  % 
LB close or above UB, fathomed
747    5      14         0.1500     2.7000     1700.0000  % 
LB close or above UB, fathomed
748    4      13         0.1500     2.7000     1700.0000  % 
UB: 2.6999999999999993
branching on 3 with b.
749    5      14         0.1500     2.7000     1700.0000  % 
LB close or above UB, fathomed
750    4      14         0.1500     2.7000     1700.0000  % 
LB close or above UB, fathomed
751    3      12         0.1500     2.7000     1700.0000  % 
UB: 2.6999999999999993
branching on 3 with b.
752    4      13         0.1500     2.7000     1700.0000  % 
LB close or above UB, fathomed
753    3      13         0.1500     2.7000     1700.0000  % 
LB close or above UB, fathomed
754    2      10         0.1500     2.7000     1700.0000  % 
UB: 2.6999999999999993
branching on 3 with b.
755    3      11         0.1500     2.7000     1700.0000  % 
LB close or above UB, fathomed
756    2      11         0.1500     2.7000     1700.0000  % 
UB: 2.6999999999999993
branching on CartesianIndex(1, 4) with c.
757    3      12         0.1500     2.7000     1700.0000  % 
LB close or above UB, fathomed
758    2      12         0.1500     2.7000     1700.0000  % 
UB: 2.6999999999999993
branching on CartesianIndex(1, 5) with c.
759    3      13         0.1500     2.7000     1700.0000  % 
UB: 2.6999999999999993
branching on CartesianIndex(2, 5) with c.
760    4      14         0.1500     2.7000     1700.0000  % 
UB: 2.6999999999999993
branching on CartesianIndex(1, 6) with c.
761    5      15         0.1500     2.7000     1700.0000  % 
UB: 2.6999999999999993
branching on CartesianIndex(2, 6) with c.
762    6      16         0.1500     2.7000     1700.0000  % 
LB close or above UB, fathomed
763    5      16         0.1500     2.7000     1700.0000  % 
UB: 2.6999999999999993
branching on CartesianIndex(1, 7) with c.
764    6      17         0.1500     2.7000     1700.0000  % 
UB: 2.6999999999999993
branching on 1 with b.
765    7      18         0.1500     2.7000     1700.0000  % 
UB: 2.6999999999999993
branching on CartesianIndex(2, 7) with c.
766    8      19         0.1500     2.7000     1700.0000  % 
UB: 2.6999999999999993
branching on 2 with b.
767    9      20         0.1500     2.7000     1700.0000  % 
UB: 2.6999999999999993
branching on 3 with b.
768    10     21         0.1500     2.7000     1700.0000  % 
UB: 2.6999999999999993
branching on 1 with b.
769    10     22         0.1500     2.7000     1700.0000  % 
UB: 2.6999999999999993
branching on 2 with b.
770    11     23         0.1500     2.7000     1700.0000  % 
UB: 2.6999999999999993
branching on 3 with b.
771    12     24         0.1500     2.7000     1700.0000  % 
LB close or above UB, fathomed
772    11     24         0.1500     2.7000     1700.0000  % 
LB close or above UB, fathomed
773    10     23         0.1500     2.7000     1700.0000  % 
UB: 2.6999999999999993
branching on 3 with b.
774    11     24         0.1500     2.7000     1700.0000  % 
LB close or above UB, fathomed
775    10     24         0.1500     2.7000     1700.0000  % 
LB close or above UB, fathomed
776    9      21         0.1500     2.7000     1700.0000  % 
LB close or above UB, fathomed
777    8      20         0.1500     2.7000     1700.0000  % 
UB: 2.6999999999999993
branching on 3 with b.
778    9      21         0.1500     2.7000     1700.0000  % 
UB: 2.6999999999999993
branching on 1 with b.
779    9      22         0.1500     2.7000     1700.0000  % 
UB: 2.6999999999999993
branching on 2 with b.
780    9      23         0.1500     2.7000     1700.0000  % 
UB: 2.6999999999999993
branching on 3 with b.
781    10     24         0.1500     2.7000     1700.0000  % 
LB close or above UB, fathomed
782    9      24         0.1500     2.7000     1700.0000  % 
LB close or above UB, fathomed
783    8      21         0.1500     2.7000     1700.0000  % 
LB close or above UB, fathomed
784    7      19         0.1500     2.7000     1700.0000  % 
LB close or above UB, fathomed
785    6      18         0.1500     2.7000     1700.0000  % 
UB: 2.6999999999999993
branching on CartesianIndex(2, 7) with c.
786    7      19         0.1500     2.7000     1700.0000  % 
UB: 2.6999999999999993
branching on 2 with b.
787    8      20         0.1500     2.7000     1700.0000  % 
UB: 2.6999999999999993
branching on 3 with b.
788    9      21         0.1500     2.7000     1700.0000  % 
UB: 2.6999999999999993
branching on 1 with b.
789    9      22         0.1500     2.7000     1700.0000  % 
UB: 2.6999999999999993
branching on 2 with b.
790    10     23         0.1500     2.7000     1700.0000  % 
UB: 2.6999999999999993
branching on 3 with b.
791    11     24         0.1500     2.7000     1700.0000  % 
LB close or above UB, fathomed
792    10     24         0.1500     2.7000     1700.0000  % 
LB close or above UB, fathomed
793    9      23         0.1500     2.7000     1700.0000  % 
UB: 2.6999999999999993
branching on 3 with b.
794    10     24         0.1500     2.7000     1700.0000  % 
LB close or above UB, fathomed
795    9      24         0.1500     2.7000     1700.0000  % 
LB close or above UB, fathomed
796    8      21         0.1500     2.7000     1700.0000  % 
LB close or above UB, fathomed
797    7      20         0.1500     2.7000     1700.0000  % 
UB: 2.6999999999999993
branching on 3 with b.
798    8      21         0.1500     2.7000     1700.0000  % 
UB: 2.6999999999999993
branching on 1 with b.
799    8      22         0.1500     2.7000     1700.0000  % 
UB: 2.6999999999999993
branching on 2 with b.
800    8      23         0.1500     2.7000     1700.0000  % 
UB: 2.6999999999999993
branching on 3 with b.
801    9      24         0.1500     2.7000     1700.0000  % 
LB close or above UB, fathomed
802    8      24         0.1500     2.7000     1700.0000  % 
LB close or above UB, fathomed
803    7      21         0.1500     2.7000     1700.0000  % 
LB close or above UB, fathomed
804    6      19         0.1500     2.7000     1700.0000  % 
LB close or above UB, fathomed
805    5      17         0.1500     2.7000     1700.0000  % 
LB close or above UB, fathomed
806    4      15         0.1500     2.7000     1700.0000  % 
LB close or above UB, fathomed
807    3      14         0.1500     2.7000     1700.0000  % 
UB: 2.6999999999999993
branching on 1 with b.
808    4      15         0.1500     2.7000     1700.0000  % 
UB: 2.6999999999999993
branching on 2 with b.
809    5      16         0.1500     2.7000     1700.0000  % 
UB: 2.6999999999999993
branching on CartesianIndex(1, 6) with c.
810    6      17         0.1500     2.7000     1700.0000  % 
UB: 2.6999999999999993
branching on CartesianIndex(2, 6) with c.
811    7      18         0.1500     2.7000     1700.0000  % 
LB close or above UB, fathomed
812    6      18         0.1500     2.7000     1700.0000  % 
UB: 2.6999999999999993
branching on CartesianIndex(1, 7) with c.
813    7      19         0.1500     2.7000     1700.0000  % 
UB: 2.6999999999999993
branching on 3 with b.
814    8      20         0.1500     2.7000     1700.0000  % 
UB: 2.6999999999999993
branching on CartesianIndex(2, 7) with c.
815    9      21         0.1500     2.7000     1700.0000  % 
UB: 2.6999999999999993
branching on 1 with b.
816    9      22         0.1500     2.7000     1700.0000  % 
UB: 2.6999999999999993
branching on 2 with b.
817    10     23         0.1500     2.7000     1700.0000  % 
UB: 2.6999999999999993
branching on 3 with b.
818    11     24         0.1500     2.7000     1700.0000  % 
LB close or above UB, fathomed
819    10     24         0.1500     2.7000     1700.0000  % 
LB close or above UB, fathomed
820    9      23         0.1500     2.7000     1700.0000  % 
UB: 2.6999999999999993
branching on 3 with b.
821    10     24         0.1500     2.7000     1700.0000  % 
LB close or above UB, fathomed
822    9      24         0.1500     2.7000     1700.0000  % 
LB close or above UB, fathomed
823    8      21         0.1500     2.7000     1700.0000  % 
LB close or above UB, fathomed
824    7      20         0.1500     2.7000     1700.0000  % 
LB close or above UB, fathomed
825    6      19         0.1500     2.7000     1700.0000  % 
LB close or above UB, fathomed
826    5      17         0.1500     2.7000     1700.0000  % 
LB close or above UB, fathomed
827    4      16         0.1500     2.7000     1700.0000  % 
UB: 2.6999999999999993
branching on CartesianIndex(1, 6) with c.
828    5      17         0.1500     2.7000     1700.0000  % 
UB: 2.6999999999999993
branching on 3 with b.
829    6      18         0.1500     2.7000     1700.0000  % 
UB: 2.6999999999999993
branching on CartesianIndex(2, 6) with c.
830    7      19         0.1500     2.7000     1700.0000  % 
LB close or above UB, fathomed
831    6      19         0.1500     2.7000     1700.0000  % 
UB: 2.6999999999999993
branching on CartesianIndex(1, 7) with c.
832    7      20         0.1500     2.7000     1700.0000  % 
UB: 2.6999999999999993
branching on CartesianIndex(2, 7) with c.
833    8      21         0.1500     2.7000     1700.0000  % 
UB: 2.6999999999999993
branching on 1 with b.
834    8      22         0.1500     2.7000     1700.0000  % 
UB: 2.6999999999999993
branching on 2 with b.
835    8      23         0.1500     2.7000     1700.0000  % 
UB: 2.6999999999999993
branching on 3 with b.
836    9      24         0.1500     2.7000     1700.0000  % 
LB close or above UB, fathomed
837    8      24         0.1500     2.7000     1700.0000  % 
LB close or above UB, fathomed
838    7      21         0.1500     2.7000     1700.0000  % 
LB close or above UB, fathomed
839    6      20         0.1500     2.7000     1700.0000  % 
LB close or above UB, fathomed
840    5      18         0.1500     2.7000     1700.0000  % 
LB close or above UB, fathomed
841    4      17         0.1500     2.7000     1700.0000  % 
LB close or above UB, fathomed
842    3      15         0.1500     2.7000     1700.0000  % 
UB: 2.6999999999999993
branching on CartesianIndex(1, 6) with c.
843    4      16         0.1500     2.7000     1700.0000  % 
UB: 2.6999999999999993
branching on CartesianIndex(2, 6) with c.
844    5      17         0.1500     2.7000     1700.0000  % 
LB close or above UB, fathomed
845    4      17         0.1500     2.7000     1700.0000  % 
UB: 2.6999999999999993
branching on CartesianIndex(1, 7) with c.
846    5      18         0.1500     2.7000     1700.0000  % 
UB: 2.6999999999999993
branching on CartesianIndex(2, 7) with c.
847    6      19         0.1500     2.7000     1700.0000  % 
UB: 2.6999999999999993
branching on 2 with b.
848    7      20         0.1500     2.7000     1700.0000  % 
UB: 2.6999999999999993
branching on 3 with b.
849    8      21         0.1500     2.7000     1700.0000  % 
UB: 2.6999999999999993
branching on 1 with b.
850    8      22         0.1500     2.7000     1700.0000  % 
UB: 2.6999999999999993
branching on 2 with b.
851    9      23         0.1500     2.7000     1700.0000  % 
UB: 2.6999999999999993
branching on 3 with b.
852    10     24         0.1500     2.7000     1700.0000  % 
LB close or above UB, fathomed
853    9      24         0.1500     2.7000     1700.0000  % 
LB close or above UB, fathomed
854    8      23         0.1500     2.7000     1700.0000  % 
UB: 2.6999999999999993
branching on 3 with b.
855    9      24         0.1500     2.7000     1700.0000  % 
LB close or above UB, fathomed
856    8      24         0.1500     2.7000     1700.0000  % 
LB close or above UB, fathomed
857    7      21         0.1500     2.7000     1700.0000  % 
LB close or above UB, fathomed
858    6      20         0.1500     2.7000     1700.0000  % 
UB: 2.6999999999999993
branching on 3 with b.
859    7      21         0.1500     2.7000     1700.0000  % 
UB: 2.6999999999999993
branching on 1 with b.
860    7      22         0.1500     2.7000     1700.0000  % 
UB: 2.6999999999999993
branching on 2 with b.
861    7      23         0.1500     2.7000     1700.0000  % 
UB: 2.6999999999999993
branching on 3 with b.
862    8      24         0.1500     2.7000     1700.0000  % 
LB close or above UB, fathomed
863    7      24         0.1500     2.7000     1700.0000  % 
LB close or above UB, fathomed
864    6      21         0.1500     2.7000     1700.0000  % 
LB close or above UB, fathomed
865    5      19         0.1500     2.7000     1700.0000  % 
LB close or above UB, fathomed
866    4      18         0.1500     2.7000     1700.0000  % 
LB close or above UB, fathomed
867    3      16         0.1500     2.7000     1700.0000  % 
LB close or above UB, fathomed
868    2      13         0.1500     2.7000     1700.0000  % 
UB: 2.6999999999999993
branching on CartesianIndex(1, 6) with c.
869    3      14         0.1500     2.7000     1700.0000  % 
UB: 2.6999999999999993
branching on CartesianIndex(2, 6) with c.
870    4      15         0.1500     2.7000     1700.0000  % 
LB close or above UB, fathomed
871    3      15         0.1500     2.7000     1700.0000  % 
UB: 2.6999999999999993
branching on CartesianIndex(1, 7) with c.
872    4      16         0.1500     2.7000     1700.0000  % 
UB: 2.6999999999999993
branching on 1 with b.
873    5      17         0.1500     2.7000     1700.0000  % 
UB: 2.6999999999999993
branching on 2 with b.
874    6      18         0.1500     2.7000     1700.0000  % 
UB: 2.6999999999999993
branching on CartesianIndex(2, 7) with c.
875    7      19         0.1500     2.7000     1700.0000  % 
UB: 2.6999999999999993
branching on 3 with b.
876    8      20         0.1500     2.7000     1700.0000  % 
UB: 2.6999999999999993
branching on 1 with b.
877    8      21         0.1500     2.7000     1700.0000  % 
UB: 2.6999999999999993
branching on 2 with b.
878    9      22         0.1500     2.7000     1700.0000  % 
UB: 2.6999999999999993
branching on 3 with b.
879    10     23         0.1500     2.7000     1700.0000  % 
LB close or above UB, fathomed
880    9      23         0.1500     2.7000     1700.0000  % 
LB close or above UB, fathomed
881    8      22         0.1500     2.7000     1700.0000  % 
UB: 2.6999999999999993
branching on 3 with b.
882    9      23         0.1500     2.7000     1700.0000  % 
LB close or above UB, fathomed
883    8      23         0.1500     2.7000     1700.0000  % 
LB close or above UB, fathomed
884    7      20         0.1500     2.7000     1700.0000  % 
LB close or above UB, fathomed
885    6      19         0.1500     2.7000     1700.0000  % 
LB close or above UB, fathomed
886    5      18         0.1500     2.7000     1700.0000  % 
UB: 2.6999999999999993
branching on CartesianIndex(2, 7) with c.
887    6      19         0.1500     2.7000     1700.0000  % 
UB: 2.6999999999999993
branching on 3 with b.
888    7      20         0.1500     2.7000     1700.0000  % 
UB: 2.6999999999999993
branching on 1 with b.
889    7      21         0.1500     2.7000     1700.0000  % 
UB: 2.6999999999999993
branching on 2 with b.
890    7      22         0.1500     2.7000     1700.0000  % 
UB: 2.6999999999999993
branching on 3 with b.
891    8      23         0.1500     2.7000     1700.0000  % 
LB close or above UB, fathomed
892    7      23         0.1500     2.7000     1700.0000  % 
LB close or above UB, fathomed
893    6      20         0.1500     2.7000     1700.0000  % 
LB close or above UB, fathomed
894    5      19         0.1500     2.7000     1700.0000  % 
LB close or above UB, fathomed
895    4      17         0.1500     2.7000     1700.0000  % 
UB: 2.6999999999999993
branching on CartesianIndex(2, 7) with c.
896    5      18         0.1500     2.7000     1700.0000  % 
UB: 2.6999999999999993
branching on 2 with b.
897    6      19         0.1500     2.7000     1700.0000  % 
UB: 2.6999999999999993
branching on 3 with b.
898    7      20         0.1500     2.7000     1700.0000  % 
UB: 2.6999999999999993
branching on 1 with b.
899    7      21         0.1500     2.7000     1700.0000  % 
UB: 2.6999999999999993
branching on 2 with b.
900    8      22         0.1500     2.7000     1700.0000  % 
UB: 2.6999999999999993
branching on 3 with b.
901    9      23         0.1500     2.7000     1700.0000  % 
LB close or above UB, fathomed
902    8      23         0.1500     2.7000     1700.0000  % 
LB close or above UB, fathomed
903    7      22         0.1500     2.7000     1700.0000  % 
UB: 2.6999999999999993
branching on 3 with b.
904    8      23         0.1500     2.7000     1700.0000  % 
LB close or above UB, fathomed
905    7      23         0.1500     2.7000     1700.0000  % 
LB close or above UB, fathomed
906    6      20         0.1500     2.7000     1700.0000  % 
LB close or above UB, fathomed
907    5      19         0.1500     2.7000     1700.0000  % 
UB: 2.6999999999999993
branching on 3 with b.
908    6      20         0.1500     2.7000     1700.0000  % 
UB: 2.6999999999999993
branching on 1 with b.
909    6      21         0.1500     2.7000     1700.0000  % 
UB: 2.6999999999999993
branching on 2 with b.
910    6      22         0.1500     2.7000     1700.0000  % 
UB: 2.6999999999999993
branching on 3 with b.
911    7      23         0.1500     2.7000     1700.0000  % 
LB close or above UB, fathomed
912    6      23         0.1500     2.7000     1700.0000  % 
LB close or above UB, fathomed
913    5      20         0.1500     2.7000     1700.0000  % 
LB close or above UB, fathomed
914    4      18         0.1500     2.7000     1700.0000  % 
LB close or above UB, fathomed
915    3      16         0.1500     2.7000     1700.0000  % 
LB close or above UB, fathomed
916    2      14         0.1500     2.7000     1700.0000  % 
LB close or above UB, fathomed
917    1      13         0.1500     2.7000     1700.0000  % 
LB close or above UB, fathomed
918    0      13         0.1500     2.7000     1700.0000  % 
UB: 2.6999999999999993
branching on CartesianIndex(1, 4) with c.
919    1      14         0.1500     2.7000     1700.0000  % 
LB close or above UB, fathomed
920    0      14         0.1500     2.7000     1700.0000  % 
UB: 2.6999999999999993
branching on CartesianIndex(1, 5) with c.
921    1      15         0.1500     2.7000     1700.0000  % 
LB close or above UB, fathomed
922    0      15         0.1500     2.7000     1700.0000  % 
UB: 2.6999999999999993
branching on CartesianIndex(1, 6) with c.
923    1      16         0.1500     2.7000     1700.0000  % 
UB: 2.6999999999999993
branching on CartesianIndex(2, 6) with c.
924    2      17         0.1500     2.7000     1700.0000  % 
LB close or above UB, fathomed
925    1      17         0.1500     2.7000     1700.0000  % 
UB: 2.6999999999999993
branching on CartesianIndex(1, 7) with c.
926    2      18         0.1500     2.7000     1700.0000  % 
UB: 2.6999999999999993
branching on CartesianIndex(2, 7) with c.
927    3      19         0.1500     2.7000     1700.0000  % 
UB: 2.6999999999999993
branching on 3 with b.
928    4      20         0.1500     2.7000     1700.0000  % 
UB: 2.6999999999999993
branching on 1 with b.
929    4      21         0.1500     2.7000     1700.0000  % 
UB: 2.6999999999999993
branching on 2 with b.
930    4      22         0.1500     2.7000     1700.0000  % 
UB: 2.6999999999999993
branching on 3 with b.
931    5      23         0.1500     2.7000     1700.0000  % 
LB close or above UB, fathomed
932    4      23         0.1500     2.7000     1700.0000  % 
LB close or above UB, fathomed
933    3      20         0.1500     2.7000     1700.0000  % 
LB close or above UB, fathomed
934    2      19         0.1500     2.7000     1700.0000  % 
LB close or above UB, fathomed
935    1      18         0.1500     2.7000     1700.0000  % 
LB close or above UB, fathomed
936    0      16         0.1500     2.7000     1700.0000  % 
LB close or above UB, fathomed
all node solved
solved nodes:  937
937                                                   2.6778e+00     2.7000e+00     0.8299  % 
2×3 Matrix{Float64}:
 0.0  0.0  1.0
 1.0  0.0  0.0
3-element Vector{Float64}:
 0.3692926180236871
 0.0
 0.7869277784768962
3×7 Matrix{Float64}:
 0.0  0.0  0.0  0.0  1.0  0.0  0.0
 0.0  0.0  0.0  0.0  0.0  1.0  0.0
 0.0  0.0  0.0  0.0  0.0  0.0  1.0
3-element Vector{Float64}:
 1.0
 0.0
 1.0
2×3 Matrix{Float64}:
 0.0  0.0  1.0
 1.0  0.0  0.0
3-element Vector{Float64}:
 0.3372417416340634
 0.0
 0.6455302848422664
3×7 Matrix{Float64}:
 0.0  0.0  0.0  0.0  1.0  0.0  0.0
 0.0  0.0  0.0  0.0  0.0  1.0  0.0
 0.0  0.0  0.0  0.0  0.0  0.0  1.0
3-element Vector{Float64}:
 1.0
 0.0
 1.0
comparison (CRT and Glb)on prediction: Dict{Bool, Int64}(0 => 0, 1 => 4)
Dataname	 time	 objv	 lb	 gap	 train_w	 train_g	 test_w	 test_g
small_toy_403.small_toy	 59.38	 2.6999999999999993	 2.678	 0.0083	 88.889	 88.889	 75.0	 75.0
