Running 2 processes.
Start training small_toy_981.small_toy with seed 1.
Any[]
(2, 13)
(2, 6)
(2, 3)
(2, 4)
dimension: 2, class: 3
cart cost: 2.7000000000000006
size of X: (2, 9)
ngroups: 2
UB: 2.6999999999999993
Iter	left	lev	LB	UB	gap	
0      0      1          0.1000     2.7000     2600.0000  % 
UB: 2.6999999999999993
branching on 1 with d.
1      1      2          0.1000     2.7000     2600.0000  % 
LB close or above UB, fathomed
2      0      2          0.1000     2.7000     2600.0000  % 
UB: 2.6999999999999993
branching on 2 with d.
3      1      3          0.1000     2.7000     2600.0000  % 
UB: 2.6999999999999993
branching on 3 with d.
4      2      4          0.1000     2.7000     2600.0000  % 
LB close or above UB, fathomed
5      1      4          0.1000     2.7000     2600.0000  % 
UB: 2.6999999999999993
branching on CartesianIndex(1, 1) with a.
6      2      5          0.1000     2.7000     2600.0000  % 
UB: 2.6999999999999993
branching on CartesianIndex(1, 3) with a.
7      3      6          0.1000     2.7000     2600.0000  % 
LB close or above UB, fathomed
8      2      6          0.1000     2.7000     2600.0000  % 
UB: 2.6999999999999993
branching on CartesianIndex(1, 5) with c.
9      3      7          0.1000     2.7000     2600.0000  % 
LB close or above UB, fathomed
10     2      7          0.1000     2.7000     2600.0000  % 
UB: 2.6999999999999993
branching on CartesianIndex(1, 6) with c.
11     3      8          0.1000     2.7000     2600.0000  % 
UB: 2.6999999999999993
branching on 1 with b.
12     4      9          0.1000     2.7000     2600.0000  % 
UB: 2.6999999999999993
branching on CartesianIndex(2, 6) with c.
13     5      10         0.1000     2.7000     2600.0000  % 
LB close or above UB, fathomed
14     4      10         0.1000     2.7000     2600.0000  % 
LB close or above UB, fathomed
15     3      9          0.1000     2.7000     2600.0000  % 
LB close or above UB, fathomed
16     2      8          0.1000     2.7000     2600.0000  % 
LB close or above UB, fathomed
17     1      5          0.1000     2.7000     2600.0000  % 
UB: 2.6999999999999993
branching on CartesianIndex(1, 3) with a.
18     2      6          0.1000     2.7000     2600.0000  % 
LB close or above UB, fathomed
19     1      6          0.1000     2.7000     2600.0000  % 
UB: 2.6999999999999993
branching on CartesianIndex(1, 5) with c.
20     2      7          0.1000     2.7000     2600.0000  % 
LB close or above UB, fathomed
21     1      7          0.1000     2.7000     2600.0000  % 
UB: 2.6999999999999993
branching on CartesianIndex(1, 6) with c.
22     2      8          0.1000     2.7000     2600.0000  % 
UB: 2.6999999999999993
branching on 1 with b.
23     3      9          0.1000     2.7000     2600.0000  % 
LB close or above UB, fathomed
24     2      9          0.1000     2.7000     2600.0000  % 
LB close or above UB, fathomed
25     1      8          0.1000     2.7000     2600.0000  % 
LB close or above UB, fathomed
26     0      3          0.1000     2.7000     2600.0000  % 
UB: 2.6999999999999993
branching on 3 with d.
27     1      4          0.1000     2.7000     2600.0000  % 
UB: 2.6999999999999993
branching on CartesianIndex(1, 1) with a.
28     2      5          0.1000     2.7000     2600.0000  % 
LB close or above UB, fathomed
29     1      5          0.1000     2.7000     2600.0000  % 
UB: 2.6999999999999993
branching on CartesianIndex(1, 2) with a.
30     2      6          0.1000     2.7000     2600.0000  % 
UB: 2.6999999999999993
branching on 1 with b.
31     3      7          0.1000     2.7000     2600.0000  % 
LB close or above UB, fathomed
32     2      7          0.1000     2.7000     2600.0000  % 
UB: 2.6999999999999993
branching on CartesianIndex(1, 4) with c.
33     3      8          0.1000     2.7000     2600.0000  % 
LB close or above UB, fathomed
34     2      8          0.1000     2.7000     2600.0000  % 
UB: 2.6999999999999993
branching on CartesianIndex(1, 5) with c.
35     3      6          0.1000     2.7000     2600.0000  % 
UB: 2.6999999999999993
branching on 1 with b.
36     4      7          0.1000     2.7000     2600.0000  % 
LB close or above UB, fathomed
37     3      7          0.1000     2.7000     2600.0000  % 
UB: 2.6999999999999993
branching on CartesianIndex(1, 4) with c.
38     4      8          0.1000     2.7000     2600.0000  % 
LB close or above UB, fathomed
39     3      8          0.1000     2.7000     2600.0000  % 
UB: 2.6999999999999993
branching on 1 with b.
40     4      4          0.1000     2.7000     2600.0000  % 
UB: 2.6999999999999993
branching on 1 with b.
41     5      9          0.1000     2.7000     2600.0000  % 
UB: 2.6999999999999993
branching on CartesianIndex(1, 5) with c.
42     6      10         0.1000     2.7000     2600.0000  % 
UB: 2.6999999999999993
branching on 2 with b.
43     7      11         0.1000     2.7000     2600.0000  % 
LB close or above UB, fathomed
44     6      11         0.1000     2.7000     2600.0000  % 
LB close or above UB, fathomed
45     5      10         0.1000     2.7000     2600.0000  % 
LB close or above UB, fathomed
46     4      9          0.1000     2.7000     2600.0000  % 
LB close or above UB, fathomed
47     3      9          0.1000     2.7000     2600.0000  % 
UB: 2.6999999999999993
branching on 1 with b.
48     4      10         0.1000     2.7000     2600.0000  % 
UB: 2.6999999999999993
branching on CartesianIndex(2, 5) with c.
49     5      11         0.1000     2.7000     2600.0000  % 
LB close or above UB, fathomed
50     4      11         0.1000     2.7000     2600.0000  % 
LB close or above UB, fathomed
51     3      10         0.1000     2.7000     2600.0000  % 
LB close or above UB, fathomed
52     2      9          0.1000     2.7000     2600.0000  % 
LB close or above UB, fathomed
53     1      5          0.1500     2.7000     1700.0000  % 
UB: 2.6999999999999993
branching on CartesianIndex(1, 1) with a.
54     2      6          0.1500     2.7000     1700.0000  % 
UB: 2.6999999999999993
branching on CartesianIndex(1, 2) with a.
55     3      7          0.1500     2.7000     1700.0000  % 
UB: 2.6999999999999993
branching on 1 with b.
56     4      8          0.1500     2.7000     1700.0000  % 
LB close or above UB, fathomed
57     3      8          0.1500     2.7000     1700.0000  % 
UB: 2.6999999999999993
branching on 2 with b.
58     4      9          0.1500     2.7000     1700.0000  % 
UB: 2.6999999999999993
branching on 3 with b.
59     5      10         0.1500     2.7000     1700.0000  % 
LB close or above UB, fathomed
60     4      10         0.1500     2.7000     1700.0000  % 
UB: 2.6999999999999993
branching on CartesianIndex(1, 3) with a.
61     5      11         0.1500     2.7000     1700.0000  % 
UB: 2.6999999999999993
branching on CartesianIndex(1, 4) with c.
62     6      11         0.1500     2.7000     1700.0000  % 
UB: 2.6999999999999993
branching on CartesianIndex(1, 4) with c.
63     7      12         0.1500     2.7000     1700.0000  % 
UB: 2.6999999999999993
branching on CartesianIndex(2, 4) with c.
64     8      12         0.1500     2.7000     1700.0000  % 
UB: 2.6999999999999993
branching on CartesianIndex(1, 5) with c.
65     9      13         0.1500     2.7000     1700.0000  % 
UB: 2.6999999999999993
branching on CartesianIndex(2, 5) with c.
66     10     14         0.1500     2.7000     1700.0000  % 
UB: 2.6999999999999993
branching on 1 with b.
67     10     15         0.1500     2.7000     1700.0000  % 
UB: 2.6999999999999993
branching on CartesianIndex(1, 6) with c.
68     11     16         0.1500     2.7000     1700.0000  % 
UB: 2.6999999999999993
branching on 2 with b.
69     12     17         0.1500     2.7000     1700.0000  % 
LB close or above UB, fathomed
70     11     17         0.1500     2.7000     1700.0000  % 
UB: 2.6999999999999993
branching on CartesianIndex(2, 6) with c.
71     12     18         0.1500     2.7000     1700.0000  % 
LB close or above UB, fathomed
72     11     18         0.1500     2.7000     1700.0000  % 
LB close or above UB, fathomed
73     10     16         0.1500     2.7000     1700.0000  % 
LB close or above UB, fathomed
74     9      14         0.1500     2.7000     1700.0000  % 
UB: 2.6999999999999993
branching on 1 with b.
75     9      13         0.1500     2.7000     1700.0000  % 
UB: 2.6999999999999993
branching on CartesianIndex(1, 6) with c.
76     10     9          0.1500     2.7000     1700.0000  % 
UB: 2.6999999999999993
branching on CartesianIndex(1, 3) with a.
77     11     7          0.1500     2.7000     1700.0000  % 
UB: 2.6999999999999993
branching on 1 with b.
78     12     8          0.1500     2.7000     1700.0000  % 
LB close or above UB, fathomed
79     11     8          0.1500     2.7000     1700.0000  % 
UB: 2.6999999999999993
branching on CartesianIndex(1, 3) with a.
80     12     9          0.1500     2.7000     1700.0000  % 
UB: 2.6999999999999993
branching on 2 with b.
81     13     9          0.1500     2.7000     1700.0000  % 
UB: 2.6999999999999993
branching on 2 with b.
82     14     10         0.1500     2.7000     1700.0000  % 
UB: 2.6999999999999993
branching on 3 with b.
83     15     10         0.1500     2.7000     1700.0000  % 
UB: 2.6999999999999993
branching on CartesianIndex(1, 4) with c.
84     16     11         0.1500     2.7000     1700.0000  % 
LB close or above UB, fathomed
85     15     11         0.1500     2.7000     1700.0000  % 
UB: 2.6999999999999993
branching on 3 with b.
86     16     12         0.1500     2.7000     1700.0000  % 
LB close or above UB, fathomed
87     15     12         0.1500     2.7000     1700.0000  % 
UB: 2.6999999999999993
branching on CartesianIndex(1, 5) with c.
88     16     6          0.1500     2.7000     1700.0000  % 
LB close or above UB, fathomed
89     15     5          0.1500     2.7000     1700.0000  % 
UB: 2.6999999999999993
branching on CartesianIndex(1, 1) with a.
90     16     6          0.1500     2.7000     1700.0000  % 
LB close or above UB, fathomed
91     15     6          0.1500     2.7000     1700.0000  % 
UB: 2.6999999999999993
branching on 1 with b.
92     16     7          0.1500     2.7000     1700.0000  % 
UB: 2.6999999999999993
branching on CartesianIndex(1, 2) with a.
93     17     8          0.1500     2.7000     1700.0000  % 
UB: 2.6999999999999993
branching on CartesianIndex(1, 3) with a.
94     18     9          0.1500     2.7000     1700.0000  % 
UB: 2.6999999999999993
branching on CartesianIndex(1, 4) with c.
95     19     10         0.1500     2.7000     1700.0000  % 
LB close or above UB, fathomed
96     18     10         0.1500     2.7000     1700.0000  % 
UB: 2.6999999999999993
branching on 2 with b.
97     19     11         0.1500     2.7000     1700.0000  % 
UB: 2.6999999999999993
branching on CartesianIndex(1, 5) with c.
98     20     12         0.1500     2.7000     1700.0000  % 
UB: 2.6999999999999993
branching on CartesianIndex(2, 5) with c.
99     21     13         0.1500     2.7000     1700.0000  % 
LB close or above UB, fathomed
100    20     13         0.1500     2.7000     1700.0000  % 
UB: 2.6999999999999993
branching on CartesianIndex(1, 6) with c.
101    21     14         0.1500     2.7000     1700.0000  % 
UB: 2.6999999999999993
branching on CartesianIndex(2, 6) with c.
102    22     15         0.1500     2.7000     1700.0000  % 
LB close or above UB, fathomed
103    21     15         0.1500     2.7000     1700.0000  % 
UB: 2.6999999999999993
branching on 3 with b.
104    22     16         0.1500     2.7000     1700.0000  % 
LB close or above UB, fathomed
105    21     16         0.1500     2.7000     1700.0000  % 
LB close or above UB, fathomed
106    20     14         0.1500     2.7000     1700.0000  % 
LB close or above UB, fathomed
107    19     12         0.1500     2.7000     1700.0000  % 
LB close or above UB, fathomed
108    18     11         0.1500     2.7000     1700.0000  % 
UB: 2.6999999999999993
branching on 3 with b.
109    19     9          0.1500     2.7000     1700.0000  % 
UB: 2.6999999999999993
branching on CartesianIndex(1, 4) with c.
110    20     10         0.1500     2.7000     1700.0000  % 
LB close or above UB, fathomed
111    19     10         0.1500     2.7000     1700.0000  % 
UB: 2.6999999999999993
branching on 2 with b.
112    20     11         0.1500     2.7000     1700.0000  % 
UB: 2.6999999999999993
branching on 3 with b.
113    21     12         0.1500     2.7000     1700.0000  % 
UB: 2.6999999999999993
branching on CartesianIndex(1, 5) with c.
114    22     12         0.1500     2.7000     1700.0000  % 
UB: 2.6999999999999993
branching on CartesianIndex(1, 5) with c.
115    23     11         0.1500     2.7000     1700.0000  % 
UB: 2.6999999999999993
branching on 3 with b.
116    24     8          0.1500     2.7000     1700.0000  % 
UB: 2.6999999999999993
branching on 2 with b.
117    25     9          0.1500     2.7000     1700.0000  % 
UB: 2.6999999999999993
branching on CartesianIndex(1, 3) with a.
118    26     10         0.1500     2.7000     1700.0000  % 
UB: 2.6999999999999993
branching on 3 with b.
119    27     11         0.1500     2.7000     1700.0000  % 
LB close or above UB, fathomed
120    26     11         0.1500     2.7000     1700.0000  % 
LB close or above UB, fathomed
121    25     10         0.1500     2.7000     1700.0000  % 
UB: 2.6999999999999993
branching on 3 with b.
122    26     11         0.1500     2.7000     1700.0000  % 
LB close or above UB, fathomed
123    25     11         0.1500     2.7000     1700.0000  % 
UB: 2.6999999999999993
branching on CartesianIndex(1, 4) with c.
124    26     12         0.1500     2.7000     1700.0000  % 
LB close or above UB, fathomed
125    25     12         0.1500     2.7000     1700.0000  % 
UB: 2.6999999999999993
branching on CartesianIndex(1, 5) with c.
126    26     13         0.1500     2.7000     1700.0000  % 
LB close or above UB, fathomed
127    25     13         0.1500     2.7000     1700.0000  % 
LB close or above UB, fathomed
128    24     9          0.1500     2.7000     1700.0000  % 
LB close or above UB, fathomed
129    23     7          0.1500     2.7000     1700.0000  % 
LB close or above UB, fathomed
130    22     11         0.1500     2.7000     1700.0000  % 
LB close or above UB, fathomed
131    21     11         0.1500     2.7000     1700.0000  % 
UB: 2.6999999999999993
branching on 1 with b.
132    21     10         0.1500     2.7000     1700.0000  % 
UB: 2.6999999999999993
branching on CartesianIndex(1, 4) with c.
133    22     10         0.1500     2.7000     1700.0000  % 
UB: 2.6999999999999993
branching on 3 with b.
134    23     12         0.1500     2.7000     1700.0000  % 
LB close or above UB, fathomed
135    22     12         0.1500     2.7000     1700.0000  % 
UB: 2.6999999999999993
branching on 1 with b.
136    22     13         0.1500     2.7000     1700.0000  % 
UB: 2.6999999999999993
branching on 2 with b.
137    23     14         0.1500     2.7000     1700.0000  % 
LB close or above UB, fathomed
138    22     14         0.1500     2.7000     1700.0000  % 
UB: 2.6999999999999993
branching on 3 with b.
139    23     15         0.1500     2.7000     1700.0000  % 
UB: 2.6999999999999993
branching on CartesianIndex(1, 5) with c.
140    24     16         0.1500     2.7000     1700.0000  % 
UB: 2.6999999999999993
branching on CartesianIndex(2, 5) with c.
141    25     17         0.1500     2.7000     1700.0000  % 
UB: 2.6999999999999993
branching on CartesianIndex(1, 6) with c.
142    26     18         0.1500     2.7000     1700.0000  % 
UB: 2.6999999999999993
branching on CartesianIndex(2, 6) with c.
143    27     19         0.1500     2.7000     1700.0000  % 
LB close or above UB, fathomed
144    26     19         0.1500     2.7000     1700.0000  % 
UB: 2.6999999999999993
branching on CartesianIndex(1, 7) with c.
145    27     20         0.1500     2.7000     1700.0000  % 
UB: 2.6999999999999993
branching on CartesianIndex(2, 7) with c.
146    28     21         0.1500     2.7000     1700.0000  % 
UB: 2.6999999999999993
branching on 1 with b.
147    29     22         0.1500     2.7000     1700.0000  % 
LB close or above UB, fathomed
148    28     22         0.1500     2.7000     1700.0000  % 
UB: 2.6999999999999993
branching on 2 with b.
149    28     23         0.1500     2.7000     1700.0000  % 
UB: 2.6999999999999993
branching on 3 with b.
150    29     24         0.1500     2.7000     1700.0000  % 
UB: 2.6999999999999993
branching on 1 with b.
151    29     25         0.1500     2.7000     1700.0000  % 
UB: 2.6999999999999993
branching on 2 with b.
152    30     26         0.1500     2.7000     1700.0000  % 
UB: 2.6999999999999993
branching on 3 with b.
153    30     27         0.1500     2.7000     1700.0000  % 
UB: 2.6999999999999993
branching on 1 with b.
154    30     28         0.1500     2.7000     1700.0000  % 
UB: 2.6999999999999993
branching on 2 with b.
155    30     29         0.1500     2.7000     1700.0000  % 
UB: 2.6999999999999993
branching on 3 with b.
156    30     30         0.1500     2.7000     1700.0000  % 
UB: 2.6999999999999993
branching on 1 with b.
157    30     31         0.1500     2.7000     1700.0000  % 
UB: 2.6999999999999993
branching on 2 with b.
158    30     32         0.1500     2.7000     1700.0000  % 
UB: 2.6999999999999993
branching on 3 with b.
159    31     33         0.1500     2.7000     1700.0000  % 
LB close or above UB, fathomed
160    30     33         0.1500     2.7000     1700.0000  % 
UB: 2.6999999999999993
branching on 1 with b.
161    30     34         0.1500     2.7000     1700.0000  % 
UB: 2.6999999999999993
branching on 2 with b.
162    30     35         0.1500     2.7000     1700.0000  % 
UB: 2.6999999999999993
branching on 3 with b.
163    30     36         0.1500     2.7000     1700.0000  % 
UB: 2.6999999999999993
branching on 1 with b.
164    30     37         0.1500     2.7000     1700.0000  % 
UB: 2.6999999999999993
branching on 2 with b.
165    30     38         0.1500     2.7000     1700.0000  % 
UB: 2.6999999999999993
branching on 3 with b.
166    30     39         0.1500     2.7000     1700.0000  % 
UB: 2.6999999999999993
branching on 1 with b.
167    30     40         0.1500     2.7000     1700.0000  % 
LB close or above UB, fathomed
168    29     26         0.1500     2.7000     1700.0000  % 
UB: 2.6999999999999993
branching on 3 with b.
169    29     27         0.1500     2.7000     1700.0000  % 
UB: 2.6999999999999993
branching on 1 with b.
170    29     28         0.1500     2.7000     1700.0000  % 
UB: 2.6999999999999993
branching on 2 with b.
171    29     29         0.1500     2.7000     1700.0000  % 
UB: 2.6999999999999993
branching on 3 with b.
172    29     30         0.1500     2.7000     1700.0000  % 
UB: 2.6999999999999993
branching on 1 with b.
173    29     31         0.1500     2.7000     1700.0000  % 
UB: 2.6999999999999993
branching on 2 with b.
174    29     32         0.1500     2.7000     1700.0000  % 
UB: 2.6999999999999993
branching on 3 with b.
175    30     33         0.1500     2.7000     1700.0000  % 
LB close or above UB, fathomed
176    29     33         0.1500     2.7000     1700.0000  % 
UB: 2.6999999999999993
branching on 1 with b.
177    29     34         0.1500     2.7000     1700.0000  % 
UB: 2.6999999999999993
branching on 2 with b.
178    29     35         0.1500     2.7000     1700.0000  % 
UB: 2.6999999999999993
branching on 3 with b.
179    29     36         0.1500     2.7000     1700.0000  % 
UB: 2.6999999999999993
branching on 1 with b.
180    29     37         0.1500     2.7000     1700.0000  % 
UB: 2.6999999999999993
branching on 2 with b.
181    29     38         0.1500     2.7000     1700.0000  % 
UB: 2.6999999999999993
branching on 3 with b.
182    29     39         0.1500     2.7000     1700.0000  % 
UB: 2.6999999999999993
branching on 1 with b.
183    29     40         0.1500     2.7000     1700.0000  % 
LB close or above UB, fathomed
184    28     24         0.1500     2.7000     1700.0000  % 
UB: 2.6999999999999993
branching on 1 with b.
185    28     25         0.1500     2.7000     1700.0000  % 
UB: 2.6999999999999993
branching on 2 with b.
186    29     26         0.1500     2.7000     1700.0000  % 
UB: 2.6999999999999993
branching on 3 with b.
187    29     27         0.1500     2.7000     1700.0000  % 
UB: 2.6999999999999993
branching on 1 with b.
188    29     28         0.1500     2.7000     1700.0000  % 
UB: 2.6999999999999993
branching on 2 with b.
189    29     29         0.1500     2.7000     1700.0000  % 
UB: 2.6999999999999993
branching on 3 with b.
190    29     30         0.1500     2.7000     1700.0000  % 
UB: 2.6999999999999993
branching on 1 with b.
191    29     31         0.1500     2.7000     1700.0000  % 
UB: 2.6999999999999993
branching on 2 with b.
192    29     32         0.1500     2.7000     1700.0000  % 
UB: 2.6999999999999993
branching on 3 with b.
193    29     33         0.1500     2.7000     1700.0000  % 
UB: 2.6999999999999993
branching on 1 with b.
194    29     34         0.1500     2.7000     1700.0000  % 
UB: 2.6999999999999993
branching on 2 with b.
195    29     35         0.1500     2.7000     1700.0000  % 
UB: 2.6999999999999993
branching on 3 with b.
196    29     36         0.1500     2.7000     1700.0000  % 
UB: 2.6999999999999993
branching on 1 with b.
197    29     37         0.1500     2.7000     1700.0000  % 
UB: 2.6999999999999993
branching on 2 with b.
198    29     38         0.1500     2.7000     1700.0000  % 
UB: 2.6999999999999993
branching on 3 with b.
199    29     39         0.1500     2.7000     1700.0000  % 
UB: 2.6999999999999993
branching on 1 with b.
200    29     40         0.1500     2.7000     1700.0000  % 
LB close or above UB, fathomed
201    28     26         0.1500     2.7000     1700.0000  % 
UB: 2.6999999999999993
branching on 3 with b.
202    28     27         0.1500     2.7000     1700.0000  % 
UB: 2.6999999999999993
branching on 1 with b.
203    28     28         0.1500     2.7000     1700.0000  % 
UB: 2.6999999999999993
branching on 2 with b.
204    28     29         0.1500     2.7000     1700.0000  % 
UB: 2.6999999999999993
branching on 3 with b.
205    28     30         0.1500     2.7000     1700.0000  % 
UB: 2.6999999999999993
branching on 1 with b.
206    28     31         0.1500     2.7000     1700.0000  % 
UB: 2.6999999999999993
branching on 2 with b.
207    28     32         0.1500     2.7000     1700.0000  % 
UB: 2.6999999999999993
branching on 3 with b.
208    28     33         0.1500     2.7000     1700.0000  % 
UB: 2.6999999999999993
branching on 1 with b.
209    28     34         0.1500     2.7000     1700.0000  % 
UB: 2.6999999999999993
branching on 2 with b.
210    28     35         0.1500     2.7000     1700.0000  % 
UB: 2.6999999999999993
branching on 3 with b.
211    28     36         0.1500     2.7000     1700.0000  % 
UB: 2.6999999999999993
branching on 1 with b.
212    28     37         0.1500     2.7000     1700.0000  % 
UB: 2.6999999999999993
branching on 2 with b.
213    28     38         0.1500     2.7000     1700.0000  % 
UB: 2.6999999999999993
branching on 3 with b.
214    28     39         0.1500     2.7000     1700.0000  % 
UB: 2.6999999999999993
branching on 1 with b.
215    28     40         0.1500     2.7000     1700.0000  % 
LB close or above UB, fathomed
216    27     21         0.1500     2.7000     1700.0000  % 
LB close or above UB, fathomed
217    26     20         0.1500     2.7000     1700.0000  % 
LB close or above UB, fathomed
218    25     18         0.1500     2.7000     1700.0000  % 
LB close or above UB, fathomed
219    24     17         0.1500     2.7000     1700.0000  % 
LB close or above UB, fathomed
220    23     16         0.1500     2.7000     1700.0000  % 
LB close or above UB, fathomed
221    22     15         0.1500     2.7000     1700.0000  % 
LB close or above UB, fathomed
222    21     12         0.1500     2.7000     1700.0000  % 
LB close or above UB, fathomed
223    20     12         0.1500     2.7000     1700.0000  % 
UB: 2.6999999999999993
branching on CartesianIndex(1, 5) with c.
224    21     13         0.1500     2.7000     1700.0000  % 
UB: 2.6999999999999993
branching on CartesianIndex(2, 5) with c.
225    22     14         0.1500     2.7000     1700.0000  % 
LB close or above UB, fathomed
226    21     14         0.1500     2.7000     1700.0000  % 
UB: 2.6999999999999993
branching on CartesianIndex(1, 6) with c.
227    22     15         0.1500     2.7000     1700.0000  % 
UB: 2.6999999999999993
branching on CartesianIndex(2, 6) with c.
228    23     16         0.1500     2.7000     1700.0000  % 
UB: 2.6999999999999993
branching on CartesianIndex(1, 7) with c.
229    24     17         0.1500     2.7000     1700.0000  % 
UB: 2.6999999999999993
branching on CartesianIndex(2, 7) with c.
230    25     18         0.1500     2.7000     1700.0000  % 
LB close or above UB, fathomed
231    24     18         0.1500     2.7000     1700.0000  % 
UB: 2.6999999999999993
branching on 1 with b.
232    25     19         0.1500     2.7000     1700.0000  % 
UB: 2.6999999999999993
branching on 2 with b.
233    26     20         0.1500     2.7000     1700.0000  % 
UB: 2.6999999999999993
branching on 3 with b.
234    27     21         0.1500     2.7000     1700.0000  % 
LB close or above UB, fathomed
235    26     21         0.1500     2.7000     1700.0000  % 
LB close or above UB, fathomed
236    25     20         0.1500     2.7000     1700.0000  % 
LB close or above UB, fathomed
237    24     19         0.1500     2.7000     1700.0000  % 
UB: 2.6999999999999993
branching on 2 with b.
238    25     20         0.1500     2.7000     1700.0000  % 
UB: 2.6999999999999993
branching on 3 with b.
239    26     21         0.1500     2.7000     1700.0000  % 
LB close or above UB, fathomed
240    25     21         0.1500     2.7000     1700.0000  % 
LB close or above UB, fathomed
241    24     20         0.1500     2.7000     1700.0000  % 
LB close or above UB, fathomed
242    23     17         0.1500     2.7000     1700.0000  % 
LB close or above UB, fathomed
243    22     16         0.1500     2.7000     1700.0000  % 
LB close or above UB, fathomed
244    21     15         0.1500     2.7000     1700.0000  % 
LB close or above UB, fathomed
245    20     13         0.1500     2.7000     1700.0000  % 
LB close or above UB, fathomed
246    19     13         0.1500     2.7000     1700.0000  % 
UB: 2.6999999999999993
branching on 1 with b.
247    20     14         0.1500     2.7000     1700.0000  % 
UB: 2.6999999999999993
branching on CartesianIndex(2, 5) with c.
248    21     15         0.1500     2.7000     1700.0000  % 
LB close or above UB, fathomed
249    20     15         0.1500     2.7000     1700.0000  % 
UB: 2.6999999999999993
branching on CartesianIndex(1, 6) with c.
250    21     16         0.1500     2.7000     1700.0000  % 
UB: 2.6999999999999993
branching on CartesianIndex(2, 6) with c.
251    22     17         0.1500     2.7000     1700.0000  % 
UB: 2.6999999999999993
branching on CartesianIndex(1, 7) with c.
252    23     18         0.1500     2.7000     1700.0000  % 
UB: 2.6999999999999993
branching on CartesianIndex(2, 7) with c.
253    24     19         0.1500     2.7000     1700.0000  % 
LB close or above UB, fathomed
254    23     19         0.1500     2.7000     1700.0000  % 
UB: 2.6999999999999993
branching on 2 with b.
255    24     20         0.1500     2.7000     1700.0000  % 
LB close or above UB, fathomed
256    23     20         0.1500     2.7000     1700.0000  % 
UB: 2.6999999999999993
branching on 3 with b.
257    24     18         0.1500     2.7000     1700.0000  % 
LB close or above UB, fathomed
258    23     17         0.1500     2.7000     1700.0000  % 
LB close or above UB, fathomed
259    22     16         0.1500     2.7000     1700.0000  % 
LB close or above UB, fathomed
260    21     14         0.1500     2.7000     1700.0000  % 
UB: 2.6999999999999993
branching on CartesianIndex(2, 5) with c.
261    22     15         0.1500     2.7000     1700.0000  % 
LB close or above UB, fathomed
262    21     15         0.1500     2.7000     1700.0000  % 
UB: 2.6999999999999993
branching on 2 with b.
263    22     16         0.1500     2.7000     1700.0000  % 
LB close or above UB, fathomed
264    21     16         0.1500     2.7000     1700.0000  % 
UB: 2.6999999999999993
branching on 3 with b.
265    22     17         0.1500     2.7000     1700.0000  % 
UB: 2.6999999999999993
branching on CartesianIndex(1, 6) with c.
266    23     18         0.1500     2.7000     1700.0000  % 
UB: 2.6999999999999993
branching on CartesianIndex(2, 6) with c.
267    24     19         0.1500     2.7000     1700.0000  % 
UB: 2.6999999999999993
branching on CartesianIndex(1, 7) with c.
268    25     20         0.1500     2.7000     1700.0000  % 
UB: 2.6999999999999993
branching on 1 with b.
269    26     21         0.1500     2.7000     1700.0000  % 
LB close or above UB, fathomed
270    25     21         0.1500     2.7000     1700.0000  % 
LB close or above UB, fathomed
271    24     20         0.1500     2.7000     1700.0000  % 
LB close or above UB, fathomed
272    23     19         0.1500     2.7000     1700.0000  % 
LB close or above UB, fathomed
273    22     18         0.1500     2.7000     1700.0000  % 
LB close or above UB, fathomed
274    21     17         0.1500     2.7000     1700.0000  % 
LB close or above UB, fathomed
275    20     13         0.1500     2.7000     1700.0000  % 
LB close or above UB, fathomed
276    19     12         0.1500     2.7000     1700.0000  % 
UB: 2.6999999999999993
branching on CartesianIndex(1, 5) with c.
277    20     13         0.1500     2.7000     1700.0000  % 
UB: 2.6999999999999993
branching on CartesianIndex(2, 5) with c.
278    21     14         0.1500     2.7000     1700.0000  % 
LB close or above UB, fathomed
279    20     14         0.1500     2.7000     1700.0000  % 
LB close or above UB, fathomed
280    19     13         0.1500     2.7000     1700.0000  % 
LB close or above UB, fathomed
281    18     12         0.1500     2.7000     1700.0000  % 
LB close or above UB, fathomed
282    17     13         0.1500     2.7000     1700.0000  % 
UB: 2.6999999999999993
branching on 1 with b.
283    17     14         0.1500     2.7000     1700.0000  % 
UB: 2.6999999999999993
branching on CartesianIndex(2, 5) with c.
284    18     15         0.1500     2.7000     1700.0000  % 
UB: 2.6999999999999993
branching on CartesianIndex(1, 6) with c.
285    19     16         0.1500     2.7000     1700.0000  % 
UB: 2.6999999999999993
branching on CartesianIndex(2, 6) with c.
286    20     17         0.1500     2.7000     1700.0000  % 
LB close or above UB, fathomed
287    19     17         0.1500     2.7000     1700.0000  % 
LB close or above UB, fathomed
288    18     16         0.1500     2.7000     1700.0000  % 
LB close or above UB, fathomed
289    17     15         0.1500     2.7000     1700.0000  % 
UB: 2.6999999999999993
branching on CartesianIndex(1, 6) with c.
290    18     16         0.1500     2.7000     1700.0000  % 
UB: 2.6999999999999993
branching on CartesianIndex(2, 6) with c.
291    19     17         0.1500     2.7000     1700.0000  % 
LB close or above UB, fathomed
292    18     17         0.1500     2.7000     1700.0000  % 
LB close or above UB, fathomed
293    17     16         0.1500     2.7000     1700.0000  % 
LB close or above UB, fathomed
294    16     13         0.1500     2.7000     1700.0000  % 
UB: 2.6999999999999993
branching on 1 with b.
295    16     14         0.1500     2.7000     1700.0000  % 
UB: 2.6999999999999993
branching on CartesianIndex(1, 6) with c.
296    17     15         0.1500     2.7000     1700.0000  % 
UB: 2.6999999999999993
branching on CartesianIndex(2, 6) with c.
297    18     16         0.1500     2.7000     1700.0000  % 
LB close or above UB, fathomed
298    17     16         0.1500     2.7000     1700.0000  % 
LB close or above UB, fathomed
299    16     15         0.1500     2.7000     1700.0000  % 
LB close or above UB, fathomed
300    15     14         0.1500     2.7000     1700.0000  % 
UB: 2.6999999999999993
branching on CartesianIndex(2, 6) with c.
301    16     15         0.1500     2.7000     1700.0000  % 
LB close or above UB, fathomed
302    15     15         0.1500     2.7000     1700.0000  % 
LB close or above UB, fathomed
303    14     14         0.1500     2.7000     1700.0000  % 
LB close or above UB, fathomed
304    13     15         0.1500     2.7000     1700.0000  % 
UB: 2.6999999999999993
branching on CartesianIndex(1, 6) with c.
305    14     16         0.1500     2.7000     1700.0000  % 
UB: 2.6999999999999993
branching on CartesianIndex(2, 6) with c.
306    15     17         0.1500     2.7000     1700.0000  % 
LB close or above UB, fathomed
307    14     17         0.1500     2.7000     1700.0000  % 
LB close or above UB, fathomed
308    13     16         0.1500     2.7000     1700.0000  % 
LB close or above UB, fathomed
309    12     11         0.1500     2.7000     1700.0000  % 
LB close or above UB, fathomed
310    11     11         0.1500     2.7000     1700.0000  % 
UB: 2.6999999999999993
branching on CartesianIndex(1, 4) with c.
311    12     12         0.1500     2.7000     1700.0000  % 
LB close or above UB, fathomed
312    11     12         0.1500     2.7000     1700.0000  % 
UB: 2.6999999999999993
branching on CartesianIndex(1, 5) with c.
313    12     13         0.1500     2.7000     1700.0000  % 
UB: 2.6999999999999993
branching on CartesianIndex(2, 5) with c.
314    13     14         0.1500     2.7000     1700.0000  % 
UB: 2.6999999999999993
branching on 1 with b.
315    13     15         0.1500     2.7000     1700.0000  % 
UB: 2.6999999999999993
branching on CartesianIndex(1, 6) with c.
316    14     16         0.1500     2.7000     1700.0000  % 
UB: 2.6999999999999993
branching on 2 with b.
317    15     17         0.1500     2.7000     1700.0000  % 
UB: 2.6999999999999993
branching on CartesianIndex(2, 6) with c.
318    16     18         0.1500     2.7000     1700.0000  % 
LB close or above UB, fathomed
319    15     18         0.1500     2.7000     1700.0000  % 
UB: 2.6999999999999993
branching on CartesianIndex(1, 7) with c.
320    16     19         0.1500     2.7000     1700.0000  % 
UB: 2.6999999999999993
branching on CartesianIndex(2, 7) with c.
321    17     20         0.1500     2.7000     1700.0000  % 
UB: 2.6999999999999993
branching on 3 with b.
322    18     21         0.1500     2.7000     1700.0000  % 
UB: 2.6999999999999993
branching on 1 with b.
323    19     22         0.1500     2.7000     1700.0000  % 
LB close or above UB, fathomed
324    18     22         0.1500     2.7000     1700.0000  % 
UB: 2.6999999999999993
branching on 2 with b.
325    19     23         0.1500     2.7000     1700.0000  % 
UB: 2.6999999999999993
branching on 3 with b.
326    20     24         0.1500     2.7000     1700.0000  % 
UB: 2.6999999999999993
branching on 1 with b.
327    20     25         0.1500     2.7000     1700.0000  % 
UB: 2.6999999999999993
branching on 2 with b.
328    20     26         0.1500     2.7000     1700.0000  % 
UB: 2.6999999999999993
branching on 3 with b.
329    20     27         0.1500     2.7000     1700.0000  % 
UB: 2.6999999999999993
branching on 1 with b.
330    20     28         0.1500     2.7000     1700.0000  % 
UB: 2.6999999999999993
branching on 2 with b.
331    20     29         0.1500     2.7000     1700.0000  % 
UB: 2.6999999999999993
branching on 3 with b.
332    20     30         0.1500     2.7000     1700.0000  % 
UB: 2.6999999999999993
branching on 1 with b.
333    20     31         0.1500     2.7000     1700.0000  % 
UB: 2.6999999999999993
branching on 2 with b.
334    20     32         0.1500     2.7000     1700.0000  % 
UB: 2.6999999999999993
branching on 3 with b.
335    21     33         0.1500     2.7000     1700.0000  % 
LB close or above UB, fathomed
336    20     33         0.1500     2.7000     1700.0000  % 
UB: 2.6999999999999993
branching on 1 with b.
337    20     34         0.1500     2.7000     1700.0000  % 
UB: 2.6999999999999993
branching on 2 with b.
338    20     35         0.1500     2.7000     1700.0000  % 
UB: 2.6999999999999993
branching on 3 with b.
339    20     36         0.1500     2.7000     1700.0000  % 
UB: 2.6999999999999993
branching on 1 with b.
340    20     37         0.1500     2.7000     1700.0000  % 
UB: 2.6999999999999993
branching on 2 with b.
341    20     38         0.1500     2.7000     1700.0000  % 
LB close or above UB, fathomed
342    19     24         0.1500     2.7000     1700.0000  % 
UB: 2.6999999999999993
branching on 1 with b.
343    19     25         0.1500     2.7000     1700.0000  % 
UB: 2.6999999999999993
branching on 2 with b.
344    19     26         0.1500     2.7000     1700.0000  % 
UB: 2.6999999999999993
branching on 3 with b.
345    19     27         0.1500     2.7000     1700.0000  % 
UB: 2.6999999999999993
branching on 1 with b.
346    19     28         0.1500     2.7000     1700.0000  % 
UB: 2.6999999999999993
branching on 2 with b.
347    19     29         0.1500     2.7000     1700.0000  % 
UB: 2.6999999999999993
branching on 3 with b.
348    19     30         0.1500     2.7000     1700.0000  % 
UB: 2.6999999999999993
branching on 1 with b.
349    19     31         0.1500     2.7000     1700.0000  % 
UB: 2.6999999999999993
branching on 2 with b.
350    19     32         0.1500     2.7000     1700.0000  % 
UB: 2.6999999999999993
branching on 3 with b.
351    19     33         0.1500     2.7000     1700.0000  % 
UB: 2.6999999999999993
branching on 1 with b.
352    19     34         0.1500     2.7000     1700.0000  % 
UB: 2.6999999999999993
branching on 2 with b.
353    19     35         0.1500     2.7000     1700.0000  % 
UB: 2.6999999999999993
branching on 3 with b.
354    19     36         0.1500     2.7000     1700.0000  % 
UB: 2.6999999999999993
branching on 1 with b.
355    19     37         0.1500     2.7000     1700.0000  % 
UB: 2.6999999999999993
branching on 2 with b.
356    19     38         0.1500     2.7000     1700.0000  % 
LB close or above UB, fathomed
357    18     23         0.1500     2.7000     1700.0000  % 
UB: 2.6999999999999993
branching on 3 with b.
358    19     24         0.1500     2.7000     1700.0000  % 
UB: 2.6999999999999993
branching on 1 with b.
359    19     25         0.1500     2.7000     1700.0000  % 
UB: 2.6999999999999993
branching on 2 with b.
360    20     26         0.1500     2.7000     1700.0000  % 
UB: 2.6999999999999993
branching on 3 with b.
361    20     27         0.1500     2.7000     1700.0000  % 
UB: 2.6999999999999993
branching on 1 with b.
362    20     28         0.1500     2.7000     1700.0000  % 
UB: 2.6999999999999993
branching on 2 with b.
363    20     29         0.1500     2.7000     1700.0000  % 
UB: 2.6999999999999993
branching on 3 with b.
364    20     30         0.1500     2.7000     1700.0000  % 
UB: 2.6999999999999993
branching on 1 with b.
365    20     31         0.1500     2.7000     1700.0000  % 
UB: 2.6999999999999993
branching on 2 with b.
366    20     32         0.1500     2.7000     1700.0000  % 
UB: 2.6999999999999993
branching on 3 with b.
367    21     33         0.1500     2.7000     1700.0000  % 
LB close or above UB, fathomed
368    20     33         0.1500     2.7000     1700.0000  % 
UB: 2.6999999999999993
branching on 1 with b.
369    20     34         0.1500     2.7000     1700.0000  % 
UB: 2.6999999999999993
branching on 2 with b.
370    20     35         0.1500     2.7000     1700.0000  % 
UB: 2.6999999999999993
branching on 3 with b.
371    20     36         0.1500     2.7000     1700.0000  % 
UB: 2.6999999999999993
branching on 1 with b.
372    20     37         0.1500     2.7000     1700.0000  % 
UB: 2.6999999999999993
branching on 2 with b.
373    20     38         0.1500     2.7000     1700.0000  % 
UB: 2.6999999999999993
branching on 3 with b.
374    20     39         0.1500     2.7000     1700.0000  % 
UB: 2.6999999999999993
branching on 1 with b.
375    20     40         0.1500     2.7000     1700.0000  % 
LB close or above UB, fathomed
376    19     26         0.1500     2.7000     1700.0000  % 
UB: 2.6999999999999993
branching on 3 with b.
377    19     27         0.1500     2.7000     1700.0000  % 
UB: 2.6999999999999993
branching on 1 with b.
378    19     28         0.1500     2.7000     1700.0000  % 
UB: 2.6999999999999993
branching on 2 with b.
379    19     29         0.1500     2.7000     1700.0000  % 
UB: 2.6999999999999993
branching on 3 with b.
380    19     30         0.1500     2.7000     1700.0000  % 
UB: 2.6999999999999993
branching on 1 with b.
381    19     31         0.1500     2.7000     1700.0000  % 
UB: 2.6999999999999993
branching on 2 with b.
382    19     32         0.1500     2.7000     1700.0000  % 
UB: 2.6999999999999993
branching on 3 with b.
383    20     33         0.1500     2.7000     1700.0000  % 
LB close or above UB, fathomed
384    19     33         0.1500     2.7000     1700.0000  % 
UB: 2.6999999999999993
branching on 1 with b.
385    19     34         0.1500     2.7000     1700.0000  % 
UB: 2.6999999999999993
branching on 2 with b.
386    19     35         0.1500     2.7000     1700.0000  % 
UB: 2.6999999999999993
branching on 3 with b.
387    19     36         0.1500     2.7000     1700.0000  % 
UB: 2.6999999999999993
branching on 1 with b.
388    19     37         0.1500     2.7000     1700.0000  % 
UB: 2.6999999999999993
branching on 2 with b.
389    20     38         0.1500     2.7000     1700.0000  % 
UB: 2.6999999999999993
branching on 3 with b.
390    20     39         0.1500     2.7000     1700.0000  % 
UB: 2.6999999999999993
branching on 1 with b.
391    20     40         0.1500     2.7000     1700.0000  % 
LB close or above UB, fathomed
392    19     38         0.1500     2.7000     1700.0000  % 
UB: 2.6999999999999993
branching on 3 with b.
393    19     39         0.1500     2.7000     1700.0000  % 
UB: 2.6999999999999993
branching on 1 with b.
394    19     40         0.1500     2.7000     1700.0000  % 
LB close or above UB, fathomed
395    18     24         0.1500     2.7000     1700.0000  % 
UB: 2.6999999999999993
branching on 1 with b.
396    18     25         0.1500     2.7000     1700.0000  % 
UB: 2.6999999999999993
branching on 2 with b.
397    19     26         0.1500     2.7000     1700.0000  % 
UB: 2.6999999999999993
branching on 3 with b.
398    19     27         0.1500     2.7000     1700.0000  % 
UB: 2.6999999999999993
branching on 1 with b.
399    19     28         0.1500     2.7000     1700.0000  % 
UB: 2.6999999999999993
branching on 2 with b.
400    19     29         0.1500     2.7000     1700.0000  % 
UB: 2.6999999999999993
branching on 3 with b.
401    19     30         0.1500     2.7000     1700.0000  % 
UB: 2.6999999999999993
branching on 1 with b.
402    19     31         0.1500     2.7000     1700.0000  % 
UB: 2.6999999999999993
branching on 2 with b.
403    19     32         0.1500     2.7000     1700.0000  % 
UB: 2.6999999999999993
branching on 3 with b.
404    19     33         0.1500     2.7000     1700.0000  % 
UB: 2.6999999999999993
branching on 1 with b.
405    19     34         0.1500     2.7000     1700.0000  % 
UB: 2.6999999999999993
branching on 2 with b.
406    19     35         0.1500     2.7000     1700.0000  % 
UB: 2.6999999999999993
branching on 3 with b.
407    19     36         0.1500     2.7000     1700.0000  % 
UB: 2.6999999999999993
branching on 1 with b.
408    19     37         0.1500     2.7000     1700.0000  % 
UB: 2.6999999999999993
branching on 2 with b.
409    19     38         0.1500     2.7000     1700.0000  % 
UB: 2.6999999999999993
branching on 3 with b.
410    19     39         0.1500     2.7000     1700.0000  % 
UB: 2.6999999999999993
branching on 1 with b.
411    19     40         0.1500     2.7000     1700.0000  % 
LB close or above UB, fathomed
412    18     26         0.1500     2.7000     1700.0000  % 
UB: 2.6999999999999993
branching on 3 with b.
413    18     27         0.1500     2.7000     1700.0000  % 
UB: 2.6999999999999993
branching on 1 with b.
414    18     28         0.1500     2.7000     1700.0000  % 
UB: 2.6999999999999993
branching on 2 with b.
415    18     29         0.1500     2.7000     1700.0000  % 
UB: 2.6999999999999993
branching on 3 with b.
416    18     30         0.1500     2.7000     1700.0000  % 
UB: 2.6999999999999993
branching on 1 with b.
417    18     31         0.1500     2.7000     1700.0000  % 
UB: 2.6999999999999993
branching on 2 with b.
418    18     32         0.1500     2.7000     1700.0000  % 
UB: 2.6999999999999993
branching on 3 with b.
419    18     33         0.1500     2.7000     1700.0000  % 
UB: 2.6999999999999993
branching on 1 with b.
420    18     34         0.1500     2.7000     1700.0000  % 
UB: 2.6999999999999993
branching on 2 with b.
421    18     35         0.1500     2.7000     1700.0000  % 
UB: 2.6999999999999993
branching on 3 with b.
422    18     36         0.1500     2.7000     1700.0000  % 
UB: 2.6999999999999993
branching on 1 with b.
423    18     37         0.1500     2.7000     1700.0000  % 
UB: 2.6999999999999993
branching on 2 with b.
424    19     38         0.1500     2.7000     1700.0000  % 
UB: 2.6999999999999993
branching on 3 with b.
425    19     39         0.1500     2.7000     1700.0000  % 
UB: 2.6999999999999993
branching on 1 with b.
426    19     40         0.1500     2.7000     1700.0000  % 
LB close or above UB, fathomed
427    18     38         0.1500     2.7000     1700.0000  % 
UB: 2.6999999999999993
branching on 3 with b.
428    18     39         0.1500     2.7000     1700.0000  % 
UB: 2.6999999999999993
branching on 1 with b.
429    18     40         0.1500     2.7000     1700.0000  % 
LB close or above UB, fathomed
430    17     21         0.1500     2.7000     1700.0000  % 
LB close or above UB, fathomed
431    16     20         0.1500     2.7000     1700.0000  % 
LB close or above UB, fathomed
432    15     19         0.1500     2.7000     1700.0000  % 
LB close or above UB, fathomed
433    14     17         0.1500     2.7000     1700.0000  % 
UB: 2.6999999999999993
branching on 3 with b.
434    15     18         0.1500     2.7000     1700.0000  % 
UB: 2.6999999999999993
branching on CartesianIndex(2, 6) with c.
435    16     19         0.1500     2.7000     1700.0000  % 
LB close or above UB, fathomed
436    15     19         0.1500     2.7000     1700.0000  % 
UB: 2.6999999999999993
branching on CartesianIndex(1, 7) with c.
437    16     20         0.1500     2.7000     1700.0000  % 
UB: 2.6999999999999993
branching on CartesianIndex(2, 7) with c.
438    17     21         0.1500     2.7000     1700.0000  % 
UB: 2.6999999999999993
branching on 1 with b.
439    18     22         0.1500     2.7000     1700.0000  % 
LB close or above UB, fathomed
440    17     22         0.1500     2.7000     1700.0000  % 
UB: 2.6999999999999993
branching on 2 with b.
441    17     23         0.1500     2.7000     1700.0000  % 
UB: 2.6999999999999993
branching on 3 with b.
442    18     24         0.1500     2.7000     1700.0000  % 
UB: 2.6999999999999993
branching on 1 with b.
443    18     25         0.1500     2.7000     1700.0000  % 
UB: 2.6999999999999993
branching on 2 with b.
444    19     26         0.1500     2.7000     1700.0000  % 
UB: 2.6999999999999993
branching on 3 with b.
445    19     27         0.1500     2.7000     1700.0000  % 
UB: 2.6999999999999993
branching on 1 with b.
446    19     28         0.1500     2.7000     1700.0000  % 
UB: 2.6999999999999993
branching on 2 with b.
447    19     29         0.1500     2.7000     1700.0000  % 
UB: 2.6999999999999993
branching on 3 with b.
448    19     30         0.1500     2.7000     1700.0000  % 
UB: 2.6999999999999993
branching on 1 with b.
449    19     31         0.1500     2.7000     1700.0000  % 
UB: 2.6999999999999993
branching on 2 with b.
450    19     32         0.1500     2.7000     1700.0000  % 
UB: 2.6999999999999993
branching on 3 with b.
451    20     33         0.1500     2.7000     1700.0000  % 
LB close or above UB, fathomed
452    19     33         0.1500     2.7000     1700.0000  % 
UB: 2.6999999999999993
branching on 1 with b.
453    19     34         0.1500     2.7000     1700.0000  % 
UB: 2.6999999999999993
branching on 2 with b.
454    19     35         0.1500     2.7000     1700.0000  % 
UB: 2.6999999999999993
branching on 3 with b.
455    19     36         0.1500     2.7000     1700.0000  % 
UB: 2.6999999999999993
branching on 1 with b.
456    19     37         0.1500     2.7000     1700.0000  % 
UB: 2.6999999999999993
branching on 2 with b.
457    19     38         0.1500     2.7000     1700.0000  % 
UB: 2.6999999999999993
branching on 3 with b.
458    19     39         0.1500     2.7000     1700.0000  % 
UB: 2.6999999999999993
branching on 1 with b.
459    19     40         0.1500     2.7000     1700.0000  % 
LB close or above UB, fathomed
460    18     26         0.1500     2.7000     1700.0000  % 
UB: 2.6999999999999993
branching on 3 with b.
461    18     27         0.1500     2.7000     1700.0000  % 
UB: 2.6999999999999993
branching on 1 with b.
462    18     28         0.1500     2.7000     1700.0000  % 
UB: 2.6999999999999993
branching on 2 with b.
463    18     29         0.1500     2.7000     1700.0000  % 
UB: 2.6999999999999993
branching on 3 with b.
464    18     30         0.1500     2.7000     1700.0000  % 
UB: 2.6999999999999993
branching on 1 with b.
465    18     31         0.1500     2.7000     1700.0000  % 
UB: 2.6999999999999993
branching on 2 with b.
466    19     32         0.1500     2.7000     1700.0000  % 
UB: 2.6999999999999993
branching on 3 with b.
467    20     33         0.1500     2.7000     1700.0000  % 
LB close or above UB, fathomed
468    19     33         0.1500     2.7000     1700.0000  % 
UB: 2.6999999999999993
branching on 1 with b.
469    19     34         0.1500     2.7000     1700.0000  % 
UB: 2.6999999999999993
branching on 2 with b.
470    20     35         0.1500     2.7000     1700.0000  % 
UB: 2.6999999999999993
branching on 3 with b.
471    20     36         0.1500     2.7000     1700.0000  % 
UB: 2.6999999999999993
branching on 1 with b.
472    20     37         0.1500     2.7000     1700.0000  % 
UB: 2.6999999999999993
branching on 2 with b.
473    21     38         0.1500     2.7000     1700.0000  % 
UB: 2.6999999999999993
branching on 3 with b.
474    21     39         0.1500     2.7000     1700.0000  % 
UB: 2.6999999999999993
branching on 1 with b.
475    21     40         0.1500     2.7000     1700.0000  % 
LB close or above UB, fathomed
476    20     38         0.1500     2.7000     1700.0000  % 
LB close or above UB, fathomed
477    19     35         0.1500     2.7000     1700.0000  % 
LB close or above UB, fathomed
478    18     32         0.1500     2.7000     1700.0000  % 
LB close or above UB, fathomed
479    17     24         0.1500     2.7000     1700.0000  % 
UB: 2.6999999999999993
branching on 1 with b.
480    17     25         0.1500     2.7000     1700.0000  % 
UB: 2.6999999999999993
branching on 2 with b.
481    18     26         0.1500     2.7000     1700.0000  % 
UB: 2.6999999999999993
branching on 3 with b.
482    18     27         0.1500     2.7000     1700.0000  % 
UB: 2.6999999999999993
branching on 1 with b.
483    18     28         0.1500     2.7000     1700.0000  % 
UB: 2.6999999999999993
branching on 2 with b.
484    18     29         0.1500     2.7000     1700.0000  % 
UB: 2.6999999999999993
branching on 3 with b.
485    18     30         0.1500     2.7000     1700.0000  % 
UB: 2.6999999999999993
branching on 1 with b.
486    18     31         0.1500     2.7000     1700.0000  % 
UB: 2.6999999999999993
branching on 2 with b.
487    18     32         0.1500     2.7000     1700.0000  % 
UB: 2.6999999999999993
branching on 3 with b.
488    18     33         0.1500     2.7000     1700.0000  % 
UB: 2.6999999999999993
branching on 1 with b.
489    18     34         0.1500     2.7000     1700.0000  % 
UB: 2.6999999999999993
branching on 2 with b.
490    18     35         0.1500     2.7000     1700.0000  % 
UB: 2.6999999999999993
branching on 3 with b.
491    18     36         0.1500     2.7000     1700.0000  % 
UB: 2.6999999999999993
branching on 1 with b.
492    18     37         0.1500     2.7000     1700.0000  % 
UB: 2.6999999999999993
branching on 2 with b.
493    18     38         0.1500     2.7000     1700.0000  % 
UB: 2.6999999999999993
branching on 3 with b.
494    18     39         0.1500     2.7000     1700.0000  % 
UB: 2.6999999999999993
branching on 1 with b.
495    18     40         0.1500     2.7000     1700.0000  % 
LB close or above UB, fathomed
496    17     26         0.1500     2.7000     1700.0000  % 
UB: 2.6999999999999993
branching on 3 with b.
497    17     27         0.1500     2.7000     1700.0000  % 
UB: 2.6999999999999993
branching on 1 with b.
498    17     28         0.1500     2.7000     1700.0000  % 
UB: 2.6999999999999993
branching on 2 with b.
499    17     29         0.1500     2.7000     1700.0000  % 
UB: 2.6999999999999993
branching on 3 with b.
500    17     30         0.1500     2.7000     1700.0000  % 
UB: 2.6999999999999993
branching on 1 with b.
501    17     31         0.1500     2.7000     1700.0000  % 
UB: 2.6999999999999993
branching on 2 with b.
502    18     32         0.1500     2.7000     1700.0000  % 
UB: 2.6999999999999993
branching on 3 with b.
503    18     33         0.1500     2.7000     1700.0000  % 
UB: 2.6999999999999993
branching on 1 with b.
504    18     34         0.1500     2.7000     1700.0000  % 
UB: 2.6999999999999993
branching on 2 with b.
505    19     35         0.1500     2.7000     1700.0000  % 
UB: 2.6999999999999993
branching on 3 with b.
506    19     36         0.1500     2.7000     1700.0000  % 
UB: 2.6999999999999993
branching on 1 with b.
507    19     37         0.1500     2.7000     1700.0000  % 
UB: 2.6999999999999993
branching on 2 with b.
508    20     38         0.1500     2.7000     1700.0000  % 
UB: 2.6999999999999993
branching on 3 with b.
509    20     39         0.1500     2.7000     1700.0000  % 
UB: 2.6999999999999993
branching on 1 with b.
510    20     40         0.1500     2.7000     1700.0000  % 
LB close or above UB, fathomed
511    19     38         0.1500     2.7000     1700.0000  % 
LB close or above UB, fathomed
512    18     35         0.1500     2.7000     1700.0000  % 
LB close or above UB, fathomed
513    17     32         0.1500     2.7000     1700.0000  % 
LB close or above UB, fathomed
514    16     21         0.1500     2.7000     1700.0000  % 
LB close or above UB, fathomed
515    15     20         0.1500     2.7000     1700.0000  % 
LB close or above UB, fathomed
516    14     18         0.1500     2.7000     1700.0000  % 
LB close or above UB, fathomed
517    13     16         0.1500     2.7000     1700.0000  % 
LB close or above UB, fathomed
518    12     14         0.1500     2.7000     1700.0000  % 
LB close or above UB, fathomed
519    11     13         0.1500     2.7000     1700.0000  % 
LB close or above UB, fathomed
520    10     12         0.1500     2.7000     1700.0000  % 
UB: 2.6999999999999993
branching on 2 with b.
521    11     13         0.1500     2.7000     1700.0000  % 
UB: 2.6999999999999993
branching on CartesianIndex(1, 4) with c.
522    12     14         0.1500     2.7000     1700.0000  % 
UB: 2.6999999999999993
branching on CartesianIndex(2, 4) with c.
523    13     15         0.1500     2.7000     1700.0000  % 
UB: 2.6999999999999993
branching on CartesianIndex(1, 5) with c.
524    14     16         0.1500     2.7000     1700.0000  % 
LB close or above UB, fathomed
525    13     16         0.1500     2.7000     1700.0000  % 
UB: 2.6999999999999993
branching on CartesianIndex(1, 6) with c.
526    14     17         0.1500     2.7000     1700.0000  % 
UB: 2.6999999999999993
branching on CartesianIndex(2, 6) with c.
527    15     18         0.1500     2.7000     1700.0000  % 
LB close or above UB, fathomed
528    14     18         0.1500     2.7000     1700.0000  % 
LB close or above UB, fathomed
529    13     17         0.1500     2.7000     1700.0000  % 
LB close or above UB, fathomed
530    12     15         0.1500     2.7000     1700.0000  % 
UB: 2.6999999999999993
branching on CartesianIndex(1, 5) with c.
531    13     16         0.1500     2.7000     1700.0000  % 
LB close or above UB, fathomed
532    12     16         0.1500     2.7000     1700.0000  % 
UB: 2.6999999999999993
branching on 3 with b.
533    13     17         0.1500     2.7000     1700.0000  % 
UB: 2.6999999999999993
branching on 1 with b.
534    14     18         0.1500     2.7000     1700.0000  % 
UB: 2.6999999999999993
branching on CartesianIndex(1, 6) with c.
535    15     19         0.1500     2.7000     1700.0000  % 
UB: 2.6999999999999993
branching on CartesianIndex(2, 6) with c.
536    16     20         0.1500     2.7000     1700.0000  % 
LB close or above UB, fathomed
537    15     20         0.1500     2.7000     1700.0000  % 
LB close or above UB, fathomed
538    14     19         0.1500     2.7000     1700.0000  % 
LB close or above UB, fathomed
539    13     18         0.1500     2.7000     1700.0000  % 
UB: 2.6999999999999993
branching on CartesianIndex(1, 6) with c.
540    14     19         0.1500     2.7000     1700.0000  % 
UB: 2.6999999999999993
branching on CartesianIndex(2, 6) with c.
541    15     20         0.1500     2.7000     1700.0000  % 
LB close or above UB, fathomed
542    14     20         0.1500     2.7000     1700.0000  % 
LB close or above UB, fathomed
543    13     19         0.1500     2.7000     1700.0000  % 
LB close or above UB, fathomed
544    12     17         0.1500     2.7000     1700.0000  % 
LB close or above UB, fathomed
545    11     14         0.1500     2.7000     1700.0000  % 
UB: 2.6999999999999993
branching on CartesianIndex(1, 5) with c.
546    12     15         0.1500     2.7000     1700.0000  % 
LB close or above UB, fathomed
547    11     15         0.1500     2.7000     1700.0000  % 
UB: 2.6999999999999993
branching on CartesianIndex(1, 6) with c.
548    12     16         0.1500     2.7000     1700.0000  % 
UB: 2.6999999999999993
branching on CartesianIndex(2, 6) with c.
549    13     17         0.1500     2.7000     1700.0000  % 
LB close or above UB, fathomed
550    12     17         0.1500     2.7000     1700.0000  % 
LB close or above UB, fathomed
551    11     16         0.1500     2.7000     1700.0000  % 
LB close or above UB, fathomed
552    10     13         0.1500     2.7000     1700.0000  % 
UB: 2.6999999999999993
branching on CartesianIndex(1, 4) with c.
553    11     13         0.1500     2.7000     1700.0000  % 
UB: 2.6999999999999993
branching on CartesianIndex(2, 5) with c.
554    12     14         0.1500     2.7000     1700.0000  % 
LB close or above UB, fathomed
555    11     14         0.1500     2.7000     1700.0000  % 
LB close or above UB, fathomed
556    10     13         0.1500     2.7000     1700.0000  % 
LB close or above UB, fathomed
557    9      13         0.1500     2.7000     1700.0000  % 
UB: 2.6999999999999993
branching on CartesianIndex(1, 5) with c.
558    10     14         0.1500     2.7000     1700.0000  % 
LB close or above UB, fathomed
559    9      14         0.1500     2.7000     1700.0000  % 
UB: 2.6999999999999993
branching on CartesianIndex(1, 6) with c.
560    10     15         0.1500     2.7000     1700.0000  % 
UB: 2.6999999999999993
branching on CartesianIndex(2, 6) with c.
561    11     16         0.1500     2.7000     1700.0000  % 
LB close or above UB, fathomed
562    10     16         0.1500     2.7000     1700.0000  % 
LB close or above UB, fathomed
563    9      15         0.1500     2.7000     1700.0000  % 
LB close or above UB, fathomed
564    8      13         0.1500     2.7000     1700.0000  % 
UB: 2.6999999999999993
branching on CartesianIndex(1, 5) with c.
565    9      14         0.1500     2.7000     1700.0000  % 
LB close or above UB, fathomed
566    8      14         0.1500     2.7000     1700.0000  % 
UB: 2.6999999999999993
branching on CartesianIndex(1, 6) with c.
567    9      15         0.1500     2.7000     1700.0000  % 
UB: 2.6999999999999993
branching on CartesianIndex(2, 6) with c.
568    10     16         0.1500     2.7000     1700.0000  % 
LB close or above UB, fathomed
569    9      16         0.1500     2.7000     1700.0000  % 
LB close or above UB, fathomed
570    8      15         0.1500     2.7000     1700.0000  % 
LB close or above UB, fathomed
571    7      21         0.1500     2.7000     1700.0000  % 
LB close or above UB, fathomed
572    6      21         0.1500     2.7000     1700.0000  % 
LB close or above UB, fathomed
573    5      11         0.1500     2.7000     1700.0000  % 
LB close or above UB, fathomed
574    4      11         0.1500     2.7000     1700.0000  % 
UB: 2.6999999999999993
branching on 3 with b.
575    5      12         0.1500     2.7000     1700.0000  % 
LB close or above UB, fathomed
576    4      12         0.1500     2.7000     1700.0000  % 
LB close or above UB, fathomed
577    3      10         0.1500     2.7000     1700.0000  % 
LB close or above UB, fathomed
578    2      10         0.1500     2.7000     1700.0000  % 
UB: 2.6999999999999993
branching on CartesianIndex(1, 4) with c.
579    3      11         0.1500     2.7000     1700.0000  % 
LB close or above UB, fathomed
580    2      11         0.1500     2.7000     1700.0000  % 
UB: 2.6999999999999993
branching on 3 with b.
581    3      12         0.1500     2.7000     1700.0000  % 
LB close or above UB, fathomed
582    2      12         0.1500     2.7000     1700.0000  % 
UB: 2.6999999999999993
branching on 1 with b.
583    2      13         0.1500     2.7000     1700.0000  % 
UB: 2.6999999999999993
branching on CartesianIndex(1, 5) with c.
584    3      14         0.1500     2.7000     1700.0000  % 
UB: 2.6999999999999993
branching on CartesianIndex(2, 5) with c.
585    4      15         0.1500     2.7000     1700.0000  % 
UB: 2.6999999999999993
branching on CartesianIndex(1, 6) with c.
586    5      16         0.1500     2.7000     1700.0000  % 
UB: 2.6999999999999993
branching on CartesianIndex(2, 6) with c.
587    6      17         0.1500     2.7000     1700.0000  % 
LB close or above UB, fathomed
588    5      17         0.1500     2.7000     1700.0000  % 
LB close or above UB, fathomed
589    4      16         0.1500     2.7000     1700.0000  % 
LB close or above UB, fathomed
590    3      15         0.1500     2.7000     1700.0000  % 
UB: 2.6999999999999993
branching on 2 with b.
591    4      16         0.1500     2.7000     1700.0000  % 
UB: 2.6999999999999993
branching on CartesianIndex(1, 6) with c.
592    5      17         0.1500     2.7000     1700.0000  % 
UB: 2.6999999999999993
branching on CartesianIndex(2, 6) with c.
593    6      18         0.1500     2.7000     1700.0000  % 
LB close or above UB, fathomed
594    5      18         0.1500     2.7000     1700.0000  % 
LB close or above UB, fathomed
595    4      17         0.1500     2.7000     1700.0000  % 
LB close or above UB, fathomed
596    3      16         0.1500     2.7000     1700.0000  % 
UB: 2.6999999999999993
branching on 3 with b.
597    4      17         0.1500     2.7000     1700.0000  % 
UB: 2.6999999999999993
branching on CartesianIndex(1, 6) with c.
598    5      18         0.1500     2.7000     1700.0000  % 
UB: 2.6999999999999993
branching on CartesianIndex(2, 6) with c.
599    6      19         0.1500     2.7000     1700.0000  % 
LB close or above UB, fathomed
600    5      19         0.1500     2.7000     1700.0000  % 
LB close or above UB, fathomed
601    4      18         0.1500     2.7000     1700.0000  % 
LB close or above UB, fathomed
602    3      17         0.1500     2.7000     1700.0000  % 
LB close or above UB, fathomed
603    2      14         0.1500     2.7000     1700.0000  % 
UB: 2.6999999999999993
branching on 2 with b.
604    3      15         0.1500     2.7000     1700.0000  % 
UB: 2.6999999999999993
branching on 3 with b.
605    4      16         0.1500     2.7000     1700.0000  % 
UB: 2.6999999999999993
branching on CartesianIndex(1, 6) with c.
606    5      17         0.1500     2.7000     1700.0000  % 
UB: 2.6999999999999993
branching on CartesianIndex(2, 6) with c.
607    6      18         0.1500     2.7000     1700.0000  % 
LB close or above UB, fathomed
608    5      18         0.1500     2.7000     1700.0000  % 
LB close or above UB, fathomed
609    4      17         0.1500     2.7000     1700.0000  % 
LB close or above UB, fathomed
610    3      16         0.1500     2.7000     1700.0000  % 
LB close or above UB, fathomed
611    2      15         0.1500     2.7000     1700.0000  % 
UB: 2.6999999999999993
branching on 3 with b.
612    3      16         0.1500     2.7000     1700.0000  % 
UB: 2.6999999999999993
branching on 1 with b.
613    4      17         0.1500     2.7000     1700.0000  % 
UB: 2.6999999999999993
branching on CartesianIndex(1, 6) with c.
614    5      18         0.1500     2.7000     1700.0000  % 
UB: 2.6999999999999993
branching on CartesianIndex(2, 6) with c.
615    6      19         0.1500     2.7000     1700.0000  % 
LB close or above UB, fathomed
616    5      19         0.1500     2.7000     1700.0000  % 
LB close or above UB, fathomed
617    4      18         0.1500     2.7000     1700.0000  % 
LB close or above UB, fathomed
618    3      17         0.1500     2.7000     1700.0000  % 
UB: 2.6999999999999993
branching on CartesianIndex(1, 6) with c.
619    4      18         0.1500     2.7000     1700.0000  % 
UB: 2.6999999999999993
branching on 2 with b.
620    4      19         0.1500     2.7000     1700.0000  % 
UB: 2.6999999999999993
branching on CartesianIndex(2, 6) with c.
621    5      20         0.1500     2.7000     1700.0000  % 
LB close or above UB, fathomed
622    4      20         0.1500     2.7000     1700.0000  % 
LB close or above UB, fathomed
623    3      18         0.1500     2.7000     1700.0000  % 
LB close or above UB, fathomed
624    2      16         0.1500     2.7000     1700.0000  % 
LB close or above UB, fathomed
625    1      14         0.1500     2.7000     1700.0000  % 
LB close or above UB, fathomed
626    0      14         0.1500     2.7000     1700.0000  % 
UB: 2.6999999999999993
branching on 3 with b.
627    1      15         0.1500     2.7000     1700.0000  % 
UB: 2.6999999999999993
branching on CartesianIndex(1, 5) with c.
628    2      16         0.1500     2.7000     1700.0000  % 
LB close or above UB, fathomed
629    1      16         0.1500     2.7000     1700.0000  % 
UB: 2.6999999999999993
branching on CartesianIndex(1, 6) with c.
630    2      17         0.1500     2.7000     1700.0000  % 
UB: 2.6999999999999993
branching on 1 with b.
631    3      18         0.1500     2.7000     1700.0000  % 
UB: 2.6999999999999993
branching on CartesianIndex(2, 6) with c.
632    4      19         0.1500     2.7000     1700.0000  % 
LB close or above UB, fathomed
633    3      19         0.1500     2.7000     1700.0000  % 
LB close or above UB, fathomed
634    2      18         0.1500     2.7000     1700.0000  % 
UB: 2.6999999999999993
branching on CartesianIndex(2, 6) with c.
635    3      19         0.1500     2.7000     1700.0000  % 
LB close or above UB, fathomed
636    2      19         0.1500     2.7000     1700.0000  % 
LB close or above UB, fathomed
637    1      17         0.1500     2.7000     1700.0000  % 
LB close or above UB, fathomed
638    0      15         0.1500     2.7000     1700.0000  % 
LB close or above UB, fathomed
all node solved
solved nodes:  639
639                                                   2.7000e+00     2.7000e+00     0.0000  % 
2×3 Matrix{Float64}:
 0.0  0.0  0.0
 1.0  0.0  1.0
3-element Vector{Float64}:
 0.3234123163836794
 0.0
 0.6341983419847718
3×7 Matrix{Float64}:
 0.0  0.0  0.0  0.0  1.0  0.0  0.0
 0.0  0.0  0.0  0.0  0.0  1.0  0.0
 0.0  0.0  0.0  0.0  0.0  0.0  1.0
3-element Vector{Float64}:
 1.0
 0.0
 1.0
2×3 Matrix{Float64}:
 0.0   0.0   1.0
 1.0  -0.0  -0.0
3-element Vector{Float64}:
 0.2992225581173735
 0.0
 0.923362858378435
3×7 Matrix{Float64}:
 0.0  0.0  0.0  1.0  1.0  0.0  0.0
 0.0  0.0  0.0  0.0  0.0  1.0  0.0
 0.0  0.0  0.0  0.0  0.0  0.0  1.0
3-element Vector{Float64}:
 1.0
 0.0
 1.0
comparison (CRT and Glb)on prediction: Dict{Bool, Int64}(0 => 0, 1 => 4)
Dataname	 time	 objv	 lb	 gap	 train_w	 train_g	 test_w	 test_g
small_toy_981.small_toy	 59.16	 2.6999999999999993	 2.7	 0.0	 88.889	 88.889	 50.0	 50.0
