Running 2 processes.
Start training small_toy_463.small_toy with seed 1.
Any[]
(2, 13)
(2, 6)
(2, 3)
(2, 4)
dimension: 2, class: 3
cart cost: 2.7000000000000006
size of X: (2, 9)
ngroups: 2
UB: 2.6999999999999993
Iter	left	lev	LB	UB	gap	
0      0      1          0.1000     2.7000     2600.0000  % 
UB: 2.6999999999999993
branching on 1 with d.
1      1      2          0.1000     2.7000     2600.0000  % 
LB close or above UB, fathomed
2      0      2          0.1000     2.7000     2600.0000  % 
UB: 2.6999999999999993
branching on 2 with d.
3      1      3          0.1000     2.7000     2600.0000  % 
UB: 2.6999999999999993
branching on 3 with d.
4      2      4          0.1000     2.7000     2600.0000  % 
LB close or above UB, fathomed
5      1      4          0.1000     2.7000     2600.0000  % 
UB: 2.6999999999999993
branching on CartesianIndex(1, 1) with a.
6      2      5          0.1000     2.7000     2600.0000  % 
UB: 2.6999999999999993
branching on CartesianIndex(1, 3) with a.
7      3      6          0.1000     2.7000     2600.0000  % 
UB: 2.6999999999999993
branching on 1 with b.
8      4      7          0.1000     2.7000     2600.0000  % 
UB: 2.6999999999999993
branching on CartesianIndex(1, 5) with c.
9      5      8          0.1000     2.7000     2600.0000  % 
LB close or above UB, fathomed
10     4      8          0.1000     2.7000     2600.0000  % 
UB: 2.6999999999999993
branching on CartesianIndex(1, 6) with c.
11     5      9          0.1000     2.7000     2600.0000  % 
UB: 2.6999999999999993
branching on 1 with b.
12     6      10         0.1000     2.7000     2600.0000  % 
LB close or above UB, fathomed
13     5      10         0.1000     2.7000     2600.0000  % 
UB: 2.6999999999999993
branching on 3 with b.
14     6      11         0.1000     2.7000     2600.0000  % 
LB close or above UB, fathomed
15     5      11         0.1000     2.7000     2600.0000  % 
LB close or above UB, fathomed
16     4      9          0.1000     2.7000     2600.0000  % 
LB close or above UB, fathomed
17     3      7          0.1000     2.7000     2600.0000  % 
LB close or above UB, fathomed
18     2      6          0.1000     2.7000     2600.0000  % 
LB close or above UB, fathomed
19     1      5          0.1000     2.7000     2600.0000  % 
LB close or above UB, fathomed
20     0      3          0.1000     2.7000     2600.0000  % 
UB: 2.6999999999999993
branching on 3 with d.
21     1      4          0.1000     2.7000     2600.0000  % 
UB: 2.6999999999999993
branching on CartesianIndex(1, 1) with a.
22     2      5          0.1000     2.7000     2600.0000  % 
UB: 2.6999999999999993
branching on 1 with b.
23     3      6          0.1000     2.7000     2600.0000  % 
LB close or above UB, fathomed
24     2      6          0.1000     2.7000     2600.0000  % 
LB close or above UB, fathomed
25     1      5          0.1000     2.7000     2600.0000  % 
LB close or above UB, fathomed
26     0      4          0.1000     2.7000     2600.0000  % 
UB: 2.6999999999999993
branching on CartesianIndex(1, 1) with a.
27     1      5          0.1500     2.7000     1700.0000  % 
UB: 2.6999999999999993
branching on CartesianIndex(1, 2) with a.
28     2      6          0.1500     2.7000     1700.0000  % 
UB: 2.6999999999999993
branching on 1 with b.
29     3      7          0.1500     2.7000     1700.0000  % 
UB: 2.6999999999999993
branching on CartesianIndex(1, 3) with a.
30     4      8          0.1500     2.7000     1700.0000  % 
UB: 2.6999999999999993
branching on 1 with b.
31     5      9          0.1500     2.7000     1700.0000  % 
LB close or above UB, fathomed
32     4      9          0.1500     2.7000     1700.0000  % 
UB: 2.6999999999999993
branching on CartesianIndex(1, 4) with c.
33     5      10         0.1500     2.7000     1700.0000  % 
UB: 2.6999999999999993
branching on CartesianIndex(2, 4) with c.
34     6      10         0.1500     2.7000     1700.0000  % 
UB: 2.6999999999999993
branching on CartesianIndex(1, 5) with c.
35     7      11         0.1500     2.7000     1700.0000  % 
UB: 2.6999999999999993
branching on 2 with b.
36     8      12         0.1500     2.7000     1700.0000  % 
UB: 2.6999999999999993
branching on 3 with b.
37     9      13         0.1500     2.7000     1700.0000  % 
LB close or above UB, fathomed
38     8      13         0.1500     2.7000     1700.0000  % 
UB: 2.6999999999999993
branching on CartesianIndex(2, 5) with c.
39     9      14         0.1500     2.7000     1700.0000  % 
UB: 2.6999999999999993
branching on 1 with b.
40     9      15         0.1500     2.7000     1700.0000  % 
UB: 2.6999999999999993
branching on CartesianIndex(1, 6) with c.
41     10     16         0.1500     2.7000     1700.0000  % 
UB: 2.6999999999999993
branching on CartesianIndex(2, 6) with c.
42     11     17         0.1500     2.7000     1700.0000  % 
LB close or above UB, fathomed
43     10     17         0.1500     2.7000     1700.0000  % 
UB: 2.6999999999999993
branching on CartesianIndex(1, 7) with c.
44     11     18         0.1500     2.7000     1700.0000  % 
UB: 2.6999999999999993
branching on CartesianIndex(2, 7) with c.
45     12     19         0.1500     2.7000     1700.0000  % 
UB: 2.6999999999999993
branching on 2 with b.
46     13     20         0.1500     2.7000     1700.0000  % 
LB close or above UB, fathomed
47     12     20         0.1500     2.7000     1700.0000  % 
UB: 2.6999999999999993
branching on 3 with b.
48     13     21         0.1500     2.7000     1700.0000  % 
UB: 2.6999999999999993
branching on 1 with b.
49     13     22         0.1500     2.7000     1700.0000  % 
UB: 2.6999999999999993
branching on 2 with b.
50     13     23         0.1500     2.7000     1700.0000  % 
UB: 2.6999999999999993
branching on 3 with b.
51     14     24         0.1500     2.7000     1700.0000  % 
LB close or above UB, fathomed
52     13     24         0.1500     2.7000     1700.0000  % 
LB close or above UB, fathomed
53     12     21         0.1500     2.7000     1700.0000  % 
LB close or above UB, fathomed
54     11     19         0.1500     2.7000     1700.0000  % 
LB close or above UB, fathomed
55     10     18         0.1500     2.7000     1700.0000  % 
LB close or above UB, fathomed
56     9      16         0.1500     2.7000     1700.0000  % 
LB close or above UB, fathomed
57     8      14         0.1500     2.7000     1700.0000  % 
UB: 2.6999999999999993
branching on CartesianIndex(1, 6) with c.
58     9      15         0.1500     2.7000     1700.0000  % 
UB: 2.6999999999999993
branching on 1 with b.
59     9      16         0.1500     2.7000     1700.0000  % 
UB: 2.6999999999999993
branching on CartesianIndex(2, 6) with c.
60     10     17         0.1500     2.7000     1700.0000  % 
UB: 2.6999999999999993
branching on CartesianIndex(1, 7) with c.
61     11     18         0.1500     2.7000     1700.0000  % 
UB: 2.6999999999999993
branching on CartesianIndex(2, 7) with c.
62     12     19         0.1500     2.7000     1700.0000  % 
LB close or above UB, fathomed
63     11     19         0.1500     2.7000     1700.0000  % 
UB: 2.6999999999999993
branching on 2 with b.
64     12     20         0.1500     2.7000     1700.0000  % 
LB close or above UB, fathomed
65     11     20         0.1500     2.7000     1700.0000  % 
UB: 2.6999999999999993
branching on 3 with b.
66     12     18         0.1500     2.7000     1700.0000  % 
LB close or above UB, fathomed
67     11     17         0.1500     2.7000     1700.0000  % 
LB close or above UB, fathomed
68     10     15         0.1500     2.7000     1700.0000  % 
LB close or above UB, fathomed
69     9      12         0.1500     2.7000     1700.0000  % 
UB: 2.6999999999999993
branching on 3 with b.
70     10     13         0.1500     2.7000     1700.0000  % 
LB close or above UB, fathomed
71     9      13         0.1500     2.7000     1700.0000  % 
LB close or above UB, fathomed
72     8      11         0.1500     2.7000     1700.0000  % 
UB: 2.6999999999999993
branching on 2 with b.
73     9      12         0.1500     2.7000     1700.0000  % 
UB: 2.6999999999999993
branching on CartesianIndex(1, 6) with c.
74     10     13         0.1500     2.7000     1700.0000  % 
UB: 2.6999999999999993
branching on 3 with b.
75     11     14         0.1500     2.7000     1700.0000  % 
LB close or above UB, fathomed
76     10     14         0.1500     2.7000     1700.0000  % 
LB close or above UB, fathomed
77     9      13         0.1500     2.7000     1700.0000  % 
LB close or above UB, fathomed
78     8      12         0.1500     2.7000     1700.0000  % 
UB: 2.6999999999999993
branching on 3 with b.
79     9      13         0.1500     2.7000     1700.0000  % 
LB close or above UB, fathomed
80     8      13         0.1500     2.7000     1700.0000  % 
LB close or above UB, fathomed
81     7      8          0.1500     2.7000     1700.0000  % 
UB: 2.6999999999999993
branching on 1 with b.
82     8      9          0.1500     2.7000     1700.0000  % 
LB close or above UB, fathomed
83     7      9          0.1500     2.7000     1700.0000  % 
UB: 2.6999999999999993
branching on CartesianIndex(1, 4) with c.
84     8      10         0.1500     2.7000     1700.0000  % 
LB close or above UB, fathomed
85     7      10         0.1500     2.7000     1700.0000  % 
UB: 2.6999999999999993
branching on 2 with b.
86     8      11         0.1500     2.7000     1700.0000  % 
UB: 2.6999999999999993
branching on 3 with b.
87     9      12         0.1500     2.7000     1700.0000  % 
LB close or above UB, fathomed
88     8      12         0.1500     2.7000     1700.0000  % 
UB: 2.6999999999999993
branching on 1 with b.
89     8      13         0.1500     2.7000     1700.0000  % 
UB: 2.6999999999999993
branching on CartesianIndex(1, 5) with c.
90     9      14         0.1500     2.7000     1700.0000  % 
UB: 2.6999999999999993
branching on CartesianIndex(2, 5) with c.
91     10     14         0.1500     2.7000     1700.0000  % 
LB close or above UB, fathomed
92     9      11         0.1500     2.7000     1700.0000  % 
LB close or above UB, fathomed
93     8      7          0.1500     2.7000     1700.0000  % 
LB close or above UB, fathomed
94     7      6          0.1500     2.7000     1700.0000  % 
UB: 2.6999999999999993
branching on CartesianIndex(1, 3) with a.
95     8      7          0.1500     2.7000     1700.0000  % 
UB: 2.6999999999999993
branching on 1 with b.
96     9      8          0.1500     2.7000     1700.0000  % 
UB: 2.6999999999999993
branching on 1 with b.
97     10     9          0.1500     2.7000     1700.0000  % 
LB close or above UB, fathomed
98     9      9          0.1500     2.7000     1700.0000  % 
UB: 2.6999999999999993
branching on CartesianIndex(1, 4) with c.
99     10     10         0.1500     2.7000     1700.0000  % 
UB: 2.6999999999999993
branching on CartesianIndex(2, 4) with c.
100    11     10         0.1500     2.7000     1700.0000  % 
UB: 2.6999999999999993
branching on CartesianIndex(1, 5) with c.
101    12     11         0.1500     2.7000     1700.0000  % 
UB: 2.6999999999999993
branching on CartesianIndex(2, 5) with c.
102    13     12         0.1500     2.7000     1700.0000  % 
UB: 2.6999999999999993
branching on CartesianIndex(1, 6) with c.
103    14     13         0.1500     2.7000     1700.0000  % 
UB: 2.6999999999999993
branching on 2 with b.
104    15     14         0.1500     2.7000     1700.0000  % 
LB close or above UB, fathomed
105    14     14         0.1500     2.7000     1700.0000  % 
UB: 2.6999999999999993
branching on 3 with b.
106    15     15         0.1500     2.7000     1700.0000  % 
LB close or above UB, fathomed
107    14     15         0.1500     2.7000     1700.0000  % 
UB: 2.6999999999999993
branching on CartesianIndex(2, 6) with c.
108    15     16         0.1500     2.7000     1700.0000  % 
LB close or above UB, fathomed
109    14     16         0.1500     2.7000     1700.0000  % 
UB: 2.6999999999999993
branching on CartesianIndex(1, 7) with c.
110    15     17         0.1500     2.7000     1700.0000  % 
UB: 2.6999999999999993
branching on CartesianIndex(2, 7) with c.
111    16     18         0.1500     2.7000     1700.0000  % 
UB: 2.6999999999999993
branching on 1 with b.
112    16     19         0.1500     2.7000     1700.0000  % 
UB: 2.6999999999999993
branching on 2 with b.
113    17     20         0.1500     2.7000     1700.0000  % 
UB: 2.6999999999999993
branching on 3 with b.
114    18     21         0.1500     2.7000     1700.0000  % 
UB: 2.6999999999999993
branching on 1 with b.
115    18     22         0.1500     2.7000     1700.0000  % 
UB: 2.6999999999999993
branching on 2 with b.
116    19     23         0.1500     2.7000     1700.0000  % 
LB close or above UB, fathomed
117    18     23         0.1500     2.7000     1700.0000  % 
UB: 2.6999999999999993
branching on 3 with b.
118    19     21         0.1500     2.7000     1700.0000  % 
LB close or above UB, fathomed
119    18     20         0.1500     2.7000     1700.0000  % 
UB: 2.6999999999999993
branching on 3 with b.
120    19     21         0.1500     2.7000     1700.0000  % 
UB: 2.6999999999999993
branching on 1 with b.
121    19     22         0.1500     2.7000     1700.0000  % 
UB: 2.6999999999999993
branching on 2 with b.
122    20     23         0.1500     2.7000     1700.0000  % 
UB: 2.6999999999999993
branching on 3 with b.
123    21     24         0.1500     2.7000     1700.0000  % 
LB close or above UB, fathomed
124    20     24         0.1500     2.7000     1700.0000  % 
LB close or above UB, fathomed
125    19     23         0.1500     2.7000     1700.0000  % 
LB close or above UB, fathomed
126    18     21         0.1500     2.7000     1700.0000  % 
LB close or above UB, fathomed
127    17     18         0.1500     2.7000     1700.0000  % 
LB close or above UB, fathomed
128    16     17         0.1500     2.7000     1700.0000  % 
LB close or above UB, fathomed
129    15     13         0.1500     2.7000     1700.0000  % 
LB close or above UB, fathomed
130    14     12         0.1500     2.7000     1700.0000  % 
UB: 2.6999999999999993
branching on CartesianIndex(1, 6) with c.
131    15     13         0.1500     2.7000     1700.0000  % 
UB: 2.6999999999999993
branching on 2 with b.
132    16     14         0.1500     2.7000     1700.0000  % 
LB close or above UB, fathomed
133    15     14         0.1500     2.7000     1700.0000  % 
UB: 2.6999999999999993
branching on 3 with b.
134    16     15         0.1500     2.7000     1700.0000  % 
LB close or above UB, fathomed
135    15     15         0.1500     2.7000     1700.0000  % 
UB: 2.6999999999999993
branching on 1 with b.
136    15     16         0.1500     2.7000     1700.0000  % 
UB: 2.6999999999999993
branching on 2 with b.
137    16     17         0.1500     2.7000     1700.0000  % 
UB: 2.6999999999999993
branching on 3 with b.
138    17     18         0.1500     2.7000     1700.0000  % 
LB close or above UB, fathomed
139    16     18         0.1500     2.7000     1700.0000  % 
LB close or above UB, fathomed
140    15     17         0.1500     2.7000     1700.0000  % 
LB close or above UB, fathomed
141    14     13         0.1500     2.7000     1700.0000  % 
LB close or above UB, fathomed
142    13     11         0.1500     2.7000     1700.0000  % 
UB: 2.6999999999999993
branching on CartesianIndex(1, 6) with c.
143    14     12         0.1500     2.7000     1700.0000  % 
UB: 2.6999999999999993
branching on 2 with b.
144    15     13         0.1500     2.7000     1700.0000  % 
UB: 2.6999999999999993
branching on 3 with b.
145    16     14         0.1500     2.7000     1700.0000  % 
LB close or above UB, fathomed
146    15     14         0.1500     2.7000     1700.0000  % 
LB close or above UB, fathomed
147    14     13         0.1500     2.7000     1700.0000  % 
UB: 2.6999999999999993
branching on 3 with b.
148    15     14         0.1500     2.7000     1700.0000  % 
LB close or above UB, fathomed
149    14     14         0.1500     2.7000     1700.0000  % 
LB close or above UB, fathomed
150    13     12         0.1500     2.7000     1700.0000  % 
LB close or above UB, fathomed
151    12     8          0.1500     2.7000     1700.0000  % 
LB close or above UB, fathomed
152    11     7          0.1500     2.7000     1700.0000  % 
UB: 2.6999999999999993
branching on 1 with b.
153    12     8          0.1500     2.7000     1700.0000  % 
UB: 2.6999999999999993
branching on 1 with b.
154    13     9          0.1500     2.7000     1700.0000  % 
LB close or above UB, fathomed
155    12     9          0.1500     2.7000     1700.0000  % 
UB: 2.6999999999999993
branching on CartesianIndex(1, 4) with c.
156    13     10         0.1500     2.7000     1700.0000  % 
LB close or above UB, fathomed
157    12     10         0.1500     2.7000     1700.0000  % 
UB: 2.6999999999999993
branching on 2 with b.
158    13     11         0.1500     2.7000     1700.0000  % 
UB: 2.6999999999999993
branching on 3 with b.
159    14     12         0.1500     2.7000     1700.0000  % 
LB close or above UB, fathomed
160    13     12         0.1500     2.7000     1700.0000  % 
UB: 2.6999999999999993
branching on CartesianIndex(1, 5) with c.
161    14     13         0.1500     2.7000     1700.0000  % 
LB close or above UB, fathomed
162    13     13         0.1500     2.7000     1700.0000  % 
LB close or above UB, fathomed
163    12     11         0.1500     2.7000     1700.0000  % 
UB: 2.6999999999999993
branching on CartesianIndex(1, 5) with c.
164    13     12         0.1500     2.7000     1700.0000  % 
UB: 2.6999999999999993
branching on 3 with b.
165    14     13         0.1500     2.7000     1700.0000  % 
LB close or above UB, fathomed
166    13     13         0.1500     2.7000     1700.0000  % 
UB: 2.6999999999999993
branching on CartesianIndex(2, 5) with c.
167    14     14         0.1500     2.7000     1700.0000  % 
LB close or above UB, fathomed
168    13     14         0.1500     2.7000     1700.0000  % 
UB: 2.6999999999999993
branching on CartesianIndex(1, 6) with c.
169    14     12         0.1500     2.7000     1700.0000  % 
LB close or above UB, fathomed
170    13     8          0.1500     2.7000     1700.0000  % 
LB close or above UB, fathomed
171    12     5          0.1500     2.7000     1700.0000  % 
UB: 2.6999999999999993
branching on 1 with b.
172    13     6          0.1500     2.7000     1700.0000  % 
LB close or above UB, fathomed
173    12     6          0.1500     2.7000     1700.0000  % 
UB: 2.6999999999999993
branching on CartesianIndex(1, 2) with a.
174    13     7          0.1500     2.7000     1700.0000  % 
UB: 2.6999999999999993
branching on 1 with b.
175    14     8          0.1500     2.7000     1700.0000  % 
UB: 2.6999999999999993
branching on 2 with b.
176    15     9          0.1500     2.7000     1700.0000  % 
UB: 2.6999999999999993
branching on 3 with b.
177    16     10         0.1500     2.7000     1700.0000  % 
UB: 2.6999999999999993
branching on CartesianIndex(1, 3) with a.
178    17     10         0.1500     2.7000     1700.0000  % 
UB: 2.6999999999999993
branching on 1 with b.
179    18     9          0.1500     2.7000     1700.0000  % 
UB: 2.6999999999999993
branching on 3 with b.
180    19     8          0.1500     2.7000     1700.0000  % 
LB close or above UB, fathomed
181    18     7          0.1500     2.7000     1700.0000  % 
LB close or above UB, fathomed
182    17     11         0.1500     2.7000     1700.0000  % 
LB close or above UB, fathomed
183    16     11         0.1500     2.7000     1700.0000  % 
LB close or above UB, fathomed
184    15     15         0.1500     2.7000     1700.0000  % 
UB: 2.6999999999999993
branching on CartesianIndex(2, 6) with c.
185    16     16         0.1500     2.7000     1700.0000  % 
LB close or above UB, fathomed
186    15     16         0.1500     2.7000     1700.0000  % 
UB: 2.6999999999999993
branching on 1 with b.
187    15     17         0.1500     2.7000     1700.0000  % 
UB: 2.6999999999999993
branching on CartesianIndex(1, 7) with c.
188    16     18         0.1500     2.7000     1700.0000  % 
UB: 2.6999999999999993
branching on CartesianIndex(2, 7) with c.
189    17     19         0.1500     2.7000     1700.0000  % 
UB: 2.6999999999999993
branching on 2 with b.
190    18     20         0.1500     2.7000     1700.0000  % 
UB: 2.6999999999999993
branching on 3 with b.
191    19     21         0.1500     2.7000     1700.0000  % 
UB: 2.6999999999999993
branching on 1 with b.
192    19     22         0.1500     2.7000     1700.0000  % 
UB: 2.6999999999999993
branching on 2 with b.
193    20     23         0.1500     2.7000     1700.0000  % 
LB close or above UB, fathomed
194    19     23         0.1500     2.7000     1700.0000  % 
UB: 2.6999999999999993
branching on 3 with b.
195    20     24         0.1500     2.7000     1700.0000  % 
LB close or above UB, fathomed
196    19     24         0.1500     2.7000     1700.0000  % 
LB close or above UB, fathomed
197    18     21         0.1500     2.7000     1700.0000  % 
LB close or above UB, fathomed
198    17     20         0.1500     2.7000     1700.0000  % 
LB close or above UB, fathomed
199    16     19         0.1500     2.7000     1700.0000  % 
LB close or above UB, fathomed
200    15     18         0.1500     2.7000     1700.0000  % 
LB close or above UB, fathomed
201    14     15         0.1500     2.7000     1700.0000  % 
LB close or above UB, fathomed
202    13     15         0.1500     2.7000     1700.0000  % 
LB close or above UB, fathomed
203    12     15         0.1500     2.7000     1700.0000  % 
UB: 2.6999999999999993
branching on CartesianIndex(1, 6) with c.
204    13     16         0.1500     2.7000     1700.0000  % 
UB: 2.6999999999999993
branching on 2 with b.
205    14     17         0.1500     2.7000     1700.0000  % 
LB close or above UB, fathomed
206    13     17         0.1500     2.7000     1700.0000  % 
UB: 2.6999999999999993
branching on CartesianIndex(2, 6) with c.
207    14     18         0.1500     2.7000     1700.0000  % 
LB close or above UB, fathomed
208    13     18         0.1500     2.7000     1700.0000  % 
UB: 2.6999999999999993
branching on CartesianIndex(1, 7) with c.
209    14     19         0.1500     2.7000     1700.0000  % 
UB: 2.6999999999999993
branching on CartesianIndex(2, 7) with c.
210    15     20         0.1500     2.7000     1700.0000  % 
UB: 2.6999999999999993
branching on 3 with b.
211    16     21         0.1500     2.7000     1700.0000  % 
UB: 2.6999999999999993
branching on 1 with b.
212    16     22         0.1500     2.7000     1700.0000  % 
UB: 2.6999999999999993
branching on 2 with b.
213    16     23         0.1500     2.7000     1700.0000  % 
UB: 2.6999999999999993
branching on 3 with b.
214    17     24         0.1500     2.7000     1700.0000  % 
LB close or above UB, fathomed
215    16     24         0.1500     2.7000     1700.0000  % 
LB close or above UB, fathomed
216    15     21         0.1500     2.7000     1700.0000  % 
LB close or above UB, fathomed
217    14     20         0.1500     2.7000     1700.0000  % 
LB close or above UB, fathomed
218    13     19         0.1500     2.7000     1700.0000  % 
LB close or above UB, fathomed
219    12     16         0.1500     2.7000     1700.0000  % 
LB close or above UB, fathomed
220    11     24         0.1500     2.7000     1700.0000  % 
LB close or above UB, fathomed
221    10     24         0.1500     2.7000     1700.0000  % 
LB close or above UB, fathomed
222    9      10         0.1500     2.7000     1700.0000  % 
UB: 2.6999999999999993
branching on CartesianIndex(1, 3) with a.
223    10     11         0.1500     2.7000     1700.0000  % 
UB: 2.6999999999999993
branching on CartesianIndex(1, 4) with c.
224    11     12         0.1500     2.7000     1700.0000  % 
LB close or above UB, fathomed
225    10     12         0.1500     2.7000     1700.0000  % 
UB: 2.6999999999999993
branching on CartesianIndex(1, 5) with c.
226    11     13         0.1500     2.7000     1700.0000  % 
UB: 2.6999999999999993
branching on CartesianIndex(2, 5) with c.
227    12     14         0.1500     2.7000     1700.0000  % 
LB close or above UB, fathomed
228    11     14         0.1500     2.7000     1700.0000  % 
UB: 2.6999999999999993
branching on CartesianIndex(1, 6) with c.
229    12     15         0.1500     2.7000     1700.0000  % 
UB: 2.6999999999999993
branching on CartesianIndex(2, 6) with c.
230    13     16         0.1500     2.7000     1700.0000  % 
LB close or above UB, fathomed
231    12     16         0.1500     2.7000     1700.0000  % 
UB: 2.6999999999999993
branching on 1 with b.
232    13     17         0.1500     2.7000     1700.0000  % 
LB close or above UB, fathomed
233    12     17         0.1500     2.7000     1700.0000  % 
LB close or above UB, fathomed
234    11     15         0.1500     2.7000     1700.0000  % 
LB close or above UB, fathomed
235    10     13         0.1500     2.7000     1700.0000  % 
LB close or above UB, fathomed
236    9      11         0.1500     2.7000     1700.0000  % 
LB close or above UB, fathomed
237    8      10         0.1500     2.7000     1700.0000  % 
UB: 2.6999999999999993
branching on 1 with b.
238    9      11         0.1500     2.7000     1700.0000  % 
LB close or above UB, fathomed
239    8      11         0.1500     2.7000     1700.0000  % 
LB close or above UB, fathomed
240    7      11         0.1500     2.7000     1700.0000  % 
UB: 2.6999999999999993
branching on CartesianIndex(1, 4) with c.
241    8      12         0.1500     2.7000     1700.0000  % 
LB close or above UB, fathomed
242    7      12         0.1500     2.7000     1700.0000  % 
UB: 2.6999999999999993
branching on CartesianIndex(1, 5) with c.
243    8      13         0.1500     2.7000     1700.0000  % 
UB: 2.6999999999999993
branching on CartesianIndex(2, 5) with c.
244    9      14         0.1500     2.7000     1700.0000  % 
LB close or above UB, fathomed
245    8      14         0.1500     2.7000     1700.0000  % 
UB: 2.6999999999999993
branching on CartesianIndex(1, 6) with c.
246    9      15         0.1500     2.7000     1700.0000  % 
UB: 2.6999999999999993
branching on 1 with b.
247    10     16         0.1500     2.7000     1700.0000  % 
LB close or above UB, fathomed
248    9      16         0.1500     2.7000     1700.0000  % 
LB close or above UB, fathomed
249    8      15         0.1500     2.7000     1700.0000  % 
LB close or above UB, fathomed
250    7      13         0.1500     2.7000     1700.0000  % 
LB close or above UB, fathomed
251    6      11         0.1500     2.7000     1700.0000  % 
LB close or above UB, fathomed
252    5      11         0.1500     2.7000     1700.0000  % 
UB: 2.6999999999999993
branching on CartesianIndex(1, 5) with c.
253    6      12         0.1500     2.7000     1700.0000  % 
LB close or above UB, fathomed
254    5      12         0.1500     2.7000     1700.0000  % 
UB: 2.6999999999999993
branching on CartesianIndex(1, 6) with c.
255    6      13         0.1500     2.7000     1700.0000  % 
UB: 2.6999999999999993
branching on CartesianIndex(2, 6) with c.
256    7      14         0.1500     2.7000     1700.0000  % 
LB close or above UB, fathomed
257    6      14         0.1500     2.7000     1700.0000  % 
LB close or above UB, fathomed
258    5      13         0.1500     2.7000     1700.0000  % 
LB close or above UB, fathomed
259    4      11         0.1500     2.7000     1700.0000  % 
UB: 2.6999999999999993
branching on CartesianIndex(1, 5) with c.
260    5      12         0.1500     2.7000     1700.0000  % 
LB close or above UB, fathomed
261    4      12         0.1500     2.7000     1700.0000  % 
UB: 2.6999999999999993
branching on 2 with b.
262    5      13         0.1500     2.7000     1700.0000  % 
UB: 2.6999999999999993
branching on 3 with b.
263    6      14         0.1500     2.7000     1700.0000  % 
LB close or above UB, fathomed
264    5      14         0.1500     2.7000     1700.0000  % 
LB close or above UB, fathomed
265    4      13         0.1500     2.7000     1700.0000  % 
LB close or above UB, fathomed
266    3      11         0.1500     2.7000     1700.0000  % 
UB: 2.6999999999999993
branching on CartesianIndex(1, 5) with c.
267    4      12         0.1500     2.7000     1700.0000  % 
LB close or above UB, fathomed
268    3      12         0.1500     2.7000     1700.0000  % 
UB: 2.6999999999999993
branching on 2 with b.
269    4      13         0.1500     2.7000     1700.0000  % 
UB: 2.6999999999999993
branching on CartesianIndex(1, 6) with c.
270    5      14         0.1500     2.7000     1700.0000  % 
UB: 2.6999999999999993
branching on CartesianIndex(2, 6) with c.
271    6      15         0.1500     2.7000     1700.0000  % 
LB close or above UB, fathomed
272    5      15         0.1500     2.7000     1700.0000  % 
LB close or above UB, fathomed
273    4      14         0.1500     2.7000     1700.0000  % 
LB close or above UB, fathomed
274    3      13         0.1500     2.7000     1700.0000  % 
LB close or above UB, fathomed
275    2      11         0.1500     2.7000     1700.0000  % 
UB: 2.6999999999999993
branching on CartesianIndex(1, 5) with c.
276    3      12         0.1500     2.7000     1700.0000  % 
LB close or above UB, fathomed
277    2      12         0.1500     2.7000     1700.0000  % 
UB: 2.6999999999999993
branching on CartesianIndex(1, 6) with c.
278    3      13         0.1500     2.7000     1700.0000  % 
UB: 2.6999999999999993
branching on CartesianIndex(2, 6) with c.
279    4      14         0.1500     2.7000     1700.0000  % 
LB close or above UB, fathomed
280    3      14         0.1500     2.7000     1700.0000  % 
LB close or above UB, fathomed
281    2      13         0.1500     2.7000     1700.0000  % 
LB close or above UB, fathomed
282    1      21         0.1500     2.7000     1700.0000  % 
LB close or above UB, fathomed
283    0      21         0.1500     2.7000     1700.0000  % 
LB close or above UB, fathomed
all node solved
solved nodes:  284
284                                                   2.6778e+00     2.7000e+00     0.8299  % 
2×3 Matrix{Float64}:
 0.0  0.0  1.0
 1.0  0.0  0.0
3-element Vector{Float64}:
 0.33419297348297006
 0.0
 0.7808017917704572
3×7 Matrix{Float64}:
 0.0  0.0  0.0  0.0  1.0  0.0  0.0
 0.0  0.0  0.0  0.0  0.0  1.0  0.0
 0.0  0.0  0.0  0.0  0.0  0.0  1.0
3-element Vector{Float64}:
 1.0
 0.0
 1.0
2×3 Matrix{Float64}:
 0.0  0.0  1.0
 1.0  0.0  0.0
3-element Vector{Float64}:
 0.3362922626234668
 0.0
 0.7438136832096937
3×7 Matrix{Float64}:
 0.0  0.0  0.0  0.0  1.0  0.0  0.0
 0.0  0.0  0.0  0.0  0.0  1.0  0.0
 0.0  0.0  0.0  0.0  0.0  0.0  1.0
3-element Vector{Float64}:
 1.0
 0.0
 1.0
comparison (CRT and Glb)on prediction: Dict{Bool, Int64}(0 => 0, 1 => 4)
Dataname	 time	 objv	 lb	 gap	 train_w	 train_g	 test_w	 test_g
small_toy_463.small_toy	 58.73	 2.6999999999999993	 2.678	 0.0083	 88.889	 88.889	 75.0	 75.0
