Running 2 processes.
Start training small_toy_135.small_toy with seed 1.
Any[]
(2, 13)
(2, 6)
(2, 3)
(2, 4)
dimension: 2, class: 3
cart cost: 2.7000000000000006
size of X: (2, 9)
ngroups: 2
UB: 2.6999999999999993
Iter	left	lev	LB	UB	gap	
0      0      1          0.1000     2.7000     2600.0000  % 
UB: 2.6999999999999993
branching on 1 with d.
1      1      2          0.1000     2.7000     2600.0000  % 
LB close or above UB, fathomed
2      0      2          0.1000     2.7000     2600.0000  % 
UB: 2.6999999999999993
branching on 2 with d.
3      1      3          0.1000     2.7000     2600.0000  % 
UB: 2.6999999999999993
branching on 3 with d.
4      2      4          0.1000     2.7000     2600.0000  % 
LB close or above UB, fathomed
5      1      4          0.1000     2.7000     2600.0000  % 
UB: 2.6999999999999993
branching on CartesianIndex(1, 1) with a.
6      2      5          0.1000     2.7000     2600.0000  % 
UB: 2.6999999999999993
branching on CartesianIndex(1, 3) with a.
7      3      6          0.1000     2.7000     2600.0000  % 
UB: 2.6999999999999993
branching on 1 with b.
8      4      7          0.1000     2.7000     2600.0000  % 
UB: 2.6999999999999993
branching on CartesianIndex(1, 5) with c.
9      5      8          0.1000     2.7000     2600.0000  % 
LB close or above UB, fathomed
10     4      8          0.1000     2.7000     2600.0000  % 
UB: 2.6999999999999993
branching on CartesianIndex(1, 6) with c.
11     5      9          0.1000     2.7000     2600.0000  % 
UB: 2.6999999999999993
branching on 1 with b.
12     6      10         0.1000     2.7000     2600.0000  % 
LB close or above UB, fathomed
13     5      10         0.1000     2.7000     2600.0000  % 
UB: 2.6999999999999993
branching on 3 with b.
14     6      11         0.1000     2.7000     2600.0000  % 
LB close or above UB, fathomed
15     5      11         0.1000     2.7000     2600.0000  % 
LB close or above UB, fathomed
16     4      9          0.1000     2.7000     2600.0000  % 
LB close or above UB, fathomed
17     3      7          0.1000     2.7000     2600.0000  % 
LB close or above UB, fathomed
18     2      6          0.1000     2.7000     2600.0000  % 
LB close or above UB, fathomed
19     1      5          0.1000     2.7000     2600.0000  % 
UB: 2.6999999999999993
branching on CartesianIndex(1, 3) with a.
20     2      6          0.1000     2.7000     2600.0000  % 
UB: 2.6999999999999993
branching on 1 with b.
21     3      7          0.1000     2.7000     2600.0000  % 
LB close or above UB, fathomed
22     2      7          0.1000     2.7000     2600.0000  % 
LB close or above UB, fathomed
23     1      6          0.1000     2.7000     2600.0000  % 
LB close or above UB, fathomed
24     0      3          0.1000     2.7000     2600.0000  % 
UB: 2.6999999999999993
branching on 3 with d.
25     1      4          0.1000     2.7000     2600.0000  % 
UB: 2.6999999999999993
branching on 1 with b.
26     2      5          0.1000     2.7000     2600.0000  % 
LB close or above UB, fathomed
27     1      5          0.1000     2.7000     2600.0000  % 
UB: 2.6999999999999993
branching on CartesianIndex(1, 1) with a.
28     2      6          0.1000     2.7000     2600.0000  % 
LB close or above UB, fathomed
29     1      6          0.1000     2.7000     2600.0000  % 
LB close or above UB, fathomed
30     0      4          0.1000     2.7000     2600.0000  % 
UB: 2.6999999999999993
branching on 1 with b.
31     1      5          0.1500     2.7000     1700.0000  % 
UB: 2.6999999999999993
branching on 1 with b.
32     2      6          0.1500     2.7000     1700.0000  % 
UB: 2.6999999999999993
branching on CartesianIndex(1, 1) with a.
33     3      7          0.1500     2.7000     1700.0000  % 
LB close or above UB, fathomed
34     2      7          0.1500     2.7000     1700.0000  % 
LB close or above UB, fathomed
35     1      6          0.1500     2.7000     1700.0000  % 
UB: 2.6999999999999993
branching on 2 with b.
36     2      7          0.1500     2.7000     1700.0000  % 
UB: 2.6999999999999993
branching on 3 with b.
37     3      8          0.1500     2.7000     1700.0000  % 
LB close or above UB, fathomed
38     2      8          0.1500     2.7000     1700.0000  % 
UB: 2.6999999999999993
branching on CartesianIndex(1, 1) with a.
39     3      9          0.1500     2.7000     1700.0000  % 
UB: 2.6999999999999993
branching on 1 with b.
40     3      10         0.1500     2.7000     1700.0000  % 
UB: 2.6999999999999993
branching on CartesianIndex(1, 2) with a.
41     4      11         0.1500     2.7000     1700.0000  % 
UB: 2.6999999999999993
branching on CartesianIndex(1, 3) with a.
42     5      12         0.1500     2.7000     1700.0000  % 
UB: 2.6999999999999993
branching on CartesianIndex(1, 4) with c.
43     6      13         0.1500     2.7000     1700.0000  % 
UB: 2.6999999999999993
branching on CartesianIndex(2, 4) with c.
44     7      13         0.1500     2.7000     1700.0000  % 
UB: 2.6999999999999993
branching on CartesianIndex(1, 5) with c.
45     8      14         0.1500     2.7000     1700.0000  % 
UB: 2.6999999999999993
branching on CartesianIndex(2, 5) with c.
46     9      15         0.1500     2.7000     1700.0000  % 
UB: 2.6999999999999993
branching on CartesianIndex(1, 6) with c.
47     10     16         0.1500     2.7000     1700.0000  % 
UB: 2.6999999999999993
branching on CartesianIndex(2, 6) with c.
48     11     17         0.1500     2.7000     1700.0000  % 
LB close or above UB, fathomed
49     10     17         0.1500     2.7000     1700.0000  % 
LB close or above UB, fathomed
50     9      16         0.1500     2.7000     1700.0000  % 
LB close or above UB, fathomed
51     8      15         0.1500     2.7000     1700.0000  % 
UB: 2.6999999999999993
branching on CartesianIndex(1, 6) with c.
52     9      16         0.1500     2.7000     1700.0000  % 
UB: 2.6999999999999993
branching on CartesianIndex(2, 6) with c.
53     10     17         0.1500     2.7000     1700.0000  % 
LB close or above UB, fathomed
54     9      17         0.1500     2.7000     1700.0000  % 
LB close or above UB, fathomed
55     8      16         0.1500     2.7000     1700.0000  % 
LB close or above UB, fathomed
56     7      14         0.1500     2.7000     1700.0000  % 
LB close or above UB, fathomed
57     6      12         0.1500     2.7000     1700.0000  % 
UB: 2.6999999999999993
branching on CartesianIndex(1, 4) with c.
58     7      11         0.1500     2.7000     1700.0000  % 
UB: 2.6999999999999993
branching on 2 with b.
59     8      9          0.1500     2.7000     1700.0000  % 
LB close or above UB, fathomed
60     7      7          0.1500     2.7000     1700.0000  % 
UB: 2.6999999999999993
branching on 3 with b.
61     8      8          0.1500     2.7000     1700.0000  % 
LB close or above UB, fathomed
62     7      8          0.1500     2.7000     1700.0000  % 
UB: 2.6999999999999993
branching on CartesianIndex(1, 1) with a.
63     8      9          0.1500     2.7000     1700.0000  % 
UB: 2.6999999999999993
branching on CartesianIndex(1, 2) with a.
64     9      10         0.1500     2.7000     1700.0000  % 
UB: 2.6999999999999993
branching on CartesianIndex(1, 3) with a.
65     10     10         0.1500     2.7000     1700.0000  % 
UB: 2.6999999999999993
branching on CartesianIndex(1, 3) with a.
66     11     11         0.1500     2.7000     1700.0000  % 
UB: 2.6999999999999993
branching on 1 with b.
67     11     11         0.1500     2.7000     1700.0000  % 
UB: 2.6999999999999993
branching on CartesianIndex(1, 4) with c.
68     12     9          0.1500     2.7000     1700.0000  % 
LB close or above UB, fathomed
69     11     5          0.1500     2.7000     1700.0000  % 
UB: 2.6999999999999993
branching on 1 with b.
70     12     6          0.1500     2.7000     1700.0000  % 
UB: 2.6999999999999993
branching on CartesianIndex(1, 1) with a.
71     13     7          0.1500     2.7000     1700.0000  % 
LB close or above UB, fathomed
72     12     7          0.1500     2.7000     1700.0000  % 
UB: 2.6999999999999993
branching on 2 with b.
73     13     8          0.1500     2.7000     1700.0000  % 
UB: 2.6999999999999993
branching on CartesianIndex(1, 2) with a.
74     14     9          0.1500     2.7000     1700.0000  % 
UB: 2.6999999999999993
branching on 3 with b.
75     15     9          0.1500     2.7000     1700.0000  % 
UB: 2.6999999999999993
branching on CartesianIndex(1, 3) with a.
76     16     10         0.1500     2.7000     1700.0000  % 
UB: 2.6999999999999993
branching on CartesianIndex(1, 4) with c.
77     17     11         0.1500     2.7000     1700.0000  % 
LB close or above UB, fathomed
78     16     11         0.1500     2.7000     1700.0000  % 
LB close or above UB, fathomed
79     15     10         0.1500     2.7000     1700.0000  % 
LB close or above UB, fathomed
80     14     8          0.1500     2.7000     1700.0000  % 
UB: 2.6999999999999993
branching on 3 with b.
81     15     6          0.1500     2.7000     1700.0000  % 
UB: 2.6999999999999993
branching on 2 with b.
82     16     7          0.1500     2.7000     1700.0000  % 
UB: 2.6999999999999993
branching on 3 with b.
83     17     7          0.1500     2.7000     1700.0000  % 
UB: 2.6999999999999993
branching on CartesianIndex(1, 1) with a.
84     18     8          0.1500     2.7000     1700.0000  % 
UB: 2.6999999999999993
branching on CartesianIndex(1, 1) with a.
85     19     9          0.1500     2.7000     1700.0000  % 
LB close or above UB, fathomed
86     18     9          0.1500     2.7000     1700.0000  % 
LB close or above UB, fathomed
87     17     8          0.1500     2.7000     1700.0000  % 
UB: 2.6999999999999993
branching on CartesianIndex(1, 1) with a.
88     18     9          0.1500     2.7000     1700.0000  % 
LB close or above UB, fathomed
89     17     9          0.1500     2.7000     1700.0000  % 
LB close or above UB, fathomed
90     16     12         0.1500     2.7000     1700.0000  % 
UB: 2.6999999999999993
branching on CartesianIndex(1, 4) with c.
91     17     13         0.1500     2.7000     1700.0000  % 
LB close or above UB, fathomed
92     16     13         0.1500     2.7000     1700.0000  % 
UB: 2.6999999999999993
branching on CartesianIndex(1, 5) with c.
93     17     14         0.1500     2.7000     1700.0000  % 
UB: 2.6999999999999993
branching on CartesianIndex(2, 5) with c.
94     18     15         0.1500     2.7000     1700.0000  % 
UB: 2.6999999999999993
branching on CartesianIndex(1, 6) with c.
95     19     16         0.1500     2.7000     1700.0000  % 
UB: 2.6999999999999993
branching on CartesianIndex(2, 6) with c.
96     20     17         0.1500     2.7000     1700.0000  % 
LB close or above UB, fathomed
97     19     17         0.1500     2.7000     1700.0000  % 
LB close or above UB, fathomed
98     18     16         0.1500     2.7000     1700.0000  % 
LB close or above UB, fathomed
99     17     15         0.1500     2.7000     1700.0000  % 
UB: 2.6999999999999993
branching on CartesianIndex(1, 6) with c.
100    18     16         0.1500     2.7000     1700.0000  % 
UB: 2.6999999999999993
branching on CartesianIndex(2, 6) with c.
101    19     17         0.1500     2.7000     1700.0000  % 
LB close or above UB, fathomed
102    18     17         0.1500     2.7000     1700.0000  % 
LB close or above UB, fathomed
103    17     16         0.1500     2.7000     1700.0000  % 
LB close or above UB, fathomed
104    16     14         0.1500     2.7000     1700.0000  % 
LB close or above UB, fathomed
105    15     12         0.1500     2.7000     1700.0000  % 
UB: 2.6999999999999993
branching on 3 with b.
106    16     13         0.1500     2.7000     1700.0000  % 
UB: 2.6999999999999993
branching on 1 with b.
107    16     14         0.1500     2.7000     1700.0000  % 
UB: 2.6999999999999993
branching on CartesianIndex(1, 3) with a.
108    17     15         0.1500     2.7000     1700.0000  % 
LB close or above UB, fathomed
109    16     15         0.1500     2.7000     1700.0000  % 
LB close or above UB, fathomed
110    15     13         0.1500     2.7000     1700.0000  % 
UB: 2.6999999999999993
branching on CartesianIndex(1, 3) with a.
111    16     12         0.1500     2.7000     1700.0000  % 
UB: 2.6999999999999993
branching on 3 with b.
112    17     10         0.1500     2.7000     1700.0000  % 
UB: 2.6999999999999993
branching on CartesianIndex(1, 3) with a.
113    18     11         0.1500     2.7000     1700.0000  % 
UB: 2.6999999999999993
branching on CartesianIndex(1, 4) with c.
114    19     12         0.1500     2.7000     1700.0000  % 
LB close or above UB, fathomed
115    18     12         0.1500     2.7000     1700.0000  % 
UB: 2.6999999999999993
branching on 1 with b.
116    18     13         0.1500     2.7000     1700.0000  % 
UB: 2.6999999999999993
branching on CartesianIndex(1, 5) with c.
117    19     14         0.1500     2.7000     1700.0000  % 
UB: 2.6999999999999993
branching on CartesianIndex(2, 5) with c.
118    20     15         0.1500     2.7000     1700.0000  % 
LB close or above UB, fathomed
119    19     15         0.1500     2.7000     1700.0000  % 
UB: 2.6999999999999993
branching on CartesianIndex(1, 6) with c.
120    20     16         0.1500     2.7000     1700.0000  % 
UB: 2.6999999999999993
branching on CartesianIndex(2, 6) with c.
121    21     17         0.1500     2.7000     1700.0000  % 
LB close or above UB, fathomed
122    20     17         0.1500     2.7000     1700.0000  % 
UB: 2.6999999999999993
branching on CartesianIndex(1, 7) with c.
123    21     18         0.1500     2.7000     1700.0000  % 
UB: 2.6999999999999993
branching on CartesianIndex(2, 7) with c.
124    22     19         0.1500     2.7000     1700.0000  % 
UB: 2.6999999999999993
branching on 2 with b.
125    23     20         0.1500     2.7000     1700.0000  % 
LB close or above UB, fathomed
126    22     20         0.1500     2.7000     1700.0000  % 
UB: 2.6999999999999993
branching on 3 with b.
127    23     21         0.1500     2.7000     1700.0000  % 
LB close or above UB, fathomed
128    22     21         0.1500     2.7000     1700.0000  % 
UB: 2.6999999999999993
branching on 1 with b.
129    23     22         0.1500     2.7000     1700.0000  % 
UB: 2.6999999999999993
branching on 2 with b.
130    23     23         0.1500     2.7000     1700.0000  % 
UB: 2.6999999999999993
branching on 3 with b.
131    23     24         0.1500     2.7000     1700.0000  % 
UB: 2.6999999999999993
branching on 1 with b.
132    24     25         0.1500     2.7000     1700.0000  % 
LB close or above UB, fathomed
133    23     25         0.1500     2.7000     1700.0000  % 
UB: 2.6999999999999993
branching on 2 with b.
134    23     26         0.1500     2.7000     1700.0000  % 
UB: 2.6999999999999993
branching on 3 with b.
135    23     27         0.1500     2.7000     1700.0000  % 
UB: 2.6999999999999993
branching on 1 with b.
136    23     28         0.1500     2.7000     1700.0000  % 
UB: 2.6999999999999993
branching on 2 with b.
137    23     29         0.1500     2.7000     1700.0000  % 
UB: 2.6999999999999993
branching on 3 with b.
138    23     30         0.1500     2.7000     1700.0000  % 
UB: 2.6999999999999993
branching on 1 with b.
139    23     31         0.1500     2.7000     1700.0000  % 
LB close or above UB, fathomed
140    22     22         0.1500     2.7000     1700.0000  % 
UB: 2.6999999999999993
branching on 2 with b.
141    22     23         0.1500     2.7000     1700.0000  % 
UB: 2.6999999999999993
branching on 3 with b.
142    22     24         0.1500     2.7000     1700.0000  % 
UB: 2.6999999999999993
branching on 1 with b.
143    22     25         0.1500     2.7000     1700.0000  % 
UB: 2.6999999999999993
branching on 2 with b.
144    22     26         0.1500     2.7000     1700.0000  % 
UB: 2.6999999999999993
branching on 3 with b.
145    22     27         0.1500     2.7000     1700.0000  % 
UB: 2.6999999999999993
branching on 1 with b.
146    22     28         0.1500     2.7000     1700.0000  % 
UB: 2.6999999999999993
branching on 2 with b.
147    22     29         0.1500     2.7000     1700.0000  % 
UB: 2.6999999999999993
branching on 3 with b.
148    22     30         0.1500     2.7000     1700.0000  % 
UB: 2.6999999999999993
branching on 1 with b.
149    22     31         0.1500     2.7000     1700.0000  % 
UB: 2.6999999999999993
branching on 2 with b.
150    23     32         0.1500     2.7000     1700.0000  % 
UB: 2.6999999999999993
branching on 3 with b.
151    24     33         0.1500     2.7000     1700.0000  % 
LB close or above UB, fathomed
152    23     33         0.1500     2.7000     1700.0000  % 
LB close or above UB, fathomed
153    22     32         0.1500     2.7000     1700.0000  % 
UB: 2.6999999999999993
branching on 3 with b.
154    23     33         0.1500     2.7000     1700.0000  % 
LB close or above UB, fathomed
155    22     33         0.1500     2.7000     1700.0000  % 
LB close or above UB, fathomed
156    21     19         0.1500     2.7000     1700.0000  % 
LB close or above UB, fathomed
157    20     18         0.1500     2.7000     1700.0000  % 
LB close or above UB, fathomed
158    19     16         0.1500     2.7000     1700.0000  % 
LB close or above UB, fathomed
159    18     14         0.1500     2.7000     1700.0000  % 
LB close or above UB, fathomed
160    17     11         0.1500     2.7000     1700.0000  % 
LB close or above UB, fathomed
161    16     10         0.1500     2.7000     1700.0000  % 
UB: 2.6999999999999993
branching on CartesianIndex(1, 3) with a.
162    17     11         0.1500     2.7000     1700.0000  % 
LB close or above UB, fathomed
163    16     11         0.1500     2.7000     1700.0000  % 
UB: 2.6999999999999993
branching on CartesianIndex(1, 4) with c.
164    17     12         0.1500     2.7000     1700.0000  % 
LB close or above UB, fathomed
165    16     12         0.1500     2.7000     1700.0000  % 
UB: 2.6999999999999993
branching on CartesianIndex(1, 5) with c.
166    17     13         0.1500     2.7000     1700.0000  % 
UB: 2.6999999999999993
branching on CartesianIndex(2, 5) with c.
167    18     14         0.1500     2.7000     1700.0000  % 
LB close or above UB, fathomed
168    17     14         0.1500     2.7000     1700.0000  % 
UB: 2.6999999999999993
branching on CartesianIndex(1, 6) with c.
169    18     15         0.1500     2.7000     1700.0000  % 
UB: 2.6999999999999993
branching on CartesianIndex(2, 6) with c.
170    19     16         0.1500     2.7000     1700.0000  % 
LB close or above UB, fathomed
171    18     16         0.1500     2.7000     1700.0000  % 
LB close or above UB, fathomed
172    17     15         0.1500     2.7000     1700.0000  % 
LB close or above UB, fathomed
173    16     13         0.1500     2.7000     1700.0000  % 
LB close or above UB, fathomed
174    15     12         0.1500     2.7000     1700.0000  % 
LB close or above UB, fathomed
175    14     12         0.1500     2.7000     1700.0000  % 
UB: 2.6999999999999993
branching on CartesianIndex(1, 5) with c.
176    15     13         0.1500     2.7000     1700.0000  % 
UB: 2.6999999999999993
branching on CartesianIndex(2, 5) with c.
177    16     14         0.1500     2.7000     1700.0000  % 
LB close or above UB, fathomed
178    15     14         0.1500     2.7000     1700.0000  % 
UB: 2.6999999999999993
branching on 1 with b.
179    15     15         0.1500     2.7000     1700.0000  % 
UB: 2.6999999999999993
branching on 2 with b.
180    16     16         0.1500     2.7000     1700.0000  % 
UB: 2.6999999999999993
branching on 3 with b.
181    17     17         0.1500     2.7000     1700.0000  % 
UB: 2.6999999999999993
branching on 1 with b.
182    17     18         0.1500     2.7000     1700.0000  % 
UB: 2.6999999999999993
branching on CartesianIndex(1, 6) with c.
183    18     19         0.1500     2.7000     1700.0000  % 
UB: 2.6999999999999993
branching on CartesianIndex(2, 6) with c.
184    19     20         0.1500     2.7000     1700.0000  % 
LB close or above UB, fathomed
185    18     20         0.1500     2.7000     1700.0000  % 
UB: 2.6999999999999993
branching on CartesianIndex(1, 7) with c.
186    19     21         0.1500     2.7000     1700.0000  % 
UB: 2.6999999999999993
branching on 2 with b.
187    19     22         0.1500     2.7000     1700.0000  % 
UB: 2.6999999999999993
branching on CartesianIndex(2, 7) with c.
188    20     23         0.1500     2.7000     1700.0000  % 
UB: 2.6999999999999993
branching on 3 with b.
189    20     24         0.1500     2.7000     1700.0000  % 
UB: 2.6999999999999993
branching on 1 with b.
190    20     25         0.1500     2.7000     1700.0000  % 
UB: 2.6999999999999993
branching on 2 with b.
191    21     26         0.1500     2.7000     1700.0000  % 
UB: 2.6999999999999993
branching on 3 with b.
192    22     27         0.1500     2.7000     1700.0000  % 
UB: 2.6999999999999993
branching on 1 with b.
193    23     28         0.1500     2.7000     1700.0000  % 
LB close or above UB, fathomed
194    22     28         0.1500     2.7000     1700.0000  % 
LB close or above UB, fathomed
195    21     27         0.1500     2.7000     1700.0000  % 
UB: 2.6999999999999993
branching on 1 with b.
196    22     28         0.1500     2.7000     1700.0000  % 
LB close or above UB, fathomed
197    21     28         0.1500     2.7000     1700.0000  % 
LB close or above UB, fathomed
198    20     26         0.1500     2.7000     1700.0000  % 
UB: 2.6999999999999993
branching on 3 with b.
199    21     23         0.1500     2.7000     1700.0000  % 
LB close or above UB, fathomed
200    20     21         0.1500     2.7000     1700.0000  % 
LB close or above UB, fathomed
201    19     19         0.1500     2.7000     1700.0000  % 
LB close or above UB, fathomed
202    18     17         0.1500     2.7000     1700.0000  % 
LB close or above UB, fathomed
203    17     16         0.1500     2.7000     1700.0000  % 
UB: 2.6999999999999993
branching on CartesianIndex(1, 6) with c.
204    18     17         0.1500     2.7000     1700.0000  % 
UB: 2.6999999999999993
branching on 3 with b.
205    19     18         0.1500     2.7000     1700.0000  % 
UB: 2.6999999999999993
branching on CartesianIndex(2, 6) with c.
206    20     19         0.1500     2.7000     1700.0000  % 
LB close or above UB, fathomed
207    19     19         0.1500     2.7000     1700.0000  % 
UB: 2.6999999999999993
branching on CartesianIndex(1, 7) with c.
208    20     20         0.1500     2.7000     1700.0000  % 
UB: 2.6999999999999993
branching on CartesianIndex(2, 7) with c.
209    21     21         0.1500     2.7000     1700.0000  % 
UB: 2.6999999999999993
branching on 1 with b.
210    21     22         0.1500     2.7000     1700.0000  % 
UB: 2.6999999999999993
branching on 2 with b.
211    22     23         0.1500     2.7000     1700.0000  % 
UB: 2.6999999999999993
branching on 3 with b.
212    22     24         0.1500     2.7000     1700.0000  % 
UB: 2.6999999999999993
branching on 1 with b.
213    22     25         0.1500     2.7000     1700.0000  % 
UB: 2.6999999999999993
branching on 2 with b.
214    22     26         0.1500     2.7000     1700.0000  % 
UB: 2.6999999999999993
branching on 3 with b.
215    23     23         0.1500     2.7000     1700.0000  % 
LB close or above UB, fathomed
216    22     21         0.1500     2.7000     1700.0000  % 
LB close or above UB, fathomed
217    21     20         0.1500     2.7000     1700.0000  % 
LB close or above UB, fathomed
218    20     18         0.1500     2.7000     1700.0000  % 
LB close or above UB, fathomed
219    19     17         0.1500     2.7000     1700.0000  % 
LB close or above UB, fathomed
220    18     13         0.1500     2.7000     1700.0000  % 
LB close or above UB, fathomed
221    17     13         0.1500     2.7000     1700.0000  % 
LB close or above UB, fathomed
222    16     13         0.1500     2.7000     1700.0000  % 
UB: 2.6999999999999993
branching on CartesianIndex(1, 5) with c.
223    17     14         0.1500     2.7000     1700.0000  % 
UB: 2.6999999999999993
branching on CartesianIndex(2, 5) with c.
224    18     15         0.1500     2.7000     1700.0000  % 
LB close or above UB, fathomed
225    17     15         0.1500     2.7000     1700.0000  % 
UB: 2.6999999999999993
branching on CartesianIndex(1, 6) with c.
226    18     14         0.1500     2.7000     1700.0000  % 
LB close or above UB, fathomed
227    17     16         0.1500     2.7000     1700.0000  % 
UB: 2.6999999999999993
branching on CartesianIndex(2, 6) with c.
228    18     17         0.1500     2.7000     1700.0000  % 
LB close or above UB, fathomed
229    17     17         0.1500     2.7000     1700.0000  % 
UB: 2.6999999999999993
branching on CartesianIndex(1, 7) with c.
230    18     18         0.1500     2.7000     1700.0000  % 
UB: 2.6999999999999993
branching on CartesianIndex(2, 7) with c.
231    19     19         0.1500     2.7000     1700.0000  % 
UB: 2.6999999999999993
branching on 2 with b.
232    20     20         0.1500     2.7000     1700.0000  % 
LB close or above UB, fathomed
233    19     20         0.1500     2.7000     1700.0000  % 
UB: 2.6999999999999993
branching on 3 with b.
234    20     21         0.1500     2.7000     1700.0000  % 
UB: 2.6999999999999993
branching on 1 with b.
235    20     22         0.1500     2.7000     1700.0000  % 
UB: 2.6999999999999993
branching on 2 with b.
236    20     23         0.1500     2.7000     1700.0000  % 
UB: 2.6999999999999993
branching on 3 with b.
237    20     24         0.1500     2.7000     1700.0000  % 
UB: 2.6999999999999993
branching on 1 with b.
238    20     25         0.1500     2.7000     1700.0000  % 
UB: 2.6999999999999993
branching on 2 with b.
239    20     26         0.1500     2.7000     1700.0000  % 
UB: 2.6999999999999993
branching on 3 with b.
240    21     27         0.1500     2.7000     1700.0000  % 
UB: 2.6999999999999993
branching on 1 with b.
241    22     28         0.1500     2.7000     1700.0000  % 
LB close or above UB, fathomed
242    21     28         0.1500     2.7000     1700.0000  % 
LB close or above UB, fathomed
243    20     27         0.1500     2.7000     1700.0000  % 
UB: 2.6999999999999993
branching on 1 with b.
244    21     28         0.1500     2.7000     1700.0000  % 
LB close or above UB, fathomed
245    20     28         0.1500     2.7000     1700.0000  % 
LB close or above UB, fathomed
246    19     21         0.1500     2.7000     1700.0000  % 
LB close or above UB, fathomed
247    18     19         0.1500     2.7000     1700.0000  % 
LB close or above UB, fathomed
248    17     18         0.1500     2.7000     1700.0000  % 
LB close or above UB, fathomed
249    16     16         0.1500     2.7000     1700.0000  % 
LB close or above UB, fathomed
250    15     27         0.1500     2.7000     1700.0000  % 
UB: 2.6999999999999993
branching on 1 with b.
251    16     28         0.1500     2.7000     1700.0000  % 
LB close or above UB, fathomed
252    15     28         0.1500     2.7000     1700.0000  % 
LB close or above UB, fathomed
253    14     27         0.1500     2.7000     1700.0000  % 
UB: 2.6999999999999993
branching on 1 with b.
254    15     28         0.1500     2.7000     1700.0000  % 
LB close or above UB, fathomed
255    14     28         0.1500     2.7000     1700.0000  % 
LB close or above UB, fathomed
256    13     27         0.1500     2.7000     1700.0000  % 
UB: 2.6999999999999993
branching on 1 with b.
257    14     28         0.1500     2.7000     1700.0000  % 
LB close or above UB, fathomed
258    13     28         0.1500     2.7000     1700.0000  % 
LB close or above UB, fathomed
259    12     27         0.1500     2.7000     1700.0000  % 
UB: 2.6999999999999993
branching on 1 with b.
260    13     28         0.1500     2.7000     1700.0000  % 
LB close or above UB, fathomed
261    12     28         0.1500     2.7000     1700.0000  % 
LB close or above UB, fathomed
262    11     8          0.1500     2.7000     1700.0000  % 
LB close or above UB, fathomed
263    10     8          0.1500     2.7000     1700.0000  % 
LB close or above UB, fathomed
264    9      9          0.1500     2.7000     1700.0000  % 
UB: 2.6999999999999993
branching on 1 with b.
265    9      10         0.1500     2.7000     1700.0000  % 
UB: 2.6999999999999993
branching on CartesianIndex(1, 2) with a.
266    10     11         0.1500     2.7000     1700.0000  % 
UB: 2.6999999999999993
branching on CartesianIndex(1, 3) with a.
267    11     12         0.1500     2.7000     1700.0000  % 
UB: 2.6999999999999993
branching on CartesianIndex(1, 4) with c.
268    12     13         0.1500     2.7000     1700.0000  % 
LB close or above UB, fathomed
269    11     13         0.1500     2.7000     1700.0000  % 
UB: 2.6999999999999993
branching on CartesianIndex(1, 5) with c.
270    12     14         0.1500     2.7000     1700.0000  % 
UB: 2.6999999999999993
branching on CartesianIndex(2, 5) with c.
271    13     15         0.1500     2.7000     1700.0000  % 
LB close or above UB, fathomed
272    12     15         0.1500     2.7000     1700.0000  % 
UB: 2.6999999999999993
branching on CartesianIndex(1, 6) with c.
273    13     16         0.1500     2.7000     1700.0000  % 
UB: 2.6999999999999993
branching on CartesianIndex(2, 6) with c.
274    14     17         0.1500     2.7000     1700.0000  % 
LB close or above UB, fathomed
275    13     17         0.1500     2.7000     1700.0000  % 
UB: 2.6999999999999993
branching on CartesianIndex(1, 7) with c.
276    14     18         0.1500     2.7000     1700.0000  % 
UB: 2.6999999999999993
branching on CartesianIndex(2, 7) with c.
277    15     19         0.1500     2.7000     1700.0000  % 
UB: 2.6999999999999993
branching on 2 with b.
278    16     20         0.1500     2.7000     1700.0000  % 
UB: 2.6999999999999993
branching on 3 with b.
279    17     21         0.1500     2.7000     1700.0000  % 
LB close or above UB, fathomed
280    16     21         0.1500     2.7000     1700.0000  % 
UB: 2.6999999999999993
branching on 1 with b.
281    17     22         0.1500     2.7000     1700.0000  % 
UB: 2.6999999999999993
branching on 2 with b.
282    18     23         0.1500     2.7000     1700.0000  % 
UB: 2.6999999999999993
branching on 3 with b.
283    18     24         0.1500     2.7000     1700.0000  % 
UB: 2.6999999999999993
branching on 1 with b.
284    19     25         0.1500     2.7000     1700.0000  % 
LB close or above UB, fathomed
285    18     25         0.1500     2.7000     1700.0000  % 
UB: 2.6999999999999993
branching on 2 with b.
286    18     26         0.1500     2.7000     1700.0000  % 
UB: 2.6999999999999993
branching on 3 with b.
287    18     27         0.1500     2.7000     1700.0000  % 
UB: 2.6999999999999993
branching on 1 with b.
288    18     28         0.1500     2.7000     1700.0000  % 
UB: 2.6999999999999993
branching on 2 with b.
289    18     29         0.1500     2.7000     1700.0000  % 
UB: 2.6999999999999993
branching on 3 with b.
290    18     30         0.1500     2.7000     1700.0000  % 
UB: 2.6999999999999993
branching on 1 with b.
291    18     31         0.1500     2.7000     1700.0000  % 
LB close or above UB, fathomed
292    17     23         0.1500     2.7000     1700.0000  % 
LB close or above UB, fathomed
293    16     22         0.1500     2.7000     1700.0000  % 
UB: 2.6999999999999993
branching on 2 with b.
294    17     23         0.1500     2.7000     1700.0000  % 
UB: 2.6999999999999993
branching on 3 with b.
295    17     24         0.1500     2.7000     1700.0000  % 
UB: 2.6999999999999993
branching on 1 with b.
296    17     25         0.1500     2.7000     1700.0000  % 
UB: 2.6999999999999993
branching on 2 with b.
297    17     26         0.1500     2.7000     1700.0000  % 
UB: 2.6999999999999993
branching on 3 with b.
298    17     27         0.1500     2.7000     1700.0000  % 
UB: 2.6999999999999993
branching on 1 with b.
299    17     28         0.1500     2.7000     1700.0000  % 
UB: 2.6999999999999993
branching on 2 with b.
300    17     29         0.1500     2.7000     1700.0000  % 
UB: 2.6999999999999993
branching on 3 with b.
301    17     30         0.1500     2.7000     1700.0000  % 
UB: 2.6999999999999993
branching on 1 with b.
302    17     31         0.1500     2.7000     1700.0000  % 
UB: 2.6999999999999993
branching on 2 with b.
303    17     32         0.1500     2.7000     1700.0000  % 
UB: 2.6999999999999993
branching on 3 with b.
304    18     33         0.1500     2.7000     1700.0000  % 
LB close or above UB, fathomed
305    17     33         0.1500     2.7000     1700.0000  % 
LB close or above UB, fathomed
306    16     23         0.1500     2.7000     1700.0000  % 
LB close or above UB, fathomed
307    15     20         0.1500     2.7000     1700.0000  % 
LB close or above UB, fathomed
308    14     19         0.1500     2.7000     1700.0000  % 
LB close or above UB, fathomed
309    13     18         0.1500     2.7000     1700.0000  % 
LB close or above UB, fathomed
310    12     16         0.1500     2.7000     1700.0000  % 
LB close or above UB, fathomed
311    11     14         0.1500     2.7000     1700.0000  % 
LB close or above UB, fathomed
312    10     12         0.1500     2.7000     1700.0000  % 
LB close or above UB, fathomed
313    9      11         0.1500     2.7000     1700.0000  % 
LB close or above UB, fathomed
314    8      9          0.1500     2.7000     1700.0000  % 
UB: 2.6999999999999993
branching on 1 with b.
315    8      10         0.1500     2.7000     1700.0000  % 
UB: 2.6999999999999993
branching on CartesianIndex(1, 2) with a.
316    9      11         0.1500     2.7000     1700.0000  % 
UB: 2.6999999999999993
branching on 2 with b.
317    10     12         0.1500     2.7000     1700.0000  % 
UB: 2.6999999999999993
branching on CartesianIndex(1, 3) with a.
318    11     13         0.1500     2.7000     1700.0000  % 
LB close or above UB, fathomed
319    10     13         0.1500     2.7000     1700.0000  % 
UB: 2.6999999999999993
branching on CartesianIndex(1, 4) with c.
320    11     14         0.1500     2.7000     1700.0000  % 
LB close or above UB, fathomed
321    10     14         0.1500     2.7000     1700.0000  % 
UB: 2.6999999999999993
branching on 3 with b.
322    11     15         0.1500     2.7000     1700.0000  % 
LB close or above UB, fathomed
323    10     15         0.1500     2.7000     1700.0000  % 
LB close or above UB, fathomed
324    9      12         0.1500     2.7000     1700.0000  % 
LB close or above UB, fathomed
325    8      11         0.1500     2.7000     1700.0000  % 
LB close or above UB, fathomed
326    7      14         0.1500     2.7000     1700.0000  % 
UB: 2.6999999999999993
branching on CartesianIndex(1, 5) with c.
327    8      15         0.1500     2.7000     1700.0000  % 
LB close or above UB, fathomed
328    7      15         0.1500     2.7000     1700.0000  % 
UB: 2.6999999999999993
branching on CartesianIndex(1, 6) with c.
329    8      16         0.1500     2.7000     1700.0000  % 
UB: 2.6999999999999993
branching on 2 with b.
330    9      17         0.1500     2.7000     1700.0000  % 
LB close or above UB, fathomed
331    8      17         0.1500     2.7000     1700.0000  % 
LB close or above UB, fathomed
332    7      16         0.1500     2.7000     1700.0000  % 
LB close or above UB, fathomed
333    6      14         0.1500     2.7000     1700.0000  % 
UB: 2.6999999999999993
branching on CartesianIndex(1, 5) with c.
334    7      15         0.1500     2.7000     1700.0000  % 
LB close or above UB, fathomed
335    6      15         0.1500     2.7000     1700.0000  % 
UB: 2.6999999999999993
branching on 2 with b.
336    7      16         0.1500     2.7000     1700.0000  % 
LB close or above UB, fathomed
337    6      16         0.1500     2.7000     1700.0000  % 
LB close or above UB, fathomed
338    5      13         0.1500     2.7000     1700.0000  % 
UB: 2.6999999999999993
branching on CartesianIndex(1, 3) with a.
339    6      14         0.1500     2.7000     1700.0000  % 
LB close or above UB, fathomed
340    5      14         0.1500     2.7000     1700.0000  % 
LB close or above UB, fathomed
341    4      13         0.1500     2.7000     1700.0000  % 
UB: 2.6999999999999993
branching on CartesianIndex(1, 3) with a.
342    5      11         0.1500     2.7000     1700.0000  % 
LB close or above UB, fathomed
343    4      11         0.1500     2.7000     1700.0000  % 
LB close or above UB, fathomed
344    3      14         0.1500     2.7000     1700.0000  % 
LB close or above UB, fathomed
345    2      14         0.1500     2.7000     1700.0000  % 
LB close or above UB, fathomed
346    1      14         0.1500     2.7000     1700.0000  % 
LB close or above UB, fathomed
347    0      14         0.1500     2.7000     1700.0000  % 
LB close or above UB, fathomed
all node solved
solved nodes:  348
348                                                   2.6778e+00     2.7000e+00     0.8299  % 
2×3 Matrix{Float64}:
 0.0  0.0  1.0
 1.0  0.0  0.0
3-element Vector{Float64}:
 0.3819398659346315
 0.0
 0.6876276050689318
3×7 Matrix{Float64}:
 0.0  0.0  0.0  0.0  1.0  0.0  0.0
 0.0  0.0  0.0  0.0  0.0  1.0  0.0
 0.0  0.0  0.0  0.0  0.0  0.0  1.0
3-element Vector{Float64}:
 1.0
 0.0
 1.0
2×3 Matrix{Float64}:
 0.0  0.0  1.0
 1.0  0.0  0.0
3-element Vector{Float64}:
 0.38179466573717447
 0.0
 0.6842543705316881
3×7 Matrix{Float64}:
 0.0  0.0  0.0  0.0  1.0  0.0  0.0
 0.0  0.0  0.0  0.0  0.0  1.0  0.0
 0.0  0.0  0.0  0.0  0.0  0.0  1.0
3-element Vector{Float64}:
 1.0
 0.0
 1.0
comparison (CRT and Glb)on prediction: Dict{Bool, Int64}(0 => 0, 1 => 4)
Dataname	 time	 objv	 lb	 gap	 train_w	 train_g	 test_w	 test_g
small_toy_135.small_toy	 59.39	 2.6999999999999993	 2.678	 0.0083	 88.889	 88.889	 50.0	 50.0
