Running 2 processes.
Start training small_toy_933.small_toy with seed 1.
Any[]
(2, 13)
(2, 6)
(2, 3)
(2, 4)
dimension: 2, class: 3
cart cost: 2.7000000000000006
size of X: (2, 9)
ngroups: 2
UB: 2.6999999999999993
Iter	left	lev	LB	UB	gap	
0      0      1          0.1000     2.7000     2600.0000  % 
UB: 2.6999999999999993
branching on 1 with d.
1      1      2          0.1000     2.7000     2600.0000  % 
LB close or above UB, fathomed
2      0      2          0.1000     2.7000     2600.0000  % 
UB: 2.6999999999999993
branching on 2 with d.
3      1      3          0.1000     2.7000     2600.0000  % 
UB: 2.6999999999999993
branching on 3 with d.
4      2      4          0.1000     2.7000     2600.0000  % 
LB close or above UB, fathomed
5      1      4          0.1000     2.7000     2600.0000  % 
UB: 2.6999999999999993
branching on CartesianIndex(1, 1) with a.
6      2      5          0.1000     2.7000     2600.0000  % 
UB: 2.6999999999999993
branching on CartesianIndex(1, 3) with a.
7      3      6          0.1000     2.7000     2600.0000  % 
UB: 2.6999999999999993
branching on 1 with b.
8      4      7          0.1000     2.7000     2600.0000  % 
UB: 2.6999999999999993
branching on CartesianIndex(1, 5) with c.
9      5      8          0.1000     2.7000     2600.0000  % 
LB close or above UB, fathomed
10     4      8          0.1000     2.7000     2600.0000  % 
UB: 2.6999999999999993
branching on CartesianIndex(1, 6) with c.
11     5      9          0.1000     2.7000     2600.0000  % 
UB: 2.6999999999999993
branching on 1 with b.
12     6      10         0.1000     2.7000     2600.0000  % 
LB close or above UB, fathomed
13     5      10         0.1000     2.7000     2600.0000  % 
UB: 2.6999999999999993
branching on 3 with b.
14     6      11         0.1000     2.7000     2600.0000  % 
LB close or above UB, fathomed
15     5      11         0.1000     2.7000     2600.0000  % 
LB close or above UB, fathomed
16     4      9          0.1000     2.7000     2600.0000  % 
LB close or above UB, fathomed
17     3      7          0.1000     2.7000     2600.0000  % 
LB close or above UB, fathomed
18     2      6          0.1000     2.7000     2600.0000  % 
LB close or above UB, fathomed
19     1      5          0.1000     2.7000     2600.0000  % 
LB close or above UB, fathomed
20     0      3          0.1000     2.7000     2600.0000  % 
UB: 2.6999999999999993
branching on 3 with d.
21     1      4          0.1000     2.7000     2600.0000  % 
UB: 2.6999999999999993
branching on CartesianIndex(1, 1) with a.
22     2      5          0.1000     2.7000     2600.0000  % 
UB: 2.6999999999999993
branching on 1 with b.
23     3      6          0.1000     2.7000     2600.0000  % 
LB close or above UB, fathomed
24     2      6          0.1000     2.7000     2600.0000  % 
LB close or above UB, fathomed
25     1      5          0.1000     2.7000     2600.0000  % 
LB close or above UB, fathomed
26     0      4          0.1000     2.7000     2600.0000  % 
UB: 2.6999999999999993
branching on CartesianIndex(1, 1) with a.
27     1      5          0.1500     2.7000     1700.0000  % 
UB: 2.6999999999999993
branching on CartesianIndex(1, 2) with a.
28     2      6          0.1500     2.7000     1700.0000  % 
UB: 2.6999999999999993
branching on 1 with b.
29     3      7          0.1500     2.7000     1700.0000  % 
UB: 2.6999999999999993
branching on CartesianIndex(1, 3) with a.
30     4      8          0.1500     2.7000     1700.0000  % 
UB: 2.6999999999999993
branching on 1 with b.
31     5      9          0.1500     2.7000     1700.0000  % 
LB close or above UB, fathomed
32     4      9          0.1500     2.7000     1700.0000  % 
UB: 2.6999999999999993
branching on CartesianIndex(1, 4) with c.
33     5      10         0.1500     2.7000     1700.0000  % 
UB: 2.6999999999999993
branching on CartesianIndex(2, 4) with c.
34     6      10         0.1500     2.7000     1700.0000  % 
UB: 2.6999999999999993
branching on CartesianIndex(1, 5) with c.
35     7      11         0.1500     2.7000     1700.0000  % 
UB: 2.6999999999999993
branching on 2 with b.
36     8      12         0.1500     2.7000     1700.0000  % 
UB: 2.6999999999999993
branching on 3 with b.
37     9      13         0.1500     2.7000     1700.0000  % 
LB close or above UB, fathomed
38     8      13         0.1500     2.7000     1700.0000  % 
UB: 2.6999999999999993
branching on CartesianIndex(2, 5) with c.
39     9      14         0.1500     2.7000     1700.0000  % 
UB: 2.6999999999999993
branching on 1 with b.
40     9      15         0.1500     2.7000     1700.0000  % 
UB: 2.6999999999999993
branching on CartesianIndex(1, 6) with c.
41     10     16         0.1500     2.7000     1700.0000  % 
UB: 2.6999999999999993
branching on CartesianIndex(2, 6) with c.
42     11     17         0.1500     2.7000     1700.0000  % 
LB close or above UB, fathomed
43     10     17         0.1500     2.7000     1700.0000  % 
UB: 2.6999999999999993
branching on CartesianIndex(1, 7) with c.
44     11     18         0.1500     2.7000     1700.0000  % 
UB: 2.6999999999999993
branching on CartesianIndex(2, 7) with c.
45     12     19         0.1500     2.7000     1700.0000  % 
UB: 2.6999999999999993
branching on 2 with b.
46     13     20         0.1500     2.7000     1700.0000  % 
LB close or above UB, fathomed
47     12     20         0.1500     2.7000     1700.0000  % 
UB: 2.6999999999999993
branching on 3 with b.
48     13     21         0.1500     2.7000     1700.0000  % 
UB: 2.6999999999999993
branching on 1 with b.
49     13     22         0.1500     2.7000     1700.0000  % 
UB: 2.6999999999999993
branching on 2 with b.
50     13     23         0.1500     2.7000     1700.0000  % 
UB: 2.6999999999999993
branching on 3 with b.
51     13     24         0.1500     2.7000     1700.0000  % 
UB: 2.6999999999999993
branching on 1 with b.
52     14     25         0.1500     2.7000     1700.0000  % 
LB close or above UB, fathomed
53     13     25         0.1500     2.7000     1700.0000  % 
UB: 2.6999999999999993
branching on 2 with b.
54     13     26         0.1500     2.7000     1700.0000  % 
UB: 2.6999999999999993
branching on 3 with b.
55     14     27         0.1500     2.7000     1700.0000  % 
LB close or above UB, fathomed
56     13     27         0.1500     2.7000     1700.0000  % 
LB close or above UB, fathomed
57     12     21         0.1500     2.7000     1700.0000  % 
LB close or above UB, fathomed
58     11     19         0.1500     2.7000     1700.0000  % 
LB close or above UB, fathomed
59     10     18         0.1500     2.7000     1700.0000  % 
LB close or above UB, fathomed
60     9      16         0.1500     2.7000     1700.0000  % 
LB close or above UB, fathomed
61     8      14         0.1500     2.7000     1700.0000  % 
UB: 2.6999999999999993
branching on CartesianIndex(1, 6) with c.
62     9      15         0.1500     2.7000     1700.0000  % 
UB: 2.6999999999999993
branching on CartesianIndex(2, 6) with c.
63     10     16         0.1500     2.7000     1700.0000  % 
UB: 2.6999999999999993
branching on CartesianIndex(1, 7) with c.
64     11     17         0.1500     2.7000     1700.0000  % 
UB: 2.6999999999999993
branching on CartesianIndex(2, 7) with c.
65     12     18         0.1500     2.7000     1700.0000  % 
LB close or above UB, fathomed
66     11     18         0.1500     2.7000     1700.0000  % 
UB: 2.6999999999999993
branching on 1 with b.
67     11     19         0.1500     2.7000     1700.0000  % 
UB: 2.6999999999999993
branching on 2 with b.
68     12     20         0.1500     2.7000     1700.0000  % 
LB close or above UB, fathomed
69     11     20         0.1500     2.7000     1700.0000  % 
UB: 2.6999999999999993
branching on 3 with b.
70     12     17         0.1500     2.7000     1700.0000  % 
LB close or above UB, fathomed
71     11     16         0.1500     2.7000     1700.0000  % 
LB close or above UB, fathomed
72     10     15         0.1500     2.7000     1700.0000  % 
LB close or above UB, fathomed
73     9      12         0.1500     2.7000     1700.0000  % 
UB: 2.6999999999999993
branching on CartesianIndex(2, 5) with c.
74     10     13         0.1500     2.7000     1700.0000  % 
UB: 2.6999999999999993
branching on 3 with b.
75     11     14         0.1500     2.7000     1700.0000  % 
LB close or above UB, fathomed
76     10     14         0.1500     2.7000     1700.0000  % 
LB close or above UB, fathomed
77     9      13         0.1500     2.7000     1700.0000  % 
UB: 2.6999999999999993
branching on 3 with b.
78     10     14         0.1500     2.7000     1700.0000  % 
LB close or above UB, fathomed
79     9      14         0.1500     2.7000     1700.0000  % 
LB close or above UB, fathomed
80     8      11         0.1500     2.7000     1700.0000  % 
UB: 2.6999999999999993
branching on 2 with b.
81     9      12         0.1500     2.7000     1700.0000  % 
UB: 2.6999999999999993
branching on 3 with b.
82     10     13         0.1500     2.7000     1700.0000  % 
LB close or above UB, fathomed
83     9      13         0.1500     2.7000     1700.0000  % 
LB close or above UB, fathomed
84     8      12         0.1500     2.7000     1700.0000  % 
UB: 2.6999999999999993
branching on CartesianIndex(1, 6) with c.
85     9      13         0.1500     2.7000     1700.0000  % 
UB: 2.6999999999999993
branching on 3 with b.
86     10     14         0.1500     2.7000     1700.0000  % 
LB close or above UB, fathomed
87     9      14         0.1500     2.7000     1700.0000  % 
LB close or above UB, fathomed
88     8      13         0.1500     2.7000     1700.0000  % 
LB close or above UB, fathomed
89     7      8          0.1500     2.7000     1700.0000  % 
UB: 2.6999999999999993
branching on CartesianIndex(1, 4) with c.
90     8      9          0.1500     2.7000     1700.0000  % 
LB close or above UB, fathomed
91     7      9          0.1500     2.7000     1700.0000  % 
UB: 2.6999999999999993
branching on 1 with b.
92     8      10         0.1500     2.7000     1700.0000  % 
LB close or above UB, fathomed
93     7      10         0.1500     2.7000     1700.0000  % 
UB: 2.6999999999999993
branching on CartesianIndex(1, 5) with c.
94     8      11         0.1500     2.7000     1700.0000  % 
UB: 2.6999999999999993
branching on CartesianIndex(2, 5) with c.
95     9      12         0.1500     2.7000     1700.0000  % 
LB close or above UB, fathomed
96     8      12         0.1500     2.7000     1700.0000  % 
UB: 2.6999999999999993
branching on 2 with b.
97     9      13         0.1500     2.7000     1700.0000  % 
UB: 2.6999999999999993
branching on CartesianIndex(1, 6) with c.
98     10     14         0.1500     2.7000     1700.0000  % 
UB: 2.6999999999999993
branching on CartesianIndex(2, 6) with c.
99     11     15         0.1500     2.7000     1700.0000  % 
LB close or above UB, fathomed
100    10     15         0.1500     2.7000     1700.0000  % 
UB: 2.6999999999999993
branching on CartesianIndex(1, 7) with c.
101    11     16         0.1500     2.7000     1700.0000  % 
UB: 2.6999999999999993
branching on CartesianIndex(2, 7) with c.
102    12     17         0.1500     2.7000     1700.0000  % 
UB: 2.6999999999999993
branching on 3 with b.
103    13     18         0.1500     2.7000     1700.0000  % 
LB close or above UB, fathomed
104    12     18         0.1500     2.7000     1700.0000  % 
UB: 2.6999999999999993
branching on 1 with b.
105    12     19         0.1500     2.7000     1700.0000  % 
UB: 2.6999999999999993
branching on 2 with b.
106    13     20         0.1500     2.7000     1700.0000  % 
LB close or above UB, fathomed
107    12     20         0.1500     2.7000     1700.0000  % 
UB: 2.6999999999999993
branching on 3 with b.
108    13     21         0.1500     2.7000     1700.0000  % 
UB: 2.6999999999999993
branching on 1 with b.
109    13     22         0.1500     2.7000     1700.0000  % 
UB: 2.6999999999999993
branching on 2 with b.
110    13     23         0.1500     2.7000     1700.0000  % 
UB: 2.6999999999999993
branching on 3 with b.
111    14     24         0.1500     2.7000     1700.0000  % 
UB: 2.6999999999999993
branching on 1 with b.
112    15     25         0.1500     2.7000     1700.0000  % 
LB close or above UB, fathomed
113    14     25         0.1500     2.7000     1700.0000  % 
UB: 2.6999999999999993
branching on 2 with b.
114    14     26         0.1500     2.7000     1700.0000  % 
UB: 2.6999999999999993
branching on 3 with b.
115    14     27         0.1500     2.7000     1700.0000  % 
UB: 2.6999999999999993
branching on 1 with b.
116    14     28         0.1500     2.7000     1700.0000  % 
UB: 2.6999999999999993
branching on 2 with b.
117    15     29         0.1500     2.7000     1700.0000  % 
LB close or above UB, fathomed
118    14     29         0.1500     2.7000     1700.0000  % 
UB: 2.6999999999999993
branching on 3 with b.
119    14     30         0.1500     2.7000     1700.0000  % 
UB: 2.6999999999999993
branching on 1 with b.
120    15     31         0.1500     2.7000     1700.0000  % 
LB close or above UB, fathomed
121    14     31         0.1500     2.7000     1700.0000  % 
UB: 2.6999999999999993
branching on 2 with b.
122    14     32         0.1500     2.7000     1700.0000  % 
UB: 2.6999999999999993
branching on 3 with b.
123    15     33         0.1500     2.7000     1700.0000  % 
LB close or above UB, fathomed
124    14     33         0.1500     2.7000     1700.0000  % 
LB close or above UB, fathomed
125    13     24         0.1500     2.7000     1700.0000  % 
LB close or above UB, fathomed
126    12     21         0.1500     2.7000     1700.0000  % 
LB close or above UB, fathomed
127    11     17         0.1500     2.7000     1700.0000  % 
LB close or above UB, fathomed
128    10     16         0.1500     2.7000     1700.0000  % 
LB close or above UB, fathomed
129    9      14         0.1500     2.7000     1700.0000  % 
LB close or above UB, fathomed
130    8      13         0.1500     2.7000     1700.0000  % 
LB close or above UB, fathomed
131    7      11         0.1500     2.7000     1700.0000  % 
LB close or above UB, fathomed
132    6      7          0.1500     2.7000     1700.0000  % 
LB close or above UB, fathomed
133    5      6          0.1500     2.7000     1700.0000  % 
UB: 2.6999999999999993
branching on 1 with b.
134    6      7          0.1500     2.7000     1700.0000  % 
UB: 2.6999999999999993
branching on CartesianIndex(1, 3) with a.
135    7      8          0.1500     2.7000     1700.0000  % 
UB: 2.6999999999999993
branching on 1 with b.
136    8      9          0.1500     2.7000     1700.0000  % 
LB close or above UB, fathomed
137    7      9          0.1500     2.7000     1700.0000  % 
UB: 2.6999999999999993
branching on 2 with b.
138    8      10         0.1500     2.7000     1700.0000  % 
UB: 2.6999999999999993
branching on 3 with b.
139    9      11         0.1500     2.7000     1700.0000  % 
LB close or above UB, fathomed
140    8      11         0.1500     2.7000     1700.0000  % 
LB close or above UB, fathomed
141    7      10         0.1500     2.7000     1700.0000  % 
UB: 2.6999999999999993
branching on 3 with b.
142    8      8          0.1500     2.7000     1700.0000  % 
UB: 2.6999999999999993
branching on CartesianIndex(1, 4) with c.
143    9      9          0.1500     2.7000     1700.0000  % 
LB close or above UB, fathomed
144    8      9          0.1500     2.7000     1700.0000  % 
UB: 2.6999999999999993
branching on 1 with b.
145    9      10         0.1500     2.7000     1700.0000  % 
LB close or above UB, fathomed
146    8      10         0.1500     2.7000     1700.0000  % 
UB: 2.6999999999999993
branching on CartesianIndex(1, 5) with c.
147    9      11         0.1500     2.7000     1700.0000  % 
UB: 2.6999999999999993
branching on 2 with b.
148    10     12         0.1500     2.7000     1700.0000  % 
LB close or above UB, fathomed
149    9      12         0.1500     2.7000     1700.0000  % 
UB: 2.6999999999999993
branching on CartesianIndex(2, 5) with c.
150    10     13         0.1500     2.7000     1700.0000  % 
LB close or above UB, fathomed
151    9      13         0.1500     2.7000     1700.0000  % 
UB: 2.6999999999999993
branching on CartesianIndex(1, 6) with c.
152    10     14         0.1500     2.7000     1700.0000  % 
UB: 2.6999999999999993
branching on 3 with b.
153    11     15         0.1500     2.7000     1700.0000  % 
LB close or above UB, fathomed
154    10     15         0.1500     2.7000     1700.0000  % 
UB: 2.6999999999999993
branching on 1 with b.
155    10     16         0.1500     2.7000     1700.0000  % 
UB: 2.6999999999999993
branching on CartesianIndex(2, 6) with c.
156    11     17         0.1500     2.7000     1700.0000  % 
LB close or above UB, fathomed
157    10     17         0.1500     2.7000     1700.0000  % 
UB: 2.6999999999999993
branching on CartesianIndex(1, 7) with c.
158    11     18         0.1500     2.7000     1700.0000  % 
UB: 2.6999999999999993
branching on 2 with b.
159    12     19         0.1500     2.7000     1700.0000  % 
UB: 2.6999999999999993
branching on CartesianIndex(2, 7) with c.
160    13     20         0.1500     2.7000     1700.0000  % 
UB: 2.6999999999999993
branching on 3 with b.
161    14     21         0.1500     2.7000     1700.0000  % 
UB: 2.6999999999999993
branching on 1 with b.
162    14     22         0.1500     2.7000     1700.0000  % 
UB: 2.6999999999999993
branching on 2 with b.
163    15     23         0.1500     2.7000     1700.0000  % 
LB close or above UB, fathomed
164    14     23         0.1500     2.7000     1700.0000  % 
UB: 2.6999999999999993
branching on 3 with b.
165    15     24         0.1500     2.7000     1700.0000  % 
UB: 2.6999999999999993
branching on 1 with b.
166    16     25         0.1500     2.7000     1700.0000  % 
LB close or above UB, fathomed
167    15     25         0.1500     2.7000     1700.0000  % 
UB: 2.6999999999999993
branching on 2 with b.
168    16     26         0.1500     2.7000     1700.0000  % 
UB: 2.6999999999999993
branching on 3 with b.
169    16     27         0.1500     2.7000     1700.0000  % 
UB: 2.6999999999999993
branching on 1 with b.
170    16     28         0.1500     2.7000     1700.0000  % 
UB: 2.6999999999999993
branching on 2 with b.
171    16     29         0.1500     2.7000     1700.0000  % 
UB: 2.6999999999999993
branching on 3 with b.
172    16     30         0.1500     2.7000     1700.0000  % 
UB: 2.6999999999999993
branching on 1 with b.
173    17     31         0.1500     2.7000     1700.0000  % 
LB close or above UB, fathomed
174    16     31         0.1500     2.7000     1700.0000  % 
UB: 2.6999999999999993
branching on 2 with b.
175    16     32         0.1500     2.7000     1700.0000  % 
LB close or above UB, fathomed
176    15     26         0.1500     2.7000     1700.0000  % 
UB: 2.6999999999999993
branching on 3 with b.
177    15     27         0.1500     2.7000     1700.0000  % 
UB: 2.6999999999999993
branching on 1 with b.
178    15     28         0.1500     2.7000     1700.0000  % 
UB: 2.6999999999999993
branching on 2 with b.
179    15     29         0.1500     2.7000     1700.0000  % 
UB: 2.6999999999999993
branching on 3 with b.
180    15     30         0.1500     2.7000     1700.0000  % 
UB: 2.6999999999999993
branching on 1 with b.
181    16     31         0.1500     2.7000     1700.0000  % 
LB close or above UB, fathomed
182    15     31         0.1500     2.7000     1700.0000  % 
UB: 2.6999999999999993
branching on 2 with b.
183    15     32         0.1500     2.7000     1700.0000  % 
UB: 2.6999999999999993
branching on 3 with b.
184    16     33         0.1500     2.7000     1700.0000  % 
LB close or above UB, fathomed
185    15     33         0.1500     2.7000     1700.0000  % 
LB close or above UB, fathomed
186    14     24         0.1500     2.7000     1700.0000  % 
LB close or above UB, fathomed
187    13     21         0.1500     2.7000     1700.0000  % 
LB close or above UB, fathomed
188    12     20         0.1500     2.7000     1700.0000  % 
LB close or above UB, fathomed
189    11     19         0.1500     2.7000     1700.0000  % 
LB close or above UB, fathomed
190    10     18         0.1500     2.7000     1700.0000  % 
LB close or above UB, fathomed
191    9      14         0.1500     2.7000     1700.0000  % 
LB close or above UB, fathomed
192    8      11         0.1500     2.7000     1700.0000  % 
LB close or above UB, fathomed
193    7      7          0.1500     2.7000     1700.0000  % 
LB close or above UB, fathomed
194    6      5          0.1500     2.7000     1700.0000  % 
UB: 2.6999999999999993
branching on CartesianIndex(1, 2) with a.
195    7      6          0.1500     2.7000     1700.0000  % 
UB: 2.6999999999999993
branching on CartesianIndex(1, 3) with a.
196    8      7          0.1500     2.7000     1700.0000  % 
UB: 2.6999999999999993
branching on CartesianIndex(1, 4) with c.
197    9      8          0.1500     2.7000     1700.0000  % 
UB: 2.6999999999999993
branching on 1 with b.
198    10     9          0.1500     2.7000     1700.0000  % 
LB close or above UB, fathomed
199    9      9          0.1500     2.7000     1700.0000  % 
LB close or above UB, fathomed
200    8      8          0.1500     2.7000     1700.0000  % 
UB: 2.6999999999999993
branching on CartesianIndex(1, 5) with c.
201    9      9          0.1500     2.7000     1700.0000  % 
UB: 2.6999999999999993
branching on CartesianIndex(2, 5) with c.
202    10     10         0.1500     2.7000     1700.0000  % 
LB close or above UB, fathomed
203    9      10         0.1500     2.7000     1700.0000  % 
UB: 2.6999999999999993
branching on CartesianIndex(1, 6) with c.
204    10     11         0.1500     2.7000     1700.0000  % 
UB: 2.6999999999999993
branching on 1 with b.
205    11     12         0.1500     2.7000     1700.0000  % 
LB close or above UB, fathomed
206    10     12         0.1500     2.7000     1700.0000  % 
UB: 2.6999999999999993
branching on 1 with b.
207    11     13         0.1500     2.7000     1700.0000  % 
UB: 2.6999999999999993
branching on CartesianIndex(2, 6) with c.
208    12     13         0.1500     2.7000     1700.0000  % 
LB close or above UB, fathomed
209    11     11         0.1500     2.7000     1700.0000  % 
LB close or above UB, fathomed
210    10     9          0.1500     2.7000     1700.0000  % 
LB close or above UB, fathomed
211    9      7          0.1500     2.7000     1700.0000  % 
UB: 2.6999999999999993
branching on CartesianIndex(1, 4) with c.
212    10     6          0.1500     2.7000     1700.0000  % 
UB: 2.6999999999999993
branching on 1 with b.
213    11     7          0.1500     2.7000     1700.0000  % 
LB close or above UB, fathomed
214    10     7          0.1500     2.7000     1700.0000  % 
UB: 2.6999999999999993
branching on 1 with b.
215    11     8          0.1500     2.7000     1700.0000  % 
UB: 2.6999999999999993
branching on CartesianIndex(1, 3) with a.
216    12     9          0.1500     2.7000     1700.0000  % 
UB: 2.6999999999999993
branching on CartesianIndex(1, 4) with c.
217    13     10         0.1500     2.7000     1700.0000  % 
LB close or above UB, fathomed
218    12     10         0.1500     2.7000     1700.0000  % 
UB: 2.6999999999999993
branching on 2 with b.
219    13     11         0.1500     2.7000     1700.0000  % 
UB: 2.6999999999999993
branching on CartesianIndex(1, 5) with c.
220    14     12         0.1500     2.7000     1700.0000  % 
UB: 2.6999999999999993
branching on 3 with b.
221    15     13         0.1500     2.7000     1700.0000  % 
UB: 2.6999999999999993
branching on CartesianIndex(2, 5) with c.
222    16     13         0.1500     2.7000     1700.0000  % 
LB close or above UB, fathomed
223    15     12         0.1500     2.7000     1700.0000  % 
LB close or above UB, fathomed
224    14     11         0.1500     2.7000     1700.0000  % 
LB close or above UB, fathomed
225    13     9          0.1500     2.7000     1700.0000  % 
UB: 2.6999999999999993
branching on CartesianIndex(1, 4) with c.
226    14     8          0.1500     2.7000     1700.0000  % 
LB close or above UB, fathomed
227    13     10         0.1500     2.7000     1700.0000  % 
LB close or above UB, fathomed
228    12     10         0.1500     2.7000     1700.0000  % 
UB: 2.6999999999999993
branching on CartesianIndex(1, 5) with c.
229    13     11         0.1500     2.7000     1700.0000  % 
UB: 2.6999999999999993
branching on CartesianIndex(2, 5) with c.
230    14     12         0.1500     2.7000     1700.0000  % 
LB close or above UB, fathomed
231    13     12         0.1500     2.7000     1700.0000  % 
LB close or above UB, fathomed
232    12     11         0.1500     2.7000     1700.0000  % 
LB close or above UB, fathomed
233    11     8          0.1500     2.7000     1700.0000  % 
LB close or above UB, fathomed
234    10     8          0.1500     2.7000     1700.0000  % 
UB: 2.6999999999999993
branching on 1 with b.
235    11     9          0.1500     2.7000     1700.0000  % 
LB close or above UB, fathomed
236    10     9          0.1500     2.7000     1700.0000  % 
UB: 2.6999999999999993
branching on 1 with b.
237    11     14         0.1500     2.7000     1700.0000  % 
LB close or above UB, fathomed
238    10     14         0.1500     2.7000     1700.0000  % 
UB: 2.6999999999999993
branching on CartesianIndex(1, 7) with c.
239    11     15         0.1500     2.7000     1700.0000  % 
UB: 2.6999999999999993
branching on 2 with b.
240    12     16         0.1500     2.7000     1700.0000  % 
UB: 2.6999999999999993
branching on CartesianIndex(2, 7) with c.
241    13     17         0.1500     2.7000     1700.0000  % 
UB: 2.6999999999999993
branching on 3 with b.
242    14     18         0.1500     2.7000     1700.0000  % 
UB: 2.6999999999999993
branching on 1 with b.
243    15     19         0.1500     2.7000     1700.0000  % 
LB close or above UB, fathomed
244    14     19         0.1500     2.7000     1700.0000  % 
LB close or above UB, fathomed
245    13     18         0.1500     2.7000     1700.0000  % 
LB close or above UB, fathomed
246    12     17         0.1500     2.7000     1700.0000  % 
LB close or above UB, fathomed
247    11     16         0.1500     2.7000     1700.0000  % 
UB: 2.6999999999999993
branching on CartesianIndex(2, 7) with c.
248    12     17         0.1500     2.7000     1700.0000  % 
UB: 2.6999999999999993
branching on 3 with b.
249    13     18         0.1500     2.7000     1700.0000  % 
UB: 2.6999999999999993
branching on 1 with b.
250    14     19         0.1500     2.7000     1700.0000  % 
LB close or above UB, fathomed
251    13     19         0.1500     2.7000     1700.0000  % 
LB close or above UB, fathomed
252    12     18         0.1500     2.7000     1700.0000  % 
LB close or above UB, fathomed
253    11     17         0.1500     2.7000     1700.0000  % 
LB close or above UB, fathomed
254    10     15         0.1500     2.7000     1700.0000  % 
LB close or above UB, fathomed
255    9      11         0.1500     2.7000     1700.0000  % 
LB close or above UB, fathomed
256    8      11         0.1500     2.7000     1700.0000  % 
UB: 2.6999999999999993
branching on CartesianIndex(1, 4) with c.
257    9      12         0.1500     2.7000     1700.0000  % 
LB close or above UB, fathomed
258    8      12         0.1500     2.7000     1700.0000  % 
UB: 2.6999999999999993
branching on CartesianIndex(1, 5) with c.
259    9      13         0.1500     2.7000     1700.0000  % 
UB: 2.6999999999999993
branching on CartesianIndex(2, 5) with c.
260    10     14         0.1500     2.7000     1700.0000  % 
UB: 2.6999999999999993
branching on CartesianIndex(1, 6) with c.
261    11     15         0.1500     2.7000     1700.0000  % 
UB: 2.6999999999999993
branching on CartesianIndex(2, 6) with c.
262    12     16         0.1500     2.7000     1700.0000  % 
LB close or above UB, fathomed
263    11     16         0.1500     2.7000     1700.0000  % 
UB: 2.6999999999999993
branching on CartesianIndex(1, 7) with c.
264    12     17         0.1500     2.7000     1700.0000  % 
UB: 2.6999999999999993
branching on 1 with b.
265    12     18         0.1500     2.7000     1700.0000  % 
UB: 2.6999999999999993
branching on CartesianIndex(2, 7) with c.
266    13     19         0.1500     2.7000     1700.0000  % 
UB: 2.6999999999999993
branching on 2 with b.
267    14     20         0.1500     2.7000     1700.0000  % 
UB: 2.6999999999999993
branching on 3 with b.
268    15     21         0.1500     2.7000     1700.0000  % 
UB: 2.6999999999999993
branching on 1 with b.
269    15     22         0.1500     2.7000     1700.0000  % 
UB: 2.6999999999999993
branching on 2 with b.
270    16     23         0.1500     2.7000     1700.0000  % 
LB close or above UB, fathomed
271    15     23         0.1500     2.7000     1700.0000  % 
UB: 2.6999999999999993
branching on 3 with b.
272    15     24         0.1500     2.7000     1700.0000  % 
UB: 2.6999999999999993
branching on 1 with b.
273    16     25         0.1500     2.7000     1700.0000  % 
LB close or above UB, fathomed
274    15     25         0.1500     2.7000     1700.0000  % 
UB: 2.6999999999999993
branching on 2 with b.
275    16     26         0.1500     2.7000     1700.0000  % 
UB: 2.6999999999999993
branching on 3 with b.
276    17     27         0.1500     2.7000     1700.0000  % 
LB close or above UB, fathomed
277    16     27         0.1500     2.7000     1700.0000  % 
LB close or above UB, fathomed
278    15     26         0.1500     2.7000     1700.0000  % 
UB: 2.6999999999999993
branching on 3 with b.
279    16     27         0.1500     2.7000     1700.0000  % 
LB close or above UB, fathomed
280    15     27         0.1500     2.7000     1700.0000  % 
LB close or above UB, fathomed
281    14     21         0.1500     2.7000     1700.0000  % 
LB close or above UB, fathomed
282    13     20         0.1500     2.7000     1700.0000  % 
UB: 2.6999999999999993
branching on 3 with b.
283    14     21         0.1500     2.7000     1700.0000  % 
UB: 2.6999999999999993
branching on 1 with b.
284    14     22         0.1500     2.7000     1700.0000  % 
UB: 2.6999999999999993
branching on 2 with b.
285    14     23         0.1500     2.7000     1700.0000  % 
UB: 2.6999999999999993
branching on 3 with b.
286    14     24         0.1500     2.7000     1700.0000  % 
UB: 2.6999999999999993
branching on 1 with b.
287    15     25         0.1500     2.7000     1700.0000  % 
LB close or above UB, fathomed
288    14     25         0.1500     2.7000     1700.0000  % 
UB: 2.6999999999999993
branching on 2 with b.
289    14     26         0.1500     2.7000     1700.0000  % 
UB: 2.6999999999999993
branching on 3 with b.
290    15     27         0.1500     2.7000     1700.0000  % 
LB close or above UB, fathomed
291    14     27         0.1500     2.7000     1700.0000  % 
LB close or above UB, fathomed
292    13     21         0.1500     2.7000     1700.0000  % 
LB close or above UB, fathomed
293    12     19         0.1500     2.7000     1700.0000  % 
LB close or above UB, fathomed
294    11     17         0.1500     2.7000     1700.0000  % 
LB close or above UB, fathomed
295    10     15         0.1500     2.7000     1700.0000  % 
LB close or above UB, fathomed
296    9      14         0.1500     2.7000     1700.0000  % 
UB: 2.6999999999999993
branching on CartesianIndex(1, 6) with c.
297    10     15         0.1500     2.7000     1700.0000  % 
UB: 2.6999999999999993
branching on CartesianIndex(2, 6) with c.
298    11     16         0.1500     2.7000     1700.0000  % 
UB: 2.6999999999999993
branching on CartesianIndex(1, 7) with c.
299    12     17         0.1500     2.7000     1700.0000  % 
UB: 2.6999999999999993
branching on CartesianIndex(2, 7) with c.
300    13     18         0.1500     2.7000     1700.0000  % 
LB close or above UB, fathomed
301    12     18         0.1500     2.7000     1700.0000  % 
UB: 2.6999999999999993
branching on 1 with b.
302    12     19         0.1500     2.7000     1700.0000  % 
UB: 2.6999999999999993
branching on 2 with b.
303    13     20         0.1500     2.7000     1700.0000  % 
UB: 2.6999999999999993
branching on 3 with b.
304    14     21         0.1500     2.7000     1700.0000  % 
LB close or above UB, fathomed
305    13     21         0.1500     2.7000     1700.0000  % 
LB close or above UB, fathomed
306    12     20         0.1500     2.7000     1700.0000  % 
LB close or above UB, fathomed
307    11     17         0.1500     2.7000     1700.0000  % 
LB close or above UB, fathomed
308    10     16         0.1500     2.7000     1700.0000  % 
LB close or above UB, fathomed
309    9      15         0.1500     2.7000     1700.0000  % 
LB close or above UB, fathomed
310    8      13         0.1500     2.7000     1700.0000  % 
LB close or above UB, fathomed
311    7      10         0.1500     2.7000     1700.0000  % 
UB: 2.6999999999999993
branching on 2 with b.
312    8      11         0.1500     2.7000     1700.0000  % 
UB: 2.6999999999999993
branching on CartesianIndex(1, 5) with c.
313    9      12         0.1500     2.7000     1700.0000  % 
UB: 2.6999999999999993
branching on 3 with b.
314    10     13         0.1500     2.7000     1700.0000  % 
LB close or above UB, fathomed
315    9      13         0.1500     2.7000     1700.0000  % 
UB: 2.6999999999999993
branching on CartesianIndex(2, 5) with c.
316    10     12         0.1500     2.7000     1700.0000  % 
LB close or above UB, fathomed
317    9      11         0.1500     2.7000     1700.0000  % 
UB: 2.6999999999999993
branching on CartesianIndex(1, 5) with c.
318    10     10         0.1500     2.7000     1700.0000  % 
LB close or above UB, fathomed
319    9      14         0.1500     2.7000     1700.0000  % 
LB close or above UB, fathomed
320    8      14         0.1500     2.7000     1700.0000  % 
UB: 2.6999999999999993
branching on CartesianIndex(1, 6) with c.
321    9      15         0.1500     2.7000     1700.0000  % 
LB close or above UB, fathomed
322    8      15         0.1500     2.7000     1700.0000  % 
LB close or above UB, fathomed
323    7      11         0.1500     2.7000     1700.0000  % 
UB: 2.6999999999999993
branching on 2 with b.
324    8      12         0.1500     2.7000     1700.0000  % 
UB: 2.6999999999999993
branching on 3 with b.
325    9      13         0.1500     2.7000     1700.0000  % 
LB close or above UB, fathomed
326    8      13         0.1500     2.7000     1700.0000  % 
UB: 2.6999999999999993
branching on CartesianIndex(1, 5) with c.
327    9      14         0.1500     2.7000     1700.0000  % 
LB close or above UB, fathomed
328    8      14         0.1500     2.7000     1700.0000  % 
UB: 2.6999999999999993
branching on CartesianIndex(1, 6) with c.
329    9      15         0.1500     2.7000     1700.0000  % 
UB: 2.6999999999999993
branching on 1 with b.
330    9      16         0.1500     2.7000     1700.0000  % 
UB: 2.6999999999999993
branching on CartesianIndex(2, 6) with c.
331    10     17         0.1500     2.7000     1700.0000  % 
LB close or above UB, fathomed
332    9      17         0.1500     2.7000     1700.0000  % 
LB close or above UB, fathomed
333    8      15         0.1500     2.7000     1700.0000  % 
LB close or above UB, fathomed
334    7      12         0.1500     2.7000     1700.0000  % 
LB close or above UB, fathomed
335    6      11         0.1500     2.7000     1700.0000  % 
UB: 2.6999999999999993
branching on 2 with b.
336    7      12         0.1500     2.7000     1700.0000  % 
UB: 2.6999999999999993
branching on 3 with b.
337    8      13         0.1500     2.7000     1700.0000  % 
LB close or above UB, fathomed
338    7      13         0.1500     2.7000     1700.0000  % 
UB: 2.6999999999999993
branching on CartesianIndex(1, 5) with c.
339    8      14         0.1500     2.7000     1700.0000  % 
LB close or above UB, fathomed
340    7      14         0.1500     2.7000     1700.0000  % 
UB: 2.6999999999999993
branching on CartesianIndex(1, 6) with c.
341    8      15         0.1500     2.7000     1700.0000  % 
UB: 2.6999999999999993
branching on CartesianIndex(2, 6) with c.
342    9      16         0.1500     2.7000     1700.0000  % 
LB close or above UB, fathomed
343    8      16         0.1500     2.7000     1700.0000  % 
LB close or above UB, fathomed
344    7      15         0.1500     2.7000     1700.0000  % 
LB close or above UB, fathomed
345    6      12         0.1500     2.7000     1700.0000  % 
LB close or above UB, fathomed
346    5      12         0.1500     2.7000     1700.0000  % 
UB: 2.6999999999999993
branching on 3 with b.
347    6      13         0.1500     2.7000     1700.0000  % 
LB close or above UB, fathomed
348    5      13         0.1500     2.7000     1700.0000  % 
UB: 2.6999999999999993
branching on CartesianIndex(2, 5) with c.
349    6      14         0.1500     2.7000     1700.0000  % 
LB close or above UB, fathomed
350    5      14         0.1500     2.7000     1700.0000  % 
LB close or above UB, fathomed
351    4      12         0.1500     2.7000     1700.0000  % 
LB close or above UB, fathomed
352    3      14         0.1500     2.7000     1700.0000  % 
LB close or above UB, fathomed
353    2      14         0.1500     2.7000     1700.0000  % 
LB close or above UB, fathomed
354    1      21         0.1500     2.7000     1700.0000  % 
LB close or above UB, fathomed
355    0      21         0.1500     2.7000     1700.0000  % 
LB close or above UB, fathomed
all node solved
solved nodes:  356
356                                                   2.6778e+00     2.7000e+00     0.8299  % 
2×3 Matrix{Float64}:
 0.0  0.0  1.0
 1.0  0.0  0.0
3-element Vector{Float64}:
 0.34363754608541996
 0.0
 0.8468509552106109
3×7 Matrix{Float64}:
 0.0  0.0  0.0  0.0  1.0  0.0  0.0
 0.0  0.0  0.0  0.0  0.0  1.0  0.0
 0.0  0.0  0.0  0.0  0.0  0.0  1.0
3-element Vector{Float64}:
 1.0
 0.0
 1.0
2×3 Matrix{Float64}:
 0.0  0.0  1.0
 1.0  0.0  0.0
3-element Vector{Float64}:
 0.34538548182804907
 0.0
 0.7512122525859087
3×7 Matrix{Float64}:
 0.0  0.0  0.0  0.0  1.0  0.0  0.0
 0.0  0.0  0.0  0.0  0.0  1.0  0.0
 0.0  0.0  0.0  0.0  0.0  0.0  1.0
3-element Vector{Float64}:
 1.0
 0.0
 1.0
comparison (CRT and Glb)on prediction: Dict{Bool, Int64}(0 => 0, 1 => 4)
Dataname	 time	 objv	 lb	 gap	 train_w	 train_g	 test_w	 test_g
small_toy_933.small_toy	 58.7	 2.6999999999999993	 2.678	 0.0083	 88.889	 88.889	 50.0	 50.0
