Running 2 processes.
Start training small_toy_188.small_toy with seed 1.
Any[]
(2, 13)
(2, 6)
(2, 3)
(2, 4)
dimension: 2, class: 3
cart cost: 2.7000000000000006
size of X: (2, 9)
ngroups: 2
UB: 2.6999999999999993
Iter	left	lev	LB	UB	gap	
0      0      1          0.1000     2.7000     2600.0000  % 
UB: 2.6999999999999993
branching on 1 with d.
1      1      2          0.1000     2.7000     2600.0000  % 
LB close or above UB, fathomed
2      0      2          0.1000     2.7000     2600.0000  % 
UB: 2.6999999999999993
branching on 2 with d.
3      1      3          0.1000     2.7000     2600.0000  % 
UB: 2.6999999999999993
branching on 3 with d.
4      2      4          0.1000     2.7000     2600.0000  % 
LB close or above UB, fathomed
5      1      4          0.1000     2.7000     2600.0000  % 
UB: 2.6999999999999993
branching on CartesianIndex(1, 1) with a.
6      2      5          0.1000     2.7000     2600.0000  % 
UB: 2.6999999999999993
branching on CartesianIndex(1, 3) with a.
7      3      6          0.1000     2.7000     2600.0000  % 
LB close or above UB, fathomed
8      2      6          0.1000     2.7000     2600.0000  % 
UB: 2.6999999999999993
branching on CartesianIndex(1, 5) with c.
9      3      7          0.1000     2.7000     2600.0000  % 
LB close or above UB, fathomed
10     2      7          0.1000     2.7000     2600.0000  % 
UB: 2.6999999999999993
branching on CartesianIndex(1, 6) with c.
11     3      5          0.1000     2.7000     2600.0000  % 
LB close or above UB, fathomed
12     2      3          0.1000     2.7000     2600.0000  % 
UB: 2.6999999999999993
branching on 3 with d.
13     3      4          0.1000     2.7000     2600.0000  % 
UB: 2.6999999999999993
branching on 1 with b.
14     4      5          0.1000     2.7000     2600.0000  % 
LB close or above UB, fathomed
15     3      5          0.1000     2.7000     2600.0000  % 
UB: 2.6999999999999993
branching on 1 with b.
16     4      6          0.1000     2.7000     2600.0000  % 
UB: 2.6999999999999993
branching on CartesianIndex(1, 1) with a.
17     5      7          0.1000     2.7000     2600.0000  % 
LB close or above UB, fathomed
18     4      7          0.1000     2.7000     2600.0000  % 
LB close or above UB, fathomed
19     3      6          0.1000     2.7000     2600.0000  % 
UB: 2.6999999999999993
branching on CartesianIndex(1, 1) with a.
20     4      7          0.1000     2.7000     2600.0000  % 
LB close or above UB, fathomed
21     3      7          0.1000     2.7000     2600.0000  % 
LB close or above UB, fathomed
22     2      4          0.1000     2.7000     2600.0000  % 
UB: 2.6999999999999993
branching on 1 with b.
23     3      8          0.1000     2.7000     2600.0000  % 
UB: 2.6999999999999993
branching on 1 with b.
24     4      9          0.1000     2.7000     2600.0000  % 
UB: 2.6999999999999993
branching on 1 with b.
25     5      10         0.1000     2.7000     2600.0000  % 
LB close or above UB, fathomed
26     4      10         0.1000     2.7000     2600.0000  % 
UB: 2.6999999999999993
branching on CartesianIndex(2, 6) with c.
27     5      11         0.1000     2.7000     2600.0000  % 
LB close or above UB, fathomed
28     4      11         0.1000     2.7000     2600.0000  % 
LB close or above UB, fathomed
29     3      9          0.1000     2.7000     2600.0000  % 
LB close or above UB, fathomed
30     2      8          0.1000     2.7000     2600.0000  % 
LB close or above UB, fathomed
31     1      5          0.1500     2.7000     1700.0000  % 
UB: 2.6999999999999993
branching on 1 with b.
32     2      6          0.1500     2.7000     1700.0000  % 
UB: 2.6999999999999993
branching on CartesianIndex(1, 1) with a.
33     3      7          0.1500     2.7000     1700.0000  % 
LB close or above UB, fathomed
34     2      7          0.1500     2.7000     1700.0000  % 
LB close or above UB, fathomed
35     1      6          0.1500     2.7000     1700.0000  % 
UB: 2.6999999999999993
branching on 2 with b.
36     2      7          0.1500     2.7000     1700.0000  % 
UB: 2.6999999999999993
branching on 3 with b.
37     3      8          0.1500     2.7000     1700.0000  % 
LB close or above UB, fathomed
38     2      8          0.1500     2.7000     1700.0000  % 
UB: 2.6999999999999993
branching on CartesianIndex(1, 1) with a.
39     3      9          0.1500     2.7000     1700.0000  % 
UB: 2.6999999999999993
branching on 1 with b.
40     4      10         0.1500     2.7000     1700.0000  % 
UB: 2.6999999999999993
branching on CartesianIndex(1, 2) with a.
41     5      11         0.1500     2.7000     1700.0000  % 
UB: 2.6999999999999993
branching on CartesianIndex(1, 3) with a.
42     6      12         0.1500     2.7000     1700.0000  % 
LB close or above UB, fathomed
43     5      12         0.1500     2.7000     1700.0000  % 
UB: 2.6999999999999993
branching on CartesianIndex(1, 4) with c.
44     6      13         0.1500     2.7000     1700.0000  % 
UB: 2.6999999999999993
branching on CartesianIndex(2, 4) with c.
45     7      13         0.1500     2.7000     1700.0000  % 
UB: 2.6999999999999993
branching on CartesianIndex(1, 5) with c.
46     8      14         0.1500     2.7000     1700.0000  % 
UB: 2.6999999999999993
branching on CartesianIndex(2, 5) with c.
47     9      14         0.1500     2.7000     1700.0000  % 
UB: 2.6999999999999993
branching on CartesianIndex(1, 6) with c.
48     10     15         0.1500     2.7000     1700.0000  % 
UB: 2.6999999999999993
branching on CartesianIndex(2, 6) with c.
49     11     16         0.1500     2.7000     1700.0000  % 
LB close or above UB, fathomed
50     10     16         0.1500     2.7000     1700.0000  % 
LB close or above UB, fathomed
51     9      15         0.1500     2.7000     1700.0000  % 
LB close or above UB, fathomed
52     8      11         0.1500     2.7000     1700.0000  % 
UB: 2.6999999999999993
branching on CartesianIndex(1, 3) with a.
53     9      10         0.1500     2.7000     1700.0000  % 
UB: 2.6999999999999993
branching on CartesianIndex(1, 2) with a.
54     10     11         0.1500     2.7000     1700.0000  % 
UB: 2.6999999999999993
branching on CartesianIndex(1, 3) with a.
55     11     12         0.1500     2.7000     1700.0000  % 
UB: 2.6999999999999993
branching on CartesianIndex(1, 4) with c.
56     12     13         0.1500     2.7000     1700.0000  % 
LB close or above UB, fathomed
57     11     13         0.1500     2.7000     1700.0000  % 
UB: 2.6999999999999993
branching on CartesianIndex(1, 5) with c.
58     12     14         0.1500     2.7000     1700.0000  % 
UB: 2.6999999999999993
branching on 2 with b.
59     13     15         0.1500     2.7000     1700.0000  % 
LB close or above UB, fathomed
60     12     15         0.1500     2.7000     1700.0000  % 
UB: 2.6999999999999993
branching on CartesianIndex(2, 5) with c.
61     13     14         0.1500     2.7000     1700.0000  % 
LB close or above UB, fathomed
62     12     12         0.1500     2.7000     1700.0000  % 
UB: 2.6999999999999993
branching on CartesianIndex(1, 4) with c.
63     13     11         0.1500     2.7000     1700.0000  % 
LB close or above UB, fathomed
64     12     9          0.1500     2.7000     1700.0000  % 
LB close or above UB, fathomed
65     11     7          0.1500     2.7000     1700.0000  % 
UB: 2.6999999999999993
branching on CartesianIndex(1, 1) with a.
66     12     5          0.1500     2.7000     1700.0000  % 
UB: 2.6999999999999993
branching on 1 with b.
67     13     6          0.1500     2.7000     1700.0000  % 
UB: 2.6999999999999993
branching on CartesianIndex(1, 1) with a.
68     14     7          0.1500     2.7000     1700.0000  % 
LB close or above UB, fathomed
69     13     7          0.1500     2.7000     1700.0000  % 
UB: 2.6999999999999993
branching on 2 with b.
70     14     8          0.1500     2.7000     1700.0000  % 
UB: 2.6999999999999993
branching on CartesianIndex(1, 2) with a.
71     15     9          0.1500     2.7000     1700.0000  % 
UB: 2.6999999999999993
branching on CartesianIndex(1, 3) with a.
72     16     9          0.1500     2.7000     1700.0000  % 
UB: 2.6999999999999993
branching on 3 with b.
73     17     10         0.1500     2.7000     1700.0000  % 
UB: 2.6999999999999993
branching on CartesianIndex(1, 3) with a.
74     18     11         0.1500     2.7000     1700.0000  % 
UB: 2.6999999999999993
branching on 1 with b.
75     19     11         0.1500     2.7000     1700.0000  % 
LB close or above UB, fathomed
76     18     10         0.1500     2.7000     1700.0000  % 
UB: 2.6999999999999993
branching on CartesianIndex(1, 3) with a.
77     19     11         0.1500     2.7000     1700.0000  % 
LB close or above UB, fathomed
78     18     11         0.1500     2.7000     1700.0000  % 
UB: 2.6999999999999993
branching on 1 with b.
79     19     12         0.1500     2.7000     1700.0000  % 
LB close or above UB, fathomed
80     18     12         0.1500     2.7000     1700.0000  % 
LB close or above UB, fathomed
81     17     8          0.1500     2.7000     1700.0000  % 
UB: 2.6999999999999993
branching on 3 with b.
82     18     6          0.1500     2.7000     1700.0000  % 
UB: 2.6999999999999993
branching on 2 with b.
83     19     7          0.1500     2.7000     1700.0000  % 
UB: 2.6999999999999993
branching on CartesianIndex(1, 1) with a.
84     20     8          0.1500     2.7000     1700.0000  % 
LB close or above UB, fathomed
85     19     8          0.1500     2.7000     1700.0000  % 
LB close or above UB, fathomed
86     18     7          0.1500     2.7000     1700.0000  % 
LB close or above UB, fathomed
87     17     8          0.1500     2.7000     1700.0000  % 
UB: 2.6999999999999993
branching on CartesianIndex(1, 2) with a.
88     18     9          0.1500     2.7000     1700.0000  % 
UB: 2.6999999999999993
branching on 3 with b.
89     19     9          0.1500     2.7000     1700.0000  % 
UB: 2.6999999999999993
branching on CartesianIndex(1, 3) with a.
90     20     10         0.1500     2.7000     1700.0000  % 
UB: 2.6999999999999993
branching on CartesianIndex(1, 4) with c.
91     21     11         0.1500     2.7000     1700.0000  % 
LB close or above UB, fathomed
92     20     11         0.1500     2.7000     1700.0000  % 
UB: 2.6999999999999993
branching on CartesianIndex(1, 5) with c.
93     21     12         0.1500     2.7000     1700.0000  % 
UB: 2.6999999999999993
branching on CartesianIndex(2, 5) with c.
94     22     13         0.1500     2.7000     1700.0000  % 
UB: 2.6999999999999993
branching on CartesianIndex(1, 6) with c.
95     23     14         0.1500     2.7000     1700.0000  % 
UB: 2.6999999999999993
branching on 3 with b.
96     24     15         0.1500     2.7000     1700.0000  % 
LB close or above UB, fathomed
97     23     15         0.1500     2.7000     1700.0000  % 
UB: 2.6999999999999993
branching on CartesianIndex(2, 6) with c.
98     24     16         0.1500     2.7000     1700.0000  % 
LB close or above UB, fathomed
99     23     16         0.1500     2.7000     1700.0000  % 
UB: 2.6999999999999993
branching on CartesianIndex(1, 7) with c.
100    24     17         0.1500     2.7000     1700.0000  % 
UB: 2.6999999999999993
branching on CartesianIndex(2, 7) with c.
101    25     18         0.1500     2.7000     1700.0000  % 
UB: 2.6999999999999993
branching on 1 with b.
102    26     19         0.1500     2.7000     1700.0000  % 
LB close or above UB, fathomed
103    25     19         0.1500     2.7000     1700.0000  % 
LB close or above UB, fathomed
104    24     18         0.1500     2.7000     1700.0000  % 
LB close or above UB, fathomed
105    23     17         0.1500     2.7000     1700.0000  % 
LB close or above UB, fathomed
106    22     14         0.1500     2.7000     1700.0000  % 
LB close or above UB, fathomed
107    21     13         0.1500     2.7000     1700.0000  % 
LB close or above UB, fathomed
108    20     12         0.1500     2.7000     1700.0000  % 
LB close or above UB, fathomed
109    19     10         0.1500     2.7000     1700.0000  % 
UB: 2.6999999999999993
branching on CartesianIndex(1, 4) with c.
110    20     11         0.1500     2.7000     1700.0000  % 
LB close or above UB, fathomed
111    19     11         0.1500     2.7000     1700.0000  % 
UB: 2.6999999999999993
branching on 3 with b.
112    20     12         0.1500     2.7000     1700.0000  % 
LB close or above UB, fathomed
113    19     12         0.1500     2.7000     1700.0000  % 
UB: 2.6999999999999993
branching on CartesianIndex(1, 5) with c.
114    20     8          0.1500     2.7000     1700.0000  % 
LB close or above UB, fathomed
115    19     16         0.1500     2.7000     1700.0000  % 
LB close or above UB, fathomed
116    18     16         0.1500     2.7000     1700.0000  % 
LB close or above UB, fathomed
117    17     12         0.1500     2.7000     1700.0000  % 
LB close or above UB, fathomed
118    16     12         0.1500     2.7000     1700.0000  % 
UB: 2.6999999999999993
branching on CartesianIndex(1, 4) with c.
119    17     13         0.1500     2.7000     1700.0000  % 
UB: 2.6999999999999993
branching on CartesianIndex(2, 4) with c.
120    18     14         0.1500     2.7000     1700.0000  % 
UB: 2.6999999999999993
branching on CartesianIndex(1, 5) with c.
121    19     15         0.1500     2.7000     1700.0000  % 
LB close or above UB, fathomed
122    18     15         0.1500     2.7000     1700.0000  % 
UB: 2.6999999999999993
branching on CartesianIndex(1, 6) with c.
123    19     16         0.1500     2.7000     1700.0000  % 
UB: 2.6999999999999993
branching on CartesianIndex(2, 6) with c.
124    20     17         0.1500     2.7000     1700.0000  % 
LB close or above UB, fathomed
125    19     17         0.1500     2.7000     1700.0000  % 
LB close or above UB, fathomed
126    18     16         0.1500     2.7000     1700.0000  % 
LB close or above UB, fathomed
127    17     14         0.1500     2.7000     1700.0000  % 
UB: 2.6999999999999993
branching on CartesianIndex(1, 5) with c.
128    18     15         0.1500     2.7000     1700.0000  % 
LB close or above UB, fathomed
129    17     15         0.1500     2.7000     1700.0000  % 
UB: 2.6999999999999993
branching on CartesianIndex(1, 6) with c.
130    18     16         0.1500     2.7000     1700.0000  % 
UB: 2.6999999999999993
branching on CartesianIndex(2, 6) with c.
131    19     17         0.1500     2.7000     1700.0000  % 
LB close or above UB, fathomed
132    18     17         0.1500     2.7000     1700.0000  % 
LB close or above UB, fathomed
133    17     16         0.1500     2.7000     1700.0000  % 
LB close or above UB, fathomed
134    16     13         0.1500     2.7000     1700.0000  % 
UB: 2.6999999999999993
branching on CartesianIndex(1, 5) with c.
135    17     14         0.1500     2.7000     1700.0000  % 
LB close or above UB, fathomed
136    16     14         0.1500     2.7000     1700.0000  % 
UB: 2.6999999999999993
branching on 2 with b.
137    17     15         0.1500     2.7000     1700.0000  % 
UB: 2.6999999999999993
branching on 3 with b.
138    18     16         0.1500     2.7000     1700.0000  % 
UB: 2.6999999999999993
branching on 1 with b.
139    18     17         0.1500     2.7000     1700.0000  % 
UB: 2.6999999999999993
branching on CartesianIndex(1, 6) with c.
140    19     18         0.1500     2.7000     1700.0000  % 
UB: 2.6999999999999993
branching on CartesianIndex(2, 6) with c.
141    20     19         0.1500     2.7000     1700.0000  % 
LB close or above UB, fathomed
142    19     19         0.1500     2.7000     1700.0000  % 
LB close or above UB, fathomed
143    18     18         0.1500     2.7000     1700.0000  % 
LB close or above UB, fathomed
144    17     16         0.1500     2.7000     1700.0000  % 
LB close or above UB, fathomed
145    16     15         0.1500     2.7000     1700.0000  % 
UB: 2.6999999999999993
branching on CartesianIndex(1, 6) with c.
146    17     16         0.1500     2.7000     1700.0000  % 
UB: 2.6999999999999993
branching on CartesianIndex(2, 6) with c.
147    18     17         0.1500     2.7000     1700.0000  % 
LB close or above UB, fathomed
148    17     17         0.1500     2.7000     1700.0000  % 
LB close or above UB, fathomed
149    16     16         0.1500     2.7000     1700.0000  % 
LB close or above UB, fathomed
150    15     12         0.1500     2.7000     1700.0000  % 
LB close or above UB, fathomed
151    14     12         0.1500     2.7000     1700.0000  % 
LB close or above UB, fathomed
152    13     10         0.1500     2.7000     1700.0000  % 
UB: 2.6999999999999993
branching on 3 with b.
153    14     11         0.1500     2.7000     1700.0000  % 
UB: 2.6999999999999993
branching on CartesianIndex(1, 4) with c.
154    15     11         0.1500     2.7000     1700.0000  % 
LB close or above UB, fathomed
155    14     10         0.1500     2.7000     1700.0000  % 
UB: 2.6999999999999993
branching on CartesianIndex(1, 4) with c.
156    15     11         0.1500     2.7000     1700.0000  % 
LB close or above UB, fathomed
157    14     11         0.1500     2.7000     1700.0000  % 
UB: 2.6999999999999993
branching on 3 with b.
158    15     12         0.1500     2.7000     1700.0000  % 
LB close or above UB, fathomed
159    14     12         0.1500     2.7000     1700.0000  % 
UB: 2.6999999999999993
branching on CartesianIndex(1, 5) with c.
160    15     13         0.1500     2.7000     1700.0000  % 
UB: 2.6999999999999993
branching on CartesianIndex(2, 5) with c.
161    16     14         0.1500     2.7000     1700.0000  % 
LB close or above UB, fathomed
162    15     14         0.1500     2.7000     1700.0000  % 
LB close or above UB, fathomed
163    14     13         0.1500     2.7000     1700.0000  % 
LB close or above UB, fathomed
164    13     12         0.1500     2.7000     1700.0000  % 
LB close or above UB, fathomed
165    12     12         0.1500     2.7000     1700.0000  % 
UB: 2.6999999999999993
branching on CartesianIndex(1, 5) with c.
166    13     13         0.1500     2.7000     1700.0000  % 
UB: 2.6999999999999993
branching on CartesianIndex(2, 5) with c.
167    14     14         0.1500     2.7000     1700.0000  % 
LB close or above UB, fathomed
168    13     14         0.1500     2.7000     1700.0000  % 
LB close or above UB, fathomed
169    12     13         0.1500     2.7000     1700.0000  % 
LB close or above UB, fathomed
170    11     13         0.1500     2.7000     1700.0000  % 
UB: 2.6999999999999993
branching on CartesianIndex(2, 5) with c.
171    12     14         0.1500     2.7000     1700.0000  % 
UB: 2.6999999999999993
branching on CartesianIndex(1, 6) with c.
172    13     15         0.1500     2.7000     1700.0000  % 
UB: 2.6999999999999993
branching on CartesianIndex(2, 6) with c.
173    14     16         0.1500     2.7000     1700.0000  % 
LB close or above UB, fathomed
174    13     16         0.1500     2.7000     1700.0000  % 
LB close or above UB, fathomed
175    12     15         0.1500     2.7000     1700.0000  % 
LB close or above UB, fathomed
176    11     14         0.1500     2.7000     1700.0000  % 
UB: 2.6999999999999993
branching on CartesianIndex(1, 6) with c.
177    12     15         0.1500     2.7000     1700.0000  % 
UB: 2.6999999999999993
branching on CartesianIndex(2, 6) with c.
178    13     16         0.1500     2.7000     1700.0000  % 
LB close or above UB, fathomed
179    12     16         0.1500     2.7000     1700.0000  % 
LB close or above UB, fathomed
180    11     15         0.1500     2.7000     1700.0000  % 
LB close or above UB, fathomed
181    10     13         0.1500     2.7000     1700.0000  % 
UB: 2.6999999999999993
branching on 1 with b.
182    11     14         0.1500     2.7000     1700.0000  % 
UB: 2.6999999999999993
branching on CartesianIndex(1, 6) with c.
183    12     15         0.1500     2.7000     1700.0000  % 
UB: 2.6999999999999993
branching on 2 with b.
184    13     16         0.1500     2.7000     1700.0000  % 
UB: 2.6999999999999993
branching on CartesianIndex(2, 6) with c.
185    14     17         0.1500     2.7000     1700.0000  % 
LB close or above UB, fathomed
186    13     17         0.1500     2.7000     1700.0000  % 
LB close or above UB, fathomed
187    12     16         0.1500     2.7000     1700.0000  % 
UB: 2.6999999999999993
branching on CartesianIndex(2, 6) with c.
188    13     17         0.1500     2.7000     1700.0000  % 
LB close or above UB, fathomed
189    12     17         0.1500     2.7000     1700.0000  % 
LB close or above UB, fathomed
190    11     15         0.1500     2.7000     1700.0000  % 
LB close or above UB, fathomed
191    10     14         0.1500     2.7000     1700.0000  % 
LB close or above UB, fathomed
192    9      10         0.1500     2.7000     1700.0000  % 
LB close or above UB, fathomed
193    8      10         0.1500     2.7000     1700.0000  % 
UB: 2.6999999999999993
branching on CartesianIndex(1, 3) with a.
194    9      11         0.1500     2.7000     1700.0000  % 
LB close or above UB, fathomed
195    8      11         0.1500     2.7000     1700.0000  % 
UB: 2.6999999999999993
branching on CartesianIndex(1, 4) with c.
196    9      12         0.1500     2.7000     1700.0000  % 
LB close or above UB, fathomed
197    8      12         0.1500     2.7000     1700.0000  % 
UB: 2.6999999999999993
branching on 1 with b.
198    9      13         0.1500     2.7000     1700.0000  % 
UB: 2.6999999999999993
branching on 2 with b.
199    10     14         0.1500     2.7000     1700.0000  % 
UB: 2.6999999999999993
branching on CartesianIndex(1, 5) with c.
200    11     15         0.1500     2.7000     1700.0000  % 
UB: 2.6999999999999993
branching on CartesianIndex(2, 5) with c.
201    12     16         0.1500     2.7000     1700.0000  % 
UB: 2.6999999999999993
branching on CartesianIndex(1, 6) with c.
202    13     17         0.1500     2.7000     1700.0000  % 
UB: 2.6999999999999993
branching on 3 with b.
203    14     18         0.1500     2.7000     1700.0000  % 
UB: 2.6999999999999993
branching on CartesianIndex(2, 6) with c.
204    15     19         0.1500     2.7000     1700.0000  % 
LB close or above UB, fathomed
205    14     19         0.1500     2.7000     1700.0000  % 
LB close or above UB, fathomed
206    13     18         0.1500     2.7000     1700.0000  % 
LB close or above UB, fathomed
207    12     17         0.1500     2.7000     1700.0000  % 
LB close or above UB, fathomed
208    11     16         0.1500     2.7000     1700.0000  % 
UB: 2.6999999999999993
branching on CartesianIndex(1, 6) with c.
209    12     17         0.1500     2.7000     1700.0000  % 
UB: 2.6999999999999993
branching on CartesianIndex(2, 6) with c.
210    13     18         0.1500     2.7000     1700.0000  % 
LB close or above UB, fathomed
211    12     18         0.1500     2.7000     1700.0000  % 
LB close or above UB, fathomed
212    11     17         0.1500     2.7000     1700.0000  % 
LB close or above UB, fathomed
213    10     15         0.1500     2.7000     1700.0000  % 
UB: 2.6999999999999993
branching on CartesianIndex(1, 6) with c.
214    11     16         0.1500     2.7000     1700.0000  % 
UB: 2.6999999999999993
branching on CartesianIndex(2, 6) with c.
215    12     17         0.1500     2.7000     1700.0000  % 
LB close or above UB, fathomed
216    11     17         0.1500     2.7000     1700.0000  % 
LB close or above UB, fathomed
217    10     16         0.1500     2.7000     1700.0000  % 
LB close or above UB, fathomed
218    9      14         0.1500     2.7000     1700.0000  % 
UB: 2.6999999999999993
branching on 3 with b.
219    10     15         0.1500     2.7000     1700.0000  % 
UB: 2.6999999999999993
branching on CartesianIndex(1, 5) with c.
220    11     16         0.1500     2.7000     1700.0000  % 
UB: 2.6999999999999993
branching on CartesianIndex(2, 5) with c.
221    12     17         0.1500     2.7000     1700.0000  % 
UB: 2.6999999999999993
branching on CartesianIndex(1, 6) with c.
222    13     18         0.1500     2.7000     1700.0000  % 
UB: 2.6999999999999993
branching on CartesianIndex(2, 6) with c.
223    14     19         0.1500     2.7000     1700.0000  % 
LB close or above UB, fathomed
224    13     19         0.1500     2.7000     1700.0000  % 
LB close or above UB, fathomed
225    12     18         0.1500     2.7000     1700.0000  % 
LB close or above UB, fathomed
226    11     17         0.1500     2.7000     1700.0000  % 
UB: 2.6999999999999993
branching on CartesianIndex(1, 6) with c.
227    12     18         0.1500     2.7000     1700.0000  % 
UB: 2.6999999999999993
branching on CartesianIndex(2, 6) with c.
228    13     19         0.1500     2.7000     1700.0000  % 
LB close or above UB, fathomed
229    12     19         0.1500     2.7000     1700.0000  % 
LB close or above UB, fathomed
230    11     18         0.1500     2.7000     1700.0000  % 
LB close or above UB, fathomed
231    10     16         0.1500     2.7000     1700.0000  % 
UB: 2.6999999999999993
branching on CartesianIndex(1, 6) with c.
232    11     17         0.1500     2.7000     1700.0000  % 
UB: 2.6999999999999993
branching on CartesianIndex(2, 6) with c.
233    12     18         0.1500     2.7000     1700.0000  % 
LB close or above UB, fathomed
234    11     18         0.1500     2.7000     1700.0000  % 
LB close or above UB, fathomed
235    10     17         0.1500     2.7000     1700.0000  % 
LB close or above UB, fathomed
236    9      15         0.1500     2.7000     1700.0000  % 
LB close or above UB, fathomed
237    8      13         0.1500     2.7000     1700.0000  % 
LB close or above UB, fathomed
238    7      9          0.1500     2.7000     1700.0000  % 
UB: 2.6999999999999993
branching on CartesianIndex(1, 2) with a.
239    8      10         0.1500     2.7000     1700.0000  % 
UB: 2.6999999999999993
branching on CartesianIndex(1, 3) with a.
240    9      11         0.1500     2.7000     1700.0000  % 
UB: 2.6999999999999993
branching on CartesianIndex(1, 4) with c.
241    10     12         0.1500     2.7000     1700.0000  % 
LB close or above UB, fathomed
242    9      12         0.1500     2.7000     1700.0000  % 
UB: 2.6999999999999993
branching on CartesianIndex(1, 5) with c.
243    10     13         0.1500     2.7000     1700.0000  % 
UB: 2.6999999999999993
branching on CartesianIndex(2, 5) with c.
244    11     14         0.1500     2.7000     1700.0000  % 
LB close or above UB, fathomed
245    10     14         0.1500     2.7000     1700.0000  % 
LB close or above UB, fathomed
246    9      13         0.1500     2.7000     1700.0000  % 
LB close or above UB, fathomed
247    8      11         0.1500     2.7000     1700.0000  % 
LB close or above UB, fathomed
248    7      10         0.1500     2.7000     1700.0000  % 
LB close or above UB, fathomed
249    6      9          0.1500     2.7000     1700.0000  % 
UB: 2.6999999999999993
branching on CartesianIndex(1, 2) with a.
250    7      10         0.1500     2.7000     1700.0000  % 
UB: 2.6999999999999993
branching on CartesianIndex(1, 3) with a.
251    8      11         0.1500     2.7000     1700.0000  % 
LB close or above UB, fathomed
252    7      11         0.1500     2.7000     1700.0000  % 
UB: 2.6999999999999993
branching on CartesianIndex(1, 4) with c.
253    8      12         0.1500     2.7000     1700.0000  % 
LB close or above UB, fathomed
254    7      12         0.1500     2.7000     1700.0000  % 
UB: 2.6999999999999993
branching on CartesianIndex(1, 5) with c.
255    8      13         0.1500     2.7000     1700.0000  % 
UB: 2.6999999999999993
branching on CartesianIndex(2, 5) with c.
256    9      14         0.1500     2.7000     1700.0000  % 
LB close or above UB, fathomed
257    8      14         0.1500     2.7000     1700.0000  % 
LB close or above UB, fathomed
258    7      13         0.1500     2.7000     1700.0000  % 
LB close or above UB, fathomed
259    6      10         0.1500     2.7000     1700.0000  % 
LB close or above UB, fathomed
260    5      13         0.1500     2.7000     1700.0000  % 
LB close or above UB, fathomed
261    4      13         0.1500     2.7000     1700.0000  % 
UB: 2.6999999999999993
branching on CartesianIndex(1, 5) with c.
262    5      14         0.1500     2.7000     1700.0000  % 
UB: 2.6999999999999993
branching on 2 with b.
263    6      15         0.1500     2.7000     1700.0000  % 
LB close or above UB, fathomed
264    5      15         0.1500     2.7000     1700.0000  % 
UB: 2.6999999999999993
branching on 3 with b.
265    6      16         0.1500     2.7000     1700.0000  % 
UB: 2.6999999999999993
branching on CartesianIndex(2, 5) with c.
266    7      17         0.1500     2.7000     1700.0000  % 
LB close or above UB, fathomed
267    6      17         0.1500     2.7000     1700.0000  % 
UB: 2.6999999999999993
branching on CartesianIndex(1, 6) with c.
268    7      18         0.1500     2.7000     1700.0000  % 
UB: 2.6999999999999993
branching on 1 with b.
269    7      19         0.1500     2.7000     1700.0000  % 
UB: 2.6999999999999993
branching on CartesianIndex(2, 6) with c.
270    8      20         0.1500     2.7000     1700.0000  % 
LB close or above UB, fathomed
271    7      20         0.1500     2.7000     1700.0000  % 
LB close or above UB, fathomed
272    6      18         0.1500     2.7000     1700.0000  % 
LB close or above UB, fathomed
273    5      16         0.1500     2.7000     1700.0000  % 
LB close or above UB, fathomed
274    4      14         0.1500     2.7000     1700.0000  % 
LB close or above UB, fathomed
275    3      15         0.1500     2.7000     1700.0000  % 
UB: 2.6999999999999993
branching on CartesianIndex(1, 6) with c.
276    4      16         0.1500     2.7000     1700.0000  % 
UB: 2.6999999999999993
branching on CartesianIndex(2, 6) with c.
277    5      17         0.1500     2.7000     1700.0000  % 
LB close or above UB, fathomed
278    4      17         0.1500     2.7000     1700.0000  % 
LB close or above UB, fathomed
279    3      16         0.1500     2.7000     1700.0000  % 
LB close or above UB, fathomed
280    2      15         0.1500     2.7000     1700.0000  % 
UB: 2.6999999999999993
branching on CartesianIndex(1, 6) with c.
281    3      16         0.1500     2.7000     1700.0000  % 
UB: 2.6999999999999993
branching on CartesianIndex(2, 6) with c.
282    4      17         0.1500     2.7000     1700.0000  % 
LB close or above UB, fathomed
283    3      17         0.1500     2.7000     1700.0000  % 
LB close or above UB, fathomed
284    2      16         0.1500     2.7000     1700.0000  % 
LB close or above UB, fathomed
285    1      14         0.1500     2.7000     1700.0000  % 
UB: 2.6999999999999993
branching on CartesianIndex(1, 5) with c.
286    2      15         0.1500     2.7000     1700.0000  % 
LB close or above UB, fathomed
287    1      15         0.1500     2.7000     1700.0000  % 
UB: 2.6999999999999993
branching on CartesianIndex(1, 6) with c.
288    2      16         0.1500     2.7000     1700.0000  % 
UB: 2.6999999999999993
branching on CartesianIndex(2, 6) with c.
289    3      17         0.1500     2.7000     1700.0000  % 
LB close or above UB, fathomed
290    2      17         0.1500     2.7000     1700.0000  % 
LB close or above UB, fathomed
291    1      16         0.1500     2.7000     1700.0000  % 
LB close or above UB, fathomed
292    0      14         0.1500     2.7000     1700.0000  % 
UB: 2.6999999999999993
branching on CartesianIndex(1, 5) with c.
293    1      15         0.1500     2.7000     1700.0000  % 
LB close or above UB, fathomed
294    0      15         0.1500     2.7000     1700.0000  % 
UB: 2.6999999999999993
branching on 2 with b.
295    1      16         0.1500     2.7000     1700.0000  % 
UB: 2.6999999999999993
branching on CartesianIndex(1, 6) with c.
296    2      17         0.1500     2.7000     1700.0000  % 
UB: 2.6999999999999993
branching on CartesianIndex(2, 6) with c.
297    3      18         0.1500     2.7000     1700.0000  % 
LB close or above UB, fathomed
298    2      18         0.1500     2.7000     1700.0000  % 
LB close or above UB, fathomed
299    1      17         0.1500     2.7000     1700.0000  % 
LB close or above UB, fathomed
300    0      16         0.1500     2.7000     1700.0000  % 
LB close or above UB, fathomed
all node solved
solved nodes:  301
301                                                   2.6778e+00     2.7000e+00     0.8299  % 
2×3 Matrix{Float64}:
 0.0  0.0  0.0
 1.0  0.0  1.0
3-element Vector{Float64}:
 0.267359854439427
 0.0
 0.6903919460009922
3×7 Matrix{Float64}:
 0.0  0.0  0.0  0.0  1.0  0.0  0.0
 0.0  0.0  0.0  0.0  0.0  1.0  0.0
 0.0  0.0  0.0  0.0  0.0  0.0  1.0
3-element Vector{Float64}:
 1.0
 0.0
 1.0
2×3 Matrix{Float64}:
 0.0   0.0  1.0
 1.0  -0.0  0.0
3-element Vector{Float64}:
 0.2693513226039137
 0.0
 0.9414729520766834
3×7 Matrix{Float64}:
 0.0  0.0  0.0  1.0   1.0  0.0  0.0
 0.0  0.0  0.0  0.0  -0.0  1.0  0.0
 0.0  0.0  0.0  0.0   0.0  0.0  1.0
3-element Vector{Float64}:
 1.0
 0.0
 1.0
comparison (CRT and Glb)on prediction: Dict{Bool, Int64}(0 => 0, 1 => 4)
Dataname	 time	 objv	 lb	 gap	 train_w	 train_g	 test_w	 test_g
small_toy_188.small_toy	 58.5	 2.6999999999999993	 2.678	 0.0083	 88.889	 88.889	 75.0	 75.0
