Running 2 processes.
Start training small_toy_596.small_toy with seed 1.
Any[]
(2, 13)
(2, 6)
(2, 3)
(2, 4)
dimension: 2, class: 3
cart cost: 2.7000000000000006
size of X: (2, 9)
ngroups: 2
UB: 0.15000000000000002
Iter	left	lev	LB	UB	gap	
0      0      1          0.1000     0.1500     50.0000    % 
UB: 0.15000000000000002
branching on 1 with d.
1      1      2          0.1000     0.1500     50.0000    % 
LB close or above UB, fathomed
2      0      2          0.1000     0.1500     50.0000    % 
UB: 0.15000000000000002
branching on 2 with d.
3      1      3          0.1000     0.1500     50.0000    % 
UB: 0.15000000000000002
branching on 3 with d.
4      2      4          0.1000     0.1500     50.0000    % 
LB close or above UB, fathomed
5      1      4          0.1000     0.1500     50.0000    % 
UB: 0.15000000000000002
branching on CartesianIndex(1, 1) with a.
6      2      5          0.1000     0.1500     50.0000    % 
UB: 0.15000000000000002
branching on CartesianIndex(1, 3) with a.
7      3      6          0.1000     0.1500     50.0000    % 
UB: 0.15000000000000002
branching on 1 with b.
8      4      7          0.1000     0.1500     50.0000    % 
UB: 0.15000000000000002
branching on CartesianIndex(1, 5) with c.
9      5      8          0.1000     0.1500     50.0000    % 
LB close or above UB, fathomed
10     4      8          0.1000     0.1500     50.0000    % 
UB: 0.15000000000000002
branching on CartesianIndex(1, 6) with c.
11     5      9          0.1000     0.1500     50.0000    % 
UB: 0.15000000000000002
branching on 1 with b.
12     6      10         0.1000     0.1500     50.0000    % 
LB close or above UB, fathomed
13     5      10         0.1000     0.1500     50.0000    % 
UB: 0.15000000000000002
branching on 3 with b.
14     6      11         0.1000     0.1500     50.0000    % 
LB close or above UB, fathomed
15     5      11         0.1000     0.1500     50.0000    % 
LB close or above UB, fathomed
16     4      9          0.1000     0.1500     50.0000    % 
LB close or above UB, fathomed
17     3      7          0.1000     0.1500     50.0000    % 
LB close or above UB, fathomed
18     2      6          0.1000     0.1500     50.0000    % 
LB close or above UB, fathomed
19     1      5          0.1000     0.1500     50.0000    % 
UB: 0.15000000000000002
branching on CartesianIndex(1, 3) with a.
20     2      6          0.1000     0.1500     50.0000    % 
UB: 0.15000000000000002
branching on 1 with b.
21     3      7          0.1000     0.1500     50.0000    % 
LB close or above UB, fathomed
22     2      7          0.1000     0.1500     50.0000    % 
LB close or above UB, fathomed
23     1      6          0.1000     0.1500     50.0000    % 
LB close or above UB, fathomed
24     0      3          0.1000     0.1500     50.0000    % 
UB: 0.15000000000000002
branching on 3 with d.
25     1      4          0.1000     0.1500     50.0000    % 
UB: 0.15000000000000002
branching on 1 with b.
26     2      5          0.1000     0.1500     50.0000    % 
LB close or above UB, fathomed
27     1      5          0.1000     0.1500     50.0000    % 
UB: 0.15000000000000002
branching on CartesianIndex(1, 1) with a.
28     2      6          0.1000     0.1500     50.0000    % 
LB close or above UB, fathomed
29     1      6          0.1000     0.1500     50.0000    % 
LB close or above UB, fathomed
30     0      4          0.1000     0.1500     50.0000    % 
LB close or above UB, fathomed
all node solved
solved nodes:  31
31                                                    1.5000e-01     1.5000e-01     0.0000  % 
2×3 Matrix{Float64}:
 0.0  0.0  1.0
 1.0  0.0  0.0
3-element Vector{Float64}:
 0.30182698815806164
 0.0
 0.6324315867137946
3×7 Matrix{Float64}:
 0.0  0.0  0.0  0.0  1.0  0.0  0.0
 0.0  0.0  0.0  0.0  0.0  1.0  0.0
 0.0  0.0  0.0  0.0  0.0  0.0  1.0
3-element Vector{Float64}:
 1.0
 0.0
 1.0
2×3 Matrix{Float64}:
 -0.0  0.0  1.0
  1.0  1.0  0.0
3-element Vector{Float64}:
 0.31713255827995723
 0.3069288448653602
 0.6498605750528967
3×7 Matrix{Float64}:
 0.0  0.0  0.0   1.0  0.0  -0.0   0.0
 0.0  0.0  0.0  -0.0  1.0   1.0  -0.0
 0.0  0.0  0.0  -0.0  0.0   0.0   1.0
3-element Vector{Float64}:
 1.0
 1.0
 1.0
comparison (CRT and Glb)on prediction: Dict{Bool, Int64}(0 => 0, 1 => 4)
Dataname	 time	 objv	 lb	 gap	 train_w	 train_g	 test_w	 test_g
small_toy_596.small_toy	 57.07	 0.15000000000000002	 0.15	 0.0	 88.889	 100.0	 50.0	 50.0
