Running 2 processes.
Start training small_toy_523.small_toy with seed 1.
Any[]
(2, 13)
(2, 6)
(2, 3)
(2, 4)
dimension: 2, class: 3
cart cost: 2.7500000000000004
size of X: (2, 9)
ngroups: 2
UB: 2.7499999999999996
Iter	left	lev	LB	UB	gap	
0      0      1          0.0833     2.7500     3200.0000  % 
UB: 2.7499999999999996
branching on 1 with d.
1      1      2          0.0833     2.7500     3200.0000  % 
LB close or above UB, fathomed
2      0      2          0.0833     2.7500     3200.0000  % 
UB: 2.7499999999999996
branching on 2 with d.
3      1      3          0.0833     2.7500     3200.0000  % 
UB: 2.7499999999999996
branching on 3 with d.
4      2      4          0.0833     2.7500     3200.0000  % 
LB close or above UB, fathomed
5      1      4          0.0833     2.7500     3200.0000  % 
UB: 2.7499999999999996
branching on CartesianIndex(1, 1) with a.
6      2      3          0.0833     2.7500     3200.0000  % 
UB: 2.7499999999999996
branching on 3 with d.
7      3      4          0.1000     2.7500     2650.0000  % 
UB: 2.7499999999999996
branching on 1 with b.
8      4      5          0.1000     2.7500     2650.0000  % 
UB: 2.7499999999999996
branching on CartesianIndex(1, 1) with a.
9      5      5          0.1000     2.7500     2650.0000  % 
UB: 2.7499999999999996
branching on CartesianIndex(1, 1) with a.
10     6      6          0.1000     2.7500     2650.0000  % 
UB: 2.7499999999999996
branching on CartesianIndex(1, 2) with a.
11     7      6          0.1000     2.7500     2650.0000  % 
UB: 2.7499999999999996
branching on 1 with b.
12     8      4          0.1000     2.7500     2650.0000  % 
UB: 2.7499999999999996
branching on CartesianIndex(1, 1) with a.
13     9      5          0.1000     2.7500     2650.0000  % 
UB: 2.7499999999999996
branching on 1 with b.
14     10     6          0.1000     2.7500     2650.0000  % 
UB: 2.7499999999999996
branching on CartesianIndex(1, 3) with a.
15     11     7          0.1000     2.7500     2650.0000  % 
UB: 2.7499999999999996
branching on 1 with b.
16     12     7          0.1000     2.7500     2650.0000  % 
UB: 2.7499999999999996
branching on CartesianIndex(1, 5) with c.
17     13     8          0.1000     2.7500     2650.0000  % 
LB close or above UB, fathomed
18     12     8          0.1000     2.7500     2650.0000  % 
UB: 2.7499999999999996
branching on 1 with b.
19     13     6          0.1000     2.7500     2650.0000  % 
LB close or above UB, fathomed
20     12     5          0.1000     2.7500     2650.0000  % 
UB: 2.7499999999999996
branching on 1 with b.
21     13     9          0.1000     2.7500     2650.0000  % 
UB: 2.7499999999999996
branching on CartesianIndex(1, 6) with c.
22     14     9          0.1000     2.7500     2650.0000  % 
UB: 2.7499999999999996
branching on 3 with b.
23     15     10         0.1000     2.7500     2650.0000  % 
LB close or above UB, fathomed
24     14     10         0.1000     2.7500     2650.0000  % 
UB: 2.7499999999999996
branching on 1 with b.
25     15     11         0.1000     2.7500     2650.0000  % 
UB: 2.7499999999999996
branching on CartesianIndex(1, 6) with c.
26     16     11         0.1000     2.7500     2650.0000  % 
UB: 2.7499999999999996
branching on CartesianIndex(1, 6) with c.
27     17     7          0.1000     2.7500     2650.0000  % 
UB: 2.7499999999999996
branching on CartesianIndex(1, 2) with a.
28     18     8          0.1000     2.7500     2650.0000  % 
UB: 2.7499999999999996
branching on 2 with b.
29     19     9          0.1000     2.7500     2650.0000  % 
UB: 2.7499999999999996
branching on CartesianIndex(1, 4) with c.
30     20     10         0.1000     2.7500     2650.0000  % 
LB close or above UB, fathomed
31     19     10         0.1000     2.7500     2650.0000  % 
UB: 2.7499999999999996
branching on CartesianIndex(1, 5) with c.
32     20     11         0.1000     2.7500     2650.0000  % 
UB: 2.7499999999999996
branching on CartesianIndex(2, 5) with c.
33     21     12         0.1000     2.7500     2650.0000  % 
LB close or above UB, fathomed
34     20     12         0.1000     2.7500     2650.0000  % 
UB: 2.7499999999999996
branching on CartesianIndex(1, 7) with c.
35     21     13         0.1000     2.7500     2650.0000  % 
UB: 2.7499999999999996
branching on 1 with b.
36     22     14         0.1000     2.7500     2650.0000  % 
LB close or above UB, fathomed
37     21     14         0.1000     2.7500     2650.0000  % 
UB: 2.7499999999999996
branching on CartesianIndex(2, 7) with c.
38     22     13         0.1000     2.7500     2650.0000  % 
LB close or above UB, fathomed
39     21     11         0.1000     2.7500     2650.0000  % 
LB close or above UB, fathomed
40     20     9          0.1000     2.7500     2650.0000  % 
UB: 2.7499999999999996
branching on CartesianIndex(1, 4) with c.
41     21     8          0.1000     2.7500     2650.0000  % 
UB: 2.7499999999999996
branching on CartesianIndex(1, 4) with c.
42     22     7          0.1000     2.7500     2650.0000  % 
UB: 2.7499999999999996
branching on 2 with b.
43     23     5          0.1500     2.7500     1733.3333  % 
UB: 2.7499999999999996
branching on CartesianIndex(1, 2) with a.
44     24     6          0.1500     2.7500     1733.3333  % 
UB: 2.7499999999999996
branching on CartesianIndex(1, 3) with a.
45     25     7          0.1500     2.7500     1733.3333  % 
UB: 2.7499999999999996
branching on 1 with b.
46     26     8          0.1500     2.7500     1733.3333  % 
UB: 2.7499999999999996
branching on 1 with b.
47     27     9          0.1500     2.7500     1733.3333  % 
LB close or above UB, fathomed
48     26     9          0.1500     2.7500     1733.3333  % 
UB: 2.7499999999999996
branching on CartesianIndex(1, 4) with c.
49     27     10         0.1500     2.7500     1733.3333  % 
LB close or above UB, fathomed
50     26     10         0.1500     2.7500     1733.3333  % 
UB: 2.7499999999999996
branching on CartesianIndex(1, 5) with c.
51     27     11         0.1500     2.7500     1733.3333  % 
UB: 2.7499999999999996
branching on 2 with b.
52     28     12         0.1500     2.7500     1733.3333  % 
UB: 2.7499999999999996
branching on CartesianIndex(2, 5) with c.
53     29     13         0.1500     2.7500     1733.3333  % 
LB close or above UB, fathomed
54     28     13         0.1500     2.7500     1733.3333  % 
UB: 2.7499999999999996
branching on CartesianIndex(1, 6) with c.
55     29     14         0.1500     2.7500     1733.3333  % 
UB: 2.7499999999999996
branching on 3 with b.
56     30     15         0.1500     2.7500     1733.3333  % 
LB close or above UB, fathomed
57     29     15         0.1500     2.7500     1733.3333  % 
UB: 2.7499999999999996
branching on CartesianIndex(2, 6) with c.
58     30     16         0.1500     2.7500     1733.3333  % 
UB: 2.7499999999999996
branching on 1 with b.
59     31     17         0.1500     2.7500     1733.3333  % 
LB close or above UB, fathomed
60     30     17         0.1500     2.7500     1733.3333  % 
UB: 2.7499999999999996
branching on CartesianIndex(1, 7) with c.
61     31     18         0.1500     2.7500     1733.3333  % 
UB: 2.7499999999999996
branching on CartesianIndex(2, 7) with c.
62     32     19         0.1500     2.7500     1733.3333  % 
LB close or above UB, fathomed
63     31     19         0.1500     2.7500     1733.3333  % 
UB: 2.7499999999999996
branching on 2 with b.
64     32     20         0.1500     2.7500     1733.3333  % 
LB close or above UB, fathomed
65     31     20         0.1500     2.7500     1733.3333  % 
UB: 2.7499999999999996
branching on 3 with b.
66     32     21         0.1500     2.7500     1733.3333  % 
LB close or above UB, fathomed
67     31     21         0.1500     2.7500     1733.3333  % 
LB close or above UB, fathomed
68     30     18         0.1500     2.7500     1733.3333  % 
LB close or above UB, fathomed
69     29     16         0.1500     2.7500     1733.3333  % 
LB close or above UB, fathomed
70     28     14         0.1500     2.7500     1733.3333  % 
LB close or above UB, fathomed
71     27     12         0.1500     2.7500     1733.3333  % 
LB close or above UB, fathomed
72     26     11         0.1500     2.7500     1733.3333  % 
LB close or above UB, fathomed
73     25     8          0.1500     2.7500     1733.3333  % 
LB close or above UB, fathomed
74     24     7          0.1500     2.7500     1733.3333  % 
UB: 2.7499999999999996
branching on 1 with b.
75     25     8          0.1500     2.7500     1733.3333  % 
UB: 2.7499999999999996
branching on CartesianIndex(1, 4) with c.
76     26     9          0.1500     2.7500     1733.3333  % 
UB: 2.7499999999999996
branching on CartesianIndex(2, 4) with c.
77     27     10         0.1500     2.7500     1733.3333  % 
UB: 2.7499999999999996
branching on 1 with b.
78     28     11         0.1500     2.7500     1733.3333  % 
LB close or above UB, fathomed
79     27     11         0.1500     2.7500     1733.3333  % 
UB: 2.7499999999999996
branching on CartesianIndex(1, 5) with c.
80     28     10         0.1500     2.7500     1733.3333  % 
UB: 2.7499999999999996
branching on 1 with b.
81     29     11         0.1500     2.7500     1733.3333  % 
LB close or above UB, fathomed
82     28     11         0.1500     2.7500     1733.3333  % 
UB: 2.7499999999999996
branching on 2 with b.
83     29     9          0.1500     2.7500     1733.3333  % 
UB: 2.7499999999999996
branching on CartesianIndex(1, 5) with c.
84     30     10         0.1500     2.7500     1733.3333  % 
UB: 2.7499999999999996
branching on CartesianIndex(2, 5) with c.
85     31     11         0.1500     2.7500     1733.3333  % 
UB: 2.7499999999999996
branching on 1 with b.
86     32     12         0.1500     2.7500     1733.3333  % 
LB close or above UB, fathomed
87     31     12         0.1500     2.7500     1733.3333  % 
UB: 2.7499999999999996
branching on CartesianIndex(1, 6) with c.
88     32     13         0.1500     2.7500     1733.3333  % 
UB: 2.7499999999999996
branching on 2 with b.
89     33     14         0.1500     2.7500     1733.3333  % 
UB: 2.7499999999999996
branching on CartesianIndex(2, 6) with c.
90     34     15         0.1500     2.7500     1733.3333  % 
LB close or above UB, fathomed
91     33     15         0.1500     2.7500     1733.3333  % 
UB: 2.7499999999999996
branching on 3 with b.
92     34     16         0.1500     2.7500     1733.3333  % 
LB close or above UB, fathomed
93     33     16         0.1500     2.7500     1733.3333  % 
UB: 2.7499999999999996
branching on CartesianIndex(1, 7) with c.
94     34     17         0.1500     2.7500     1733.3333  % 
UB: 2.7499999999999996
branching on CartesianIndex(2, 7) with c.
95     35     18         0.1500     2.7500     1733.3333  % 
UB: 2.7499999999999996
branching on 1 with b.
96     36     19         0.1500     2.7500     1733.3333  % 
LB close or above UB, fathomed
97     35     19         0.1500     2.7500     1733.3333  % 
LB close or above UB, fathomed
98     34     18         0.1500     2.7500     1733.3333  % 
LB close or above UB, fathomed
99     33     17         0.1500     2.7500     1733.3333  % 
LB close or above UB, fathomed
100    32     14         0.1500     2.7500     1733.3333  % 
UB: 2.7499999999999996
branching on CartesianIndex(2, 6) with c.
101    33     15         0.1500     2.7500     1733.3333  % 
LB close or above UB, fathomed
102    32     15         0.1500     2.7500     1733.3333  % 
UB: 2.7499999999999996
branching on CartesianIndex(1, 7) with c.
103    33     16         0.1500     2.7500     1733.3333  % 
UB: 2.7499999999999996
branching on 3 with b.
104    34     17         0.1500     2.7500     1733.3333  % 
LB close or above UB, fathomed
105    33     17         0.1500     2.7500     1733.3333  % 
UB: 2.7499999999999996
branching on 1 with b.
106    34     18         0.1500     2.7500     1733.3333  % 
LB close or above UB, fathomed
107    33     18         0.1500     2.7500     1733.3333  % 
LB close or above UB, fathomed
108    32     16         0.1500     2.7500     1733.3333  % 
LB close or above UB, fathomed
109    31     13         0.1500     2.7500     1733.3333  % 
LB close or above UB, fathomed
110    30     11         0.1500     2.7500     1733.3333  % 
UB: 2.7499999999999996
branching on CartesianIndex(1, 6) with c.
111    31     12         0.1500     2.7500     1733.3333  % 
UB: 2.7499999999999996
branching on 1 with b.
112    32     13         0.1500     2.7500     1733.3333  % 
LB close or above UB, fathomed
113    31     13         0.1500     2.7500     1733.3333  % 
UB: 2.7499999999999996
branching on CartesianIndex(2, 6) with c.
114    32     14         0.1500     2.7500     1733.3333  % 
LB close or above UB, fathomed
115    31     14         0.1500     2.7500     1733.3333  % 
UB: 2.7499999999999996
branching on 2 with b.
116    32     15         0.1500     2.7500     1733.3333  % 
UB: 2.7499999999999996
branching on 3 with b.
117    33     16         0.1500     2.7500     1733.3333  % 
LB close or above UB, fathomed
118    32     16         0.1500     2.7500     1733.3333  % 
UB: 2.7499999999999996
branching on CartesianIndex(1, 7) with c.
119    33     17         0.1500     2.7500     1733.3333  % 
UB: 2.7499999999999996
branching on CartesianIndex(2, 7) with c.
120    34     18         0.1500     2.7500     1733.3333  % 
UB: 2.7499999999999996
branching on 1 with b.
121    35     19         0.1500     2.7500     1733.3333  % 
LB close or above UB, fathomed
122    34     19         0.1500     2.7500     1733.3333  % 
UB: 2.7499999999999996
branching on 2 with b.
123    35     20         0.1500     2.7500     1733.3333  % 
LB close or above UB, fathomed
124    34     20         0.1500     2.7500     1733.3333  % 
UB: 2.7499999999999996
branching on 3 with b.
125    35     21         0.1500     2.7500     1733.3333  % 
UB: 2.7499999999999996
branching on 1 with b.
126    35     22         0.1500     2.7500     1733.3333  % 
UB: 2.7499999999999996
branching on 2 with b.
127    36     23         0.1500     2.7500     1733.3333  % 
LB close or above UB, fathomed
128    35     23         0.1500     2.7500     1733.3333  % 
LB close or above UB, fathomed
129    34     21         0.1500     2.7500     1733.3333  % 
LB close or above UB, fathomed
130    33     18         0.1500     2.7500     1733.3333  % 
LB close or above UB, fathomed
131    32     17         0.1500     2.7500     1733.3333  % 
LB close or above UB, fathomed
132    31     15         0.1500     2.7500     1733.3333  % 
UB: 2.7499999999999996
branching on CartesianIndex(1, 7) with c.
133    32     16         0.1500     2.7500     1733.3333  % 
UB: 2.7499999999999996
branching on 3 with b.
134    33     17         0.1500     2.7500     1733.3333  % 
LB close or above UB, fathomed
135    32     17         0.1500     2.7500     1733.3333  % 
UB: 2.7499999999999996
branching on 1 with b.
136    33     18         0.1500     2.7500     1733.3333  % 
LB close or above UB, fathomed
137    32     18         0.1500     2.7500     1733.3333  % 
LB close or above UB, fathomed
138    31     16         0.1500     2.7500     1733.3333  % 
LB close or above UB, fathomed
139    30     12         0.1500     2.7500     1733.3333  % 
LB close or above UB, fathomed
140    29     10         0.1500     2.7500     1733.3333  % 
UB: 2.7499999999999996
branching on 1 with b.
141    30     11         0.1500     2.7500     1733.3333  % 
LB close or above UB, fathomed
142    29     11         0.1500     2.7500     1733.3333  % 
UB: 2.7499999999999996
branching on CartesianIndex(1, 6) with c.
143    30     12         0.1500     2.7500     1733.3333  % 
UB: 2.7499999999999996
branching on 2 with b.
144    31     13         0.1500     2.7500     1733.3333  % 
UB: 2.7499999999999996
branching on 3 with b.
145    32     14         0.1500     2.7500     1733.3333  % 
LB close or above UB, fathomed
146    31     14         0.1500     2.7500     1733.3333  % 
UB: 2.7499999999999996
branching on CartesianIndex(2, 6) with c.
147    32     15         0.1500     2.7500     1733.3333  % 
LB close or above UB, fathomed
148    31     15         0.1500     2.7500     1733.3333  % 
UB: 2.7499999999999996
branching on CartesianIndex(1, 7) with c.
149    32     16         0.1500     2.7500     1733.3333  % 
UB: 2.7499999999999996
branching on CartesianIndex(2, 7) with c.
150    33     17         0.1500     2.7500     1733.3333  % 
UB: 2.7499999999999996
branching on 1 with b.
151    34     18         0.1500     2.7500     1733.3333  % 
LB close or above UB, fathomed
152    33     18         0.1500     2.7500     1733.3333  % 
LB close or above UB, fathomed
153    32     17         0.1500     2.7500     1733.3333  % 
LB close or above UB, fathomed
154    31     16         0.1500     2.7500     1733.3333  % 
LB close or above UB, fathomed
155    30     13         0.1500     2.7500     1733.3333  % 
UB: 2.7499999999999996
branching on CartesianIndex(2, 6) with c.
156    31     14         0.1500     2.7500     1733.3333  % 
LB close or above UB, fathomed
157    30     14         0.1500     2.7500     1733.3333  % 
UB: 2.7499999999999996
branching on 3 with b.
158    31     15         0.1500     2.7500     1733.3333  % 
LB close or above UB, fathomed
159    30     15         0.1500     2.7500     1733.3333  % 
UB: 2.7499999999999996
branching on CartesianIndex(1, 7) with c.
160    31     16         0.1500     2.7500     1733.3333  % 
UB: 2.7499999999999996
branching on CartesianIndex(2, 7) with c.
161    32     17         0.1500     2.7500     1733.3333  % 
UB: 2.7499999999999996
branching on 1 with b.
162    33     18         0.1500     2.7500     1733.3333  % 
LB close or above UB, fathomed
163    32     18         0.1500     2.7500     1733.3333  % 
LB close or above UB, fathomed
164    31     17         0.1500     2.7500     1733.3333  % 
LB close or above UB, fathomed
165    30     16         0.1500     2.7500     1733.3333  % 
LB close or above UB, fathomed
166    29     12         0.1500     2.7500     1733.3333  % 
LB close or above UB, fathomed
167    28     8          0.1500     2.7500     1733.3333  % 
LB close or above UB, fathomed
168    27     6          0.1500     2.7500     1733.3333  % 
UB: 2.7499999999999996
branching on CartesianIndex(1, 3) with a.
169    28     7          0.1500     2.7500     1733.3333  % 
UB: 2.7499999999999996
branching on CartesianIndex(1, 4) with c.
170    29     8          0.1500     2.7500     1733.3333  % 
LB close or above UB, fathomed
171    28     8          0.1500     2.7500     1733.3333  % 
UB: 2.7499999999999996
branching on 1 with b.
172    29     9          0.1500     2.7500     1733.3333  % 
UB: 2.7499999999999996
branching on CartesianIndex(1, 5) with c.
173    30     10         0.1500     2.7500     1733.3333  % 
UB: 2.7499999999999996
branching on CartesianIndex(2, 5) with c.
174    31     11         0.1500     2.7500     1733.3333  % 
LB close or above UB, fathomed
175    30     11         0.1500     2.7500     1733.3333  % 
UB: 2.7499999999999996
branching on 1 with b.
176    31     12         0.1500     2.7500     1733.3333  % 
LB close or above UB, fathomed
177    30     12         0.1500     2.7500     1733.3333  % 
UB: 2.7499999999999996
branching on 2 with b.
178    31     13         0.1500     2.7500     1733.3333  % 
LB close or above UB, fathomed
179    30     13         0.1500     2.7500     1733.3333  % 
UB: 2.7499999999999996
branching on 3 with b.
180    31     14         0.1500     2.7500     1733.3333  % 
LB close or above UB, fathomed
181    30     14         0.1500     2.7500     1733.3333  % 
UB: 2.7499999999999996
branching on 1 with b.
182    31     15         0.1500     2.7500     1733.3333  % 
LB close or above UB, fathomed
183    30     15         0.1500     2.7500     1733.3333  % 
UB: 2.7499999999999996
branching on 2 with b.
184    31     10         0.1500     2.7500     1733.3333  % 
LB close or above UB, fathomed
185    30     9          0.1500     2.7500     1733.3333  % 
LB close or above UB, fathomed
186    29     7          0.1500     2.7500     1733.3333  % 
UB: 2.7499999999999996
branching on 1 with b.
187    30     8          0.1500     2.7500     1733.3333  % 
UB: 2.7499999999999996
branching on CartesianIndex(1, 4) with c.
188    31     9          0.1500     2.7500     1733.3333  % 
UB: 2.7499999999999996
branching on CartesianIndex(2, 4) with c.
189    32     10         0.1500     2.7500     1733.3333  % 
UB: 2.7499999999999996
branching on 1 with b.
190    33     11         0.1500     2.7500     1733.3333  % 
LB close or above UB, fathomed
191    32     11         0.1500     2.7500     1733.3333  % 
UB: 2.7499999999999996
branching on CartesianIndex(1, 5) with c.
192    33     10         0.1500     2.7500     1733.3333  % 
UB: 2.7499999999999996
branching on CartesianIndex(1, 5) with c.
193    34     11         0.1500     2.7500     1733.3333  % 
LB close or above UB, fathomed
194    33     11         0.1500     2.7500     1733.3333  % 
UB: 2.7499999999999996
branching on CartesianIndex(1, 6) with c.
195    34     12         0.1500     2.7500     1733.3333  % 
UB: 2.7499999999999996
branching on CartesianIndex(2, 6) with c.
196    35     13         0.1500     2.7500     1733.3333  % 
LB close or above UB, fathomed
197    34     13         0.1500     2.7500     1733.3333  % 
UB: 2.7499999999999996
branching on 1 with b.
198    35     14         0.1500     2.7500     1733.3333  % 
LB close or above UB, fathomed
199    34     14         0.1500     2.7500     1733.3333  % 
UB: 2.7499999999999996
branching on CartesianIndex(1, 7) with c.
200    35     15         0.1500     2.7500     1733.3333  % 
UB: 2.7499999999999996
branching on CartesianIndex(2, 7) with c.
201    36     16         0.1500     2.7500     1733.3333  % 
UB: 2.7499999999999996
branching on 2 with b.
202    37     17         0.1500     2.7500     1733.3333  % 
UB: 2.7499999999999996
branching on 3 with b.
203    38     18         0.1500     2.7500     1733.3333  % 
LB close or above UB, fathomed
204    37     18         0.1500     2.7500     1733.3333  % 
UB: 2.7499999999999996
branching on 1 with b.
205    38     19         0.1500     2.7500     1733.3333  % 
LB close or above UB, fathomed
206    37     19         0.1500     2.7500     1733.3333  % 
LB close or above UB, fathomed
207    36     17         0.1500     2.7500     1733.3333  % 
LB close or above UB, fathomed
208    35     16         0.1500     2.7500     1733.3333  % 
LB close or above UB, fathomed
209    34     15         0.1500     2.7500     1733.3333  % 
LB close or above UB, fathomed
210    33     12         0.1500     2.7500     1733.3333  % 
LB close or above UB, fathomed
211    32     9          0.1500     2.7500     1733.3333  % 
UB: 2.7499999999999996
branching on CartesianIndex(1, 5) with c.
212    33     10         0.1500     2.7500     1733.3333  % 
UB: 2.7499999999999996
branching on 1 with b.
213    34     11         0.1500     2.7500     1733.3333  % 
LB close or above UB, fathomed
214    33     11         0.1500     2.7500     1733.3333  % 
UB: 2.7499999999999996
branching on 2 with b.
215    34     12         0.1500     2.7500     1733.3333  % 
LB close or above UB, fathomed
216    33     12         0.1500     2.7500     1733.3333  % 
UB: 2.7499999999999996
branching on CartesianIndex(2, 5) with c.
217    34     13         0.1500     2.7500     1733.3333  % 
UB: 2.7499999999999996
branching on 3 with b.
218    35     14         0.1500     2.7500     1733.3333  % 
LB close or above UB, fathomed
219    34     14         0.1500     2.7500     1733.3333  % 
UB: 2.7499999999999996
branching on CartesianIndex(1, 6) with c.
220    35     15         0.1500     2.7500     1733.3333  % 
UB: 2.7499999999999996
branching on CartesianIndex(2, 6) with c.
221    36     16         0.1500     2.7500     1733.3333  % 
LB close or above UB, fathomed
222    35     16         0.1500     2.7500     1733.3333  % 
UB: 2.7499999999999996
branching on CartesianIndex(1, 7) with c.
223    36     17         0.1500     2.7500     1733.3333  % 
UB: 2.7499999999999996
branching on CartesianIndex(2, 7) with c.
224    37     18         0.1500     2.7500     1733.3333  % 
UB: 2.7499999999999996
branching on 1 with b.
225    38     19         0.1500     2.7500     1733.3333  % 
LB close or above UB, fathomed
226    37     19         0.1500     2.7500     1733.3333  % 
LB close or above UB, fathomed
227    36     18         0.1500     2.7500     1733.3333  % 
LB close or above UB, fathomed
228    35     17         0.1500     2.7500     1733.3333  % 
LB close or above UB, fathomed
229    34     15         0.1500     2.7500     1733.3333  % 
LB close or above UB, fathomed
230    33     13         0.1500     2.7500     1733.3333  % 
UB: 2.7499999999999996
branching on 3 with b.
231    34     14         0.1500     2.7500     1733.3333  % 
LB close or above UB, fathomed
232    33     14         0.1500     2.7500     1733.3333  % 
UB: 2.7499999999999996
branching on CartesianIndex(1, 6) with c.
233    34     15         0.1500     2.7500     1733.3333  % 
UB: 2.7499999999999996
branching on 1 with b.
234    35     16         0.1500     2.7500     1733.3333  % 
LB close or above UB, fathomed
235    34     16         0.1500     2.7500     1733.3333  % 
UB: 2.7499999999999996
branching on CartesianIndex(2, 6) with c.
236    35     15         0.1500     2.7500     1733.3333  % 
LB close or above UB, fathomed
237    34     10         0.1500     2.7500     1733.3333  % 
UB: 2.7499999999999996
branching on 1 with b.
238    35     11         0.1500     2.7500     1733.3333  % 
LB close or above UB, fathomed
239    34     11         0.1500     2.7500     1733.3333  % 
UB: 2.7499999999999996
branching on 2 with b.
240    35     12         0.1500     2.7500     1733.3333  % 
UB: 2.7499999999999996
branching on CartesianIndex(1, 6) with c.
241    36     13         0.1500     2.7500     1733.3333  % 
UB: 2.7499999999999996
branching on 3 with b.
242    37     14         0.1500     2.7500     1733.3333  % 
LB close or above UB, fathomed
243    36     14         0.1500     2.7500     1733.3333  % 
UB: 2.7499999999999996
branching on CartesianIndex(2, 6) with c.
244    37     15         0.1500     2.7500     1733.3333  % 
LB close or above UB, fathomed
245    36     15         0.1500     2.7500     1733.3333  % 
UB: 2.7499999999999996
branching on CartesianIndex(1, 7) with c.
246    37     16         0.1500     2.7500     1733.3333  % 
UB: 2.7499999999999996
branching on 1 with b.
247    38     17         0.1500     2.7500     1733.3333  % 
LB close or above UB, fathomed
248    37     17         0.1500     2.7500     1733.3333  % 
LB close or above UB, fathomed
249    36     16         0.1500     2.7500     1733.3333  % 
LB close or above UB, fathomed
250    35     13         0.1500     2.7500     1733.3333  % 
LB close or above UB, fathomed
251    34     12         0.1500     2.7500     1733.3333  % 
UB: 2.7499999999999996
branching on CartesianIndex(1, 6) with c.
252    35     13         0.1500     2.7500     1733.3333  % 
UB: 2.7499999999999996
branching on CartesianIndex(2, 6) with c.
253    36     14         0.1500     2.7500     1733.3333  % 
LB close or above UB, fathomed
254    35     14         0.1500     2.7500     1733.3333  % 
UB: 2.7499999999999996
branching on CartesianIndex(1, 7) with c.
255    36     15         0.1500     2.7500     1733.3333  % 
UB: 2.7499999999999996
branching on CartesianIndex(2, 7) with c.
256    37     16         0.1500     2.7500     1733.3333  % 
UB: 2.7499999999999996
branching on 3 with b.
257    38     17         0.1500     2.7500     1733.3333  % 
LB close or above UB, fathomed
258    37     17         0.1500     2.7500     1733.3333  % 
UB: 2.7499999999999996
branching on 1 with b.
259    38     18         0.1500     2.7500     1733.3333  % 
LB close or above UB, fathomed
260    37     18         0.1500     2.7500     1733.3333  % 
LB close or above UB, fathomed
261    36     16         0.1500     2.7500     1733.3333  % 
LB close or above UB, fathomed
262    35     15         0.1500     2.7500     1733.3333  % 
LB close or above UB, fathomed
263    34     13         0.1500     2.7500     1733.3333  % 
LB close or above UB, fathomed
264    33     8          0.1500     2.7500     1733.3333  % 
LB close or above UB, fathomed
265    32     5          0.1500     2.7500     1733.3333  % 
UB: 2.7499999999999996
branching on CartesianIndex(1, 2) with a.
266    33     6          0.1500     2.7500     1733.3333  % 
UB: 2.7499999999999996
branching on CartesianIndex(1, 3) with a.
267    34     7          0.1500     2.7500     1733.3333  % 
UB: 2.7499999999999996
branching on CartesianIndex(1, 4) with c.
268    35     8          0.1500     2.7500     1733.3333  % 
LB close or above UB, fathomed
269    34     8          0.1500     2.7500     1733.3333  % 
UB: 2.7499999999999996
branching on CartesianIndex(1, 5) with c.
270    35     9          0.1500     2.7500     1733.3333  % 
UB: 2.7499999999999996
branching on CartesianIndex(2, 5) with c.
271    36     10         0.1500     2.7500     1733.3333  % 
LB close or above UB, fathomed
272    35     10         0.1500     2.7500     1733.3333  % 
UB: 2.7499999999999996
branching on CartesianIndex(1, 6) with c.
273    36     11         0.1500     2.7500     1733.3333  % 
UB: 2.7499999999999996
branching on CartesianIndex(2, 6) with c.
274    37     12         0.1500     2.7500     1733.3333  % 
UB: 2.7499999999999996
branching on 1 with b.
275    38     13         0.1500     2.7500     1733.3333  % 
LB close or above UB, fathomed
276    37     13         0.1500     2.7500     1733.3333  % 
UB: 2.7499999999999996
branching on CartesianIndex(1, 7) with c.
277    38     14         0.1500     2.7500     1733.3333  % 
UB: 2.7499999999999996
branching on CartesianIndex(2, 7) with c.
278    39     15         0.1500     2.7500     1733.3333  % 
UB: 2.7499999999999996
branching on 1 with b.
279    40     15         0.1500     2.7500     1733.3333  % 
UB: 2.7499999999999996
branching on 1 with b.
280    41     16         0.1500     2.7500     1733.3333  % 
UB: 2.7499999999999996
branching on 2 with b.
281    42     17         0.1500     2.7500     1733.3333  % 
UB: 2.7499999999999996
branching on 3 with b.
282    43     18         0.1500     2.7500     1733.3333  % 
LB close or above UB, fathomed
283    42     18         0.1500     2.7500     1733.3333  % 
UB: 2.7499999999999996
branching on 1 with b.
284    43     19         0.1500     2.7500     1733.3333  % 
LB close or above UB, fathomed
285    42     19         0.1500     2.7500     1733.3333  % 
LB close or above UB, fathomed
286    41     17         0.1500     2.7500     1733.3333  % 
LB close or above UB, fathomed
287    40     16         0.1500     2.7500     1733.3333  % 
LB close or above UB, fathomed
288    39     14         0.1500     2.7500     1733.3333  % 
UB: 2.7499999999999996
branching on 1 with b.
289    40     12         0.1500     2.7500     1733.3333  % 
UB: 2.7499999999999996
branching on CartesianIndex(1, 7) with c.
290    41     13         0.1500     2.7500     1733.3333  % 
UB: 2.7499999999999996
branching on CartesianIndex(2, 7) with c.
291    42     14         0.1500     2.7500     1733.3333  % 
UB: 2.7499999999999996
branching on 1 with b.
292    43     15         0.1500     2.7500     1733.3333  % 
LB close or above UB, fathomed
293    42     15         0.1500     2.7500     1733.3333  % 
UB: 2.7499999999999996
branching on 1 with b.
294    43     16         0.1500     2.7500     1733.3333  % 
UB: 2.7499999999999996
branching on 2 with b.
295    44     17         0.1500     2.7500     1733.3333  % 
UB: 2.7499999999999996
branching on 3 with b.
296    45     18         0.1500     2.7500     1733.3333  % 
UB: 2.7499999999999996
branching on 1 with b.
297    46     19         0.1500     2.7500     1733.3333  % 
LB close or above UB, fathomed
298    45     19         0.1500     2.7500     1733.3333  % 
LB close or above UB, fathomed
299    44     18         0.1500     2.7500     1733.3333  % 
LB close or above UB, fathomed
300    43     17         0.1500     2.7500     1733.3333  % 
LB close or above UB, fathomed
301    42     16         0.1500     2.7500     1733.3333  % 
LB close or above UB, fathomed
302    41     14         0.1500     2.7500     1733.3333  % 
LB close or above UB, fathomed
303    40     13         0.1500     2.7500     1733.3333  % 
LB close or above UB, fathomed
304    39     11         0.1500     2.7500     1733.3333  % 
UB: 2.7499999999999996
branching on 1 with b.
305    40     12         0.1500     2.7500     1733.3333  % 
LB close or above UB, fathomed
306    39     12         0.1500     2.7500     1733.3333  % 
UB: 2.7499999999999996
branching on CartesianIndex(1, 7) with c.
307    40     13         0.1500     2.7500     1733.3333  % 
UB: 2.7499999999999996
branching on 1 with b.
308    41     14         0.1500     2.7500     1733.3333  % 
UB: 2.7499999999999996
branching on CartesianIndex(2, 7) with c.
309    42     15         0.1500     2.7500     1733.3333  % 
UB: 2.7499999999999996
branching on 2 with b.
310    43     16         0.1500     2.7500     1733.3333  % 
UB: 2.7499999999999996
branching on 3 with b.
311    44     17         0.1500     2.7500     1733.3333  % 
UB: 2.7499999999999996
branching on 1 with b.
312    45     18         0.1500     2.7500     1733.3333  % 
LB close or above UB, fathomed
313    44     18         0.1500     2.7500     1733.3333  % 
LB close or above UB, fathomed
314    43     17         0.1500     2.7500     1733.3333  % 
LB close or above UB, fathomed
315    42     16         0.1500     2.7500     1733.3333  % 
LB close or above UB, fathomed
316    41     15         0.1500     2.7500     1733.3333  % 
LB close or above UB, fathomed
317    40     14         0.1500     2.7500     1733.3333  % 
LB close or above UB, fathomed
318    39     13         0.1500     2.7500     1733.3333  % 
LB close or above UB, fathomed
319    38     9          0.1500     2.7500     1733.3333  % 
LB close or above UB, fathomed
320    37     7          0.1500     2.7500     1733.3333  % 
UB: 2.7499999999999996
branching on 1 with b.
321    38     8          0.1500     2.7500     1733.3333  % 
LB close or above UB, fathomed
322    37     8          0.1500     2.7500     1733.3333  % 
UB: 2.7499999999999996
branching on CartesianIndex(1, 4) with c.
323    38     9          0.1500     2.7500     1733.3333  % 
LB close or above UB, fathomed
324    37     9          0.1500     2.7500     1733.3333  % 
UB: 2.7499999999999996
branching on 1 with b.
325    38     6          0.1500     2.7500     1733.3333  % 
LB close or above UB, fathomed
326    37     15         0.1500     2.7500     1733.3333  % 
UB: 2.7499999999999996
branching on 2 with b.
327    38     16         0.1500     2.7500     1733.3333  % 
UB: 2.7499999999999996
branching on 3 with b.
328    39     17         0.1500     2.7500     1733.3333  % 
LB close or above UB, fathomed
329    38     17         0.1500     2.7500     1733.3333  % 
UB: 2.7499999999999996
branching on 1 with b.
330    39     18         0.1500     2.7500     1733.3333  % 
LB close or above UB, fathomed
331    38     18         0.1500     2.7500     1733.3333  % 
LB close or above UB, fathomed
332    37     16         0.1500     2.7500     1733.3333  % 
LB close or above UB, fathomed
333    36     15         0.1500     2.7500     1733.3333  % 
LB close or above UB, fathomed
334    35     16         0.1500     2.7500     1733.3333  % 
UB: 2.7499999999999996
branching on 2 with b.
335    36     17         0.1500     2.7500     1733.3333  % 
UB: 2.7499999999999996
branching on 3 with b.
336    37     18         0.1500     2.7500     1733.3333  % 
UB: 2.7499999999999996
branching on 1 with b.
337    38     19         0.1500     2.7500     1733.3333  % 
LB close or above UB, fathomed
338    37     19         0.1500     2.7500     1733.3333  % 
LB close or above UB, fathomed
339    36     18         0.1500     2.7500     1733.3333  % 
UB: 2.7499999999999996
branching on 1 with b.
340    37     19         0.1500     2.7500     1733.3333  % 
LB close or above UB, fathomed
341    36     19         0.1500     2.7500     1733.3333  % 
LB close or above UB, fathomed
342    35     17         0.1500     2.7500     1733.3333  % 
LB close or above UB, fathomed
343    34     16         0.1500     2.7500     1733.3333  % 
LB close or above UB, fathomed
344    33     17         0.1500     2.7500     1733.3333  % 
LB close or above UB, fathomed
345    32     17         0.1500     2.7500     1733.3333  % 
UB: 2.7499999999999996
branching on CartesianIndex(1, 7) with c.
346    33     18         0.1500     2.7500     1733.3333  % 
UB: 2.7499999999999996
branching on CartesianIndex(2, 7) with c.
347    34     19         0.1500     2.7500     1733.3333  % 
UB: 2.7499999999999996
branching on 2 with b.
348    35     20         0.1500     2.7500     1733.3333  % 
UB: 2.7499999999999996
branching on 3 with b.
349    36     21         0.1500     2.7500     1733.3333  % 
UB: 2.7499999999999996
branching on 1 with b.
350    36     22         0.1500     2.7500     1733.3333  % 
UB: 2.7499999999999996
branching on 2 with b.
351    37     23         0.1500     2.7500     1733.3333  % 
LB close or above UB, fathomed
352    36     23         0.1500     2.7500     1733.3333  % 
UB: 2.7499999999999996
branching on 3 with b.
353    37     24         0.1500     2.7500     1733.3333  % 
LB close or above UB, fathomed
354    36     24         0.1500     2.7500     1733.3333  % 
LB close or above UB, fathomed
355    35     21         0.1500     2.7500     1733.3333  % 
LB close or above UB, fathomed
356    34     20         0.1500     2.7500     1733.3333  % 
LB close or above UB, fathomed
357    33     19         0.1500     2.7500     1733.3333  % 
LB close or above UB, fathomed
358    32     18         0.1500     2.7500     1733.3333  % 
LB close or above UB, fathomed
359    31     16         0.1500     2.7500     1733.3333  % 
UB: 2.7499999999999996
branching on CartesianIndex(1, 6) with c.
360    32     17         0.1500     2.7500     1733.3333  % 
UB: 2.7499999999999996
branching on CartesianIndex(2, 6) with c.
361    33     18         0.1500     2.7500     1733.3333  % 
UB: 2.7499999999999996
branching on CartesianIndex(1, 7) with c.
362    34     19         0.1500     2.7500     1733.3333  % 
UB: 2.7499999999999996
branching on CartesianIndex(2, 7) with c.
363    35     20         0.1500     2.7500     1733.3333  % 
LB close or above UB, fathomed
364    34     20         0.1500     2.7500     1733.3333  % 
UB: 2.7499999999999996
branching on 3 with b.
365    35     21         0.1500     2.7500     1733.3333  % 
LB close or above UB, fathomed
366    34     21         0.1500     2.7500     1733.3333  % 
LB close or above UB, fathomed
367    33     19         0.1500     2.7500     1733.3333  % 
LB close or above UB, fathomed
368    32     18         0.1500     2.7500     1733.3333  % 
LB close or above UB, fathomed
369    31     17         0.1500     2.7500     1733.3333  % 
LB close or above UB, fathomed
370    30     16         0.1500     2.7500     1733.3333  % 
LB close or above UB, fathomed
371    29     10         0.1500     2.7500     1733.3333  % 
UB: 2.7499999999999996
branching on 2 with b.
372    30     11         0.1500     2.7500     1733.3333  % 
UB: 2.7499999999999996
branching on CartesianIndex(1, 5) with c.
373    31     12         0.1500     2.7500     1733.3333  % 
UB: 2.7499999999999996
branching on CartesianIndex(2, 5) with c.
374    32     13         0.1500     2.7500     1733.3333  % 
LB close or above UB, fathomed
375    31     13         0.1500     2.7500     1733.3333  % 
UB: 2.7499999999999996
branching on 3 with b.
376    32     14         0.1500     2.7500     1733.3333  % 
UB: 2.7499999999999996
branching on CartesianIndex(1, 6) with c.
377    33     15         0.1500     2.7500     1733.3333  % 
UB: 2.7499999999999996
branching on CartesianIndex(2, 6) with c.
378    34     16         0.1500     2.7500     1733.3333  % 
UB: 2.7499999999999996
branching on CartesianIndex(1, 7) with c.
379    35     17         0.1500     2.7500     1733.3333  % 
UB: 2.7499999999999996
branching on 1 with b.
380    36     18         0.1500     2.7500     1733.3333  % 
LB close or above UB, fathomed
381    35     18         0.1500     2.7500     1733.3333  % 
LB close or above UB, fathomed
382    34     17         0.1500     2.7500     1733.3333  % 
LB close or above UB, fathomed
383    33     16         0.1500     2.7500     1733.3333  % 
UB: 2.7499999999999996
branching on CartesianIndex(1, 7) with c.
384    34     17         0.1500     2.7500     1733.3333  % 
UB: 2.7499999999999996
branching on 1 with b.
385    35     18         0.1500     2.7500     1733.3333  % 
LB close or above UB, fathomed
386    34     18         0.1500     2.7500     1733.3333  % 
LB close or above UB, fathomed
387    33     17         0.1500     2.7500     1733.3333  % 
LB close or above UB, fathomed
388    32     15         0.1500     2.7500     1733.3333  % 
UB: 2.7499999999999996
branching on CartesianIndex(1, 7) with c.
389    33     16         0.1500     2.7500     1733.3333  % 
UB: 2.7499999999999996
branching on CartesianIndex(2, 7) with c.
390    34     17         0.1500     2.7500     1733.3333  % 
UB: 2.7499999999999996
branching on 1 with b.
391    35     18         0.1500     2.7500     1733.3333  % 
LB close or above UB, fathomed
392    34     18         0.1500     2.7500     1733.3333  % 
LB close or above UB, fathomed
393    33     17         0.1500     2.7500     1733.3333  % 
LB close or above UB, fathomed
394    32     16         0.1500     2.7500     1733.3333  % 
LB close or above UB, fathomed
395    31     14         0.1500     2.7500     1733.3333  % 
UB: 2.7499999999999996
branching on CartesianIndex(1, 6) with c.
396    32     15         0.1500     2.7500     1733.3333  % 
UB: 2.7499999999999996
branching on CartesianIndex(2, 6) with c.
397    33     16         0.1500     2.7500     1733.3333  % 
UB: 2.7499999999999996
branching on 1 with b.
398    34     17         0.1500     2.7500     1733.3333  % 
LB close or above UB, fathomed
399    33     17         0.1500     2.7500     1733.3333  % 
LB close or above UB, fathomed
400    32     16         0.1500     2.7500     1733.3333  % 
UB: 2.7499999999999996
branching on CartesianIndex(1, 7) with c.
401    33     17         0.1500     2.7500     1733.3333  % 
UB: 2.7499999999999996
branching on 1 with b.
402    34     18         0.1500     2.7500     1733.3333  % 
LB close or above UB, fathomed
403    33     18         0.1500     2.7500     1733.3333  % 
LB close or above UB, fathomed
404    32     17         0.1500     2.7500     1733.3333  % 
LB close or above UB, fathomed
405    31     15         0.1500     2.7500     1733.3333  % 
UB: 2.7499999999999996
branching on CartesianIndex(1, 7) with c.
406    32     16         0.1500     2.7500     1733.3333  % 
UB: 2.7499999999999996
branching on CartesianIndex(2, 7) with c.
407    33     17         0.1500     2.7500     1733.3333  % 
UB: 2.7499999999999996
branching on 1 with b.
408    34     18         0.1500     2.7500     1733.3333  % 
LB close or above UB, fathomed
409    33     18         0.1500     2.7500     1733.3333  % 
LB close or above UB, fathomed
410    32     17         0.1500     2.7500     1733.3333  % 
LB close or above UB, fathomed
411    31     16         0.1500     2.7500     1733.3333  % 
LB close or above UB, fathomed
412    30     12         0.1500     2.7500     1733.3333  % 
LB close or above UB, fathomed
413    29     11         0.1500     2.7500     1733.3333  % 
UB: 2.7499999999999996
branching on CartesianIndex(1, 5) with c.
414    30     12         0.1500     2.7500     1733.3333  % 
UB: 2.7499999999999996
branching on CartesianIndex(2, 5) with c.
415    31     13         0.1500     2.7500     1733.3333  % 
LB close or above UB, fathomed
416    30     13         0.1500     2.7500     1733.3333  % 
UB: 2.7499999999999996
branching on CartesianIndex(1, 6) with c.
417    31     14         0.1500     2.7500     1733.3333  % 
UB: 2.7499999999999996
branching on 3 with b.
418    32     15         0.1500     2.7500     1733.3333  % 
LB close or above UB, fathomed
419    31     15         0.1500     2.7500     1733.3333  % 
UB: 2.7499999999999996
branching on 1 with b.
420    32     16         0.1500     2.7500     1733.3333  % 
LB close or above UB, fathomed
421    31     16         0.1500     2.7500     1733.3333  % 
LB close or above UB, fathomed
422    30     14         0.1500     2.7500     1733.3333  % 
LB close or above UB, fathomed
423    29     12         0.1500     2.7500     1733.3333  % 
LB close or above UB, fathomed
424    28     10         0.1500     2.7500     1733.3333  % 
LB close or above UB, fathomed
425    27     12         0.1500     2.7500     1733.3333  % 
LB close or above UB, fathomed
426    26     12         0.1500     2.7500     1733.3333  % 
UB: 2.7499999999999996
branching on CartesianIndex(1, 6) with c.
427    27     13         0.1500     2.7500     1733.3333  % 
UB: 2.7499999999999996
branching on CartesianIndex(2, 6) with c.
428    28     14         0.1500     2.7500     1733.3333  % 
LB close or above UB, fathomed
429    27     14         0.1500     2.7500     1733.3333  % 
UB: 2.7499999999999996
branching on CartesianIndex(1, 7) with c.
430    28     15         0.1500     2.7500     1733.3333  % 
UB: 2.7499999999999996
branching on CartesianIndex(2, 7) with c.
431    29     16         0.1500     2.7500     1733.3333  % 
UB: 2.7499999999999996
branching on 2 with b.
432    30     17         0.1500     2.7500     1733.3333  % 
UB: 2.7499999999999996
branching on 3 with b.
433    31     18         0.1500     2.7500     1733.3333  % 
LB close or above UB, fathomed
434    30     18         0.1500     2.7500     1733.3333  % 
UB: 2.7499999999999996
branching on 1 with b.
435    31     19         0.1500     2.7500     1733.3333  % 
LB close or above UB, fathomed
436    30     19         0.1500     2.7500     1733.3333  % 
LB close or above UB, fathomed
437    29     17         0.1500     2.7500     1733.3333  % 
LB close or above UB, fathomed
438    28     16         0.1500     2.7500     1733.3333  % 
LB close or above UB, fathomed
439    27     15         0.1500     2.7500     1733.3333  % 
LB close or above UB, fathomed
440    26     13         0.1500     2.7500     1733.3333  % 
LB close or above UB, fathomed
441    25     12         0.1500     2.7500     1733.3333  % 
UB: 2.7499999999999996
branching on 3 with b.
442    26     13         0.1500     2.7500     1733.3333  % 
LB close or above UB, fathomed
443    25     13         0.1500     2.7500     1733.3333  % 
UB: 2.7499999999999996
branching on CartesianIndex(1, 5) with c.
444    26     14         0.1500     2.7500     1733.3333  % 
LB close or above UB, fathomed
445    25     14         0.1500     2.7500     1733.3333  % 
UB: 2.7499999999999996
branching on CartesianIndex(1, 6) with c.
446    26     15         0.1500     2.7500     1733.3333  % 
UB: 2.7499999999999996
branching on 1 with b.
447    27     16         0.1500     2.7500     1733.3333  % 
LB close or above UB, fathomed
448    26     16         0.1500     2.7500     1733.3333  % 
LB close or above UB, fathomed
449    25     15         0.1500     2.7500     1733.3333  % 
LB close or above UB, fathomed
450    24     12         0.1500     2.7500     1733.3333  % 
LB close or above UB, fathomed
451    23     12         0.1500     2.7500     1733.3333  % 
LB close or above UB, fathomed
452    22     12         0.1500     2.7500     1733.3333  % 
UB: 2.7499999999999996
branching on 2 with b.
453    23     13         0.1500     2.7500     1733.3333  % 
UB: 2.7499999999999996
branching on 3 with b.
454    24     14         0.1500     2.7500     1733.3333  % 
LB close or above UB, fathomed
455    23     14         0.1500     2.7500     1733.3333  % 
UB: 2.7499999999999996
branching on CartesianIndex(1, 6) with c.
456    24     15         0.1500     2.7500     1733.3333  % 
UB: 2.7499999999999996
branching on CartesianIndex(2, 6) with c.
457    25     16         0.1500     2.7500     1733.3333  % 
LB close or above UB, fathomed
458    24     16         0.1500     2.7500     1733.3333  % 
UB: 2.7499999999999996
branching on 1 with b.
459    25     17         0.1500     2.7500     1733.3333  % 
LB close or above UB, fathomed
460    24     17         0.1500     2.7500     1733.3333  % 
LB close or above UB, fathomed
461    23     15         0.1500     2.7500     1733.3333  % 
LB close or above UB, fathomed
462    22     13         0.1500     2.7500     1733.3333  % 
LB close or above UB, fathomed
463    21     12         2.6778     2.7500     2.6971     % 
UB: 2.7499999999999996
branching on CartesianIndex(2, 6) with c.
464    22     12         2.6778     2.7500     2.6971     % 
LB close or above UB, fathomed
465    21     10         2.7000     2.7500     1.8519     % 
LB close or above UB, fathomed
466    20     10         2.7000     2.7500     1.8519     % 
UB: 2.7499999999999996
branching on 1 with b.
467    21     11         2.7000     2.7500     1.8519     % 
LB close or above UB, fathomed
468    20     11         2.7000     2.7500     1.8519     % 
LB close or above UB, fathomed
469    19     13         2.7000     2.7500     1.8519     % 
LB close or above UB, fathomed
470    18     13         2.7000     2.7500     1.8519     % 
UB: 2.7499999999999996
branching on CartesianIndex(1, 7) with c.
471    19     14         2.7000     2.7500     1.8519     % 
UB: 2.7499999999999996
branching on CartesianIndex(2, 7) with c.
472    20     15         2.7000     2.7500     1.8519     % 
UB: 2.7499999999999996
branching on 3 with b.
473    21     16         2.7000     2.7500     1.8519     % 
UB: 2.7499999999999996
branching on 1 with b.
474    21     17         2.7000     2.7500     1.8519     % 
UB: 2.7499999999999996
branching on 3 with b.
475    22     18         2.7000     2.7500     1.8519     % 
LB close or above UB, fathomed
476    21     18         2.7000     2.7500     1.8519     % 
LB close or above UB, fathomed
477    20     16         2.7000     2.7500     1.8519     % 
LB close or above UB, fathomed
478    19     15         2.7000     2.7500     1.8519     % 
LB close or above UB, fathomed
479    18     14         2.7000     2.7500     1.8519     % 
LB close or above UB, fathomed
480    17     8          2.7000     2.7500     1.8519     % 
UB: 2.7499999999999996
branching on CartesianIndex(1, 2) with a.
481    18     9          2.7000     2.7500     1.8519     % 
UB: 2.7499999999999996
branching on CartesianIndex(1, 4) with c.
482    19     10         2.7000     2.7500     1.8519     % 
LB close or above UB, fathomed
483    18     10         2.7000     2.7500     1.8519     % 
UB: 2.7499999999999996
branching on CartesianIndex(1, 5) with c.
484    19     11         2.7000     2.7500     1.8519     % 
UB: 2.7499999999999996
branching on 1 with b.
485    19     12         2.7000     2.7500     1.8519     % 
UB: 2.7499999999999996
branching on CartesianIndex(2, 5) with c.
486    20     13         2.7000     2.7500     1.8519     % 
LB close or above UB, fathomed
487    19     13         2.7000     2.7500     1.8519     % 
UB: 2.7499999999999996
branching on CartesianIndex(1, 7) with c.
488    20     14         2.7000     2.7500     1.8519     % 
UB: 2.7499999999999996
branching on 2 with b.
489    21     15         2.7000     2.7500     1.8519     % 
LB close or above UB, fathomed
490    20     15         2.7000     2.7500     1.8519     % 
UB: 2.7499999999999996
branching on CartesianIndex(2, 7) with c.
491    21     16         2.7000     2.7500     1.8519     % 
UB: 2.7499999999999996
branching on 1 with b.
492    22     17         2.7000     2.7500     1.8519     % 
UB: 2.7499999999999996
branching on 2 with b.
493    23     18         2.7000     2.7500     1.8519     % 
LB close or above UB, fathomed
494    22     18         2.7000     2.7500     1.8519     % 
LB close or above UB, fathomed
495    21     17         2.7000     2.7500     1.8519     % 
LB close or above UB, fathomed
496    20     16         2.7000     2.7500     1.8519     % 
LB close or above UB, fathomed
497    19     14         2.7000     2.7500     1.8519     % 
LB close or above UB, fathomed
498    18     11         2.7000     2.7500     1.8519     % 
LB close or above UB, fathomed
499    17     9          2.7000     2.7500     1.8519     % 
LB close or above UB, fathomed
500    16     8          2.7000     2.7500     1.8519     % 
UB: 2.7499999999999996
branching on 1 with b.
501    16     9          2.7000     2.7500     1.8519     % 
UB: 2.7499999999999996
branching on CartesianIndex(1, 2) with a.
502    17     10         2.7000     2.7500     1.8519     % 
LB close or above UB, fathomed
503    16     10         2.7000     2.7500     1.8519     % 
LB close or above UB, fathomed
504    15     9          2.7000     2.7500     1.8519     % 
LB close or above UB, fathomed
505    14     9          2.7000     2.7500     1.8519     % 
UB: 2.7499999999999996
branching on 2 with b.
506    15     10         2.7000     2.7500     1.8519     % 
UB: 2.7499999999999996
branching on CartesianIndex(1, 5) with c.
507    16     11         2.7000     2.7500     1.8519     % 
UB: 2.7499999999999996
branching on CartesianIndex(2, 5) with c.
508    17     12         2.7000     2.7500     1.8519     % 
LB close or above UB, fathomed
509    16     12         2.7000     2.7500     1.8519     % 
UB: 2.7499999999999996
branching on CartesianIndex(1, 7) with c.
510    17     13         2.7000     2.7500     1.8519     % 
UB: 2.7499999999999996
branching on CartesianIndex(2, 7) with c.
511    18     14         2.7000     2.7500     1.8519     % 
UB: 2.7499999999999996
branching on 1 with b.
512    19     15         2.7000     2.7500     1.8519     % 
LB close or above UB, fathomed
513    18     15         2.7000     2.7500     1.8519     % 
LB close or above UB, fathomed
514    17     14         2.7000     2.7500     1.8519     % 
LB close or above UB, fathomed
515    16     13         2.7000     2.7500     1.8519     % 
LB close or above UB, fathomed
516    15     11         2.7000     2.7500     1.8519     % 
LB close or above UB, fathomed
517    14     10         2.7000     2.7500     1.8519     % 
UB: 2.7499999999999996
branching on CartesianIndex(1, 5) with c.
518    15     11         2.7000     2.7500     1.8519     % 
UB: 2.7499999999999996
branching on CartesianIndex(2, 5) with c.
519    16     12         2.7000     2.7500     1.8519     % 
LB close or above UB, fathomed
520    15     12         2.7000     2.7500     1.8519     % 
UB: 2.7499999999999996
branching on 1 with b.
521    16     13         2.7000     2.7500     1.8519     % 
LB close or above UB, fathomed
522    15     13         2.7000     2.7500     1.8519     % 
LB close or above UB, fathomed
523    14     11         2.7000     2.7500     1.8519     % 
LB close or above UB, fathomed
524    13     15         2.7000     2.7500     1.8519     % 
UB: 2.7499999999999996
branching on 2 with b.
525    14     16         2.7000     2.7500     1.8519     % 
LB close or above UB, fathomed
526    13     16         2.7000     2.7500     1.8519     % 
UB: 2.7499999999999996
branching on 1 with b.
527    13     17         2.7000     2.7500     1.8519     % 
UB: 2.7499999999999996
branching on 2 with b.
528    14     18         2.7000     2.7500     1.8519     % 
LB close or above UB, fathomed
529    13     18         2.7000     2.7500     1.8519     % 
LB close or above UB, fathomed
530    12     15         2.7000     2.7500     1.8519     % 
LB close or above UB, fathomed
531    11     12         2.7000     2.7500     1.8519     % 
UB: 2.7499999999999996
branching on 3 with b.
532    12     13         2.7000     2.7500     1.8519     % 
UB: 2.7499999999999996
branching on 1 with b.
533    12     14         2.7000     2.7500     1.8519     % 
UB: 2.7499999999999996
branching on 3 with b.
534    13     15         2.7000     2.7500     1.8519     % 
LB close or above UB, fathomed
535    12     15         2.7000     2.7500     1.8519     % 
LB close or above UB, fathomed
536    11     13         2.7000     2.7500     1.8519     % 
LB close or above UB, fathomed
537    10     12         2.7000     2.7500     1.8519     % 
LB close or above UB, fathomed
538    9      10         2.7000     2.7500     1.8519     % 
UB: 2.7499999999999996
branching on 3 with b.
539    10     11         2.7000     2.7500     1.8519     % 
LB close or above UB, fathomed
540    9      11         2.7000     2.7500     1.8519     % 
UB: 2.7499999999999996
branching on CartesianIndex(2, 6) with c.
541    10     12         2.7000     2.7500     1.8519     % 
LB close or above UB, fathomed
542    9      12         2.7000     2.7500     1.8519     % 
UB: 2.7499999999999996
branching on CartesianIndex(1, 7) with c.
543    10     13         2.7000     2.7500     1.8519     % 
UB: 2.7499999999999996
branching on CartesianIndex(2, 7) with c.
544    11     14         2.7000     2.7500     1.8519     % 
UB: 2.7499999999999996
branching on 1 with b.
545    11     15         2.7000     2.7500     1.8519     % 
UB: 2.7499999999999996
branching on 3 with b.
546    12     16         2.7000     2.7500     1.8519     % 
UB: 2.7499999999999996
branching on 1 with b.
547    12     17         2.7000     2.7500     1.8519     % 
UB: 2.7499999999999996
branching on 3 with b.
548    13     18         2.7000     2.7500     1.8519     % 
LB close or above UB, fathomed
549    12     18         2.7000     2.7500     1.8519     % 
LB close or above UB, fathomed
550    11     16         2.7000     2.7500     1.8519     % 
LB close or above UB, fathomed
551    10     14         2.7000     2.7500     1.8519     % 
LB close or above UB, fathomed
552    9      13         2.7000     2.7500     1.8519     % 
LB close or above UB, fathomed
553    8      10         2.7000     2.7500     1.8519     % 
LB close or above UB, fathomed
554    7      6          2.7000     2.7500     1.8519     % 
UB: 2.7499999999999996
branching on CartesianIndex(1, 3) with a.
555    8      7          2.7000     2.7500     1.8519     % 
UB: 2.7499999999999996
branching on 1 with b.
556    8      8          2.7000     2.7500     1.8519     % 
UB: 2.7499999999999996
branching on 3 with b.
557    9      9          2.7000     2.7500     1.8519     % 
LB close or above UB, fathomed
558    8      9          2.7000     2.7500     1.8519     % 
LB close or above UB, fathomed
559    7      7          2.7000     2.7500     1.8519     % 
UB: 2.7499999999999996
branching on CartesianIndex(1, 5) with c.
560    8      8          2.7000     2.7500     1.8519     % 
LB close or above UB, fathomed
561    7      8          2.7000     2.7500     1.8519     % 
UB: 2.7499999999999996
branching on 1 with b.
562    7      9          2.7000     2.7500     1.8519     % 
UB: 2.7499999999999996
branching on CartesianIndex(1, 6) with c.
563    8      10         2.7000     2.7500     1.8519     % 
UB: 2.7499999999999996
branching on CartesianIndex(2, 6) with c.
564    9      11         2.7000     2.7500     1.8519     % 
LB close or above UB, fathomed
565    8      11         2.7000     2.7500     1.8519     % 
UB: 2.7499999999999996
branching on 3 with b.
566    9      12         2.7000     2.7500     1.8519     % 
LB close or above UB, fathomed
567    8      12         2.7000     2.7500     1.8519     % 
UB: 2.7499999999999996
branching on CartesianIndex(1, 7) with c.
568    9      13         2.7000     2.7500     1.8519     % 
UB: 2.7499999999999996
branching on 1 with b.
569    10     14         2.7000     2.7500     1.8519     % 
UB: 2.7499999999999996
branching on CartesianIndex(2, 7) with c.
570    11     15         2.7000     2.7500     1.8519     % 
UB: 2.7499999999999996
branching on 3 with b.
571    12     16         2.7000     2.7500     1.8519     % 
UB: 2.7499999999999996
branching on 1 with b.
572    13     17         2.7000     2.7500     1.8519     % 
LB close or above UB, fathomed
573    12     17         2.7000     2.7500     1.8519     % 
UB: 2.7499999999999996
branching on 3 with b.
574    13     18         2.7000     2.7500     1.8519     % 
LB close or above UB, fathomed
575    12     18         2.7000     2.7500     1.8519     % 
LB close or above UB, fathomed
576    11     16         2.7000     2.7500     1.8519     % 
LB close or above UB, fathomed
577    10     15         2.7000     2.7500     1.8519     % 
LB close or above UB, fathomed
578    9      14         2.7000     2.7500     1.8519     % 
UB: 2.7499999999999996
branching on CartesianIndex(2, 7) with c.
579    10     15         2.7000     2.7500     1.8519     % 
UB: 2.7499999999999996
branching on 3 with b.
580    11     16         2.7000     2.7500     1.8519     % 
UB: 2.7499999999999996
branching on 1 with b.
581    11     17         2.7000     2.7500     1.8519     % 
UB: 2.7499999999999996
branching on 3 with b.
582    12     18         2.7000     2.7500     1.8519     % 
LB close or above UB, fathomed
583    11     18         2.7000     2.7500     1.8519     % 
LB close or above UB, fathomed
584    10     16         2.7000     2.7500     1.8519     % 
LB close or above UB, fathomed
585    9      15         2.7000     2.7500     1.8519     % 
LB close or above UB, fathomed
586    8      13         2.7000     2.7500     1.8519     % 
LB close or above UB, fathomed
587    7      10         2.7000     2.7500     1.8519     % 
LB close or above UB, fathomed
588    6      6          2.7000     2.7500     1.8519     % 
UB: 2.7499999999999996
branching on 1 with b.
589    7      7          2.7000     2.7500     1.8519     % 
UB: 2.7499999999999996
branching on 3 with b.
590    8      8          2.7000     2.7500     1.8519     % 
LB close or above UB, fathomed
591    7      8          2.7000     2.7500     1.8519     % 
UB: 2.7499999999999996
branching on CartesianIndex(1, 3) with a.
592    8      9          2.7000     2.7500     1.8519     % 
LB close or above UB, fathomed
593    7      9          2.7000     2.7500     1.8519     % 
UB: 2.7499999999999996
branching on CartesianIndex(1, 5) with c.
594    8      10         2.7000     2.7500     1.8519     % 
LB close or above UB, fathomed
595    7      10         2.7000     2.7500     1.8519     % 
UB: 2.7499999999999996
branching on CartesianIndex(1, 6) with c.
596    8      11         2.7000     2.7500     1.8519     % 
UB: 2.7499999999999996
branching on 1 with b.
597    9      12         2.7000     2.7500     1.8519     % 
LB close or above UB, fathomed
598    8      12         2.7000     2.7500     1.8519     % 
LB close or above UB, fathomed
599    7      11         2.7000     2.7500     1.8519     % 
LB close or above UB, fathomed
600    6      7          2.7000     2.7500     1.8519     % 
LB close or above UB, fathomed
601    5      8          2.7000     2.7500     1.8519     % 
UB: 2.7499999999999996
branching on 3 with b.
602    6      9          2.7000     2.7500     1.8519     % 
LB close or above UB, fathomed
603    5      9          2.7000     2.7500     1.8519     % 
LB close or above UB, fathomed
604    4      8          2.7000     2.7500     1.8519     % 
UB: 2.7499999999999996
branching on 3 with b.
605    5      9          2.7000     2.7500     1.8519     % 
LB close or above UB, fathomed
606    4      9          2.7000     2.7500     1.8519     % 
UB: 2.7499999999999996
branching on CartesianIndex(1, 5) with c.
607    5      10         2.7000     2.7500     1.8519     % 
LB close or above UB, fathomed
608    4      10         2.7000     2.7500     1.8519     % 
UB: 2.7499999999999996
branching on CartesianIndex(1, 6) with c.
609    5      11         2.7000     2.7500     1.8519     % 
UB: 2.7499999999999996
branching on CartesianIndex(2, 6) with c.
610    6      12         2.7000     2.7500     1.8519     % 
UB: 2.7499999999999996
branching on 1 with b.
611    7      13         2.7000     2.7500     1.8519     % 
LB close or above UB, fathomed
612    6      13         2.7000     2.7500     1.8519     % 
UB: 2.7499999999999996
branching on 3 with b.
613    7      14         2.7000     2.7500     1.8519     % 
LB close or above UB, fathomed
614    6      14         2.7000     2.7500     1.8519     % 
LB close or above UB, fathomed
615    5      12         2.7000     2.7500     1.8519     % 
UB: 2.7499999999999996
branching on CartesianIndex(1, 7) with c.
616    6      13         2.7000     2.7500     1.8519     % 
UB: 2.7499999999999996
branching on CartesianIndex(2, 7) with c.
617    7      14         2.7000     2.7500     1.8519     % 
UB: 2.7499999999999996
branching on 1 with b.
618    8      15         2.7000     2.7500     1.8519     % 
LB close or above UB, fathomed
619    7      15         2.7000     2.7500     1.8519     % 
LB close or above UB, fathomed
620    6      14         2.7000     2.7500     1.8519     % 
LB close or above UB, fathomed
621    5      13         2.7000     2.7500     1.8519     % 
LB close or above UB, fathomed
622    4      11         2.7000     2.7500     1.8519     % 
LB close or above UB, fathomed
623    3      7          2.7000     2.7500     1.8519     % 
UB: 2.7499999999999996
branching on 1 with b.
624    4      8          2.7000     2.7500     1.8519     % 
UB: 2.7499999999999996
branching on 2 with b.
625    5      9          2.7000     2.7500     1.8519     % 
UB: 2.7499999999999996
branching on 1 with b.
626    5      10         2.7000     2.7500     1.8519     % 
UB: 2.7499999999999996
branching on 2 with b.
627    6      11         2.7000     2.7500     1.8519     % 
LB close or above UB, fathomed
628    5      11         2.7000     2.7500     1.8519     % 
UB: 2.7499999999999996
branching on CartesianIndex(1, 4) with c.
629    6      12         2.7000     2.7500     1.8519     % 
LB close or above UB, fathomed
630    5      12         2.7000     2.7500     1.8519     % 
UB: 2.7499999999999996
branching on 1 with b.
631    5      13         2.7000     2.7500     1.8519     % 
UB: 2.7499999999999996
branching on CartesianIndex(1, 5) with c.
632    6      14         2.7000     2.7500     1.8519     % 
UB: 2.7499999999999996
branching on CartesianIndex(2, 5) with c.
633    7      15         2.7000     2.7500     1.8519     % 
LB close or above UB, fathomed
634    6      15         2.7000     2.7500     1.8519     % 
UB: 2.7499999999999996
branching on CartesianIndex(1, 7) with c.
635    7      16         2.7000     2.7500     1.8519     % 
UB: 2.7499999999999996
branching on CartesianIndex(2, 7) with c.
636    8      17         2.7000     2.7500     1.8519     % 
LB close or above UB, fathomed
637    7      17         2.7000     2.7500     1.8519     % 
LB close or above UB, fathomed
638    6      16         2.7000     2.7500     1.8519     % 
LB close or above UB, fathomed
639    5      14         2.7000     2.7500     1.8519     % 
LB close or above UB, fathomed
640    4      9          2.7000     2.7500     1.8519     % 
LB close or above UB, fathomed
641    3      8          2.7000     2.7500     1.8519     % 
LB close or above UB, fathomed
642    2      7          2.7000     2.7500     1.8519     % 
UB: 2.7499999999999996
branching on CartesianIndex(1, 4) with c.
643    3      8          2.7000     2.7500     1.8519     % 
LB close or above UB, fathomed
644    2      8          2.7000     2.7500     1.8519     % 
UB: 2.7499999999999996
branching on CartesianIndex(1, 5) with c.
645    3      9          2.7000     2.7500     1.8519     % 
UB: 2.7499999999999996
branching on CartesianIndex(2, 5) with c.
646    4      10         2.7000     2.7500     1.8519     % 
UB: 2.7499999999999996
branching on CartesianIndex(1, 7) with c.
647    5      11         2.7000     2.7500     1.8519     % 
UB: 2.7499999999999996
branching on CartesianIndex(2, 7) with c.
648    6      12         2.7000     2.7500     1.8519     % 
LB close or above UB, fathomed
649    5      12         2.7000     2.7500     1.8519     % 
UB: 2.7499999999999996
branching on 1 with b.
650    6      13         2.7000     2.7500     1.8519     % 
LB close or above UB, fathomed
651    5      13         2.7000     2.7500     1.8519     % 
LB close or above UB, fathomed
652    4      11         2.7000     2.7500     1.8519     % 
LB close or above UB, fathomed
653    3      10         2.7000     2.7500     1.8519     % 
UB: 2.7499999999999996
branching on 1 with b.
654    4      11         2.7000     2.7500     1.8519     % 
UB: 2.7499999999999996
branching on 2 with b.
655    5      12         2.7000     2.7500     1.8519     % 
LB close or above UB, fathomed
656    4      12         2.7000     2.7500     1.8519     % 
LB close or above UB, fathomed
657    3      11         2.7000     2.7500     1.8519     % 
LB close or above UB, fathomed
658    2      9          2.7000     2.7500     1.8519     % 
LB close or above UB, fathomed
659    1      6          2.7000     2.7500     1.8519     % 
LB close or above UB, fathomed
660    0      6          2.7000     2.7500     1.8519     % 
LB close or above UB, fathomed
all node solved
solved nodes:  661
661                                                   2.7333e+00     2.7500e+00     0.6098  % 
2×3 Matrix{Float64}:
 0.0  1.0  1.0
 1.0  0.0  0.0
3-element Vector{Float64}:
 0.39815246963647677
 0.6427933105621151
 0.7933838341973152
3×7 Matrix{Float64}:
 0.0  0.0  0.0  1.0  0.0  0.0  0.0
 0.0  0.0  0.0  0.0  1.0  1.0  0.0
 0.0  0.0  0.0  0.0  0.0  0.0  1.0
3-element Vector{Float64}:
 1.0
 1.0
 1.0
2×3 Matrix{Float64}:
 0.0  1.0  1.0
 1.0  0.0  0.0
3-element Vector{Float64}:
 0.381117865409089
 0.6318197906697078
 0.6568092400588188
3×7 Matrix{Float64}:
 0.0  0.0  0.0  1.0  0.0  0.0  0.0
 0.0  0.0  0.0  0.0  1.0  1.0  0.0
 0.0  0.0  0.0  0.0  0.0  0.0  1.0
3-element Vector{Float64}:
 1.0
 1.0
 1.0
comparison (CRT and Glb)on prediction: Dict{Bool, Int64}(0 => 0, 1 => 4)
Dataname	 time	 objv	 lb	 gap	 train_w	 train_g	 test_w	 test_g
small_toy_523.small_toy	 58.24	 2.7499999999999996	 2.733	 0.0061	 88.889	 88.889	 50.0	 50.0
