Running 2 processes.
Start training small_toy_804.small_toy with seed 1.
Any[]
(2, 13)
(2, 6)
(2, 3)
(2, 4)
dimension: 2, class: 3
cart cost: 5.349999999999999
size of X: (2, 9)
ngroups: 2
UB: 2.75
Iter	left	lev	LB	UB	gap	
0      0      1          0.1000     2.7500     2650.0000  % 
UB: 2.75
branching on 1 with d.
1      1      2          0.1000     2.7500     2650.0000  % 
LB close or above UB, fathomed
2      0      2          0.1000     2.7500     2650.0000  % 
UB: 2.75
branching on 2 with d.
3      1      3          0.1000     2.7500     2650.0000  % 
UB: 2.75
branching on 3 with d.
4      2      4          0.1000     2.7500     2650.0000  % 
LB close or above UB, fathomed
5      1      4          0.1000     2.7500     2650.0000  % 
UB: 2.75
branching on CartesianIndex(1, 1) with a.
6      2      5          0.1000     2.7500     2650.0000  % 
UB: 2.75
branching on CartesianIndex(1, 3) with a.
7      3      6          0.1000     2.7500     2650.0000  % 
UB: 2.75
branching on 1 with b.
8      4      6          0.1000     2.7500     2650.0000  % 
UB: 2.75
branching on CartesianIndex(1, 5) with c.
9      5      7          0.1000     2.7500     2650.0000  % 
LB close or above UB, fathomed
10     4      7          0.1000     2.7500     2650.0000  % 
UB: 2.75
branching on CartesianIndex(1, 6) with c.
11     5      5          0.1000     2.7500     2650.0000  % 
UB: 2.75
branching on 1 with b.
12     6      6          0.1000     2.7500     2650.0000  % 
UB: 2.75
branching on CartesianIndex(1, 3) with a.
13     7      6          0.1000     2.7500     2650.0000  % 
UB: 2.75
branching on 1 with b.
14     8      3          0.1000     2.7500     2650.0000  % 
UB: 2.75
branching on 3 with d.
15     9      4          0.1000     2.7500     2650.0000  % 
UB: 2.75
branching on 1 with b.
16     10     5          0.1000     2.7500     2650.0000  % 
LB close or above UB, fathomed
17     9      5          0.1000     2.7500     2650.0000  % 
UB: 2.75
branching on CartesianIndex(1, 1) with a.
18     10     4          0.1000     2.7500     2650.0000  % 
UB: 2.75
branching on 1 with b.
19     11     8          0.1000     2.7500     2650.0000  % 
UB: 2.75
branching on CartesianIndex(2, 6) with c.
20     12     9          0.1000     2.7500     2650.0000  % 
LB close or above UB, fathomed
21     11     9          0.1000     2.7500     2650.0000  % 
UB: 2.75
branching on CartesianIndex(1, 7) with c.
22     12     10         0.1000     2.7500     2650.0000  % 
UB: 2.75
branching on 1 with b.
23     13     11         0.1000     2.7500     2650.0000  % 
UB: 2.75
branching on 1 with b.
24     14     12         0.1000     2.7500     2650.0000  % 
UB: 2.75
branching on 3 with b.
25     15     12         0.1000     2.7500     2650.0000  % 
UB: 2.75
branching on 3 with b.
26     16     13         0.1000     2.7500     2650.0000  % 
LB close or above UB, fathomed
27     15     13         0.1000     2.7500     2650.0000  % 
UB: 2.75
branching on CartesianIndex(2, 7) with c.
28     16     14         0.1000     2.7500     2650.0000  % 
UB: 2.75
branching on 1 with b.
29     16     15         0.1000     2.7500     2650.0000  % 
UB: 2.75
branching on 3 with b.
30     17     16         0.1000     2.7500     2650.0000  % 
UB: 2.75
branching on 1 with b.
31     17     17         0.1000     2.7500     2650.0000  % 
UB: 2.75
branching on 3 with b.
32     18     18         0.1000     2.7500     2650.0000  % 
UB: 2.75
branching on 1 with b.
33     19     18         0.1000     2.7500     2650.0000  % 
UB: 2.75
branching on 1 with b.
34     20     16         0.1000     2.7500     2650.0000  % 
UB: 2.75
branching on 1 with b.
35     20     14         0.1000     2.7500     2650.0000  % 
LB close or above UB, fathomed
36     19     11         0.1000     2.7500     2650.0000  % 
LB close or above UB, fathomed
37     18     10         0.1000     2.7500     2650.0000  % 
LB close or above UB, fathomed
38     17     8          0.1000     2.7500     2650.0000  % 
LB close or above UB, fathomed
39     16     5          0.1500     2.7500     1733.3333  % 
UB: 2.75
branching on 1 with b.
40     17     6          0.1500     2.7500     1733.3333  % 
UB: 2.75
branching on 2 with b.
41     18     7          0.1500     2.7500     1733.3333  % 
UB: 2.75
branching on CartesianIndex(1, 1) with a.
42     19     8          0.1500     2.7500     1733.3333  % 
LB close or above UB, fathomed
43     18     8          0.1500     2.7500     1733.3333  % 
LB close or above UB, fathomed
44     17     7          0.1500     2.7500     1733.3333  % 
UB: 2.75
branching on CartesianIndex(1, 1) with a.
45     18     8          0.1500     2.7500     1733.3333  % 
LB close or above UB, fathomed
46     17     8          0.1500     2.7500     1733.3333  % 
LB close or above UB, fathomed
47     16     6          0.1500     2.7500     1733.3333  % 
UB: 2.75
branching on 2 with b.
48     17     7          0.1500     2.7500     1733.3333  % 
UB: 2.75
branching on CartesianIndex(1, 1) with a.
49     18     8          0.1500     2.7500     1733.3333  % 
UB: 2.75
branching on CartesianIndex(1, 2) with a.
50     19     9          0.1500     2.7500     1733.3333  % 
UB: 2.75
branching on CartesianIndex(1, 3) with a.
51     20     10         0.1500     2.7500     1733.3333  % 
LB close or above UB, fathomed
52     19     10         0.1500     2.7500     1733.3333  % 
UB: 2.75
branching on CartesianIndex(1, 4) with c.
53     20     11         0.1500     2.7500     1733.3333  % 
UB: 2.75
branching on CartesianIndex(2, 4) with c.
54     21     11         0.1500     2.7500     1733.3333  % 
UB: 2.75
branching on CartesianIndex(1, 5) with c.
55     22     12         0.1500     2.7500     1733.3333  % 
UB: 2.75
branching on 3 with b.
56     23     13         0.1500     2.7500     1733.3333  % 
LB close or above UB, fathomed
57     22     13         0.1500     2.7500     1733.3333  % 
UB: 2.75
branching on CartesianIndex(2, 5) with c.
58     23     12         0.1500     2.7500     1733.3333  % 
UB: 2.75
branching on 3 with b.
59     24     13         0.1500     2.7500     1733.3333  % 
LB close or above UB, fathomed
60     23     13         0.1500     2.7500     1733.3333  % 
UB: 2.75
branching on CartesianIndex(1, 6) with c.
61     24     9          0.1500     2.7500     1733.3333  % 
UB: 2.75
branching on CartesianIndex(1, 3) with a.
62     25     8          0.1500     2.7500     1733.3333  % 
LB close or above UB, fathomed
63     24     7          0.1500     2.7500     1733.3333  % 
UB: 2.75
branching on 3 with b.
64     25     5          0.1500     2.7500     1733.3333  % 
UB: 2.75
branching on CartesianIndex(1, 1) with a.
65     26     6          0.1500     2.7500     1733.3333  % 
LB close or above UB, fathomed
66     25     6          0.1500     2.7500     1733.3333  % 
UB: 2.75
branching on 1 with b.
67     26     7          0.1500     2.7500     1733.3333  % 
UB: 2.75
branching on CartesianIndex(1, 2) with a.
68     27     8          0.1500     2.7500     1733.3333  % 
UB: 2.75
branching on 2 with b.
69     28     9          0.1500     2.7500     1733.3333  % 
UB: 2.75
branching on 3 with b.
70     29     9          0.1500     2.7500     1733.3333  % 
UB: 2.75
branching on CartesianIndex(1, 3) with a.
71     30     8          0.1500     2.7500     1733.3333  % 
UB: 2.75
branching on CartesianIndex(1, 3) with a.
72     31     9          0.1500     2.7500     1733.3333  % 
UB: 2.75
branching on 2 with b.
73     32     10         0.1500     2.7500     1733.3333  % 
UB: 2.75
branching on CartesianIndex(1, 4) with c.
74     33     11         0.1500     2.7500     1733.3333  % 
UB: 2.75
branching on 3 with b.
75     34     11         0.1500     2.7500     1733.3333  % 
UB: 2.75
branching on CartesianIndex(1, 5) with c.
76     35     10         0.1500     2.7500     1733.3333  % 
LB close or above UB, fathomed
77     34     9          0.1500     2.7500     1733.3333  % 
UB: 2.75
branching on 2 with b.
78     35     7          0.1500     2.7500     1733.3333  % 
LB close or above UB, fathomed
79     34     10         0.1500     2.7500     1733.3333  % 
LB close or above UB, fathomed
80     33     10         0.1500     2.7500     1733.3333  % 
LB close or above UB, fathomed
81     32     12         0.1500     2.7500     1733.3333  % 
UB: 2.75
branching on 3 with b.
82     33     13         0.1500     2.7500     1733.3333  % 
UB: 2.75
branching on CartesianIndex(2, 5) with c.
83     34     13         0.1500     2.7500     1733.3333  % 
LB close or above UB, fathomed
84     33     12         0.1500     2.7500     1733.3333  % 
LB close or above UB, fathomed
85     32     10         0.1500     2.7500     1733.3333  % 
UB: 2.75
branching on CartesianIndex(1, 3) with a.
86     33     10         0.1500     2.7500     1733.3333  % 
LB close or above UB, fathomed
87     32     10         0.1500     2.7500     1733.3333  % 
LB close or above UB, fathomed
88     31     10         0.1500     2.7500     1733.3333  % 
UB: 2.75
branching on 3 with b.
89     32     11         0.1500     2.7500     1733.3333  % 
LB close or above UB, fathomed
90     31     11         0.1500     2.7500     1733.3333  % 
UB: 2.75
branching on CartesianIndex(1, 4) with c.
91     32     14         0.1500     2.7500     1733.3333  % 
UB: 2.75
branching on 1 with b.
92     32     15         0.1500     2.7500     1733.3333  % 
UB: 2.75
branching on CartesianIndex(2, 6) with c.
93     33     16         0.1500     2.7500     1733.3333  % 
LB close or above UB, fathomed
94     32     16         0.1500     2.7500     1733.3333  % 
UB: 2.75
branching on CartesianIndex(1, 7) with c.
95     33     17         0.1500     2.7500     1733.3333  % 
UB: 2.75
branching on CartesianIndex(2, 7) with c.
96     34     18         0.1500     2.7500     1733.3333  % 
UB: 2.75
branching on 2 with b.
97     35     19         0.1500     2.7500     1733.3333  % 
UB: 2.75
branching on 3 with b.
98     36     19         0.1500     2.7500     1733.3333  % 
UB: 2.75
branching on 3 with b.
99     37     20         0.1500     2.7500     1733.3333  % 
UB: 2.75
branching on 1 with b.
100    37     21         0.1500     2.7500     1733.3333  % 
UB: 2.75
branching on 2 with b.
101    37     22         0.1500     2.7500     1733.3333  % 
UB: 2.75
branching on 3 with b.
102    38     23         0.1500     2.7500     1733.3333  % 
LB close or above UB, fathomed
103    37     23         0.1500     2.7500     1733.3333  % 
LB close or above UB, fathomed
104    36     20         0.1500     2.7500     1733.3333  % 
LB close or above UB, fathomed
105    35     18         0.1500     2.7500     1733.3333  % 
LB close or above UB, fathomed
106    34     17         0.1500     2.7500     1733.3333  % 
LB close or above UB, fathomed
107    33     14         0.1500     2.7500     1733.3333  % 
LB close or above UB, fathomed
108    32     14         0.1500     2.7500     1733.3333  % 
UB: 2.75
branching on 1 with b.
109    32     15         0.1500     2.7500     1733.3333  % 
UB: 2.75
branching on CartesianIndex(1, 6) with c.
110    33     16         0.1500     2.7500     1733.3333  % 
UB: 2.75
branching on CartesianIndex(2, 6) with c.
111    34     17         0.1500     2.7500     1733.3333  % 
LB close or above UB, fathomed
112    33     17         0.1500     2.7500     1733.3333  % 
UB: 2.75
branching on CartesianIndex(1, 7) with c.
113    34     18         0.1500     2.7500     1733.3333  % 
UB: 2.75
branching on CartesianIndex(2, 7) with c.
114    35     19         0.1500     2.7500     1733.3333  % 
UB: 2.75
branching on 2 with b.
115    36     20         0.1500     2.7500     1733.3333  % 
LB close or above UB, fathomed
116    35     20         0.1500     2.7500     1733.3333  % 
UB: 2.75
branching on 3 with b.
117    36     21         0.1500     2.7500     1733.3333  % 
UB: 2.75
branching on 1 with b.
118    36     22         0.1500     2.7500     1733.3333  % 
UB: 2.75
branching on 2 with b.
119    36     23         0.1500     2.7500     1733.3333  % 
UB: 2.75
branching on 3 with b.
120    37     24         0.1500     2.7500     1733.3333  % 
LB close or above UB, fathomed
121    36     24         0.1500     2.7500     1733.3333  % 
LB close or above UB, fathomed
122    35     21         0.1500     2.7500     1733.3333  % 
LB close or above UB, fathomed
123    34     19         0.1500     2.7500     1733.3333  % 
LB close or above UB, fathomed
124    33     18         0.1500     2.7500     1733.3333  % 
LB close or above UB, fathomed
125    32     16         0.1500     2.7500     1733.3333  % 
LB close or above UB, fathomed
126    31     14         0.1500     2.7500     1733.3333  % 
UB: 2.75
branching on CartesianIndex(1, 6) with c.
127    32     8          0.1500     2.7500     1733.3333  % 
LB close or above UB, fathomed
128    31     8          0.1500     2.7500     1733.3333  % 
UB: 2.75
branching on 1 with b.
129    31     9          0.1500     2.7500     1733.3333  % 
UB: 2.75
branching on CartesianIndex(1, 1) with a.
130    32     10         0.1500     2.7500     1733.3333  % 
UB: 2.75
branching on CartesianIndex(1, 2) with a.
131    33     11         0.1500     2.7500     1733.3333  % 
UB: 2.75
branching on 2 with b.
132    34     11         0.1500     2.7500     1733.3333  % 
UB: 2.75
branching on CartesianIndex(1, 3) with a.
133    35     12         0.1500     2.7500     1733.3333  % 
LB close or above UB, fathomed
134    34     12         0.1500     2.7500     1733.3333  % 
UB: 2.75
branching on CartesianIndex(1, 4) with c.
135    35     10         0.1500     2.7500     1733.3333  % 
LB close or above UB, fathomed
136    34     13         0.1500     2.7500     1733.3333  % 
LB close or above UB, fathomed
137    33     13         0.1500     2.7500     1733.3333  % 
UB: 2.75
branching on 2 with b.
138    34     14         0.1500     2.7500     1733.3333  % 
UB: 2.75
branching on 3 with b.
139    35     15         0.1500     2.7500     1733.3333  % 
UB: 2.75
branching on CartesianIndex(1, 5) with c.
140    36     16         0.1500     2.7500     1733.3333  % 
UB: 2.75
branching on CartesianIndex(2, 5) with c.
141    37     17         0.1500     2.7500     1733.3333  % 
UB: 2.75
branching on CartesianIndex(1, 6) with c.
142    38     18         0.1500     2.7500     1733.3333  % 
UB: 2.75
branching on CartesianIndex(2, 6) with c.
143    39     19         0.1500     2.7500     1733.3333  % 
LB close or above UB, fathomed
144    38     19         0.1500     2.7500     1733.3333  % 
UB: 2.75
branching on CartesianIndex(1, 7) with c.
145    39     20         0.1500     2.7500     1733.3333  % 
UB: 2.75
branching on CartesianIndex(2, 7) with c.
146    40     21         0.1500     2.7500     1733.3333  % 
UB: 2.75
branching on 1 with b.
147    40     22         0.1500     2.7500     1733.3333  % 
UB: 2.75
branching on 2 with b.
148    41     23         0.1500     2.7500     1733.3333  % 
LB close or above UB, fathomed
149    40     23         0.1500     2.7500     1733.3333  % 
UB: 2.75
branching on 3 with b.
150    41     24         0.1500     2.7500     1733.3333  % 
LB close or above UB, fathomed
151    40     24         0.1500     2.7500     1733.3333  % 
LB close or above UB, fathomed
152    39     21         0.1500     2.7500     1733.3333  % 
LB close or above UB, fathomed
153    38     20         0.1500     2.7500     1733.3333  % 
LB close or above UB, fathomed
154    37     18         0.1500     2.7500     1733.3333  % 
LB close or above UB, fathomed
155    36     17         0.1500     2.7500     1733.3333  % 
UB: 2.75
branching on CartesianIndex(1, 6) with c.
156    37     18         0.1500     2.7500     1733.3333  % 
UB: 2.75
branching on CartesianIndex(2, 6) with c.
157    38     19         0.1500     2.7500     1733.3333  % 
LB close or above UB, fathomed
158    37     19         0.1500     2.7500     1733.3333  % 
UB: 2.75
branching on 1 with b.
159    37     20         0.1500     2.7500     1733.3333  % 
UB: 2.75
branching on CartesianIndex(1, 7) with c.
160    38     21         0.1500     2.7500     1733.3333  % 
UB: 2.75
branching on CartesianIndex(2, 7) with c.
161    39     22         0.1500     2.7500     1733.3333  % 
UB: 2.75
branching on 2 with b.
162    40     22         0.1500     2.7500     1733.3333  % 
LB close or above UB, fathomed
163    39     21         0.1500     2.7500     1733.3333  % 
LB close or above UB, fathomed
164    38     18         0.1500     2.7500     1733.3333  % 
LB close or above UB, fathomed
165    37     16         0.1500     2.7500     1733.3333  % 
UB: 2.75
branching on CartesianIndex(1, 6) with c.
166    38     17         0.1500     2.7500     1733.3333  % 
UB: 2.75
branching on CartesianIndex(2, 6) with c.
167    39     18         0.1500     2.7500     1733.3333  % 
LB close or above UB, fathomed
168    38     18         0.1500     2.7500     1733.3333  % 
UB: 2.75
branching on CartesianIndex(1, 7) with c.
169    39     19         0.1500     2.7500     1733.3333  % 
UB: 2.75
branching on CartesianIndex(2, 7) with c.
170    40     20         0.1500     2.7500     1733.3333  % 
UB: 2.75
branching on 1 with b.
171    40     20         0.1500     2.7500     1733.3333  % 
LB close or above UB, fathomed
172    39     19         0.1500     2.7500     1733.3333  % 
LB close or above UB, fathomed
173    38     17         0.1500     2.7500     1733.3333  % 
LB close or above UB, fathomed
174    37     15         0.1500     2.7500     1733.3333  % 
LB close or above UB, fathomed
175    36     14         0.1500     2.7500     1733.3333  % 
UB: 2.75
branching on CartesianIndex(1, 5) with c.
176    37     15         0.1500     2.7500     1733.3333  % 
UB: 2.75
branching on CartesianIndex(2, 5) with c.
177    38     16         0.1500     2.7500     1733.3333  % 
UB: 2.75
branching on CartesianIndex(1, 6) with c.
178    39     17         0.1500     2.7500     1733.3333  % 
UB: 2.75
branching on 3 with b.
179    40     18         0.1500     2.7500     1733.3333  % 
UB: 2.75
branching on 1 with b.
180    40     19         0.1500     2.7500     1733.3333  % 
UB: 2.75
branching on CartesianIndex(2, 6) with c.
181    41     20         0.1500     2.7500     1733.3333  % 
LB close or above UB, fathomed
182    40     20         0.1500     2.7500     1733.3333  % 
UB: 2.75
branching on CartesianIndex(1, 7) with c.
183    41     21         0.1500     2.7500     1733.3333  % 
UB: 2.75
branching on CartesianIndex(2, 7) with c.
184    42     22         0.1500     2.7500     1733.3333  % 
UB: 2.75
branching on 2 with b.
185    42     23         0.1500     2.7500     1733.3333  % 
UB: 2.75
branching on 3 with b.
186    43     24         0.1500     2.7500     1733.3333  % 
LB close or above UB, fathomed
187    42     24         0.1500     2.7500     1733.3333  % 
LB close or above UB, fathomed
188    41     22         0.1500     2.7500     1733.3333  % 
LB close or above UB, fathomed
189    40     21         0.1500     2.7500     1733.3333  % 
LB close or above UB, fathomed
190    39     18         0.1500     2.7500     1733.3333  % 
LB close or above UB, fathomed
191    38     17         0.1500     2.7500     1733.3333  % 
LB close or above UB, fathomed
192    37     16         0.1500     2.7500     1733.3333  % 
UB: 2.75
branching on CartesianIndex(1, 6) with c.
193    38     17         0.1500     2.7500     1733.3333  % 
UB: 2.75
branching on CartesianIndex(2, 6) with c.
194    39     18         0.1500     2.7500     1733.3333  % 
LB close or above UB, fathomed
195    38     18         0.1500     2.7500     1733.3333  % 
UB: 2.75
branching on CartesianIndex(1, 7) with c.
196    39     19         0.1500     2.7500     1733.3333  % 
UB: 2.75
branching on CartesianIndex(2, 7) with c.
197    40     20         0.1500     2.7500     1733.3333  % 
UB: 2.75
branching on 3 with b.
198    41     20         0.1500     2.7500     1733.3333  % 
LB close or above UB, fathomed
199    40     19         0.1500     2.7500     1733.3333  % 
LB close or above UB, fathomed
200    39     17         0.1500     2.7500     1733.3333  % 
LB close or above UB, fathomed
201    38     15         0.1500     2.7500     1733.3333  % 
UB: 2.75
branching on CartesianIndex(1, 6) with c.
202    39     16         0.1500     2.7500     1733.3333  % 
UB: 2.75
branching on 3 with b.
203    40     17         0.1500     2.7500     1733.3333  % 
UB: 2.75
branching on CartesianIndex(2, 6) with c.
204    41     18         0.1500     2.7500     1733.3333  % 
LB close or above UB, fathomed
205    40     18         0.1500     2.7500     1733.3333  % 
UB: 2.75
branching on CartesianIndex(1, 7) with c.
206    41     19         0.1500     2.7500     1733.3333  % 
UB: 2.75
branching on CartesianIndex(2, 7) with c.
207    42     20         0.1500     2.7500     1733.3333  % 
UB: 2.75
branching on 1 with b.
208    42     20         0.1500     2.7500     1733.3333  % 
LB close or above UB, fathomed
209    41     19         0.1500     2.7500     1733.3333  % 
LB close or above UB, fathomed
210    40     17         0.1500     2.7500     1733.3333  % 
LB close or above UB, fathomed
211    39     16         0.1500     2.7500     1733.3333  % 
LB close or above UB, fathomed
212    38     12         0.1500     2.7500     1733.3333  % 
UB: 2.75
branching on 3 with b.
213    39     13         0.1500     2.7500     1733.3333  % 
UB: 2.75
branching on CartesianIndex(1, 3) with a.
214    40     14         0.1500     2.7500     1733.3333  % 
LB close or above UB, fathomed
215    39     14         0.1500     2.7500     1733.3333  % 
UB: 2.75
branching on CartesianIndex(1, 4) with c.
216    40     13         0.1500     2.7500     1733.3333  % 
LB close or above UB, fathomed
217    39     12         0.1500     2.7500     1733.3333  % 
UB: 2.75
branching on CartesianIndex(1, 3) with a.
218    40     13         0.1500     2.7500     1733.3333  % 
LB close or above UB, fathomed
219    39     13         0.1500     2.7500     1733.3333  % 
UB: 2.75
branching on CartesianIndex(1, 4) with c.
220    40     15         0.1500     2.7500     1733.3333  % 
UB: 2.75
branching on CartesianIndex(2, 6) with c.
221    41     16         0.1500     2.7500     1733.3333  % 
LB close or above UB, fathomed
222    40     16         0.1500     2.7500     1733.3333  % 
UB: 2.75
branching on CartesianIndex(1, 7) with c.
223    41     17         0.1500     2.7500     1733.3333  % 
UB: 2.75
branching on CartesianIndex(2, 7) with c.
224    42     18         0.1500     2.7500     1733.3333  % 
UB: 2.75
branching on 1 with b.
225    42     19         0.1500     2.7500     1733.3333  % 
UB: 2.75
branching on 2 with b.
226    43     20         0.1500     2.7500     1733.3333  % 
LB close or above UB, fathomed
227    42     20         0.1500     2.7500     1733.3333  % 
UB: 2.75
branching on 3 with b.
228    43     21         0.1500     2.7500     1733.3333  % 
UB: 2.75
branching on 1 with b.
229    43     22         0.1500     2.7500     1733.3333  % 
UB: 2.75
branching on 2 with b.
230    43     23         0.1500     2.7500     1733.3333  % 
UB: 2.75
branching on 3 with b.
231    44     24         0.1500     2.7500     1733.3333  % 
LB close or above UB, fathomed
232    43     24         0.1500     2.7500     1733.3333  % 
LB close or above UB, fathomed
233    42     21         0.1500     2.7500     1733.3333  % 
LB close or above UB, fathomed
234    41     18         0.1500     2.7500     1733.3333  % 
LB close or above UB, fathomed
235    40     17         0.1500     2.7500     1733.3333  % 
LB close or above UB, fathomed
236    39     15         0.1500     2.7500     1733.3333  % 
LB close or above UB, fathomed
237    38     11         0.1500     2.7500     1733.3333  % 
UB: 2.75
branching on 1 with b.
238    39     12         0.1500     2.7500     1733.3333  % 
LB close or above UB, fathomed
239    38     12         0.1500     2.7500     1733.3333  % 
LB close or above UB, fathomed
240    37     11         0.1500     2.7500     1733.3333  % 
LB close or above UB, fathomed
241    36     14         0.1500     2.7500     1733.3333  % 
LB close or above UB, fathomed
242    35     14         0.1500     2.7500     1733.3333  % 
UB: 2.75
branching on CartesianIndex(1, 6) with c.
243    36     15         0.1500     2.7500     1733.3333  % 
LB close or above UB, fathomed
244    35     15         0.1500     2.7500     1733.3333  % 
UB: 2.75
branching on CartesianIndex(1, 7) with c.
245    36     16         0.1500     2.7500     1733.3333  % 
UB: 2.75
branching on CartesianIndex(2, 7) with c.
246    37     17         0.1500     2.7500     1733.3333  % 
UB: 2.75
branching on 1 with b.
247    38     17         0.1500     2.7500     1733.3333  % 
LB close or above UB, fathomed
248    37     16         0.1500     2.7500     1733.3333  % 
LB close or above UB, fathomed
249    36     12         0.1500     2.7500     1733.3333  % 
LB close or above UB, fathomed
250    35     12         0.1500     2.7500     1733.3333  % 
LB close or above UB, fathomed
251    34     10         0.1500     2.7500     1733.3333  % 
UB: 2.75
branching on CartesianIndex(1, 4) with c.
252    35     11         0.1500     2.7500     1733.3333  % 
LB close or above UB, fathomed
253    34     11         0.1500     2.7500     1733.3333  % 
LB close or above UB, fathomed
254    33     10         0.1500     2.7500     1733.3333  % 
UB: 2.75
branching on CartesianIndex(1, 4) with c.
255    34     11         0.1500     2.7500     1733.3333  % 
LB close or above UB, fathomed
256    33     11         0.1500     2.7500     1733.3333  % 
LB close or above UB, fathomed
257    32     12         0.1500     2.7500     1733.3333  % 
UB: 2.75
branching on 3 with b.
258    33     13         0.1500     2.7500     1733.3333  % 
LB close or above UB, fathomed
259    32     13         0.1500     2.7500     1733.3333  % 
UB: 2.75
branching on CartesianIndex(1, 5) with c.
260    33     14         0.1500     2.7500     1733.3333  % 
LB close or above UB, fathomed
261    32     14         0.1500     2.7500     1733.3333  % 
UB: 2.75
branching on CartesianIndex(1, 6) with c.
262    33     12         0.1500     2.7500     1733.3333  % 
UB: 2.75
branching on 3 with b.
263    34     13         0.1500     2.7500     1733.3333  % 
LB close or above UB, fathomed
264    33     13         0.1500     2.7500     1733.3333  % 
UB: 2.75
branching on 1 with b.
265    33     14         0.1500     2.7500     1733.3333  % 
UB: 2.75
branching on CartesianIndex(1, 5) with c.
266    34     15         0.1500     2.7500     1733.3333  % 
LB close or above UB, fathomed
267    33     15         0.1500     2.7500     1733.3333  % 
UB: 2.75
branching on CartesianIndex(1, 6) with c.
268    34     18         0.1500     2.7500     1733.3333  % 
LB close or above UB, fathomed
269    33     18         0.1500     2.7500     1733.3333  % 
LB close or above UB, fathomed
270    32     21         0.1500     2.7500     1733.3333  % 
UB: 2.75
branching on 2 with b.
271    32     22         0.1500     2.7500     1733.3333  % 
UB: 2.75
branching on 3 with b.
272    33     23         0.1500     2.7500     1733.3333  % 
LB close or above UB, fathomed
273    32     23         0.1500     2.7500     1733.3333  % 
LB close or above UB, fathomed
274    31     21         0.1500     2.7500     1733.3333  % 
UB: 2.75
branching on 1 with b.
275    31     22         0.1500     2.7500     1733.3333  % 
UB: 2.75
branching on 2 with b.
276    31     23         0.1500     2.7500     1733.3333  % 
UB: 2.75
branching on 3 with b.
277    32     24         0.1500     2.7500     1733.3333  % 
LB close or above UB, fathomed
278    31     24         0.1500     2.7500     1733.3333  % 
LB close or above UB, fathomed
279    30     21         0.1500     2.7500     1733.3333  % 
LB close or above UB, fathomed
280    29     23         0.1500     2.7500     1733.3333  % 
LB close or above UB, fathomed
281    28     23         0.1500     2.7500     1733.3333  % 
UB: 2.75
branching on 3 with b.
282    29     24         0.1500     2.7500     1733.3333  % 
LB close or above UB, fathomed
283    28     24         0.1500     2.7500     1733.3333  % 
LB close or above UB, fathomed
284    27     20         0.1500     2.7500     1733.3333  % 
UB: 2.75
branching on 1 with b.
285    27     21         0.1500     2.7500     1733.3333  % 
UB: 2.75
branching on 2 with b.
286    27     22         0.1500     2.7500     1733.3333  % 
UB: 2.75
branching on 3 with b.
287    28     23         0.1500     2.7500     1733.3333  % 
LB close or above UB, fathomed
288    27     23         0.1500     2.7500     1733.3333  % 
LB close or above UB, fathomed
289    26     20         0.1500     2.7500     1733.3333  % 
LB close or above UB, fathomed
290    25     12         0.1500     2.7500     1733.3333  % 
UB: 2.75
branching on CartesianIndex(2, 4) with c.
291    26     12         0.1500     2.7500     1733.3333  % 
UB: 2.75
branching on CartesianIndex(1, 5) with c.
292    27     13         0.1500     2.7500     1733.3333  % 
LB close or above UB, fathomed
293    26     13         0.1500     2.7500     1733.3333  % 
UB: 2.75
branching on 1 with b.
294    26     14         0.1500     2.7500     1733.3333  % 
UB: 2.75
branching on 2 with b.
295    27     15         0.1500     2.7500     1733.3333  % 
UB: 2.75
branching on CartesianIndex(1, 6) with c.
296    28     16         0.1500     2.7500     1733.3333  % 
UB: 2.75
branching on CartesianIndex(2, 6) with c.
297    29     17         0.1500     2.7500     1733.3333  % 
LB close or above UB, fathomed
298    28     17         0.1500     2.7500     1733.3333  % 
UB: 2.75
branching on CartesianIndex(1, 7) with c.
299    29     18         0.1500     2.7500     1733.3333  % 
UB: 2.75
branching on CartesianIndex(2, 7) with c.
300    30     19         0.1500     2.7500     1733.3333  % 
UB: 2.75
branching on 3 with b.
301    31     20         0.1500     2.7500     1733.3333  % 
UB: 2.75
branching on 1 with b.
302    31     21         0.1500     2.7500     1733.3333  % 
UB: 2.75
branching on 2 with b.
303    31     22         0.1500     2.7500     1733.3333  % 
UB: 2.75
branching on 3 with b.
304    32     23         0.1500     2.7500     1733.3333  % 
LB close or above UB, fathomed
305    31     23         0.1500     2.7500     1733.3333  % 
LB close or above UB, fathomed
306    30     20         0.1500     2.7500     1733.3333  % 
LB close or above UB, fathomed
307    29     19         0.1500     2.7500     1733.3333  % 
LB close or above UB, fathomed
308    28     18         0.1500     2.7500     1733.3333  % 
LB close or above UB, fathomed
309    27     16         0.1500     2.7500     1733.3333  % 
LB close or above UB, fathomed
310    26     15         0.1500     2.7500     1733.3333  % 
UB: 2.75
branching on CartesianIndex(1, 6) with c.
311    27     16         0.1500     2.7500     1733.3333  % 
UB: 2.75
branching on CartesianIndex(2, 6) with c.
312    28     17         0.1500     2.7500     1733.3333  % 
LB close or above UB, fathomed
313    27     17         0.1500     2.7500     1733.3333  % 
UB: 2.75
branching on CartesianIndex(1, 7) with c.
314    28     18         0.1500     2.7500     1733.3333  % 
UB: 2.75
branching on 3 with b.
315    29     19         0.1500     2.7500     1733.3333  % 
UB: 2.75
branching on CartesianIndex(2, 7) with c.
316    30     20         0.1500     2.7500     1733.3333  % 
UB: 2.75
branching on 1 with b.
317    30     21         0.1500     2.7500     1733.3333  % 
UB: 2.75
branching on 2 with b.
318    30     22         0.1500     2.7500     1733.3333  % 
UB: 2.75
branching on 3 with b.
319    31     23         0.1500     2.7500     1733.3333  % 
LB close or above UB, fathomed
320    30     23         0.1500     2.7500     1733.3333  % 
LB close or above UB, fathomed
321    29     20         0.1500     2.7500     1733.3333  % 
LB close or above UB, fathomed
322    28     19         0.1500     2.7500     1733.3333  % 
LB close or above UB, fathomed
323    27     18         0.1500     2.7500     1733.3333  % 
LB close or above UB, fathomed
324    26     16         0.1500     2.7500     1733.3333  % 
LB close or above UB, fathomed
325    25     16         0.1500     2.7500     1733.3333  % 
UB: 2.75
branching on CartesianIndex(2, 6) with c.
326    26     17         0.1500     2.7500     1733.3333  % 
LB close or above UB, fathomed
327    25     17         0.1500     2.7500     1733.3333  % 
UB: 2.75
branching on CartesianIndex(1, 7) with c.
328    26     18         0.1500     2.7500     1733.3333  % 
UB: 2.75
branching on CartesianIndex(2, 7) with c.
329    27     19         0.1500     2.7500     1733.3333  % 
UB: 2.75
branching on 2 with b.
330    28     20         0.1500     2.7500     1733.3333  % 
UB: 2.75
branching on 3 with b.
331    29     21         0.1500     2.7500     1733.3333  % 
UB: 2.75
branching on 1 with b.
332    29     22         0.1500     2.7500     1733.3333  % 
UB: 2.75
branching on 2 with b.
333    29     23         0.1500     2.7500     1733.3333  % 
UB: 2.75
branching on 3 with b.
334    30     24         0.1500     2.7500     1733.3333  % 
LB close or above UB, fathomed
335    29     24         0.1500     2.7500     1733.3333  % 
LB close or above UB, fathomed
336    28     21         0.1500     2.7500     1733.3333  % 
LB close or above UB, fathomed
337    27     20         0.1500     2.7500     1733.3333  % 
LB close or above UB, fathomed
338    26     19         0.1500     2.7500     1733.3333  % 
LB close or above UB, fathomed
339    25     18         0.1500     2.7500     1733.3333  % 
LB close or above UB, fathomed
340    24     16         0.1500     2.7500     1733.3333  % 
LB close or above UB, fathomed
341    23     15         0.1500     2.7500     1733.3333  % 
UB: 2.75
branching on CartesianIndex(2, 6) with c.
342    24     16         0.1500     2.7500     1733.3333  % 
LB close or above UB, fathomed
343    23     16         0.1500     2.7500     1733.3333  % 
UB: 2.75
branching on CartesianIndex(1, 7) with c.
344    24     17         0.1500     2.7500     1733.3333  % 
UB: 2.75
branching on 1 with b.
345    24     18         0.1500     2.7500     1733.3333  % 
UB: 2.75
branching on CartesianIndex(2, 7) with c.
346    25     19         0.1500     2.7500     1733.3333  % 
UB: 2.75
branching on 2 with b.
347    26     20         0.1500     2.7500     1733.3333  % 
UB: 2.75
branching on 3 with b.
348    27     21         0.1500     2.7500     1733.3333  % 
UB: 2.75
branching on 1 with b.
349    27     22         0.1500     2.7500     1733.3333  % 
UB: 2.75
branching on 2 with b.
350    27     23         0.1500     2.7500     1733.3333  % 
UB: 2.75
branching on 3 with b.
351    28     24         0.1500     2.7500     1733.3333  % 
LB close or above UB, fathomed
352    27     24         0.1500     2.7500     1733.3333  % 
LB close or above UB, fathomed
353    26     21         0.1500     2.7500     1733.3333  % 
LB close or above UB, fathomed
354    25     20         0.1500     2.7500     1733.3333  % 
LB close or above UB, fathomed
355    24     19         0.1500     2.7500     1733.3333  % 
LB close or above UB, fathomed
356    23     17         0.1500     2.7500     1733.3333  % 
LB close or above UB, fathomed
357    22     15         0.1500     2.7500     1733.3333  % 
LB close or above UB, fathomed
358    21     14         0.1500     2.7500     1733.3333  % 
LB close or above UB, fathomed
359    20     14         0.1500     2.7500     1733.3333  % 
UB: 2.75
branching on CartesianIndex(1, 5) with c.
360    21     15         0.1500     2.7500     1733.3333  % 
UB: 2.75
branching on CartesianIndex(2, 5) with c.
361    22     16         0.1500     2.7500     1733.3333  % 
UB: 2.75
branching on CartesianIndex(1, 6) with c.
362    23     17         0.1500     2.7500     1733.3333  % 
UB: 2.75
branching on CartesianIndex(2, 6) with c.
363    24     18         0.1500     2.7500     1733.3333  % 
LB close or above UB, fathomed
364    23     18         0.1500     2.7500     1733.3333  % 
UB: 2.75
branching on CartesianIndex(1, 7) with c.
365    24     19         0.1500     2.7500     1733.3333  % 
UB: 2.75
branching on CartesianIndex(2, 7) with c.
366    25     20         0.1500     2.7500     1733.3333  % 
UB: 2.75
branching on 3 with b.
367    26     21         0.1500     2.7500     1733.3333  % 
UB: 2.75
branching on 1 with b.
368    26     22         0.1500     2.7500     1733.3333  % 
UB: 2.75
branching on 2 with b.
369    26     23         0.1500     2.7500     1733.3333  % 
UB: 2.75
branching on 3 with b.
370    27     24         0.1500     2.7500     1733.3333  % 
LB close or above UB, fathomed
371    26     24         0.1500     2.7500     1733.3333  % 
LB close or above UB, fathomed
372    25     21         0.1500     2.7500     1733.3333  % 
LB close or above UB, fathomed
373    24     20         0.1500     2.7500     1733.3333  % 
LB close or above UB, fathomed
374    23     19         0.1500     2.7500     1733.3333  % 
LB close or above UB, fathomed
375    22     17         0.1500     2.7500     1733.3333  % 
LB close or above UB, fathomed
376    21     16         0.1500     2.7500     1733.3333  % 
UB: 2.75
branching on CartesianIndex(1, 6) with c.
377    22     17         0.1500     2.7500     1733.3333  % 
UB: 2.75
branching on CartesianIndex(2, 6) with c.
378    23     18         0.1500     2.7500     1733.3333  % 
LB close or above UB, fathomed
379    22     18         0.1500     2.7500     1733.3333  % 
UB: 2.75
branching on 3 with b.
380    23     19         0.1500     2.7500     1733.3333  % 
UB: 2.75
branching on 1 with b.
381    23     20         0.1500     2.7500     1733.3333  % 
UB: 2.75
branching on CartesianIndex(1, 7) with c.
382    24     21         0.1500     2.7500     1733.3333  % 
UB: 2.75
branching on 2 with b.
383    24     22         0.1500     2.7500     1733.3333  % 
UB: 2.75
branching on CartesianIndex(2, 7) with c.
384    25     23         0.1500     2.7500     1733.3333  % 
UB: 2.75
branching on 3 with b.
385    26     24         0.1500     2.7500     1733.3333  % 
LB close or above UB, fathomed
386    25     24         0.1500     2.7500     1733.3333  % 
LB close or above UB, fathomed
387    24     23         0.1500     2.7500     1733.3333  % 
LB close or above UB, fathomed
388    23     21         0.1500     2.7500     1733.3333  % 
LB close or above UB, fathomed
389    22     19         0.1500     2.7500     1733.3333  % 
LB close or above UB, fathomed
390    21     17         0.1500     2.7500     1733.3333  % 
LB close or above UB, fathomed
391    20     15         0.1500     2.7500     1733.3333  % 
UB: 2.75
branching on 3 with b.
392    21     16         0.1500     2.7500     1733.3333  % 
UB: 2.75
branching on CartesianIndex(1, 6) with c.
393    22     17         0.1500     2.7500     1733.3333  % 
UB: 2.75
branching on CartesianIndex(2, 6) with c.
394    23     18         0.1500     2.7500     1733.3333  % 
LB close or above UB, fathomed
395    22     18         0.1500     2.7500     1733.3333  % 
UB: 2.75
branching on CartesianIndex(1, 7) with c.
396    23     19         0.1500     2.7500     1733.3333  % 
UB: 2.75
branching on CartesianIndex(2, 7) with c.
397    24     20         0.1500     2.7500     1733.3333  % 
UB: 2.75
branching on 1 with b.
398    24     21         0.1500     2.7500     1733.3333  % 
UB: 2.75
branching on 2 with b.
399    24     22         0.1500     2.7500     1733.3333  % 
UB: 2.75
branching on 3 with b.
400    25     23         0.1500     2.7500     1733.3333  % 
LB close or above UB, fathomed
401    24     23         0.1500     2.7500     1733.3333  % 
LB close or above UB, fathomed
402    23     20         0.1500     2.7500     1733.3333  % 
LB close or above UB, fathomed
403    22     19         0.1500     2.7500     1733.3333  % 
LB close or above UB, fathomed
404    21     17         0.1500     2.7500     1733.3333  % 
LB close or above UB, fathomed
405    20     16         0.1500     2.7500     1733.3333  % 
LB close or above UB, fathomed
406    19     15         0.1500     2.7500     1733.3333  % 
LB close or above UB, fathomed
407    18     15         0.1500     2.7500     1733.3333  % 
UB: 2.75
branching on CartesianIndex(1, 5) with c.
408    19     16         0.1500     2.7500     1733.3333  % 
UB: 2.75
branching on 1 with b.
409    19     17         0.1500     2.7500     1733.3333  % 
UB: 2.75
branching on 2 with b.
410    20     18         0.1500     2.7500     1733.3333  % 
UB: 2.75
branching on CartesianIndex(2, 5) with c.
411    21     19         0.1500     2.7500     1733.3333  % 
UB: 2.75
branching on CartesianIndex(1, 6) with c.
412    22     20         0.1500     2.7500     1733.3333  % 
UB: 2.75
branching on CartesianIndex(2, 6) with c.
413    23     21         0.1500     2.7500     1733.3333  % 
LB close or above UB, fathomed
414    22     21         0.1500     2.7500     1733.3333  % 
UB: 2.75
branching on CartesianIndex(1, 7) with c.
415    23     22         0.1500     2.7500     1733.3333  % 
UB: 2.75
branching on CartesianIndex(2, 7) with c.
416    24     23         0.1500     2.7500     1733.3333  % 
UB: 2.75
branching on 3 with b.
417    25     24         0.1500     2.7500     1733.3333  % 
LB close or above UB, fathomed
418    24     24         0.1500     2.7500     1733.3333  % 
LB close or above UB, fathomed
419    23     23         0.1500     2.7500     1733.3333  % 
LB close or above UB, fathomed
420    22     22         0.1500     2.7500     1733.3333  % 
LB close or above UB, fathomed
421    21     20         0.1500     2.7500     1733.3333  % 
LB close or above UB, fathomed
422    20     19         0.1500     2.7500     1733.3333  % 
UB: 2.75
branching on CartesianIndex(1, 6) with c.
423    21     20         0.1500     2.7500     1733.3333  % 
UB: 2.75
branching on CartesianIndex(2, 6) with c.
424    22     21         0.1500     2.7500     1733.3333  % 
LB close or above UB, fathomed
425    21     21         0.1500     2.7500     1733.3333  % 
UB: 2.75
branching on CartesianIndex(1, 7) with c.
426    22     22         0.1500     2.7500     1733.3333  % 
UB: 2.75
branching on CartesianIndex(2, 7) with c.
427    23     23         0.1500     2.7500     1733.3333  % 
UB: 2.75
branching on 3 with b.
428    24     24         0.1500     2.7500     1733.3333  % 
LB close or above UB, fathomed
429    23     24         0.1500     2.7500     1733.3333  % 
LB close or above UB, fathomed
430    22     23         0.1500     2.7500     1733.3333  % 
LB close or above UB, fathomed
431    21     22         0.1500     2.7500     1733.3333  % 
LB close or above UB, fathomed
432    20     20         0.1500     2.7500     1733.3333  % 
LB close or above UB, fathomed
433    19     18         0.1500     2.7500     1733.3333  % 
UB: 2.75
branching on CartesianIndex(2, 5) with c.
434    20     19         0.1500     2.7500     1733.3333  % 
UB: 2.75
branching on CartesianIndex(1, 6) with c.
435    21     20         0.1500     2.7500     1733.3333  % 
UB: 2.75
branching on 3 with b.
436    22     21         0.1500     2.7500     1733.3333  % 
LB close or above UB, fathomed
437    21     21         0.1500     2.7500     1733.3333  % 
LB close or above UB, fathomed
438    20     20         0.1500     2.7500     1733.3333  % 
LB close or above UB, fathomed
439    19     19         0.1500     2.7500     1733.3333  % 
UB: 2.75
branching on CartesianIndex(1, 6) with c.
440    20     20         0.1500     2.7500     1733.3333  % 
UB: 2.75
branching on CartesianIndex(2, 6) with c.
441    21     21         0.1500     2.7500     1733.3333  % 
LB close or above UB, fathomed
442    20     21         0.1500     2.7500     1733.3333  % 
UB: 2.75
branching on CartesianIndex(1, 7) with c.
443    21     22         0.1500     2.7500     1733.3333  % 
UB: 2.75
branching on CartesianIndex(2, 7) with c.
444    22     23         0.1500     2.7500     1733.3333  % 
UB: 2.75
branching on 3 with b.
445    23     24         0.1500     2.7500     1733.3333  % 
LB close or above UB, fathomed
446    22     24         0.1500     2.7500     1733.3333  % 
LB close or above UB, fathomed
447    21     23         0.1500     2.7500     1733.3333  % 
LB close or above UB, fathomed
448    20     22         0.1500     2.7500     1733.3333  % 
LB close or above UB, fathomed
449    19     20         0.1500     2.7500     1733.3333  % 
LB close or above UB, fathomed
450    18     16         0.1500     2.7500     1733.3333  % 
UB: 2.75
branching on CartesianIndex(1, 6) with c.
451    19     17         0.1500     2.7500     1733.3333  % 
UB: 2.75
branching on CartesianIndex(2, 6) with c.
452    20     18         0.1500     2.7500     1733.3333  % 
LB close or above UB, fathomed
453    19     18         0.1500     2.7500     1733.3333  % 
UB: 2.75
branching on CartesianIndex(1, 7) with c.
454    20     19         0.1500     2.7500     1733.3333  % 
UB: 2.75
branching on CartesianIndex(2, 7) with c.
455    21     20         0.1500     2.7500     1733.3333  % 
UB: 2.75
branching on 1 with b.
456    21     21         0.1500     2.7500     1733.3333  % 
UB: 2.75
branching on 2 with b.
457    22     22         0.1500     2.7500     1733.3333  % 
UB: 2.75
branching on 3 with b.
458    23     23         0.1500     2.7500     1733.3333  % 
LB close or above UB, fathomed
459    22     23         0.1500     2.7500     1733.3333  % 
LB close or above UB, fathomed
460    21     22         0.1500     2.7500     1733.3333  % 
UB: 2.75
branching on 3 with b.
461    22     23         0.1500     2.7500     1733.3333  % 
LB close or above UB, fathomed
462    21     23         0.1500     2.7500     1733.3333  % 
LB close or above UB, fathomed
463    20     20         0.1500     2.7500     1733.3333  % 
LB close or above UB, fathomed
464    19     19         0.1500     2.7500     1733.3333  % 
LB close or above UB, fathomed
465    18     17         0.1500     2.7500     1733.3333  % 
LB close or above UB, fathomed
466    17     21         0.1500     2.7500     1733.3333  % 
UB: 2.75
branching on 2 with b.
467    18     22         0.1500     2.7500     1733.3333  % 
UB: 2.75
branching on 3 with b.
468    19     23         0.1500     2.7500     1733.3333  % 
LB close or above UB, fathomed
469    18     23         0.1500     2.7500     1733.3333  % 
LB close or above UB, fathomed
470    17     22         0.1500     2.7500     1733.3333  % 
UB: 2.75
branching on 3 with b.
471    18     23         0.1500     2.7500     1733.3333  % 
LB close or above UB, fathomed
472    17     23         0.1500     2.7500     1733.3333  % 
LB close or above UB, fathomed
473    16     13         0.1500     2.7500     1733.3333  % 
UB: 2.75
branching on CartesianIndex(1, 5) with c.
474    17     14         0.1500     2.7500     1733.3333  % 
LB close or above UB, fathomed
475    16     14         0.1500     2.7500     1733.3333  % 
UB: 2.75
branching on CartesianIndex(1, 6) with c.
476    17     15         0.1500     2.7500     1733.3333  % 
UB: 2.75
branching on CartesianIndex(2, 6) with c.
477    18     16         0.1500     2.7500     1733.3333  % 
LB close or above UB, fathomed
478    17     16         0.1500     2.7500     1733.3333  % 
UB: 2.75
branching on 1 with b.
479    17     17         0.1500     2.7500     1733.3333  % 
UB: 2.75
branching on CartesianIndex(1, 7) with c.
480    18     18         0.1500     2.7500     1733.3333  % 
UB: 2.75
branching on CartesianIndex(2, 7) with c.
481    19     19         0.1500     2.7500     1733.3333  % 
UB: 2.75
branching on 2 with b.
482    20     20         0.1500     2.7500     1733.3333  % 
UB: 2.75
branching on 3 with b.
483    21     21         0.1500     2.7500     1733.3333  % 
UB: 2.75
branching on 1 with b.
484    21     22         0.1500     2.7500     1733.3333  % 
UB: 2.75
branching on 2 with b.
485    21     23         0.1500     2.7500     1733.3333  % 
UB: 2.75
branching on 3 with b.
486    22     24         0.1500     2.7500     1733.3333  % 
LB close or above UB, fathomed
487    21     24         0.1500     2.7500     1733.3333  % 
LB close or above UB, fathomed
488    20     21         0.1500     2.7500     1733.3333  % 
LB close or above UB, fathomed
489    19     20         0.1500     2.7500     1733.3333  % 
LB close or above UB, fathomed
490    18     19         0.1500     2.7500     1733.3333  % 
LB close or above UB, fathomed
491    17     18         0.1500     2.7500     1733.3333  % 
LB close or above UB, fathomed
492    16     15         0.1500     2.7500     1733.3333  % 
LB close or above UB, fathomed
493    15     13         0.1500     2.7500     1733.3333  % 
UB: 2.75
branching on CartesianIndex(1, 5) with c.
494    16     14         0.1500     2.7500     1733.3333  % 
LB close or above UB, fathomed
495    15     14         0.1500     2.7500     1733.3333  % 
UB: 2.75
branching on CartesianIndex(1, 6) with c.
496    16     15         0.1500     2.7500     1733.3333  % 
UB: 2.75
branching on CartesianIndex(2, 6) with c.
497    17     16         0.1500     2.7500     1733.3333  % 
LB close or above UB, fathomed
498    16     16         0.1500     2.7500     1733.3333  % 
UB: 2.75
branching on CartesianIndex(1, 7) with c.
499    17     17         0.1500     2.7500     1733.3333  % 
UB: 2.75
branching on CartesianIndex(2, 7) with c.
500    18     18         0.1500     2.7500     1733.3333  % 
UB: 2.75
branching on 1 with b.
501    18     19         0.1500     2.7500     1733.3333  % 
UB: 2.75
branching on 2 with b.
502    19     20         0.1500     2.7500     1733.3333  % 
UB: 2.75
branching on 3 with b.
503    20     21         0.1500     2.7500     1733.3333  % 
UB: 2.75
branching on 1 with b.
504    20     22         0.1500     2.7500     1733.3333  % 
UB: 2.75
branching on 2 with b.
505    20     23         0.1500     2.7500     1733.3333  % 
UB: 2.75
branching on 3 with b.
506    21     24         0.1500     2.7500     1733.3333  % 
LB close or above UB, fathomed
507    20     24         0.1500     2.7500     1733.3333  % 
LB close or above UB, fathomed
508    19     21         0.1500     2.7500     1733.3333  % 
LB close or above UB, fathomed
509    18     20         0.1500     2.7500     1733.3333  % 
LB close or above UB, fathomed
510    17     18         0.1500     2.7500     1733.3333  % 
LB close or above UB, fathomed
511    16     17         0.1500     2.7500     1733.3333  % 
LB close or above UB, fathomed
512    15     15         0.1500     2.7500     1733.3333  % 
LB close or above UB, fathomed
513    14     17         2.7000     2.7500     1.8519     % 
UB: 2.75
branching on 3 with b.
514    14     18         2.7000     2.7500     1.8519     % 
UB: 2.75
branching on 1 with b.
515    15     19         2.7000     2.7500     1.8519     % 
LB close or above UB, fathomed
516    14     19         2.7000     2.7500     1.8519     % 
LB close or above UB, fathomed
517    13     19         2.7000     2.7500     1.8519     % 
LB close or above UB, fathomed
518    12     19         2.7000     2.7500     1.8519     % 
LB close or above UB, fathomed
519    11     19         2.7000     2.7500     1.8519     % 
LB close or above UB, fathomed
520    10     19         2.7000     2.7500     1.8519     % 
LB close or above UB, fathomed
521    9      13         2.7000     2.7500     1.8519     % 
LB close or above UB, fathomed
522    8      13         2.7000     2.7500     1.8519     % 
UB: 2.75
branching on CartesianIndex(2, 7) with c.
523    9      14         2.7000     2.7500     1.8519     % 
UB: 2.75
branching on 1 with b.
524    9      15         2.7000     2.7500     1.8519     % 
UB: 2.75
branching on 3 with b.
525    10     16         2.7000     2.7500     1.8519     % 
UB: 2.75
branching on 1 with b.
526    10     17         2.7000     2.7500     1.8519     % 
UB: 2.75
branching on 3 with b.
527    11     18         2.7000     2.7500     1.8519     % 
LB close or above UB, fathomed
528    10     18         2.7000     2.7500     1.8519     % 
LB close or above UB, fathomed
529    9      16         2.7000     2.7500     1.8519     % 
LB close or above UB, fathomed
530    8      14         2.7000     2.7500     1.8519     % 
LB close or above UB, fathomed
531    7      6          2.7000     2.7500     1.8519     % 
UB: 2.75
branching on 1 with b.
532    8      6          2.7000     2.7500     1.8519     % 
UB: 2.75
branching on 1 with b.
533    9      7          2.7000     2.7500     1.8519     % 
UB: 2.75
branching on 2 with b.
534    10     8          2.7000     2.7500     1.8519     % 
UB: 2.75
branching on CartesianIndex(1, 2) with a.
535    11     9          2.7000     2.7500     1.8519     % 
UB: 2.75
branching on 1 with b.
536    12     10         2.7000     2.7500     1.8519     % 
LB close or above UB, fathomed
537    11     10         2.7000     2.7500     1.8519     % 
UB: 2.75
branching on 2 with b.
538    12     9          2.7000     2.7500     1.8519     % 
UB: 2.75
branching on CartesianIndex(1, 4) with c.
539    13     10         2.7000     2.7500     1.8519     % 
LB close or above UB, fathomed
540    12     10         2.7000     2.7500     1.8519     % 
UB: 2.75
branching on CartesianIndex(1, 5) with c.
541    13     11         2.7000     2.7500     1.8519     % 
UB: 2.75
branching on 1 with b.
542    14     12         2.7000     2.7500     1.8519     % 
LB close or above UB, fathomed
543    13     12         2.7000     2.7500     1.8519     % 
LB close or above UB, fathomed
544    12     11         2.7000     2.7500     1.8519     % 
LB close or above UB, fathomed
545    11     8          2.7000     2.7500     1.8519     % 
UB: 2.75
branching on CartesianIndex(1, 2) with a.
546    12     9          2.7000     2.7500     1.8519     % 
UB: 2.75
branching on 1 with b.
547    13     10         2.7000     2.7500     1.8519     % 
LB close or above UB, fathomed
548    12     10         2.7000     2.7500     1.8519     % 
LB close or above UB, fathomed
549    11     9          2.7000     2.7500     1.8519     % 
UB: 2.75
branching on CartesianIndex(1, 4) with c.
550    12     10         2.7000     2.7500     1.8519     % 
LB close or above UB, fathomed
551    11     10         2.7000     2.7500     1.8519     % 
LB close or above UB, fathomed
552    10     7          2.7000     2.7500     1.8519     % 
UB: 2.75
branching on 2 with b.
553    11     7          2.7000     2.7500     1.8519     % 
UB: 2.75
branching on CartesianIndex(1, 3) with a.
554    12     8          2.7000     2.7500     1.8519     % 
UB: 2.75
branching on CartesianIndex(1, 5) with c.
555    13     9          2.7000     2.7500     1.8519     % 
LB close or above UB, fathomed
556    12     9          2.7000     2.7500     1.8519     % 
LB close or above UB, fathomed
557    11     8          2.7000     2.7500     1.8519     % 
UB: 2.75
branching on CartesianIndex(1, 5) with c.
558    12     9          2.7000     2.7500     1.8519     % 
LB close or above UB, fathomed
559    11     9          2.7000     2.7500     1.8519     % 
LB close or above UB, fathomed
560    10     7          2.7000     2.7500     1.8519     % 
LB close or above UB, fathomed
561    9      7          2.7000     2.7500     1.8519     % 
UB: 2.75
branching on 1 with b.
562    10     8          2.7000     2.7500     1.8519     % 
LB close or above UB, fathomed
563    9      8          2.7000     2.7500     1.8519     % 
UB: 2.75
branching on CartesianIndex(1, 5) with c.
564    10     9          2.7000     2.7500     1.8519     % 
LB close or above UB, fathomed
565    9      9          2.7000     2.7500     1.8519     % 
UB: 2.75
branching on 3 with b.
566    10     10         2.7000     2.7500     1.8519     % 
LB close or above UB, fathomed
567    9      10         2.7000     2.7500     1.8519     % 
UB: 2.75
branching on CartesianIndex(1, 6) with c.
568    10     11         2.7000     2.7500     1.8519     % 
UB: 2.75
branching on 1 with b.
569    10     12         2.7000     2.7500     1.8519     % 
UB: 2.75
branching on CartesianIndex(2, 6) with c.
570    11     13         2.7000     2.7500     1.8519     % 
LB close or above UB, fathomed
571    10     13         2.7000     2.7500     1.8519     % 
LB close or above UB, fathomed
572    9      11         2.7000     2.7500     1.8519     % 
LB close or above UB, fathomed
573    8      7          2.7000     2.7500     1.8519     % 
LB close or above UB, fathomed
574    7      8          2.7000     2.7500     1.8519     % 
UB: 2.75
branching on 1 with b.
575    7      9          2.7000     2.7500     1.8519     % 
UB: 2.75
branching on CartesianIndex(1, 2) with a.
576    8      10         2.7000     2.7500     1.8519     % 
UB: 2.75
branching on CartesianIndex(1, 4) with c.
577    9      11         2.7000     2.7500     1.8519     % 
LB close or above UB, fathomed
578    8      11         2.7000     2.7500     1.8519     % 
UB: 2.75
branching on CartesianIndex(1, 5) with c.
579    9      12         2.7000     2.7500     1.8519     % 
UB: 2.75
branching on CartesianIndex(2, 5) with c.
580    10     13         2.7000     2.7500     1.8519     % 
LB close or above UB, fathomed
581    9      13         2.7000     2.7500     1.8519     % 
UB: 2.75
branching on 2 with b.
582    10     14         2.7000     2.7500     1.8519     % 
LB close or above UB, fathomed
583    9      14         2.7000     2.7500     1.8519     % 
UB: 2.75
branching on CartesianIndex(1, 7) with c.
584    10     15         2.7000     2.7500     1.8519     % 
UB: 2.75
branching on CartesianIndex(2, 7) with c.
585    11     16         2.7000     2.7500     1.8519     % 
UB: 2.75
branching on 1 with b.
586    11     17         2.7000     2.7500     1.8519     % 
UB: 2.75
branching on 2 with b.
587    11     18         2.7000     2.7500     1.8519     % 
UB: 2.75
branching on 1 with b.
588    12     19         2.7000     2.7500     1.8519     % 
UB: 2.75
branching on 2 with b.
589    12     20         2.7000     2.7500     1.8519     % 
UB: 2.75
branching on 1 with b.
590    12     21         2.7000     2.7500     1.8519     % 
UB: 2.75
branching on 2 with b.
591    13     22         2.7000     2.7500     1.8519     % 
LB close or above UB, fathomed
592    12     22         2.7000     2.7500     1.8519     % 
LB close or above UB, fathomed
593    11     19         2.7000     2.7500     1.8519     % 
LB close or above UB, fathomed
594    10     16         2.7000     2.7500     1.8519     % 
LB close or above UB, fathomed
595    9      15         2.7000     2.7500     1.8519     % 
LB close or above UB, fathomed
596    8      12         2.7000     2.7500     1.8519     % 
LB close or above UB, fathomed
597    7      10         2.7000     2.7500     1.8519     % 
LB close or above UB, fathomed
598    6      8          2.7000     2.7500     1.8519     % 
UB: 2.75
branching on CartesianIndex(1, 2) with a.
599    7      9          2.7000     2.7500     1.8519     % 
LB close or above UB, fathomed
600    6      9          2.7000     2.7500     1.8519     % 
LB close or above UB, fathomed
601    5      11         2.7000     2.7500     1.8519     % 
LB close or above UB, fathomed
602    4      11         2.7000     2.7500     1.8519     % 
UB: 2.75
branching on CartesianIndex(1, 4) with c.
603    5      12         2.7000     2.7500     1.8519     % 
LB close or above UB, fathomed
604    4      12         2.7000     2.7500     1.8519     % 
UB: 2.75
branching on CartesianIndex(1, 5) with c.
605    5      13         2.7000     2.7500     1.8519     % 
UB: 2.75
branching on CartesianIndex(2, 5) with c.
606    6      14         2.7000     2.7500     1.8519     % 
LB close or above UB, fathomed
607    5      14         2.7000     2.7500     1.8519     % 
UB: 2.75
branching on CartesianIndex(1, 7) with c.
608    6      15         2.7000     2.7500     1.8519     % 
UB: 2.75
branching on CartesianIndex(2, 7) with c.
609    7      16         2.7000     2.7500     1.8519     % 
UB: 2.75
branching on 1 with b.
610    7      17         2.7000     2.7500     1.8519     % 
UB: 2.75
branching on 2 with b.
611    7      18         2.7000     2.7500     1.8519     % 
UB: 2.75
branching on 1 with b.
612    7      19         2.7000     2.7500     1.8519     % 
UB: 2.75
branching on 2 with b.
613    7      20         2.7000     2.7500     1.8519     % 
UB: 2.75
branching on 1 with b.
614    7      21         2.7000     2.7500     1.8519     % 
UB: 2.75
branching on 2 with b.
615    8      22         2.7000     2.7500     1.8519     % 
LB close or above UB, fathomed
616    7      22         2.7000     2.7500     1.8519     % 
LB close or above UB, fathomed
617    6      16         2.7000     2.7500     1.8519     % 
LB close or above UB, fathomed
618    5      15         2.7000     2.7500     1.8519     % 
LB close or above UB, fathomed
619    4      13         2.7000     2.7500     1.8519     % 
LB close or above UB, fathomed
620    3      7          2.7000     2.7500     1.8519     % 
UB: 2.75
branching on 2 with b.
621    4      8          2.7000     2.7500     1.8519     % 
UB: 2.75
branching on CartesianIndex(1, 2) with a.
622    5      9          2.7000     2.7500     1.8519     % 
UB: 2.75
branching on CartesianIndex(1, 4) with c.
623    6      10         2.7000     2.7500     1.8519     % 
LB close or above UB, fathomed
624    5      10         2.7000     2.7500     1.8519     % 
UB: 2.75
branching on 1 with b.
625    6      11         2.7000     2.7500     1.8519     % 
LB close or above UB, fathomed
626    5      11         2.7000     2.7500     1.8519     % 
LB close or above UB, fathomed
627    4      9          2.7000     2.7500     1.8519     % 
LB close or above UB, fathomed
628    3      8          2.7000     2.7500     1.8519     % 
UB: 2.75
branching on 1 with b.
629    4      9          2.7000     2.7500     1.8519     % 
LB close or above UB, fathomed
630    3      9          2.7000     2.7500     1.8519     % 
LB close or above UB, fathomed
631    2      7          2.7000     2.7500     1.8519     % 
LB close or above UB, fathomed
632    1      7          2.7000     2.7500     1.8519     % 
UB: 2.75
branching on CartesianIndex(1, 5) with c.
633    2      8          2.7000     2.7500     1.8519     % 
LB close or above UB, fathomed
634    1      8          2.7000     2.7500     1.8519     % 
LB close or above UB, fathomed
635    0      7          2.7000     2.7500     1.8519     % 
UB: 2.75
branching on 1 with b.
636    1      8          2.7000     2.7500     1.8519     % 
UB: 2.75
branching on 3 with b.
637    2      9          2.7000     2.7500     1.8519     % 
LB close or above UB, fathomed
638    1      9          2.7000     2.7500     1.8519     % 
UB: 2.75
branching on CartesianIndex(1, 5) with c.
639    2      10         2.7000     2.7500     1.8519     % 
LB close or above UB, fathomed
640    1      10         2.7000     2.7500     1.8519     % 
UB: 2.75
branching on CartesianIndex(1, 6) with c.
641    2      11         2.7000     2.7500     1.8519     % 
UB: 2.75
branching on CartesianIndex(2, 6) with c.
642    3      12         2.7000     2.7500     1.8519     % 
LB close or above UB, fathomed
643    2      12         2.7000     2.7500     1.8519     % 
UB: 2.75
branching on CartesianIndex(1, 7) with c.
644    3      13         2.7000     2.7500     1.8519     % 
UB: 2.75
branching on CartesianIndex(2, 7) with c.
645    4      14         2.7000     2.7500     1.8519     % 
UB: 2.75
branching on 1 with b.
646    4      15         2.7000     2.7500     1.8519     % 
UB: 2.75
branching on 3 with b.
647    5      16         2.7000     2.7500     1.8519     % 
UB: 2.75
branching on 1 with b.
648    6      17         2.7000     2.7500     1.8519     % 
LB close or above UB, fathomed
649    5      17         2.7000     2.7500     1.8519     % 
UB: 2.75
branching on 3 with b.
650    6      18         2.7000     2.7500     1.8519     % 
LB close or above UB, fathomed
651    5      18         2.7000     2.7500     1.8519     % 
LB close or above UB, fathomed
652    4      16         2.7000     2.7500     1.8519     % 
LB close or above UB, fathomed
653    3      14         2.7000     2.7500     1.8519     % 
LB close or above UB, fathomed
654    2      13         2.7000     2.7500     1.8519     % 
LB close or above UB, fathomed
655    1      11         2.7000     2.7500     1.8519     % 
LB close or above UB, fathomed
656    0      8          2.7000     2.7500     1.8519     % 
UB: 2.75
branching on 3 with b.
657    1      9          2.7000     2.7500     1.8519     % 
LB close or above UB, fathomed
658    0      9          2.7000     2.7500     1.8519     % 
UB: 2.75
branching on 1 with b.
659    0      10         2.7000     2.7500     1.8519     % 
UB: 2.75
branching on 3 with b.
660    1      11         2.7000     2.7500     1.8519     % 
UB: 2.75
branching on CartesianIndex(1, 5) with c.
661    2      12         2.7000     2.7500     1.8519     % 
LB close or above UB, fathomed
662    1      12         2.7000     2.7500     1.8519     % 
UB: 2.75
branching on CartesianIndex(1, 6) with c.
663    2      13         2.7000     2.7500     1.8519     % 
UB: 2.75
branching on CartesianIndex(2, 6) with c.
664    3      14         2.7000     2.7500     1.8519     % 
LB close or above UB, fathomed
665    2      14         2.7000     2.7500     1.8519     % 
UB: 2.75
branching on CartesianIndex(1, 7) with c.
666    3      15         2.7000     2.7500     1.8519     % 
UB: 2.75
branching on CartesianIndex(2, 7) with c.
667    4      16         2.7000     2.7500     1.8519     % 
UB: 2.75
branching on 1 with b.
668    4      17         2.7000     2.7500     1.8519     % 
UB: 2.75
branching on 3 with b.
669    5      18         2.7000     2.7500     1.8519     % 
LB close or above UB, fathomed
670    4      18         2.7000     2.7500     1.8519     % 
LB close or above UB, fathomed
671    3      16         2.7000     2.7500     1.8519     % 
LB close or above UB, fathomed
672    2      15         2.7000     2.7500     1.8519     % 
LB close or above UB, fathomed
673    1      13         2.7000     2.7500     1.8519     % 
LB close or above UB, fathomed
674    0      11         2.7000     2.7500     1.8519     % 
LB close or above UB, fathomed
all node solved
solved nodes:  675
675                                                   2.7333e+00     2.7500e+00     0.6098  % 
2×3 Matrix{Float64}:
 0.0  0.0  1.0
 1.0  1.0  0.0
3-element Vector{Float64}:
 0.34805954245148496
 0.17110708519069728
 0.7913352393119616
3×7 Matrix{Float64}:
 0.0  0.0  0.0  1.0  0.0  0.0  0.0
 0.0  0.0  0.0  0.0  1.0  1.0  0.0
 0.0  0.0  0.0  0.0  0.0  0.0  1.0
3-element Vector{Float64}:
 1.0
 1.0
 1.0
2×3 Matrix{Float64}:
 1.0   1.0  -0.0
 0.0  -0.0   1.0
3-element Vector{Float64}:
 0.5817207829293443
 0.12466610761663977
 0.026777657426555024
3×7 Matrix{Float64}:
 0.0  0.0  0.0   1.0  0.0  1.0  0.0
 0.0  0.0  0.0  -0.0  1.0  0.0  0.0
 0.0  0.0  0.0   0.0  0.0  0.0  1.0
3-element Vector{Float64}:
 1.0
 1.0
 1.0
comparison (CRT and Glb)on prediction: Dict{Bool, Int64}(0 => 1, 1 => 3)
Dataname	 time	 objv	 lb	 gap	 train_w	 train_g	 test_w	 test_g
small_toy_804.small_toy	 57.86	 2.75	 2.733	 0.0061	 77.778	 88.889	 75.0	 50.0
