Running 2 processes.
Start training small_toy_959.small_toy with seed 1.
Any[]
(2, 13)
(2, 6)
(2, 3)
(2, 4)
dimension: 2, class: 3
cart cost: 2.7000000000000006
size of X: (2, 9)
ngroups: 2
UB: 2.6999999999999993
Iter	left	lev	LB	UB	gap	
0      0      1          0.1000     2.7000     2600.0000  % 
UB: 2.6999999999999993
branching on 1 with d.
1      1      2          0.1000     2.7000     2600.0000  % 
LB close or above UB, fathomed
2      0      2          0.1000     2.7000     2600.0000  % 
UB: 2.6999999999999993
branching on 2 with d.
3      1      3          0.1000     2.7000     2600.0000  % 
UB: 2.6999999999999993
branching on 3 with d.
4      2      4          0.1000     2.7000     2600.0000  % 
LB close or above UB, fathomed
5      1      4          0.1000     2.7000     2600.0000  % 
UB: 2.6999999999999993
branching on CartesianIndex(1, 1) with a.
6      2      5          0.1000     2.7000     2600.0000  % 
UB: 2.6999999999999993
branching on CartesianIndex(1, 3) with a.
7      3      6          0.1000     2.7000     2600.0000  % 
UB: 2.6999999999999993
branching on 1 with b.
8      4      7          0.1000     2.7000     2600.0000  % 
UB: 2.6999999999999993
branching on CartesianIndex(1, 5) with c.
9      5      8          0.1000     2.7000     2600.0000  % 
LB close or above UB, fathomed
10     4      8          0.1000     2.7000     2600.0000  % 
UB: 2.6999999999999993
branching on CartesianIndex(1, 6) with c.
11     5      9          0.1000     2.7000     2600.0000  % 
UB: 2.6999999999999993
branching on 1 with b.
12     6      10         0.1000     2.7000     2600.0000  % 
LB close or above UB, fathomed
13     5      10         0.1000     2.7000     2600.0000  % 
UB: 2.6999999999999993
branching on 3 with b.
14     6      11         0.1000     2.7000     2600.0000  % 
LB close or above UB, fathomed
15     5      11         0.1000     2.7000     2600.0000  % 
LB close or above UB, fathomed
16     4      9          0.1000     2.7000     2600.0000  % 
LB close or above UB, fathomed
17     3      7          0.1000     2.7000     2600.0000  % 
LB close or above UB, fathomed
18     2      6          0.1000     2.7000     2600.0000  % 
LB close or above UB, fathomed
19     1      5          0.1000     2.7000     2600.0000  % 
LB close or above UB, fathomed
20     0      3          0.1000     2.7000     2600.0000  % 
UB: 2.6999999999999993
branching on 3 with d.
21     1      4          0.1000     2.7000     2600.0000  % 
UB: 2.6999999999999993
branching on CartesianIndex(1, 1) with a.
22     2      5          0.1000     2.7000     2600.0000  % 
UB: 2.6999999999999993
branching on 1 with b.
23     3      6          0.1000     2.7000     2600.0000  % 
LB close or above UB, fathomed
24     2      6          0.1000     2.7000     2600.0000  % 
LB close or above UB, fathomed
25     1      5          0.1000     2.7000     2600.0000  % 
LB close or above UB, fathomed
26     0      4          0.1000     2.7000     2600.0000  % 
UB: 2.6999999999999993
branching on CartesianIndex(1, 1) with a.
27     1      5          0.1500     2.7000     1700.0000  % 
UB: 2.6999999999999993
branching on CartesianIndex(1, 2) with a.
28     2      6          0.1500     2.7000     1700.0000  % 
UB: 2.6999999999999993
branching on 1 with b.
29     3      7          0.1500     2.7000     1700.0000  % 
UB: 2.6999999999999993
branching on CartesianIndex(1, 3) with a.
30     4      8          0.1500     2.7000     1700.0000  % 
UB: 2.6999999999999993
branching on 1 with b.
31     5      9          0.1500     2.7000     1700.0000  % 
LB close or above UB, fathomed
32     4      9          0.1500     2.7000     1700.0000  % 
UB: 2.6999999999999993
branching on CartesianIndex(1, 4) with c.
33     5      10         0.1500     2.7000     1700.0000  % 
UB: 2.6999999999999993
branching on CartesianIndex(2, 4) with c.
34     6      10         0.1500     2.7000     1700.0000  % 
UB: 2.6999999999999993
branching on CartesianIndex(1, 5) with c.
35     7      11         0.1500     2.7000     1700.0000  % 
UB: 2.6999999999999993
branching on 2 with b.
36     8      12         0.1500     2.7000     1700.0000  % 
UB: 2.6999999999999993
branching on 3 with b.
37     9      13         0.1500     2.7000     1700.0000  % 
LB close or above UB, fathomed
38     8      13         0.1500     2.7000     1700.0000  % 
UB: 2.6999999999999993
branching on CartesianIndex(2, 5) with c.
39     9      14         0.1500     2.7000     1700.0000  % 
UB: 2.6999999999999993
branching on 1 with b.
40     10     15         0.1500     2.7000     1700.0000  % 
UB: 2.6999999999999993
branching on CartesianIndex(1, 6) with c.
41     11     15         0.1500     2.7000     1700.0000  % 
UB: 2.6999999999999993
branching on CartesianIndex(1, 6) with c.
42     12     16         0.1500     2.7000     1700.0000  % 
UB: 2.6999999999999993
branching on CartesianIndex(2, 6) with c.
43     13     17         0.1500     2.7000     1700.0000  % 
LB close or above UB, fathomed
44     12     17         0.1500     2.7000     1700.0000  % 
UB: 2.6999999999999993
branching on CartesianIndex(1, 7) with c.
45     13     18         0.1500     2.7000     1700.0000  % 
UB: 2.6999999999999993
branching on CartesianIndex(2, 7) with c.
46     14     19         0.1500     2.7000     1700.0000  % 
UB: 2.6999999999999993
branching on 2 with b.
47     15     19         0.1500     2.7000     1700.0000  % 
LB close or above UB, fathomed
48     14     18         0.1500     2.7000     1700.0000  % 
LB close or above UB, fathomed
49     13     16         0.1500     2.7000     1700.0000  % 
LB close or above UB, fathomed
50     12     14         0.1500     2.7000     1700.0000  % 
UB: 2.6999999999999993
branching on CartesianIndex(1, 6) with c.
51     13     15         0.1500     2.7000     1700.0000  % 
UB: 2.6999999999999993
branching on CartesianIndex(2, 6) with c.
52     14     16         0.1500     2.7000     1700.0000  % 
UB: 2.6999999999999993
branching on CartesianIndex(1, 7) with c.
53     15     17         0.1500     2.7000     1700.0000  % 
UB: 2.6999999999999993
branching on CartesianIndex(2, 7) with c.
54     16     18         0.1500     2.7000     1700.0000  % 
LB close or above UB, fathomed
55     15     18         0.1500     2.7000     1700.0000  % 
UB: 2.6999999999999993
branching on 1 with b.
56     16     19         0.1500     2.7000     1700.0000  % 
LB close or above UB, fathomed
57     15     19         0.1500     2.7000     1700.0000  % 
LB close or above UB, fathomed
58     14     17         0.1500     2.7000     1700.0000  % 
LB close or above UB, fathomed
59     13     16         0.1500     2.7000     1700.0000  % 
LB close or above UB, fathomed
60     12     15         0.1500     2.7000     1700.0000  % 
LB close or above UB, fathomed
61     11     12         0.1500     2.7000     1700.0000  % 
UB: 2.6999999999999993
branching on CartesianIndex(2, 5) with c.
62     12     13         0.1500     2.7000     1700.0000  % 
UB: 2.6999999999999993
branching on 3 with b.
63     13     14         0.1500     2.7000     1700.0000  % 
LB close or above UB, fathomed
64     12     14         0.1500     2.7000     1700.0000  % 
LB close or above UB, fathomed
65     11     13         0.1500     2.7000     1700.0000  % 
UB: 2.6999999999999993
branching on CartesianIndex(1, 6) with c.
66     12     14         0.1500     2.7000     1700.0000  % 
UB: 2.6999999999999993
branching on 3 with b.
67     13     15         0.1500     2.7000     1700.0000  % 
LB close or above UB, fathomed
68     12     15         0.1500     2.7000     1700.0000  % 
LB close or above UB, fathomed
69     11     14         0.1500     2.7000     1700.0000  % 
LB close or above UB, fathomed
70     10     11         0.1500     2.7000     1700.0000  % 
UB: 2.6999999999999993
branching on CartesianIndex(1, 6) with c.
71     11     12         0.1500     2.7000     1700.0000  % 
UB: 2.6999999999999993
branching on CartesianIndex(2, 6) with c.
72     12     13         0.1500     2.7000     1700.0000  % 
LB close or above UB, fathomed
73     11     13         0.1500     2.7000     1700.0000  % 
LB close or above UB, fathomed
74     10     12         0.1500     2.7000     1700.0000  % 
LB close or above UB, fathomed
75     9      8          0.1500     2.7000     1700.0000  % 
UB: 2.6999999999999993
branching on CartesianIndex(1, 4) with c.
76     10     9          0.1500     2.7000     1700.0000  % 
LB close or above UB, fathomed
77     9      9          0.1500     2.7000     1700.0000  % 
UB: 2.6999999999999993
branching on 1 with b.
78     10     10         0.1500     2.7000     1700.0000  % 
LB close or above UB, fathomed
79     9      10         0.1500     2.7000     1700.0000  % 
UB: 2.6999999999999993
branching on CartesianIndex(1, 5) with c.
80     10     11         0.1500     2.7000     1700.0000  % 
UB: 2.6999999999999993
branching on 2 with b.
81     11     12         0.1500     2.7000     1700.0000  % 
UB: 2.6999999999999993
branching on 3 with b.
82     12     13         0.1500     2.7000     1700.0000  % 
LB close or above UB, fathomed
83     11     13         0.1500     2.7000     1700.0000  % 
UB: 2.6999999999999993
branching on CartesianIndex(2, 5) with c.
84     12     14         0.1500     2.7000     1700.0000  % 
LB close or above UB, fathomed
85     11     14         0.1500     2.7000     1700.0000  % 
UB: 2.6999999999999993
branching on CartesianIndex(1, 6) with c.
86     12     12         0.1500     2.7000     1700.0000  % 
LB close or above UB, fathomed
87     11     11         0.1500     2.7000     1700.0000  % 
LB close or above UB, fathomed
88     10     7          0.1500     2.7000     1700.0000  % 
LB close or above UB, fathomed
89     9      6          0.1500     2.7000     1700.0000  % 
UB: 2.6999999999999993
branching on CartesianIndex(1, 3) with a.
90     10     7          0.1500     2.7000     1700.0000  % 
UB: 2.6999999999999993
branching on CartesianIndex(1, 4) with c.
91     11     8          0.1500     2.7000     1700.0000  % 
UB: 2.6999999999999993
branching on 1 with b.
92     12     9          0.1500     2.7000     1700.0000  % 
UB: 2.6999999999999993
branching on CartesianIndex(2, 4) with c.
93     13     10         0.1500     2.7000     1700.0000  % 
UB: 2.6999999999999993
branching on CartesianIndex(1, 5) with c.
94     14     11         0.1500     2.7000     1700.0000  % 
LB close or above UB, fathomed
95     13     11         0.1500     2.7000     1700.0000  % 
UB: 2.6999999999999993
branching on 1 with b.
96     14     12         0.1500     2.7000     1700.0000  % 
LB close or above UB, fathomed
97     13     12         0.1500     2.7000     1700.0000  % 
UB: 2.6999999999999993
branching on CartesianIndex(1, 6) with c.
98     14     10         0.1500     2.7000     1700.0000  % 
UB: 2.6999999999999993
branching on CartesianIndex(1, 5) with c.
99     15     11         0.1500     2.7000     1700.0000  % 
LB close or above UB, fathomed
100    14     11         0.1500     2.7000     1700.0000  % 
UB: 2.6999999999999993
branching on CartesianIndex(1, 6) with c.
101    15     12         0.1500     2.7000     1700.0000  % 
UB: 2.6999999999999993
branching on CartesianIndex(2, 6) with c.
102    16     13         0.1500     2.7000     1700.0000  % 
LB close or above UB, fathomed
103    15     13         0.1500     2.7000     1700.0000  % 
LB close or above UB, fathomed
104    14     12         0.1500     2.7000     1700.0000  % 
LB close or above UB, fathomed
105    13     9          0.1500     2.7000     1700.0000  % 
LB close or above UB, fathomed
106    12     8          0.1500     2.7000     1700.0000  % 
UB: 2.6999999999999993
branching on 1 with b.
107    13     9          0.1500     2.7000     1700.0000  % 
UB: 2.6999999999999993
branching on CartesianIndex(1, 5) with c.
108    14     10         0.1500     2.7000     1700.0000  % 
UB: 2.6999999999999993
branching on 1 with b.
109    15     11         0.1500     2.7000     1700.0000  % 
LB close or above UB, fathomed
110    14     11         0.1500     2.7000     1700.0000  % 
UB: 2.6999999999999993
branching on CartesianIndex(2, 5) with c.
111    15     12         0.1500     2.7000     1700.0000  % 
UB: 2.6999999999999993
branching on 2 with b.
112    16     13         0.1500     2.7000     1700.0000  % 
LB close or above UB, fathomed
113    15     13         0.1500     2.7000     1700.0000  % 
UB: 2.6999999999999993
branching on CartesianIndex(1, 6) with c.
114    16     14         0.1500     2.7000     1700.0000  % 
UB: 2.6999999999999993
branching on 3 with b.
115    17     15         0.1500     2.7000     1700.0000  % 
LB close or above UB, fathomed
116    16     15         0.1500     2.7000     1700.0000  % 
UB: 2.6999999999999993
branching on CartesianIndex(2, 6) with c.
117    17     16         0.1500     2.7000     1700.0000  % 
LB close or above UB, fathomed
118    16     16         0.1500     2.7000     1700.0000  % 
UB: 2.6999999999999993
branching on CartesianIndex(1, 7) with c.
119    17     17         0.1500     2.7000     1700.0000  % 
UB: 2.6999999999999993
branching on CartesianIndex(2, 7) with c.
120    18     18         0.1500     2.7000     1700.0000  % 
UB: 2.6999999999999993
branching on 1 with b.
121    19     19         0.1500     2.7000     1700.0000  % 
LB close or above UB, fathomed
122    18     19         0.1500     2.7000     1700.0000  % 
UB: 2.6999999999999993
branching on 2 with b.
123    19     18         0.1500     2.7000     1700.0000  % 
LB close or above UB, fathomed
124    18     17         0.1500     2.7000     1700.0000  % 
LB close or above UB, fathomed
125    17     14         0.1500     2.7000     1700.0000  % 
LB close or above UB, fathomed
126    16     12         0.1500     2.7000     1700.0000  % 
UB: 2.6999999999999993
branching on CartesianIndex(1, 6) with c.
127    17     13         0.1500     2.7000     1700.0000  % 
UB: 2.6999999999999993
branching on CartesianIndex(2, 6) with c.
128    18     14         0.1500     2.7000     1700.0000  % 
UB: 2.6999999999999993
branching on 2 with b.
129    19     15         0.1500     2.7000     1700.0000  % 
LB close or above UB, fathomed
130    18     15         0.1500     2.7000     1700.0000  % 
UB: 2.6999999999999993
branching on CartesianIndex(1, 7) with c.
131    19     16         0.1500     2.7000     1700.0000  % 
UB: 2.6999999999999993
branching on 3 with b.
132    20     17         0.1500     2.7000     1700.0000  % 
LB close or above UB, fathomed
133    19     17         0.1500     2.7000     1700.0000  % 
UB: 2.6999999999999993
branching on 1 with b.
134    20     16         0.1500     2.7000     1700.0000  % 
LB close or above UB, fathomed
135    19     14         0.1500     2.7000     1700.0000  % 
LB close or above UB, fathomed
136    18     13         0.1500     2.7000     1700.0000  % 
LB close or above UB, fathomed
137    17     10         0.1500     2.7000     1700.0000  % 
UB: 2.6999999999999993
branching on 1 with b.
138    18     11         0.1500     2.7000     1700.0000  % 
LB close or above UB, fathomed
139    17     11         0.1500     2.7000     1700.0000  % 
UB: 2.6999999999999993
branching on CartesianIndex(1, 6) with c.
140    18     12         0.1500     2.7000     1700.0000  % 
UB: 2.6999999999999993
branching on 2 with b.
141    19     13         0.1500     2.7000     1700.0000  % 
UB: 2.6999999999999993
branching on 3 with b.
142    20     14         0.1500     2.7000     1700.0000  % 
LB close or above UB, fathomed
143    19     14         0.1500     2.7000     1700.0000  % 
LB close or above UB, fathomed
144    18     13         0.1500     2.7000     1700.0000  % 
UB: 2.6999999999999993
branching on 3 with b.
145    19     14         0.1500     2.7000     1700.0000  % 
LB close or above UB, fathomed
146    18     14         0.1500     2.7000     1700.0000  % 
LB close or above UB, fathomed
147    17     12         0.1500     2.7000     1700.0000  % 
LB close or above UB, fathomed
148    16     9          0.1500     2.7000     1700.0000  % 
LB close or above UB, fathomed
149    15     7          0.1500     2.7000     1700.0000  % 
UB: 2.6999999999999993
branching on CartesianIndex(1, 4) with c.
150    16     8          0.1500     2.7000     1700.0000  % 
LB close or above UB, fathomed
151    15     8          0.1500     2.7000     1700.0000  % 
UB: 2.6999999999999993
branching on CartesianIndex(1, 5) with c.
152    16     9          0.1500     2.7000     1700.0000  % 
UB: 2.6999999999999993
branching on 1 with b.
153    17     10         0.1500     2.7000     1700.0000  % 
UB: 2.6999999999999993
branching on 1 with b.
154    18     11         0.1500     2.7000     1700.0000  % 
LB close or above UB, fathomed
155    17     11         0.1500     2.7000     1700.0000  % 
UB: 2.6999999999999993
branching on CartesianIndex(2, 5) with c.
156    18     12         0.1500     2.7000     1700.0000  % 
LB close or above UB, fathomed
157    17     12         0.1500     2.7000     1700.0000  % 
UB: 2.6999999999999993
branching on 2 with b.
158    18     13         0.1500     2.7000     1700.0000  % 
LB close or above UB, fathomed
159    17     13         0.1500     2.7000     1700.0000  % 
UB: 2.6999999999999993
branching on CartesianIndex(1, 6) with c.
160    18     14         0.1500     2.7000     1700.0000  % 
UB: 2.6999999999999993
branching on CartesianIndex(2, 6) with c.
161    19     15         0.1500     2.7000     1700.0000  % 
LB close or above UB, fathomed
162    18     15         0.1500     2.7000     1700.0000  % 
UB: 2.6999999999999993
branching on 3 with b.
163    19     16         0.1500     2.7000     1700.0000  % 
LB close or above UB, fathomed
164    18     16         0.1500     2.7000     1700.0000  % 
UB: 2.6999999999999993
branching on CartesianIndex(1, 7) with c.
165    19     17         0.1500     2.7000     1700.0000  % 
UB: 2.6999999999999993
branching on CartesianIndex(2, 7) with c.
166    20     18         0.1500     2.7000     1700.0000  % 
UB: 2.6999999999999993
branching on 1 with b.
167    21     19         0.1500     2.7000     1700.0000  % 
LB close or above UB, fathomed
168    20     19         0.1500     2.7000     1700.0000  % 
LB close or above UB, fathomed
169    19     18         0.1500     2.7000     1700.0000  % 
LB close or above UB, fathomed
170    18     17         0.1500     2.7000     1700.0000  % 
LB close or above UB, fathomed
171    17     14         0.1500     2.7000     1700.0000  % 
LB close or above UB, fathomed
172    16     10         0.1500     2.7000     1700.0000  % 
LB close or above UB, fathomed
173    15     9          0.1500     2.7000     1700.0000  % 
LB close or above UB, fathomed
174    14     5          0.1500     2.7000     1700.0000  % 
UB: 2.6999999999999993
branching on 1 with b.
175    15     6          0.1500     2.7000     1700.0000  % 
LB close or above UB, fathomed
176    14     6          0.1500     2.7000     1700.0000  % 
UB: 2.6999999999999993
branching on 1 with b.
177    15     7          0.1500     2.7000     1700.0000  % 
UB: 2.6999999999999993
branching on 2 with b.
178    16     8          0.1500     2.7000     1700.0000  % 
UB: 2.6999999999999993
branching on 3 with b.
179    17     9          0.1500     2.7000     1700.0000  % 
UB: 2.6999999999999993
branching on 1 with b.
180    18     9          0.1500     2.7000     1700.0000  % 
UB: 2.6999999999999993
branching on 1 with b.
181    19     10         0.1500     2.7000     1700.0000  % 
LB close or above UB, fathomed
182    18     10         0.1500     2.7000     1700.0000  % 
LB close or above UB, fathomed
183    17     8          0.1500     2.7000     1700.0000  % 
UB: 2.6999999999999993
branching on 3 with b.
184    18     7          0.1500     2.7000     1700.0000  % 
LB close or above UB, fathomed
185    17     20         0.1500     2.7000     1700.0000  % 
UB: 2.6999999999999993
branching on 3 with b.
186    18     21         0.1500     2.7000     1700.0000  % 
UB: 2.6999999999999993
branching on 1 with b.
187    18     22         0.1500     2.7000     1700.0000  % 
UB: 2.6999999999999993
branching on 2 with b.
188    19     23         0.1500     2.7000     1700.0000  % 
LB close or above UB, fathomed
189    18     23         0.1500     2.7000     1700.0000  % 
UB: 2.6999999999999993
branching on 3 with b.
190    19     24         0.1500     2.7000     1700.0000  % 
LB close or above UB, fathomed
191    18     24         0.1500     2.7000     1700.0000  % 
UB: 2.6999999999999993
branching on 1 with b.
192    18     25         0.1500     2.7000     1700.0000  % 
UB: 2.6999999999999993
branching on 2 with b.
193    19     26         0.1500     2.7000     1700.0000  % 
LB close or above UB, fathomed
194    18     26         0.1500     2.7000     1700.0000  % 
UB: 2.6999999999999993
branching on 3 with b.
195    18     27         0.1500     2.7000     1700.0000  % 
LB close or above UB, fathomed
196    17     21         0.1500     2.7000     1700.0000  % 
LB close or above UB, fathomed
197    16     20         0.1500     2.7000     1700.0000  % 
UB: 2.6999999999999993
branching on 3 with b.
198    17     21         0.1500     2.7000     1700.0000  % 
UB: 2.6999999999999993
branching on 1 with b.
199    17     22         0.1500     2.7000     1700.0000  % 
UB: 2.6999999999999993
branching on 2 with b.
200    17     23         0.1500     2.7000     1700.0000  % 
UB: 2.6999999999999993
branching on 3 with b.
201    18     24         0.1500     2.7000     1700.0000  % 
LB close or above UB, fathomed
202    17     24         0.1500     2.7000     1700.0000  % 
UB: 2.6999999999999993
branching on 1 with b.
203    17     25         0.1500     2.7000     1700.0000  % 
UB: 2.6999999999999993
branching on 2 with b.
204    18     26         0.1500     2.7000     1700.0000  % 
UB: 2.6999999999999993
branching on 3 with b.
205    18     27         0.1500     2.7000     1700.0000  % 
LB close or above UB, fathomed
206    17     26         0.1500     2.7000     1700.0000  % 
UB: 2.6999999999999993
branching on 3 with b.
207    17     27         0.1500     2.7000     1700.0000  % 
LB close or above UB, fathomed
208    16     21         0.1500     2.7000     1700.0000  % 
LB close or above UB, fathomed
209    15     15         0.1500     2.7000     1700.0000  % 
UB: 2.6999999999999993
branching on CartesianIndex(2, 6) with c.
210    16     16         0.1500     2.7000     1700.0000  % 
LB close or above UB, fathomed
211    15     16         0.1500     2.7000     1700.0000  % 
UB: 2.6999999999999993
branching on CartesianIndex(1, 7) with c.
212    16     17         0.1500     2.7000     1700.0000  % 
UB: 2.6999999999999993
branching on 1 with b.
213    17     18         0.1500     2.7000     1700.0000  % 
LB close or above UB, fathomed
214    16     18         0.1500     2.7000     1700.0000  % 
LB close or above UB, fathomed
215    15     17         0.1500     2.7000     1700.0000  % 
LB close or above UB, fathomed
216    14     15         0.1500     2.7000     1700.0000  % 
LB close or above UB, fathomed
217    13     20         0.1500     2.7000     1700.0000  % 
LB close or above UB, fathomed
218    12     20         0.1500     2.7000     1700.0000  % 
UB: 2.6999999999999993
branching on 3 with b.
219    13     21         0.1500     2.7000     1700.0000  % 
UB: 2.6999999999999993
branching on 1 with b.
220    13     22         0.1500     2.7000     1700.0000  % 
UB: 2.6999999999999993
branching on 2 with b.
221    14     23         0.1500     2.7000     1700.0000  % 
UB: 2.6999999999999993
branching on 3 with b.
222    15     24         0.1500     2.7000     1700.0000  % 
LB close or above UB, fathomed
223    14     24         0.1500     2.7000     1700.0000  % 
UB: 2.6999999999999993
branching on 1 with b.
224    14     25         0.1500     2.7000     1700.0000  % 
UB: 2.6999999999999993
branching on 2 with b.
225    14     26         0.1500     2.7000     1700.0000  % 
UB: 2.6999999999999993
branching on 3 with b.
226    14     27         0.1500     2.7000     1700.0000  % 
LB close or above UB, fathomed
227    13     23         0.1500     2.7000     1700.0000  % 
LB close or above UB, fathomed
228    12     21         0.1500     2.7000     1700.0000  % 
LB close or above UB, fathomed
229    11     16         0.1500     2.7000     1700.0000  % 
UB: 2.6999999999999993
branching on CartesianIndex(2, 6) with c.
230    12     17         0.1500     2.7000     1700.0000  % 
LB close or above UB, fathomed
231    11     17         0.1500     2.7000     1700.0000  % 
LB close or above UB, fathomed
232    10     16         0.1500     2.7000     1700.0000  % 
LB close or above UB, fathomed
233    9      10         0.1500     2.7000     1700.0000  % 
LB close or above UB, fathomed
234    8      10         0.1500     2.7000     1700.0000  % 
LB close or above UB, fathomed
235    7      9          0.1500     2.7000     1700.0000  % 
UB: 2.6999999999999993
branching on CartesianIndex(1, 2) with a.
236    8      10         0.1500     2.7000     1700.0000  % 
UB: 2.6999999999999993
branching on 1 with b.
237    9      11         0.1500     2.7000     1700.0000  % 
LB close or above UB, fathomed
238    8      11         0.1500     2.7000     1700.0000  % 
LB close or above UB, fathomed
239    7      10         0.1500     2.7000     1700.0000  % 
LB close or above UB, fathomed
240    6      9          0.1500     2.7000     1700.0000  % 
UB: 2.6999999999999993
branching on CartesianIndex(1, 2) with a.
241    7      10         0.1500     2.7000     1700.0000  % 
UB: 2.6999999999999993
branching on CartesianIndex(1, 3) with a.
242    8      11         0.1500     2.7000     1700.0000  % 
LB close or above UB, fathomed
243    7      11         0.1500     2.7000     1700.0000  % 
UB: 2.6999999999999993
branching on CartesianIndex(1, 4) with c.
244    8      12         0.1500     2.7000     1700.0000  % 
LB close or above UB, fathomed
245    7      12         0.1500     2.7000     1700.0000  % 
UB: 2.6999999999999993
branching on CartesianIndex(1, 5) with c.
246    8      13         0.1500     2.7000     1700.0000  % 
UB: 2.6999999999999993
branching on 1 with b.
247    9      14         0.1500     2.7000     1700.0000  % 
LB close or above UB, fathomed
248    8      14         0.1500     2.7000     1700.0000  % 
LB close or above UB, fathomed
249    7      13         0.1500     2.7000     1700.0000  % 
LB close or above UB, fathomed
250    6      10         0.1500     2.7000     1700.0000  % 
LB close or above UB, fathomed
251    5      11         0.1500     2.7000     1700.0000  % 
UB: 2.6999999999999993
branching on CartesianIndex(1, 5) with c.
252    6      12         0.1500     2.7000     1700.0000  % 
LB close or above UB, fathomed
253    5      12         0.1500     2.7000     1700.0000  % 
UB: 2.6999999999999993
branching on CartesianIndex(1, 6) with c.
254    6      13         0.1500     2.7000     1700.0000  % 
UB: 2.6999999999999993
branching on CartesianIndex(2, 6) with c.
255    7      14         0.1500     2.7000     1700.0000  % 
LB close or above UB, fathomed
256    6      14         0.1500     2.7000     1700.0000  % 
LB close or above UB, fathomed
257    5      13         0.1500     2.7000     1700.0000  % 
LB close or above UB, fathomed
258    4      11         0.1500     2.7000     1700.0000  % 
UB: 2.6999999999999993
branching on CartesianIndex(1, 5) with c.
259    5      12         0.1500     2.7000     1700.0000  % 
LB close or above UB, fathomed
260    4      12         0.1500     2.7000     1700.0000  % 
UB: 2.6999999999999993
branching on CartesianIndex(1, 6) with c.
261    5      13         0.1500     2.7000     1700.0000  % 
UB: 2.6999999999999993
branching on 2 with b.
262    6      14         0.1500     2.7000     1700.0000  % 
UB: 2.6999999999999993
branching on 3 with b.
263    7      15         0.1500     2.7000     1700.0000  % 
LB close or above UB, fathomed
264    6      15         0.1500     2.7000     1700.0000  % 
UB: 2.6999999999999993
branching on 1 with b.
265    7      14         0.1500     2.7000     1700.0000  % 
LB close or above UB, fathomed
266    6      13         0.1500     2.7000     1700.0000  % 
LB close or above UB, fathomed
267    5      16         0.1500     2.7000     1700.0000  % 
LB close or above UB, fathomed
268    4      16         0.1500     2.7000     1700.0000  % 
LB close or above UB, fathomed
269    3      18         0.1500     2.7000     1700.0000  % 
LB close or above UB, fathomed
270    2      18         0.1500     2.7000     1700.0000  % 
LB close or above UB, fathomed
271    1      13         0.1500     2.7000     1700.0000  % 
UB: 2.6999999999999993
branching on CartesianIndex(2, 6) with c.
272    2      14         0.1500     2.7000     1700.0000  % 
LB close or above UB, fathomed
273    1      14         0.1500     2.7000     1700.0000  % 
LB close or above UB, fathomed
274    0      13         0.1500     2.7000     1700.0000  % 
LB close or above UB, fathomed
all node solved
solved nodes:  275
275                                                   2.6778e+00     2.7000e+00     0.8299  % 
2×3 Matrix{Float64}:
 0.0  0.0  1.0
 1.0  0.0  0.0
3-element Vector{Float64}:
 0.36675838386314014
 0.0
 0.7961942201975079
3×7 Matrix{Float64}:
 0.0  0.0  0.0  0.0  1.0  0.0  0.0
 0.0  0.0  0.0  0.0  0.0  1.0  0.0
 0.0  0.0  0.0  0.0  0.0  0.0  1.0
3-element Vector{Float64}:
 1.0
 0.0
 1.0
2×3 Matrix{Float64}:
 0.0  0.0  1.0
 1.0  0.0  0.0
3-element Vector{Float64}:
 0.3747739082899384
 0.0
 0.7001721865096873
3×7 Matrix{Float64}:
 0.0  0.0  0.0  0.0  1.0  0.0  0.0
 0.0  0.0  0.0  0.0  0.0  1.0  0.0
 0.0  0.0  0.0  0.0  0.0  0.0  1.0
3-element Vector{Float64}:
 1.0
 0.0
 1.0
comparison (CRT and Glb)on prediction: Dict{Bool, Int64}(0 => 0, 1 => 4)
Dataname	 time	 objv	 lb	 gap	 train_w	 train_g	 test_w	 test_g
small_toy_959.small_toy	 59.4	 2.6999999999999993	 2.678	 0.0083	 88.889	 88.889	 75.0	 75.0
