Running 2 processes.
Start training small_toy_120.small_toy with seed 1.
Any[]
(2, 13)
(2, 6)
(2, 3)
(2, 4)
dimension: 2, class: 3
cart cost: 2.7000000000000006
size of X: (2, 9)
ngroups: 2
UB: 2.6999999999999993
Iter	left	lev	LB	UB	gap	
0      0      1          0.1000     2.7000     2600.0000  % 
UB: 2.6999999999999993
branching on 1 with d.
1      1      2          0.1000     2.7000     2600.0000  % 
LB close or above UB, fathomed
2      0      2          0.1000     2.7000     2600.0000  % 
UB: 2.6999999999999993
branching on 2 with d.
3      1      3          0.1000     2.7000     2600.0000  % 
UB: 2.6999999999999993
branching on 3 with d.
4      2      4          0.1000     2.7000     2600.0000  % 
LB close or above UB, fathomed
5      1      4          0.1000     2.7000     2600.0000  % 
UB: 2.6999999999999993
branching on CartesianIndex(1, 1) with a.
6      2      5          0.1000     2.7000     2600.0000  % 
LB close or above UB, fathomed
7      1      5          0.1000     2.7000     2600.0000  % 
LB close or above UB, fathomed
8      0      3          0.1000     2.7000     2600.0000  % 
UB: 2.6999999999999993
branching on 3 with d.
9      1      4          0.1000     2.7000     2600.0000  % 
UB: 2.6999999999999993
branching on CartesianIndex(1, 1) with a.
10     2      5          0.1000     2.7000     2600.0000  % 
LB close or above UB, fathomed
11     1      5          0.1000     2.7000     2600.0000  % 
UB: 2.6999999999999993
branching on 1 with b.
12     2      6          0.1000     2.7000     2600.0000  % 
LB close or above UB, fathomed
13     1      6          0.1000     2.7000     2600.0000  % 
UB: 2.6999999999999993
branching on 1 with b.
14     2      7          0.1000     2.7000     2600.0000  % 
UB: 2.6999999999999993
branching on CartesianIndex(1, 2) with a.
15     3      8          0.1000     2.7000     2600.0000  % 
LB close or above UB, fathomed
16     2      8          0.1000     2.7000     2600.0000  % 
LB close or above UB, fathomed
17     1      7          0.1000     2.7000     2600.0000  % 
LB close or above UB, fathomed
18     0      4          0.1000     2.7000     2600.0000  % 
UB: 2.6999999999999993
branching on 1 with b.
19     1      5          0.1500     2.7000     1700.0000  % 
UB: 2.6999999999999993
branching on CartesianIndex(1, 1) with a.
20     2      6          0.1500     2.7000     1700.0000  % 
UB: 2.6999999999999993
branching on 1 with b.
21     3      7          0.1500     2.7000     1700.0000  % 
LB close or above UB, fathomed
22     2      7          0.1500     2.7000     1700.0000  % 
UB: 2.6999999999999993
branching on 2 with b.
23     3      8          0.1500     2.7000     1700.0000  % 
UB: 2.6999999999999993
branching on 3 with b.
24     4      9          0.1500     2.7000     1700.0000  % 
LB close or above UB, fathomed
25     3      9          0.1500     2.7000     1700.0000  % 
UB: 2.6999999999999993
branching on CartesianIndex(1, 2) with a.
26     4      10         0.1500     2.7000     1700.0000  % 
UB: 2.6999999999999993
branching on CartesianIndex(1, 3) with a.
27     5      11         0.1500     2.7000     1700.0000  % 
UB: 2.6999999999999993
branching on CartesianIndex(1, 4) with c.
28     6      12         0.1500     2.7000     1700.0000  % 
LB close or above UB, fathomed
29     5      12         0.1500     2.7000     1700.0000  % 
UB: 2.6999999999999993
branching on CartesianIndex(1, 5) with c.
30     6      13         0.1500     2.7000     1700.0000  % 
UB: 2.6999999999999993
branching on CartesianIndex(2, 5) with c.
31     7      14         0.1500     2.7000     1700.0000  % 
LB close or above UB, fathomed
32     6      14         0.1500     2.7000     1700.0000  % 
LB close or above UB, fathomed
33     5      13         0.1500     2.7000     1700.0000  % 
LB close or above UB, fathomed
34     4      11         0.1500     2.7000     1700.0000  % 
UB: 2.6999999999999993
branching on CartesianIndex(1, 4) with c.
35     5      12         0.1500     2.7000     1700.0000  % 
LB close or above UB, fathomed
36     4      12         0.1500     2.7000     1700.0000  % 
UB: 2.6999999999999993
branching on 1 with b.
37     4      10         0.1500     2.7000     1700.0000  % 
UB: 2.6999999999999993
branching on CartesianIndex(1, 3) with a.
38     5      11         0.1500     2.7000     1700.0000  % 
LB close or above UB, fathomed
39     4      11         0.1500     2.7000     1700.0000  % 
UB: 2.6999999999999993
branching on 1 with b.
40     4      12         0.1500     2.7000     1700.0000  % 
UB: 2.6999999999999993
branching on CartesianIndex(1, 4) with c.
41     5      13         0.1500     2.7000     1700.0000  % 
LB close or above UB, fathomed
42     4      13         0.1500     2.7000     1700.0000  % 
UB: 2.6999999999999993
branching on CartesianIndex(1, 5) with c.
43     5      8          0.1500     2.7000     1700.0000  % 
UB: 2.6999999999999993
branching on CartesianIndex(1, 2) with a.
44     6      6          0.1500     2.7000     1700.0000  % 
LB close or above UB, fathomed
45     5      5          0.1500     2.7000     1700.0000  % 
UB: 2.6999999999999993
branching on 1 with b.
46     6      6          0.1500     2.7000     1700.0000  % 
UB: 2.6999999999999993
branching on 2 with b.
47     7      7          0.1500     2.7000     1700.0000  % 
UB: 2.6999999999999993
branching on 3 with b.
48     8      8          0.1500     2.7000     1700.0000  % 
UB: 2.6999999999999993
branching on CartesianIndex(1, 1) with a.
49     9      9          0.1500     2.7000     1700.0000  % 
LB close or above UB, fathomed
50     8      9          0.1500     2.7000     1700.0000  % 
UB: 2.6999999999999993
branching on CartesianIndex(1, 2) with a.
51     9      10         0.1500     2.7000     1700.0000  % 
UB: 2.6999999999999993
branching on CartesianIndex(1, 3) with a.
52     10     10         0.1500     2.7000     1700.0000  % 
LB close or above UB, fathomed
53     9      8          0.1500     2.7000     1700.0000  % 
UB: 2.6999999999999993
branching on CartesianIndex(1, 1) with a.
54     10     9          0.1500     2.7000     1700.0000  % 
LB close or above UB, fathomed
55     9      9          0.1500     2.7000     1700.0000  % 
UB: 2.6999999999999993
branching on CartesianIndex(1, 2) with a.
56     10     10         0.1500     2.7000     1700.0000  % 
UB: 2.6999999999999993
branching on CartesianIndex(1, 3) with a.
57     11     10         0.1500     2.7000     1700.0000  % 
UB: 2.6999999999999993
branching on CartesianIndex(1, 3) with a.
58     12     11         0.1500     2.7000     1700.0000  % 
LB close or above UB, fathomed
59     11     11         0.1500     2.7000     1700.0000  % 
UB: 2.6999999999999993
branching on CartesianIndex(1, 4) with c.
60     12     12         0.1500     2.7000     1700.0000  % 
UB: 2.6999999999999993
branching on CartesianIndex(2, 4) with c.
61     13     12         0.1500     2.7000     1700.0000  % 
LB close or above UB, fathomed
62     12     7          0.1500     2.7000     1700.0000  % 
UB: 2.6999999999999993
branching on 3 with b.
63     13     6          0.1500     2.7000     1700.0000  % 
LB close or above UB, fathomed
64     12     11         0.1500     2.7000     1700.0000  % 
UB: 2.6999999999999993
branching on CartesianIndex(1, 4) with c.
65     13     11         0.1500     2.7000     1700.0000  % 
UB: 2.6999999999999993
branching on CartesianIndex(1, 4) with c.
66     14     12         0.1500     2.7000     1700.0000  % 
LB close or above UB, fathomed
67     13     12         0.1500     2.7000     1700.0000  % 
UB: 2.6999999999999993
branching on CartesianIndex(1, 5) with c.
68     14     13         0.1500     2.7000     1700.0000  % 
UB: 2.6999999999999993
branching on 1 with b.
69     14     14         0.1500     2.7000     1700.0000  % 
UB: 2.6999999999999993
branching on 2 with b.
70     15     15         0.1500     2.7000     1700.0000  % 
LB close or above UB, fathomed
71     14     15         0.1500     2.7000     1700.0000  % 
UB: 2.6999999999999993
branching on CartesianIndex(2, 5) with c.
72     15     16         0.1500     2.7000     1700.0000  % 
LB close or above UB, fathomed
73     14     16         0.1500     2.7000     1700.0000  % 
UB: 2.6999999999999993
branching on CartesianIndex(1, 6) with c.
74     15     17         0.1500     2.7000     1700.0000  % 
UB: 2.6999999999999993
branching on 3 with b.
75     16     18         0.1500     2.7000     1700.0000  % 
UB: 2.6999999999999993
branching on CartesianIndex(2, 6) with c.
76     17     19         0.1500     2.7000     1700.0000  % 
LB close or above UB, fathomed
77     16     19         0.1500     2.7000     1700.0000  % 
UB: 2.6999999999999993
branching on 1 with b.
78     16     20         0.1500     2.7000     1700.0000  % 
UB: 2.6999999999999993
branching on CartesianIndex(1, 7) with c.
79     17     21         0.1500     2.7000     1700.0000  % 
UB: 2.6999999999999993
branching on CartesianIndex(2, 7) with c.
80     18     22         0.1500     2.7000     1700.0000  % 
UB: 2.6999999999999993
branching on 2 with b.
81     18     23         0.1500     2.7000     1700.0000  % 
UB: 2.6999999999999993
branching on 3 with b.
82     18     24         0.1500     2.7000     1700.0000  % 
UB: 2.6999999999999993
branching on 1 with b.
83     19     25         0.1500     2.7000     1700.0000  % 
LB close or above UB, fathomed
84     18     25         0.1500     2.7000     1700.0000  % 
LB close or above UB, fathomed
85     17     22         0.1500     2.7000     1700.0000  % 
LB close or above UB, fathomed
86     16     21         0.1500     2.7000     1700.0000  % 
LB close or above UB, fathomed
87     15     18         0.1500     2.7000     1700.0000  % 
UB: 2.6999999999999993
branching on CartesianIndex(2, 6) with c.
88     16     19         0.1500     2.7000     1700.0000  % 
LB close or above UB, fathomed
89     15     19         0.1500     2.7000     1700.0000  % 
LB close or above UB, fathomed
90     14     17         0.1500     2.7000     1700.0000  % 
LB close or above UB, fathomed
91     13     13         0.1500     2.7000     1700.0000  % 
LB close or above UB, fathomed
92     12     13         0.1500     2.7000     1700.0000  % 
UB: 2.6999999999999993
branching on CartesianIndex(1, 5) with c.
93     13     14         0.1500     2.7000     1700.0000  % 
UB: 2.6999999999999993
branching on CartesianIndex(2, 5) with c.
94     14     15         0.1500     2.7000     1700.0000  % 
LB close or above UB, fathomed
95     13     15         0.1500     2.7000     1700.0000  % 
UB: 2.6999999999999993
branching on CartesianIndex(1, 6) with c.
96     14     16         0.1500     2.7000     1700.0000  % 
LB close or above UB, fathomed
97     13     16         0.1500     2.7000     1700.0000  % 
LB close or above UB, fathomed
98     12     14         0.1500     2.7000     1700.0000  % 
LB close or above UB, fathomed
99     11     9          0.1500     2.7000     1700.0000  % 
LB close or above UB, fathomed
100    10     9          0.1500     2.7000     1700.0000  % 
UB: 2.6999999999999993
branching on CartesianIndex(1, 3) with a.
101    11     10         0.1500     2.7000     1700.0000  % 
UB: 2.6999999999999993
branching on CartesianIndex(1, 4) with c.
102    12     11         0.1500     2.7000     1700.0000  % 
LB close or above UB, fathomed
103    11     11         0.1500     2.7000     1700.0000  % 
UB: 2.6999999999999993
branching on 3 with b.
104    12     12         0.1500     2.7000     1700.0000  % 
LB close or above UB, fathomed
105    11     12         0.1500     2.7000     1700.0000  % 
UB: 2.6999999999999993
branching on 1 with b.
106    11     13         0.1500     2.7000     1700.0000  % 
UB: 2.6999999999999993
branching on 2 with b.
107    12     14         0.1500     2.7000     1700.0000  % 
UB: 2.6999999999999993
branching on CartesianIndex(1, 5) with c.
108    13     15         0.1500     2.7000     1700.0000  % 
UB: 2.6999999999999993
branching on 3 with b.
109    14     16         0.1500     2.7000     1700.0000  % 
UB: 2.6999999999999993
branching on CartesianIndex(2, 5) with c.
110    15     16         0.1500     2.7000     1700.0000  % 
LB close or above UB, fathomed
111    14     15         0.1500     2.7000     1700.0000  % 
LB close or above UB, fathomed
112    13     14         0.1500     2.7000     1700.0000  % 
LB close or above UB, fathomed
113    12     10         0.1500     2.7000     1700.0000  % 
UB: 2.6999999999999993
branching on CartesianIndex(1, 4) with c.
114    13     11         0.1500     2.7000     1700.0000  % 
LB close or above UB, fathomed
115    12     11         0.1500     2.7000     1700.0000  % 
UB: 2.6999999999999993
branching on 3 with b.
116    13     12         0.1500     2.7000     1700.0000  % 
LB close or above UB, fathomed
117    12     12         0.1500     2.7000     1700.0000  % 
UB: 2.6999999999999993
branching on CartesianIndex(1, 5) with c.
118    13     13         0.1500     2.7000     1700.0000  % 
UB: 2.6999999999999993
branching on CartesianIndex(2, 5) with c.
119    14     13         0.1500     2.7000     1700.0000  % 
LB close or above UB, fathomed
120    13     14         0.1500     2.7000     1700.0000  % 
LB close or above UB, fathomed
121    12     14         0.1500     2.7000     1700.0000  % 
UB: 2.6999999999999993
branching on CartesianIndex(1, 6) with c.
122    13     15         0.1500     2.7000     1700.0000  % 
UB: 2.6999999999999993
branching on CartesianIndex(2, 6) with c.
123    14     16         0.1500     2.7000     1700.0000  % 
LB close or above UB, fathomed
124    13     16         0.1500     2.7000     1700.0000  % 
UB: 2.6999999999999993
branching on CartesianIndex(1, 7) with c.
125    14     17         0.1500     2.7000     1700.0000  % 
UB: 2.6999999999999993
branching on CartesianIndex(2, 7) with c.
126    15     18         0.1500     2.7000     1700.0000  % 
UB: 2.6999999999999993
branching on 1 with b.
127    15     19         0.1500     2.7000     1700.0000  % 
UB: 2.6999999999999993
branching on 2 with b.
128    16     20         0.1500     2.7000     1700.0000  % 
UB: 2.6999999999999993
branching on 3 with b.
129    17     21         0.1500     2.7000     1700.0000  % 
UB: 2.6999999999999993
branching on 1 with b.
130    17     22         0.1500     2.7000     1700.0000  % 
UB: 2.6999999999999993
branching on 2 with b.
131    17     23         0.1500     2.7000     1700.0000  % 
UB: 2.6999999999999993
branching on 3 with b.
132    17     24         0.1500     2.7000     1700.0000  % 
UB: 2.6999999999999993
branching on 1 with b.
133    17     25         0.1500     2.7000     1700.0000  % 
UB: 2.6999999999999993
branching on 2 with b.
134    17     26         0.1500     2.7000     1700.0000  % 
UB: 2.6999999999999993
branching on 3 with b.
135    17     27         0.1500     2.7000     1700.0000  % 
UB: 2.6999999999999993
branching on 1 with b.
136    18     28         0.1500     2.7000     1700.0000  % 
LB close or above UB, fathomed
137    17     28         0.1500     2.7000     1700.0000  % 
UB: 2.6999999999999993
branching on 2 with b.
138    18     29         0.1500     2.7000     1700.0000  % 
LB close or above UB, fathomed
139    17     29         0.1500     2.7000     1700.0000  % 
LB close or above UB, fathomed
140    16     21         0.1500     2.7000     1700.0000  % 
LB close or above UB, fathomed
141    15     20         0.1500     2.7000     1700.0000  % 
LB close or above UB, fathomed
142    14     18         0.1500     2.7000     1700.0000  % 
LB close or above UB, fathomed
143    13     17         0.1500     2.7000     1700.0000  % 
LB close or above UB, fathomed
144    12     15         0.1500     2.7000     1700.0000  % 
LB close or above UB, fathomed
145    11     17         0.1500     2.7000     1700.0000  % 
LB close or above UB, fathomed
146    10     17         0.1500     2.7000     1700.0000  % 
LB close or above UB, fathomed
147    9      8          0.1500     2.7000     1700.0000  % 
UB: 2.6999999999999993
branching on CartesianIndex(1, 1) with a.
148    10     9          0.1500     2.7000     1700.0000  % 
LB close or above UB, fathomed
149    9      9          0.1500     2.7000     1700.0000  % 
UB: 2.6999999999999993
branching on CartesianIndex(1, 2) with a.
150    10     10         0.1500     2.7000     1700.0000  % 
UB: 2.6999999999999993
branching on CartesianIndex(1, 3) with a.
151    11     11         0.1500     2.7000     1700.0000  % 
UB: 2.6999999999999993
branching on CartesianIndex(1, 4) with c.
152    12     12         0.1500     2.7000     1700.0000  % 
LB close or above UB, fathomed
153    11     12         0.1500     2.7000     1700.0000  % 
UB: 2.6999999999999993
branching on CartesianIndex(1, 5) with c.
154    12     13         0.1500     2.7000     1700.0000  % 
UB: 2.6999999999999993
branching on 1 with b.
155    12     14         0.1500     2.7000     1700.0000  % 
UB: 2.6999999999999993
branching on CartesianIndex(2, 5) with c.
156    13     15         0.1500     2.7000     1700.0000  % 
LB close or above UB, fathomed
157    12     15         0.1500     2.7000     1700.0000  % 
UB: 2.6999999999999993
branching on CartesianIndex(1, 6) with c.
158    13     16         0.1500     2.7000     1700.0000  % 
UB: 2.6999999999999993
branching on 2 with b.
159    14     17         0.1500     2.7000     1700.0000  % 
UB: 2.6999999999999993
branching on CartesianIndex(2, 6) with c.
160    15     18         0.1500     2.7000     1700.0000  % 
LB close or above UB, fathomed
161    14     18         0.1500     2.7000     1700.0000  % 
UB: 2.6999999999999993
branching on CartesianIndex(1, 7) with c.
162    15     19         0.1500     2.7000     1700.0000  % 
UB: 2.6999999999999993
branching on 3 with b.
163    16     20         0.1500     2.7000     1700.0000  % 
LB close or above UB, fathomed
164    15     20         0.1500     2.7000     1700.0000  % 
UB: 2.6999999999999993
branching on CartesianIndex(2, 7) with c.
165    16     19         0.1500     2.7000     1700.0000  % 
LB close or above UB, fathomed
166    15     17         0.1500     2.7000     1700.0000  % 
LB close or above UB, fathomed
167    14     16         0.1500     2.7000     1700.0000  % 
LB close or above UB, fathomed
168    13     13         0.1500     2.7000     1700.0000  % 
LB close or above UB, fathomed
169    12     11         0.1500     2.7000     1700.0000  % 
LB close or above UB, fathomed
170    11     10         0.1500     2.7000     1700.0000  % 
LB close or above UB, fathomed
171    10     8          0.1500     2.7000     1700.0000  % 
UB: 2.6999999999999993
branching on CartesianIndex(1, 1) with a.
172    11     9          0.1500     2.7000     1700.0000  % 
LB close or above UB, fathomed
173    10     9          0.1500     2.7000     1700.0000  % 
UB: 2.6999999999999993
branching on CartesianIndex(1, 2) with a.
174    11     10         0.1500     2.7000     1700.0000  % 
UB: 2.6999999999999993
branching on CartesianIndex(1, 3) with a.
175    12     11         0.1500     2.7000     1700.0000  % 
LB close or above UB, fathomed
176    11     11         0.1500     2.7000     1700.0000  % 
UB: 2.6999999999999993
branching on CartesianIndex(1, 4) with c.
177    12     12         0.1500     2.7000     1700.0000  % 
LB close or above UB, fathomed
178    11     12         0.1500     2.7000     1700.0000  % 
UB: 2.6999999999999993
branching on 1 with b.
179    11     13         0.1500     2.7000     1700.0000  % 
UB: 2.6999999999999993
branching on 2 with b.
180    12     14         0.1500     2.7000     1700.0000  % 
UB: 2.6999999999999993
branching on 3 with b.
181    13     15         0.1500     2.7000     1700.0000  % 
UB: 2.6999999999999993
branching on 1 with b.
182    13     16         0.1500     2.7000     1700.0000  % 
UB: 2.6999999999999993
branching on CartesianIndex(1, 5) with c.
183    14     17         0.1500     2.7000     1700.0000  % 
UB: 2.6999999999999993
branching on CartesianIndex(2, 5) with c.
184    15     18         0.1500     2.7000     1700.0000  % 
LB close or above UB, fathomed
185    14     18         0.1500     2.7000     1700.0000  % 
UB: 2.6999999999999993
branching on CartesianIndex(1, 6) with c.
186    15     19         0.1500     2.7000     1700.0000  % 
UB: 2.6999999999999993
branching on 2 with b.
187    15     20         0.1500     2.7000     1700.0000  % 
UB: 2.6999999999999993
branching on CartesianIndex(2, 6) with c.
188    16     21         0.1500     2.7000     1700.0000  % 
LB close or above UB, fathomed
189    15     21         0.1500     2.7000     1700.0000  % 
UB: 2.6999999999999993
branching on CartesianIndex(1, 7) with c.
190    16     19         0.1500     2.7000     1700.0000  % 
LB close or above UB, fathomed
191    15     17         0.1500     2.7000     1700.0000  % 
LB close or above UB, fathomed
192    14     15         0.1500     2.7000     1700.0000  % 
LB close or above UB, fathomed
193    13     14         0.1500     2.7000     1700.0000  % 
LB close or above UB, fathomed
194    12     10         0.1500     2.7000     1700.0000  % 
LB close or above UB, fathomed
195    11     13         0.1500     2.7000     1700.0000  % 
LB close or above UB, fathomed
196    10     13         0.1500     2.7000     1700.0000  % 
UB: 2.6999999999999993
branching on CartesianIndex(1, 5) with c.
197    11     14         0.1500     2.7000     1700.0000  % 
LB close or above UB, fathomed
198    10     14         0.1500     2.7000     1700.0000  % 
UB: 2.6999999999999993
branching on 1 with b.
199    10     15         0.1500     2.7000     1700.0000  % 
UB: 2.6999999999999993
branching on CartesianIndex(1, 6) with c.
200    11     16         0.1500     2.7000     1700.0000  % 
UB: 2.6999999999999993
branching on CartesianIndex(2, 6) with c.
201    12     17         0.1500     2.7000     1700.0000  % 
LB close or above UB, fathomed
202    11     17         0.1500     2.7000     1700.0000  % 
UB: 2.6999999999999993
branching on 2 with b.
203    12     18         0.1500     2.7000     1700.0000  % 
LB close or above UB, fathomed
204    11     18         0.1500     2.7000     1700.0000  % 
LB close or above UB, fathomed
205    10     16         0.1500     2.7000     1700.0000  % 
LB close or above UB, fathomed
206    9      11         0.1500     2.7000     1700.0000  % 
UB: 2.6999999999999993
branching on CartesianIndex(1, 4) with c.
207    10     12         0.1500     2.7000     1700.0000  % 
LB close or above UB, fathomed
208    9      12         0.1500     2.7000     1700.0000  % 
UB: 2.6999999999999993
branching on CartesianIndex(1, 5) with c.
209    10     13         0.1500     2.7000     1700.0000  % 
UB: 2.6999999999999993
branching on CartesianIndex(2, 5) with c.
210    11     14         0.1500     2.7000     1700.0000  % 
LB close or above UB, fathomed
211    10     14         0.1500     2.7000     1700.0000  % 
UB: 2.6999999999999993
branching on CartesianIndex(1, 6) with c.
212    11     15         0.1500     2.7000     1700.0000  % 
UB: 2.6999999999999993
branching on 1 with b.
213    11     16         0.1500     2.7000     1700.0000  % 
UB: 2.6999999999999993
branching on CartesianIndex(2, 6) with c.
214    12     17         0.1500     2.7000     1700.0000  % 
LB close or above UB, fathomed
215    11     17         0.1500     2.7000     1700.0000  % 
UB: 2.6999999999999993
branching on CartesianIndex(1, 7) with c.
216    12     18         0.1500     2.7000     1700.0000  % 
UB: 2.6999999999999993
branching on CartesianIndex(2, 7) with c.
217    13     19         0.1500     2.7000     1700.0000  % 
UB: 2.6999999999999993
branching on 2 with b.
218    14     20         0.1500     2.7000     1700.0000  % 
LB close or above UB, fathomed
219    13     20         0.1500     2.7000     1700.0000  % 
UB: 2.6999999999999993
branching on 3 with b.
220    14     19         0.1500     2.7000     1700.0000  % 
LB close or above UB, fathomed
221    13     18         0.1500     2.7000     1700.0000  % 
LB close or above UB, fathomed
222    12     15         0.1500     2.7000     1700.0000  % 
LB close or above UB, fathomed
223    11     13         0.1500     2.7000     1700.0000  % 
LB close or above UB, fathomed
224    10     11         0.1500     2.7000     1700.0000  % 
LB close or above UB, fathomed
225    9      22         0.1500     2.7000     1700.0000  % 
UB: 2.6999999999999993
branching on CartesianIndex(2, 7) with c.
226    10     23         0.1500     2.7000     1700.0000  % 
UB: 2.6999999999999993
branching on 3 with b.
227    10     24         0.1500     2.7000     1700.0000  % 
UB: 2.6999999999999993
branching on 1 with b.
228    11     25         0.1500     2.7000     1700.0000  % 
LB close or above UB, fathomed
229    10     25         0.1500     2.7000     1700.0000  % 
LB close or above UB, fathomed
230    9      23         0.1500     2.7000     1700.0000  % 
LB close or above UB, fathomed
231    8      22         0.1500     2.7000     1700.0000  % 
LB close or above UB, fathomed
232    7      21         0.1500     2.7000     1700.0000  % 
UB: 2.6999999999999993
branching on 1 with b.
233    7      22         0.1500     2.7000     1700.0000  % 
UB: 2.6999999999999993
branching on 2 with b.
234    7      23         0.1500     2.7000     1700.0000  % 
UB: 2.6999999999999993
branching on 3 with b.
235    7      24         0.1500     2.7000     1700.0000  % 
UB: 2.6999999999999993
branching on 1 with b.
236    8      25         0.1500     2.7000     1700.0000  % 
LB close or above UB, fathomed
237    7      25         0.1500     2.7000     1700.0000  % 
LB close or above UB, fathomed
238    6      21         0.1500     2.7000     1700.0000  % 
LB close or above UB, fathomed
239    5      12         0.1500     2.7000     1700.0000  % 
LB close or above UB, fathomed
240    4      12         0.1500     2.7000     1700.0000  % 
UB: 2.6999999999999993
branching on CartesianIndex(1, 5) with c.
241    5      13         0.1500     2.7000     1700.0000  % 
UB: 2.6999999999999993
branching on CartesianIndex(2, 5) with c.
242    6      14         0.1500     2.7000     1700.0000  % 
LB close or above UB, fathomed
243    5      14         0.1500     2.7000     1700.0000  % 
UB: 2.6999999999999993
branching on CartesianIndex(1, 6) with c.
244    6      15         0.1500     2.7000     1700.0000  % 
UB: 2.6999999999999993
branching on CartesianIndex(2, 6) with c.
245    7      16         0.1500     2.7000     1700.0000  % 
LB close or above UB, fathomed
246    6      16         0.1500     2.7000     1700.0000  % 
LB close or above UB, fathomed
247    5      15         0.1500     2.7000     1700.0000  % 
LB close or above UB, fathomed
248    4      13         0.1500     2.7000     1700.0000  % 
LB close or above UB, fathomed
249    3      14         0.1500     2.7000     1700.0000  % 
LB close or above UB, fathomed
250    2      14         0.1500     2.7000     1700.0000  % 
LB close or above UB, fathomed
251    1      21         0.1500     2.7000     1700.0000  % 
LB close or above UB, fathomed
252    0      21         0.1500     2.7000     1700.0000  % 
UB: 2.6999999999999993
branching on 1 with b.
253    0      22         0.1500     2.7000     1700.0000  % 
UB: 2.6999999999999993
branching on 2 with b.
254    0      23         0.1500     2.7000     1700.0000  % 
UB: 2.6999999999999993
branching on 3 with b.
255    0      24         0.1500     2.7000     1700.0000  % 
UB: 2.6999999999999993
branching on 1 with b.
256    1      25         0.1500     2.7000     1700.0000  % 
LB close or above UB, fathomed
257    0      25         0.1500     2.7000     1700.0000  % 
LB close or above UB, fathomed
all node solved
solved nodes:  258
258                                                   2.7000e+00     2.7000e+00     0.0000  % 
2×3 Matrix{Float64}:
 1.0  0.0  0.0
 0.0  1.0  0.0
3-element Vector{Float64}:
 0.5995789929715495
 0.18454817132662038
 0.0
3×7 Matrix{Float64}:
 0.0  0.0  0.0  1.0  0.0  0.0  0.0
 0.0  0.0  0.0  0.0  1.0  0.0  0.0
 0.0  0.0  0.0  0.0  0.0  0.0  1.0
3-element Vector{Float64}:
 1.0
 1.0
 0.0
2×3 Matrix{Float64}:
 1.0  0.0  0.0
 0.0  1.0  0.0
3-element Vector{Float64}:
 0.6024524468272667
 0.04745301779620159
 0.0
3×7 Matrix{Float64}:
 0.0  0.0  0.0  1.0  0.0  0.0  0.0
 0.0  0.0  0.0  0.0  1.0  0.0  0.0
 0.0  0.0  0.0  0.0  0.0  0.0  1.0
3-element Vector{Float64}:
 1.0
 1.0
 0.0
comparison (CRT and Glb)on prediction: Dict{Bool, Int64}(0 => 0, 1 => 4)
Dataname	 time	 objv	 lb	 gap	 train_w	 train_g	 test_w	 test_g
small_toy_120.small_toy	 56.75	 2.6999999999999993	 2.7	 0.0	 88.889	 88.889	 75.0	 75.0
