Running 2 processes.
Start training small_toy_868.small_toy with seed 1.
Any[]
(2, 13)
(2, 6)
(2, 3)
(2, 4)
dimension: 2, class: 3
cart cost: 2.7000000000000006
size of X: (2, 9)
ngroups: 2
UB: 2.6999999999999993
Iter	left	lev	LB	UB	gap	
0      0      1          0.1000     2.7000     2600.0000  % 
UB: 2.6999999999999993
branching on 1 with d.
1      1      2          0.1000     2.7000     2600.0000  % 
LB close or above UB, fathomed
2      0      2          0.1000     2.7000     2600.0000  % 
UB: 2.6999999999999993
branching on 2 with d.
3      1      3          0.1000     2.7000     2600.0000  % 
UB: 2.6999999999999993
branching on 3 with d.
4      2      4          0.1000     2.7000     2600.0000  % 
LB close or above UB, fathomed
5      1      4          0.1000     2.7000     2600.0000  % 
UB: 2.6999999999999993
branching on CartesianIndex(1, 1) with a.
6      2      5          0.1000     2.7000     2600.0000  % 
UB: 2.6999999999999993
branching on CartesianIndex(1, 3) with a.
7      3      6          0.1000     2.7000     2600.0000  % 
UB: 2.6999999999999993
branching on 1 with b.
8      4      7          0.1000     2.7000     2600.0000  % 
UB: 2.6999999999999993
branching on CartesianIndex(1, 5) with c.
9      5      8          0.1000     2.7000     2600.0000  % 
LB close or above UB, fathomed
10     4      8          0.1000     2.7000     2600.0000  % 
UB: 2.6999999999999993
branching on CartesianIndex(1, 6) with c.
11     5      9          0.1000     2.7000     2600.0000  % 
UB: 2.6999999999999993
branching on 1 with b.
12     6      10         0.1000     2.7000     2600.0000  % 
LB close or above UB, fathomed
13     5      10         0.1000     2.7000     2600.0000  % 
UB: 2.6999999999999993
branching on 3 with b.
14     6      11         0.1000     2.7000     2600.0000  % 
LB close or above UB, fathomed
15     5      11         0.1000     2.7000     2600.0000  % 
LB close or above UB, fathomed
16     4      9          0.1000     2.7000     2600.0000  % 
LB close or above UB, fathomed
17     3      7          0.1000     2.7000     2600.0000  % 
LB close or above UB, fathomed
18     2      6          0.1000     2.7000     2600.0000  % 
LB close or above UB, fathomed
19     1      5          0.1000     2.7000     2600.0000  % 
LB close or above UB, fathomed
20     0      3          0.1000     2.7000     2600.0000  % 
UB: 2.6999999999999993
branching on 3 with d.
21     1      4          0.1000     2.7000     2600.0000  % 
UB: 2.6999999999999993
branching on CartesianIndex(1, 1) with a.
22     2      5          0.1000     2.7000     2600.0000  % 
UB: 2.6999999999999993
branching on 1 with b.
23     3      6          0.1000     2.7000     2600.0000  % 
LB close or above UB, fathomed
24     2      6          0.1000     2.7000     2600.0000  % 
LB close or above UB, fathomed
25     1      5          0.1000     2.7000     2600.0000  % 
LB close or above UB, fathomed
26     0      4          0.1000     2.7000     2600.0000  % 
UB: 2.6999999999999993
branching on CartesianIndex(1, 1) with a.
27     1      5          0.1500     2.7000     1700.0000  % 
UB: 2.6999999999999993
branching on CartesianIndex(1, 2) with a.
28     2      6          0.1500     2.7000     1700.0000  % 
UB: 2.6999999999999993
branching on 1 with b.
29     3      7          0.1500     2.7000     1700.0000  % 
UB: 2.6999999999999993
branching on CartesianIndex(1, 3) with a.
30     4      8          0.1500     2.7000     1700.0000  % 
UB: 2.6999999999999993
branching on 1 with b.
31     5      9          0.1500     2.7000     1700.0000  % 
LB close or above UB, fathomed
32     4      9          0.1500     2.7000     1700.0000  % 
UB: 2.6999999999999993
branching on CartesianIndex(1, 4) with c.
33     5      10         0.1500     2.7000     1700.0000  % 
UB: 2.6999999999999993
branching on CartesianIndex(2, 4) with c.
34     6      10         0.1500     2.7000     1700.0000  % 
UB: 2.6999999999999993
branching on CartesianIndex(1, 5) with c.
35     7      11         0.1500     2.7000     1700.0000  % 
UB: 2.6999999999999993
branching on 2 with b.
36     8      12         0.1500     2.7000     1700.0000  % 
UB: 2.6999999999999993
branching on 3 with b.
37     9      13         0.1500     2.7000     1700.0000  % 
LB close or above UB, fathomed
38     8      13         0.1500     2.7000     1700.0000  % 
UB: 2.6999999999999993
branching on CartesianIndex(2, 5) with c.
39     9      14         0.1500     2.7000     1700.0000  % 
UB: 2.6999999999999993
branching on 1 with b.
40     9      15         0.1500     2.7000     1700.0000  % 
UB: 2.6999999999999993
branching on CartesianIndex(1, 6) with c.
41     10     16         0.1500     2.7000     1700.0000  % 
UB: 2.6999999999999993
branching on CartesianIndex(2, 6) with c.
42     11     17         0.1500     2.7000     1700.0000  % 
LB close or above UB, fathomed
43     10     17         0.1500     2.7000     1700.0000  % 
UB: 2.6999999999999993
branching on CartesianIndex(1, 7) with c.
44     11     18         0.1500     2.7000     1700.0000  % 
UB: 2.6999999999999993
branching on CartesianIndex(2, 7) with c.
45     12     19         0.1500     2.7000     1700.0000  % 
UB: 2.6999999999999993
branching on 2 with b.
46     13     20         0.1500     2.7000     1700.0000  % 
LB close or above UB, fathomed
47     12     20         0.1500     2.7000     1700.0000  % 
UB: 2.6999999999999993
branching on 3 with b.
48     13     21         0.1500     2.7000     1700.0000  % 
UB: 2.6999999999999993
branching on 1 with b.
49     14     22         0.1500     2.7000     1700.0000  % 
LB close or above UB, fathomed
50     13     22         0.1500     2.7000     1700.0000  % 
UB: 2.6999999999999993
branching on 2 with b.
51     13     23         0.1500     2.7000     1700.0000  % 
UB: 2.6999999999999993
branching on 3 with b.
52     13     24         0.1500     2.7000     1700.0000  % 
UB: 2.6999999999999993
branching on 1 with b.
53     14     25         0.1500     2.7000     1700.0000  % 
LB close or above UB, fathomed
54     13     25         0.1500     2.7000     1700.0000  % 
LB close or above UB, fathomed
55     12     21         0.1500     2.7000     1700.0000  % 
LB close or above UB, fathomed
56     11     19         0.1500     2.7000     1700.0000  % 
LB close or above UB, fathomed
57     10     18         0.1500     2.7000     1700.0000  % 
LB close or above UB, fathomed
58     9      16         0.1500     2.7000     1700.0000  % 
LB close or above UB, fathomed
59     8      14         0.1500     2.7000     1700.0000  % 
UB: 2.6999999999999993
branching on CartesianIndex(1, 6) with c.
60     9      15         0.1500     2.7000     1700.0000  % 
UB: 2.6999999999999993
branching on CartesianIndex(2, 6) with c.
61     10     16         0.1500     2.7000     1700.0000  % 
UB: 2.6999999999999993
branching on CartesianIndex(1, 7) with c.
62     11     17         0.1500     2.7000     1700.0000  % 
UB: 2.6999999999999993
branching on CartesianIndex(2, 7) with c.
63     12     18         0.1500     2.7000     1700.0000  % 
LB close or above UB, fathomed
64     11     18         0.1500     2.7000     1700.0000  % 
UB: 2.6999999999999993
branching on 1 with b.
65     11     19         0.1500     2.7000     1700.0000  % 
UB: 2.6999999999999993
branching on 2 with b.
66     12     20         0.1500     2.7000     1700.0000  % 
LB close or above UB, fathomed
67     11     20         0.1500     2.7000     1700.0000  % 
UB: 2.6999999999999993
branching on 3 with b.
68     12     17         0.1500     2.7000     1700.0000  % 
LB close or above UB, fathomed
69     11     16         0.1500     2.7000     1700.0000  % 
LB close or above UB, fathomed
70     10     15         0.1500     2.7000     1700.0000  % 
LB close or above UB, fathomed
71     9      12         0.1500     2.7000     1700.0000  % 
UB: 2.6999999999999993
branching on CartesianIndex(2, 5) with c.
72     10     13         0.1500     2.7000     1700.0000  % 
UB: 2.6999999999999993
branching on 3 with b.
73     11     14         0.1500     2.7000     1700.0000  % 
LB close or above UB, fathomed
74     10     14         0.1500     2.7000     1700.0000  % 
LB close or above UB, fathomed
75     9      13         0.1500     2.7000     1700.0000  % 
UB: 2.6999999999999993
branching on CartesianIndex(1, 6) with c.
76     10     14         0.1500     2.7000     1700.0000  % 
UB: 2.6999999999999993
branching on CartesianIndex(2, 6) with c.
77     11     15         0.1500     2.7000     1700.0000  % 
LB close or above UB, fathomed
78     10     15         0.1500     2.7000     1700.0000  % 
LB close or above UB, fathomed
79     9      14         0.1500     2.7000     1700.0000  % 
LB close or above UB, fathomed
80     8      11         0.1500     2.7000     1700.0000  % 
UB: 2.6999999999999993
branching on 2 with b.
81     9      12         0.1500     2.7000     1700.0000  % 
UB: 2.6999999999999993
branching on 3 with b.
82     10     13         0.1500     2.7000     1700.0000  % 
LB close or above UB, fathomed
83     9      13         0.1500     2.7000     1700.0000  % 
LB close or above UB, fathomed
84     8      12         0.1500     2.7000     1700.0000  % 
UB: 2.6999999999999993
branching on CartesianIndex(1, 6) with c.
85     9      13         0.1500     2.7000     1700.0000  % 
UB: 2.6999999999999993
branching on 3 with b.
86     10     14         0.1500     2.7000     1700.0000  % 
LB close or above UB, fathomed
87     9      14         0.1500     2.7000     1700.0000  % 
LB close or above UB, fathomed
88     8      13         0.1500     2.7000     1700.0000  % 
LB close or above UB, fathomed
89     7      8          0.1500     2.7000     1700.0000  % 
UB: 2.6999999999999993
branching on CartesianIndex(1, 4) with c.
90     8      9          0.1500     2.7000     1700.0000  % 
LB close or above UB, fathomed
91     7      9          0.1500     2.7000     1700.0000  % 
UB: 2.6999999999999993
branching on 1 with b.
92     8      10         0.1500     2.7000     1700.0000  % 
LB close or above UB, fathomed
93     7      10         0.1500     2.7000     1700.0000  % 
UB: 2.6999999999999993
branching on CartesianIndex(1, 5) with c.
94     8      11         0.1500     2.7000     1700.0000  % 
UB: 2.6999999999999993
branching on CartesianIndex(2, 5) with c.
95     9      12         0.1500     2.7000     1700.0000  % 
LB close or above UB, fathomed
96     8      12         0.1500     2.7000     1700.0000  % 
UB: 2.6999999999999993
branching on 2 with b.
97     9      13         0.1500     2.7000     1700.0000  % 
UB: 2.6999999999999993
branching on CartesianIndex(1, 6) with c.
98     10     14         0.1500     2.7000     1700.0000  % 
UB: 2.6999999999999993
branching on CartesianIndex(2, 6) with c.
99     11     15         0.1500     2.7000     1700.0000  % 
LB close or above UB, fathomed
100    10     15         0.1500     2.7000     1700.0000  % 
UB: 2.6999999999999993
branching on CartesianIndex(1, 7) with c.
101    11     16         0.1500     2.7000     1700.0000  % 
UB: 2.6999999999999993
branching on CartesianIndex(2, 7) with c.
102    12     17         0.1500     2.7000     1700.0000  % 
UB: 2.6999999999999993
branching on 3 with b.
103    13     18         0.1500     2.7000     1700.0000  % 
LB close or above UB, fathomed
104    12     18         0.1500     2.7000     1700.0000  % 
UB: 2.6999999999999993
branching on 1 with b.
105    12     19         0.1500     2.7000     1700.0000  % 
UB: 2.6999999999999993
branching on 2 with b.
106    13     20         0.1500     2.7000     1700.0000  % 
LB close or above UB, fathomed
107    12     20         0.1500     2.7000     1700.0000  % 
UB: 2.6999999999999993
branching on 3 with b.
108    13     21         0.1500     2.7000     1700.0000  % 
UB: 2.6999999999999993
branching on 1 with b.
109    14     22         0.1500     2.7000     1700.0000  % 
LB close or above UB, fathomed
110    13     22         0.1500     2.7000     1700.0000  % 
UB: 2.6999999999999993
branching on 2 with b.
111    13     23         0.1500     2.7000     1700.0000  % 
UB: 2.6999999999999993
branching on 3 with b.
112    14     24         0.1500     2.7000     1700.0000  % 
UB: 2.6999999999999993
branching on 1 with b.
113    15     25         0.1500     2.7000     1700.0000  % 
UB: 2.6999999999999993
branching on 2 with b.
114    16     26         0.1500     2.7000     1700.0000  % 
LB close or above UB, fathomed
115    15     26         0.1500     2.7000     1700.0000  % 
UB: 2.6999999999999993
branching on 3 with b.
116    16     27         0.1500     2.7000     1700.0000  % 
LB close or above UB, fathomed
117    15     27         0.1500     2.7000     1700.0000  % 
LB close or above UB, fathomed
118    14     25         0.1500     2.7000     1700.0000  % 
UB: 2.6999999999999993
branching on 2 with b.
119    15     26         0.1500     2.7000     1700.0000  % 
LB close or above UB, fathomed
120    14     26         0.1500     2.7000     1700.0000  % 
UB: 2.6999999999999993
branching on 3 with b.
121    15     27         0.1500     2.7000     1700.0000  % 
LB close or above UB, fathomed
122    14     27         0.1500     2.7000     1700.0000  % 
LB close or above UB, fathomed
123    13     24         0.1500     2.7000     1700.0000  % 
LB close or above UB, fathomed
124    12     21         0.1500     2.7000     1700.0000  % 
LB close or above UB, fathomed
125    11     17         0.1500     2.7000     1700.0000  % 
LB close or above UB, fathomed
126    10     16         0.1500     2.7000     1700.0000  % 
LB close or above UB, fathomed
127    9      14         0.1500     2.7000     1700.0000  % 
LB close or above UB, fathomed
128    8      13         0.1500     2.7000     1700.0000  % 
LB close or above UB, fathomed
129    7      11         0.1500     2.7000     1700.0000  % 
LB close or above UB, fathomed
130    6      7          0.1500     2.7000     1700.0000  % 
LB close or above UB, fathomed
131    5      6          0.1500     2.7000     1700.0000  % 
UB: 2.6999999999999993
branching on 1 with b.
132    6      7          0.1500     2.7000     1700.0000  % 
UB: 2.6999999999999993
branching on CartesianIndex(1, 3) with a.
133    7      8          0.1500     2.7000     1700.0000  % 
UB: 2.6999999999999993
branching on 1 with b.
134    8      9          0.1500     2.7000     1700.0000  % 
LB close or above UB, fathomed
135    7      9          0.1500     2.7000     1700.0000  % 
UB: 2.6999999999999993
branching on 2 with b.
136    8      10         0.1500     2.7000     1700.0000  % 
UB: 2.6999999999999993
branching on 3 with b.
137    9      11         0.1500     2.7000     1700.0000  % 
LB close or above UB, fathomed
138    8      11         0.1500     2.7000     1700.0000  % 
LB close or above UB, fathomed
139    7      10         0.1500     2.7000     1700.0000  % 
UB: 2.6999999999999993
branching on CartesianIndex(1, 4) with c.
140    8      8          0.1500     2.7000     1700.0000  % 
UB: 2.6999999999999993
branching on 1 with b.
141    9      9          0.1500     2.7000     1700.0000  % 
LB close or above UB, fathomed
142    8      9          0.1500     2.7000     1700.0000  % 
UB: 2.6999999999999993
branching on CartesianIndex(1, 4) with c.
143    9      10         0.1500     2.7000     1700.0000  % 
LB close or above UB, fathomed
144    8      10         0.1500     2.7000     1700.0000  % 
UB: 2.6999999999999993
branching on 2 with b.
145    9      11         0.1500     2.7000     1700.0000  % 
UB: 2.6999999999999993
branching on 3 with b.
146    10     11         0.1500     2.7000     1700.0000  % 
UB: 2.6999999999999993
branching on CartesianIndex(1, 5) with c.
147    11     12         0.1500     2.7000     1700.0000  % 
UB: 2.6999999999999993
branching on 3 with b.
148    12     13         0.1500     2.7000     1700.0000  % 
LB close or above UB, fathomed
149    11     13         0.1500     2.7000     1700.0000  % 
UB: 2.6999999999999993
branching on CartesianIndex(2, 5) with c.
150    12     14         0.1500     2.7000     1700.0000  % 
LB close or above UB, fathomed
151    11     14         0.1500     2.7000     1700.0000  % 
UB: 2.6999999999999993
branching on CartesianIndex(1, 6) with c.
152    12     12         0.1500     2.7000     1700.0000  % 
LB close or above UB, fathomed
153    11     7          0.1500     2.7000     1700.0000  % 
LB close or above UB, fathomed
154    10     5          0.1500     2.7000     1700.0000  % 
UB: 2.6999999999999993
branching on 1 with b.
155    11     6          0.1500     2.7000     1700.0000  % 
LB close or above UB, fathomed
156    10     6          0.1500     2.7000     1700.0000  % 
UB: 2.6999999999999993
branching on CartesianIndex(1, 2) with a.
157    11     7          0.1500     2.7000     1700.0000  % 
UB: 2.6999999999999993
branching on 1 with b.
158    12     8          0.1500     2.7000     1700.0000  % 
UB: 2.6999999999999993
branching on 2 with b.
159    13     9          0.1500     2.7000     1700.0000  % 
UB: 2.6999999999999993
branching on CartesianIndex(1, 3) with a.
160    14     10         0.1500     2.7000     1700.0000  % 
UB: 2.6999999999999993
branching on CartesianIndex(1, 4) with c.
161    15     11         0.1500     2.7000     1700.0000  % 
LB close or above UB, fathomed
162    14     11         0.1500     2.7000     1700.0000  % 
UB: 2.6999999999999993
branching on 3 with b.
163    15     12         0.1500     2.7000     1700.0000  % 
UB: 2.6999999999999993
branching on CartesianIndex(1, 5) with c.
164    16     13         0.1500     2.7000     1700.0000  % 
UB: 2.6999999999999993
branching on CartesianIndex(2, 5) with c.
165    17     14         0.1500     2.7000     1700.0000  % 
LB close or above UB, fathomed
166    16     14         0.1500     2.7000     1700.0000  % 
UB: 2.6999999999999993
branching on CartesianIndex(1, 6) with c.
167    17     15         0.1500     2.7000     1700.0000  % 
UB: 2.6999999999999993
branching on 1 with b.
168    18     15         0.1500     2.7000     1700.0000  % 
LB close or above UB, fathomed
169    17     13         0.1500     2.7000     1700.0000  % 
LB close or above UB, fathomed
170    16     12         0.1500     2.7000     1700.0000  % 
UB: 2.6999999999999993
branching on CartesianIndex(1, 5) with c.
171    17     10         0.1500     2.7000     1700.0000  % 
UB: 2.6999999999999993
branching on 3 with b.
172    18     9          0.1500     2.7000     1700.0000  % 
UB: 2.6999999999999993
branching on CartesianIndex(1, 3) with a.
173    19     8          0.1500     2.7000     1700.0000  % 
LB close or above UB, fathomed
174    18     7          0.1500     2.7000     1700.0000  % 
LB close or above UB, fathomed
175    17     11         0.1500     2.7000     1700.0000  % 
LB close or above UB, fathomed
176    16     11         0.1500     2.7000     1700.0000  % 
UB: 2.6999999999999993
branching on CartesianIndex(1, 4) with c.
177    17     12         0.1500     2.7000     1700.0000  % 
LB close or above UB, fathomed
178    16     12         0.1500     2.7000     1700.0000  % 
UB: 2.6999999999999993
branching on 1 with b.
179    17     13         0.1500     2.7000     1700.0000  % 
UB: 2.6999999999999993
branching on 2 with b.
180    18     14         0.1500     2.7000     1700.0000  % 
LB close or above UB, fathomed
181    17     14         0.1500     2.7000     1700.0000  % 
UB: 2.6999999999999993
branching on 3 with b.
182    18     15         0.1500     2.7000     1700.0000  % 
UB: 2.6999999999999993
branching on CartesianIndex(1, 5) with c.
183    19     16         0.1500     2.7000     1700.0000  % 
UB: 2.6999999999999993
branching on CartesianIndex(2, 5) with c.
184    20     17         0.1500     2.7000     1700.0000  % 
LB close or above UB, fathomed
185    19     17         0.1500     2.7000     1700.0000  % 
LB close or above UB, fathomed
186    18     16         0.1500     2.7000     1700.0000  % 
LB close or above UB, fathomed
187    17     15         0.1500     2.7000     1700.0000  % 
LB close or above UB, fathomed
188    16     13         0.1500     2.7000     1700.0000  % 
LB close or above UB, fathomed
189    15     15         0.1500     2.7000     1700.0000  % 
UB: 2.6999999999999993
branching on CartesianIndex(2, 6) with c.
190    16     16         0.1500     2.7000     1700.0000  % 
LB close or above UB, fathomed
191    15     16         0.1500     2.7000     1700.0000  % 
UB: 2.6999999999999993
branching on CartesianIndex(1, 7) with c.
192    16     17         0.1500     2.7000     1700.0000  % 
UB: 2.6999999999999993
branching on CartesianIndex(2, 7) with c.
193    17     18         0.1500     2.7000     1700.0000  % 
UB: 2.6999999999999993
branching on 1 with b.
194    17     19         0.1500     2.7000     1700.0000  % 
UB: 2.6999999999999993
branching on 2 with b.
195    18     20         0.1500     2.7000     1700.0000  % 
UB: 2.6999999999999993
branching on 3 with b.
196    19     21         0.1500     2.7000     1700.0000  % 
UB: 2.6999999999999993
branching on 1 with b.
197    20     22         0.1500     2.7000     1700.0000  % 
LB close or above UB, fathomed
198    19     22         0.1500     2.7000     1700.0000  % 
UB: 2.6999999999999993
branching on 2 with b.
199    20     23         0.1500     2.7000     1700.0000  % 
UB: 2.6999999999999993
branching on 3 with b.
200    21     24         0.1500     2.7000     1700.0000  % 
UB: 2.6999999999999993
branching on 1 with b.
201    22     25         0.1500     2.7000     1700.0000  % 
UB: 2.6999999999999993
branching on 2 with b.
202    23     26         0.1500     2.7000     1700.0000  % 
UB: 2.6999999999999993
branching on 3 with b.
203    24     27         0.1500     2.7000     1700.0000  % 
LB close or above UB, fathomed
204    23     27         0.1500     2.7000     1700.0000  % 
LB close or above UB, fathomed
205    22     26         0.1500     2.7000     1700.0000  % 
UB: 2.6999999999999993
branching on 3 with b.
206    23     27         0.1500     2.7000     1700.0000  % 
LB close or above UB, fathomed
207    22     27         0.1500     2.7000     1700.0000  % 
LB close or above UB, fathomed
208    21     25         0.1500     2.7000     1700.0000  % 
UB: 2.6999999999999993
branching on 2 with b.
209    22     26         0.1500     2.7000     1700.0000  % 
UB: 2.6999999999999993
branching on 3 with b.
210    23     27         0.1500     2.7000     1700.0000  % 
LB close or above UB, fathomed
211    22     27         0.1500     2.7000     1700.0000  % 
LB close or above UB, fathomed
212    21     26         0.1500     2.7000     1700.0000  % 
UB: 2.6999999999999993
branching on 3 with b.
213    22     27         0.1500     2.7000     1700.0000  % 
LB close or above UB, fathomed
214    21     27         0.1500     2.7000     1700.0000  % 
LB close or above UB, fathomed
215    20     24         0.1500     2.7000     1700.0000  % 
LB close or above UB, fathomed
216    19     23         0.1500     2.7000     1700.0000  % 
UB: 2.6999999999999993
branching on 3 with b.
217    20     21         0.1500     2.7000     1700.0000  % 
LB close or above UB, fathomed
218    19     20         0.1500     2.7000     1700.0000  % 
LB close or above UB, fathomed
219    18     18         0.1500     2.7000     1700.0000  % 
LB close or above UB, fathomed
220    17     17         0.1500     2.7000     1700.0000  % 
LB close or above UB, fathomed
221    16     15         0.1500     2.7000     1700.0000  % 
LB close or above UB, fathomed
222    15     12         0.1500     2.7000     1700.0000  % 
LB close or above UB, fathomed
223    14     12         0.1500     2.7000     1700.0000  % 
UB: 2.6999999999999993
branching on CartesianIndex(1, 5) with c.
224    15     13         0.1500     2.7000     1700.0000  % 
LB close or above UB, fathomed
225    14     13         0.1500     2.7000     1700.0000  % 
LB close or above UB, fathomed
226    13     11         0.1500     2.7000     1700.0000  % 
LB close or above UB, fathomed
227    12     11         0.1500     2.7000     1700.0000  % 
UB: 2.6999999999999993
branching on CartesianIndex(1, 5) with c.
228    13     12         0.1500     2.7000     1700.0000  % 
UB: 2.6999999999999993
branching on CartesianIndex(2, 5) with c.
229    14     13         0.1500     2.7000     1700.0000  % 
UB: 2.6999999999999993
branching on CartesianIndex(1, 6) with c.
230    15     14         0.1500     2.7000     1700.0000  % 
UB: 2.6999999999999993
branching on 3 with b.
231    16     15         0.1500     2.7000     1700.0000  % 
LB close or above UB, fathomed
232    15     15         0.1500     2.7000     1700.0000  % 
UB: 2.6999999999999993
branching on CartesianIndex(2, 6) with c.
233    16     16         0.1500     2.7000     1700.0000  % 
LB close or above UB, fathomed
234    15     16         0.1500     2.7000     1700.0000  % 
UB: 2.6999999999999993
branching on 1 with b.
235    15     17         0.1500     2.7000     1700.0000  % 
UB: 2.6999999999999993
branching on CartesianIndex(1, 7) with c.
236    16     18         0.1500     2.7000     1700.0000  % 
UB: 2.6999999999999993
branching on 2 with b.
237    17     19         0.1500     2.7000     1700.0000  % 
UB: 2.6999999999999993
branching on 3 with b.
238    18     20         0.1500     2.7000     1700.0000  % 
UB: 2.6999999999999993
branching on CartesianIndex(2, 7) with c.
239    19     21         0.1500     2.7000     1700.0000  % 
UB: 2.6999999999999993
branching on 1 with b.
240    20     22         0.1500     2.7000     1700.0000  % 
LB close or above UB, fathomed
241    19     22         0.1500     2.7000     1700.0000  % 
UB: 2.6999999999999993
branching on 2 with b.
242    20     23         0.1500     2.7000     1700.0000  % 
UB: 2.6999999999999993
branching on 3 with b.
243    20     24         0.1500     2.7000     1700.0000  % 
UB: 2.6999999999999993
branching on 1 with b.
244    21     25         0.1500     2.7000     1700.0000  % 
LB close or above UB, fathomed
245    20     25         0.1500     2.7000     1700.0000  % 
LB close or above UB, fathomed
246    19     23         0.1500     2.7000     1700.0000  % 
UB: 2.6999999999999993
branching on 3 with b.
247    19     24         0.1500     2.7000     1700.0000  % 
UB: 2.6999999999999993
branching on 1 with b.
248    20     25         0.1500     2.7000     1700.0000  % 
LB close or above UB, fathomed
249    19     25         0.1500     2.7000     1700.0000  % 
LB close or above UB, fathomed
250    18     21         0.1500     2.7000     1700.0000  % 
LB close or above UB, fathomed
251    17     20         0.1500     2.7000     1700.0000  % 
LB close or above UB, fathomed
252    16     19         0.1500     2.7000     1700.0000  % 
UB: 2.6999999999999993
branching on CartesianIndex(2, 7) with c.
253    17     20         0.1500     2.7000     1700.0000  % 
UB: 2.6999999999999993
branching on 3 with b.
254    18     21         0.1500     2.7000     1700.0000  % 
UB: 2.6999999999999993
branching on 1 with b.
255    19     22         0.1500     2.7000     1700.0000  % 
LB close or above UB, fathomed
256    18     22         0.1500     2.7000     1700.0000  % 
UB: 2.6999999999999993
branching on 2 with b.
257    19     23         0.1500     2.7000     1700.0000  % 
UB: 2.6999999999999993
branching on 3 with b.
258    19     24         0.1500     2.7000     1700.0000  % 
UB: 2.6999999999999993
branching on 1 with b.
259    20     25         0.1500     2.7000     1700.0000  % 
LB close or above UB, fathomed
260    19     25         0.1500     2.7000     1700.0000  % 
LB close or above UB, fathomed
261    18     23         0.1500     2.7000     1700.0000  % 
UB: 2.6999999999999993
branching on 3 with b.
262    18     24         0.1500     2.7000     1700.0000  % 
UB: 2.6999999999999993
branching on 1 with b.
263    19     25         0.1500     2.7000     1700.0000  % 
LB close or above UB, fathomed
264    18     25         0.1500     2.7000     1700.0000  % 
LB close or above UB, fathomed
265    17     21         0.1500     2.7000     1700.0000  % 
LB close or above UB, fathomed
266    16     20         0.1500     2.7000     1700.0000  % 
LB close or above UB, fathomed
267    15     18         0.1500     2.7000     1700.0000  % 
LB close or above UB, fathomed
268    14     14         0.1500     2.7000     1700.0000  % 
LB close or above UB, fathomed
269    13     13         0.1500     2.7000     1700.0000  % 
UB: 2.6999999999999993
branching on CartesianIndex(1, 6) with c.
270    14     14         0.1500     2.7000     1700.0000  % 
UB: 2.6999999999999993
branching on CartesianIndex(2, 6) with c.
271    15     15         0.1500     2.7000     1700.0000  % 
UB: 2.6999999999999993
branching on CartesianIndex(1, 7) with c.
272    16     16         0.1500     2.7000     1700.0000  % 
UB: 2.6999999999999993
branching on CartesianIndex(2, 7) with c.
273    17     17         0.1500     2.7000     1700.0000  % 
LB close or above UB, fathomed
274    16     17         0.1500     2.7000     1700.0000  % 
UB: 2.6999999999999993
branching on 3 with b.
275    17     18         0.1500     2.7000     1700.0000  % 
LB close or above UB, fathomed
276    16     18         0.1500     2.7000     1700.0000  % 
UB: 2.6999999999999993
branching on 1 with b.
277    16     19         0.1500     2.7000     1700.0000  % 
UB: 2.6999999999999993
branching on 2 with b.
278    17     20         0.1500     2.7000     1700.0000  % 
UB: 2.6999999999999993
branching on 3 with b.
279    18     21         0.1500     2.7000     1700.0000  % 
LB close or above UB, fathomed
280    17     21         0.1500     2.7000     1700.0000  % 
LB close or above UB, fathomed
281    16     20         0.1500     2.7000     1700.0000  % 
LB close or above UB, fathomed
282    15     16         0.1500     2.7000     1700.0000  % 
LB close or above UB, fathomed
283    14     15         0.1500     2.7000     1700.0000  % 
LB close or above UB, fathomed
284    13     14         0.1500     2.7000     1700.0000  % 
LB close or above UB, fathomed
285    12     12         0.1500     2.7000     1700.0000  % 
UB: 2.6999999999999993
branching on CartesianIndex(1, 6) with c.
286    13     13         0.1500     2.7000     1700.0000  % 
UB: 2.6999999999999993
branching on 3 with b.
287    14     14         0.1500     2.7000     1700.0000  % 
LB close or above UB, fathomed
288    13     14         0.1500     2.7000     1700.0000  % 
LB close or above UB, fathomed
289    12     13         0.1500     2.7000     1700.0000  % 
LB close or above UB, fathomed
290    11     24         0.1500     2.7000     1700.0000  % 
UB: 2.6999999999999993
branching on 1 with b.
291    12     25         0.1500     2.7000     1700.0000  % 
UB: 2.6999999999999993
branching on 2 with b.
292    12     26         0.1500     2.7000     1700.0000  % 
UB: 2.6999999999999993
branching on 3 with b.
293    13     27         0.1500     2.7000     1700.0000  % 
LB close or above UB, fathomed
294    12     27         0.1500     2.7000     1700.0000  % 
LB close or above UB, fathomed
295    11     25         0.1500     2.7000     1700.0000  % 
UB: 2.6999999999999993
branching on 2 with b.
296    11     26         0.1500     2.7000     1700.0000  % 
UB: 2.6999999999999993
branching on 3 with b.
297    12     27         0.1500     2.7000     1700.0000  % 
LB close or above UB, fathomed
298    11     27         0.1500     2.7000     1700.0000  % 
LB close or above UB, fathomed
299    10     24         0.1500     2.7000     1700.0000  % 
LB close or above UB, fathomed
300    9      16         0.1500     2.7000     1700.0000  % 
UB: 2.6999999999999993
branching on CartesianIndex(2, 6) with c.
301    10     17         0.1500     2.7000     1700.0000  % 
LB close or above UB, fathomed
302    9      17         0.1500     2.7000     1700.0000  % 
UB: 2.6999999999999993
branching on CartesianIndex(1, 7) with c.
303    10     18         0.1500     2.7000     1700.0000  % 
UB: 2.6999999999999993
branching on 2 with b.
304    11     19         0.1500     2.7000     1700.0000  % 
LB close or above UB, fathomed
305    10     19         0.1500     2.7000     1700.0000  % 
UB: 2.6999999999999993
branching on CartesianIndex(2, 7) with c.
306    11     20         0.1500     2.7000     1700.0000  % 
UB: 2.6999999999999993
branching on 3 with b.
307    12     21         0.1500     2.7000     1700.0000  % 
LB close or above UB, fathomed
308    11     21         0.1500     2.7000     1700.0000  % 
UB: 2.6999999999999993
branching on 1 with b.
309    12     20         0.1500     2.7000     1700.0000  % 
LB close or above UB, fathomed
310    11     18         0.1500     2.7000     1700.0000  % 
LB close or above UB, fathomed
311    10     16         0.1500     2.7000     1700.0000  % 
LB close or above UB, fathomed
312    9      22         0.1500     2.7000     1700.0000  % 
LB close or above UB, fathomed
313    8      22         0.1500     2.7000     1700.0000  % 
LB close or above UB, fathomed
314    7      10         0.1500     2.7000     1700.0000  % 
UB: 2.6999999999999993
branching on 3 with b.
315    8      11         0.1500     2.7000     1700.0000  % 
UB: 2.6999999999999993
branching on CartesianIndex(1, 4) with c.
316    9      12         0.1500     2.7000     1700.0000  % 
LB close or above UB, fathomed
317    8      12         0.1500     2.7000     1700.0000  % 
UB: 2.6999999999999993
branching on CartesianIndex(1, 5) with c.
318    9      13         0.1500     2.7000     1700.0000  % 
UB: 2.6999999999999993
branching on CartesianIndex(2, 5) with c.
319    10     14         0.1500     2.7000     1700.0000  % 
LB close or above UB, fathomed
320    9      14         0.1500     2.7000     1700.0000  % 
UB: 2.6999999999999993
branching on CartesianIndex(1, 6) with c.
321    10     15         0.1500     2.7000     1700.0000  % 
UB: 2.6999999999999993
branching on 1 with b.
322    11     16         0.1500     2.7000     1700.0000  % 
UB: 2.6999999999999993
branching on CartesianIndex(2, 6) with c.
323    12     17         0.1500     2.7000     1700.0000  % 
LB close or above UB, fathomed
324    11     17         0.1500     2.7000     1700.0000  % 
UB: 2.6999999999999993
branching on CartesianIndex(1, 7) with c.
325    12     18         0.1500     2.7000     1700.0000  % 
UB: 2.6999999999999993
branching on CartesianIndex(2, 7) with c.
326    13     19         0.1500     2.7000     1700.0000  % 
UB: 2.6999999999999993
branching on 2 with b.
327    14     20         0.1500     2.7000     1700.0000  % 
UB: 2.6999999999999993
branching on 3 with b.
328    15     21         0.1500     2.7000     1700.0000  % 
LB close or above UB, fathomed
329    14     21         0.1500     2.7000     1700.0000  % 
UB: 2.6999999999999993
branching on 1 with b.
330    15     20         0.1500     2.7000     1700.0000  % 
LB close or above UB, fathomed
331    14     19         0.1500     2.7000     1700.0000  % 
LB close or above UB, fathomed
332    13     18         0.1500     2.7000     1700.0000  % 
LB close or above UB, fathomed
333    12     16         0.1500     2.7000     1700.0000  % 
LB close or above UB, fathomed
334    11     15         0.1500     2.7000     1700.0000  % 
LB close or above UB, fathomed
335    10     13         0.1500     2.7000     1700.0000  % 
LB close or above UB, fathomed
336    9      11         0.1500     2.7000     1700.0000  % 
LB close or above UB, fathomed
337    8      10         0.1500     2.7000     1700.0000  % 
UB: 2.6999999999999993
branching on CartesianIndex(1, 4) with c.
338    9      11         0.1500     2.7000     1700.0000  % 
LB close or above UB, fathomed
339    8      11         0.1500     2.7000     1700.0000  % 
UB: 2.6999999999999993
branching on 3 with b.
340    9      12         0.1500     2.7000     1700.0000  % 
LB close or above UB, fathomed
341    8      12         0.1500     2.7000     1700.0000  % 
UB: 2.6999999999999993
branching on CartesianIndex(1, 5) with c.
342    9      13         0.1500     2.7000     1700.0000  % 
UB: 2.6999999999999993
branching on CartesianIndex(2, 5) with c.
343    10     14         0.1500     2.7000     1700.0000  % 
LB close or above UB, fathomed
344    9      14         0.1500     2.7000     1700.0000  % 
LB close or above UB, fathomed
345    8      13         0.1500     2.7000     1700.0000  % 
LB close or above UB, fathomed
346    7      11         0.1500     2.7000     1700.0000  % 
UB: 2.6999999999999993
branching on 2 with b.
347    8      12         0.1500     2.7000     1700.0000  % 
UB: 2.6999999999999993
branching on CartesianIndex(1, 5) with c.
348    9      13         0.1500     2.7000     1700.0000  % 
LB close or above UB, fathomed
349    8      13         0.1500     2.7000     1700.0000  % 
UB: 2.6999999999999993
branching on CartesianIndex(1, 6) with c.
350    9      14         0.1500     2.7000     1700.0000  % 
UB: 2.6999999999999993
branching on CartesianIndex(2, 6) with c.
351    10     15         0.1500     2.7000     1700.0000  % 
LB close or above UB, fathomed
352    9      15         0.1500     2.7000     1700.0000  % 
LB close or above UB, fathomed
353    8      14         0.1500     2.7000     1700.0000  % 
LB close or above UB, fathomed
354    7      12         0.1500     2.7000     1700.0000  % 
LB close or above UB, fathomed
355    6      11         0.1500     2.7000     1700.0000  % 
UB: 2.6999999999999993
branching on CartesianIndex(1, 5) with c.
356    7      12         0.1500     2.7000     1700.0000  % 
LB close or above UB, fathomed
357    6      12         0.1500     2.7000     1700.0000  % 
UB: 2.6999999999999993
branching on 2 with b.
358    7      13         0.1500     2.7000     1700.0000  % 
UB: 2.6999999999999993
branching on CartesianIndex(1, 6) with c.
359    8      14         0.1500     2.7000     1700.0000  % 
UB: 2.6999999999999993
branching on CartesianIndex(2, 6) with c.
360    9      15         0.1500     2.7000     1700.0000  % 
LB close or above UB, fathomed
361    8      15         0.1500     2.7000     1700.0000  % 
LB close or above UB, fathomed
362    7      14         0.1500     2.7000     1700.0000  % 
LB close or above UB, fathomed
363    6      13         0.1500     2.7000     1700.0000  % 
LB close or above UB, fathomed
364    5      13         0.1500     2.7000     1700.0000  % 
UB: 2.6999999999999993
branching on CartesianIndex(2, 5) with c.
365    6      14         0.1500     2.7000     1700.0000  % 
LB close or above UB, fathomed
366    5      14         0.1500     2.7000     1700.0000  % 
UB: 2.6999999999999993
branching on CartesianIndex(1, 6) with c.
367    6      15         0.1500     2.7000     1700.0000  % 
UB: 2.6999999999999993
branching on 1 with b.
368    7      16         0.1500     2.7000     1700.0000  % 
LB close or above UB, fathomed
369    6      16         0.1500     2.7000     1700.0000  % 
LB close or above UB, fathomed
370    5      15         0.1500     2.7000     1700.0000  % 
LB close or above UB, fathomed
371    4      13         0.1500     2.7000     1700.0000  % 
LB close or above UB, fathomed
372    3      21         0.1500     2.7000     1700.0000  % 
LB close or above UB, fathomed
373    2      21         0.1500     2.7000     1700.0000  % 
LB close or above UB, fathomed
374    1      22         0.1500     2.7000     1700.0000  % 
LB close or above UB, fathomed
375    0      22         0.1500     2.7000     1700.0000  % 
LB close or above UB, fathomed
all node solved
solved nodes:  376
376                                                   2.6778e+00     2.7000e+00     0.8299  % 
2×3 Matrix{Float64}:
 0.0  0.0  1.0
 1.0  0.0  0.0
3-element Vector{Float64}:
 0.3108793409613757
 0.0
 0.7661030665013906
3×7 Matrix{Float64}:
 0.0  0.0  0.0  0.0  1.0  0.0  0.0
 0.0  0.0  0.0  0.0  0.0  1.0  0.0
 0.0  0.0  0.0  0.0  0.0  0.0  1.0
3-element Vector{Float64}:
 1.0
 0.0
 1.0
2×3 Matrix{Float64}:
 0.0  0.0  1.0
 1.0  0.0  0.0
3-element Vector{Float64}:
 0.3137260631964186
 0.0
 0.6655325896649089
3×7 Matrix{Float64}:
 0.0  0.0  0.0  0.0  1.0  0.0  0.0
 0.0  0.0  0.0  0.0  0.0  1.0  0.0
 0.0  0.0  0.0  0.0  0.0  0.0  1.0
3-element Vector{Float64}:
 1.0
 0.0
 1.0
comparison (CRT and Glb)on prediction: Dict{Bool, Int64}(0 => 0, 1 => 4)
Dataname	 time	 objv	 lb	 gap	 train_w	 train_g	 test_w	 test_g
small_toy_868.small_toy	 59.02	 2.6999999999999993	 2.678	 0.0083	 88.889	 88.889	 75.0	 75.0
