Running 2 processes.
Start training small_toy_82.small_toy with seed 1.
Any[]
(2, 13)
(2, 6)
(2, 3)
(2, 4)
dimension: 2, class: 3
cart cost: 2.7000000000000006
size of X: (2, 9)
ngroups: 2
UB: 0.15000000000000002
Iter	left	lev	LB	UB	gap	
0      0      1          0.1000     0.1500     50.0000    % 
UB: 0.15000000000000002
branching on 1 with d.
1      1      2          0.1000     0.1500     50.0000    % 
LB close or above UB, fathomed
2      0      2          0.1000     0.1500     50.0000    % 
UB: 0.15000000000000002
branching on 2 with d.
3      1      3          0.1000     0.1500     50.0000    % 
UB: 0.15000000000000002
branching on 3 with d.
4      2      4          0.1000     0.1500     50.0000    % 
LB close or above UB, fathomed
5      1      4          0.1000     0.1500     50.0000    % 
UB: 0.15000000000000002
branching on CartesianIndex(1, 1) with a.
6      2      5          0.1000     0.1500     50.0000    % 
UB: 0.15000000000000002
branching on CartesianIndex(1, 3) with a.
7      3      6          0.1000     0.1500     50.0000    % 
LB close or above UB, fathomed
8      2      6          0.1000     0.1500     50.0000    % 
LB close or above UB, fathomed
9      1      5          0.1000     0.1500     50.0000    % 
LB close or above UB, fathomed
10     0      3          0.1000     0.1500     50.0000    % 
UB: 0.15000000000000002
branching on 3 with d.
11     1      4          0.1000     0.1500     50.0000    % 
UB: 0.15000000000000002
branching on 1 with b.
12     2      5          0.1000     0.1500     50.0000    % 
LB close or above UB, fathomed
13     1      5          0.1000     0.1500     50.0000    % 
UB: 0.15000000000000002
branching on 1 with b.
14     2      6          0.1000     0.1500     50.0000    % 
UB: 0.15000000000000002
branching on CartesianIndex(1, 1) with a.
15     3      6          0.1000     0.1500     50.0000    % 
UB: 0.15000000000000002
branching on 2 with b.
16     4      7          0.1000     0.1500     50.0000    % 
UB: 0.15000000000000002
branching on CartesianIndex(1, 1) with a.
17     5      7          0.1000     0.1500     50.0000    % 
LB close or above UB, fathomed
18     4      4          0.1000     0.1500     50.0000    % 
LB close or above UB, fathomed
19     3      8          0.1000     0.1500     50.0000    % 
LB close or above UB, fathomed
20     2      8          0.1000     0.1500     50.0000    % 
LB close or above UB, fathomed
21     1      7          0.1000     0.1500     50.0000    % 
LB close or above UB, fathomed
22     0      7          0.1000     0.1500     50.0000    % 
LB close or above UB, fathomed
all node solved
solved nodes:  23
23                                                    1.5000e-01     1.5000e-01     0.0000  % 
2×3 Matrix{Float64}:
 0.0  0.0  0.0
 1.0  0.0  1.0
3-element Vector{Float64}:
 0.3944183848307954
 0.0
 0.7490803678008812
3×7 Matrix{Float64}:
 0.0  0.0  0.0  0.0  1.0  0.0  0.0
 0.0  0.0  0.0  0.0  0.0  1.0  0.0
 0.0  0.0  0.0  0.0  0.0  0.0  1.0
3-element Vector{Float64}:
 1.0
 0.0
 1.0
2×3 Matrix{Float64}:
 1.0  0.0  0.0
 0.0  1.0  1.0
3-element Vector{Float64}:
 0.6464271905018544
 0.39750747081844606
 0.4317822765482715
3×7 Matrix{Float64}:
 0.0  0.0  0.0   1.0  -0.0  -0.0  -0.0
 0.0  0.0  0.0   0.0   1.0   1.0  -0.0
 0.0  0.0  0.0  -0.0   0.0   0.0   1.0
3-element Vector{Float64}:
 1.0
 1.0
 1.0
comparison (CRT and Glb)on prediction: Dict{Bool, Int64}(0 => 0, 1 => 4)
Dataname	 time	 objv	 lb	 gap	 train_w	 train_g	 test_w	 test_g
small_toy_82.small_toy	 57.77	 0.15000000000000002	 0.15	 0.0	 88.889	 100.0	 75.0	 75.0
