Running 2 processes.
Start training small_toy_925.small_toy with seed 1.
Any[]
(2, 13)
(2, 6)
(2, 3)
(2, 4)
dimension: 2, class: 3
cart cost: 7.9
size of X: (2, 9)
ngroups: 2
UB: 2.75
Iter	left	lev	LB	UB	gap	
0      0      1          0.1000     2.7500     2650.0000  % 
UB: 2.75
branching on 1 with d.
1      1      2          0.1000     2.7500     2650.0000  % 
LB close or above UB, fathomed
2      0      2          0.1000     2.7500     2650.0000  % 
UB: 2.75
branching on 2 with d.
3      1      3          0.1000     2.7500     2650.0000  % 
UB: 2.75
branching on 3 with d.
4      2      4          0.1000     2.7500     2650.0000  % 
LB close or above UB, fathomed
5      1      4          0.1000     2.7500     2650.0000  % 
UB: 2.75
branching on CartesianIndex(1, 1) with a.
6      2      5          0.1000     2.7500     2650.0000  % 
UB: 2.75
branching on CartesianIndex(1, 3) with a.
7      3      5          0.1000     2.7500     2650.0000  % 
UB: 2.75
branching on 1 with b.
8      4      3          0.1000     2.7500     2650.0000  % 
UB: 2.75
branching on 3 with d.
9      5      4          0.1000     2.7500     2650.0000  % 
UB: 2.75
branching on CartesianIndex(1, 1) with a.
10     6      5          0.1000     2.7500     2650.0000  % 
UB: 2.75
branching on CartesianIndex(1, 2) with a.
11     7      5          0.1000     2.7500     2650.0000  % 
UB: 2.75
branching on 1 with b.
12     8      4          0.1000     2.7500     2650.0000  % 
UB: 2.75
branching on CartesianIndex(1, 1) with a.
13     9      5          0.1500     2.7500     1733.3333  % 
UB: 2.75
branching on 1 with b.
14     10     6          0.1500     2.7500     1733.3333  % 
UB: 2.75
branching on CartesianIndex(1, 2) with a.
15     11     7          0.1500     2.7500     1733.3333  % 
UB: 2.75
branching on 1 with b.
16     12     8          0.1500     2.7500     1733.3333  % 
LB close or above UB, fathomed
17     11     8          0.1500     2.7500     1733.3333  % 
UB: 2.75
branching on CartesianIndex(1, 3) with a.
18     12     9          0.1500     2.7500     1733.3333  % 
UB: 2.75
branching on 2 with b.
19     13     10         0.1500     2.7500     1733.3333  % 
UB: 2.75
branching on CartesianIndex(1, 4) with c.
20     14     11         0.1500     2.7500     1733.3333  % 
LB close or above UB, fathomed
21     13     11         0.1500     2.7500     1733.3333  % 
LB close or above UB, fathomed
22     12     10         0.1500     2.7500     1733.3333  % 
LB close or above UB, fathomed
23     11     9          0.1500     2.7500     1733.3333  % 
UB: 2.75
branching on 2 with b.
24     12     10         0.1500     2.7500     1733.3333  % 
UB: 2.75
branching on 3 with b.
25     13     11         0.1500     2.7500     1733.3333  % 
LB close or above UB, fathomed
26     12     11         0.1500     2.7500     1733.3333  % 
UB: 2.75
branching on CartesianIndex(1, 4) with c.
27     13     10         0.1500     2.7500     1733.3333  % 
LB close or above UB, fathomed
28     12     7          0.1500     2.7500     1733.3333  % 
UB: 2.75
branching on 1 with b.
29     13     8          0.1500     2.7500     1733.3333  % 
LB close or above UB, fathomed
30     12     8          0.1500     2.7500     1733.3333  % 
UB: 2.75
branching on 2 with b.
31     13     9          0.1500     2.7500     1733.3333  % 
UB: 2.75
branching on 3 with b.
32     14     9          0.1500     2.7500     1733.3333  % 
UB: 2.75
branching on CartesianIndex(1, 3) with a.
33     15     10         0.1500     2.7500     1733.3333  % 
UB: 2.75
branching on CartesianIndex(1, 4) with c.
34     16     11         0.1500     2.7500     1733.3333  % 
LB close or above UB, fathomed
35     15     11         0.1500     2.7500     1733.3333  % 
UB: 2.75
branching on 3 with b.
36     16     12         0.1500     2.7500     1733.3333  % 
LB close or above UB, fathomed
37     15     12         0.1500     2.7500     1733.3333  % 
UB: 2.75
branching on CartesianIndex(1, 5) with c.
38     16     13         0.1500     2.7500     1733.3333  % 
UB: 2.75
branching on CartesianIndex(2, 5) with c.
39     17     14         0.1500     2.7500     1733.3333  % 
LB close or above UB, fathomed
40     16     14         0.1500     2.7500     1733.3333  % 
LB close or above UB, fathomed
41     15     13         0.1500     2.7500     1733.3333  % 
LB close or above UB, fathomed
42     14     10         0.1500     2.7500     1733.3333  % 
UB: 2.75
branching on 3 with b.
43     15     6          0.1500     2.7500     1733.3333  % 
LB close or above UB, fathomed
44     14     5          0.1500     2.7500     1733.3333  % 
UB: 2.75
branching on CartesianIndex(1, 2) with a.
45     15     6          0.1500     2.7500     1733.3333  % 
UB: 2.75
branching on 1 with b.
46     16     7          0.1500     2.7500     1733.3333  % 
LB close or above UB, fathomed
47     15     7          0.1500     2.7500     1733.3333  % 
UB: 2.75
branching on 1 with b.
48     16     8          0.1500     2.7500     1733.3333  % 
UB: 2.75
branching on CartesianIndex(1, 3) with a.
49     17     9          0.1500     2.7500     1733.3333  % 
UB: 2.75
branching on CartesianIndex(1, 4) with c.
50     18     10         0.1500     2.7500     1733.3333  % 
LB close or above UB, fathomed
51     17     10         0.1500     2.7500     1733.3333  % 
UB: 2.75
branching on 2 with b.
52     18     11         0.1500     2.7500     1733.3333  % 
UB: 2.75
branching on CartesianIndex(1, 5) with c.
53     19     12         0.1500     2.7500     1733.3333  % 
UB: 2.75
branching on CartesianIndex(2, 5) with c.
54     20     13         0.1500     2.7500     1733.3333  % 
LB close or above UB, fathomed
55     19     13         0.1500     2.7500     1733.3333  % 
UB: 2.75
branching on 3 with b.
56     20     14         0.1500     2.7500     1733.3333  % 
UB: 2.75
branching on CartesianIndex(1, 6) with c.
57     21     15         0.1500     2.7500     1733.3333  % 
UB: 2.75
branching on CartesianIndex(2, 6) with c.
58     22     16         0.1500     2.7500     1733.3333  % 
LB close or above UB, fathomed
59     21     16         0.1500     2.7500     1733.3333  % 
UB: 2.75
branching on CartesianIndex(1, 7) with c.
60     22     17         0.1500     2.7500     1733.3333  % 
UB: 2.75
branching on CartesianIndex(2, 7) with c.
61     23     18         0.1500     2.7500     1733.3333  % 
UB: 2.75
branching on 1 with b.
62     24     19         0.1500     2.7500     1733.3333  % 
LB close or above UB, fathomed
63     23     19         0.1500     2.7500     1733.3333  % 
LB close or above UB, fathomed
64     22     18         0.1500     2.7500     1733.3333  % 
LB close or above UB, fathomed
65     21     17         0.1500     2.7500     1733.3333  % 
LB close or above UB, fathomed
66     20     15         0.1500     2.7500     1733.3333  % 
LB close or above UB, fathomed
67     19     14         0.1500     2.7500     1733.3333  % 
UB: 2.75
branching on CartesianIndex(1, 6) with c.
68     20     12         0.1500     2.7500     1733.3333  % 
LB close or above UB, fathomed
69     19     11         0.1500     2.7500     1733.3333  % 
UB: 2.75
branching on 3 with b.
70     20     12         0.1500     2.7500     1733.3333  % 
UB: 2.75
branching on CartesianIndex(1, 5) with c.
71     21     13         0.1500     2.7500     1733.3333  % 
UB: 2.75
branching on CartesianIndex(2, 5) with c.
72     22     14         0.1500     2.7500     1733.3333  % 
LB close or above UB, fathomed
73     21     14         0.1500     2.7500     1733.3333  % 
UB: 2.75
branching on CartesianIndex(1, 6) with c.
74     22     15         0.1500     2.7500     1733.3333  % 
UB: 2.75
branching on 1 with b.
75     23     16         0.1500     2.7500     1733.3333  % 
LB close or above UB, fathomed
76     22     16         0.1500     2.7500     1733.3333  % 
LB close or above UB, fathomed
77     21     15         0.1500     2.7500     1733.3333  % 
LB close or above UB, fathomed
78     20     13         0.1500     2.7500     1733.3333  % 
LB close or above UB, fathomed
79     19     12         0.1500     2.7500     1733.3333  % 
UB: 2.75
branching on CartesianIndex(1, 5) with c.
80     20     9          0.1500     2.7500     1733.3333  % 
UB: 2.75
branching on 2 with b.
81     21     8          0.1500     2.7500     1733.3333  % 
LB close or above UB, fathomed
82     20     6          0.1500     2.7500     1733.3333  % 
UB: 2.75
branching on 1 with b.
83     21     7          0.1500     2.7500     1733.3333  % 
LB close or above UB, fathomed
84     20     7          0.1500     2.7500     1733.3333  % 
UB: 2.75
branching on CartesianIndex(1, 3) with a.
85     21     8          0.1500     2.7500     1733.3333  % 
UB: 2.75
branching on 1 with b.
86     22     9          0.1500     2.7500     1733.3333  % 
UB: 2.75
branching on 2 with b.
87     23     10         0.1500     2.7500     1733.3333  % 
UB: 2.75
branching on CartesianIndex(1, 4) with c.
88     24     11         0.1500     2.7500     1733.3333  % 
LB close or above UB, fathomed
89     23     11         0.1500     2.7500     1733.3333  % 
UB: 2.75
branching on CartesianIndex(1, 5) with c.
90     24     12         0.1500     2.7500     1733.3333  % 
UB: 2.75
branching on CartesianIndex(2, 5) with c.
91     25     13         0.1500     2.7500     1733.3333  % 
LB close or above UB, fathomed
92     24     13         0.1500     2.7500     1733.3333  % 
UB: 2.75
branching on CartesianIndex(1, 6) with c.
93     25     14         0.1500     2.7500     1733.3333  % 
LB close or above UB, fathomed
94     24     14         0.1500     2.7500     1733.3333  % 
LB close or above UB, fathomed
95     23     12         0.1500     2.7500     1733.3333  % 
LB close or above UB, fathomed
96     22     10         0.1500     2.7500     1733.3333  % 
LB close or above UB, fathomed
97     21     9          0.1500     2.7500     1733.3333  % 
LB close or above UB, fathomed
98     20     8          0.1500     2.7500     1733.3333  % 
UB: 2.75
branching on CartesianIndex(1, 4) with c.
99     21     9          0.1500     2.7500     1733.3333  % 
LB close or above UB, fathomed
100    20     9          0.1500     2.7500     1733.3333  % 
UB: 2.75
branching on CartesianIndex(1, 5) with c.
101    21     10         0.1500     2.7500     1733.3333  % 
UB: 2.75
branching on CartesianIndex(1, 4) with c.
102    22     10         0.1500     2.7500     1733.3333  % 
UB: 2.75
branching on CartesianIndex(1, 4) with c.
103    23     15         0.1500     2.7500     1733.3333  % 
UB: 2.75
branching on 1 with b.
104    24     16         0.1500     2.7500     1733.3333  % 
LB close or above UB, fathomed
105    23     16         0.1500     2.7500     1733.3333  % 
LB close or above UB, fathomed
106    22     15         0.1500     2.7500     1733.3333  % 
LB close or above UB, fathomed
107    21     11         0.1500     2.7500     1733.3333  % 
LB close or above UB, fathomed
108    20     11         0.1500     2.7500     1733.3333  % 
UB: 2.75
branching on 1 with b.
109    21     10         0.1500     2.7500     1733.3333  % 
LB close or above UB, fathomed
110    20     10         0.1500     2.7500     1733.3333  % 
UB: 2.75
branching on CartesianIndex(1, 3) with a.
111    21     11         0.1500     2.7500     1733.3333  % 
LB close or above UB, fathomed
112    20     11         0.1500     2.7500     1733.3333  % 
UB: 2.75
branching on CartesianIndex(1, 4) with c.
113    21     12         0.1500     2.7500     1733.3333  % 
LB close or above UB, fathomed
114    20     12         0.1500     2.7500     1733.3333  % 
UB: 2.75
branching on CartesianIndex(1, 5) with c.
115    21     13         0.1500     2.7500     1733.3333  % 
LB close or above UB, fathomed
116    20     13         0.1500     2.7500     1733.3333  % 
LB close or above UB, fathomed
117    19     12         0.1500     2.7500     1733.3333  % 
UB: 2.75
branching on CartesianIndex(2, 4) with c.
118    20     12         0.1500     2.7500     1733.3333  % 
LB close or above UB, fathomed
119    19     13         0.1500     2.7500     1733.3333  % 
LB close or above UB, fathomed
120    18     13         0.1500     2.7500     1733.3333  % 
UB: 2.75
branching on CartesianIndex(1, 5) with c.
121    19     14         0.1500     2.7500     1733.3333  % 
LB close or above UB, fathomed
122    18     14         0.1500     2.7500     1733.3333  % 
UB: 2.75
branching on CartesianIndex(1, 6) with c.
123    19     15         0.1500     2.7500     1733.3333  % 
UB: 2.75
branching on CartesianIndex(2, 6) with c.
124    20     16         0.1500     2.7500     1733.3333  % 
LB close or above UB, fathomed
125    19     16         0.1500     2.7500     1733.3333  % 
UB: 2.75
branching on CartesianIndex(1, 7) with c.
126    20     17         0.1500     2.7500     1733.3333  % 
UB: 2.75
branching on CartesianIndex(2, 7) with c.
127    21     18         0.1500     2.7500     1733.3333  % 
UB: 2.75
branching on 1 with b.
128    22     19         0.1500     2.7500     1733.3333  % 
LB close or above UB, fathomed
129    21     19         0.1500     2.7500     1733.3333  % 
LB close or above UB, fathomed
130    20     18         0.1500     2.7500     1733.3333  % 
LB close or above UB, fathomed
131    19     17         0.1500     2.7500     1733.3333  % 
LB close or above UB, fathomed
132    18     15         0.1500     2.7500     1733.3333  % 
LB close or above UB, fathomed
133    17     12         0.1500     2.7500     1733.3333  % 
LB close or above UB, fathomed
134    16     12         0.1500     2.7500     1733.3333  % 
UB: 2.75
branching on CartesianIndex(1, 4) with c.
135    17     11         0.1500     2.7500     1733.3333  % 
LB close or above UB, fathomed
136    16     11         0.1500     2.7500     1733.3333  % 
UB: 2.75
branching on 3 with b.
137    17     12         0.1500     2.7500     1733.3333  % 
LB close or above UB, fathomed
138    16     12         0.1500     2.7500     1733.3333  % 
UB: 2.75
branching on 1 with b.
139    17     13         0.1500     2.7500     1733.3333  % 
LB close or above UB, fathomed
140    16     13         0.1500     2.7500     1733.3333  % 
LB close or above UB, fathomed
141    15     10         0.1500     2.7500     1733.3333  % 
UB: 2.75
branching on 1 with b.
142    16     11         0.1500     2.7500     1733.3333  % 
UB: 2.75
branching on CartesianIndex(2, 5) with c.
143    17     12         0.1500     2.7500     1733.3333  % 
LB close or above UB, fathomed
144    16     12         0.1500     2.7500     1733.3333  % 
UB: 2.75
branching on 2 with b.
145    17     13         0.1500     2.7500     1733.3333  % 
UB: 2.75
branching on 3 with b.
146    18     14         0.1500     2.7500     1733.3333  % 
LB close or above UB, fathomed
147    17     14         0.1500     2.7500     1733.3333  % 
UB: 2.75
branching on CartesianIndex(1, 6) with c.
148    18     15         0.1500     2.7500     1733.3333  % 
LB close or above UB, fathomed
149    17     15         0.1500     2.7500     1733.3333  % 
LB close or above UB, fathomed
150    16     13         0.1500     2.7500     1733.3333  % 
LB close or above UB, fathomed
151    15     11         0.1500     2.7500     1733.3333  % 
LB close or above UB, fathomed
152    14     10         0.1500     2.7500     1733.3333  % 
LB close or above UB, fathomed
153    13     13         0.1500     2.7500     1733.3333  % 
LB close or above UB, fathomed
154    12     13         0.1500     2.7500     1733.3333  % 
UB: 2.75
branching on 2 with b.
155    13     14         0.1500     2.7500     1733.3333  % 
UB: 2.75
branching on CartesianIndex(1, 5) with c.
156    14     15         0.1500     2.7500     1733.3333  % 
UB: 2.75
branching on CartesianIndex(2, 5) with c.
157    15     16         0.1500     2.7500     1733.3333  % 
LB close or above UB, fathomed
158    14     16         0.1500     2.7500     1733.3333  % 
LB close or above UB, fathomed
159    13     15         0.1500     2.7500     1733.3333  % 
LB close or above UB, fathomed
160    12     14         0.1500     2.7500     1733.3333  % 
LB close or above UB, fathomed
161    11     11         0.1500     2.7500     1733.3333  % 
LB close or above UB, fathomed
162    10     11         0.1500     2.7500     1733.3333  % 
UB: 2.75
branching on 3 with b.
163    11     12         0.1500     2.7500     1733.3333  % 
LB close or above UB, fathomed
164    10     12         0.1500     2.7500     1733.3333  % 
UB: 2.75
branching on CartesianIndex(1, 5) with c.
165    11     13         0.1500     2.7500     1733.3333  % 
UB: 2.75
branching on CartesianIndex(2, 5) with c.
166    12     14         0.1500     2.7500     1733.3333  % 
LB close or above UB, fathomed
167    11     14         0.1500     2.7500     1733.3333  % 
UB: 2.75
branching on 1 with b.
168    12     15         0.1500     2.7500     1733.3333  % 
LB close or above UB, fathomed
169    11     15         0.1500     2.7500     1733.3333  % 
LB close or above UB, fathomed
170    10     13         0.1500     2.7500     1733.3333  % 
LB close or above UB, fathomed
171    9      6          2.7000     2.7500     1.8519     % 
LB close or above UB, fathomed
172    8      6          2.7000     2.7500     1.8519     % 
UB: 2.75
branching on CartesianIndex(1, 2) with a.
173    9      7          2.7000     2.7500     1.8519     % 
UB: 2.75
branching on CartesianIndex(1, 4) with c.
174    10     8          2.7000     2.7500     1.8519     % 
LB close or above UB, fathomed
175    9      8          2.7000     2.7500     1.8519     % 
UB: 2.75
branching on 1 with b.
176    10     9          2.7000     2.7500     1.8519     % 
UB: 2.75
branching on 2 with b.
177    11     10         2.7000     2.7500     1.8519     % 
UB: 2.75
branching on CartesianIndex(1, 5) with c.
178    12     11         2.7000     2.7500     1.8519     % 
UB: 2.75
branching on 1 with b.
179    13     12         2.7000     2.7500     1.8519     % 
LB close or above UB, fathomed
180    12     12         2.7000     2.7500     1.8519     % 
UB: 2.75
branching on 2 with b.
181    13     11         2.7000     2.7500     1.8519     % 
LB close or above UB, fathomed
182    12     10         2.7000     2.7500     1.8519     % 
UB: 2.75
branching on CartesianIndex(1, 5) with c.
183    13     11         2.7000     2.7500     1.8519     % 
UB: 2.75
branching on 1 with b.
184    14     12         2.7000     2.7500     1.8519     % 
LB close or above UB, fathomed
185    13     12         2.7000     2.7500     1.8519     % 
LB close or above UB, fathomed
186    12     11         2.7000     2.7500     1.8519     % 
LB close or above UB, fathomed
187    11     9          2.7000     2.7500     1.8519     % 
LB close or above UB, fathomed
188    10     7          2.7000     2.7500     1.8519     % 
LB close or above UB, fathomed
189    9      6          2.7000     2.7500     1.8519     % 
LB close or above UB, fathomed
190    8      6          2.7000     2.7500     1.8519     % 
UB: 2.75
branching on CartesianIndex(1, 4) with c.
191    9      7          2.7000     2.7500     1.8519     % 
LB close or above UB, fathomed
192    8      7          2.7000     2.7500     1.8519     % 
UB: 2.75
branching on CartesianIndex(1, 5) with c.
193    9      8          2.7000     2.7500     1.8519     % 
UB: 2.75
branching on CartesianIndex(2, 5) with c.
194    10     9          2.7000     2.7500     1.8519     % 
LB close or above UB, fathomed
195    9      9          2.7000     2.7500     1.8519     % 
UB: 2.75
branching on CartesianIndex(1, 7) with c.
196    10     10         2.7000     2.7500     1.8519     % 
UB: 2.75
branching on CartesianIndex(2, 7) with c.
197    11     11         2.7000     2.7500     1.8519     % 
UB: 2.75
branching on 1 with b.
198    12     12         2.7000     2.7500     1.8519     % 
LB close or above UB, fathomed
199    11     12         2.7000     2.7500     1.8519     % 
LB close or above UB, fathomed
200    10     11         2.7000     2.7500     1.8519     % 
LB close or above UB, fathomed
201    9      10         2.7000     2.7500     1.8519     % 
LB close or above UB, fathomed
202    8      8          2.7000     2.7500     1.8519     % 
LB close or above UB, fathomed
203    7      6          2.7000     2.7500     1.8519     % 
UB: 2.75
branching on CartesianIndex(1, 3) with a.
204    8      6          2.7000     2.7500     1.8519     % 
LB close or above UB, fathomed
205    7      6          2.7000     2.7500     1.8519     % 
LB close or above UB, fathomed
206    6      6          2.7000     2.7500     1.8519     % 
UB: 2.75
branching on 1 with b.
207    7      7          2.7000     2.7500     1.8519     % 
UB: 2.75
branching on CartesianIndex(1, 5) with c.
208    8      8          2.7000     2.7500     1.8519     % 
LB close or above UB, fathomed
209    7      8          2.7000     2.7500     1.8519     % 
UB: 2.75
branching on CartesianIndex(1, 6) with c.
210    8      9          2.7000     2.7500     1.8519     % 
UB: 2.75
branching on 1 with b.
211    9      10         2.7000     2.7500     1.8519     % 
LB close or above UB, fathomed
212    8      10         2.7000     2.7500     1.8519     % 
UB: 2.75
branching on 3 with b.
213    9      11         2.7000     2.7500     1.8519     % 
LB close or above UB, fathomed
214    8      11         2.7000     2.7500     1.8519     % 
UB: 2.75
branching on CartesianIndex(2, 6) with c.
215    9      12         2.7000     2.7500     1.8519     % 
LB close or above UB, fathomed
216    8      12         2.7000     2.7500     1.8519     % 
UB: 2.75
branching on CartesianIndex(1, 7) with c.
217    9      13         2.7000     2.7500     1.8519     % 
UB: 2.75
branching on CartesianIndex(2, 7) with c.
218    10     14         2.7000     2.7500     1.8519     % 
UB: 2.75
branching on 1 with b.
219    11     15         2.7000     2.7500     1.8519     % 
LB close or above UB, fathomed
220    10     15         2.7000     2.7500     1.8519     % 
LB close or above UB, fathomed
221    9      14         2.7000     2.7500     1.8519     % 
LB close or above UB, fathomed
222    8      13         2.7000     2.7500     1.8519     % 
LB close or above UB, fathomed
223    7      9          2.7000     2.7500     1.8519     % 
LB close or above UB, fathomed
224    6      7          2.7000     2.7500     1.8519     % 
LB close or above UB, fathomed
225    5      7          2.7000     2.7500     1.8519     % 
UB: 2.75
branching on CartesianIndex(1, 5) with c.
226    6      8          2.7000     2.7500     1.8519     % 
LB close or above UB, fathomed
227    5      8          2.7000     2.7500     1.8519     % 
UB: 2.75
branching on CartesianIndex(1, 6) with c.
228    6      9          2.7000     2.7500     1.8519     % 
LB close or above UB, fathomed
229    5      9          2.7000     2.7500     1.8519     % 
LB close or above UB, fathomed
230    4      7          2.7000     2.7500     1.8519     % 
LB close or above UB, fathomed
231    3      13         2.7000     2.7500     1.8519     % 
LB close or above UB, fathomed
232    2      13         2.7000     2.7500     1.8519     % 
UB: 2.75
branching on CartesianIndex(2, 5) with c.
233    3      14         2.7000     2.7500     1.8519     % 
LB close or above UB, fathomed
234    2      14         2.7000     2.7500     1.8519     % 
UB: 2.75
branching on CartesianIndex(1, 7) with c.
235    3      15         2.7000     2.7500     1.8519     % 
UB: 2.75
branching on CartesianIndex(2, 7) with c.
236    4      16         2.7000     2.7500     1.8519     % 
LB close or above UB, fathomed
237    3      16         2.7000     2.7500     1.8519     % 
LB close or above UB, fathomed
238    2      15         2.7000     2.7500     1.8519     % 
LB close or above UB, fathomed
239    1      13         2.7167     2.7500     1.2270     % 
UB: 2.75
branching on CartesianIndex(2, 5) with c.
240    2      14         2.7167     2.7500     1.2270     % 
LB close or above UB, fathomed
241    1      14         2.7167     2.7500     1.2270     % 
UB: 2.75
branching on CartesianIndex(1, 6) with c.
242    2      15         2.7167     2.7500     1.2270     % 
UB: 2.75
branching on CartesianIndex(2, 6) with c.
243    3      16         2.7167     2.7500     1.2270     % 
LB close or above UB, fathomed
244    2      16         2.7167     2.7500     1.2270     % 
LB close or above UB, fathomed
245    1      15         2.7167     2.7500     1.2270     % 
LB close or above UB, fathomed
246    0      13         2.7167     2.7500     1.2270     % 
LB close or above UB, fathomed
all node solved
solved nodes:  247
247                                                   2.7500e+00     2.7500e+00     0.0000  % 
2×3 Matrix{Float64}:
 1.0  0.0  0.0
 0.0  0.0  1.0
3-element Vector{Float64}:
 0.1482115506856645
 0.0
 0.1819216326185594
3×7 Matrix{Float64}:
 0.0  0.0  0.0  0.0  1.0  1.0  0.0
 0.0  0.0  0.0  0.0  0.0  0.0  1.0
 0.0  0.0  0.0  0.0  0.0  0.0  0.0
3-element Vector{Float64}:
 1.0
 0.0
 1.0
2×3 Matrix{Float64}:
  1.0   1.0  -0.0
 -0.0  -0.0   1.0
3-element Vector{Float64}:
 0.6652003500377655
 0.2622407118140191
 0.03056547930530218
3×7 Matrix{Float64}:
 0.0  0.0  0.0   1.0   0.0  1.0  -0.0
 0.0  0.0  0.0   0.0   1.0  0.0  -0.0
 0.0  0.0  0.0  -0.0  -0.0  0.0   1.0
3-element Vector{Float64}:
 1.0
 1.0
 1.0
comparison (CRT and Glb)on prediction: Dict{Bool, Int64}(0 => 2, 1 => 2)
Dataname	 time	 objv	 lb	 gap	 train_w	 train_g	 test_w	 test_g
small_toy_925.small_toy	 57.51	 2.75	 2.75	 0.0	 66.667	 88.889	 75.0	 75.0
