Running 32 processes.
Start training banknote_748.banknote with seed 1.
Any[]
(4, 1345)
(4, 673)
(4, 337)
(4, 335)
dimension: 4, class: 2
cart cost: 203.61050870147255
size of X: (4, 1010)
ngroups: 33
UB: 151.39497991967872
Iter	left	lev	LB	UB	gap	
0      0      1          39.6500    151.3950   281.8285   % 
UB: 151.39497991967872
branching on 1 with d.
1      1      2          39.6500    151.3950   281.8285   % 
LB close or above UB, fathomed
2      0      2          39.6500    151.3950   281.8285   % 
UB: 151.39497991967872
branching on 2 with d.
3      1      3          39.6500    151.3950   281.8285   % 
LB close or above UB, fathomed
4      0      3          39.6500    151.3950   281.8285   % 
UB: 151.39497991967872
branching on 3 with d.
5      1      4          39.6528    151.3950   281.8015   % 
UB: 151.39497991967872
branching on CartesianIndex(1, 1) with a.
6      2      4          39.6528    151.3950   281.8015   % 
UB: 151.39497991967872
branching on CartesianIndex(1, 1) with a.
7      3      5          39.6712    151.3950   281.6242   % 
UB: 151.39497991967872
branching on 1 with b.
8      4      5          39.6712    151.3950   281.6242   % 
UB: 151.39497991967872
branching on CartesianIndex(1, 2) with a.
9      5      6          39.7007    151.3950   281.3409   % 
UB: 138.79123159303884
branching on CartesianIndex(2, 1) with a.
10     6      6          39.7007    138.7912   249.5940   % 
UB: 138.79123159303884
branching on CartesianIndex(2, 1) with a.
11     7      7          59.5410    138.7912   133.1018   % 
UB: 138.79123159303884
branching on 1 with b.
12     8      8          59.5410    138.7912   133.1018   % 
UB: 138.79123159303884
branching on 2 with b.
13     9      8          59.5410    138.7912   133.1018   % 
UB: 138.79123159303884
branching on CartesianIndex(3, 1) with a.
14     10     7          59.5410    138.7912   133.1018   % 
LB close or above UB, fathomed
15     9      7          61.3337    138.7912   126.2885   % 
UB: 138.79123159303884
branching on 1 with b.
16     10     7          61.3337    138.7912   126.2885   % 
UB: 138.79123159303884
branching on CartesianIndex(1, 2) with a.
17     11     9          66.7606    138.7912   107.8938   % 
UB: 138.79123159303884
branching on 3 with b.
18     12     9          66.7606    138.7912   107.8938   % 
UB: 138.79123159303884
branching on 3 with b.
19     13     10         68.5612    138.7912   102.4342   % 
UB: 138.79123159303884
branching on 1 with b.
20     14     11         68.5612    138.7912   102.4342   % 
UB: 138.79123159303884
branching on CartesianIndex(3, 1) with a.
21     15     11         68.5612    138.7912   102.4342   % 
UB: 138.79123159303884
branching on 2 with b.
22     16     10         68.5612    138.7912   102.4342   % 
UB: 138.79123159303884
branching on CartesianIndex(3, 1) with a.
23     17     8          70.3457    138.7912   97.2988    % 
LB close or above UB, fathomed
24     16     8          70.3457    138.7912   97.2988    % 
UB: 138.79123159303884
branching on 1 with b.
25     17     12         70.3617    138.7912   97.2539    % 
UB: 138.79123159303884
branching on CartesianIndex(3, 1) with a.
26     18     13         70.3617    138.7912   97.2539    % 
LB close or above UB, fathomed
27     17     13         70.3617    138.7912   97.2539    % 
UB: 138.79123159303884
branching on CartesianIndex(1, 2) with a.
28     18     14         70.3617    138.7912   97.2539    % 
UB: 138.79123159303884
branching on 3 with b.
29     19     14         70.3617    138.7912   97.2539    % 
UB: 138.79123159303884
branching on CartesianIndex(1, 3) with a.
30     20     12         70.3617    138.7912   97.2539    % 
UB: 138.79123159303884
branching on CartesianIndex(3, 1) with a.
31     21     15         71.0911    138.7912   95.2302    % 
LB close or above UB, fathomed
32     20     15         71.0911    138.7912   95.2302    % 
UB: 138.79123159303884
branching on CartesianIndex(2, 2) with a.
33     21     16         72.1714    138.7912   92.3078    % 
LB close or above UB, fathomed
34     20     16         72.1714    138.7912   92.3078    % 
UB: 138.79123159303884
branching on CartesianIndex(1, 3) with a.
35     21     9          73.9468    138.7912   87.6907    % 
UB: 138.79123159303884
branching on CartesianIndex(1, 3) with a.
36     22     10         73.9468    138.7912   87.6907    % 
UB: 138.79123159303884
branching on 2 with b.
37     23     10         73.9468    138.7912   87.6907    % 
UB: 138.79123159303884
branching on CartesianIndex(1, 4) with c.
38     24     9          73.9468    138.7912   87.6907    % 
UB: 138.79123159303884
branching on 2 with b.
39     25     17         73.9719    138.7912   87.6269    % 
LB close or above UB, fathomed
40     24     17         73.9719    138.7912   87.6269    % 
UB: 138.79123159303884
branching on 1 with b.
41     25     18         73.9719    138.7912   87.6269    % 
UB: 138.79123159303884
branching on CartesianIndex(1, 4) with c.
42     26     18         73.9719    138.7912   87.6269    % 
UB: 138.79123159303884
branching on CartesianIndex(1, 4) with c.
43     27     6          75.7430    138.7912   83.2397    % 
UB: 138.79123159303884
branching on CartesianIndex(2, 2) with a.
44     28     6          75.7430    138.7912   83.2397    % 
UB: 138.79123159303884
branching on 1 with b.
45     29     19         77.5730    138.7912   78.9169    % 
UB: 138.79123159303884
branching on CartesianIndex(1, 5) with c.
46     30     20         77.5730    138.7912   78.9169    % 
LB close or above UB, fathomed
47     29     20         77.5730    138.7912   78.9169    % 
UB: 138.79123159303884
branching on CartesianIndex(1, 6) with c.
48     30     19         77.5730    138.7912   78.9169    % 
LB close or above UB, fathomed
49     29     21         77.5730    138.7912   78.9169    % 
UB: 138.79123159303884
branching on 2 with b.
50     30     22         77.5730    138.7912   78.9169    % 
LB close or above UB, fathomed
51     29     22         77.5730    138.7912   78.9169    % 
UB: 138.79123159303884
branching on CartesianIndex(1, 7) with c.
52     30     23         77.5730    138.7912   78.9169    % 
LB close or above UB, fathomed
53     29     23         77.5730    138.7912   78.9169    % 
UB: 138.79123159303884
branching on 3 with b.
54     30     24         77.5730    138.7912   78.9169    % 
LB close or above UB, fathomed
55     29     24         77.5730    138.7912   78.9169    % 
UB: 135.1901606425703
branching on 1 with b.
56     30     21         77.5730    135.1902   74.2747    % 
LB close or above UB, fathomed
57     27     25         77.5730    135.1902   74.2747    % 
UB: 133.38962516733602
branching on 2 with b.
58     28     25         77.5730    133.3896   71.9536    % 
UB: 129.78855421686748
branching on 2 with b.
59     29     7          79.3441    129.7886   63.5769    % 
UB: 129.78855421686748
branching on 1 with b.
60     26     7          79.3441    129.7886   63.5769    % 
UB: 129.78855421686748
branching on 1 with b.
61     27     8          81.1607    129.7886   59.9154    % 
UB: 129.78855421686748
branching on CartesianIndex(1, 3) with a.
62     28     8          81.1607    129.7886   59.9154    % 
UB: 129.78855421686748
branching on CartesianIndex(1, 3) with a.
63     29     9          82.9572    129.7886   56.4525    % 
UB: 129.78855421686748
branching on 2 with b.
64     30     9          82.9572    129.7886   56.4525    % 
UB: 129.78855421686748
branching on CartesianIndex(1, 2) with a.
65     31     11         82.9634    129.7886   56.4408    % 
UB: 129.78855421686748
branching on 2 with b.
66     32     11         82.9634    129.7886   56.4408    % 
LB close or above UB, fathomed
67     31     9          82.9746    129.7886   56.4196    % 
UB: 129.78855421686748
branching on CartesianIndex(2, 3) with a.
68     32     10         82.9746    129.7886   56.4196    % 
UB: 129.78855421686748
branching on 1 with b.
69     33     11         82.9746    129.7886   56.4196    % 
UB: 129.78855421686748
branching on CartesianIndex(3, 3) with a.
70     34     12         82.9746    129.7886   56.4196    % 
UB: 129.78855421686748
branching on 2 with b.
71     35     12         82.9746    129.7886   56.4196    % 
UB: 129.78855421686748
branching on 2 with b.
72     36     13         82.9746    129.7886   56.4196    % 
LB close or above UB, fathomed
73     35     13         82.9746    129.7886   56.4196    % 
UB: 129.78855421686748
branching on CartesianIndex(1, 4) with c.
74     36     14         82.9746    129.7886   56.4196    % 
UB: 129.78855421686748
branching on CartesianIndex(1, 5) with c.
75     37     15         82.9746    129.7886   56.4196    % 
LB close or above UB, fathomed
76     36     15         82.9746    129.7886   56.4196    % 
UB: 129.78855421686748
branching on 3 with b.
77     37     16         82.9746    129.7886   56.4196    % 
UB: 129.78855421686748
branching on CartesianIndex(1, 6) with c.
78     38     17         82.9746    129.7886   56.4196    % 
UB: 129.78855421686748
branching on CartesianIndex(1, 7) with c.
79     39     18         82.9746    129.7886   56.4196    % 
LB close or above UB, fathomed
80     38     18         82.9746    129.7886   56.4196    % 
UB: 129.78855421686748
branching on 1 with b.
81     39     19         82.9746    129.7886   56.4196    % 
UB: 129.78855421686748
branching on 2 with b.
82     40     19         82.9746    129.7886   56.4196    % 
LB close or above UB, fathomed
83     39     17         82.9746    129.7886   56.4196    % 
UB: 129.78855421686748
branching on CartesianIndex(1, 7) with c.
84     40     16         82.9746    129.7886   56.4196    % 
UB: 129.78855421686748
branching on 1 with b.
85     41     14         82.9746    129.7886   56.4196    % 
LB close or above UB, fathomed
86     40     11         82.9746    129.7886   56.4196    % 
LB close or above UB, fathomed
87     39     10         82.9746    129.7886   56.4196    % 
UB: 129.78855421686748
branching on 1 with b.
88     40     9          82.9746    129.7886   56.4196    % 
UB: 129.78855421686748
branching on 1 with b.
89     41     12         84.7639    129.7886   53.1177    % 
LB close or above UB, fathomed
90     40     12         84.7639    129.7886   53.1177    % 
UB: 129.78855421686748
branching on 3 with b.
91     41     13         86.5645    129.7886   49.9328    % 
UB: 129.78855421686748
branching on CartesianIndex(1, 5) with c.
92     42     14         86.5645    129.7886   49.9328    % 
LB close or above UB, fathomed
93     41     14         86.5645    129.7886   49.9328    % 
UB: 129.78855421686748
branching on 1 with b.
94     42     15         86.5645    129.7886   49.9328    % 
LB close or above UB, fathomed
95     41     15         86.5645    129.7886   49.9328    % 
UB: 129.78855421686748
branching on CartesianIndex(1, 6) with c.
96     42     13         86.5645    129.7886   49.9328    % 
LB close or above UB, fathomed
97     41     8          86.5664    129.7886   49.9295    % 
UB: 129.78855421686748
branching on 2 with b.
98     42     8          86.5664    129.7886   49.9295    % 
LB close or above UB, fathomed
99     41     26         86.5757    129.7886   49.9134    % 
UB: 129.78855421686748
branching on 3 with b.
100    42     26         86.5757    129.7886   49.9134    % 
UB: 129.78855421686748
branching on 3 with b.
101    43     26         86.5757    129.7886   49.9134    % 
UB: 129.78855421686748
branching on 3 with b.
102    44     26         86.5757    129.7886   49.9134    % 
UB: 127.98801874163321
branching on 3 with b.
103    45     20         86.5757    127.9880   47.8336    % 
UB: 127.98801874163321
branching on 3 with b.
104    46     20         86.5757    127.9880   47.8336    % 
UB: 127.98801874163321
branching on 3 with b.
105    47     21         86.5757    127.9880   47.8336    % 
UB: 127.98801874163321
branching on 1 with b.
106    48     22         86.5757    127.9880   47.8336    % 
UB: 127.98801874163321
branching on 2 with b.
107    49     22         86.5757    127.9880   47.8336    % 
LB close or above UB, fathomed
108    48     21         86.5757    127.9880   47.8336    % 
LB close or above UB, fathomed
109    47     16         88.3650    127.9880   44.8402    % 
UB: 127.98801874163321
branching on CartesianIndex(1, 7) with c.
110    48     17         88.3650    127.9880   44.8402    % 
LB close or above UB, fathomed
111    47     17         88.3650    127.9880   44.8402    % 
UB: 127.98801874163321
branching on 2 with b.
112    48     18         88.3650    127.9880   44.8402    % 
UB: 127.98801874163321
branching on 3 with b.
113    49     19         88.3650    127.9880   44.8402    % 
UB: 127.98801874163321
branching on 1 with b.
114    50     19         88.3650    127.9880   44.8402    % 
UB: 127.98801874163321
branching on 1 with b.
115    51     18         88.3650    127.9880   44.8402    % 
LB close or above UB, fathomed
116    50     16         88.3650    127.9880   44.8402    % 
LB close or above UB, fathomed
117    49     20         88.3693    127.9880   44.8332    % 
UB: 127.98801874163321
branching on 2 with b.
118    50     20         88.3693    127.9880   44.8332    % 
UB: 127.98801874163321
branching on 2 with b.
119    51     11         88.3709    127.9880   44.8305    % 
LB close or above UB, fathomed
120    50     11         88.3709    127.9880   44.8305    % 
UB: 127.98801874163321
branching on 3 with b.
121    51     21         88.3762    127.9880   44.8218    % 
UB: 127.98801874163321
branching on 3 with b.
122    52     21         88.3762    127.9880   44.8218    % 
LB close or above UB, fathomed
123    51     10         90.1666    127.9880   41.9462    % 
LB close or above UB, fathomed
124    50     10         90.1666    127.9880   41.9462    % 
UB: 127.98801874163321
branching on CartesianIndex(1, 3) with a.
125    51     20         90.1725    127.9880   41.9369    % 
UB: 127.98801874163321
branching on 2 with b.
126    52     20         90.1725    127.9880   41.9369    % 
UB: 127.98801874163321
branching on 2 with b.
127    53     21         90.1725    127.9880   41.9369    % 
UB: 127.98801874163321
branching on 3 with b.
128    54     21         90.1725    127.9880   41.9369    % 
LB close or above UB, fathomed
129    53     23         90.1768    127.9880   41.9301    % 
UB: 127.98801874163321
branching on 3 with b.
130    54     23         90.1768    127.9880   41.9301    % 
UB: 127.98801874163321
branching on 3 with b.
131    55     27         90.1768    127.9880   41.9301    % 
UB: 127.98801874163321
branching on 1 with b.
132    56     27         90.1768    127.9880   41.9301    % 
UB: 127.98801874163321
branching on 1 with b.
133    57     27         90.1768    127.9880   41.9301    % 
UB: 127.98801874163321
branching on 1 with b.
134    58     27         90.1768    127.9880   41.9301    % 
UB: 126.18748326639894
branching on 1 with b.
135    59     9          90.1768    126.1875   39.9335    % 
LB close or above UB, fathomed
136    58     9          90.1768    126.1875   39.9335    % 
UB: 126.18748326639894
branching on 3 with b.
137    59     11         90.1768    126.1875   39.9335    % 
LB close or above UB, fathomed
138    58     11         90.1768    126.1875   39.9335    % 
UB: 126.18748326639894
branching on CartesianIndex(1, 2) with a.
139    59     12         91.9720    126.1875   37.2021    % 
UB: 126.18748326639894
branching on CartesianIndex(2, 3) with a.
140    60     13         91.9720    126.1875   37.2021    % 
UB: 126.18748326639894
branching on CartesianIndex(3, 3) with a.
141    61     13         91.9720    126.1875   37.2021    % 
LB close or above UB, fathomed
142    60     12         91.9720    126.1875   37.2021    % 
UB: 126.18748326639894
branching on CartesianIndex(2, 3) with a.
143    61     10         91.9773    126.1875   37.1941    % 
UB: 126.18748326639894
branching on CartesianIndex(3, 1) with a.
144    62     10         91.9773    126.1875   37.1941    % 
UB: 126.18748326639894
branching on CartesianIndex(3, 1) with a.
145    63     24         93.7778    126.1875   34.5600    % 
UB: 126.18748326639894
branching on 1 with b.
146    64     25         93.7778    126.1875   34.5600    % 
UB: 126.18748326639894
branching on 2 with b.
147    65     25         93.7778    126.1875   34.5600    % 
UB: 126.18748326639894
branching on 2 with b.
148    66     24         93.7778    126.1875   34.5600    % 
LB close or above UB, fathomed
149    65     22         93.7778    126.1875   34.5600    % 
UB: 126.18748326639894
branching on 1 with b.
150    66     22         93.7778    126.1875   34.5600    % 
UB: 126.18748326639894
branching on 1 with b.
151    67     23         93.7778    126.1875   34.5600    % 
UB: 126.18748326639894
branching on 2 with b.
152    68     24         93.7778    126.1875   34.5600    % 
UB: 126.18748326639894
branching on 3 with b.
153    69     24         93.7778    126.1875   34.5600    % 
UB: 126.18748326639894
branching on 3 with b.
154    70     23         93.7778    126.1875   34.5600    % 
UB: 126.18748326639894
branching on 2 with b.
155    71     11         93.7778    126.1875   34.5600    % 
UB: 126.18748326639894
branching on CartesianIndex(1, 2) with a.
156    72     11         93.7778    126.1875   34.5600    % 
LB close or above UB, fathomed
157    71     9          95.5650    126.1875   32.0436    % 
UB: 126.18748326639894
branching on 1 with b.
158    72     9          95.5650    126.1875   32.0436    % 
LB close or above UB, fathomed
159    71     13         95.5738    126.1875   32.0315    % 
LB close or above UB, fathomed
160    70     13         95.5738    126.1875   32.0315    % 
UB: 126.18748326639894
branching on CartesianIndex(1, 2) with a.
161    71     22         95.5741    126.1875   32.0310    % 
UB: 126.18748326639894
branching on 1 with b.
162    72     22         95.5741    126.1875   32.0310    % 
LB close or above UB, fathomed
163    71     23         95.5784    126.1875   32.0251    % 
UB: 126.18748326639894
branching on 2 with b.
164    72     24         95.5784    126.1875   32.0251    % 
UB: 126.18748326639894
branching on 3 with b.
165    73     24         95.5784    126.1875   32.0251    % 
UB: 126.18748326639894
branching on 3 with b.
166    74     23         95.5784    126.1875   32.0251    % 
UB: 126.18748326639894
branching on 2 with b.
167    75     14         95.5784    126.1875   32.0251    % 
UB: 126.18748326639894
branching on 1 with b.
168    76     14         95.5784    126.1875   32.0251    % 
UB: 126.18748326639894
branching on CartesianIndex(1, 4) with c.
169    77     24         95.5784    126.1875   32.0251    % 
UB: 126.18748326639894
branching on 3 with b.
170    78     24         95.5784    126.1875   32.0251    % 
UB: 126.18748326639894
branching on 3 with b.
171    79     12         95.5784    126.1875   32.0251    % 
UB: 126.18748326639894
branching on CartesianIndex(2, 2) with a.
172    80     12         95.5784    126.1875   32.0251    % 
LB close or above UB, fathomed
173    79     28         95.5784    126.1875   32.0251    % 
UB: 126.18748326639894
branching on 2 with b.
174    80     28         95.5784    126.1875   32.0251    % 
UB: 122.5864123159304
branching on 2 with b.
175    81     13         95.5784    122.5864   28.2575    % 
LB close or above UB, fathomed
176    70     13         95.5784    122.5864   28.2575    % 
UB: 122.5864123159304
branching on 3 with b.
177    71     21         97.3720    122.5864   25.8950    % 
UB: 122.5864123159304
branching on 3 with b.
178    72     21         97.3720    122.5864   25.8950    % 
LB close or above UB, fathomed
179    71     24         97.3789    122.5864   25.8860    % 
LB close or above UB, fathomed
180    70     24         97.3789    122.5864   25.8860    % 
UB: 122.5864123159304
branching on 3 with b.
181    71     12         97.3789    122.5864   25.8860    % 
UB: 122.5864123159304
branching on CartesianIndex(2, 2) with a.
182    72     13         97.3789    122.5864   25.8860    % 
LB close or above UB, fathomed
183    71     13         97.3789    122.5864   25.8860    % 
UB: 122.5864123159304
branching on 1 with b.
184    72     14         97.3789    122.5864   25.8860    % 
UB: 122.5864123159304
branching on CartesianIndex(1, 3) with a.
185    73     14         97.3789    122.5864   25.8860    % 
UB: 122.5864123159304
branching on CartesianIndex(1, 3) with a.
186    74     12         97.3789    122.5864   25.8860    % 
LB close or above UB, fathomed
187    73     28         97.3789    122.5864   25.8860    % 
UB: 122.5864123159304
branching on 2 with b.
188    74     28         97.3789    122.5864   25.8860    % 
LB close or above UB, fathomed
189    73     21         97.3789    122.5864   25.8860    % 
UB: 122.5864123159304
branching on 3 with b.
190    74     21         97.3789    122.5864   25.8860    % 
LB close or above UB, fathomed
191    73     29         97.3789    122.5864   25.8860    % 
UB: 122.5864123159304
branching on 3 with b.
192    74     30         97.3789    122.5864   25.8860    % 
UB: 122.5864123159304
branching on 1 with b.
193    75     30         97.3789    122.5864   25.8860    % 
UB: 122.5864123159304
branching on 1 with b.
194    76     29         97.3789    122.5864   25.8860    % 
UB: 122.5864123159304
branching on 3 with b.
195    77     13         97.3789    122.5864   25.8860    % 
LB close or above UB, fathomed
196    76     13         97.3789    122.5864   25.8860    % 
UB: 122.5864123159304
branching on CartesianIndex(1, 3) with a.
197    77     10         99.1708    122.5864   23.6113    % 
LB close or above UB, fathomed
198    76     10         99.1708    122.5864   23.6113    % 
UB: 122.5864123159304
branching on 3 with b.
199    77     11         99.1708    122.5864   23.6113    % 
UB: 122.5864123159304
branching on CartesianIndex(1, 3) with a.
200    78     12         99.1708    122.5864   23.6113    % 
UB: 122.5864123159304
branching on 1 with b.
201    79     12         99.1708    122.5864   23.6113    % 
UB: 122.5864123159304
branching on 1 with b.
202    80     13         99.1708    122.5864   23.6113    % 
UB: 122.5864123159304
branching on CartesianIndex(1, 4) with c.
203    81     14         99.1708    122.5864   23.6113    % 
UB: 122.5864123159304
branching on 2 with b.
204    82     15         99.1708    122.5864   23.6113    % 
UB: 122.5864123159304
branching on 3 with b.
205    83     16         99.1708    122.5864   23.6113    % 
UB: 122.5864123159304
branching on CartesianIndex(1, 5) with c.
206    84     17         99.1708    122.5864   23.6113    % 
LB close or above UB, fathomed
207    83     17         99.1708    122.5864   23.6113    % 
UB: 122.5864123159304
branching on CartesianIndex(1, 6) with c.
208    84     18         99.1708    122.5864   23.6113    % 
UB: 122.5864123159304
branching on CartesianIndex(1, 7) with c.
209    85     19         99.1708    122.5864   23.6113    % 
LB close or above UB, fathomed
210    84     19         99.1708    122.5864   23.6113    % 
UB: 122.5864123159304
branching on 1 with b.
211    85     20         99.1708    122.5864   23.6113    % 
UB: 122.5864123159304
branching on 2 with b.
212    86     21         99.1708    122.5864   23.6113    % 
UB: 122.5864123159304
branching on 3 with b.
213    87     21         99.1708    122.5864   23.6113    % 
LB close or above UB, fathomed
214    86     20         99.1708    122.5864   23.6113    % 
LB close or above UB, fathomed
215    85     18         99.1708    122.5864   23.6113    % 
LB close or above UB, fathomed
216    84     16         99.1708    122.5864   23.6113    % 
UB: 122.5864123159304
branching on CartesianIndex(1, 5) with c.
217    85     15         99.1708    122.5864   23.6113    % 
LB close or above UB, fathomed
218    84     14         99.1708    122.5864   23.6113    % 
LB close or above UB, fathomed
219    83     13         99.1708    122.5864   23.6113    % 
LB close or above UB, fathomed
220    82     11         99.1708    122.5864   23.6113    % 
UB: 122.5864123159304
branching on CartesianIndex(1, 3) with a.
221    83     14         99.1748    122.5864   23.6064    % 
UB: 122.5864123159304
branching on CartesianIndex(2, 2) with a.
222    84     15         99.1748    122.5864   23.6064    % 
LB close or above UB, fathomed
223    83     15         99.1748    122.5864   23.6064    % 
UB: 122.5864123159304
branching on CartesianIndex(1, 3) with a.
224    84     14         99.1748    122.5864   23.6064    % 
LB close or above UB, fathomed
225    83     19         99.1795    122.5864   23.6006    % 
UB: 122.5864123159304
branching on CartesianIndex(1, 5) with c.
226    84     20         99.1795    122.5864   23.6006    % 
LB close or above UB, fathomed
227    83     20         99.1795    122.5864   23.6006    % 
UB: 122.5864123159304
branching on CartesianIndex(1, 6) with c.
228    84     21         99.1795    122.5864   23.6006    % 
UB: 122.5864123159304
branching on CartesianIndex(1, 7) with c.
229    85     21         99.1795    122.5864   23.6006    % 
LB close or above UB, fathomed
230    84     19         99.1795    122.5864   23.6006    % 
LB close or above UB, fathomed
231    83     22         99.1795    122.5864   23.6006    % 
LB close or above UB, fathomed
232    82     22         99.1795    122.5864   23.6006    % 
UB: 122.5864123159304
branching on 2 with b.
233    83     23         99.1795    122.5864   23.6006    % 
LB close or above UB, fathomed
234    82     23         99.1795    122.5864   23.6006    % 
UB: 122.5864123159304
branching on 3 with b.
235    83     24         99.1795    122.5864   23.6006    % 
LB close or above UB, fathomed
236    82     24         99.1795    122.5864   23.6006    % 
UB: 122.5864123159304
branching on 1 with b.
237    83     25         99.1795    122.5864   23.6006    % 
UB: 122.5864123159304
branching on 2 with b.
238    84     25         99.1795    122.5864   23.6006    % 
UB: 122.5864123159304
branching on 2 with b.
239    85     17         99.1795    122.5864   23.6006    % 
LB close or above UB, fathomed
240    84     17         99.1795    122.5864   23.6006    % 
UB: 122.5864123159304
branching on CartesianIndex(1, 6) with c.
241    85     18         99.1795    122.5864   23.6006    % 
UB: 122.5864123159304
branching on 1 with b.
242    86     18         99.1795    122.5864   23.6006    % 
LB close or above UB, fathomed
243    85     14         99.1795    122.5864   23.6006    % 
LB close or above UB, fathomed
244    84     14         99.1795    122.5864   23.6006    % 
UB: 122.5864123159304
branching on CartesianIndex(1, 4) with c.
245    85     15         99.1795    122.5864   23.6006    % 
UB: 122.5864123159304
branching on CartesianIndex(1, 5) with c.
246    86     16         99.1795    122.5864   23.6006    % 
LB close or above UB, fathomed
247    85     16         99.1795    122.5864   23.6006    % 
UB: 122.5864123159304
branching on 1 with b.
248    86     17         99.1795    122.5864   23.6006    % 
LB close or above UB, fathomed
249    85     17         99.1795    122.5864   23.6006    % 
UB: 122.5864123159304
branching on CartesianIndex(1, 6) with c.
250    86     18         99.1795    122.5864   23.6006    % 
UB: 122.5864123159304
branching on 2 with b.
251    87     19         99.1795    122.5864   23.6006    % 
UB: 122.5864123159304
branching on CartesianIndex(1, 7) with c.
252    88     20         99.1795    122.5864   23.6006    % 
LB close or above UB, fathomed
253    87     20         99.1795    122.5864   23.6006    % 
UB: 122.5864123159304
branching on 3 with b.
254    88     21         99.1795    122.5864   23.6006    % 
UB: 122.5864123159304
branching on 1 with b.
255    89     22         99.1795    122.5864   23.6006    % 
UB: 122.5864123159304
branching on 2 with b.
256    90     22         99.1795    122.5864   23.6006    % 
UB: 122.5864123159304
branching on 2 with b.
257    91     21         99.1795    122.5864   23.6006    % 
LB close or above UB, fathomed
258    90     19         99.1795    122.5864   23.6006    % 
LB close or above UB, fathomed
259    89     18         99.1795    122.5864   23.6006    % 
LB close or above UB, fathomed
260    88     15         99.1795    122.5864   23.6006    % 
LB close or above UB, fathomed
261    87     16         100.9754   122.5864   21.4023    % 
LB close or above UB, fathomed
262    86     16         100.9754   122.5864   21.4023    % 
UB: 122.5864123159304
branching on CartesianIndex(1, 4) with c.
263    87     17         100.9754   122.5864   21.4023    % 
UB: 122.5864123159304
branching on 3 with b.
264    88     18         100.9754   122.5864   21.4023    % 
LB close or above UB, fathomed
265    87     18         100.9754   122.5864   21.4023    % 
UB: 122.5864123159304
branching on CartesianIndex(1, 5) with c.
266    88     19         100.9754   122.5864   21.4023    % 
LB close or above UB, fathomed
267    87     19         100.9754   122.5864   21.4023    % 
UB: 122.5864123159304
branching on CartesianIndex(1, 6) with c.
268    88     20         100.9754   122.5864   21.4023    % 
UB: 122.5864123159304
branching on CartesianIndex(1, 7) with c.
269    89     21         100.9754   122.5864   21.4023    % 
LB close or above UB, fathomed
270    88     21         100.9754   122.5864   21.4023    % 
UB: 122.5864123159304
branching on 1 with b.
271    89     22         100.9754   122.5864   21.4023    % 
UB: 122.5864123159304
branching on 2 with b.
272    90     22         100.9754   122.5864   21.4023    % 
UB: 122.5864123159304
branching on 2 with b.
273    91     20         100.9754   122.5864   21.4023    % 
LB close or above UB, fathomed
274    90     17         100.9754   122.5864   21.4023    % 
LB close or above UB, fathomed
275    89     26         100.9800   122.5864   21.3967    % 
UB: 122.5864123159304
branching on 3 with b.
276    90     26         100.9800   122.5864   21.3967    % 
UB: 122.5864123159304
branching on 3 with b.
277    91     27         100.9800   122.5864   21.3967    % 
LB close or above UB, fathomed
278    90     27         100.9800   122.5864   21.3967    % 
UB: 122.5864123159304
branching on 1 with b.
279    91     26         100.9800   122.5864   21.3967    % 
UB: 122.5864123159304
branching on 3 with b.
280    92     26         100.9800   122.5864   21.3967    % 
UB: 122.5864123159304
branching on 3 with b.
281    93     19         100.9800   122.5864   21.3967    % 
UB: 122.5864123159304
branching on CartesianIndex(1, 7) with c.
282    94     20         100.9800   122.5864   21.3967    % 
LB close or above UB, fathomed
283    93     20         100.9800   122.5864   21.3967    % 
UB: 122.5864123159304
branching on 2 with b.
284    94     21         100.9800   122.5864   21.3967    % 
UB: 122.5864123159304
branching on 3 with b.
285    95     21         100.9800   122.5864   21.3967    % 
LB close or above UB, fathomed
286    94     19         100.9800   122.5864   21.3967    % 
LB close or above UB, fathomed
287    93     22         102.7719   122.5864   19.2801    % 
UB: 122.5864123159304
branching on 1 with b.
288    94     22         102.7719   122.5864   19.2801    % 
UB: 122.5864123159304
branching on 1 with b.
289    95     23         102.7719   122.5864   19.2801    % 
UB: 122.5864123159304
branching on 2 with b.
290    96     24         102.7719   122.5864   19.2801    % 
LB close or above UB, fathomed
291    95     24         102.7719   122.5864   19.2801    % 
LB close or above UB, fathomed
292    94     23         102.7719   122.5864   19.2801    % 
UB: 122.5864123159304
branching on 2 with b.
293    95     22         102.7736   122.5864   19.2782    % 
LB close or above UB, fathomed
294    94     22         102.7736   122.5864   19.2782    % 
UB: 122.5864123159304
branching on 1 with b.
295    95     23         102.7736   122.5864   19.2782    % 
LB close or above UB, fathomed
296    94     23         102.7736   122.5864   19.2782    % 
UB: 122.5864123159304
branching on 2 with b.
297    95     26         102.7805   122.5864   19.2701    % 
UB: 122.5864123159304
branching on 3 with b.
298    96     26         102.7805   122.5864   19.2701    % 
UB: 122.5864123159304
branching on 3 with b.
299    97     22         102.7805   122.5864   19.2701    % 
UB: 122.5864123159304
branching on 1 with b.
300    98     23         102.7805   122.5864   19.2701    % 
UB: 122.5864123159304
branching on 2 with b.
301    99     23         102.7805   122.5864   19.2701    % 
UB: 122.5864123159304
branching on 2 with b.
302    100    24         102.7805   122.5864   19.2701    % 
LB close or above UB, fathomed
303    99     24         102.7805   122.5864   19.2701    % 
LB close or above UB, fathomed
304    98     22         102.7805   122.5864   19.2701    % 
LB close or above UB, fathomed
305    97     24         102.7805   122.5864   19.2701    % 
LB close or above UB, fathomed
306    96     24         102.7805   122.5864   19.2701    % 
LB close or above UB, fathomed
307    95     31         102.7805   122.5864   19.2701    % 
UB: 122.5864123159304
branching on 2 with b.
308    96     31         102.7805   122.5864   19.2701    % 
UB: 120.78587684069612
branching on 2 with b.
309    97     29         102.7805   120.7859   17.5183    % 
UB: 120.78587684069612
branching on 3 with b.
310    94     30         102.7805   120.7859   17.5183    % 
UB: 120.78587684069612
branching on 1 with b.
311    95     30         102.7805   120.7859   17.5183    % 
UB: 120.78587684069612
branching on 1 with b.
312    96     29         102.7805   120.7859   17.5183    % 
UB: 120.78587684069612
branching on 3 with b.
313    97     27         102.7805   120.7859   17.5183    % 
LB close or above UB, fathomed
314    96     27         102.7805   120.7859   17.5183    % 
UB: 120.78587684069612
branching on 1 with b.
315    97     15         102.8143   120.7859   17.4797    % 
LB close or above UB, fathomed
316    96     15         102.8143   120.7859   17.4797    % 
UB: 120.78587684069612
branching on CartesianIndex(1, 4) with c.
317    97     13         104.5757   120.7859   15.5009    % 
LB close or above UB, fathomed
318    96     13         104.5757   120.7859   15.5009    % 
UB: 120.78587684069612
branching on CartesianIndex(1, 4) with c.
319    97     23         104.5811   120.7859   15.4950    % 
LB close or above UB, fathomed
320    96     23         104.5811   120.7859   15.4950    % 
UB: 120.78587684069612
branching on 3 with b.
321    97     24         104.5811   120.7859   15.4950    % 
UB: 120.78587684069612
branching on 1 with b.
322    98     25         104.5811   120.7859   15.4950    % 
UB: 120.78587684069612
branching on 2 with b.
323    99     25         104.5811   120.7859   15.4950    % 
UB: 120.78587684069612
branching on 2 with b.
324    100    24         104.5811   120.7859   15.4950    % 
LB close or above UB, fathomed
325    99     22         104.5811   120.7859   15.4950    % 
UB: 120.78587684069612
branching on 1 with b.
326    100    23         104.5811   120.7859   15.4950    % 
UB: 120.78587684069612
branching on 2 with b.
327    101    23         104.5811   120.7859   15.4950    % 
LB close or above UB, fathomed
328    100    22         104.5811   120.7859   15.4950    % 
LB close or above UB, fathomed
329    99     28         104.5811   120.7859   15.4950    % 
UB: 120.78587684069612
branching on 2 with b.
330    100    28         104.5811   120.7859   15.4950    % 
UB: 120.78587684069612
branching on 2 with b.
331    101    24         104.5811   120.7859   15.4950    % 
LB close or above UB, fathomed
332    100    24         104.5811   120.7859   15.4950    % 
LB close or above UB, fathomed
333    99     32         104.5811   120.7859   15.4950    % 
UB: 120.78587684069612
branching on 3 with b.
334    100    32         104.5811   120.7859   15.4950    % 
UB: 120.78587684069612
branching on 3 with b.
335    101    23         106.3816   120.7859   13.5402    % 
LB close or above UB, fathomed
336    100    23         106.3816   120.7859   13.5402    % 
UB: 120.78587684069612
branching on 3 with b.
337    101    24         106.3816   120.7859   13.5402    % 
UB: 120.78587684069612
branching on 1 with b.
338    102    25         106.3816   120.7859   13.5402    % 
LB close or above UB, fathomed
339    101    25         106.3816   120.7859   13.5402    % 
UB: 120.78587684069612
branching on 2 with b.
340    102    24         106.3816   120.7859   13.5402    % 
LB close or above UB, fathomed
341    101    33         106.3816   120.7859   13.5402    % 
UB: 120.78587684069612
branching on 1 with b.
342    102    33         106.3816   120.7859   13.5402    % 
UB: 120.78587684069612
branching on 1 with b.
343    103    16         106.3816   120.7859   13.5402    % 
UB: 120.78587684069612
branching on CartesianIndex(1, 5) with c.
344    104    17         106.3816   120.7859   13.5402    % 
LB close or above UB, fathomed
345    103    17         106.3816   120.7859   13.5402    % 
UB: 120.78587684069612
branching on CartesianIndex(1, 6) with c.
346    104    18         106.3816   120.7859   13.5402    % 
UB: 120.78587684069612
branching on CartesianIndex(1, 7) with c.
347    105    19         106.3816   120.7859   13.5402    % 
LB close or above UB, fathomed
348    104    19         106.3816   120.7859   13.5402    % 
UB: 120.78587684069612
branching on 2 with b.
349    105    20         106.3816   120.7859   13.5402    % 
LB close or above UB, fathomed
350    104    20         106.3816   120.7859   13.5402    % 
UB: 120.78587684069612
branching on 3 with b.
351    105    21         106.3816   120.7859   13.5402    % 
UB: 120.78587684069612
branching on 1 with b.
352    106    22         106.3816   120.7859   13.5402    % 
UB: 120.78587684069612
branching on 2 with b.
353    107    22         106.3816   120.7859   13.5402    % 
UB: 120.78587684069612
branching on 2 with b.
354    108    21         106.3816   120.7859   13.5402    % 
LB close or above UB, fathomed
355    107    18         106.3816   120.7859   13.5402    % 
LB close or above UB, fathomed
356    106    16         106.3816   120.7859   13.5402    % 
LB close or above UB, fathomed
357    105    28         106.3816   120.7859   13.5402    % 
LB close or above UB, fathomed
358    104    28         106.3816   120.7859   13.5402    % 
UB: 120.78587684069612
branching on 2 with b.
359    105    23         106.3816   120.7859   13.5402    % 
UB: 120.78587684069612
branching on 2 with b.
360    106    23         106.3816   120.7859   13.5402    % 
LB close or above UB, fathomed
361    105    15         106.3816   120.7859   13.5402    % 
UB: 120.78587684069612
branching on CartesianIndex(1, 5) with c.
362    106    15         106.3816   120.7859   13.5402    % 
LB close or above UB, fathomed
363    105    27         106.3816   120.7859   13.5402    % 
LB close or above UB, fathomed
364    104    27         106.3816   120.7859   13.5402    % 
UB: 120.78587684069612
branching on 1 with b.
365    105    14         108.1768   120.7859   11.6560    % 
UB: 120.78587684069612
branching on CartesianIndex(1, 5) with c.
366    106    15         108.1768   120.7859   11.6560    % 
LB close or above UB, fathomed
367    105    15         108.1768   120.7859   11.6560    % 
UB: 120.78587684069612
branching on 1 with b.
368    106    16         108.1768   120.7859   11.6560    % 
LB close or above UB, fathomed
369    105    16         108.1768   120.7859   11.6560    % 
UB: 120.78587684069612
branching on CartesianIndex(1, 6) with c.
370    106    17         108.1768   120.7859   11.6560    % 
UB: 120.78587684069612
branching on 2 with b.
371    107    18         108.1768   120.7859   11.6560    % 
UB: 120.78587684069612
branching on 3 with b.
372    108    19         108.1768   120.7859   11.6560    % 
UB: 120.78587684069612
branching on CartesianIndex(1, 7) with c.
373    109    19         108.1768   120.7859   11.6560    % 
LB close or above UB, fathomed
374    108    18         108.1768   120.7859   11.6560    % 
LB close or above UB, fathomed
375    107    17         108.1768   120.7859   11.6560    % 
LB close or above UB, fathomed
376    106    14         108.1768   120.7859   11.6560    % 
LB close or above UB, fathomed
377    105    16         108.1821   120.7859   11.6505    % 
LB close or above UB, fathomed
378    104    16         108.1821   120.7859   11.6505    % 
UB: 120.78587684069612
branching on CartesianIndex(1, 6) with c.
379    105    17         108.1821   120.7859   11.6505    % 
UB: 120.78587684069612
branching on CartesianIndex(1, 7) with c.
380    106    17         108.1821   120.7859   11.6505    % 
LB close or above UB, fathomed
381    105    26         108.1821   120.7859   11.6505    % 
LB close or above UB, fathomed
382    104    26         108.1821   120.7859   11.6505    % 
UB: 120.78587684069612
branching on 3 with b.
383    105    27         108.1821   120.7859   11.6505    % 
UB: 120.78587684069612
branching on 1 with b.
384    106    28         108.1821   120.7859   11.6505    % 
UB: 120.78587684069612
branching on 2 with b.
385    107    28         108.1821   120.7859   11.6505    % 
UB: 120.78587684069612
branching on 2 with b.
386    108    27         108.1821   120.7859   11.6505    % 
LB close or above UB, fathomed
387    107    26         108.1821   120.7859   11.6505    % 
LB close or above UB, fathomed
388    106    26         108.1821   120.7859   11.6505    % 
UB: 120.78587684069612
branching on 3 with b.
389    107    27         108.1821   120.7859   11.6505    % 
UB: 120.78587684069612
branching on 1 with b.
390    108    27         108.1821   120.7859   11.6505    % 
LB close or above UB, fathomed
391    107    15         108.1821   120.7859   11.6505    % 
LB close or above UB, fathomed
392    106    15         108.1821   120.7859   11.6505    % 
UB: 120.78587684069612
branching on 2 with b.
393    107    23         108.1821   120.7859   11.6505    % 
UB: 120.78587684069612
branching on 2 with b.
394    108    23         108.1821   120.7859   11.6505    % 
UB: 120.78587684069612
branching on 2 with b.
395    109    24         108.1821   120.7859   11.6505    % 
LB close or above UB, fathomed
396    108    24         108.1821   120.7859   11.6505    % 
LB close or above UB, fathomed
397    107    28         108.1821   120.7859   11.6505    % 
LB close or above UB, fathomed
398    106    28         108.1821   120.7859   11.6505    % 
UB: 120.78587684069612
branching on 2 with b.
399    107    31         108.1821   120.7859   11.6505    % 
UB: 120.78587684069612
branching on 2 with b.
400    108    32         108.1821   120.7859   11.6505    % 
UB: 120.78587684069612
branching on 3 with b.
401    109    32         108.1821   120.7859   11.6505    % 
UB: 120.78587684069612
branching on 3 with b.
402    110    31         108.1821   120.7859   11.6505    % 
UB: 120.78587684069612
branching on 2 with b.
403    111    30         108.1821   120.7859   11.6505    % 
LB close or above UB, fathomed
404    110    30         108.1821   120.7859   11.6505    % 
UB: 120.78587684069612
branching on 1 with b.
405    111    15         109.9827   120.7859   9.8227     % 
LB close or above UB, fathomed
406    110    15         109.9827   120.7859   9.8227     % 
UB: 120.78587684069612
branching on CartesianIndex(1, 4) with c.
407    111    16         109.9827   120.7859   9.8227     % 
UB: 120.78587684069612
branching on 2 with b.
408    112    17         109.9827   120.7859   9.8227     % 
UB: 120.78587684069612
branching on CartesianIndex(1, 5) with c.
409    113    18         109.9827   120.7859   9.8227     % 
LB close or above UB, fathomed
410    112    18         109.9827   120.7859   9.8227     % 
UB: 120.78587684069612
branching on CartesianIndex(1, 6) with c.
411    113    19         109.9827   120.7859   9.8227     % 
UB: 120.78587684069612
branching on CartesianIndex(1, 7) with c.
412    114    20         109.9827   120.7859   9.8227     % 
LB close or above UB, fathomed
413    113    20         109.9827   120.7859   9.8227     % 
UB: 120.78587684069612
branching on 3 with b.
414    114    21         109.9827   120.7859   9.8227     % 
UB: 120.78587684069612
branching on 1 with b.
415    115    21         109.9827   120.7859   9.8227     % 
LB close or above UB, fathomed
416    114    19         109.9827   120.7859   9.8227     % 
LB close or above UB, fathomed
417    113    17         109.9827   120.7859   9.8227     % 
LB close or above UB, fathomed
418    112    16         109.9827   120.7859   9.8227     % 
LB close or above UB, fathomed
419    111    33         109.9827   120.7859   9.8227     % 
UB: 120.78587684069612
branching on 1 with b.
420    112    33         109.9827   120.7859   9.8227     % 
UB: 120.78587684069612
branching on 1 with b.
421    113    24         109.9827   120.7859   9.8227     % 
LB close or above UB, fathomed
422    112    24         109.9827   120.7859   9.8227     % 
LB close or above UB, fathomed
423    111    34         109.9827   120.7859   9.8227     % 
UB: 120.78587684069612
branching on 2 with b.
424    112    34         109.9827   120.7859   9.8227     % 
UB: 120.78587684069612
branching on 2 with b.
425    113    35         109.9827   120.7859   9.8227     % 
UB: 120.78587684069612
branching on 3 with b.
426    114    36         109.9827   120.7859   9.8227     % 
UB: 120.78587684069612
branching on 1 with b.
427    115    36         109.9827   120.7859   9.8227     % 
UB: 120.78587684069612
branching on 1 with b.
428    116    35         109.9827   120.7859   9.8227     % 
UB: 120.78587684069612
branching on 3 with b.
429    117    33         109.9827   120.7859   9.8227     % 
UB: 120.78587684069612
branching on 1 with b.
430    118    33         109.9827   120.7859   9.8227     % 
UB: 120.78587684069612
branching on 1 with b.
431    119    29         109.9827   120.7859   9.8227     % 
UB: 120.78587684069612
branching on 3 with b.
432    120    30         109.9827   120.7859   9.8227     % 
LB close or above UB, fathomed
433    119    30         109.9827   120.7859   9.8227     % 
UB: 120.78587684069612
branching on 1 with b.
434    120    29         109.9827   120.7859   9.8227     % 
LB close or above UB, fathomed
435    119    14         109.9827   120.7859   9.8227     % 
UB: 120.78587684069612
branching on CartesianIndex(1, 4) with c.
436    120    15         109.9827   120.7859   9.8227     % 
UB: 120.78587684069612
branching on CartesianIndex(1, 5) with c.
437    121    16         109.9827   120.7859   9.8227     % 
LB close or above UB, fathomed
438    120    16         109.9827   120.7859   9.8227     % 
UB: 120.78587684069612
branching on CartesianIndex(1, 6) with c.
439    121    17         109.9827   120.7859   9.8227     % 
UB: 120.78587684069612
branching on 1 with b.
440    122    18         109.9827   120.7859   9.8227     % 
UB: 120.78587684069612
branching on CartesianIndex(1, 7) with c.
441    123    18         109.9827   120.7859   9.8227     % 
LB close or above UB, fathomed
442    122    17         109.9827   120.7859   9.8227     % 
UB: 120.78587684069612
branching on 1 with b.
443    123    15         109.9827   120.7859   9.8227     % 
LB close or above UB, fathomed
444    122    14         109.9827   120.7859   9.8227     % 
UB: 120.78587684069612
branching on CartesianIndex(1, 4) with c.
445    123    10         111.7699   120.7859   8.0666     % 
LB close or above UB, fathomed
446    122    10         111.7699   120.7859   8.0666     % 
UB: 120.78587684069612
branching on CartesianIndex(2, 3) with a.
447    123    11         111.7699   120.7859   8.0666     % 
UB: 120.78587684069612
branching on CartesianIndex(3, 3) with a.
448    124    11         111.7699   120.7859   8.0666     % 
LB close or above UB, fathomed
449    123    15         111.7832   120.7859   8.0537     % 
UB: 120.78587684069612
branching on CartesianIndex(1, 5) with c.
450    124    16         111.7832   120.7859   8.0537     % 
LB close or above UB, fathomed
451    123    16         111.7832   120.7859   8.0537     % 
UB: 120.78587684069612
branching on 1 with b.
452    124    17         111.7832   120.7859   8.0537     % 
UB: 120.78587684069612
branching on CartesianIndex(1, 6) with c.
453    125    17         111.7832   120.7859   8.0537     % 
LB close or above UB, fathomed
454    124    15         111.7832   120.7859   8.0537     % 
LB close or above UB, fathomed
455    123    27         111.7832   120.7859   8.0537     % 
UB: 120.78587684069612
branching on 1 with b.
456    124    27         111.7832   120.7859   8.0537     % 
LB close or above UB, fathomed
457    123    28         111.7832   120.7859   8.0537     % 
UB: 120.78587684069612
branching on 2 with b.
458    124    28         111.7832   120.7859   8.0537     % 
UB: 120.78587684069612
branching on 2 with b.
459    125    36         111.7832   120.7859   8.0537     % 
UB: 120.78587684069612
branching on 1 with b.
460    126    36         111.7832   120.7859   8.0537     % 
UB: 120.78587684069612
branching on 1 with b.
461    127    37         111.7832   120.7859   8.0537     % 
UB: 120.78587684069612
branching on 2 with b.
462    128    37         111.7832   120.7859   8.0537     % 
UB: 120.78587684069612
branching on 2 with b.
463    129    24         111.7832   120.7859   8.0537     % 
LB close or above UB, fathomed
464    128    24         111.7832   120.7859   8.0537     % 
LB close or above UB, fathomed
465    127    34         111.7832   120.7859   8.0537     % 
UB: 120.78587684069612
branching on 2 with b.
466    128    34         111.7832   120.7859   8.0537     % 
UB: 120.78587684069612
branching on 2 with b.
467    129    35         111.7832   120.7859   8.0537     % 
UB: 117.18480589022758
branching on 3 with b.
468    130    36         111.7832   117.1848   4.8322     % 
UB: 117.18480589022758
branching on 1 with b.
469    83     36         111.7832   117.1848   4.8322     % 
UB: 117.18480589022758
branching on 1 with b.
470    84     35         111.7832   117.1848   4.8322     % 
UB: 117.18480589022758
branching on 3 with b.
471    85     29         111.7832   117.1848   4.8322     % 
UB: 117.18480589022758
branching on 3 with b.
472    86     29         111.7832   117.1848   4.8322     % 
LB close or above UB, fathomed
473    85     31         111.7832   117.1848   4.8322     % 
LB close or above UB, fathomed
474    84     31         111.7832   117.1848   4.8322     % 
UB: 117.18480589022758
branching on 2 with b.
475    85     29         111.7832   117.1848   4.8322     % 
UB: 117.18480589022758
branching on 3 with b.
476    86     30         111.7832   117.1848   4.8322     % 
LB close or above UB, fathomed
477    85     30         111.7832   117.1848   4.8322     % 
LB close or above UB, fathomed
478    84     29         111.7832   117.1848   4.8322     % 
LB close or above UB, fathomed
479    83     30         111.7832   117.1848   4.8322     % 
LB close or above UB, fathomed
480    82     30         111.7832   117.1848   4.8322     % 
LB close or above UB, fathomed
481    81     10         111.7832   117.1848   4.8322     % 
UB: 117.18480589022758
branching on CartesianIndex(1, 4) with c.
482    82     10         111.7832   117.1848   4.8322     % 
LB close or above UB, fathomed
483    81     11         112.2333   117.1848   4.4118     % 
LB close or above UB, fathomed
484    80     11         112.2333   117.1848   4.4118     % 
LB close or above UB, fathomed
485    79     15         112.7034   117.1848   3.9762     % 
LB close or above UB, fathomed
486    78     15         112.7034   117.1848   3.9762     % 
UB: 117.18480589022758
branching on CartesianIndex(1, 4) with c.
487    79     19         113.5837   117.1848   3.1704     % 
LB close or above UB, fathomed
488    78     19         113.5837   117.1848   3.1704     % 
UB: 117.18480589022758
branching on 2 with b.
489    79     20         113.5837   117.1848   3.1704     % 
LB close or above UB, fathomed
490    78     20         113.5837   117.1848   3.1704     % 
LB close or above UB, fathomed
491    77     32         113.5837   117.1848   3.1704     % 
LB close or above UB, fathomed
492    76     32         113.5837   117.1848   3.1704     % 
UB: 117.18480589022758
branching on 3 with b.
493    77     36         113.5837   117.1848   3.1704     % 
UB: 117.18480589022758
branching on 1 with b.
494    78     36         113.5837   117.1848   3.1704     % 
UB: 117.18480589022758
branching on 1 with b.
495    79     37         113.5837   117.1848   3.1704     % 
UB: 117.18480589022758
branching on 2 with b.
496    80     37         113.5837   117.1848   3.1704     % 
LB close or above UB, fathomed
497    79     37         113.5837   117.1848   3.1704     % 
UB: 117.18480589022758
branching on 2 with b.
498    80     37         113.5837   117.1848   3.1704     % 
LB close or above UB, fathomed
499    79     37         113.5837   117.1848   3.1704     % 
LB close or above UB, fathomed
500    78     37         113.5837   117.1848   3.1704     % 
LB close or above UB, fathomed
501    77     29         113.5837   117.1848   3.1704     % 
UB: 117.18480589022758
branching on 3 with b.
502    78     30         113.5837   117.1848   3.1704     % 
UB: 117.18480589022758
branching on 1 with b.
503    79     30         113.5837   117.1848   3.1704     % 
LB close or above UB, fathomed
504    78     29         113.5837   117.1848   3.1704     % 
LB close or above UB, fathomed
505    77     34         113.5837   117.1848   3.1704     % 
LB close or above UB, fathomed
506    76     34         113.5837   117.1848   3.1704     % 
UB: 117.18480589022758
branching on 2 with b.
507    77     35         113.5837   117.1848   3.1704     % 
LB close or above UB, fathomed
508    76     35         113.5837   117.1848   3.1704     % 
UB: 117.18480589022758
branching on 3 with b.
509    77     36         113.5837   117.1848   3.1704     % 
LB close or above UB, fathomed
510    76     36         113.5837   117.1848   3.1704     % 
UB: 117.18480589022758
branching on 1 with b.
511    77     34         113.5837   117.1848   3.1704     % 
UB: 117.18480589022758
branching on 2 with b.
512    78     35         113.5837   117.1848   3.1704     % 
UB: 117.18480589022758
branching on 3 with b.
513    79     36         113.5837   117.1848   3.1704     % 
LB close or above UB, fathomed
514    78     36         113.5837   117.1848   3.1704     % 
UB: 117.18480589022758
branching on 1 with b.
515    79     35         113.5837   117.1848   3.1704     % 
UB: 117.18480589022758
branching on 3 with b.
516    80     34         113.5837   117.1848   3.1704     % 
LB close or above UB, fathomed
517    79     31         113.5837   117.1848   3.1704     % 
LB close or above UB, fathomed
518    78     31         113.5837   117.1848   3.1704     % 
UB: 117.18480589022758
branching on 2 with b.
519    79     33         113.5837   117.1848   3.1704     % 
LB close or above UB, fathomed
520    78     33         113.5837   117.1848   3.1704     % 
LB close or above UB, fathomed
521    77     29         113.5837   117.1848   3.1704     % 
UB: 117.18480589022758
branching on 3 with b.
522    78     30         113.5837   117.1848   3.1704     % 
UB: 117.18480589022758
branching on 1 with b.
523    79     30         113.5837   117.1848   3.1704     % 
LB close or above UB, fathomed
524    78     29         113.5837   117.1848   3.1704     % 
LB close or above UB, fathomed
525    77     28         113.5837   117.1848   3.1704     % 
LB close or above UB, fathomed
526    76     28         113.5837   117.1848   3.1704     % 
LB close or above UB, fathomed
527    75     29         113.5837   117.1848   3.1704     % 
LB close or above UB, fathomed
528    74     29         113.5837   117.1848   3.1704     % 
UB: 117.18480589022758
branching on 3 with b.
529    75     26         113.5837   117.1848   3.1704     % 
LB close or above UB, fathomed
530    74     26         113.5837   117.1848   3.1704     % 
LB close or above UB, fathomed
531    73     30         113.5837   117.1848   3.1704     % 
LB close or above UB, fathomed
532    72     30         113.5837   117.1848   3.1704     % 
LB close or above UB, fathomed
533    71     31         113.5837   117.1848   3.1704     % 
LB close or above UB, fathomed
534    70     31         113.5837   117.1848   3.1704     % 
LB close or above UB, fathomed
535    69     13         113.5837   117.1848   3.1704     % 
UB: 117.18480589022758
branching on CartesianIndex(2, 3) with a.
536    70     13         113.5837   117.1848   3.1704     % 
LB close or above UB, fathomed
537    69     25         113.5837   117.1848   3.1704     % 
LB close or above UB, fathomed
538    68     25         113.5837   117.1848   3.1704     % 
UB: 117.18480589022758
branching on 1 with b.
539    69     26         113.5837   117.1848   3.1704     % 
LB close or above UB, fathomed
540    68     26         113.5837   117.1848   3.1704     % 
UB: 117.18480589022758
branching on 2 with b.
541    69     27         113.5837   117.1848   3.1704     % 
LB close or above UB, fathomed
542    68     27         113.5837   117.1848   3.1704     % 
LB close or above UB, fathomed
543    67     11         113.5837   117.1848   3.1704     % 
UB: 117.18480589022758
branching on CartesianIndex(1, 4) with c.
544    68     11         113.5837   117.1848   3.1704     % 
LB close or above UB, fathomed
545    67     5          115.3343   117.1848   1.6045     % 
UB: 117.18480589022758
branching on CartesianIndex(2, 1) with a.
546    68     6          115.3343   117.1848   1.6045     % 
LB close or above UB, fathomed
547    67     6          115.3343   117.1848   1.6045     % 
LB close or above UB, fathomed
548    66     5          115.3343   117.1848   1.6045     % 
LB close or above UB, fathomed
549    65     8          115.3681   117.1848   1.5747     % 
LB close or above UB, fathomed
550    64     8          115.3681   117.1848   1.5747     % 
LB close or above UB, fathomed
551    63     12         115.3757   117.1848   1.5680     % 
LB close or above UB, fathomed
552    62     12         115.3757   117.1848   1.5680     % 
LB close or above UB, fathomed
553    61     10         115.3770   117.1848   1.5669     % 
LB close or above UB, fathomed
554    60     10         115.3770   117.1848   1.5669     % 
UB: 117.18480589022758
branching on CartesianIndex(1, 2) with a.
555    61     11         115.3770   117.1848   1.5669     % 
UB: 117.18480589022758
branching on CartesianIndex(2, 2) with a.
556    62     12         115.3770   117.1848   1.5669     % 
LB close or above UB, fathomed
557    61     12         115.3770   117.1848   1.5669     % 
UB: 117.18480589022758
branching on CartesianIndex(1, 3) with a.
558    62     13         115.3770   117.1848   1.5669     % 
LB close or above UB, fathomed
559    61     13         115.3770   117.1848   1.5669     % 
UB: 117.18480589022758
branching on CartesianIndex(1, 4) with c.
560    62     14         115.3770   117.1848   1.5669     % 
UB: 117.18480589022758
branching on 3 with b.
561    63     15         115.3770   117.1848   1.5669     % 
LB close or above UB, fathomed
562    62     15         115.3770   117.1848   1.5669     % 
LB close or above UB, fathomed
563    61     14         115.3770   117.1848   1.5669     % 
LB close or above UB, fathomed
564    60     11         115.3770   117.1848   1.5669     % 
LB close or above UB, fathomed
565    59     20         115.3789   117.1848   1.5652     % 
LB close or above UB, fathomed
566    58     20         115.3789   117.1848   1.5652     % 
UB: 117.18480589022758
branching on 1 with b.
567    59     21         115.3789   117.1848   1.5652     % 
UB: 117.18480589022758
branching on 2 with b.
568    60     21         115.3789   117.1848   1.5652     % 
LB close or above UB, fathomed
569    59     22         115.3789   117.1848   1.5652     % 
LB close or above UB, fathomed
570    58     22         115.3789   117.1848   1.5652     % 
LB close or above UB, fathomed
571    57     16         115.3797   117.1848   1.5645     % 
UB: 117.18480589022758
branching on CartesianIndex(1, 5) with c.
572    58     17         115.3797   117.1848   1.5645     % 
LB close or above UB, fathomed
573    57     17         115.3797   117.1848   1.5645     % 
UB: 117.18480589022758
branching on CartesianIndex(1, 6) with c.
574    58     18         115.3797   117.1848   1.5645     % 
UB: 117.18480589022758
branching on CartesianIndex(1, 7) with c.
575    59     19         115.3797   117.1848   1.5645     % 
LB close or above UB, fathomed
576    58     19         115.3797   117.1848   1.5645     % 
UB: 117.18480589022758
branching on 3 with b.
577    59     18         115.3797   117.1848   1.5645     % 
LB close or above UB, fathomed
578    58     16         115.3797   117.1848   1.5645     % 
LB close or above UB, fathomed
579    57     20         115.3797   117.1848   1.5645     % 
LB close or above UB, fathomed
580    56     20         115.3797   117.1848   1.5645     % 
UB: 117.18480589022758
branching on 1 with b.
581    57     21         115.3797   117.1848   1.5645     % 
LB close or above UB, fathomed
582    56     21         115.3797   117.1848   1.5645     % 
LB close or above UB, fathomed
583    55     27         115.3843   117.1848   1.5605     % 
LB close or above UB, fathomed
584    54     27         115.3843   117.1848   1.5605     % 
LB close or above UB, fathomed
585    53     23         115.3843   117.1848   1.5605     % 
LB close or above UB, fathomed
586    52     23         115.3843   117.1848   1.5605     % 
LB close or above UB, fathomed
587    51     27         115.3843   117.1848   1.5605     % 
UB: 117.18480589022758
branching on 1 with b.
588    52     28         115.3843   117.1848   1.5605     % 
LB close or above UB, fathomed
589    51     28         115.3843   117.1848   1.5605     % 
LB close or above UB, fathomed
590    50     27         115.3843   117.1848   1.5605     % 
LB close or above UB, fathomed
591    49     27         115.3843   117.1848   1.5605     % 
UB: 117.18480589022758
branching on 1 with b.
592    50     28         115.3843   117.1848   1.5605     % 
LB close or above UB, fathomed
593    49     28         115.3843   117.1848   1.5605     % 
LB close or above UB, fathomed
594    48     27         115.3843   117.1848   1.5605     % 
LB close or above UB, fathomed
595    47     14         115.3843   117.1848   1.5605     % 
UB: 117.18480589022758
branching on CartesianIndex(3, 3) with a.
596    48     15         115.3843   117.1848   1.5605     % 
UB: 117.18480589022758
branching on 2 with b.
597    49     16         115.3843   117.1848   1.5605     % 
UB: 117.18480589022758
branching on CartesianIndex(1, 4) with c.
598    50     17         115.3843   117.1848   1.5605     % 
UB: 117.18480589022758
branching on CartesianIndex(1, 5) with c.
599    51     18         115.3843   117.1848   1.5605     % 
LB close or above UB, fathomed
600    50     18         115.3843   117.1848   1.5605     % 
UB: 117.18480589022758
branching on CartesianIndex(1, 6) with c.
601    51     19         115.3843   117.1848   1.5605     % 
UB: 117.18480589022758
branching on 3 with b.
602    52     20         115.3843   117.1848   1.5605     % 
LB close or above UB, fathomed
603    51     20         115.3843   117.1848   1.5605     % 
LB close or above UB, fathomed
604    50     19         115.3843   117.1848   1.5605     % 
LB close or above UB, fathomed
605    49     17         115.3843   117.1848   1.5605     % 
LB close or above UB, fathomed
606    48     16         115.3843   117.1848   1.5605     % 
LB close or above UB, fathomed
607    47     15         115.3843   117.1848   1.5605     % 
LB close or above UB, fathomed
608    46     14         115.3843   117.1848   1.5605     % 
LB close or above UB, fathomed
609    45     32         115.3843   117.1848   1.5605     % 
UB: 117.18480589022758
branching on 3 with b.
610    46     33         115.3843   117.1848   1.5605     % 
LB close or above UB, fathomed
611    45     33         115.3843   117.1848   1.5605     % 
LB close or above UB, fathomed
612    44     32         115.3843   117.1848   1.5605     % 
LB close or above UB, fathomed
613    43     36         115.3843   117.1848   1.5605     % 
LB close or above UB, fathomed
614    42     36         115.3843   117.1848   1.5605     % 
LB close or above UB, fathomed
615    41     37         115.3843   117.1848   1.5605     % 
LB close or above UB, fathomed
616    40     37         115.3843   117.1848   1.5605     % 
LB close or above UB, fathomed
617    39     37         115.3843   117.1848   1.5605     % 
LB close or above UB, fathomed
618    38     37         115.3843   117.1848   1.5605     % 
LB close or above UB, fathomed
619    37     38         115.3843   117.1848   1.5605     % 
LB close or above UB, fathomed
620    36     38         115.3843   117.1848   1.5605     % 
UB: 117.18480589022758
branching on 3 with b.
621    37     39         115.3843   117.1848   1.5605     % 
LB close or above UB, fathomed
622    36     39         115.3843   117.1848   1.5605     % 
UB: 117.18480589022758
branching on 1 with b.
623    37     40         115.3843   117.1848   1.5605     % 
UB: 117.18480589022758
branching on 2 with b.
624    38     41         115.3843   117.1848   1.5605     % 
LB close or above UB, fathomed
625    37     41         115.3843   117.1848   1.5605     % 
UB: 117.18480589022758
branching on 3 with b.
626    38     42         115.3843   117.1848   1.5605     % 
LB close or above UB, fathomed
627    37     42         115.3843   117.1848   1.5605     % 
LB close or above UB, fathomed
628    36     40         115.3843   117.1848   1.5605     % 
LB close or above UB, fathomed
629    35     38         115.3843   117.1848   1.5605     % 
LB close or above UB, fathomed
630    34     38         115.3843   117.1848   1.5605     % 
UB: 117.18480589022758
branching on 3 with b.
631    35     39         115.3843   117.1848   1.5605     % 
LB close or above UB, fathomed
632    34     39         115.3843   117.1848   1.5605     % 
LB close or above UB, fathomed
633    33     37         115.3843   117.1848   1.5605     % 
LB close or above UB, fathomed
634    32     37         115.3843   117.1848   1.5605     % 
LB close or above UB, fathomed
635    31     37         115.3843   117.1848   1.5605     % 
LB close or above UB, fathomed
636    30     37         115.3843   117.1848   1.5605     % 
LB close or above UB, fathomed
637    29     33         115.3843   117.1848   1.5605     % 
LB close or above UB, fathomed
638    28     33         115.3843   117.1848   1.5605     % 
LB close or above UB, fathomed
639    27     38         115.3843   117.1848   1.5605     % 
LB close or above UB, fathomed
640    26     38         115.3843   117.1848   1.5605     % 
UB: 117.18480589022758
branching on 3 with b.
641    27     39         115.3843   117.1848   1.5605     % 
LB close or above UB, fathomed
642    26     39         115.3843   117.1848   1.5605     % 
LB close or above UB, fathomed
643    25     31         115.3843   117.1848   1.5605     % 
LB close or above UB, fathomed
644    24     31         115.3843   117.1848   1.5605     % 
LB close or above UB, fathomed
645    23     37         115.3843   117.1848   1.5605     % 
LB close or above UB, fathomed
646    22     37         115.3843   117.1848   1.5605     % 
LB close or above UB, fathomed
647    21     35         115.3843   117.1848   1.5605     % 
UB: 117.18480589022758
branching on 3 with b.
648    22     36         115.3843   117.1848   1.5605     % 
LB close or above UB, fathomed
649    21     36         115.3843   117.1848   1.5605     % 
LB close or above UB, fathomed
650    20     35         115.3843   117.1848   1.5605     % 
LB close or above UB, fathomed
651    19     34         115.3843   117.1848   1.5605     % 
UB: 117.18480589022758
branching on 2 with b.
652    20     35         115.3843   117.1848   1.5605     % 
UB: 117.18480589022758
branching on 3 with b.
653    21     36         115.3843   117.1848   1.5605     % 
LB close or above UB, fathomed
654    20     36         115.3843   117.1848   1.5605     % 
LB close or above UB, fathomed
655    19     35         115.3843   117.1848   1.5605     % 
LB close or above UB, fathomed
656    18     34         115.3843   117.1848   1.5605     % 
LB close or above UB, fathomed
657    17     25         115.3843   117.1848   1.5605     % 
UB: 117.18480589022758
branching on 1 with b.
658    18     26         115.3843   117.1848   1.5605     % 
LB close or above UB, fathomed
659    17     26         115.3843   117.1848   1.5605     % 
UB: 117.18480589022758
branching on 2 with b.
660    18     25         115.3843   117.1848   1.5605     % 
LB close or above UB, fathomed
661    17     27         115.3843   117.1848   1.5605     % 
LB close or above UB, fathomed
662    16     27         115.3843   117.1848   1.5605     % 
LB close or above UB, fathomed
663    15     12         115.3843   117.1848   1.5605     % 
LB close or above UB, fathomed
664    14     12         115.3843   117.1848   1.5605     % 
LB close or above UB, fathomed
665    13     30         115.3843   117.1848   1.5605     % 
LB close or above UB, fathomed
666    12     30         115.3843   117.1848   1.5605     % 
LB close or above UB, fathomed
667    11     31         115.3843   117.1848   1.5605     % 
LB close or above UB, fathomed
668    10     31         115.3843   117.1848   1.5605     % 
LB close or above UB, fathomed
669    9      31         115.3843   117.1848   1.5605     % 
LB close or above UB, fathomed
670    8      31         115.3843   117.1848   1.5605     % 
LB close or above UB, fathomed
671    7      35         115.3843   117.1848   1.5605     % 
UB: 117.18480589022758
branching on 3 with b.
672    8      36         115.3843   117.1848   1.5605     % 
LB close or above UB, fathomed
673    7      36         115.3843   117.1848   1.5605     % 
LB close or above UB, fathomed
674    6      35         115.3843   117.1848   1.5605     % 
LB close or above UB, fathomed
675    5      34         115.3843   117.1848   1.5605     % 
LB close or above UB, fathomed
676    4      34         115.3843   117.1848   1.5605     % 
UB: 117.18480589022758
branching on 2 with b.
677    5      35         115.3843   117.1848   1.5605     % 
LB close or above UB, fathomed
678    4      35         115.3843   117.1848   1.5605     % 
UB: 117.18480589022758
branching on 3 with b.
679    5      36         115.3843   117.1848   1.5605     % 
LB close or above UB, fathomed
680    4      36         115.3843   117.1848   1.5605     % 
LB close or above UB, fathomed
681    3      29         115.3843   117.1848   1.5605     % 
UB: 117.18480589022758
branching on 3 with b.
682    4      30         115.3843   117.1848   1.5605     % 
LB close or above UB, fathomed
683    3      30         115.3843   117.1848   1.5605     % 
LB close or above UB, fathomed
684    2      29         115.3843   117.1848   1.5605     % 
LB close or above UB, fathomed
685    1      25         115.3843   117.1848   1.5605     % 
LB close or above UB, fathomed
686    0      25         115.3843   117.1848   1.5605     % 
UB: 117.18480589022758
branching on 1 with b.
687    1      26         115.3843   117.1848   1.5605     % 
UB: 117.18480589022758
branching on 2 with b.
688    2      27         115.3843   117.1848   1.5605     % 
LB close or above UB, fathomed
689    1      27         115.3843   117.1848   1.5605     % 
LB close or above UB, fathomed
690    0      26         115.3843   117.1848   1.5605     % 
LB close or above UB, fathomed
all node solved
solved nodes:  691
691                                                   1.1713e+02     1.1718e+02     0.0427  % 
4×3 Matrix{Float64}:
 1.0  0.0  1.0
 0.0  1.0  0.0
 0.0  0.0  0.0
 0.0  0.0  0.0
3-element Vector{Float64}:
 0.4884248999956784
 0.8688594011705155
 0.6359441736858527
2×7 Matrix{Float64}:
 0.0  0.0  0.0  0.0  1.0  1.0  1.0
 0.0  0.0  0.0  1.0  0.0  0.0  0.0
3-element Vector{Float64}:
 1.0
 1.0
 1.0
4×3 Matrix{Float64}:
 0.0  0.0  1.0
 0.0  1.0  0.0
 1.0  0.0  0.0
 0.0  0.0  0.0
3-element Vector{Float64}:
 0.2155619188957835
 0.7100602955208092
 0.4888722213783027
2×7 Matrix{Float64}:
 0.0  0.0  0.0  0.0  1.0  0.0  1.0
 0.0  0.0  0.0  1.0  0.0  1.0  0.0
3-element Vector{Float64}:
 1.0
 1.0
 1.0
comparison (CRT and Glb)on prediction: Dict{Bool, Int64}(0 => 42, 1 => 293)
Dataname	 time	 objv	 lb	 gap	 train_w	 train_g	 test_w	 test_g
banknote_748.banknote	 123.87	 117.18480589022758	 117.135	 0.0004	 88.812	 93.564	 88.06	 89.851
