Running 16 processes.
Start training banknote_56.banknote with seed 1.
Any[]
(4, 1345)
(4, 673)
(4, 337)
(4, 335)
dimension: 4, class: 2
cart cost: 192.8072958500669
size of X: (4, 1010)
ngroups: 33
UB: 145.99337349397592
Iter	left	lev	LB	UB	gap	
0      0      1          41.4229    145.9934   252.4464   % 
UB: 145.99337349397592
branching on 1 with d.
1      1      2          41.4229    145.9934   252.4464   % 
LB close or above UB, fathomed
2      0      2          41.4229    145.9934   252.4464   % 
UB: 145.99337349397592
branching on 2 with d.
3      1      3          41.4229    145.9934   252.4464   % 
LB close or above UB, fathomed
4      0      3          41.4229    145.9934   252.4464   % 
UB: 145.99337349397592
branching on 3 with d.
5      1      4          41.4244    145.9934   252.4329   % 
UB: 145.99337349397592
branching on CartesianIndex(1, 1) with a.
6      2      4          41.4244    145.9934   252.4329   % 
UB: 145.99337349397592
branching on 1 with b.
7      3      5          41.4307    145.9934   252.3794   % 
UB: 135.19016064257028
branching on 1 with b.
8      4      5          41.4307    135.1902   226.3041   % 
UB: 135.19016064257028
branching on 1 with b.
9      5      6          50.4846    135.1902   167.7852   % 
UB: 135.19016064257028
branching on 2 with b.
10     6      6          50.4846    135.1902   167.7852   % 
UB: 135.19016064257028
branching on 2 with b.
11     7      6          55.9154    135.1902   141.7760   % 
UB: 135.19016064257028
branching on CartesianIndex(1, 1) with a.
12     8      6          55.9154    135.1902   141.7760   % 
UB: 135.19016064257028
branching on 2 with b.
13     9      7          57.7174    135.1902   134.2277   % 
UB: 135.19016064257028
branching on CartesianIndex(2, 1) with a.
14     10     7          57.7174    135.1902   134.2277   % 
UB: 135.19016064257028
branching on CartesianIndex(1, 2) with a.
15     11     8          63.1462    135.1902   114.0906   % 
UB: 135.19016064257028
branching on CartesianIndex(3, 1) with a.
16     12     8          63.1462    135.1902   114.0906   % 
UB: 135.19016064257028
branching on 2 with b.
17     13     7          68.5444    135.1902   97.2300    % 
UB: 135.19016064257028
branching on 3 with b.
18     14     7          68.5444    135.1902   97.2300    % 
UB: 135.19016064257028
branching on 3 with b.
19     15     8          70.3437    135.1902   92.1852    % 
UB: 135.19016064257028
branching on CartesianIndex(2, 2) with a.
20     16     8          70.3437    135.1902   92.1852    % 
UB: 135.19016064257028
branching on 2 with b.
21     17     8          72.1455    135.1902   87.3855    % 
UB: 135.19016064257028
branching on CartesianIndex(1, 1) with a.
22     18     8          72.1455    135.1902   87.3855    % 
UB: 135.19016064257028
branching on CartesianIndex(1, 1) with a.
23     19     9          72.1552    135.1902   87.3601    % 
UB: 135.19016064257028
branching on 2 with b.
24     20     10         72.1552    135.1902   87.3601    % 
LB close or above UB, fathomed
25     19     10         72.1552    135.1902   87.3601    % 
UB: 135.19016064257028
branching on CartesianIndex(1, 2) with a.
26     20     11         72.1552    135.1902   87.3601    % 
UB: 135.19016064257028
branching on 3 with b.
27     21     12         72.1552    135.1902   87.3601    % 
UB: 135.19016064257028
branching on CartesianIndex(2, 2) with a.
28     22     12         72.1552    135.1902   87.3601    % 
UB: 135.19016064257028
branching on 1 with b.
29     23     11         72.1552    135.1902   87.3601    % 
LB close or above UB, fathomed
30     22     9          72.1552    135.1902   87.3601    % 
LB close or above UB, fathomed
31     21     9          72.1651    135.1902   87.3346    % 
LB close or above UB, fathomed
32     20     9          72.1651    135.1902   87.3346    % 
UB: 135.19016064257028
branching on 3 with b.
33     21     7          73.9174    135.1902   82.8934    % 
solved nodes:  905
4×3  
 