Running 32 processes.
Start training banknote_240.banknote with seed 1.
Any[]
(4, 1345)
(4, 672)
(4, 336)
(4, 337)
dimension: 4, class: 2
cart cost: 181.7609625668449
size of X: (4, 1008)
ngroups: 33
UB: 144.00026737967914
Iter	left	lev	LB	UB	gap	
0      0      1          32.4079    144.0003   344.3376   % 
UB: 144.00026737967914
branching on 1 with d.
1      1      2          32.4079    144.0003   344.3376   % 
LB close or above UB, fathomed
2      0      2          32.4079    144.0003   344.3376   % 
UB: 144.00026737967914
branching on 2 with d.
3      1      3          32.4079    144.0003   344.3376   % 
UB: 144.00026737967914
branching on 3 with d.
4      2      3          32.4079    144.0003   344.3376   % 
UB: 144.00026737967914
branching on 3 with d.
5      3      4          32.4079    144.0003   344.3376   % 
UB: 144.00026737967914
branching on CartesianIndex(1, 1) with a.
6      4      4          32.4079    144.0003   344.3376   % 
UB: 144.00026737967914
branching on CartesianIndex(1, 1) with a.
7      5      5          32.4239    144.0003   344.1176   % 
UB: 144.00026737967914
branching on 1 with b.
8      6      5          32.4239    144.0003   344.1176   % 
UB: 144.00026737967914
branching on CartesianIndex(1, 2) with a.
9      7      6          37.8326    144.0003   280.6245   % 
UB: 144.00026737967914
branching on CartesianIndex(2, 1) with a.
10     8      6          37.8326    144.0003   280.6245   % 
UB: 144.00026737967914
branching on CartesianIndex(2, 1) with a.
11     9      7          46.8531    144.0003   207.3440   % 
UB: 144.00026737967914
branching on 1 with b.
12     10     8          46.8531    144.0003   207.3440   % 
UB: 144.00026737967914
branching on 2 with b.
13     11     8          46.8531    144.0003   207.3440   % 
UB: 144.00026737967914
branching on CartesianIndex(3, 1) with a.
14     12     7          46.8531    144.0003   207.3440   % 
LB close or above UB, fathomed
15     11     9          55.8602    144.0003   157.7869   % 
UB: 144.00026737967914
branching on 3 with b.
16     12     9          55.8602    144.0003   157.7869   % 
UB: 144.00026737967914
branching on CartesianIndex(3, 1) with a.
17     13     10         55.8602    144.0003   157.7869   % 
LB close or above UB, fathomed
18     12     10         55.8602    144.0003   157.7869   % 
UB: 144.00026737967914
branching on 3 with b.
19     13     11         57.6583    144.0003   149.7475   % 
UB: 129.61524064171124
branching on 1 with b.
20     14     11         57.6583    129.6152   124.7988   % 
UB: 124.22085561497326
branching on CartesianIndex(1, 2) with a.
21     13     12         61.2546    124.2209   102.7944   % 
LB close or above UB, fathomed
22     12     12         61.2546    124.2209   102.7944   % 
UB: 124.22085561497326
branching on CartesianIndex(1, 2) with a.
23     13     13         61.2546    124.2209   102.7944   % 
UB: 124.22085561497326
branching on CartesianIndex(2, 2) with a.
24     14     13         61.2546    124.2209   102.7944   % 
UB: 124.22085561497326
branching on 2 with b.
25     15     7          61.2565    124.2209   102.7880   % 
UB: 124.22085561497326
branching on CartesianIndex(3, 1) with a.
26     16     7          61.2565    124.2209   102.7880   % 
UB: 124.22085561497326
branching on CartesianIndex(1, 2) with a.
27     17     14         61.2619    124.2209   102.7700   % 
LB close or above UB, fathomed
28     16     14         61.2619    124.2209   102.7700   % 
UB: 124.22085561497326
branching on 2 with b.
29     17     15         61.2619    124.2209   102.7700   % 
UB: 124.22085561497326
branching on CartesianIndex(1, 3) with a.
30     18     16         61.2619    124.2209   102.7700   % 
LB close or above UB, fathomed
31     17     16         61.2619    124.2209   102.7700   % 
UB: 124.22085561497326
branching on CartesianIndex(1, 4) with c.
32     18     15         61.2619    124.2209   102.7700   % 
UB: 124.22085561497326
branching on CartesianIndex(1, 3) with a.
33     19     17         61.2676    124.2209   102.7512   % 
UB: 124.22085561497326
branching on CartesianIndex(1, 5) with c.
34     20     18         61.2676    124.2209   102.7512   % 
LB close or above UB, fathomed
35     19     18         61.2676    124.2209   102.7512   % 
UB: 124.22085561497326
branching on CartesianIndex(1, 6) with c.
36     20     17         61.2676    124.2209   102.7512   % 
LB close or above UB, fathomed
37     19     19         61.2676    124.2209   102.7512   % 
UB: 124.22085561497326
branching on CartesianIndex(1, 7) with c.
38     20     20         61.2676    124.2209   102.7512   % 
LB close or above UB, fathomed
39     19     20         61.2676    124.2209   102.7512   % 
UB: 124.22085561497326
branching on 3 with b.
40     20     19         61.2676    124.2209   102.7512   % 
LB close or above UB, fathomed
41     19     21         61.2676    124.2209   102.7512   % 
LB close or above UB, fathomed
42     18     21         61.2676    124.2209   102.7512   % 
UB: 124.22085561497326
branching on 1 with b.
43     19     22         61.2676    124.2209   102.7512   % 
UB: 124.22085561497326
branching on 2 with b.
44     20     22         61.2676    124.2209   102.7512   % 
UB: 124.22085561497326
branching on 2 with b.
45     21     6          64.8683    124.2209   91.4971    % 
UB: 124.22085561497326
branching on CartesianIndex(2, 2) with a.
46     22     6          64.8683    124.2209   91.4971    % 
UB: 124.22085561497326
branching on CartesianIndex(1, 3) with a.
47     23     23         66.6620    124.2209   86.3443    % 
LB close or above UB, fathomed
48     22     23         66.6620    124.2209   86.3443    % 
UB: 124.22085561497326
branching on 3 with b.
49     23     24         66.6620    124.2209   86.3443    % 
LB close or above UB, fathomed
50     22     24         66.6620    124.2209   86.3443    % 
UB: 124.22085561497326
branching on 1 with b.
51     23     7          66.6664    124.2209   86.3320    % 
UB: 124.22085561497326
branching on 1 with b.
52     24     7          66.6664    124.2209   86.3320    % 
UB: 124.22085561497326
branching on 1 with b.
53     25     8          66.6664    124.2209   86.3320    % 
UB: 124.22085561497326
branching on 1 with b.
54     26     8          66.6664    124.2209   86.3320    % 
UB: 124.22085561497326
branching on CartesianIndex(1, 3) with a.
55     27     25         68.4601    124.2209   81.4499    % 
UB: 118.82647058823531
branching on 2 with b.
56     28     25         68.4601    118.8265   73.5703    % 
UB: 118.82647058823531
branching on 2 with b.
57     25     9          68.4645    118.8265   73.5592    % 
UB: 118.82647058823531
branching on CartesianIndex(2, 3) with a.
58     26     10         68.4645    118.8265   73.5592    % 
UB: 118.82647058823531
branching on CartesianIndex(3, 3) with a.
59     27     11         68.4645    118.8265   73.5592    % 
UB: 118.82647058823531
branching on 1 with b.
60     28     11         68.4645    118.8265   73.5592    % 
UB: 118.82647058823531
branching on 1 with b.
61     29     10         68.4645    118.8265   73.5592    % 
UB: 118.82647058823531
branching on CartesianIndex(1, 4) with c.
62     30     9          68.4645    118.8265   73.5592    % 
UB: 118.82647058823531
branching on CartesianIndex(1, 4) with c.
63     31     12         70.2627    118.8265   69.1175    % 
UB: 118.82647058823531
branching on 2 with b.
64     32     13         70.2627    118.8265   69.1175    % 
LB close or above UB, fathomed
65     31     13         70.2627    118.8265   69.1175    % 
UB: 118.82647058823531
branching on 3 with b.
66     32     14         70.2627    118.8265   69.1175    % 
UB: 118.82647058823531
branching on CartesianIndex(1, 4) with c.
67     33     15         70.2627    118.8265   69.1175    % 
UB: 118.82647058823531
branching on CartesianIndex(1, 5) with c.
68     34     16         70.2627    118.8265   69.1175    % 
LB close or above UB, fathomed
69     33     16         70.2627    118.8265   69.1175    % 
UB: 118.82647058823531
branching on CartesianIndex(1, 6) with c.
70     34     17         70.2627    118.8265   69.1175    % 
UB: 118.82647058823531
branching on CartesianIndex(1, 7) with c.
71     35     18         70.2627    118.8265   69.1175    % 
LB close or above UB, fathomed
72     34     18         70.2627    118.8265   69.1175    % 
UB: 118.82647058823531
branching on 1 with b.
73     35     19         70.2627    118.8265   69.1175    % 
UB: 118.82647058823531
branching on 2 with b.
74     36     20         70.2627    118.8265   69.1175    % 
UB: 118.82647058823531
branching on 3 with b.
75     37     20         70.2627    118.8265   69.1175    % 
UB: 118.82647058823531
branching on 3 with b.
76     38     19         70.2627    118.8265   69.1175    % 
LB close or above UB, fathomed
77     37     17         70.2627    118.8265   69.1175    % 
UB: 118.82647058823531
branching on CartesianIndex(1, 7) with c.
78     38     15         70.2627    118.8265   69.1175    % 
LB close or above UB, fathomed
79     37     14         70.2627    118.8265   69.1175    % 
UB: 118.82647058823531
branching on CartesianIndex(1, 4) with c.
80     38     12         70.2627    118.8265   69.1175    % 
LB close or above UB, fathomed
81     37     9          73.8568    118.8265   60.8876    % 
UB: 118.82647058823531
branching on 2 with b.
82     38     9          73.8568    118.8265   60.8876    % 
UB: 118.82647058823531
branching on 2 with b.
83     39     21         73.8733    118.8265   60.8518    % 
UB: 118.82647058823531
branching on 1 with b.
84     40     22         73.8733    118.8265   60.8518    % 
UB: 118.82647058823531
branching on 2 with b.
85     41     22         73.8733    118.8265   60.8518    % 
LB close or above UB, fathomed
86     40     21         73.8733    118.8265   60.8518    % 
LB close or above UB, fathomed
87     39     8          75.6505    118.8265   57.0730    % 
UB: 118.82647058823531
branching on 1 with b.
88     40     9          75.6505    118.8265   57.0730    % 
UB: 118.82647058823531
branching on 2 with b.
89     41     9          75.6505    118.8265   57.0730    % 
LB close or above UB, fathomed
90     40     8          75.6505    118.8265   57.0730    % 
LB close or above UB, fathomed
91     39     26         75.6527    118.8265   57.0685    % 
UB: 118.82647058823531
branching on 3 with b.
92     40     26         75.6527    118.8265   57.0685    % 
UB: 113.43208556149733
branching on 3 with b.
93     41     8          75.6624    113.4321   49.9186    % 
LB close or above UB, fathomed
94     40     8          75.6624    113.4321   49.9186    % 
UB: 113.43208556149733
branching on CartesianIndex(1, 3) with a.
95     41     9          75.6624    113.4321   49.9186    % 
UB: 113.43208556149733
branching on 1 with b.
96     42     9          75.6624    113.4321   49.9186    % 
UB: 113.43208556149733
branching on CartesianIndex(1, 4) with c.
97     43     10         77.4562    113.4321   46.4467    % 
LB close or above UB, fathomed
98     42     10         77.4562    113.4321   46.4467    % 
UB: 113.43208556149733
branching on 3 with b.
99     43     11         77.4562    113.4321   46.4467    % 
UB: 113.43208556149733
branching on CartesianIndex(1, 2) with a.
100    44     11         77.4562    113.4321   46.4467    % 
UB: 113.43208556149733
branching on CartesianIndex(1, 2) with a.
101    45     12         77.4562    113.4321   46.4467    % 
UB: 113.43208556149733
branching on CartesianIndex(2, 2) with a.
102    46     13         77.4562    113.4321   46.4467    % 
LB close or above UB, fathomed
103    45     13         77.4562    113.4321   46.4467    % 
UB: 113.43208556149733
branching on CartesianIndex(1, 3) with a.
104    46     14         77.4562    113.4321   46.4467    % 
LB close or above UB, fathomed
105    45     14         77.4562    113.4321   46.4467    % 
UB: 113.43208556149733
branching on CartesianIndex(1, 4) with c.
106    46     15         77.4562    113.4321   46.4467    % 
UB: 113.43208556149733
branching on 1 with b.
107    47     16         77.4562    113.4321   46.4467    % 
UB: 113.43208556149733
branching on CartesianIndex(1, 5) with c.
108    48     16         77.4562    113.4321   46.4467    % 
UB: 113.43208556149733
branching on CartesianIndex(1, 5) with c.
109    49     15         77.4562    113.4321   46.4467    % 
LB close or above UB, fathomed
110    48     12         77.4562    113.4321   46.4467    % 
LB close or above UB, fathomed
111    47     23         77.4695    113.4321   46.4216    % 
UB: 113.43208556149733
branching on 3 with b.
112    48     24         77.4695    113.4321   46.4216    % 
UB: 113.43208556149733
branching on 1 with b.
113    49     25         77.4695    113.4321   46.4216    % 
UB: 113.43208556149733
branching on 2 with b.
114    50     25         77.4695    113.4321   46.4216    % 
UB: 113.43208556149733
branching on 2 with b.
115    51     24         77.4695    113.4321   46.4216    % 
LB close or above UB, fathomed
116    50     23         77.4695    113.4321   46.4216    % 
LB close or above UB, fathomed
117    49     27         79.2489    113.4321   43.1339    % 
LB close or above UB, fathomed
118    48     27         79.2489    113.4321   43.1339    % 
UB: 111.63395721925134
branching on 1 with b.
119    49     10         79.2587    111.6340   40.8475    % 
UB: 111.63395721925134
branching on CartesianIndex(2, 3) with a.
120    46     11         79.2587    111.6340   40.8475    % 
UB: 111.63395721925134
branching on 2 with b.
121    47     11         79.2587    111.6340   40.8475    % 
UB: 111.63395721925134
branching on 2 with b.
122    48     10         79.2587    111.6340   40.8475    % 
UB: 111.63395721925134
branching on CartesianIndex(2, 3) with a.
123    49     9          79.2676    111.6340   40.8317    % 
LB close or above UB, fathomed
124    48     9          79.2676    111.6340   40.8317    % 
UB: 111.63395721925134
branching on CartesianIndex(1, 3) with a.
125    49     12         79.5727    111.6340   40.2918    % 
UB: 111.63395721925134
branching on CartesianIndex(2, 2) with a.
126    50     12         79.5727    111.6340   40.2918    % 
LB close or above UB, fathomed
127    49     16         79.9144    111.6340   39.6920    % 
LB close or above UB, fathomed
128    48     16         79.9144    111.6340   39.6920    % 
UB: 111.63395721925134
branching on 3 with b.
129    49     26         81.0658    111.6340   37.7079    % 
UB: 111.63395721925134
branching on 3 with b.
130    50     26         81.0658    111.6340   37.7079    % 
UB: 111.63395721925134
branching on 3 with b.
131    51     27         82.8639    111.6340   34.7196    % 
LB close or above UB, fathomed
132    50     27         82.8639    111.6340   34.7196    % 
UB: 111.63395721925134
branching on 1 with b.
133    51     10         82.8639    111.6340   34.7196    % 
UB: 111.63395721925134
branching on CartesianIndex(2, 3) with a.
134    52     10         82.8639    111.6340   34.7196    % 
LB close or above UB, fathomed
135    51     10         84.6456    111.6340   31.8839    % 
LB close or above UB, fathomed
136    50     10         84.6456    111.6340   31.8839    % 
UB: 111.63395721925134
branching on 3 with b.
137    51     17         84.6573    111.6340   31.8658    % 
LB close or above UB, fathomed
138    50     17         84.6573    111.6340   31.8658    % 
UB: 111.63395721925134
branching on CartesianIndex(1, 6) with c.
139    51     18         84.6573    111.6340   31.8658    % 
UB: 111.63395721925134
branching on CartesianIndex(1, 7) with c.
140    52     19         84.6573    111.6340   31.8658    % 
LB close or above UB, fathomed
141    51     19         84.6573    111.6340   31.8658    % 
UB: 111.63395721925134
branching on 2 with b.
142    52     20         84.6573    111.6340   31.8658    % 
LB close or above UB, fathomed
143    51     20         84.6573    111.6340   31.8658    % 
UB: 111.63395721925134
branching on 3 with b.
144    52     21         84.6573    111.6340   31.8658    % 
UB: 111.63395721925134
branching on 1 with b.
145    53     22         84.6573    111.6340   31.8658    % 
UB: 111.63395721925134
branching on 2 with b.
146    54     22         84.6573    111.6340   31.8658    % 
UB: 111.63395721925134
branching on 2 with b.
147    55     21         84.6573    111.6340   31.8658    % 
LB close or above UB, fathomed
148    54     18         84.6573    111.6340   31.8658    % 
LB close or above UB, fathomed
149    53     13         84.6620    111.6340   31.8583    % 
LB close or above UB, fathomed
150    52     13         84.6620    111.6340   31.8583    % 
UB: 111.63395721925134
branching on CartesianIndex(1, 3) with a.
151    53     14         84.6620    111.6340   31.8583    % 
LB close or above UB, fathomed
152    52     14         84.6620    111.6340   31.8583    % 
UB: 111.63395721925134
branching on CartesianIndex(1, 4) with c.
153    53     15         84.6620    111.6340   31.8583    % 
UB: 111.63395721925134
branching on 1 with b.
154    54     15         84.6620    111.6340   31.8583    % 
LB close or above UB, fathomed
155    53     16         84.6620    111.6340   31.8583    % 
LB close or above UB, fathomed
156    52     16         84.6620    111.6340   31.8583    % 
UB: 111.63395721925134
branching on CartesianIndex(1, 5) with c.
157    53     17         84.6620    111.6340   31.8583    % 
LB close or above UB, fathomed
158    52     17         84.6620    111.6340   31.8583    % 
UB: 111.63395721925134
branching on CartesianIndex(1, 6) with c.
159    53     18         84.6620    111.6340   31.8583    % 
UB: 111.63395721925134
branching on CartesianIndex(1, 7) with c.
160    54     19         84.6620    111.6340   31.8583    % 
LB close or above UB, fathomed
161    53     19         84.6620    111.6340   31.8583    % 
UB: 111.63395721925134
branching on 2 with b.
162    54     20         84.6620    111.6340   31.8583    % 
UB: 111.63395721925134
branching on 3 with b.
163    55     21         84.6620    111.6340   31.8583    % 
UB: 111.63395721925134
branching on 1 with b.
164    56     22         84.6620    111.6340   31.8583    % 
UB: 111.63395721925134
branching on 2 with b.
165    57     22         84.6620    111.6340   31.8583    % 
UB: 111.63395721925134
branching on 2 with b.
166    58     21         84.6620    111.6340   31.8583    % 
LB close or above UB, fathomed
167    57     20         84.6620    111.6340   31.8583    % 
UB: 111.63395721925134
branching on 3 with b.
168    58     18         84.6620    111.6340   31.8583    % 
LB close or above UB, fathomed
169    57     11         86.8185    111.6340   28.5832    % 
UB: 111.63395721925134
branching on CartesianIndex(1, 2) with a.
170    58     11         86.8185    111.6340   28.5832    % 
LB close or above UB, fathomed
171    57     12         87.1794    111.6340   28.0508    % 
UB: 111.63395721925134
branching on 2 with b.
172    58     12         87.1794    111.6340   28.0508    % 
LB close or above UB, fathomed
173    57     17         88.2526    111.6340   26.4937    % 
LB close or above UB, fathomed
174    56     17         88.2526    111.6340   26.4937    % 
UB: 111.63395721925134
branching on CartesianIndex(1, 4) with c.
175    57     18         88.2526    111.6340   26.4937    % 
UB: 111.63395721925134
branching on CartesianIndex(1, 5) with c.
176    58     19         88.2526    111.6340   26.4937    % 
LB close or above UB, fathomed
177    57     19         88.2526    111.6340   26.4937    % 
UB: 111.63395721925134
branching on CartesianIndex(1, 6) with c.
178    58     20         88.2526    111.6340   26.4937    % 
UB: 111.63395721925134
branching on 1 with b.
179    59     21         88.2526    111.6340   26.4937    % 
LB close or above UB, fathomed
180    58     21         88.2526    111.6340   26.4937    % 
UB: 111.63395721925134
branching on CartesianIndex(1, 7) with c.
181    59     20         88.2526    111.6340   26.4937    % 
LB close or above UB, fathomed
182    58     18         88.2526    111.6340   26.4937    % 
LB close or above UB, fathomed
183    57     12         88.2583    111.6340   26.4855    % 
LB close or above UB, fathomed
184    56     12         88.2583    111.6340   26.4855    % 
UB: 111.63395721925134
branching on CartesianIndex(3, 3) with a.
185    57     27         88.2583    111.6340   26.4855    % 
LB close or above UB, fathomed
186    56     27         88.2583    111.6340   26.4855    % 
UB: 111.63395721925134
branching on 1 with b.
187    57     12         88.6166    111.6340   25.9741    % 
LB close or above UB, fathomed
188    56     12         88.6166    111.6340   25.9741    % 
LB close or above UB, fathomed
189    55     10         90.0564    111.6340   23.9600    % 
UB: 111.63395721925134
branching on 1 with b.
190    56     10         90.0564    111.6340   23.9600    % 
LB close or above UB, fathomed
191    55     23         90.0564    111.6340   23.9600    % 
LB close or above UB, fathomed
192    54     23         90.0564    111.6340   23.9600    % 
UB: 111.63395721925134
branching on 3 with b.
193    55     24         90.0564    111.6340   23.9600    % 
UB: 111.63395721925134
branching on 1 with b.
194    56     25         90.0564    111.6340   23.9600    % 
UB: 111.63395721925134
branching on 2 with b.
195    57     25         90.0564    111.6340   23.9600    % 
UB: 111.63395721925134
branching on 2 with b.
196    58     24         90.0564    111.6340   23.9600    % 
LB close or above UB, fathomed
197    57     11         91.8545    111.6340   21.5334    % 
UB: 111.63395721925134
branching on CartesianIndex(1, 5) with c.
198    58     12         91.8545    111.6340   21.5334    % 
LB close or above UB, fathomed
199    57     12         91.8545    111.6340   21.5334    % 
UB: 111.63395721925134
branching on 2 with b.
200    58     13         91.8545    111.6340   21.5334    % 
LB close or above UB, fathomed
201    57     13         91.8545    111.6340   21.5334    % 
UB: 111.63395721925134
branching on 3 with b.
202    58     14         91.8545    111.6340   21.5334    % 
UB: 111.63395721925134
branching on CartesianIndex(1, 6) with c.
203    59     15         91.8545    111.6340   21.5334    % 
UB: 111.63395721925134
branching on 1 with b.
204    60     16         91.8545    111.6340   21.5334    % 
LB close or above UB, fathomed
205    59     16         91.8545    111.6340   21.5334    % 
UB: 111.63395721925134
branching on 2 with b.
206    60     17         91.8545    111.6340   21.5334    % 
UB: 111.63395721925134
branching on CartesianIndex(1, 7) with c.
207    61     18         91.8545    111.6340   21.5334    % 
LB close or above UB, fathomed
208    60     18         91.8545    111.6340   21.5334    % 
UB: 111.63395721925134
branching on 3 with b.
209    61     19         91.8545    111.6340   21.5334    % 
UB: 111.63395721925134
branching on 1 with b.
210    62     19         91.8545    111.6340   21.5334    % 
UB: 111.63395721925134
branching on 1 with b.
211    63     17         91.8545    111.6340   21.5334    % 
LB close or above UB, fathomed
212    62     15         91.8545    111.6340   21.5334    % 
LB close or above UB, fathomed
213    61     14         91.8545    111.6340   21.5334    % 
LB close or above UB, fathomed
214    60     11         91.8545    111.6340   21.5334    % 
UB: 111.63395721925134
branching on 2 with b.
215    61     20         91.8545    111.6340   21.5334    % 
UB: 111.63395721925134
branching on 2 with b.
216    62     20         91.8545    111.6340   21.5334    % 
UB: 111.63395721925134
branching on 2 with b.
217    63     13         91.8545    111.6340   21.5334    % 
LB close or above UB, fathomed
218    62     13         91.8545    111.6340   21.5334    % 
UB: 111.63395721925134
branching on CartesianIndex(1, 4) with c.
219    63     26         91.8545    111.6340   21.5334    % 
UB: 111.63395721925134
branching on 3 with b.
220    64     26         91.8545    111.6340   21.5334    % 
UB: 111.63395721925134
branching on 3 with b.
221    65     26         91.8545    111.6340   21.5334    % 
UB: 111.63395721925134
branching on 3 with b.
222    66     26         91.8545    111.6340   21.5334    % 
UB: 111.63395721925134
branching on 3 with b.
223    67     28         93.6383    111.6340   19.2183    % 
UB: 111.63395721925134
branching on 2 with b.
224    68     28         93.6383    111.6340   19.2183    % 
UB: 109.83582887700535
branching on 2 with b.
225    69     12         93.6437    109.8358   17.2912    % 
LB close or above UB, fathomed
226    60     12         93.6437    109.8358   17.2912    % 
UB: 109.83582887700535
branching on 3 with b.
227    61     29         93.6453    109.8358   17.2892    % 
UB: 108.03770053475938
branching on 3 with b.
228    62     29         93.6453    108.0377   15.3691    % 
UB: 108.03770053475938
branching on 3 with b.
229    61     20         93.6527    108.0377   15.3600    % 
UB: 108.03770053475938
branching on 2 with b.
230    62     20         93.6527    108.0377   15.3600    % 
UB: 108.03770053475938
branching on 2 with b.
231    63     30         93.6527    108.0377   15.3600    % 
UB: 108.03770053475938
branching on 1 with b.
232    64     30         93.6527    108.0377   15.3600    % 
UB: 106.23957219251338
branching on 1 with b.
233    65     21         93.6527    106.2396   13.4400    % 
UB: 106.23957219251338
branching on 3 with b.
234    54     22         93.6527    106.2396   13.4400    % 
LB close or above UB, fathomed
235    53     22         93.6527    106.2396   13.4400    % 
UB: 106.23957219251338
branching on 1 with b.
236    54     21         93.6527    106.2396   13.4400    % 
LB close or above UB, fathomed
237    53     23         93.6527    106.2396   13.4400    % 
LB close or above UB, fathomed
238    52     23         93.6527    106.2396   13.4400    % 
UB: 106.23957219251338
branching on 3 with b.
239    53     24         93.6527    106.2396   13.4400    % 
LB close or above UB, fathomed
240    52     24         93.6527    106.2396   13.4400    % 
UB: 106.23957219251338
branching on 1 with b.
241    53     23         93.6527    106.2396   13.4400    % 
UB: 106.23957219251338
branching on 2 with b.
242    54     24         93.6527    106.2396   13.4400    % 
LB close or above UB, fathomed
243    53     24         93.6527    106.2396   13.4400    % 
LB close or above UB, fathomed
244    52     23         93.6527    106.2396   13.4400    % 
UB: 106.23957219251338
branching on 2 with b.
245    53     24         93.6527    106.2396   13.4400    % 
LB close or above UB, fathomed
246    52     24         93.6527    106.2396   13.4400    % 
LB close or above UB, fathomed
247    51     13         93.6527    106.2396   13.4400    % 
LB close or above UB, fathomed
248    50     13         93.6527    106.2396   13.4400    % 
LB close or above UB, fathomed
249    49     23         95.4460    106.2396   11.3085    % 
UB: 106.23957219251338
branching on 3 with b.
250    50     24         95.4460    106.2396   11.3085    % 
UB: 106.23957219251338
branching on 1 with b.
251    51     25         95.4460    106.2396   11.3085    % 
LB close or above UB, fathomed
252    50     25         95.4460    106.2396   11.3085    % 
UB: 106.23957219251338
branching on 2 with b.
253    51     24         95.4460    106.2396   11.3085    % 
LB close or above UB, fathomed
254    50     23         95.4460    106.2396   11.3085    % 
LB close or above UB, fathomed
255    49     21         95.4508    106.2396   11.3030    % 
UB: 106.23957219251338
branching on 3 with b.
256    50     22         95.4508    106.2396   11.3030    % 
UB: 106.23957219251338
branching on 1 with b.
257    51     23         95.4508    106.2396   11.3030    % 
UB: 106.23957219251338
branching on 2 with b.
258    52     24         95.4508    106.2396   11.3030    % 
LB close or above UB, fathomed
259    51     24         95.4508    106.2396   11.3030    % 
LB close or above UB, fathomed
260    50     23         95.4508    106.2396   11.3030    % 
UB: 106.23957219251338
branching on 2 with b.
261    51     22         95.4508    106.2396   11.3030    % 
LB close or above UB, fathomed
262    50     21         95.4508    106.2396   11.3030    % 
LB close or above UB, fathomed
263    49     23         95.4508    106.2396   11.3030    % 
UB: 106.23957219251338
branching on 3 with b.
264    50     24         95.4508    106.2396   11.3030    % 
UB: 106.23957219251338
branching on 1 with b.
265    51     25         95.4508    106.2396   11.3030    % 
LB close or above UB, fathomed
266    50     25         95.4508    106.2396   11.3030    % 
UB: 106.23957219251338
branching on 2 with b.
267    51     24         95.4508    106.2396   11.3030    % 
LB close or above UB, fathomed
268    50     23         95.4508    106.2396   11.3030    % 
LB close or above UB, fathomed
269    49     24         95.4508    106.2396   11.3030    % 
LB close or above UB, fathomed
270    48     24         95.4508    106.2396   11.3030    % 
LB close or above UB, fathomed
271    47     25         95.4508    106.2396   11.3030    % 
LB close or above UB, fathomed
272    46     25         95.4508    106.2396   11.3030    % 
UB: 106.23957219251338
branching on 2 with b.
273    47     14         95.4508    106.2396   11.3030    % 
UB: 106.23957219251338
branching on CartesianIndex(1, 5) with c.
274    48     15         95.4508    106.2396   11.3030    % 
LB close or above UB, fathomed
275    47     15         95.4508    106.2396   11.3030    % 
UB: 106.23957219251338
branching on CartesianIndex(1, 6) with c.
276    48     16         95.4508    106.2396   11.3030    % 
UB: 106.23957219251338
branching on CartesianIndex(1, 7) with c.
277    49     16         95.4508    106.2396   11.3030    % 
LB close or above UB, fathomed
278    48     14         95.4508    106.2396   11.3030    % 
LB close or above UB, fathomed
279    47     17         97.2404    106.2396   9.2545     % 
LB close or above UB, fathomed
280    46     17         97.2404    106.2396   9.2545     % 
UB: 106.23957219251338
branching on CartesianIndex(1, 6) with c.
281    47     18         97.2404    106.2396   9.2545     % 
UB: 106.23957219251338
branching on 2 with b.
282    48     19         97.2404    106.2396   9.2545     % 
LB close or above UB, fathomed
283    47     19         97.2404    106.2396   9.2545     % 
UB: 106.23957219251338
branching on 3 with b.
284    48     18         97.2404    106.2396   9.2545     % 
LB close or above UB, fathomed
285    47     17         97.2489    106.2396   9.2450     % 
LB close or above UB, fathomed
286    46     17         97.2489    106.2396   9.2450     % 
UB: 106.23957219251338
branching on 3 with b.
287    47     26         97.2489    106.2396   9.2450     % 
LB close or above UB, fathomed
288    46     26         97.2489    106.2396   9.2450     % 
UB: 106.23957219251338
branching on 3 with b.
289    47     27         97.2489    106.2396   9.2450     % 
LB close or above UB, fathomed
290    46     27         97.2489    106.2396   9.2450     % 
UB: 106.23957219251338
branching on 1 with b.
291    47     31         97.2489    106.2396   9.2450     % 
UB: 106.23957219251338
branching on 2 with b.
292    48     31         97.2489    106.2396   9.2450     % 
UB: 106.23957219251338
branching on 2 with b.
293    49     18         97.2489    106.2396   9.2450     % 
UB: 106.23957219251338
branching on 1 with b.
294    50     19         97.2489    106.2396   9.2450     % 
UB: 106.23957219251338
branching on 2 with b.
295    51     20         97.2489    106.2396   9.2450     % 
LB close or above UB, fathomed
296    50     20         97.2489    106.2396   9.2450     % 
UB: 106.23957219251338
branching on 3 with b.
297    51     19         97.2489    106.2396   9.2450     % 
LB close or above UB, fathomed
298    50     18         97.2489    106.2396   9.2450     % 
LB close or above UB, fathomed
299    49     26         97.2489    106.2396   9.2450     % 
LB close or above UB, fathomed
300    48     26         97.2489    106.2396   9.2450     % 
UB: 106.23957219251338
branching on 3 with b.
301    49     11         97.2489    106.2396   9.2450     % 
UB: 106.23957219251338
branching on CartesianIndex(3, 3) with a.
302    50     12         97.2489    106.2396   9.2450     % 
LB close or above UB, fathomed
303    49     12         97.2489    106.2396   9.2450     % 
LB close or above UB, fathomed
304    48     11         97.2489    106.2396   9.2450     % 
LB close or above UB, fathomed
305    47     28         97.2489    106.2396   9.2450     % 
UB: 106.23957219251338
branching on 2 with b.
306    48     28         97.2489    106.2396   9.2450     % 
LB close or above UB, fathomed
307    47     27         97.2489    106.2396   9.2450     % 
LB close or above UB, fathomed
308    46     27         97.2489    106.2396   9.2450     % 
LB close or above UB, fathomed
309    45     29         99.0471    106.2396   7.2617     % 
UB: 106.23957219251338
branching on 3 with b.
310    46     30         99.0471    106.2396   7.2617     % 
LB close or above UB, fathomed
311    45     30         99.0471    106.2396   7.2617     % 
UB: 106.23957219251338
branching on 1 with b.
312    46     29         99.0471    106.2396   7.2617     % 
LB close or above UB, fathomed
313    45     32         99.0471    106.2396   7.2617     % 
UB: 106.23957219251338
branching on 3 with b.
314    46     32         99.0471    106.2396   7.2617     % 
UB: 106.23957219251338
branching on 3 with b.
315    47     33         99.0471    106.2396   7.2617     % 
LB close or above UB, fathomed
316    46     33         99.0471    106.2396   7.2617     % 
UB: 106.23957219251338
branching on 1 with b.
317    47     26         99.0471    106.2396   7.2617     % 
LB close or above UB, fathomed
318    46     26         99.0471    106.2396   7.2617     % 
LB close or above UB, fathomed
319    45     21         99.0471    106.2396   7.2617     % 
UB: 106.23957219251338
branching on 3 with b.
320    46     22         99.0471    106.2396   7.2617     % 
UB: 106.23957219251338
branching on 1 with b.
321    47     23         99.0471    106.2396   7.2617     % 
LB close or above UB, fathomed
322    46     23         99.0471    106.2396   7.2617     % 
UB: 106.23957219251338
branching on 2 with b.
323    47     24         99.0471    106.2396   7.2617     % 
LB close or above UB, fathomed
324    46     24         99.0471    106.2396   7.2617     % 
LB close or above UB, fathomed
325    45     22         99.0471    106.2396   7.2617     % 
LB close or above UB, fathomed
326    44     21         99.0471    106.2396   7.2617     % 
LB close or above UB, fathomed
327    43     27         99.0471    106.2396   7.2617     % 
UB: 106.23957219251338
branching on 1 with b.
328    44     27         99.0471    106.2396   7.2617     % 
LB close or above UB, fathomed
329    43     21         99.0471    106.2396   7.2617     % 
UB: 106.23957219251338
branching on 3 with b.
330    44     22         99.0471    106.2396   7.2617     % 
LB close or above UB, fathomed
331    43     22         99.0471    106.2396   7.2617     % 
UB: 106.23957219251338
branching on 1 with b.
332    44     23         99.0471    106.2396   7.2617     % 
LB close or above UB, fathomed
333    43     23         99.0471    106.2396   7.2617     % 
UB: 106.23957219251338
branching on 2 with b.
334    44     24         99.0471    106.2396   7.2617     % 
LB close or above UB, fathomed
335    43     24         99.0471    106.2396   7.2617     % 
LB close or above UB, fathomed
336    42     21         99.0471    106.2396   7.2617     % 
LB close or above UB, fathomed
337    41     13         100.8363   106.2396   5.3585     % 
LB close or above UB, fathomed
338    40     13         100.8363   106.2396   5.3585     % 
UB: 106.23957219251338
branching on CartesianIndex(1, 4) with c.
339    41     14         100.8363   106.2396   5.3585     % 
UB: 106.23957219251338
branching on CartesianIndex(1, 5) with c.
340    42     15         100.8363   106.2396   5.3585     % 
LB close or above UB, fathomed
341    41     15         100.8363   106.2396   5.3585     % 
UB: 106.23957219251338
branching on 1 with b.
342    42     16         100.8363   106.2396   5.3585     % 
LB close or above UB, fathomed
343    41     16         100.8363   106.2396   5.3585     % 
UB: 106.23957219251338
branching on CartesianIndex(1, 6) with c.
344    42     17         100.8363   106.2396   5.3585     % 
UB: 106.23957219251338
branching on CartesianIndex(1, 7) with c.
345    43     17         100.8363   106.2396   5.3585     % 
LB close or above UB, fathomed
346    42     14         100.8363   106.2396   5.3585     % 
LB close or above UB, fathomed
347    41     18         100.8363   106.2396   5.3585     % 
LB close or above UB, fathomed
348    40     18         100.8363   106.2396   5.3585     % 
UB: 106.23957219251338
branching on 2 with b.
349    41     19         100.8363   106.2396   5.3585     % 
UB: 106.23957219251338
branching on 3 with b.
350    42     20         100.8363   106.2396   5.3585     % 
UB: 106.23957219251338
branching on 1 with b.
351    43     20         100.8363   106.2396   5.3585     % 
LB close or above UB, fathomed
352    42     19         100.8363   106.2396   5.3585     % 
LB close or above UB, fathomed
353    41     34         100.8452   106.2396   5.3492     % 
UB: 106.23957219251338
branching on 2 with b.
354    42     34         100.8452   106.2396   5.3492     % 
UB: 106.23957219251338
branching on 2 with b.
355    43     35         100.8452   106.2396   5.3492     % 
UB: 106.23957219251338
branching on 3 with b.
356    44     36         100.8452   106.2396   5.3492     % 
UB: 106.23957219251338
branching on 1 with b.
357    45     36         100.8452   106.2396   5.3492     % 
LB close or above UB, fathomed
358    44     35         100.8452   106.2396   5.3492     % 
UB: 106.23957219251338
branching on 3 with b.
359    45     28         100.8452   106.2396   5.3492     % 
LB close or above UB, fathomed
360    44     28         100.8452   106.2396   5.3492     % 
UB: 106.23957219251338
branching on 2 with b.
361    45     28         100.8452   106.2396   5.3492     % 
LB close or above UB, fathomed
362    44     28         100.8452   106.2396   5.3492     % 
LB close or above UB, fathomed
363    43     27         100.8452   106.2396   5.3492     % 
UB: 106.23957219251338
branching on 1 with b.
364    44     28         100.8452   106.2396   5.3492     % 
LB close or above UB, fathomed
365    43     28         100.8452   106.2396   5.3492     % 
UB: 106.23957219251338
branching on 2 with b.
366    44     29         100.8452   106.2396   5.3492     % 
UB: 106.23957219251338
branching on 3 with b.
367    45     30         100.8452   106.2396   5.3492     % 
LB close or above UB, fathomed
368    44     30         100.8452   106.2396   5.3492     % 
LB close or above UB, fathomed
369    43     29         100.8452   106.2396   5.3492     % 
LB close or above UB, fathomed
370    42     27         100.8452   106.2396   5.3492     % 
LB close or above UB, fathomed
371    41     26         100.8452   106.2396   5.3492     % 
LB close or above UB, fathomed
372    40     26         100.8452   106.2396   5.3492     % 
LB close or above UB, fathomed
373    39     30         102.6359   106.2396   3.5111     % 
LB close or above UB, fathomed
374    38     30         102.6359   106.2396   3.5111     % 
LB close or above UB, fathomed
375    37     37         102.6433   106.2396   3.5036     % 
UB: 106.23957219251338
branching on 2 with b.
376    38     38         102.6433   106.2396   3.5036     % 
UB: 106.23957219251338
branching on 3 with b.
377    39     39         102.6433   106.2396   3.5036     % 
UB: 106.23957219251338
branching on 1 with b.
378    40     39         102.6433   106.2396   3.5036     % 
LB close or above UB, fathomed
379    39     38         102.6433   106.2396   3.5036     % 
UB: 106.23957219251338
branching on 3 with b.
380    40     39         102.6433   106.2396   3.5036     % 
UB: 106.23957219251338
branching on 1 with b.
381    41     39         102.6433   106.2396   3.5036     % 
LB close or above UB, fathomed
382    40     37         102.6433   106.2396   3.5036     % 
LB close or above UB, fathomed
383    39     35         102.6433   106.2396   3.5036     % 
UB: 106.23957219251338
branching on 3 with b.
384    40     36         102.6433   106.2396   3.5036     % 
UB: 106.23957219251338
branching on 1 with b.
385    41     36         102.6433   106.2396   3.5036     % 
LB close or above UB, fathomed
386    40     35         102.6433   106.2396   3.5036     % 
LB close or above UB, fathomed
387    39     33         102.6433   106.2396   3.5036     % 
LB close or above UB, fathomed
388    38     33         102.6433   106.2396   3.5036     % 
UB: 106.23957219251338
branching on 1 with b.
389    39     32         102.6433   106.2396   3.5036     % 
LB close or above UB, fathomed
390    38     32         102.6433   106.2396   3.5036     % 
UB: 106.23957219251338
branching on 3 with b.
391    39     33         102.6433   106.2396   3.5036     % 
LB close or above UB, fathomed
392    38     33         102.6433   106.2396   3.5036     % 
UB: 106.23957219251338
branching on 1 with b.
393    39     26         102.6433   106.2396   3.5036     % 
LB close or above UB, fathomed
394    38     26         102.6433   106.2396   3.5036     % 
UB: 106.23957219251338
branching on 3 with b.
395    39     23         102.6433   106.2396   3.5036     % 
LB close or above UB, fathomed
396    38     23         102.6433   106.2396   3.5036     % 
UB: 106.23957219251338
branching on 3 with b.
397    39     10         102.6433   106.2396   3.5036     % 
LB close or above UB, fathomed
398    38     10         102.6433   106.2396   3.5036     % 
LB close or above UB, fathomed
399    37     11         102.6433   106.2396   3.5036     % 
LB close or above UB, fathomed
400    36     11         102.6433   106.2396   3.5036     % 
LB close or above UB, fathomed
401    35     24         102.6433   106.2396   3.5036     % 
UB: 106.23957219251338
branching on 1 with b.
402    36     25         102.6433   106.2396   3.5036     % 
LB close or above UB, fathomed
403    35     25         102.6433   106.2396   3.5036     % 
UB: 106.23957219251338
branching on 2 with b.
404    36     24         102.6433   106.2396   3.5036     % 
LB close or above UB, fathomed
405    35     21         104.4325   106.2396   1.7304     % 
UB: 106.23957219251338
branching on 2 with b.
406    36     22         104.4325   106.2396   1.7304     % 
UB: 106.23957219251338
branching on 3 with b.
407    37     23         104.4325   106.2396   1.7304     % 
LB close or above UB, fathomed
408    36     23         104.4325   106.2396   1.7304     % 
UB: 106.23957219251338
branching on 1 with b.
409    37     24         104.4325   106.2396   1.7304     % 
LB close or above UB, fathomed
410    36     24         104.4325   106.2396   1.7304     % 
LB close or above UB, fathomed
411    35     22         104.4325   106.2396   1.7304     % 
LB close or above UB, fathomed
412    34     21         104.4325   106.2396   1.7304     % 
LB close or above UB, fathomed
413    33     20         104.4329   106.2396   1.7299     % 
UB: 106.23957219251338
branching on CartesianIndex(1, 7) with c.
414    34     21         104.4329   106.2396   1.7299     % 
LB close or above UB, fathomed
415    33     21         104.4329   106.2396   1.7299     % 
UB: 106.23957219251338
branching on 1 with b.
416    34     22         104.4329   106.2396   1.7299     % 
LB close or above UB, fathomed
417    33     22         104.4329   106.2396   1.7299     % 
LB close or above UB, fathomed
418    32     20         104.4329   106.2396   1.7299     % 
LB close or above UB, fathomed
419    31     29         104.4344   106.2396   1.7285     % 
UB: 106.23957219251338
branching on 3 with b.
420    32     30         104.4344   106.2396   1.7285     % 
LB close or above UB, fathomed
421    31     30         104.4344   106.2396   1.7285     % 
LB close or above UB, fathomed
422    30     29         104.4344   106.2396   1.7285     % 
LB close or above UB, fathomed
423    29     34         104.4414   106.2396   1.7217     % 
LB close or above UB, fathomed
424    28     34         104.4414   106.2396   1.7217     % 
UB: 106.23957219251338
branching on 2 with b.
425    29     35         104.4414   106.2396   1.7217     % 
UB: 106.23957219251338
branching on 3 with b.
426    30     36         104.4414   106.2396   1.7217     % 
LB close or above UB, fathomed
427    29     36         104.4414   106.2396   1.7217     % 
LB close or above UB, fathomed
428    28     35         104.4414   106.2396   1.7217     % 
LB close or above UB, fathomed
429    27     34         104.4414   106.2396   1.7217     % 
LB close or above UB, fathomed
430    26     34         104.4414   106.2396   1.7217     % 
UB: 106.23957219251338
branching on 2 with b.
431    27     35         104.4414   106.2396   1.7217     % 
LB close or above UB, fathomed
432    26     35         104.4414   106.2396   1.7217     % 
UB: 106.23957219251338
branching on 3 with b.
433    27     36         104.4414   106.2396   1.7217     % 
LB close or above UB, fathomed
434    26     36         104.4414   106.2396   1.7217     % 
LB close or above UB, fathomed
435    25     29         104.4414   106.2396   1.7217     % 
LB close or above UB, fathomed
436    24     29         104.4414   106.2396   1.7217     % 
LB close or above UB, fathomed
437    23     31         104.4414   106.2396   1.7217     % 
LB close or above UB, fathomed
438    22     31         104.4414   106.2396   1.7217     % 
LB close or above UB, fathomed
439    21     28         104.4414   106.2396   1.7217     % 
LB close or above UB, fathomed
440    20     28         104.4414   106.2396   1.7217     % 
LB close or above UB, fathomed
441    19     26         104.4414   106.2396   1.7217     % 
LB close or above UB, fathomed
442    18     26         104.4414   106.2396   1.7217     % 
UB: 106.23957219251338
branching on 3 with b.
443    19     27         104.4414   106.2396   1.7217     % 
UB: 106.23957219251338
branching on 1 with b.
444    20     28         104.4414   106.2396   1.7217     % 
LB close or above UB, fathomed
445    19     28         104.4414   106.2396   1.7217     % 
LB close or above UB, fathomed
446    18     27         104.4414   106.2396   1.7217     % 
LB close or above UB, fathomed
447    17     27         104.4414   106.2396   1.7217     % 
UB: 106.23957219251338
branching on 1 with b.
448    18     28         104.4414   106.2396   1.7217     % 
LB close or above UB, fathomed
449    17     28         104.4414   106.2396   1.7217     % 
LB close or above UB, fathomed
450    16     27         104.4414   106.2396   1.7217     % 
LB close or above UB, fathomed
451    15     37         104.4414   106.2396   1.7217     % 
LB close or above UB, fathomed
452    14     37         104.4414   106.2396   1.7217     % 
UB: 106.23957219251338
branching on 2 with b.
453    15     38         104.4414   106.2396   1.7217     % 
UB: 106.23957219251338
branching on 3 with b.
454    16     39         104.4414   106.2396   1.7217     % 
LB close or above UB, fathomed
455    15     39         104.4414   106.2396   1.7217     % 
LB close or above UB, fathomed
456    14     38         104.4414   106.2396   1.7217     % 
UB: 106.23957219251338
branching on 3 with b.
457    15     39         104.4414   106.2396   1.7217     % 
LB close or above UB, fathomed
458    14     39         104.4414   106.2396   1.7217     % 
LB close or above UB, fathomed
459    13     36         104.4414   106.2396   1.7217     % 
LB close or above UB, fathomed
460    12     36         104.4414   106.2396   1.7217     % 
LB close or above UB, fathomed
461    11     21         104.4414   106.2396   1.7217     % 
LB close or above UB, fathomed
462    10     21         104.4414   106.2396   1.7217     % 
UB: 106.23957219251338
branching on 1 with b.
463    11     22         104.4414   106.2396   1.7217     % 
LB close or above UB, fathomed
464    10     22         104.4414   106.2396   1.7217     % 
LB close or above UB, fathomed
465    9      31         104.4414   106.2396   1.7217     % 
LB close or above UB, fathomed
466    8      31         104.4414   106.2396   1.7217     % 
LB close or above UB, fathomed
467    7      27         104.4414   106.2396   1.7217     % 
UB: 106.23957219251338
branching on 1 with b.
468    8      28         104.4414   106.2396   1.7217     % 
LB close or above UB, fathomed
469    7      28         104.4414   106.2396   1.7217     % 
LB close or above UB, fathomed
470    6      27         104.4414   106.2396   1.7217     % 
LB close or above UB, fathomed
471    5      40         104.4414   106.2396   1.7217     % 
UB: 106.23957219251338
branching on 2 with b.
472    5      41         104.4414   106.2396   1.7217     % 
UB: 106.23957219251338
branching on 3 with b.
473    6      42         104.4414   106.2396   1.7217     % 
LB close or above UB, fathomed
474    5      42         104.4414   106.2396   1.7217     % 
UB: 106.23957219251338
branching on 1 with b.
475    6      43         104.4414   106.2396   1.7217     % 
UB: 106.23957219251338
branching on 2 with b.
476    6      44         104.4414   106.2396   1.7217     % 
UB: 106.23957219251338
branching on 3 with b.
477    7      45         104.4414   106.2396   1.7217     % 
LB close or above UB, fathomed
478    6      45         104.4414   106.2396   1.7217     % 
UB: 106.23957219251338
branching on 1 with b.
479    7      46         104.4414   106.2396   1.7217     % 
UB: 106.23957219251338
branching on 2 with b.
480    7      47         104.4414   106.2396   1.7217     % 
UB: 106.23957219251338
branching on 3 with b.
481    8      48         104.4414   106.2396   1.7217     % 
UB: 106.23957219251338
branching on 1 with b.
482    9      49         104.4414   106.2396   1.7217     % 
UB: 106.23957219251338
branching on 2 with b.
483    9      50         104.4414   106.2396   1.7217     % 
UB: 106.23957219251338
branching on 3 with b.
484    9      51         104.4414   106.2396   1.7217     % 
UB: 106.23957219251338
branching on 1 with b.
485    9      52         104.4414   106.2396   1.7217     % 
UB: 106.23957219251338
branching on 2 with b.
486    9      53         104.4414   106.2396   1.7217     % 
UB: 106.23957219251338
branching on 3 with b.
487    9      54         104.4414   106.2396   1.7217     % 
UB: 106.23957219251338
branching on 1 with b.
488    9      55         104.4414   106.2396   1.7217     % 
UB: 106.23957219251338
branching on 2 with b.
489    10     56         104.4414   106.2396   1.7217     % 
UB: 106.23957219251338
branching on 3 with b.
490    10     57         104.4414   106.2396   1.7217     % 
UB: 106.23957219251338
branching on 1 with b.
491    10     58         104.4414   106.2396   1.7217     % 
UB: 106.23957219251338
branching on 2 with b.
492    10     59         104.4414   106.2396   1.7217     % 
UB: 106.23957219251338
branching on 3 with b.
493    10     60         104.4414   106.2396   1.7217     % 
UB: 106.23957219251338
branching on 1 with b.
494    10     61         104.4414   106.2396   1.7217     % 
UB: 106.23957219251338
branching on 2 with b.
495    10     62         104.4414   106.2396   1.7217     % 
UB: 106.23957219251338
branching on 3 with b.
496    10     63         104.4414   106.2396   1.7217     % 
UB: 106.23957219251338
branching on 1 with b.
497    10     64         104.4414   106.2396   1.7217     % 
UB: 104.4414438502674
branching on 2 with b.
498    10     65         104.4414   104.4414   0.0000     % 
LB close or above UB, fathomed
all node solved
solved nodes:  499
499                                                   1.0444e+02     1.0444e+02     0.0000  % 
4×3 Matrix{Float64}:
 1.0  0.0  1.0
 0.0  1.0  0.0
 0.0  0.0  0.0
 0.0  0.0  0.0
3-element Vector{Float64}:
 0.5247000329909828
 0.8018377862646746
 0.634984574035028
2×7 Matrix{Float64}:
 0.0  0.0  0.0  0.0  1.0  1.0  1.0
 0.0  0.0  0.0  1.0  0.0  0.0  0.0
3-element Vector{Float64}:
 1.0
 1.0
 1.0
4×3 Matrix{Float64}:
 0.0  0.0  1.0
 0.0  1.0  0.0
 1.0  0.0  0.0
 0.0  0.0  0.0
3-element Vector{Float64}:
 0.21494835484894634
 0.7091067983827071
 0.4877130200745029
2×7 Matrix{Float64}:
 0.0  0.0  0.0  0.0  1.0  0.0  1.0
 0.0  0.0  0.0  1.0  0.0  1.0  0.0
3-element Vector{Float64}:
 1.0
 1.0
 1.0
comparison (CRT and Glb)on prediction: Dict{Bool, Int64}(0 => 56, 1 => 281)
Dataname	 time	 objv	 lb	 gap	 train_w	 train_g	 test_w	 test_g
banknote_240.banknote	 116.87	 104.4414438502674	 104.441	 0.0	 89.98	 94.246	 89.614	 87.24
