Running 16 processes.
Start training banknote_39.banknote with seed 1.
Any[]
(4, 1345)
(4, 673)
(4, 336)
(4, 336)
dimension: 4, class: 2
cart cost: 193.06554959785524
size of X: (4, 1009)
ngroups: 33
UB: 158.80951742627343
Iter	left	lev	LB	UB	gap	
0      0      1          36.0671    158.8095   340.3170   % 
UB: 158.80951742627343
branching on 1 with d.
1      1      2          36.0671    158.8095   340.3170   % 
LB close or above UB, fathomed
2      0      2          36.0671    158.8095   340.3170   % 
UB: 158.80951742627343
branching on 2 with d.
3      1      3          36.0671    158.8095   340.3170   % 
UB: 158.80951742627343
branching on 3 with d.
4      2      3          36.0671    158.8095   340.3170   % 
UB: 158.80951742627343
branching on 3 with d.
5      3      4          36.0686    158.8095   340.2982   % 
UB: 158.80951742627343
branching on CartesianIndex(1, 1) with a.
6      4      4          36.0686    158.8095   340.2982   % 
UB: 158.80951742627343
branching on 1 with b.
7      5      5          36.0995    158.8095   339.9214   % 
UB: 158.80951742627343
branching on 1 with b.
8      6      5          36.0995    158.8095   339.9214   % 
UB: 158.80951742627343
branching on 1 with b.
9      7      6          41.5360    158.8095   282.3416   % 
UB: 158.80951742627343
branching on 2 with b.
10     8      6          41.5360    158.8095   282.3416   % 
UB: 158.80951742627343
branching on 2 with b.
11     9      7          55.9876    158.8095   183.6513   % 
UB: 158.80951742627343
branching on CartesianIndex(1, 1) with a.
12     10     7          55.9876    158.8095   183.6513   % 
UB: 158.80951742627343
branching on 3 with b.
13     11     7          56.0135    158.8095   183.5203   % 
UB: 158.80951742627343
branching on CartesianIndex(1, 1) with a.
14     12     7          56.0135    158.8095   183.5203   % 
UB: 158.80951742627343
branching on CartesianIndex(1, 1) with a.
15     13     8          57.7905    158.8095   174.8019   % 
UB: 147.99182305630026
branching on CartesianIndex(1, 1) with a.
16     14     8          57.7905    147.9918   156.0831   % 
UB: 138.97707774798926
branching on CartesianIndex(1, 1) with a.
17     15     8          57.8164    138.9771   140.3766   % 
UB: 138.97707774798926
branching on 3 with b.
18     16     8          57.8164    138.9771   140.3766   % 
UB: 138.97707774798926
branching on 3 with b.
19     17     6          57.8167    138.9771   140.3753   % 
UB: 138.97707774798926
branching on CartesianIndex(1, 1) with a.
20     18     7          57.8167    138.9771   140.3753   % 
UB: 138.97707774798926
branching on 2 with b.
21     19     7          57.8167    138.9771   140.3753   % 
UB: 138.97707774798926
branching on CartesianIndex(1, 2) with a.
22     20     6          57.8167    138.9771   140.3753   % 
UB: 138.97707774798926
branching on 2 with b.
23     21     8          61.4329    138.9771   126.2258   % 
UB: 138.97707774798926
branching on 2 with b.
24     22     8          61.4329    138.9771   126.2258   % 
UB: 138.97707774798926
branching on 2 with b.
25     23     8          63.2429    138.9771   119.7512   % 
UB: 138.97707774798926
branching on CartesianIndex(2, 1) with a.
26     24     8          63.2429    138.9771   119.7512   % 
UB: 138.97707774798926
branching on 3 with b.
27     25     9          65.0353    138.9771   113.6948   % 
UB: 138.97707774798926
branching on CartesianIndex(2, 1) with a.
28     26     9          65.0353    138.9771   113.6948   % 
UB: 138.97707774798926
branching on 1 with b.
29     27     9          65.0562    138.9771   113.6263   % 
UB: 138.97707774798926
branching on CartesianIndex(2, 1) with a.
30     28     9          65.0562    138.9771   113.6263   % 
UB: 138.97707774798926
branching on CartesianIndex(2, 1) with a.
31     29     9          66.8418    138.9771   107.9195   % 
UB: 138.97707774798926
branching on 3 with b.
32     30     9          66.8418    138.9771   107.9195   % 
solved nodes:  2653
  