Running 6 processes.
Start training seeds_843.seeds with seed 1.
Any[]
(7, 206)
(7, 103)
(7, 52)
(7, 51)
dimension: 7, class: 3
cart cost: 35.4642857142857
size of X: (7, 155)
ngroups: 6
UB: 32.52142857142857
Iter	left	lev	LB	UB	gap	
0      0      1          5.9928     32.5214    442.6757   % 
UB: 32.52142857142857
branching on 1 with d.
1      1      2          5.9928     32.5214    442.6757   % 
LB close or above UB, fathomed
2      0      2          5.9928     32.5214    442.6757   % 
UB: 32.52142857142857
branching on 2 with d.
3      1      3          5.9928     32.5214    442.6757   % 
UB: 32.52142857142857
branching on 3 with d.
4      2      3          5.9928     32.5214    442.6757   % 
UB: 32.52142857142857
branching on 3 with d.
5      3      4          6.0054     32.5214    441.5389   % 
UB: 32.52142857142857
branching on CartesianIndex(1, 1) with a.
6      4      4          6.0054     32.5214    441.5389   % 
UB: 32.52142857142857
branching on CartesianIndex(1, 1) with a.
7      5      5          6.0218     32.5214    440.0594   % 
UB: 29.578571428571426
branching on 1 with b.
8      6      5          6.0218     29.5786    391.1896   % 
UB: 29.578571428571426
branching on CartesianIndex(1, 2) with a.
9      7      6          6.0218     29.5786    391.1896   % 
UB: 29.578571428571426
branching on 1 with b.
10     8      7          6.0218     29.5786    391.1896   % 
UB: 29.578571428571426
branching on CartesianIndex(2, 2) with a.
11     9      8          6.0218     29.5786    391.1896   % 
UB: 29.578571428571426
branching on 1 with b.
12     10     9          6.0218     29.5786    391.1896   % 
UB: 23.692857142857143
branching on 2 with b.
13     11     9          6.0218     23.6929    293.4498   % 
UB: 23.692857142857143
branching on CartesianIndex(3, 2) with a.
14     12     10         6.0218     23.6929    293.4498   % 
UB: 23.692857142857143
branching on CartesianIndex(4, 2) with a.
15     13     11         6.0218     23.6929    293.4498   % 
UB: 23.692857142857143
branching on CartesianIndex(5, 2) with a.
16     14     12         6.0218     23.6929    293.4498   % 
UB: 23.692857142857143
branching on 2 with b.
17     15     13         6.0218     23.6929    293.4498   % 
UB: 23.692857142857143
branching on 3 with b.
18     16     14         6.0218     23.6929    293.4498   % 
UB: 23.692857142857143
branching on 1 with b.
19     17     14         6.0218     23.6929    293.4498   % 
UB: 23.692857142857143
branching on CartesianIndex(6, 2) with a.
20     18     15         6.0218     23.6929    293.4498   % 
UB: 23.692857142857143
branching on CartesianIndex(1, 3) with a.
21     19     15         6.0218     23.6929    293.4498   % 
UB: 23.692857142857143
branching on CartesianIndex(1, 3) with a.
22     20     13         6.0218     23.6929    293.4498   % 
LB close or above UB, fathomed
23     19     12         6.0218     23.6929    293.4498   % 
LB close or above UB, fathomed
24     18     11         6.0218     23.6929    293.4498   % 
UB: 23.692857142857143
branching on CartesianIndex(1, 3) with a.
25     19     10         6.0218     23.6929    293.4498   % 
LB close or above UB, fathomed
26     18     8          6.0218     23.6929    293.4498   % 
LB close or above UB, fathomed
27     17     7          6.0218     23.6929    293.4498   % 
LB close or above UB, fathomed
28     16     6          6.0218     23.6929    293.4498   % 
LB close or above UB, fathomed
29     15     6          6.0357     23.6929    292.5444   % 
UB: 23.692857142857143
branching on CartesianIndex(2, 1) with a.
30     16     7          6.0357     23.6929    292.5444   % 
UB: 23.692857142857143
branching on CartesianIndex(3, 1) with a.
31     17     7          6.0357     23.6929    292.5444   % 
UB: 23.692857142857143
branching on CartesianIndex(1, 2) with a.
32     18     8          6.0357     23.6929    292.5444   % 
UB: 23.692857142857143
branching on 1 with b.
33     19     9          6.0357     23.6929    292.5444   % 
UB: 23.692857142857143
branching on 2 with b.
34     20     9          6.0357     23.6929    292.5444   % 
UB: 23.692857142857143
branching on CartesianIndex(2, 2) with a.
35     21     10         6.0357     23.6929    292.5444   % 
UB: 23.692857142857143
branching on CartesianIndex(3, 2) with a.
36     22     11         6.0357     23.6929    292.5444   % 
UB: 23.692857142857143
branching on CartesianIndex(4, 2) with a.
37     23     12         6.0357     23.6929    292.5444   % 
UB: 23.692857142857143
branching on 2 with b.
38     24     13         6.0357     23.6929    292.5444   % 
UB: 23.692857142857143
branching on CartesianIndex(5, 2) with a.
39     25     14         6.0357     23.6929    292.5444   % 
UB: 23.692857142857143
branching on 3 with b.
40     26     15         6.0357     23.6929    292.5444   % 
UB: 23.692857142857143
branching on CartesianIndex(6, 2) with a.
41     27     15         6.0357     23.6929    292.5444   % 
UB: 23.692857142857143
branching on 1 with b.
42     28     16         6.0357     23.6929    292.5444   % 
UB: 23.692857142857143
branching on 2 with b.
43     29     17         6.0357     23.6929    292.5444   % 
UB: 23.692857142857143
branching on CartesianIndex(6, 2) with a.
44     30     17         6.0357     23.6929    292.5444   % 
UB: 23.692857142857143
branching on CartesianIndex(6, 2) with a.
45     31     16         6.0357     23.6929    292.5444   % 
UB: 23.692857142857143
branching on CartesianIndex(6, 2) with a.
46     32     14         6.0357     23.6929    292.5444   % 
LB close or above UB, fathomed
47     31     13         6.0357     23.6929    292.5444   % 
LB close or above UB, fathomed
48     30     12         6.0357     23.6929    292.5444   % 
UB: 23.692857142857143
branching on 2 with b.
49     31     11         6.0357     23.6929    292.5444   % 
LB close or above UB, fathomed
50     30     10         6.0357     23.6929    292.5444   % 
LB close or above UB, fathomed
51     29     8          6.0357     23.6929    292.5444   % 
LB close or above UB, fathomed
52     28     6          6.0357     23.6929    292.5444   % 
UB: 23.692857142857143
branching on CartesianIndex(2, 1) with a.
53     29     18         6.0357     23.6929    292.5444   % 
UB: 23.692857142857143
branching on CartesianIndex(1, 3) with a.
54     30     18         6.0357     23.6929    292.5444   % 
UB: 23.692857142857143
branching on CartesianIndex(1, 3) with a.
55     31     16         8.9647     23.6929    164.2911   % 
UB: 23.692857142857143
branching on CartesianIndex(2, 3) with a.
56     32     17         8.9647     23.6929    164.2911   % 
UB: 23.69285714285714
branching on CartesianIndex(3, 3) with a.
57     33     18         8.9647     23.6929    164.2911   % 
UB: 23.69285714285714
branching on CartesianIndex(4, 3) with a.
58     34     19         8.9647     23.6929    164.2911   % 
UB: 23.69285714285714
branching on CartesianIndex(5, 3) with a.
59     35     20         8.9647     23.6929    164.2911   % 
UB: 23.69285714285714
branching on CartesianIndex(6, 3) with a.
60     36     20         8.9647     23.6929    164.2911   % 
LB close or above UB, fathomed
61     35     19         8.9647     23.6929    164.2911   % 
LB close or above UB, fathomed
62     34     18         8.9647     23.6929    164.2911   % 
LB close or above UB, fathomed
63     33     17         8.9647     23.6929    164.2911   % 
UB: 23.69285714285714
branching on 1 with b.
64     34     16         8.9647     23.6929    164.2911   % 
LB close or above UB, fathomed
65     33     19         8.9786     23.6929    163.8823   % 
UB: 23.69285714285714
branching on 3 with b.
66     34     20         8.9786     23.6929    163.8823   % 
UB: 23.69285714285714
branching on CartesianIndex(2, 3) with a.
67     35     21         8.9786     23.6929    163.8823   % 
UB: 23.69285714285714
branching on CartesianIndex(3, 3) with a.
68     36     22         8.9786     23.6929    163.8823   % 
UB: 23.69285714285714
branching on 1 with b.
69     37     23         8.9786     23.6929    163.8823   % 
UB: 23.69285714285714
branching on CartesianIndex(4, 3) with a.
70     38     23         8.9786     23.6929    163.8823   % 
UB: 23.69285714285714
branching on CartesianIndex(4, 3) with a.
71     39     22         8.9786     23.6929    163.8823   % 
LB close or above UB, fathomed
72     38     21         8.9786     23.6929    163.8823   % 
UB: 23.69285714285714
branching on CartesianIndex(1, 4) with c.
73     39     20         8.9786     23.6929    163.8823   % 
LB close or above UB, fathomed
74     38     19         8.9786     23.6929    163.8823   % 
LB close or above UB, fathomed
75     37     24         8.9786     23.6929    163.8823   % 
UB: 23.69285714285714
branching on 2 with b.
76     38     25         8.9786     23.6929    163.8823   % 
UB: 23.69285714285714
branching on CartesianIndex(5, 3) with a.
77     39     25         8.9786     23.6929    163.8823   % 
UB: 23.69285714285714
branching on CartesianIndex(5, 3) with a.
78     40     24         8.9786     23.6929    163.8823   % 
LB close or above UB, fathomed
79     39     26         8.9786     23.6929    163.8823   % 
UB: 23.69285714285714
branching on 3 with b.
80     40     26         8.9786     23.6929    163.8823   % 
LB close or above UB, fathomed
81     39     21         11.9075    23.6929    98.9736    % 
UB: 23.69285714285714
branching on CartesianIndex(1, 4) with c.
82     40     22         11.9075    23.6929    98.9736    % 
LB close or above UB, fathomed
83     39     22         11.9075    23.6929    98.9736    % 
UB: 23.69285714285714
branching on 1 with b.
84     40     23         11.9075    23.6929    98.9736    % 
UB: 23.69285714285714
branching on CartesianIndex(1, 5) with c.
85     41     24         11.9075    23.6929    98.9736    % 
UB: 23.69285714285714
branching on CartesianIndex(2, 5) with c.
86     42     25         11.9075    23.6929    98.9736    % 
UB: 23.69285714285714
branching on CartesianIndex(1, 6) with c.
87     43     26         11.9075    23.6929    98.9736    % 
LB close or above UB, fathomed
88     42     26         11.9075    23.6929    98.9736    % 
UB: 23.69285714285714
branching on 2 with b.
89     43     27         11.9075    23.6929    98.9736    % 
UB: 23.69285714285714
branching on 3 with b.
90     44     28         11.9075    23.6929    98.9736    % 
UB: 23.69285714285714
branching on CartesianIndex(1, 7) with c.
91     45     29         11.9075    23.6929    98.9736    % 
UB: 23.69285714285714
branching on CartesianIndex(2, 7) with c.
92     46     30         11.9075    23.6929    98.9736    % 
LB close or above UB, fathomed
93     45     30         11.9075    23.6929    98.9736    % 
UB: 23.69285714285714
branching on 1 with b.
94     46     31         11.9075    23.6929    98.9736    % 
UB: 23.69285714285714
branching on 2 with b.
95     47     31         11.9075    23.6929    98.9736    % 
LB close or above UB, fathomed
96     46     29         11.9075    23.6929    98.9736    % 
LB close or above UB, fathomed
97     45     28         11.9075    23.6929    98.9736    % 
LB close or above UB, fathomed
98     44     27         11.9075    23.6929    98.9736    % 
LB close or above UB, fathomed
99     43     25         11.9075    23.6929    98.9736    % 
LB close or above UB, fathomed
100    42     24         11.9075    23.6929    98.9736    % 
LB close or above UB, fathomed
101    41     23         11.9075    23.6929    98.9736    % 
LB close or above UB, fathomed
102    40     21         11.9075    23.6929    98.9736    % 
LB close or above UB, fathomed
103    39     18         11.9214    23.6929    98.7418    % 
LB close or above UB, fathomed
104    38     18         11.9214    23.6929    98.7418    % 
UB: 23.69285714285714
branching on CartesianIndex(1, 3) with a.
105    39     19         11.9214    23.6929    98.7418    % 
UB: 23.69285714285714
branching on CartesianIndex(2, 3) with a.
106    40     20         11.9214    23.6929    98.7418    % 
UB: 23.69285714285714
branching on CartesianIndex(3, 3) with a.
107    41     21         11.9214    23.6929    98.7418    % 
UB: 23.69285714285714
branching on CartesianIndex(4, 3) with a.
108    42     22         11.9214    23.6929    98.7418    % 
UB: 23.69285714285714
branching on CartesianIndex(5, 3) with a.
109    43     23         11.9214    23.6929    98.7418    % 
UB: 23.69285714285714
branching on CartesianIndex(6, 3) with a.
110    44     23         11.9214    23.6929    98.7418    % 
LB close or above UB, fathomed
111    43     22         11.9214    23.6929    98.7418    % 
LB close or above UB, fathomed
112    42     21         11.9214    23.6929    98.7418    % 
LB close or above UB, fathomed
113    41     20         11.9214    23.6929    98.7418    % 
UB: 23.69285714285714
branching on CartesianIndex(1, 4) with c.
114    42     19         11.9214    23.6929    98.7418    % 
LB close or above UB, fathomed
115    41     8          11.9214    23.6929    98.7418    % 
UB: 23.69285714285714
branching on 1 with b.
116    42     9          11.9214    23.6929    98.7418    % 
LB close or above UB, fathomed
117    41     9          11.9214    23.6929    98.7418    % 
UB: 23.69285714285714
branching on 2 with b.
118    42     10         11.9214    23.6929    98.7418    % 
UB: 23.69285714285714
branching on 3 with b.
119    43     11         11.9214    23.6929    98.7418    % 
UB: 23.69285714285714
branching on CartesianIndex(4, 1) with a.
120    44     11         11.9214    23.6929    98.7418    % 
UB: 23.69285714285714
branching on CartesianIndex(4, 1) with a.
121    45     12         11.9214    23.6929    98.7418    % 
UB: 23.69285714285714
branching on CartesianIndex(5, 1) with a.
122    46     13         11.9214    23.6929    98.7418    % 
UB: 23.69285714285714
branching on 1 with b.
123    47     13         11.9214    23.6929    98.7418    % 
UB: 23.69285714285714
branching on CartesianIndex(1, 2) with a.
124    48     14         11.9214    23.6929    98.7418    % 
UB: 23.69285714285714
branching on 1 with b.
125    49     15         11.9214    23.6929    98.7418    % 
UB: 23.69285714285714
branching on 2 with b.
126    50     15         11.9214    23.6929    98.7418    % 
UB: 23.69285714285714
branching on 2 with b.
127    51     16         11.9214    23.6929    98.7418    % 
UB: 23.69285714285714
branching on CartesianIndex(2, 2) with a.
128    52     16         11.9214    23.6929    98.7418    % 
UB: 23.69285714285714
branching on 3 with b.
129    53     14         11.9214    23.6929    98.7418    % 
LB close or above UB, fathomed
130    52     12         11.9214    23.6929    98.7418    % 
UB: 23.69285714285714
branching on CartesianIndex(1, 2) with a.
131    53     13         11.9214    23.6929    98.7418    % 
UB: 23.69285714285714
branching on CartesianIndex(2, 2) with a.
132    54     14         11.9214    23.6929    98.7418    % 
UB: 23.69285714285714
branching on CartesianIndex(3, 2) with a.
133    55     14         11.9214    23.6929    98.7418    % 
LB close or above UB, fathomed
134    54     13         11.9214    23.6929    98.7418    % 
LB close or above UB, fathomed
135    53     10         11.9214    23.6929    98.7418    % 
LB close or above UB, fathomed
136    52     8          11.9214    23.6929    98.7418    % 
LB close or above UB, fathomed
137    51     10         11.9214    23.6929    98.7418    % 
UB: 23.69285714285714
branching on CartesianIndex(3, 2) with a.
138    52     11         11.9214    23.6929    98.7418    % 
UB: 23.69285714285714
branching on CartesianIndex(4, 2) with a.
139    53     12         11.9214    23.6929    98.7418    % 
UB: 23.69285714285714
branching on CartesianIndex(5, 2) with a.
140    54     13         11.9214    23.6929    98.7418    % 
UB: 23.69285714285714
branching on 3 with b.
141    55     14         11.9214    23.6929    98.7418    % 
UB: 23.69285714285714
branching on CartesianIndex(6, 2) with a.
142    56     14         11.9214    23.6929    98.7418    % 
UB: 23.69285714285714
branching on CartesianIndex(6, 2) with a.
143    57     15         11.9214    23.6929    98.7418    % 
UB: 23.69285714285714
branching on CartesianIndex(1, 3) with a.
144    58     15         11.9214    23.6929    98.7418    % 
UB: 23.69285714285714
branching on CartesianIndex(1, 3) with a.
145    59     13         11.9214    23.6929    98.7418    % 
LB close or above UB, fathomed
146    58     12         11.9214    23.6929    98.7418    % 
LB close or above UB, fathomed
147    57     11         11.9214    23.6929    98.7418    % 
LB close or above UB, fathomed
148    56     10         11.9214    23.6929    98.7418    % 
LB close or above UB, fathomed
149    55     32         11.9214    23.6929    98.7418    % 
UB: 23.69285714285714
branching on 3 with b.
150    56     32         11.9214    23.6929    98.7418    % 
UB: 23.69285714285714
branching on 3 with b.
151    57     33         11.9214    23.6929    98.7418    % 
UB: 23.69285714285714
branching on 1 with b.
152    58     33         11.9214    23.6929    98.7418    % 
LB close or above UB, fathomed
153    57     34         11.9214    23.6929    98.7418    % 
UB: 23.69285714285714
branching on 2 with b.
154    58     35         11.9214    23.6929    98.7418    % 
UB: 23.69285714285714
branching on 3 with b.
155    59     35         11.9214    23.6929    98.7418    % 
UB: 23.69285714285714
branching on 3 with b.
156    60     34         11.9214    23.6929    98.7418    % 
UB: 23.69285714285714
branching on 2 with b.
157    61     16         11.9214    23.6929    98.7418    % 
UB: 23.69285714285714
branching on CartesianIndex(2, 3) with a.
158    62     17         11.9214    23.6929    98.7418    % 
UB: 23.69285714285714
branching on CartesianIndex(3, 3) with a.
159    63     18         11.9214    23.6929    98.7418    % 
UB: 23.69285714285714
branching on 1 with b.
160    64     19         11.9214    23.6929    98.7418    % 
UB: 23.69285714285714
branching on 2 with b.
161    65     20         11.9214    23.6929    98.7418    % 
UB: 23.69285714285714
branching on CartesianIndex(4, 3) with a.
162    66     20         11.9214    23.6929    98.7418    % 
UB: 23.69285714285714
branching on CartesianIndex(4, 3) with a.
163    67     21         11.9214    23.6929    98.7418    % 
UB: 23.69285714285714
branching on CartesianIndex(5, 3) with a.
164    68     22         11.9214    23.6929    98.7418    % 
UB: 23.69285714285714
branching on CartesianIndex(6, 3) with a.
165    69     22         11.9214    23.6929    98.7418    % 
LB close or above UB, fathomed
166    68     21         11.9214    23.6929    98.7418    % 
LB close or above UB, fathomed
167    67     19         11.9214    23.6929    98.7418    % 
LB close or above UB, fathomed
168    66     18         11.9214    23.6929    98.7418    % 
LB close or above UB, fathomed
169    65     17         11.9214    23.6929    98.7418    % 
UB: 23.69285714285714
branching on CartesianIndex(1, 4) with c.
170    66     16         11.9214    23.6929    98.7418    % 
LB close or above UB, fathomed
171    65     27         11.9214    23.6929    98.7418    % 
UB: 23.69285714285714
branching on CartesianIndex(6, 3) with a.
172    66     27         11.9214    23.6929    98.7418    % 
LB close or above UB, fathomed
173    65     28         11.9214    23.6929    98.7418    % 
UB: 23.69285714285714
branching on CartesianIndex(1, 4) with c.
174    66     28         11.9214    23.6929    98.7418    % 
LB close or above UB, fathomed
175    65     29         11.9214    23.6929    98.7418    % 
LB close or above UB, fathomed
176    64     29         11.9214    23.6929    98.7418    % 
UB: 23.69285714285714
branching on CartesianIndex(1, 5) with c.
177    65     30         11.9214    23.6929    98.7418    % 
UB: 23.69285714285714
branching on CartesianIndex(2, 5) with c.
178    66     31         11.9214    23.6929    98.7418    % 
UB: 23.69285714285714
branching on CartesianIndex(1, 6) with c.
179    67     32         11.9214    23.6929    98.7418    % 
LB close or above UB, fathomed
180    66     32         11.9214    23.6929    98.7418    % 
UB: 23.69285714285714
branching on CartesianIndex(1, 7) with c.
181    67     33         11.9214    23.6929    98.7418    % 
UB: 23.69285714285714
branching on CartesianIndex(2, 7) with c.
182    68     34         11.9214    23.6929    98.7418    % 
LB close or above UB, fathomed
183    67     34         11.9214    23.6929    98.7418    % 
UB: 23.69285714285714
branching on 1 with b.
184    68     35         11.9214    23.6929    98.7418    % 
UB: 23.69285714285714
branching on 2 with b.
185    69     35         11.9214    23.6929    98.7418    % 
UB: 23.69285714285714
branching on 2 with b.
186    70     33         11.9214    23.6929    98.7418    % 
LB close or above UB, fathomed
187    69     31         11.9214    23.6929    98.7418    % 
LB close or above UB, fathomed
188    68     30         11.9214    23.6929    98.7418    % 
LB close or above UB, fathomed
189    67     36         14.8643    23.6929    59.3945    % 
UB: 20.75
branching on 1 with b.
190    68     37         14.8643    20.7500    39.5963    % 
UB: 20.75
branching on 2 with b.
191    59     38         14.8643    20.7500    39.5963    % 
UB: 20.749999999999996
branching on 3 with b.
192    60     39         14.8643    20.7500    39.5963    % 
UB: 20.749999999999996
branching on 1 with b.
193    61     39         14.8643    20.7500    39.5963    % 
UB: 20.749999999999996
branching on 1 with b.
194    62     40         14.8643    20.7500    39.5963    % 
LB close or above UB, fathomed
195    61     40         14.8643    20.7500    39.5963    % 
UB: 20.749999999999996
branching on 2 with b.
196    62     38         14.8643    20.7500    39.5963    % 
UB: 20.749999999999996
branching on 3 with b.
197    63     39         14.8643    20.7500    39.5963    % 
UB: 20.749999999999996
branching on 1 with b.
198    64     39         14.8643    20.7500    39.5963    % 
UB: 20.749999999999996
branching on 1 with b.
199    65     40         14.8643    20.7500    39.5963    % 
LB close or above UB, fathomed
200    64     40         14.8643    20.7500    39.5963    % 
UB: 20.749999999999996
branching on 2 with b.
201    65     37         14.8643    20.7500    39.5963    % 
UB: 17.807142857142853
branching on 2 with b.
202    66     36         14.8643    17.8071    19.7982    % 
UB: 17.807142857142853
branching on 1 with b.
203    33     37         14.8643    17.8071    19.7982    % 
UB: 17.807142857142853
branching on 2 with b.
204    34     38         14.8643    17.8071    19.7982    % 
UB: 17.807142857142853
branching on 3 with b.
205    35     39         14.8643    17.8071    19.7982    % 
UB: 17.807142857142853
branching on 1 with b.
206    36     40         14.8643    17.8071    19.7982    % 
LB close or above UB, fathomed
207    35     40         14.8643    17.8071    19.7982    % 
LB close or above UB, fathomed
208    34     39         14.8643    17.8071    19.7982    % 
LB close or above UB, fathomed
209    33     38         14.8643    17.8071    19.7982    % 
UB: 17.807142857142853
branching on 3 with b.
210    34     39         14.8643    17.8071    19.7982    % 
UB: 17.807142857142853
branching on 1 with b.
211    35     40         14.8643    17.8071    19.7982    % 
LB close or above UB, fathomed
212    34     40         14.8643    17.8071    19.7982    % 
LB close or above UB, fathomed
213    33     39         14.8643    17.8071    19.7982    % 
LB close or above UB, fathomed
214    32     37         14.8643    17.8071    19.7982    % 
LB close or above UB, fathomed
215    31     16         14.8643    17.8071    19.7982    % 
UB: 17.807142857142853
branching on 1 with b.
216    32     17         14.8643    17.8071    19.7982    % 
LB close or above UB, fathomed
217    31     17         14.8643    17.8071    19.7982    % 
UB: 17.807142857142853
branching on 2 with b.
218    32     18         14.8643    17.8071    19.7982    % 
UB: 17.807142857142853
branching on CartesianIndex(2, 3) with a.
219    33     19         14.8643    17.8071    19.7982    % 
UB: 17.807142857142853
branching on CartesianIndex(3, 3) with a.
220    34     19         14.8643    17.8071    19.7982    % 
LB close or above UB, fathomed
221    33     18         14.8643    17.8071    19.7982    % 
LB close or above UB, fathomed
222    32     16         14.8643    17.8071    19.7982    % 
LB close or above UB, fathomed
223    31     15         14.8643    17.8071    19.7982    % 
LB close or above UB, fathomed
224    30     15         14.8643    17.8071    19.7982    % 
LB close or above UB, fathomed
225    29     17         14.8643    17.8071    19.7982    % 
UB: 17.807142857142853
branching on 1 with b.
226    30     18         14.8643    17.8071    19.7982    % 
LB close or above UB, fathomed
227    29     18         14.8643    17.8071    19.7982    % 
UB: 17.807142857142853
branching on 2 with b.
228    30     19         14.8643    17.8071    19.7982    % 
LB close or above UB, fathomed
229    29     19         14.8643    17.8071    19.7982    % 
LB close or above UB, fathomed
230    28     17         14.8643    17.8071    19.7982    % 
LB close or above UB, fathomed
231    27     16         14.8643    17.8071    19.7982    % 
UB: 17.807142857142853
branching on CartesianIndex(2, 2) with a.
232    28     17         14.8643    17.8071    19.7982    % 
UB: 17.807142857142853
branching on CartesianIndex(3, 2) with a.
233    29     18         14.8643    17.8071    19.7982    % 
UB: 17.807142857142853
branching on 3 with b.
234    30     19         14.8643    17.8071    19.7982    % 
UB: 17.807142857142853
branching on CartesianIndex(4, 2) with a.
235    31     20         14.8643    17.8071    19.7982    % 
UB: 17.807142857142853
branching on CartesianIndex(5, 2) with a.
236    32     21         14.8643    17.8071    19.7982    % 
UB: 17.807142857142853
branching on CartesianIndex(6, 2) with a.
237    33     21         14.8643    17.8071    19.7982    % 
LB close or above UB, fathomed
238    32     20         14.8643    17.8071    19.7982    % 
LB close or above UB, fathomed
239    31     19         14.8643    17.8071    19.7982    % 
LB close or above UB, fathomed
240    30     18         14.8643    17.8071    19.7982    % 
LB close or above UB, fathomed
241    29     17         14.8643    17.8071    19.7982    % 
LB close or above UB, fathomed
242    28     16         14.8643    17.8071    19.7982    % 
LB close or above UB, fathomed
243    27     14         14.8643    17.8071    19.7982    % 
LB close or above UB, fathomed
244    26     14         14.8643    17.8071    19.7982    % 
UB: 17.807142857142853
branching on CartesianIndex(6, 1) with a.
245    27     15         14.8643    17.8071    19.7982    % 
LB close or above UB, fathomed
246    26     15         14.8643    17.8071    19.7982    % 
LB close or above UB, fathomed
247    25     18         14.8643    17.8071    19.7982    % 
UB: 17.807142857142853
branching on 2 with b.
248    26     19         14.8643    17.8071    19.7982    % 
UB: 17.807142857142853
branching on CartesianIndex(1, 4) with c.
249    27     19         14.8643    17.8071    19.7982    % 
LB close or above UB, fathomed
250    26     18         14.8643    17.8071    19.7982    % 
LB close or above UB, fathomed
251    25     7          14.8643    17.8071    19.7982    % 
UB: 17.807142857142853
branching on 1 with b.
252    26     8          14.8643    17.8071    19.7982    % 
UB: 17.807142857142853
branching on CartesianIndex(3, 1) with a.
253    27     9          14.8643    17.8071    19.7982    % 
UB: 17.807142857142853
branching on 2 with b.
254    28     10         14.8643    17.8071    19.7982    % 
UB: 17.807142857142853
branching on 3 with b.
255    29     11         14.8643    17.8071    19.7982    % 
UB: 17.807142857142853
branching on CartesianIndex(4, 1) with a.
256    30     12         14.8643    17.8071    19.7982    % 
UB: 17.807142857142853
branching on 1 with b.
257    31     13         14.8643    17.8071    19.7982    % 
LB close or above UB, fathomed
258    30     13         14.8643    17.8071    19.7982    % 
LB close or above UB, fathomed
259    29     12         14.8643    17.8071    19.7982    % 
LB close or above UB, fathomed
260    28     11         14.8643    17.8071    19.7982    % 
UB: 17.807142857142853
branching on CartesianIndex(4, 1) with a.
261    29     12         14.8643    17.8071    19.7982    % 
UB: 17.807142857142853
branching on CartesianIndex(5, 1) with a.
262    30     13         14.8643    17.8071    19.7982    % 
LB close or above UB, fathomed
263    29     13         14.8643    17.8071    19.7982    % 
LB close or above UB, fathomed
264    28     12         14.8643    17.8071    19.7982    % 
LB close or above UB, fathomed
265    27     10         14.8643    17.8071    19.7982    % 
LB close or above UB, fathomed
266    26     9          14.8643    17.8071    19.7982    % 
LB close or above UB, fathomed
267    25     8          14.8643    17.8071    19.7982    % 
LB close or above UB, fathomed
268    24     7          14.8643    17.8071    19.7982    % 
UB: 17.807142857142853
branching on 1 with b.
269    25     8          14.8643    17.8071    19.7982    % 
UB: 17.807142857142853
branching on 2 with b.
270    26     9          14.8643    17.8071    19.7982    % 
LB close or above UB, fathomed
271    25     9          14.8643    17.8071    19.7982    % 
LB close or above UB, fathomed
272    24     8          14.8643    17.8071    19.7982    % 
LB close or above UB, fathomed
273    23     16         14.8643    17.8071    19.7982    % 
LB close or above UB, fathomed
274    22     16         14.8643    17.8071    19.7982    % 
LB close or above UB, fathomed
275    21     10         14.8643    17.8071    19.7982    % 
UB: 17.807142857142853
branching on CartesianIndex(2, 2) with a.
276    22     11         14.8643    17.8071    19.7982    % 
UB: 17.807142857142853
branching on CartesianIndex(3, 2) with a.
277    23     12         14.8643    17.8071    19.7982    % 
UB: 17.807142857142853
branching on 3 with b.
278    24     13         14.8643    17.8071    19.7982    % 
LB close or above UB, fathomed
279    23     13         14.8643    17.8071    19.7982    % 
UB: 17.807142857142853
branching on CartesianIndex(4, 2) with a.
280    24     12         14.8643    17.8071    19.7982    % 
LB close or above UB, fathomed
281    23     11         14.8643    17.8071    19.7982    % 
LB close or above UB, fathomed
282    22     10         14.8643    17.8071    19.7982    % 
LB close or above UB, fathomed
283    21     15         14.8643    17.8071    19.7982    % 
UB: 17.807142857142853
branching on CartesianIndex(6, 2) with a.
284    22     16         14.8643    17.8071    19.7982    % 
LB close or above UB, fathomed
285    21     16         14.8643    17.8071    19.7982    % 
LB close or above UB, fathomed
286    20     15         14.8643    17.8071    19.7982    % 
LB close or above UB, fathomed
287    19     14         14.8643    17.8071    19.7982    % 
UB: 17.807142857142853
branching on CartesianIndex(5, 2) with a.
288    20     15         14.8643    17.8071    19.7982    % 
UB: 17.807142857142853
branching on CartesianIndex(6, 2) with a.
289    21     16         14.8643    17.8071    19.7982    % 
LB close or above UB, fathomed
290    20     16         14.8643    17.8071    19.7982    % 
LB close or above UB, fathomed
291    19     15         14.8643    17.8071    19.7982    % 
LB close or above UB, fathomed
292    18     14         14.8643    17.8071    19.7982    % 
LB close or above UB, fathomed
293    17     20         14.8643    17.8071    19.7982    % 
LB close or above UB, fathomed
294    16     20         14.8643    17.8071    19.7982    % 
UB: 17.807142857142853
branching on CartesianIndex(1, 5) with c.
295    17     21         14.8643    17.8071    19.7982    % 
UB: 17.807142857142853
branching on CartesianIndex(2, 5) with c.
296    18     22         14.8643    17.8071    19.7982    % 
UB: 17.807142857142853
branching on CartesianIndex(1, 6) with c.
297    19     23         14.8643    17.8071    19.7982    % 
LB close or above UB, fathomed
298    18     23         14.8643    17.8071    19.7982    % 
UB: 17.807142857142853
branching on CartesianIndex(1, 7) with c.
299    19     24         14.8643    17.8071    19.7982    % 
UB: 17.807142857142853
branching on 3 with b.
300    20     25         14.8643    17.8071    19.7982    % 
UB: 17.807142857142853
branching on CartesianIndex(2, 7) with c.
301    21     26         14.8643    17.8071    19.7982    % 
LB close or above UB, fathomed
302    20     26         14.8643    17.8071    19.7982    % 
UB: 17.807142857142853
branching on 1 with b.
303    21     27         14.8643    17.8071    19.7982    % 
UB: 17.807142857142853
branching on 2 with b.
304    22     28         14.8643    17.8071    19.7982    % 
LB close or above UB, fathomed
305    21     28         14.8643    17.8071    19.7982    % 
UB: 17.807142857142853
branching on 3 with b.
306    22     29         14.8643    17.8071    19.7982    % 
UB: 17.807142857142853
branching on 1 with b.
307    23     30         14.8643    17.8071    19.7982    % 
UB: 17.807142857142853
branching on 2 with b.
308    24     31         14.8643    17.8071    19.7982    % 
LB close or above UB, fathomed
309    23     31         14.8643    17.8071    19.7982    % 
LB close or above UB, fathomed
310    22     30         14.8643    17.8071    19.7982    % 
LB close or above UB, fathomed
311    21     29         14.8643    17.8071    19.7982    % 
LB close or above UB, fathomed
312    20     27         14.8643    17.8071    19.7982    % 
LB close or above UB, fathomed
313    19     25         14.8643    17.8071    19.7982    % 
LB close or above UB, fathomed
314    18     24         14.8643    17.8071    19.7982    % 
LB close or above UB, fathomed
315    17     22         14.8643    17.8071    19.7982    % 
LB close or above UB, fathomed
316    16     21         14.8643    17.8071    19.7982    % 
LB close or above UB, fathomed
317    15     22         14.8643    17.8071    19.7982    % 
LB close or above UB, fathomed
318    14     22         14.8643    17.8071    19.7982    % 
LB close or above UB, fathomed
319    13     20         14.8643    17.8071    19.7982    % 
UB: 17.807142857142853
branching on CartesianIndex(4, 3) with a.
320    14     21         14.8643    17.8071    19.7982    % 
UB: 17.807142857142853
branching on CartesianIndex(5, 3) with a.
321    15     22         14.8643    17.8071    19.7982    % 
LB close or above UB, fathomed
322    14     22         14.8643    17.8071    19.7982    % 
LB close or above UB, fathomed
323    13     21         14.8643    17.8071    19.7982    % 
LB close or above UB, fathomed
324    12     20         14.8643    17.8071    19.7982    % 
LB close or above UB, fathomed
325    11     24         14.8643    17.8071    19.7982    % 
UB: 17.807142857142853
branching on CartesianIndex(1, 4) with c.
326    12     25         14.8643    17.8071    19.7982    % 
LB close or above UB, fathomed
327    11     25         14.8643    17.8071    19.7982    % 
UB: 17.807142857142853
branching on CartesianIndex(1, 5) with c.
328    12     24         14.8643    17.8071    19.7982    % 
LB close or above UB, fathomed
329    11     26         14.8643    17.8071    19.7982    % 
UB: 17.807142857142853
branching on 3 with b.
330    12     27         14.8643    17.8071    19.7982    % 
UB: 17.807142857142853
branching on CartesianIndex(2, 5) with c.
331    13     27         14.8643    17.8071    19.7982    % 
LB close or above UB, fathomed
332    12     26         14.8643    17.8071    19.7982    % 
LB close or above UB, fathomed
333    11     28         14.8643    17.8071    19.7982    % 
UB: 17.807142857142853
branching on CartesianIndex(1, 6) with c.
334    12     29         14.8643    17.8071    19.7982    % 
LB close or above UB, fathomed
335    11     29         14.8643    17.8071    19.7982    % 
UB: 17.807142857142853
branching on CartesianIndex(1, 7) with c.
336    12     30         14.8643    17.8071    19.7982    % 
UB: 17.807142857142853
branching on CartesianIndex(2, 7) with c.
337    13     31         14.8643    17.8071    19.7982    % 
LB close or above UB, fathomed
338    12     31         14.8643    17.8071    19.7982    % 
UB: 17.807142857142853
branching on 1 with b.
339    13     32         14.8643    17.8071    19.7982    % 
UB: 17.807142857142853
branching on 2 with b.
340    14     33         14.8643    17.8071    19.7982    % 
UB: 17.807142857142853
branching on 3 with b.
341    15     34         14.8643    17.8071    19.7982    % 
UB: 17.807142857142853
branching on 1 with b.
342    16     35         14.8643    17.8071    19.7982    % 
LB close or above UB, fathomed
343    15     35         14.8643    17.8071    19.7982    % 
UB: 17.807142857142853
branching on 2 with b.
344    16     36         14.8643    17.8071    19.7982    % 
LB close or above UB, fathomed
345    15     36         14.8643    17.8071    19.7982    % 
LB close or above UB, fathomed
346    14     34         14.8643    17.8071    19.7982    % 
LB close or above UB, fathomed
347    13     33         14.8643    17.8071    19.7982    % 
LB close or above UB, fathomed
348    12     32         14.8643    17.8071    19.7982    % 
LB close or above UB, fathomed
349    11     30         14.8643    17.8071    19.7982    % 
LB close or above UB, fathomed
350    10     28         14.8643    17.8071    19.7982    % 
LB close or above UB, fathomed
351    9      23         14.8643    17.8071    19.7982    % 
UB: 17.807142857142853
branching on CartesianIndex(1, 4) with c.
352    10     24         14.8643    17.8071    19.7982    % 
LB close or above UB, fathomed
353    9      24         14.8643    17.8071    19.7982    % 
UB: 17.807142857142853
branching on 3 with b.
354    10     23         14.8643    17.8071    19.7982    % 
LB close or above UB, fathomed
355    9      19         14.8643    17.8071    19.7982    % 
UB: 17.807142857142853
branching on CartesianIndex(2, 3) with a.
356    10     20         14.8643    17.8071    19.7982    % 
UB: 17.807142857142853
branching on CartesianIndex(3, 3) with a.
357    11     21         14.8643    17.8071    19.7982    % 
UB: 17.807142857142853
branching on CartesianIndex(4, 3) with a.
358    12     22         14.8643    17.8071    19.7982    % 
UB: 17.807142857142853
branching on CartesianIndex(5, 3) with a.
359    13     23         14.8643    17.8071    19.7982    % 
LB close or above UB, fathomed
360    12     23         14.8643    17.8071    19.7982    % 
LB close or above UB, fathomed
361    11     22         14.8643    17.8071    19.7982    % 
LB close or above UB, fathomed
362    10     21         14.8643    17.8071    19.7982    % 
LB close or above UB, fathomed
363    9      20         14.8643    17.8071    19.7982    % 
LB close or above UB, fathomed
364    8      19         14.8643    17.8071    19.7982    % 
LB close or above UB, fathomed
365    7      21         14.8643    17.8071    19.7982    % 
UB: 17.807142857142853
branching on 3 with b.
366    8      22         14.8643    17.8071    19.7982    % 
UB: 17.807142857142853
branching on 1 with b.
367    9      23         14.8643    17.8071    19.7982    % 
UB: 17.807142857142853
branching on CartesianIndex(5, 3) with a.
368    10     23         14.8643    17.8071    19.7982    % 
LB close or above UB, fathomed
369    9      22         14.8643    17.8071    19.7982    % 
LB close or above UB, fathomed
370    8      21         14.8643    17.8071    19.7982    % 
LB close or above UB, fathomed
371    7      24         14.8643    17.8071    19.7982    % 
LB close or above UB, fathomed
372    6      24         14.8643    17.8071    19.7982    % 
LB close or above UB, fathomed
373    5      25         14.8643    17.8071    19.7982    % 
UB: 17.807142857142853
branching on CartesianIndex(1, 5) with c.
374    6      26         14.8643    17.8071    19.7982    % 
UB: 17.807142857142853
branching on CartesianIndex(2, 5) with c.
375    7      27         14.8643    17.8071    19.7982    % 
UB: 17.807142857142853
branching on CartesianIndex(1, 6) with c.
376    8      28         14.8643    17.8071    19.7982    % 
LB close or above UB, fathomed
377    7      28         14.8643    17.8071    19.7982    % 
UB: 17.807142857142853
branching on CartesianIndex(1, 7) with c.
378    8      29         14.8643    17.8071    19.7982    % 
UB: 17.807142857142853
branching on CartesianIndex(2, 7) with c.
379    9      30         14.8643    17.8071    19.7982    % 
LB close or above UB, fathomed
380    8      30         14.8643    17.8071    19.7982    % 
UB: 17.807142857142853
branching on 1 with b.
381    9      31         14.8643    17.8071    19.7982    % 
UB: 17.807142857142853
branching on 2 with b.
382    10     32         14.8643    17.8071    19.7982    % 
UB: 17.807142857142853
branching on 3 with b.
383    11     33         14.8643    17.8071    19.7982    % 
UB: 17.807142857142853
branching on 1 with b.
384    12     34         14.8643    17.8071    19.7982    % 
UB: 17.807142857142853
branching on 2 with b.
385    13     35         14.8643    17.8071    19.7982    % 
LB close or above UB, fathomed
386    12     35         14.8643    17.8071    19.7982    % 
LB close or above UB, fathomed
387    11     34         14.8643    17.8071    19.7982    % 
LB close or above UB, fathomed
388    10     33         14.8643    17.8071    19.7982    % 
LB close or above UB, fathomed
389    9      32         14.8643    17.8071    19.7982    % 
LB close or above UB, fathomed
390    8      31         14.8643    17.8071    19.7982    % 
LB close or above UB, fathomed
391    7      29         14.8643    17.8071    19.7982    % 
LB close or above UB, fathomed
392    6      27         14.8643    17.8071    19.7982    % 
LB close or above UB, fathomed
393    5      26         14.8643    17.8071    19.7982    % 
LB close or above UB, fathomed
394    4      25         14.8643    17.8071    19.7982    % 
LB close or above UB, fathomed
395    3      26         14.8643    17.8071    19.7982    % 
LB close or above UB, fathomed
396    2      26         14.8643    17.8071    19.7982    % 
LB close or above UB, fathomed
397    1      22         14.8643    17.8071    19.7982    % 
LB close or above UB, fathomed
398    0      22         14.8643    17.8071    19.7982    % 
UB: 17.807142857142853
branching on CartesianIndex(1, 5) with c.
399    1      23         14.8643    17.8071    19.7982    % 
UB: 17.807142857142853
branching on CartesianIndex(2, 5) with c.
400    2      24         14.8643    17.8071    19.7982    % 
UB: 17.807142857142853
branching on CartesianIndex(1, 6) with c.
401    3      25         14.8643    17.8071    19.7982    % 
LB close or above UB, fathomed
402    2      25         14.8643    17.8071    19.7982    % 
UB: 17.807142857142853
branching on CartesianIndex(1, 7) with c.
403    3      26         14.8643    17.8071    19.7982    % 
UB: 17.807142857142853
branching on CartesianIndex(2, 7) with c.
404    4      27         14.8643    17.8071    19.7982    % 
LB close or above UB, fathomed
405    3      27         14.8643    17.8071    19.7982    % 
UB: 17.807142857142853
branching on 1 with b.
406    4      28         14.8643    17.8071    19.7982    % 
UB: 17.807142857142853
branching on 2 with b.
407    5      29         14.8643    17.8071    19.7982    % 
LB close or above UB, fathomed
408    4      29         14.8643    17.8071    19.7982    % 
UB: 17.807142857142853
branching on 3 with b.
409    5      30         14.8643    17.8071    19.7982    % 
UB: 17.807142857142853
branching on 1 with b.
410    6      31         14.8643    17.8071    19.7982    % 
LB close or above UB, fathomed
411    5      31         14.8643    17.8071    19.7982    % 
LB close or above UB, fathomed
412    4      30         14.8643    17.8071    19.7982    % 
LB close or above UB, fathomed
413    3      28         14.8643    17.8071    19.7982    % 
LB close or above UB, fathomed
414    2      26         14.8643    17.8071    19.7982    % 
LB close or above UB, fathomed
415    1      24         14.8643    17.8071    19.7982    % 
LB close or above UB, fathomed
416    0      23         14.8643    17.8071    19.7982    % 
LB close or above UB, fathomed
all node solved
solved nodes:  417
417                                                   1.7807e+01     1.7807e+01     0.0000  % 
7×3 Matrix{Float64}:
 0.0  1.0  0.0
 0.0  0.0  1.0
 0.0  0.0  0.0
 0.0  0.0  0.0
 0.0  0.0  0.0
 0.0  0.0  0.0
 1.0  0.0  0.0
3-element Vector{Float64}:
 0.5504652312404312
 0.2700668348268265
 0.6229639500485835
3×7 Matrix{Float64}:
 0.0  0.0  0.0  0.0  1.0  0.0  0.0
 0.0  0.0  0.0  0.0  0.0  1.0  1.0
 0.0  0.0  0.0  1.0  0.0  0.0  0.0
3-element Vector{Float64}:
 1.0
 1.0
 1.0
7×3 Matrix{Float64}:
 1.0  0.0  0.0
 0.0  0.0  0.0
 0.0  0.0  0.0
 0.0  0.0  0.0
 0.0  0.0  0.0
 0.0  0.0  0.0
 0.0  1.0  1.0
3-element Vector{Float64}:
 0.2667713492885827
 0.14682759309732413
 0.5436766677307168
3×7 Matrix{Float64}:
 0.0  0.0  0.0  1.0  0.0  1.0  0.0
 0.0  0.0  0.0  0.0  0.0  0.0  1.0
 0.0  0.0  0.0  0.0  1.0  0.0  0.0
3-element Vector{Float64}:
 1.0
 1.0
 1.0
comparison (CRT and Glb)on prediction: Dict{Bool, Int64}(0 => 4, 1 => 47)
Dataname	 time	 objv	 lb	 gap	 train_w	 train_g	 test_w	 test_g
seeds_843.seeds	 77.07	 17.807142857142853	 17.807	 0.0	 92.258	 96.129	 90.196	 90.196
