Running 6 processes.
Start training seeds_226.seeds with seed 1.
Any[]
(7, 206)
(7, 102)
(7, 51)
(7, 53)
dimension: 7, class: 3
cart cost: 41.947101449275365
size of X: (7, 153)
ngroups: 6
UB: 27.019565217391303
Iter	left	lev	LB	UB	gap	
0      0      1          3.1219     27.0196    765.4940   % 
UB: 27.019565217391303
branching on 1 with d.
1      1      2          3.1219     27.0196    765.4940   % 
LB close or above UB, fathomed
2      0      2          3.1219     27.0196    765.4940   % 
UB: 27.019565217391303
branching on 2 with d.
3      1      3          3.1219     27.0196    765.4940   % 
UB: 27.019565217391303
branching on 3 with d.
4      2      3          3.1219     27.0196    765.4940   % 
UB: 27.019565217391303
branching on 3 with d.
5      3      4          3.1219     27.0196    765.4940   % 
UB: 27.019565217391303
branching on CartesianIndex(1, 1) with a.
6      4      4          3.1219     27.0196    765.4940   % 
UB: 27.019565217391303
branching on CartesianIndex(1, 1) with a.
7      5      5          3.1219     27.0196    765.4940   % 
UB: 27.019565217391303
branching on 1 with b.
8      6      5          3.1219     27.0196    765.4940   % 
UB: 27.019565217391303
branching on CartesianIndex(1, 2) with a.
9      7      6          3.1220     27.0196    765.4631   % 
UB: 27.019565217391303
branching on 1 with b.
10     8      7          3.1220     27.0196    765.4631   % 
LB close or above UB, fathomed
11     7      7          3.1220     27.0196    765.4631   % 
UB: 27.019565217391303
branching on 2 with b.
12     8      8          3.1220     27.0196    765.4631   % 
UB: 27.019565217391303
branching on 3 with b.
13     9      9          3.1220     27.0196    765.4631   % 
UB: 27.019565217391303
branching on CartesianIndex(2, 1) with a.
14     10     9          3.1220     27.0196    765.4631   % 
UB: 27.019565217391303
branching on CartesianIndex(2, 1) with a.
15     11     8          3.1220     27.0196    765.4631   % 
UB: 27.019565217391303
branching on CartesianIndex(2, 1) with a.
16     12     6          3.1220     27.0196    765.4631   % 
UB: 27.019565217391303
branching on 1 with b.
17     13     10         6.1075     27.0196    342.4008   % 
UB: 27.019565217391303
branching on 1 with b.
18     14     10         6.1075     27.0196    342.4008   % 
UB: 27.019565217391303
branching on 1 with b.
19     15     6          6.1209     27.0196    341.4310   % 
UB: 27.019565217391303
branching on CartesianIndex(2, 2) with a.
20     16     6          6.1209     27.0196    341.4310   % 
UB: 27.019565217391303
branching on 1 with b.
21     17     11         6.1210     27.0196    341.4230   % 
UB: 27.019565217391303
branching on CartesianIndex(3, 1) with a.
22     18     11         6.1210     27.0196    341.4230   % 
UB: 27.019565217391303
branching on CartesianIndex(3, 1) with a.
23     19     10         6.1210     27.0196    341.4230   % 
UB: 27.019565217391303
branching on CartesianIndex(3, 1) with a.
24     20     10         6.1210     27.0196    341.4230   % 
UB: 27.019565217391303
branching on CartesianIndex(1, 2) with a.
25     21     11         9.0930     27.0196    197.1471   % 
UB: 27.019565217391303
branching on CartesianIndex(1, 2) with a.
26     22     12         9.0930     27.0196    197.1471   % 
UB: 27.019565217391303
branching on 2 with b.
27     23     12         9.0930     27.0196    197.1471   % 
LB close or above UB, fathomed
28     22     11         9.0930     27.0196    197.1471   % 
UB: 27.019565217391303
branching on 2 with b.
29     23     7          9.1064     27.0196    196.7093   % 
UB: 27.019565217391303
branching on CartesianIndex(3, 2) with a.
30     24     8          9.1064     27.0196    196.7093   % 
UB: 27.019565217391303
branching on CartesianIndex(4, 2) with a.
31     25     9          9.1064     27.0196    196.7093   % 
UB: 27.019565217391303
branching on CartesianIndex(5, 2) with a.
32     26     10         9.1064     27.0196    196.7093   % 
UB: 27.019565217391303
branching on 1 with b.
33     27     11         9.1064     27.0196    196.7093   % 
UB: 27.019565217391303
branching on 1 with b.
34     28     12         9.1064     27.0196    196.7093   % 
UB: 27.019565217391303
branching on CartesianIndex(6, 2) with a.
35     29     12         9.1064     27.0196    196.7093   % 
UB: 27.019565217391303
branching on CartesianIndex(6, 2) with a.
36     30     11         9.1064     27.0196    196.7093   % 
LB close or above UB, fathomed
37     29     10         9.1064     27.0196    196.7093   % 
UB: 27.019565217391303
branching on 1 with b.
38     30     9          9.1064     27.0196    196.7093   % 
UB: 27.019565217391303
branching on CartesianIndex(1, 3) with a.
39     31     8          9.1064     27.0196    196.7093   % 
UB: 27.019565217391303
branching on 1 with b.
40     32     7          9.1064     27.0196    196.7093   % 
UB: 27.019565217391303
branching on CartesianIndex(1, 3) with a.
41     33     13         9.1065     27.0196    196.7057   % 
UB: 27.019565217391303
branching on 2 with b.
42     34     14         9.1065     27.0196    196.7057   % 
UB: 27.019565217391303
branching on 3 with b.
43     35     15         9.1065     27.0196    196.7057   % 
UB: 27.019565217391303
branching on CartesianIndex(1, 3) with a.
44     36     16         9.1065     27.0196    196.7057   % 
UB: 27.019565217391303
branching on CartesianIndex(2, 3) with a.
45     37     16         9.1065     27.0196    196.7057   % 
LB close or above UB, fathomed
46     36     15         9.1065     27.0196    196.7057   % 
UB: 27.019565217391303
branching on CartesianIndex(1, 3) with a.
47     37     16         9.1065     27.0196    196.7057   % 
UB: 27.019565217391303
branching on CartesianIndex(2, 3) with a.
48     38     17         9.1065     27.0196    196.7057   % 
UB: 27.019565217391303
branching on 1 with b.
49     39     18         9.1065     27.0196    196.7057   % 
UB: 27.019565217391303
branching on CartesianIndex(3, 3) with a.
50     40     19         9.1065     27.0196    196.7057   % 
UB: 27.019565217391303
branching on CartesianIndex(4, 3) with a.
51     41     20         9.1065     27.0196    196.7057   % 
UB: 27.019565217391303
branching on CartesianIndex(5, 3) with a.
52     42     21         9.1065     27.0196    196.7057   % 
UB: 27.019565217391303
branching on CartesianIndex(6, 3) with a.
53     43     21         9.1065     27.0196    196.7057   % 
LB close or above UB, fathomed
54     42     20         9.1065     27.0196    196.7057   % 
UB: 27.019565217391303
branching on CartesianIndex(1, 4) with c.
55     43     19         9.1065     27.0196    196.7057   % 
LB close or above UB, fathomed
56     42     18         9.1065     27.0196    196.7057   % 
LB close or above UB, fathomed
57     41     17         9.1065     27.0196    196.7057   % 
UB: 27.019565217391303
branching on CartesianIndex(1, 4) with c.
58     42     16         9.1065     27.0196    196.7057   % 
UB: 27.019565217391303
branching on CartesianIndex(1, 4) with c.
59     43     14         9.1065     27.0196    196.7057   % 
LB close or above UB, fathomed
60     42     13         9.1065     27.0196    196.7057   % 
UB: 27.019565217391303
branching on 2 with b.
61     43     11         9.1065     27.0196    196.7057   % 
UB: 27.019565217391303
branching on CartesianIndex(2, 2) with a.
62     44     11         9.1065     27.0196    196.7057   % 
LB close or above UB, fathomed
63     43     12         9.1065     27.0196    196.7057   % 
UB: 27.019565217391303
branching on 2 with b.
64     44     12         9.1065     27.0196    196.7057   % 
LB close or above UB, fathomed
65     43     22         9.1065     27.0196    196.7057   % 
UB: 27.019565217391303
branching on 2 with b.
66     44     23         9.1065     27.0196    196.7057   % 
UB: 27.019565217391303
branching on CartesianIndex(1, 4) with c.
67     45     24         9.1065     27.0196    196.7057   % 
LB close or above UB, fathomed
68     44     24         9.1065     27.0196    196.7057   % 
UB: 27.019565217391303
branching on 3 with b.
69     45     25         9.1065     27.0196    196.7057   % 
UB: 27.019565217391303
branching on CartesianIndex(1, 5) with c.
70     46     26         9.1065     27.0196    196.7057   % 
UB: 27.019565217391303
branching on CartesianIndex(2, 5) with c.
71     47     27         9.1065     27.0196    196.7057   % 
UB: 27.019565217391303
branching on CartesianIndex(1, 6) with c.
72     48     28         9.1065     27.0196    196.7057   % 
LB close or above UB, fathomed
73     47     28         9.1065     27.0196    196.7057   % 
UB: 27.019565217391303
branching on CartesianIndex(1, 7) with c.
74     48     29         9.1065     27.0196    196.7057   % 
UB: 27.019565217391303
branching on CartesianIndex(2, 7) with c.
75     49     30         9.1065     27.0196    196.7057   % 
LB close or above UB, fathomed
76     48     30         9.1065     27.0196    196.7057   % 
UB: 27.019565217391303
branching on 1 with b.
77     49     31         9.1065     27.0196    196.7057   % 
UB: 27.019565217391303
branching on 2 with b.
78     50     32         9.1065     27.0196    196.7057   % 
UB: 27.019565217391303
branching on 3 with b.
79     51     32         9.1065     27.0196    196.7057   % 
UB: 27.019565217391303
branching on 3 with b.
80     52     31         9.1065     27.0196    196.7057   % 
UB: 27.019565217391303
branching on 2 with b.
81     53     29         9.1065     27.0196    196.7057   % 
LB close or above UB, fathomed
82     52     27         9.1065     27.0196    196.7057   % 
LB close or above UB, fathomed
83     51     26         9.1065     27.0196    196.7057   % 
LB close or above UB, fathomed
84     50     25         9.1065     27.0196    196.7057   % 
LB close or above UB, fathomed
85     49     23         9.1065     27.0196    196.7057   % 
LB close or above UB, fathomed
86     48     22         9.1065     27.0196    196.7057   % 
LB close or above UB, fathomed
87     47     12         12.0920    27.0196    123.4494   % 
UB: 27.019565217391303
branching on CartesianIndex(3, 2) with a.
88     48     13         12.0920    27.0196    123.4494   % 
UB: 27.019565217391303
branching on 1 with b.
89     49     14         12.0920    27.0196    123.4494   % 
UB: 27.019565217391303
branching on 2 with b.
90     50     15         12.0920    27.0196    123.4494   % 
UB: 27.019565217391303
branching on 3 with b.
91     51     16         12.0920    27.0196    123.4494   % 
UB: 27.019565217391303
branching on CartesianIndex(4, 2) with a.
92     52     17         12.0920    27.0196    123.4494   % 
UB: 27.019565217391303
branching on CartesianIndex(5, 2) with a.
93     53     18         12.0920    27.0196    123.4494   % 
UB: 27.019565217391303
branching on CartesianIndex(6, 2) with a.
94     54     19         12.0920    27.0196    123.4494   % 
UB: 27.019565217391303
branching on CartesianIndex(1, 3) with a.
95     55     20         12.0920    27.0196    123.4494   % 
UB: 27.019565217391303
branching on CartesianIndex(2, 3) with a.
96     56     21         12.0920    27.0196    123.4494   % 
UB: 27.019565217391303
branching on CartesianIndex(3, 3) with a.
97     57     22         12.0920    27.0196    123.4494   % 
UB: 27.019565217391303
branching on CartesianIndex(4, 3) with a.
98     58     23         12.0920    27.0196    123.4494   % 
UB: 27.019565217391303
branching on CartesianIndex(5, 3) with a.
99     59     23         12.0920    27.0196    123.4494   % 
LB close or above UB, fathomed
100    58     22         12.0920    27.0196    123.4494   % 
LB close or above UB, fathomed
101    57     21         12.0920    27.0196    123.4494   % 
UB: 27.019565217391303
branching on CartesianIndex(1, 4) with c.
102    58     20         12.0920    27.0196    123.4494   % 
LB close or above UB, fathomed
103    57     19         12.0920    27.0196    123.4494   % 
UB: 27.019565217391303
branching on CartesianIndex(1, 3) with a.
104    58     18         12.0920    27.0196    123.4494   % 
LB close or above UB, fathomed
105    57     17         12.0920    27.0196    123.4494   % 
LB close or above UB, fathomed
106    56     16         12.0920    27.0196    123.4494   % 
LB close or above UB, fathomed
107    55     15         12.0920    27.0196    123.4494   % 
UB: 27.019565217391303
branching on CartesianIndex(4, 2) with a.
108    56     14         12.0920    27.0196    123.4494   % 
UB: 27.019565217391303
branching on CartesianIndex(4, 2) with a.
109    57     13         12.0920    27.0196    123.4494   % 
LB close or above UB, fathomed
110    56     12         12.0920    27.0196    123.4494   % 
LB close or above UB, fathomed
111    55     11         12.0920    27.0196    123.4494   % 
UB: 27.019565217391303
branching on CartesianIndex(4, 1) with a.
112    56     12         12.0920    27.0196    123.4494   % 
UB: 27.019565217391303
branching on CartesianIndex(5, 1) with a.
113    57     12         12.0920    27.0196    123.4494   % 
UB: 27.019565217391303
branching on CartesianIndex(1, 2) with a.
114    58     13         12.0920    27.0196    123.4494   % 
UB: 27.019565217391303
branching on 1 with b.
115    59     13         12.0920    27.0196    123.4494   % 
UB: 27.019565217391303
branching on 1 with b.
116    60     11         12.0920    27.0196    123.4494   % 
LB close or above UB, fathomed
117    59     24         12.0920    27.0196    123.4494   % 
UB: 27.019565217391303
branching on CartesianIndex(6, 3) with a.
118    60     24         12.0920    27.0196    123.4494   % 
LB close or above UB, fathomed
119    59     33         12.0920    27.0196    123.4494   % 
UB: 27.019565217391303
branching on 1 with b.
120    60     33         12.0920    27.0196    123.4494   % 
LB close or above UB, fathomed
121    59     25         12.0920    27.0196    123.4494   % 
UB: 27.019565217391303
branching on CartesianIndex(1, 4) with c.
122    60     26         12.0920    27.0196    123.4494   % 
LB close or above UB, fathomed
123    59     26         12.0920    27.0196    123.4494   % 
UB: 27.019565217391303
branching on CartesianIndex(1, 5) with c.
124    60     25         12.0920    27.0196    123.4494   % 
LB close or above UB, fathomed
125    59     27         12.0920    27.0196    123.4494   % 
UB: 27.019565217391303
branching on 1 with b.
126    60     28         12.0920    27.0196    123.4494   % 
UB: 27.019565217391303
branching on 2 with b.
127    61     28         12.0920    27.0196    123.4494   % 
UB: 27.019565217391303
branching on CartesianIndex(2, 5) with c.
128    62     27         12.0920    27.0196    123.4494   % 
LB close or above UB, fathomed
129    61     29         12.0920    27.0196    123.4494   % 
UB: 27.019565217391303
branching on CartesianIndex(1, 6) with c.
130    62     30         12.0920    27.0196    123.4494   % 
LB close or above UB, fathomed
131    61     30         12.0920    27.0196    123.4494   % 
UB: 27.019565217391303
branching on CartesianIndex(1, 7) with c.
132    62     31         12.0920    27.0196    123.4494   % 
UB: 27.019565217391303
branching on CartesianIndex(2, 7) with c.
133    63     32         12.0920    27.0196    123.4494   % 
LB close or above UB, fathomed
134    62     32         12.0920    27.0196    123.4494   % 
UB: 27.019565217391303
branching on 2 with b.
135    63     33         12.0920    27.0196    123.4494   % 
UB: 27.019565217391303
branching on 3 with b.
136    64     33         12.0920    27.0196    123.4494   % 
UB: 27.019565217391303
branching on 3 with b.
137    65     31         12.0920    27.0196    123.4494   % 
LB close or above UB, fathomed
138    64     29         12.0920    27.0196    123.4494   % 
LB close or above UB, fathomed
139    63     12         15.0640    27.0196    79.3651    % 
UB: 27.019565217391303
branching on CartesianIndex(1, 2) with a.
140    64     12         15.0640    27.0196    79.3651    % 
UB: 27.019565217391303
branching on CartesianIndex(1, 2) with a.
141    65     14         15.0775    27.0196    79.2041    % 
UB: 27.019565217391303
branching on CartesianIndex(2, 2) with a.
142    66     15         15.0775    27.0196    79.2041    % 
UB: 27.019565217391303
branching on CartesianIndex(3, 2) with a.
143    67     16         15.0775    27.0196    79.2041    % 
UB: 27.019565217391303
branching on CartesianIndex(4, 2) with a.
144    68     17         15.0775    27.0196    79.2041    % 
UB: 27.019565217391303
branching on CartesianIndex(5, 2) with a.
145    69     18         15.0775    27.0196    79.2041    % 
UB: 27.019565217391303
branching on CartesianIndex(6, 2) with a.
146    70     18         15.0775    27.0196    79.2041    % 
UB: 27.019565217391303
branching on CartesianIndex(1, 3) with a.
147    71     17         15.0775    27.0196    79.2041    % 
LB close or above UB, fathomed
148    70     16         15.0775    27.0196    79.2041    % 
LB close or above UB, fathomed
149    69     15         15.0775    27.0196    79.2041    % 
LB close or above UB, fathomed
150    68     14         15.0775    27.0196    79.2041    % 
UB: 27.019565217391303
branching on CartesianIndex(2, 2) with a.
151    69     13         15.0775    27.0196    79.2041    % 
UB: 27.019565217391303
branching on CartesianIndex(6, 1) with a.
152    70     13         15.0775    27.0196    79.2041    % 
UB: 27.019565217391303
branching on CartesianIndex(1, 2) with a.
153    71     14         15.0775    27.0196    79.2041    % 
UB: 27.019565217391303
branching on 1 with b.
154    72     14         15.0775    27.0196    79.2041    % 
UB: 27.019565217391303
branching on 1 with b.
155    73     15         15.0775    27.0196    79.2041    % 
UB: 27.019565217391303
branching on CartesianIndex(5, 2) with a.
156    74     15         15.0775    27.0196    79.2041    % 
LB close or above UB, fathomed
157    73     13         15.0775    27.0196    79.2041    % 
UB: 27.019565217391303
branching on CartesianIndex(4, 1) with a.
158    74     13         15.0775    27.0196    79.2041    % 
UB: 27.019565217391303
branching on CartesianIndex(4, 1) with a.
159    75     17         15.0775    27.0196    79.2041    % 
UB: 27.019565217391303
branching on 1 with b.
160    76     18         15.0775    27.0196    79.2041    % 
UB: 27.019565217391303
branching on 2 with b.
161    77     19         15.0775    27.0196    79.2041    % 
UB: 27.019565217391303
branching on CartesianIndex(3, 3) with a.
162    78     19         15.0775    27.0196    79.2041    % 
LB close or above UB, fathomed
163    77     18         15.0775    27.0196    79.2041    % 
LB close or above UB, fathomed
164    76     17         15.0775    27.0196    79.2041    % 
LB close or above UB, fathomed
165    75     13         15.0775    27.0196    79.2041    % 
UB: 27.019565217391303
branching on CartesianIndex(2, 2) with a.
166    76     14         15.0775    27.0196    79.2041    % 
UB: 27.019565217391303
branching on 3 with b.
167    77     15         15.0775    27.0196    79.2041    % 
LB close or above UB, fathomed
168    76     15         15.0775    27.0196    79.2041    % 
UB: 27.019565217391303
branching on CartesianIndex(3, 2) with a.
169    77     16         15.0775    27.0196    79.2041    % 
UB: 27.019565217391303
branching on CartesianIndex(4, 2) with a.
170    78     17         15.0775    27.0196    79.2041    % 
UB: 27.019565217391303
branching on CartesianIndex(5, 2) with a.
171    79     18         15.0775    27.0196    79.2041    % 
UB: 27.019565217391303
branching on CartesianIndex(6, 2) with a.
172    80     19         15.0775    27.0196    79.2041    % 
UB: 27.019565217391303
branching on CartesianIndex(1, 3) with a.
173    81     20         15.0775    27.0196    79.2041    % 
UB: 27.019565217391303
branching on CartesianIndex(2, 3) with a.
174    82     20         15.0775    27.0196    79.2041    % 
LB close or above UB, fathomed
175    81     19         15.0775    27.0196    79.2041    % 
UB: 27.019565217391303
branching on 1 with b.
176    82     18         15.0775    27.0196    79.2041    % 
LB close or above UB, fathomed
177    81     17         15.0775    27.0196    79.2041    % 
LB close or above UB, fathomed
178    80     16         15.0775    27.0196    79.2041    % 
LB close or above UB, fathomed
179    79     14         15.0775    27.0196    79.2041    % 
LB close or above UB, fathomed
180    78     13         15.0775    27.0196    79.2041    % 
UB: 27.019565217391303
branching on CartesianIndex(2, 2) with a.
181    79     12         15.0775    27.0196    79.2041    % 
UB: 27.019565217391303
branching on CartesianIndex(4, 1) with a.
182    80     13         15.0775    27.0196    79.2041    % 
UB: 27.019565217391303
branching on 2 with b.
183    81     13         15.0775    27.0196    79.2041    % 
UB: 27.019565217391303
branching on CartesianIndex(1, 2) with a.
184    82     14         15.0775    27.0196    79.2041    % 
UB: 27.019565217391303
branching on CartesianIndex(2, 2) with a.
185    83     14         15.0775    27.0196    79.2041    % 
LB close or above UB, fathomed
186    82     12         15.0775    27.0196    79.2041    % 
LB close or above UB, fathomed
187    81     7          15.0775    27.0196    79.2041    % 
UB: 27.019565217391303
branching on CartesianIndex(2, 1) with a.
188    82     8          15.0775    27.0196    79.2041    % 
UB: 27.019565217391303
branching on CartesianIndex(3, 1) with a.
189    83     8          15.0775    27.0196    79.2041    % 
UB: 27.019565217391303
branching on CartesianIndex(1, 2) with a.
190    84     7          15.0775    27.0196    79.2041    % 
LB close or above UB, fathomed
191    83     34         15.0775    27.0196    79.2041    % 
UB: 27.019565217391303
branching on 2 with b.
192    84     34         15.0775    27.0196    79.2041    % 
UB: 27.019565217391303
branching on 2 with b.
193    85     35         15.0775    27.0196    79.2041    % 
UB: 27.019565217391303
branching on 3 with b.
194    86     35         15.0775    27.0196    79.2041    % 
LB close or above UB, fathomed
195    85     20         15.0775    27.0196    79.2041    % 
UB: 27.019565217391303
branching on 3 with b.
196    86     21         15.0775    27.0196    79.2041    % 
LB close or above UB, fathomed
197    85     21         15.0775    27.0196    79.2041    % 
UB: 27.019565217391303
branching on CartesianIndex(4, 3) with a.
198    86     22         15.0775    27.0196    79.2041    % 
UB: 27.019565217391303
branching on 1 with b.
199    87     23         15.0775    27.0196    79.2041    % 
UB: 27.019565217391303
branching on CartesianIndex(5, 3) with a.
200    88     23         15.0775    27.0196    79.2041    % 
UB: 27.019565217391303
branching on CartesianIndex(5, 3) with a.
201    89     22         15.0775    27.0196    79.2041    % 
LB close or above UB, fathomed
202    88     20         15.0775    27.0196    79.2041    % 
LB close or above UB, fathomed
203    87     24         15.0775    27.0196    79.2041    % 
UB: 27.019565217391303
branching on CartesianIndex(6, 3) with a.
204    88     25         15.0775    27.0196    79.2041    % 
UB: 27.019565217391303
branching on CartesianIndex(1, 4) with c.
205    89     25         15.0775    27.0196    79.2041    % 
LB close or above UB, fathomed
206    88     24         15.0775    27.0196    79.2041    % 
LB close or above UB, fathomed
207    87     34         15.0775    27.0196    79.2041    % 
UB: 27.019565217391303
branching on 1 with b.
208    88     34         15.0775    27.0196    79.2041    % 
LB close or above UB, fathomed
209    87     26         15.0775    27.0196    79.2041    % 
LB close or above UB, fathomed
210    86     26         15.0775    27.0196    79.2041    % 
UB: 27.019565217391303
branching on CartesianIndex(1, 5) with c.
211    87     27         15.0775    27.0196    79.2041    % 
UB: 27.019565217391303
branching on CartesianIndex(2, 5) with c.
212    88     28         15.0775    27.0196    79.2041    % 
UB: 27.019565217391303
branching on 2 with b.
213    89     29         15.0775    27.0196    79.2041    % 
LB close or above UB, fathomed
214    88     29         15.0775    27.0196    79.2041    % 
UB: 27.019565217391303
branching on CartesianIndex(1, 6) with c.
215    89     28         15.0775    27.0196    79.2041    % 
LB close or above UB, fathomed
216    88     27         15.0775    27.0196    79.2041    % 
LB close or above UB, fathomed
217    87     29         15.0775    27.0196    79.2041    % 
UB: 27.019565217391303
branching on 3 with b.
218    88     29         15.0775    27.0196    79.2041    % 
UB: 27.019565217391303
branching on CartesianIndex(2, 5) with c.
219    89     9          18.0630    27.0196    49.5848    % 
UB: 27.019565217391303
branching on CartesianIndex(4, 1) with a.
220    90     10         18.0630    27.0196    49.5848    % 
UB: 27.019565217391303
branching on CartesianIndex(5, 1) with a.
221    91     11         18.0630    27.0196    49.5848    % 
UB: 27.019565217391303
branching on CartesianIndex(6, 1) with a.
222    92     11         18.0630    27.0196    49.5848    % 
UB: 27.019565217391303
branching on 2 with b.
223    93     10         18.0630    27.0196    49.5848    % 
UB: 27.019565217391303
branching on 2 with b.
224    94     9          18.0630    27.0196    49.5848    % 
LB close or above UB, fathomed
225    93     14         18.0630    27.0196    49.5848    % 
UB: 27.019565217391303
branching on 3 with b.
226    94     15         18.0630    27.0196    49.5848    % 
UB: 27.019565217391303
branching on CartesianIndex(5, 1) with a.
227    95     15         18.0630    27.0196    49.5848    % 
UB: 27.019565217391303
branching on 1 with b.
228    96     16         18.0630    27.0196    49.5848    % 
UB: 27.019565217391303
branching on CartesianIndex(5, 1) with a.
229    97     16         18.0630    27.0196    49.5848    % 
UB: 27.019565217391303
branching on CartesianIndex(5, 1) with a.
230    98     17         18.0630    27.0196    49.5848    % 
LB close or above UB, fathomed
231    97     17         18.0630    27.0196    49.5848    % 
UB: 27.019565217391303
branching on CartesianIndex(1, 2) with a.
232    98     18         18.0630    27.0196    49.5848    % 
UB: 27.019565217391303
branching on CartesianIndex(2, 2) with a.
233    99     18         18.0630    27.0196    49.5848    % 
LB close or above UB, fathomed
234    98     14         18.0630    27.0196    49.5848    % 
UB: 27.019565217391303
branching on CartesianIndex(1, 2) with a.
235    99     15         18.0630    27.0196    49.5848    % 
LB close or above UB, fathomed
236    98     15         18.0630    27.0196    49.5848    % 
UB: 27.019565217391303
branching on CartesianIndex(2, 2) with a.
237    99     16         18.0630    27.0196    49.5848    % 
UB: 27.019565217391303
branching on CartesianIndex(3, 2) with a.
238    100    17         18.0630    27.0196    49.5848    % 
UB: 27.019565217391303
branching on 2 with b.
239    101    18         18.0630    27.0196    49.5848    % 
LB close or above UB, fathomed
240    100    18         18.0630    27.0196    49.5848    % 
UB: 27.019565217391303
branching on 3 with b.
241    101    17         18.0630    27.0196    49.5848    % 
LB close or above UB, fathomed
242    100    16         18.0630    27.0196    49.5848    % 
LB close or above UB, fathomed
243    99     15         18.0630    27.0196    49.5848    % 
UB: 27.019565217391303
branching on CartesianIndex(3, 2) with a.
244    100    15         18.0630    27.0196    49.5848    % 
LB close or above UB, fathomed
245    99     14         18.0630    27.0196    49.5848    % 
UB: 27.019565217391303
branching on 3 with b.
246    100    15         18.0630    27.0196    49.5848    % 
UB: 27.019565217391303
branching on 1 with b.
247    101    15         18.0630    27.0196    49.5848    % 
UB: 27.019565217391303
branching on 1 with b.
248    102    14         18.0630    27.0196    49.5848    % 
LB close or above UB, fathomed
249    101    15         18.0630    27.0196    49.5848    % 
LB close or above UB, fathomed
250    100    15         18.0630    27.0196    49.5848    % 
LB close or above UB, fathomed
251    99     36         18.0630    27.0196    49.5848    % 
UB: 27.019565217391303
branching on 1 with b.
252    100    36         18.0630    27.0196    49.5848    % 
UB: 27.019565217391303
branching on 1 with b.
253    101    35         18.0630    27.0196    49.5848    % 
UB: 27.019565217391303
branching on 3 with b.
254    102    35         18.0630    27.0196    49.5848    % 
LB close or above UB, fathomed
255    101    15         18.0630    27.0196    49.5848    % 
UB: 27.019565217391303
branching on CartesianIndex(3, 2) with a.
256    102    16         18.0630    27.0196    49.5848    % 
UB: 27.019565217391303
branching on 2 with b.
257    103    17         18.0630    27.0196    49.5848    % 
UB: 27.019565217391303
branching on CartesianIndex(4, 2) with a.
258    104    17         18.0630    27.0196    49.5848    % 
UB: 27.019565217391303
branching on CartesianIndex(4, 2) with a.
259    105    16         18.0630    27.0196    49.5848    % 
LB close or above UB, fathomed
260    104    15         18.0630    27.0196    49.5848    % 
LB close or above UB, fathomed
261    103    16         18.0630    27.0196    49.5848    % 
UB: 27.019565217391303
branching on CartesianIndex(6, 2) with a.
262    104    17         18.0630    27.0196    49.5848    % 
LB close or above UB, fathomed
263    103    17         18.0630    27.0196    49.5848    % 
LB close or above UB, fathomed
264    102    16         18.0630    27.0196    49.5848    % 
LB close or above UB, fathomed
265    101    19         18.0630    27.0196    49.5848    % 
UB: 27.019565217391303
branching on 2 with b.
266    102    19         18.0630    27.0196    49.5848    % 
LB close or above UB, fathomed
267    101    16         18.0630    27.0196    49.5848    % 
UB: 27.019565217391303
branching on CartesianIndex(5, 2) with a.
268    102    17         18.0630    27.0196    49.5848    % 
UB: 27.019565217391303
branching on 3 with b.
269    103    18         18.0630    27.0196    49.5848    % 
UB: 27.019565217391303
branching on CartesianIndex(6, 2) with a.
270    104    19         18.0630    27.0196    49.5848    % 
LB close or above UB, fathomed
271    103    19         18.0630    27.0196    49.5848    % 
UB: 27.019565217391303
branching on CartesianIndex(1, 3) with a.
272    104    20         18.0630    27.0196    49.5848    % 
UB: 27.019565217391303
branching on CartesianIndex(2, 3) with a.
273    105    21         18.0630    27.0196    49.5848    % 
UB: 27.019565217391303
branching on CartesianIndex(3, 3) with a.
274    106    22         18.0630    27.0196    49.5848    % 
UB: 27.019565217391303
branching on CartesianIndex(4, 3) with a.
275    107    23         18.0630    27.0196    49.5848    % 
UB: 27.019565217391303
branching on CartesianIndex(5, 3) with a.
276    108    23         18.0630    27.0196    49.5848    % 
LB close or above UB, fathomed
277    107    22         18.0630    27.0196    49.5848    % 
LB close or above UB, fathomed
278    106    21         18.0630    27.0196    49.5848    % 
LB close or above UB, fathomed
279    105    20         18.0630    27.0196    49.5848    % 
LB close or above UB, fathomed
280    104    18         18.0630    27.0196    49.5848    % 
LB close or above UB, fathomed
281    103    17         18.0630    27.0196    49.5848    % 
LB close or above UB, fathomed
282    102    16         18.0630    27.0196    49.5848    % 
LB close or above UB, fathomed
283    101    18         18.0630    27.0196    49.5848    % 
LB close or above UB, fathomed
284    100    18         18.0630    27.0196    49.5848    % 
UB: 27.019565217391303
branching on CartesianIndex(1, 5) with c.
285    101    19         18.0630    27.0196    49.5848    % 
UB: 27.019565217391303
branching on CartesianIndex(2, 5) with c.
286    102    20         18.0630    27.0196    49.5848    % 
UB: 27.019565217391303
branching on CartesianIndex(1, 6) with c.
287    103    21         18.0630    27.0196    49.5848    % 
LB close or above UB, fathomed
288    102    21         18.0630    27.0196    49.5848    % 
UB: 27.019565217391303
branching on CartesianIndex(1, 7) with c.
289    103    22         18.0630    27.0196    49.5848    % 
UB: 27.019565217391303
branching on 1 with b.
290    104    23         18.0630    27.0196    49.5848    % 
UB: 27.019565217391303
branching on 2 with b.
291    105    24         18.0630    27.0196    49.5848    % 
UB: 27.019565217391303
branching on 3 with b.
292    106    25         18.0630    27.0196    49.5848    % 
UB: 27.019565217391303
branching on 1 with b.
293    107    26         18.0630    27.0196    49.5848    % 
UB: 27.019565217391303
branching on CartesianIndex(2, 7) with c.
294    108    27         18.0630    27.0196    49.5848    % 
LB close or above UB, fathomed
295    107    27         18.0630    27.0196    49.5848    % 
UB: 27.019565217391303
branching on 2 with b.
296    108    28         18.0630    27.0196    49.5848    % 
LB close or above UB, fathomed
297    107    28         18.0630    27.0196    49.5848    % 
UB: 27.019565217391303
branching on 3 with b.
298    108    26         18.0630    27.0196    49.5848    % 
LB close or above UB, fathomed
299    107    25         18.0630    27.0196    49.5848    % 
LB close or above UB, fathomed
300    106    24         18.0630    27.0196    49.5848    % 
LB close or above UB, fathomed
301    105    23         18.0630    27.0196    49.5848    % 
LB close or above UB, fathomed
302    104    22         18.0630    27.0196    49.5848    % 
LB close or above UB, fathomed
303    103    20         18.0630    27.0196    49.5848    % 
LB close or above UB, fathomed
304    102    19         18.0630    27.0196    49.5848    % 
LB close or above UB, fathomed
305    101    24         18.0630    27.0196    49.5848    % 
UB: 27.019565217391303
branching on CartesianIndex(6, 3) with a.
306    102    24         18.0630    27.0196    49.5848    % 
LB close or above UB, fathomed
307    101    37         18.0630    27.0196    49.5848    % 
UB: 27.019565217391303
branching on 2 with b.
308    102    37         18.0630    27.0196    49.5848    % 
UB: 27.019565217391303
branching on 2 with b.
309    103    38         18.0630    27.0196    49.5848    % 
UB: 27.019565217391303
branching on 3 with b.
310    104    38         18.0630    27.0196    49.5848    % 
UB: 27.019565217391303
branching on 3 with b.
311    105    16         18.0630    27.0196    49.5848    % 
UB: 27.019565217391303
branching on CartesianIndex(1, 3) with a.
312    106    16         18.0630    27.0196    49.5848    % 
LB close or above UB, fathomed
313    105    21         18.0630    27.0196    49.5848    % 
UB: 27.019565217391303
branching on CartesianIndex(3, 3) with a.
314    106    22         18.0630    27.0196    49.5848    % 
UB: 27.019565217391303
branching on 1 with b.
315    107    22         18.0630    27.0196    49.5848    % 
LB close or above UB, fathomed
316    106    21         18.0630    27.0196    49.5848    % 
LB close or above UB, fathomed
317    105    32         18.0630    27.0196    49.5848    % 
LB close or above UB, fathomed
318    104    32         18.0630    27.0196    49.5848    % 
UB: 27.019565217391303
branching on 3 with b.
319    105    23         18.0630    27.0196    49.5848    % 
UB: 27.019565217391303
branching on CartesianIndex(4, 3) with a.
320    106    23         18.0630    27.0196    49.5848    % 
UB: 27.019565217391303
branching on CartesianIndex(4, 3) with a.
321    107    25         18.0630    27.0196    49.5848    % 
UB: 27.019565217391303
branching on CartesianIndex(1, 4) with c.
322    108    26         18.0630    27.0196    49.5848    % 
LB close or above UB, fathomed
323    107    26         18.0630    27.0196    49.5848    % 
UB: 27.019565217391303
branching on CartesianIndex(1, 5) with c.
324    108    27         18.0630    27.0196    49.5848    % 
UB: 27.019565217391303
branching on CartesianIndex(2, 5) with c.
325    109    28         18.0630    27.0196    49.5848    % 
UB: 27.019565217391303
branching on CartesianIndex(1, 6) with c.
326    110    29         18.0630    27.0196    49.5848    % 
LB close or above UB, fathomed
327    109    29         18.0630    27.0196    49.5848    % 
UB: 27.019565217391303
branching on CartesianIndex(1, 7) with c.
328    110    30         18.0630    27.0196    49.5848    % 
UB: 27.019565217391303
branching on CartesianIndex(2, 7) with c.
329    111    31         18.0630    27.0196    49.5848    % 
LB close or above UB, fathomed
330    110    31         18.0630    27.0196    49.5848    % 
UB: 27.019565217391303
branching on 1 with b.
331    111    32         18.0630    27.0196    49.5848    % 
UB: 27.019565217391303
branching on 2 with b.
332    112    32         18.0630    27.0196    49.5848    % 
UB: 27.019565217391303
branching on 2 with b.
333    113    30         18.0630    27.0196    49.5848    % 
LB close or above UB, fathomed
334    112    28         18.0630    27.0196    49.5848    % 
LB close or above UB, fathomed
335    111    27         18.0630    27.0196    49.5848    % 
LB close or above UB, fathomed
336    110    25         18.0630    27.0196    49.5848    % 
LB close or above UB, fathomed
337    109    30         18.0630    27.0196    49.5848    % 
LB close or above UB, fathomed
338    108    30         18.0630    27.0196    49.5848    % 
UB: 27.019565217391303
branching on CartesianIndex(1, 7) with c.
339    109    31         18.0630    27.0196    49.5848    % 
UB: 27.019565217391303
branching on CartesianIndex(2, 7) with c.
340    110    32         18.0630    27.0196    49.5848    % 
LB close or above UB, fathomed
341    109    32         18.0630    27.0196    49.5848    % 
UB: 27.019565217391303
branching on 3 with b.
342    110    33         18.0630    27.0196    49.5848    % 
LB close or above UB, fathomed
343    109    33         18.0630    27.0196    49.5848    % 
UB: 27.019565217391303
branching on 1 with b.
344    110    34         18.0630    27.0196    49.5848    % 
UB: 27.019565217391303
branching on 2 with b.
345    111    35         18.0630    27.0196    49.5848    % 
UB: 27.019565217391303
branching on 3 with b.
346    112    35         18.0630    27.0196    49.5848    % 
LB close or above UB, fathomed
347    111    34         18.0630    27.0196    49.5848    % 
UB: 27.019565217391303
branching on 2 with b.
348    112    31         18.0630    27.0196    49.5848    % 
LB close or above UB, fathomed
349    111    24         18.0630    27.0196    49.5848    % 
UB: 27.019565217391303
branching on CartesianIndex(5, 3) with a.
350    112    25         18.0630    27.0196    49.5848    % 
UB: 27.019565217391303
branching on 2 with b.
351    113    26         18.0630    27.0196    49.5848    % 
LB close or above UB, fathomed
352    112    26         18.0630    27.0196    49.5848    % 
UB: 27.019565217391303
branching on CartesianIndex(6, 3) with a.
353    113    25         18.0630    27.0196    49.5848    % 
LB close or above UB, fathomed
354    112    24         18.0630    27.0196    49.5848    % 
LB close or above UB, fathomed
355    111    35         18.0630    27.0196    49.5848    % 
UB: 27.019565217391303
branching on 2 with b.
356    112    36         18.0630    27.0196    49.5848    % 
UB: 27.019565217391303
branching on 3 with b.
357    113    37         18.0630    27.0196    49.5848    % 
UB: 27.019565217391303
branching on 1 with b.
358    114    38         18.0630    27.0196    49.5848    % 
UB: 27.019565217391303
branching on 2 with b.
359    115    39         18.0630    27.0196    49.5848    % 
UB: 27.019565217391303
branching on 3 with b.
360    116    39         18.0630    27.0196    49.5848    % 
UB: 27.019565217391303
branching on 3 with b.
361    117    38         18.0630    27.0196    49.5848    % 
LB close or above UB, fathomed
362    116    37         18.0630    27.0196    49.5848    % 
UB: 27.019565217391303
branching on 1 with b.
363    117    36         18.0630    27.0196    49.5848    % 
LB close or above UB, fathomed
364    116    35         18.0630    27.0196    49.5848    % 
LB close or above UB, fathomed
365    115    30         18.0630    27.0196    49.5848    % 
UB: 27.019565217391303
branching on 3 with b.
366    116    31         18.0630    27.0196    49.5848    % 
UB: 27.019565217391303
branching on 1 with b.
367    117    31         18.0630    27.0196    49.5848    % 
LB close or above UB, fathomed
368    116    30         18.0630    27.0196    49.5848    % 
LB close or above UB, fathomed
369    115    13         21.0350    27.0196    28.4504    % 
UB: 27.019565217391303
branching on 3 with b.
370    116    13         21.0350    27.0196    28.4504    % 
LB close or above UB, fathomed
371    115    13         21.0484    27.0196    28.3685    % 
UB: 27.019565217391303
branching on 2 with b.
372    116    14         21.0484    27.0196    28.3685    % 
UB: 27.019565217391303
branching on 3 with b.
373    117    15         21.0484    27.0196    28.3685    % 
UB: 27.019565217391303
branching on CartesianIndex(1, 3) with a.
374    118    15         21.0484    27.0196    28.3685    % 
UB: 27.019565217391303
branching on CartesianIndex(1, 3) with a.
375    119    14         21.0484    27.0196    28.3685    % 
LB close or above UB, fathomed
376    118    13         21.0484    27.0196    28.3685    % 
LB close or above UB, fathomed
377    117    16         21.0486    27.0196    28.3678    % 
UB: 27.019565217391303
branching on 1 with b.
378    118    17         21.0486    27.0196    28.3678    % 
LB close or above UB, fathomed
379    117    17         21.0486    27.0196    28.3678    % 
UB: 27.019565217391303
branching on CartesianIndex(2, 3) with a.
380    118    18         21.0486    27.0196    28.3678    % 
UB: 27.019565217391303
branching on CartesianIndex(3, 3) with a.
381    119    19         21.0486    27.0196    28.3678    % 
UB: 27.019565217391303
branching on 2 with b.
382    120    20         21.0486    27.0196    28.3678    % 
UB: 27.019565217391303
branching on CartesianIndex(4, 3) with a.
383    121    20         21.0486    27.0196    28.3678    % 
LB close or above UB, fathomed
384    120    19         21.0486    27.0196    28.3678    % 
LB close or above UB, fathomed
385    119    18         21.0486    27.0196    28.3678    % 
LB close or above UB, fathomed
386    118    16         21.0486    27.0196    28.3678    % 
LB close or above UB, fathomed
387    117    35         21.0486    27.0196    28.3678    % 
UB: 27.019565217391303
branching on 3 with b.
388    118    35         21.0486    27.0196    28.3678    % 
LB close or above UB, fathomed
389    117    29         21.0486    27.0196    28.3678    % 
UB: 27.019565217391303
branching on 1 with b.
390    118    29         21.0486    27.0196    28.3678    % 
LB close or above UB, fathomed
391    117    36         21.0486    27.0196    28.3678    % 
UB: 27.019565217391303
branching on 1 with b.
392    118    37         21.0486    27.0196    28.3678    % 
UB: 27.019565217391303
branching on 2 with b.
393    119    38         21.0486    27.0196    28.3678    % 
LB close or above UB, fathomed
394    118    38         21.0486    27.0196    28.3678    % 
LB close or above UB, fathomed
395    117    37         21.0486    27.0196    28.3678    % 
UB: 27.019565217391303
branching on 2 with b.
396    118    36         21.0486    27.0196    28.3678    % 
UB: 27.019565217391303
branching on 1 with b.
397    119    37         21.0486    27.0196    28.3678    % 
LB close or above UB, fathomed
398    118    37         21.0486    27.0196    28.3678    % 
UB: 27.019565217391303
branching on 2 with b.
399    119    38         21.0486    27.0196    28.3678    % 
LB close or above UB, fathomed
400    118    38         21.0486    27.0196    28.3678    % 
LB close or above UB, fathomed
401    117    19         21.0486    27.0196    28.3678    % 
UB: 27.019565217391303
branching on CartesianIndex(4, 2) with a.
402    118    20         21.0486    27.0196    28.3678    % 
UB: 27.019565217391303
branching on CartesianIndex(5, 2) with a.
403    119    20         21.0486    27.0196    28.3678    % 
LB close or above UB, fathomed
404    118    19         21.0486    27.0196    28.3678    % 
LB close or above UB, fathomed
405    117    19         21.0486    27.0196    28.3678    % 
UB: 27.019565217391303
branching on CartesianIndex(3, 2) with a.
406    118    20         21.0486    27.0196    28.3678    % 
UB: 27.019565217391303
branching on CartesianIndex(4, 2) with a.
407    119    21         21.0486    27.0196    28.3678    % 
UB: 27.019565217391303
branching on CartesianIndex(5, 2) with a.
408    120    21         21.0486    27.0196    28.3678    % 
LB close or above UB, fathomed
409    119    20         21.0486    27.0196    28.3678    % 
LB close or above UB, fathomed
410    118    19         21.0486    27.0196    28.3678    % 
LB close or above UB, fathomed
411    117    16         21.0486    27.0196    28.3678    % 
LB close or above UB, fathomed
412    116    16         21.0486    27.0196    28.3678    % 
LB close or above UB, fathomed
413    115    12         21.0486    27.0196    28.3678    % 
UB: 27.019565217391303
branching on 3 with b.
414    116    13         21.0486    27.0196    28.3678    % 
UB: 27.019565217391303
branching on CartesianIndex(1, 2) with a.
415    117    14         21.0486    27.0196    28.3678    % 
LB close or above UB, fathomed
416    116    14         21.0486    27.0196    28.3678    % 
LB close or above UB, fathomed
417    115    13         21.0486    27.0196    28.3678    % 
LB close or above UB, fathomed
418    114    12         21.0486    27.0196    28.3678    % 
LB close or above UB, fathomed
419    113    9          21.0486    27.0196    28.3678    % 
LB close or above UB, fathomed
420    112    9          21.0486    27.0196    28.3678    % 
LB close or above UB, fathomed
421    111    14         21.0486    27.0196    28.3678    % 
UB: 27.019565217391303
branching on 3 with b.
422    112    15         21.0486    27.0196    28.3678    % 
LB close or above UB, fathomed
423    111    15         21.0486    27.0196    28.3678    % 
UB: 27.019565217391303
branching on CartesianIndex(3, 2) with a.
424    112    16         21.0486    27.0196    28.3678    % 
UB: 27.019565217391303
branching on 1 with b.
425    113    17         21.0486    27.0196    28.3678    % 
UB: 27.019565217391303
branching on CartesianIndex(4, 2) with a.
426    114    17         21.0486    27.0196    28.3678    % 
LB close or above UB, fathomed
427    113    16         21.0486    27.0196    28.3678    % 
LB close or above UB, fathomed
428    112    14         21.0486    27.0196    28.3678    % 
LB close or above UB, fathomed
429    111    14         21.0486    27.0196    28.3678    % 
UB: 27.019565217391303
branching on CartesianIndex(5, 1) with a.
430    112    15         21.0486    27.0196    28.3678    % 
LB close or above UB, fathomed
431    111    15         21.0486    27.0196    28.3678    % 
UB: 27.019565217391303
branching on 3 with b.
432    112    14         21.0486    27.0196    28.3678    % 
UB: 27.019565217391303
branching on CartesianIndex(1, 2) with a.
433    113    15         21.0486    27.0196    28.3678    % 
LB close or above UB, fathomed
434    112    15         21.0486    27.0196    28.3678    % 
LB close or above UB, fathomed
435    111    33         21.0486    27.0196    28.3678    % 
UB: 27.019565217391303
branching on 1 with b.
436    112    33         21.0486    27.0196    28.3678    % 
LB close or above UB, fathomed
437    111    10         21.0486    27.0196    28.3678    % 
UB: 27.019565217391303
branching on CartesianIndex(2, 3) with a.
438    112    11         21.0486    27.0196    28.3678    % 
UB: 27.019565217391303
branching on 1 with b.
439    113    12         21.0486    27.0196    28.3678    % 
UB: 27.019565217391303
branching on 1 with b.
440    114    13         21.0486    27.0196    28.3678    % 
LB close or above UB, fathomed
441    113    13         21.0486    27.0196    28.3678    % 
LB close or above UB, fathomed
442    112    12         21.0486    27.0196    28.3678    % 
LB close or above UB, fathomed
443    111    11         21.0486    27.0196    28.3678    % 
LB close or above UB, fathomed
444    110    10         21.0486    27.0196    28.3678    % 
LB close or above UB, fathomed
445    109    7          21.0486    27.0196    28.3678    % 
UB: 27.019565217391303
branching on CartesianIndex(1, 3) with a.
446    110    8          21.0486    27.0196    28.3678    % 
UB: 27.019565217391303
branching on 1 with b.
447    111    9          21.0486    27.0196    28.3678    % 
LB close or above UB, fathomed
448    110    9          21.0486    27.0196    28.3678    % 
UB: 27.019565217391303
branching on 2 with b.
449    111    8          21.0486    27.0196    28.3678    % 
LB close or above UB, fathomed
450    110    7          21.0486    27.0196    28.3678    % 
LB close or above UB, fathomed
451    109    9          21.0486    27.0196    28.3678    % 
LB close or above UB, fathomed
452    108    9          21.0486    27.0196    28.3678    % 
UB: 27.019565217391303
branching on 3 with b.
453    109    10         21.0486    27.0196    28.3678    % 
LB close or above UB, fathomed
454    108    10         21.0486    27.0196    28.3678    % 
UB: 27.019565217391303
branching on CartesianIndex(1, 2) with a.
455    109    33         21.0486    27.0196    28.3678    % 
UB: 27.019565217391303
branching on 1 with b.
456    110    33         21.0486    27.0196    28.3678    % 
LB close or above UB, fathomed
457    109    20         21.0486    27.0196    28.3678    % 
UB: 27.019565217391303
branching on 3 with b.
458    110    21         21.0486    27.0196    28.3678    % 
UB: 27.019565217391303
branching on CartesianIndex(1, 3) with a.
459    111    22         21.0486    27.0196    28.3678    % 
UB: 27.019565217391303
branching on 1 with b.
460    112    23         21.0486    27.0196    28.3678    % 
LB close or above UB, fathomed
461    111    23         21.0486    27.0196    28.3678    % 
UB: 27.019565217391303
branching on CartesianIndex(2, 3) with a.
462    112    24         21.0486    27.0196    28.3678    % 
UB: 27.019565217391303
branching on CartesianIndex(3, 3) with a.
463    113    25         21.0486    27.0196    28.3678    % 
UB: 27.019565217391303
branching on CartesianIndex(4, 3) with a.
464    114    26         21.0486    27.0196    28.3678    % 
UB: 27.019565217391303
branching on CartesianIndex(5, 3) with a.
465    115    26         21.0486    27.0196    28.3678    % 
LB close or above UB, fathomed
466    114    25         21.0486    27.0196    28.3678    % 
LB close or above UB, fathomed
467    113    24         21.0486    27.0196    28.3678    % 
LB close or above UB, fathomed
468    112    22         21.0486    27.0196    28.3678    % 
LB close or above UB, fathomed
469    111    21         21.0486    27.0196    28.3678    % 
LB close or above UB, fathomed
470    110    20         21.0486    27.0196    28.3678    % 
LB close or above UB, fathomed
471    109    18         21.0486    27.0196    28.3678    % 
UB: 27.019565217391303
branching on CartesianIndex(5, 2) with a.
472    110    19         21.0486    27.0196    28.3678    % 
UB: 27.019565217391303
branching on CartesianIndex(6, 2) with a.
473    111    19         21.0486    27.0196    28.3678    % 
LB close or above UB, fathomed
474    110    18         21.0486    27.0196    28.3678    % 
LB close or above UB, fathomed
475    109    20         21.0486    27.0196    28.3678    % 
UB: 27.019565217391303
branching on CartesianIndex(1, 3) with a.
476    110    20         21.0486    27.0196    28.3678    % 
LB close or above UB, fathomed
477    109    27         21.0486    27.0196    28.3678    % 
UB: 27.019565217391303
branching on CartesianIndex(6, 3) with a.
478    110    27         21.0486    27.0196    28.3678    % 
LB close or above UB, fathomed
479    109    21         21.0486    27.0196    28.3678    % 
UB: 27.019565217391303
branching on CartesianIndex(5, 3) with a.
480    110    21         21.0486    27.0196    28.3678    % 
LB close or above UB, fathomed
481    109    27         21.0486    27.0196    28.3678    % 
UB: 27.019565217391303
branching on CartesianIndex(1, 4) with c.
482    110    27         21.0486    27.0196    28.3678    % 
LB close or above UB, fathomed
483    109    36         21.0486    27.0196    28.3678    % 
LB close or above UB, fathomed
484    108    36         21.0486    27.0196    28.3678    % 
UB: 27.019565217391303
branching on 1 with b.
485    109    37         21.0486    27.0196    28.3678    % 
LB close or above UB, fathomed
486    108    37         21.0486    27.0196    28.3678    % 
UB: 27.019565217391303
branching on 2 with b.
487    109    38         21.0486    27.0196    28.3678    % 
LB close or above UB, fathomed
488    108    38         21.0486    27.0196    28.3678    % 
LB close or above UB, fathomed
489    107    17         21.0486    27.0196    28.3678    % 
UB: 27.019565217391303
branching on 2 with b.
490    108    18         21.0486    27.0196    28.3678    % 
UB: 27.019565217391303
branching on 3 with b.
491    109    18         21.0486    27.0196    28.3678    % 
UB: 27.019565217391303
branching on 3 with b.
492    110    19         21.0486    27.0196    28.3678    % 
UB: 27.019565217391303
branching on CartesianIndex(2, 3) with a.
493    111    20         21.0486    27.0196    28.3678    % 
UB: 27.019565217391303
branching on CartesianIndex(3, 3) with a.
494    112    21         21.0486    27.0196    28.3678    % 
UB: 27.019565217391303
branching on CartesianIndex(4, 3) with a.
495    113    22         21.0486    27.0196    28.3678    % 
UB: 27.019565217391303
branching on CartesianIndex(5, 3) with a.
496    114    23         21.0486    27.0196    28.3678    % 
UB: 27.019565217391303
branching on CartesianIndex(6, 3) with a.
497    115    23         21.0486    27.0196    28.3678    % 
LB close or above UB, fathomed
498    114    22         21.0486    27.0196    28.3678    % 
LB close or above UB, fathomed
499    113    21         21.0486    27.0196    28.3678    % 
LB close or above UB, fathomed
500    112    20         21.0486    27.0196    28.3678    % 
LB close or above UB, fathomed
501    111    19         21.0486    27.0196    28.3678    % 
LB close or above UB, fathomed
502    110    17         21.0486    27.0196    28.3678    % 
LB close or above UB, fathomed
503    109    20         21.0486    27.0196    28.3678    % 
UB: 27.019565217391303
branching on CartesianIndex(2, 3) with a.
504    110    21         21.0486    27.0196    28.3678    % 
UB: 27.019565217391303
branching on CartesianIndex(3, 3) with a.
505    111    22         21.0486    27.0196    28.3678    % 
UB: 27.019565217391303
branching on CartesianIndex(4, 3) with a.
506    112    23         21.0486    27.0196    28.3678    % 
UB: 27.019565217391303
branching on CartesianIndex(5, 3) with a.
507    113    23         21.0486    27.0196    28.3678    % 
LB close or above UB, fathomed
508    112    22         21.0486    27.0196    28.3678    % 
LB close or above UB, fathomed
509    111    21         21.0486    27.0196    28.3678    % 
LB close or above UB, fathomed
510    110    20         21.0486    27.0196    28.3678    % 
LB close or above UB, fathomed
511    109    24         21.0486    27.0196    28.3678    % 
UB: 27.019565217391303
branching on 1 with b.
512    110    24         21.0486    27.0196    28.3678    % 
LB close or above UB, fathomed
513    109    28         21.0486    27.0196    28.3678    % 
UB: 27.019565217391303
branching on CartesianIndex(1, 4) with c.
514    110    29         21.0486    27.0196    28.3678    % 
LB close or above UB, fathomed
515    109    29         21.0486    27.0196    28.3678    % 
UB: 27.019565217391303
branching on CartesianIndex(1, 5) with c.
516    110    28         21.0486    27.0196    28.3678    % 
LB close or above UB, fathomed
517    109    30         21.0486    27.0196    28.3678    % 
UB: 27.019565217391303
branching on CartesianIndex(2, 5) with c.
518    110    30         21.0486    27.0196    28.3678    % 
LB close or above UB, fathomed
519    109    28         21.0486    27.0196    28.3678    % 
LB close or above UB, fathomed
520    108    28         21.0486    27.0196    28.3678    % 
UB: 27.019565217391303
branching on CartesianIndex(1, 5) with c.
521    109    29         21.0486    27.0196    28.3678    % 
UB: 27.019565217391303
branching on CartesianIndex(2, 5) with c.
522    110    30         21.0486    27.0196    28.3678    % 
UB: 27.019565217391303
branching on CartesianIndex(1, 6) with c.
523    111    31         21.0486    27.0196    28.3678    % 
LB close or above UB, fathomed
524    110    31         21.0486    27.0196    28.3678    % 
UB: 27.019565217391303
branching on 3 with b.
525    111    32         21.0486    27.0196    28.3678    % 
LB close or above UB, fathomed
526    110    32         21.0486    27.0196    28.3678    % 
UB: 27.019565217391303
branching on CartesianIndex(1, 7) with c.
527    111    33         21.0486    27.0196    28.3678    % 
UB: 27.019565217391303
branching on CartesianIndex(2, 7) with c.
528    112    34         21.0486    27.0196    28.3678    % 
LB close or above UB, fathomed
529    111    34         21.0486    27.0196    28.3678    % 
UB: 27.019565217391303
branching on 1 with b.
530    112    35         21.0486    27.0196    28.3678    % 
UB: 27.019565217391303
branching on 2 with b.
531    113    36         21.0486    27.0196    28.3678    % 
UB: 27.019565217391303
branching on 3 with b.
532    114    37         21.0486    27.0196    28.3678    % 
LB close or above UB, fathomed
533    113    37         21.0486    27.0196    28.3678    % 
UB: 27.019565217391303
branching on 1 with b.
534    114    38         21.0486    27.0196    28.3678    % 
UB: 27.019565217391303
branching on 2 with b.
535    115    39         21.0486    27.0196    28.3678    % 
LB close or above UB, fathomed
536    114    39         21.0486    27.0196    28.3678    % 
LB close or above UB, fathomed
537    113    38         21.0486    27.0196    28.3678    % 
LB close or above UB, fathomed
538    112    36         21.0486    27.0196    28.3678    % 
LB close or above UB, fathomed
539    111    35         21.0486    27.0196    28.3678    % 
LB close or above UB, fathomed
540    110    33         21.0486    27.0196    28.3678    % 
LB close or above UB, fathomed
541    109    30         21.0486    27.0196    28.3678    % 
LB close or above UB, fathomed
542    108    29         21.0486    27.0196    28.3678    % 
LB close or above UB, fathomed
543    107    22         21.0486    27.0196    28.3678    % 
UB: 27.019565217391303
branching on CartesianIndex(6, 3) with a.
544    108    23         21.0486    27.0196    28.3678    % 
UB: 27.019565217391303
branching on CartesianIndex(1, 4) with c.
545    109    24         21.0486    27.0196    28.3678    % 
LB close or above UB, fathomed
546    108    24         21.0486    27.0196    28.3678    % 
UB: 27.019565217391303
branching on CartesianIndex(1, 5) with c.
547    109    25         21.0486    27.0196    28.3678    % 
UB: 27.019565217391303
branching on CartesianIndex(2, 5) with c.
548    110    26         21.0486    27.0196    28.3678    % 
UB: 27.019565217391303
branching on CartesianIndex(1, 6) with c.
549    111    27         21.0486    27.0196    28.3678    % 
LB close or above UB, fathomed
550    110    27         21.0486    27.0196    28.3678    % 
UB: 27.019565217391303
branching on CartesianIndex(1, 7) with c.
551    111    28         21.0486    27.0196    28.3678    % 
UB: 27.019565217391303
branching on CartesianIndex(2, 7) with c.
552    112    29         21.0486    27.0196    28.3678    % 
LB close or above UB, fathomed
553    111    29         21.0486    27.0196    28.3678    % 
UB: 27.019565217391303
branching on 3 with b.
554    112    30         21.0486    27.0196    28.3678    % 
UB: 27.019565217391303
branching on 1 with b.
555    113    31         21.0486    27.0196    28.3678    % 
LB close or above UB, fathomed
556    112    31         21.0486    27.0196    28.3678    % 
UB: 27.019565217391303
branching on 2 with b.
557    113    32         21.0486    27.0196    28.3678    % 
UB: 27.019565217391303
branching on 3 with b.
558    114    32         21.0486    27.0196    28.3678    % 
UB: 27.019565217391303
branching on 3 with b.
559    115    30         21.0486    27.0196    28.3678    % 
LB close or above UB, fathomed
560    114    28         21.0486    27.0196    28.3678    % 
LB close or above UB, fathomed
561    113    26         21.0486    27.0196    28.3678    % 
LB close or above UB, fathomed
562    112    25         21.0486    27.0196    28.3678    % 
LB close or above UB, fathomed
563    111    23         21.0486    27.0196    28.3678    % 
LB close or above UB, fathomed
564    110    22         21.0486    27.0196    28.3678    % 
LB close or above UB, fathomed
565    109    38         21.0486    27.0196    28.3678    % 
UB: 27.019565217391303
branching on 2 with b.
566    110    39         21.0486    27.0196    28.3678    % 
LB close or above UB, fathomed
567    109    39         21.0486    27.0196    28.3678    % 
LB close or above UB, fathomed
568    108    38         21.0486    27.0196    28.3678    % 
LB close or above UB, fathomed
569    107    24         21.0486    27.0196    28.3678    % 
UB: 27.019565217391303
branching on CartesianIndex(5, 3) with a.
570    108    25         21.0486    27.0196    28.3678    % 
UB: 27.019565217391303
branching on CartesianIndex(6, 3) with a.
571    109    26         21.0486    27.0196    28.3678    % 
UB: 27.019565217391303
branching on CartesianIndex(1, 4) with c.
572    110    26         21.0486    27.0196    28.3678    % 
LB close or above UB, fathomed
573    109    25         21.0486    27.0196    28.3678    % 
LB close or above UB, fathomed
574    108    24         21.0486    27.0196    28.3678    % 
LB close or above UB, fathomed
575    107    27         21.0486    27.0196    28.3678    % 
LB close or above UB, fathomed
576    106    27         21.0486    27.0196    28.3678    % 
UB: 27.019565217391303
branching on CartesianIndex(1, 5) with c.
577    107    28         21.0486    27.0196    28.3678    % 
UB: 27.019565217391303
branching on CartesianIndex(2, 5) with c.
578    108    29         21.0486    27.0196    28.3678    % 
UB: 27.019565217391303
branching on CartesianIndex(1, 6) with c.
579    109    30         21.0486    27.0196    28.3678    % 
LB close or above UB, fathomed
580    108    30         21.0486    27.0196    28.3678    % 
UB: 27.019565217391303
branching on 2 with b.
581    109    31         21.0486    27.0196    28.3678    % 
LB close or above UB, fathomed
582    108    31         21.0486    27.0196    28.3678    % 
UB: 27.019565217391303
branching on CartesianIndex(1, 7) with c.
583    109    29         21.0486    27.0196    28.3678    % 
LB close or above UB, fathomed
584    108    28         21.0486    27.0196    28.3678    % 
LB close or above UB, fathomed
585    107    25         21.0486    27.0196    28.3678    % 
UB: 27.019565217391303
branching on CartesianIndex(6, 3) with a.
586    108    25         21.0486    27.0196    28.3678    % 
LB close or above UB, fathomed
587    107    31         21.0486    27.0196    28.3678    % 
UB: 27.019565217391303
branching on 2 with b.
588    108    32         21.0486    27.0196    28.3678    % 
LB close or above UB, fathomed
589    107    32         21.0486    27.0196    28.3678    % 
UB: 27.019565217391303
branching on CartesianIndex(1, 6) with c.
590    108    31         21.0486    27.0196    28.3678    % 
LB close or above UB, fathomed
591    107    24         21.0486    27.0196    28.3678    % 
UB: 27.019565217391303
branching on CartesianIndex(1, 4) with c.
592    108    25         21.0486    27.0196    28.3678    % 
LB close or above UB, fathomed
593    107    25         21.0486    27.0196    28.3678    % 
UB: 27.019565217391303
branching on CartesianIndex(1, 5) with c.
594    108    24         21.0486    27.0196    28.3678    % 
LB close or above UB, fathomed
595    107    22         21.0486    27.0196    28.3678    % 
LB close or above UB, fathomed
596    106    22         21.0486    27.0196    28.3678    % 
UB: 27.019565217391303
branching on CartesianIndex(1, 5) with c.
597    107    23         21.0486    27.0196    28.3678    % 
UB: 27.019565217391303
branching on CartesianIndex(2, 5) with c.
598    108    24         21.0486    27.0196    28.3678    % 
UB: 27.019565217391303
branching on CartesianIndex(1, 6) with c.
599    109    25         21.0486    27.0196    28.3678    % 
LB close or above UB, fathomed
600    108    25         21.0486    27.0196    28.3678    % 
UB: 27.019565217391303
branching on 1 with b.
601    109    26         21.0486    27.0196    28.3678    % 
UB: 27.019565217391303
branching on CartesianIndex(1, 7) with c.
602    110    26         21.0486    27.0196    28.3678    % 
UB: 27.019565217391303
branching on 2 with b.
603    111    24         21.0486    27.0196    28.3678    % 
LB close or above UB, fathomed
604    110    23         21.0486    27.0196    28.3678    % 
LB close or above UB, fathomed
605    109    27         21.0486    27.0196    28.3678    % 
LB close or above UB, fathomed
606    108    27         21.0486    27.0196    28.3678    % 
UB: 27.019565217391303
branching on CartesianIndex(1, 7) with c.
607    109    32         21.0486    27.0196    28.3678    % 
LB close or above UB, fathomed
608    108    32         21.0486    27.0196    28.3678    % 
UB: 27.019565217391303
branching on CartesianIndex(1, 6) with c.
609    109    33         21.0486    27.0196    28.3678    % 
LB close or above UB, fathomed
610    108    33         21.0486    27.0196    28.3678    % 
UB: 27.019565217391303
branching on CartesianIndex(1, 7) with c.
611    109    34         21.0486    27.0196    28.3678    % 
UB: 27.019565217391303
branching on CartesianIndex(2, 7) with c.
612    110    35         21.0486    27.0196    28.3678    % 
LB close or above UB, fathomed
613    109    35         21.0486    27.0196    28.3678    % 
UB: 27.019565217391303
branching on 2 with b.
614    110    36         21.0486    27.0196    28.3678    % 
UB: 27.019565217391303
branching on 3 with b.
615    111    37         21.0486    27.0196    28.3678    % 
UB: 27.019565217391303
branching on 1 with b.
616    112    38         21.0486    27.0196    28.3678    % 
UB: 27.019565217391303
branching on 2 with b.
617    113    38         21.0486    27.0196    28.3678    % 
UB: 27.019565217391303
branching on 2 with b.
618    114    37         21.0486    27.0196    28.3678    % 
UB: 27.019565217391303
branching on 1 with b.
619    115    36         21.0486    27.0196    28.3678    % 
LB close or above UB, fathomed
620    114    34         21.0486    27.0196    28.3678    % 
LB close or above UB, fathomed
621    113    30         21.0486    27.0196    28.3678    % 
UB: 27.019565217391303
branching on CartesianIndex(2, 5) with c.
622    114    30         21.0486    27.0196    28.3678    % 
LB close or above UB, fathomed
623    113    4          23.9836    27.0196    12.6584    % 
LB close or above UB, fathomed
624    112    4          23.9836    27.0196    12.6584    % 
UB: 27.019565217391303
branching on 1 with b.
625    113    5          23.9836    27.0196    12.6584    % 
UB: 27.019565217391303
branching on CartesianIndex(1, 1) with a.
626    114    6          23.9836    27.0196    12.6584    % 
LB close or above UB, fathomed
627    113    6          23.9836    27.0196    12.6584    % 
LB close or above UB, fathomed
628    112    5          23.9836    27.0196    12.6584    % 
LB close or above UB, fathomed
629    111    5          23.9841    27.0196    12.6564    % 
UB: 27.019565217391303
branching on 1 with b.
630    112    6          23.9841    27.0196    12.6564    % 
LB close or above UB, fathomed
631    111    6          23.9841    27.0196    12.6564    % 
UB: 27.019565217391303
branching on 1 with b.
632    112    7          23.9841    27.0196    12.6564    % 
UB: 27.019565217391303
branching on 2 with b.
633    113    8          23.9841    27.0196    12.6564    % 
UB: 27.019565217391303
branching on 1 with b.
634    114    9          23.9841    27.0196    12.6564    % 
LB close or above UB, fathomed
635    113    9          23.9841    27.0196    12.6564    % 
LB close or above UB, fathomed
636    112    8          23.9841    27.0196    12.6564    % 
LB close or above UB, fathomed
637    111    7          23.9841    27.0196    12.6564    % 
LB close or above UB, fathomed
638    110    5          23.9841    27.0196    12.6564    % 
LB close or above UB, fathomed
639    109    16         24.0339    27.0196    12.4225    % 
LB close or above UB, fathomed
640    108    16         24.0339    27.0196    12.4225    % 
LB close or above UB, fathomed
641    107    33         24.0341    27.0196    12.4220    % 
LB close or above UB, fathomed
642    106    33         24.0341    27.0196    12.4220    % 
LB close or above UB, fathomed
643    105    33         24.0341    27.0196    12.4220    % 
LB close or above UB, fathomed
644    104    33         24.0341    27.0196    12.4220    % 
LB close or above UB, fathomed
645    103    34         24.0341    27.0196    12.4220    % 
UB: 27.019565217391303
branching on 2 with b.
646    104    35         24.0341    27.0196    12.4220    % 
LB close or above UB, fathomed
647    103    35         24.0341    27.0196    12.4220    % 
LB close or above UB, fathomed
648    102    34         24.0341    27.0196    12.4220    % 
LB close or above UB, fathomed
649    101    11         24.0341    27.0196    12.4220    % 
UB: 27.019565217391303
branching on CartesianIndex(2, 2) with a.
650    102    12         24.0341    27.0196    12.4220    % 
UB: 27.019565217391303
branching on 1 with b.
651    103    13         24.0341    27.0196    12.4220    % 
UB: 27.019565217391303
branching on CartesianIndex(3, 2) with a.
652    104    14         24.0341    27.0196    12.4220    % 
LB close or above UB, fathomed
653    103    14         24.0341    27.0196    12.4220    % 
UB: 27.019565217391303
branching on CartesianIndex(1, 3) with a.
654    104    13         24.0341    27.0196    12.4220    % 
LB close or above UB, fathomed
655    103    12         24.0341    27.0196    12.4220    % 
LB close or above UB, fathomed
656    102    11         24.0341    27.0196    12.4220    % 
LB close or above UB, fathomed
657    101    10         24.0341    27.0196    12.4220    % 
UB: 27.019565217391303
branching on 3 with b.
658    102    11         24.0341    27.0196    12.4220    % 
LB close or above UB, fathomed
659    101    11         24.0341    27.0196    12.4220    % 
LB close or above UB, fathomed
660    100    10         24.0341    27.0196    12.4220    % 
LB close or above UB, fathomed
661    99     34         24.0341    27.0196    12.4220    % 
UB: 27.019565217391303
branching on 2 with b.
662    100    35         24.0341    27.0196    12.4220    % 
LB close or above UB, fathomed
663    99     35         24.0341    27.0196    12.4220    % 
UB: 27.019565217391303
branching on 3 with b.
664    100    36         24.0341    27.0196    12.4220    % 
UB: 27.019565217391303
branching on 1 with b.
665    101    37         24.0341    27.0196    12.4220    % 
LB close or above UB, fathomed
666    100    37         24.0341    27.0196    12.4220    % 
LB close or above UB, fathomed
667    99     36         24.0341    27.0196    12.4220    % 
LB close or above UB, fathomed
668    98     34         24.0341    27.0196    12.4220    % 
LB close or above UB, fathomed
669    97     15         24.0341    27.0196    12.4220    % 
LB close or above UB, fathomed
670    96     15         24.0341    27.0196    12.4220    % 
LB close or above UB, fathomed
671    95     16         24.0341    27.0196    12.4220    % 
LB close or above UB, fathomed
672    94     16         24.0341    27.0196    12.4220    % 
UB: 27.019565217391303
branching on 1 with b.
673    95     17         24.0341    27.0196    12.4220    % 
LB close or above UB, fathomed
674    94     17         24.0341    27.0196    12.4220    % 
LB close or above UB, fathomed
675    93     18         24.0341    27.0196    12.4220    % 
UB: 27.019565217391303
branching on CartesianIndex(5, 2) with a.
676    94     19         24.0341    27.0196    12.4220    % 
UB: 27.019565217391303
branching on CartesianIndex(6, 2) with a.
677    95     20         24.0341    27.0196    12.4220    % 
LB close or above UB, fathomed
678    94     20         24.0341    27.0196    12.4220    % 
UB: 27.019565217391303
branching on CartesianIndex(1, 3) with a.
679    95     21         24.0341    27.0196    12.4220    % 
LB close or above UB, fathomed
680    94     21         24.0341    27.0196    12.4220    % 
LB close or above UB, fathomed
681    93     19         24.0341    27.0196    12.4220    % 
LB close or above UB, fathomed
682    92     18         24.0341    27.0196    12.4220    % 
LB close or above UB, fathomed
683    91     22         24.0341    27.0196    12.4220    % 
LB close or above UB, fathomed
684    90     22         24.0341    27.0196    12.4220    % 
LB close or above UB, fathomed
685    89     21         24.0341    27.0196    12.4220    % 
LB close or above UB, fathomed
686    88     21         24.0341    27.0196    12.4220    % 
LB close or above UB, fathomed
687    87     37         24.0341    27.0196    12.4220    % 
UB: 27.019565217391303
branching on 2 with b.
688    88     38         24.0341    27.0196    12.4220    % 
LB close or above UB, fathomed
689    87     38         24.0341    27.0196    12.4220    % 
LB close or above UB, fathomed
690    86     37         24.0341    27.0196    12.4220    % 
LB close or above UB, fathomed
691    85     38         24.0341    27.0196    12.4220    % 
LB close or above UB, fathomed
692    84     38         24.0341    27.0196    12.4220    % 
LB close or above UB, fathomed
693    83     30         24.0341    27.0196    12.4220    % 
UB: 27.019565217391303
branching on 2 with b.
694    84     31         24.0341    27.0196    12.4220    % 
LB close or above UB, fathomed
695    83     31         24.0341    27.0196    12.4220    % 
LB close or above UB, fathomed
696    82     30         24.0341    27.0196    12.4220    % 
LB close or above UB, fathomed
697    81     36         24.0341    27.0196    12.4220    % 
LB close or above UB, fathomed
698    80     36         24.0341    27.0196    12.4220    % 
UB: 27.019565217391303
branching on 1 with b.
699    81     37         24.0341    27.0196    12.4220    % 
UB: 27.019565217391303
branching on 2 with b.
700    82     38         24.0341    27.0196    12.4220    % 
LB close or above UB, fathomed
701    81     38         24.0341    27.0196    12.4220    % 
LB close or above UB, fathomed
702    80     37         24.0341    27.0196    12.4220    % 
LB close or above UB, fathomed
703    79     14         24.0341    27.0196    12.4220    % 
LB close or above UB, fathomed
704    78     14         24.0341    27.0196    12.4220    % 
UB: 27.019565217391303
branching on CartesianIndex(2, 2) with a.
705    79     15         24.0341    27.0196    12.4220    % 
LB close or above UB, fathomed
706    78     15         24.0341    27.0196    12.4220    % 
LB close or above UB, fathomed
707    77     40         24.0341    27.0196    12.4220    % 
UB: 27.019565217391303
branching on 1 with b.
708    78     41         24.0341    27.0196    12.4220    % 
UB: 27.019565217391303
branching on 2 with b.
709    79     42         24.0341    27.0196    12.4220    % 
UB: 27.019565217391303
branching on 3 with b.
710    79     43         24.0341    27.0196    12.4220    % 
UB: 27.019565217391303
branching on 1 with b.
711    80     44         24.0341    27.0196    12.4220    % 
LB close or above UB, fathomed
712    79     44         24.0341    27.0196    12.4220    % 
LB close or above UB, fathomed
713    78     42         24.0341    27.0196    12.4220    % 
LB close or above UB, fathomed
714    77     41         24.0341    27.0196    12.4220    % 
LB close or above UB, fathomed
715    76     40         24.0341    27.0196    12.4220    % 
UB: 27.019565217391303
branching on 1 with b.
716    77     41         24.0341    27.0196    12.4220    % 
UB: 27.019565217391303
branching on 2 with b.
717    78     42         24.0341    27.0196    12.4220    % 
UB: 27.019565217391303
branching on 3 with b.
718    78     43         24.0341    27.0196    12.4220    % 
UB: 27.019565217391303
branching on 1 with b.
719    79     44         24.0341    27.0196    12.4220    % 
LB close or above UB, fathomed
720    78     44         24.0341    27.0196    12.4220    % 
LB close or above UB, fathomed
721    77     42         24.0341    27.0196    12.4220    % 
LB close or above UB, fathomed
722    76     41         24.0341    27.0196    12.4220    % 
LB close or above UB, fathomed
723    75     39         24.0341    27.0196    12.4220    % 
UB: 27.019565217391303
branching on 1 with b.
724    75     40         24.0341    27.0196    12.4220    % 
UB: 27.019565217391303
branching on 2 with b.
725    76     41         24.0341    27.0196    12.4220    % 
LB close or above UB, fathomed
726    75     41         24.0341    27.0196    12.4220    % 
UB: 27.019565217391303
branching on 3 with b.
727    75     42         24.0341    27.0196    12.4220    % 
UB: 27.019565217391303
branching on 1 with b.
728    76     43         24.0341    27.0196    12.4220    % 
UB: 27.019565217391303
branching on 2 with b.
729    76     44         24.0341    27.0196    12.4220    % 
UB: 27.019565217391303
branching on 3 with b.
730    76     45         24.0341    27.0196    12.4220    % 
UB: 27.019565217391303
branching on 1 with b.
731    76     46         24.0341    27.0196    12.4220    % 
UB: 27.019565217391303
branching on 2 with b.
732    77     47         24.0341    27.0196    12.4220    % 
UB: 27.019565217391303
branching on 3 with b.
733    77     48         24.0341    27.0196    12.4220    % 
UB: 27.019565217391303
branching on 1 with b.
734    77     49         24.0341    27.0196    12.4220    % 
UB: 27.019565217391303
branching on 2 with b.
735    78     50         24.0341    27.0196    12.4220    % 
LB close or above UB, fathomed
736    77     50         24.0341    27.0196    12.4220    % 
LB close or above UB, fathomed
737    76     47         24.0341    27.0196    12.4220    % 
LB close or above UB, fathomed
738    75     43         24.0341    27.0196    12.4220    % 
UB: 27.019565217391303
branching on 2 with b.
739    75     44         24.0341    27.0196    12.4220    % 
UB: 27.019565217391303
branching on 3 with b.
740    75     45         24.0341    27.0196    12.4220    % 
UB: 27.019565217391303
branching on 1 with b.
741    75     46         24.0341    27.0196    12.4220    % 
UB: 27.019565217391303
branching on 2 with b.
742    76     47         24.0341    27.0196    12.4220    % 
UB: 27.019565217391303
branching on 3 with b.
743    76     48         24.0341    27.0196    12.4220    % 
UB: 27.019565217391303
branching on 1 with b.
744    76     49         24.0341    27.0196    12.4220    % 
UB: 27.019565217391303
branching on 2 with b.
745    77     50         24.0341    27.0196    12.4220    % 
LB close or above UB, fathomed
746    76     50         24.0341    27.0196    12.4220    % 
LB close or above UB, fathomed
747    75     47         24.0341    27.0196    12.4220    % 
LB close or above UB, fathomed
748    74     39         24.0341    27.0196    12.4220    % 
UB: 27.019565217391303
branching on 1 with b.
749    74     40         24.0341    27.0196    12.4220    % 
UB: 27.019565217391303
branching on 2 with b.
750    75     41         24.0341    27.0196    12.4220    % 
LB close or above UB, fathomed
751    74     41         24.0341    27.0196    12.4220    % 
UB: 27.019565217391303
branching on 3 with b.
752    74     42         24.0341    27.0196    12.4220    % 
UB: 27.019565217391303
branching on 1 with b.
753    75     43         24.0341    27.0196    12.4220    % 
UB: 27.019565217391303
branching on 2 with b.
754    75     44         24.0341    27.0196    12.4220    % 
UB: 27.019565217391303
branching on 3 with b.
755    75     45         24.0341    27.0196    12.4220    % 
UB: 27.019565217391303
branching on 1 with b.
756    75     46         24.0341    27.0196    12.4220    % 
UB: 27.019565217391303
branching on 2 with b.
757    76     47         24.0341    27.0196    12.4220    % 
UB: 27.019565217391303
branching on 3 with b.
758    76     48         24.0341    27.0196    12.4220    % 
UB: 27.019565217391303
branching on 1 with b.
759    76     49         24.0341    27.0196    12.4220    % 
UB: 27.019565217391303
branching on 2 with b.
760    77     50         24.0341    27.0196    12.4220    % 
LB close or above UB, fathomed
761    76     50         24.0341    27.0196    12.4220    % 
LB close or above UB, fathomed
762    75     47         24.0341    27.0196    12.4220    % 
LB close or above UB, fathomed
763    74     43         24.0341    27.0196    12.4220    % 
UB: 27.019565217391303
branching on 2 with b.
764    74     44         24.0341    27.0196    12.4220    % 
UB: 27.019565217391303
branching on 3 with b.
765    74     45         24.0341    27.0196    12.4220    % 
UB: 27.019565217391303
branching on 1 with b.
766    74     46         24.0341    27.0196    12.4220    % 
UB: 27.019565217391303
branching on 2 with b.
767    75     47         24.0341    27.0196    12.4220    % 
UB: 27.019565217391303
branching on 3 with b.
768    75     48         24.0341    27.0196    12.4220    % 
UB: 27.019565217391303
branching on 1 with b.
769    75     49         24.0341    27.0196    12.4220    % 
UB: 27.019565217391303
branching on 2 with b.
770    76     50         24.0341    27.0196    12.4220    % 
LB close or above UB, fathomed
771    75     50         24.0341    27.0196    12.4220    % 
LB close or above UB, fathomed
772    74     47         24.0341    27.0196    12.4220    % 
LB close or above UB, fathomed
773    73     39         24.0341    27.0196    12.4220    % 
UB: 27.019565217391303
branching on 1 with b.
774    73     40         24.0341    27.0196    12.4220    % 
UB: 27.019565217391303
branching on 2 with b.
775    74     41         24.0341    27.0196    12.4220    % 
UB: 27.019565217391303
branching on 3 with b.
776    74     42         24.0341    27.0196    12.4220    % 
UB: 27.019565217391303
branching on 1 with b.
777    75     43         24.0341    27.0196    12.4220    % 
UB: 27.019565217391303
branching on 2 with b.
778    76     44         24.0341    27.0196    12.4220    % 
UB: 27.019565217391303
branching on 3 with b.
779    76     45         24.0341    27.0196    12.4220    % 
UB: 27.019565217391303
branching on 1 with b.
780    76     46         24.0341    27.0196    12.4220    % 
UB: 27.019565217391303
branching on 2 with b.
781    77     47         24.0341    27.0196    12.4220    % 
LB close or above UB, fathomed
782    76     47         24.0341    27.0196    12.4220    % 
UB: 27.019565217391303
branching on 3 with b.
783    76     48         24.0341    27.0196    12.4220    % 
UB: 27.019565217391303
branching on 1 with b.
784    76     49         24.0341    27.0196    12.4220    % 
UB: 27.019565217391303
branching on 2 with b.
785    76     50         24.0341    27.0196    12.4220    % 
UB: 24.03405797101449
branching on 3 with b.
786    76     51         24.0341    24.0341    0.0000     % 
LB close or above UB, fathomed
all node solved
solved nodes:  787
787                                                   2.4034e+01     2.4034e+01     0.0000  % 
7×3 Matrix{Float64}:
 0.0  1.0  0.0
 0.0  0.0  0.0
 0.0  0.0  0.0
 0.0  0.0  0.0
 0.0  0.0  0.0
 0.0  0.0  1.0
 1.0  0.0  0.0
3-element Vector{Float64}:
 0.5256755211420937
 0.2688440541276404
 0.16289172889225814
3×7 Matrix{Float64}:
 0.0  0.0  0.0  0.0  1.0  0.0  0.0
 0.0  0.0  0.0  0.0  0.0  1.0  1.0
 0.0  0.0  0.0  1.0  0.0  0.0  0.0
3-element Vector{Float64}:
 1.0
 1.0
 1.0
7×3 Matrix{Float64}:
 1.0  0.0  0.0
 0.0  0.0  0.0
 0.0  0.0  0.0
 0.0  0.0  0.0
 0.0  0.0  0.0
 0.0  0.0  0.0
 0.0  1.0  1.0
3-element Vector{Float64}:
 0.26645945655814435
 0.13268177661567443
 0.5065515261127008
3×7 Matrix{Float64}:
 0.0  0.0  0.0  1.0  0.0  1.0  0.0
 0.0  0.0  0.0  0.0  0.0  0.0  1.0
 0.0  0.0  0.0  0.0  1.0  0.0  0.0
3-element Vector{Float64}:
 1.0
 1.0
 1.0
comparison (CRT and Glb)on prediction: Dict{Bool, Int64}(0 => 2, 1 => 51)
Dataname	 time	 objv	 lb	 gap	 train_w	 train_g	 test_w	 test_g
seeds_226.seeds	 85.83	 24.03405797101449	 24.034	 0.0	 90.85	 94.771	 94.34	 94.34
