Running 6 processes.
Start training seeds_436.seeds with seed 1.
Any[]
(7, 206)
(7, 102)
(7, 51)
(7, 53)
dimension: 7, class: 3
cart cost: 44.93260869565216
size of X: (7, 153)
ngroups: 6
UB: 35.97608695652174
Iter	left	lev	LB	UB	gap	
0      0      1          9.0494     35.9761    297.5523   % 
UB: 35.97608695652174
branching on 1 with d.
1      1      2          9.0494     35.9761    297.5523   % 
LB close or above UB, fathomed
2      0      2          9.0494     35.9761    297.5523   % 
UB: 35.97608695652174
branching on 2 with d.
3      1      3          9.0494     35.9761    297.5523   % 
UB: 35.97608695652174
branching on 3 with d.
4      2      3          9.0494     35.9761    297.5523   % 
UB: 35.97608695652174
branching on 3 with d.
5      3      4          9.0494     35.9761    297.5523   % 
UB: 35.97608695652174
branching on CartesianIndex(1, 1) with a.
6      4      4          9.0494     35.9761    297.5523   % 
UB: 35.97608695652174
branching on CartesianIndex(1, 1) with a.
7      5      5          9.0661     35.9761    296.8215   % 
UB: 35.97608695652174
branching on 1 with b.
8      6      5          9.0661     35.9761    296.8215   % 
UB: 32.99057971014493
branching on CartesianIndex(1, 2) with a.
9      7      6          9.0661     32.9906    263.8909   % 
UB: 32.99057971014493
branching on 1 with b.
10     8      7          9.0661     32.9906    263.8909   % 
UB: 32.99057971014493
branching on CartesianIndex(2, 2) with a.
11     9      8          9.0661     32.9906    263.8909   % 
UB: 32.99057971014493
branching on 1 with b.
12     10     9          9.0661     32.9906    263.8909   % 
UB: 32.99057971014493
branching on 2 with b.
13     11     9          9.0661     32.9906    263.8909   % 
UB: 32.99057971014493
branching on CartesianIndex(3, 2) with a.
14     12     8          9.0661     32.9906    263.8909   % 
UB: 32.99057971014493
branching on CartesianIndex(1, 3) with a.
15     13     7          9.0661     32.9906    263.8909   % 
UB: 32.99057971014493
branching on CartesianIndex(2, 2) with a.
16     14     6          9.0661     32.9906    263.8909   % 
UB: 32.99057971014493
branching on 1 with b.
17     15     6          9.0798     32.9906    263.3389   % 
UB: 32.99057971014493
branching on 1 with b.
18     16     6          9.0798     32.9906    263.3389   % 
UB: 32.99057971014493
branching on 1 with b.
19     17     10         9.0927     32.9906    262.8230   % 
UB: 32.99057971014493
branching on CartesianIndex(4, 2) with a.
20     18     10         9.0927     32.9906    262.8230   % 
LB close or above UB, fathomed
21     17     7          9.0934     32.9906    262.7950   % 
UB: 32.99057971014493
branching on CartesianIndex(2, 1) with a.
22     18     7          9.0934     32.9906    262.7950   % 
UB: 32.99057971014493
branching on CartesianIndex(2, 1) with a.
23     19     8          9.0934     32.9906    262.7950   % 
UB: 32.99057971014493
branching on 2 with b.
24     20     8          9.0934     32.9906    262.7950   % 
UB: 32.99057971014493
branching on CartesianIndex(1, 2) with a.
25     21     9          9.0934     32.9906    262.7950   % 
UB: 32.99057971014493
branching on 2 with b.
26     22     10         9.0934     32.9906    262.7950   % 
UB: 32.99057971014493
branching on 3 with b.
27     23     11         9.0934     32.9906    262.7950   % 
UB: 32.99057971014493
branching on CartesianIndex(2, 2) with a.
28     24     12         9.0934     32.9906    262.7950   % 
UB: 32.99057971014493
branching on 1 with b.
29     25     12         9.0934     32.9906    262.7950   % 
UB: 32.99057971014493
branching on CartesianIndex(1, 3) with a.
30     26     11         9.0934     32.9906    262.7950   % 
UB: 30.005072463768116
branching on CartesianIndex(2, 2) with a.
31     27     10         9.0934     30.0051    229.9636   % 
UB: 30.005072463768116
branching on CartesianIndex(2, 2) with a.
32     26     9          9.0934     30.0051    229.9636   % 
UB: 30.005072463768116
branching on 2 with b.
33     27     13         12.0790    30.0051    148.4078   % 
UB: 30.005072463768116
branching on CartesianIndex(3, 2) with a.
34     28     14         12.0790    30.0051    148.4078   % 
UB: 30.005072463768116
branching on CartesianIndex(4, 2) with a.
35     29     15         12.0790    30.0051    148.4078   % 
UB: 30.005072463768116
branching on CartesianIndex(5, 2) with a.
36     30     16         12.0790    30.0051    148.4078   % 
UB: 30.005072463768116
branching on CartesianIndex(6, 2) with a.
37     31     16         12.0790    30.0051    148.4078   % 
LB close or above UB, fathomed
38     30     15         12.0790    30.0051    148.4078   % 
LB close or above UB, fathomed
39     29     14         12.0790    30.0051    148.4078   % 
LB close or above UB, fathomed
40     28     13         12.0790    30.0051    148.4078   % 
UB: 30.005072463768116
branching on CartesianIndex(3, 2) with a.
41     29     12         12.0920    30.0051    148.1393   % 
UB: 30.005072463768116
branching on 1 with b.
42     30     13         12.0920    30.0051    148.1393   % 
UB: 30.005072463768116
branching on 2 with b.
43     31     14         12.0920    30.0051    148.1393   % 
UB: 30.005072463768116
branching on CartesianIndex(3, 2) with a.
44     32     14         12.0920    30.0051    148.1393   % 
UB: 30.005072463768116
branching on CartesianIndex(3, 2) with a.
45     33     13         12.0920    30.0051    148.1393   % 
UB: 30.005072463768116
branching on CartesianIndex(3, 2) with a.
46     34     12         12.0920    30.0051    148.1393   % 
UB: 30.005072463768116
branching on CartesianIndex(1, 3) with a.
47     35     9          12.0920    30.0051    148.1393   % 
UB: 30.005072463768116
branching on 3 with b.
48     36     9          12.0920    30.0051    148.1393   % 
UB: 30.005072463768116
branching on 3 with b.
49     37     10         12.0920    30.0051    148.1393   % 
UB: 30.005072463768116
branching on CartesianIndex(3, 1) with a.
50     38     11         12.0920    30.0051    148.1393   % 
UB: 30.005072463768116
branching on CartesianIndex(4, 1) with a.
51     39     11         12.0920    30.0051    148.1393   % 
LB close or above UB, fathomed
52     38     10         12.0920    30.0051    148.1393   % 
UB: 30.005072463768116
branching on CartesianIndex(3, 1) with a.
53     39     15         12.0920    30.0051    148.1393   % 
UB: 30.005072463768116
branching on CartesianIndex(4, 2) with a.
54     40     16         12.0920    30.0051    148.1393   % 
UB: 30.005072463768116
branching on CartesianIndex(5, 2) with a.
55     41     17         12.0920    30.0051    148.1393   % 
UB: 30.005072463768116
branching on CartesianIndex(6, 2) with a.
56     42     17         12.0920    30.0051    148.1393   % 
LB close or above UB, fathomed
57     41     16         12.0920    30.0051    148.1393   % 
LB close or above UB, fathomed
58     40     15         12.0920    30.0051    148.1393   % 
LB close or above UB, fathomed
59     39     11         15.0638    30.0051    99.1871    % 
UB: 30.005072463768116
branching on CartesianIndex(5, 2) with a.
60     40     12         15.0638    30.0051    99.1871    % 
UB: 30.005072463768116
branching on 2 with b.
61     41     13         15.0638    30.0051    99.1871    % 
UB: 30.005072463768116
branching on CartesianIndex(6, 2) with a.
62     42     14         15.0638    30.0051    99.1871    % 
UB: 30.005072463768112
branching on CartesianIndex(1, 3) with a.
63     43     14         15.0638    30.0051    99.1871    % 
UB: 30.005072463768112
branching on 3 with b.
64     44     13         15.0638    30.0051    99.1871    % 
LB close or above UB, fathomed
65     43     12         15.0638    30.0051    99.1871    % 
LB close or above UB, fathomed
66     42     11         15.0638    30.0051    99.1871    % 
UB: 30.005072463768112
branching on CartesianIndex(1, 3) with a.
67     43     17         15.0645    30.0051    99.1778    % 
UB: 27.019565217391303
branching on CartesianIndex(1, 3) with a.
68     44     17         15.0645    27.0196    79.3596    % 
UB: 27.019565217391303
branching on 2 with b.
69     33     18         15.0645    27.0196    79.3596    % 
UB: 27.019565217391303
branching on CartesianIndex(1, 3) with a.
70     34     18         15.0645    27.0196    79.3596    % 
UB: 27.019565217391303
branching on CartesianIndex(1, 3) with a.
71     35     19         15.0645    27.0196    79.3596    % 
UB: 27.019565217391303
branching on CartesianIndex(2, 3) with a.
72     36     20         15.0645    27.0196    79.3596    % 
UB: 27.019565217391303
branching on CartesianIndex(3, 3) with a.
73     37     21         15.0645    27.0196    79.3596    % 
UB: 27.019565217391303
branching on CartesianIndex(4, 3) with a.
74     38     22         15.0645    27.0196    79.3596    % 
UB: 27.019565217391303
branching on CartesianIndex(5, 3) with a.
75     39     23         15.0645    27.0196    79.3596    % 
UB: 27.019565217391303
branching on 3 with b.
76     40     24         15.0645    27.0196    79.3596    % 
LB close or above UB, fathomed
77     39     24         15.0645    27.0196    79.3596    % 
UB: 27.019565217391303
branching on CartesianIndex(6, 3) with a.
78     40     25         15.0645    27.0196    79.3596    % 
UB: 27.019565217391303
branching on CartesianIndex(1, 4) with c.
79     41     25         15.0645    27.0196    79.3596    % 
LB close or above UB, fathomed
80     40     23         15.0645    27.0196    79.3596    % 
LB close or above UB, fathomed
81     39     22         15.0645    27.0196    79.3596    % 
LB close or above UB, fathomed
82     38     21         15.0645    27.0196    79.3596    % 
LB close or above UB, fathomed
83     37     20         15.0645    27.0196    79.3596    % 
LB close or above UB, fathomed
84     36     19         15.0645    27.0196    79.3596    % 
LB close or above UB, fathomed
85     35     18         15.0775    27.0196    79.2041    % 
LB close or above UB, fathomed
86     34     18         15.0775    27.0196    79.2041    % 
UB: 27.019565217391303
branching on CartesianIndex(1, 3) with a.
87     35     11         15.0775    27.0196    79.2041    % 
UB: 27.019565217391303
branching on CartesianIndex(4, 1) with a.
88     36     12         15.0775    27.0196    79.2041    % 
UB: 27.019565217391303
branching on 1 with b.
89     37     13         15.0775    27.0196    79.2041    % 
UB: 27.019565217391303
branching on 2 with b.
90     38     13         15.0775    27.0196    79.2041    % 
UB: 27.019565217391303
branching on 2 with b.
91     39     12         15.0775    27.0196    79.2041    % 
LB close or above UB, fathomed
92     38     11         15.0775    27.0196    79.2041    % 
LB close or above UB, fathomed
93     37     12         15.0775    27.0196    79.2041    % 
UB: 27.019565217391303
branching on CartesianIndex(5, 1) with a.
94     38     13         15.0775    27.0196    79.2041    % 
LB close or above UB, fathomed
95     37     13         15.0775    27.0196    79.2041    % 
LB close or above UB, fathomed
96     36     12         15.0775    27.0196    79.2041    % 
LB close or above UB, fathomed
97     35     10         15.0775    27.0196    79.2041    % 
UB: 27.019565217391303
branching on CartesianIndex(3, 1) with a.
98     36     11         15.0775    27.0196    79.2041    % 
UB: 27.019565217391303
branching on CartesianIndex(4, 1) with a.
99     37     12         15.0775    27.0196    79.2041    % 
UB: 27.019565217391303
branching on CartesianIndex(5, 1) with a.
100    38     13         15.0775    27.0196    79.2041    % 
UB: 27.019565217391303
branching on CartesianIndex(6, 1) with a.
101    39     13         15.0775    27.0196    79.2041    % 
UB: 27.019565217391303
branching on CartesianIndex(1, 2) with a.
102    40     12         15.0775    27.0196    79.2041    % 
UB: 27.019565217391303
branching on 1 with b.
103    41     13         15.0775    27.0196    79.2041    % 
UB: 27.019565217391303
branching on CartesianIndex(1, 2) with a.
104    42     13         15.0775    27.0196    79.2041    % 
UB: 27.019565217391303
branching on CartesianIndex(1, 2) with a.
105    43     11         15.0775    27.0196    79.2041    % 
LB close or above UB, fathomed
106    42     10         15.0775    27.0196    79.2041    % 
UB: 27.019565217391303
branching on CartesianIndex(3, 1) with a.
107    43     11         15.0775    27.0196    79.2041    % 
UB: 27.019565217391303
branching on CartesianIndex(4, 1) with a.
108    44     12         15.0775    27.0196    79.2041    % 
UB: 27.019565217391303
branching on CartesianIndex(5, 1) with a.
109    45     12         15.0775    27.0196    79.2041    % 
UB: 27.019565217391303
branching on CartesianIndex(1, 2) with a.
110    46     11         15.0775    27.0196    79.2041    % 
LB close or above UB, fathomed
111    45     15         15.0775    27.0196    79.2041    % 
UB: 27.019565217391303
branching on CartesianIndex(1, 3) with a.
112    46     16         15.0775    27.0196    79.2041    % 
UB: 27.019565217391303
branching on CartesianIndex(2, 3) with a.
113    47     17         15.0775    27.0196    79.2041    % 
UB: 27.019565217391303
branching on CartesianIndex(3, 3) with a.
114    48     18         15.0775    27.0196    79.2041    % 
UB: 27.019565217391303
branching on 1 with b.
115    49     18         15.0775    27.0196    79.2041    % 
LB close or above UB, fathomed
116    48     17         15.0775    27.0196    79.2041    % 
LB close or above UB, fathomed
117    47     16         15.0775    27.0196    79.2041    % 
LB close or above UB, fathomed
118    46     15         15.0775    27.0196    79.2041    % 
UB: 27.019565217391303
branching on 1 with b.
119    47     16         15.0775    27.0196    79.2041    % 
UB: 27.019565217391303
branching on CartesianIndex(1, 3) with a.
120    48     16         15.0775    27.0196    79.2041    % 
LB close or above UB, fathomed
121    47     17         15.0775    27.0196    79.2041    % 
UB: 27.019565217391303
branching on CartesianIndex(2, 3) with a.
122    48     18         15.0775    27.0196    79.2041    % 
UB: 27.019565217391303
branching on 2 with b.
123    49     19         15.0775    27.0196    79.2041    % 
UB: 27.019565217391303
branching on CartesianIndex(3, 3) with a.
124    50     19         15.0775    27.0196    79.2041    % 
UB: 27.019565217391303
branching on 3 with b.
125    51     20         15.0775    27.0196    79.2041    % 
UB: 27.019565217391303
branching on 1 with b.
126    52     21         15.0775    27.0196    79.2041    % 
UB: 27.019565217391303
branching on 2 with b.
127    53     21         15.0775    27.0196    79.2041    % 
UB: 27.019565217391303
branching on CartesianIndex(3, 3) with a.
128    54     20         15.0775    27.0196    79.2041    % 
LB close or above UB, fathomed
129    53     18         15.0775    27.0196    79.2041    % 
UB: 27.019565217391303
branching on CartesianIndex(1, 4) with c.
130    54     17         15.0775    27.0196    79.2041    % 
UB: 27.019565217391303
branching on CartesianIndex(1, 4) with c.
131    55     19         15.0775    27.0196    79.2041    % 
UB: 27.019565217391303
branching on CartesianIndex(4, 3) with a.
132    56     20         15.0775    27.0196    79.2041    % 
UB: 27.019565217391303
branching on CartesianIndex(5, 3) with a.
133    57     21         15.0775    27.0196    79.2041    % 
UB: 27.019565217391303
branching on CartesianIndex(6, 3) with a.
134    58     22         15.0775    27.0196    79.2041    % 
UB: 27.019565217391303
branching on CartesianIndex(1, 4) with c.
135    59     22         15.0775    27.0196    79.2041    % 
LB close or above UB, fathomed
136    58     21         15.0775    27.0196    79.2041    % 
LB close or above UB, fathomed
137    57     20         15.0775    27.0196    79.2041    % 
LB close or above UB, fathomed
138    56     19         15.0775    27.0196    79.2041    % 
LB close or above UB, fathomed
139    55     23         15.0775    27.0196    79.2041    % 
LB close or above UB, fathomed
140    54     23         15.0775    27.0196    79.2041    % 
UB: 27.019565217391303
branching on CartesianIndex(1, 5) with c.
141    55     24         15.0775    27.0196    79.2041    % 
UB: 27.019565217391303
branching on CartesianIndex(2, 5) with c.
142    56     25         15.0775    27.0196    79.2041    % 
UB: 27.019565217391303
branching on CartesianIndex(1, 6) with c.
143    57     26         15.0775    27.0196    79.2041    % 
LB close or above UB, fathomed
144    56     26         15.0775    27.0196    79.2041    % 
UB: 27.019565217391303
branching on CartesianIndex(1, 7) with c.
145    57     27         15.0775    27.0196    79.2041    % 
UB: 27.019565217391303
branching on CartesianIndex(2, 7) with c.
146    58     28         15.0775    27.0196    79.2041    % 
LB close or above UB, fathomed
147    57     28         15.0775    27.0196    79.2041    % 
UB: 27.019565217391303
branching on 2 with b.
148    58     29         15.0775    27.0196    79.2041    % 
UB: 27.019565217391303
branching on 3 with b.
149    59     29         15.0775    27.0196    79.2041    % 
UB: 27.019565217391303
branching on 3 with b.
150    60     27         15.0775    27.0196    79.2041    % 
LB close or above UB, fathomed
151    59     25         15.0775    27.0196    79.2041    % 
LB close or above UB, fathomed
152    58     24         15.0775    27.0196    79.2041    % 
LB close or above UB, fathomed
153    57     19         15.0775    27.0196    79.2041    % 
UB: 27.019565217391303
branching on 3 with b.
154    58     20         15.0775    27.0196    79.2041    % 
UB: 27.019565217391303
branching on 1 with b.
155    59     21         15.0775    27.0196    79.2041    % 
UB: 27.019565217391303
branching on CartesianIndex(2, 3) with a.
156    60     21         15.0775    27.0196    79.2041    % 
UB: 27.019565217391303
branching on 2 with b.
157    61     20         15.0775    27.0196    79.2041    % 
LB close or above UB, fathomed
158    60     19         15.0775    27.0196    79.2041    % 
UB: 27.019565217391303
branching on CartesianIndex(1, 4) with c.
159    61     26         15.0775    27.0196    79.2041    % 
LB close or above UB, fathomed
160    60     26         15.0775    27.0196    79.2041    % 
UB: 27.019565217391303
branching on CartesianIndex(1, 5) with c.
161    61     19         15.0775    27.0196    79.2041    % 
LB close or above UB, fathomed
162    60     19         15.0775    27.0196    79.2041    % 
UB: 27.019565217391303
branching on CartesianIndex(1, 5) with c.
163    61     20         15.0775    27.0196    79.2041    % 
UB: 27.019565217391303
branching on CartesianIndex(2, 5) with c.
164    62     21         15.0775    27.0196    79.2041    % 
UB: 27.019565217391303
branching on CartesianIndex(1, 6) with c.
165    63     22         15.0775    27.0196    79.2041    % 
LB close or above UB, fathomed
166    62     22         15.0775    27.0196    79.2041    % 
UB: 27.019565217391303
branching on 2 with b.
167    63     23         15.0775    27.0196    79.2041    % 
UB: 27.019565217391303
branching on CartesianIndex(1, 7) with c.
168    64     23         15.0775    27.0196    79.2041    % 
UB: 27.019565217391303
branching on CartesianIndex(1, 7) with c.
169    65     21         15.0775    27.0196    79.2041    % 
LB close or above UB, fathomed
170    64     20         15.0775    27.0196    79.2041    % 
LB close or above UB, fathomed
171    63     22         15.0775    27.0196    79.2041    % 
UB: 27.019565217391303
branching on CartesianIndex(3, 3) with a.
172    64     22         15.0775    27.0196    79.2041    % 
UB: 27.019565217391303
branching on CartesianIndex(3, 3) with a.
173    65     23         15.0775    27.0196    79.2041    % 
UB: 27.019565217391303
branching on CartesianIndex(4, 3) with a.
174    66     24         15.0775    27.0196    79.2041    % 
UB: 27.019565217391303
branching on CartesianIndex(5, 3) with a.
175    67     25         15.0775    27.0196    79.2041    % 
UB: 27.019565217391303
branching on 3 with b.
176    68     26         15.0775    27.0196    79.2041    % 
UB: 27.019565217391303
branching on CartesianIndex(6, 3) with a.
177    69     27         15.0775    27.0196    79.2041    % 
UB: 27.019565217391303
branching on CartesianIndex(1, 4) with c.
178    70     27         15.0775    27.0196    79.2041    % 
LB close or above UB, fathomed
179    69     26         15.0775    27.0196    79.2041    % 
LB close or above UB, fathomed
180    68     25         15.0775    27.0196    79.2041    % 
LB close or above UB, fathomed
181    67     24         15.0775    27.0196    79.2041    % 
LB close or above UB, fathomed
182    66     23         15.0775    27.0196    79.2041    % 
LB close or above UB, fathomed
183    65     28         15.0775    27.0196    79.2041    % 
LB close or above UB, fathomed
184    64     28         15.0775    27.0196    79.2041    % 
UB: 27.019565217391303
branching on CartesianIndex(1, 5) with c.
185    65     14         16.5703    27.0196    63.0603    % 
UB: 27.019565217391303
branching on 2 with b.
186    66     14         16.5703    27.0196    63.0603    % 
UB: 27.019565217391303
branching on 2 with b.
187    67     7          18.0494    27.0196    49.6976    % 
UB: 27.019565217391303
branching on CartesianIndex(2, 1) with a.
188    68     8          18.0494    27.0196    49.6976    % 
UB: 27.019565217391303
branching on CartesianIndex(3, 1) with a.
189    69     9          18.0494    27.0196    49.6976    % 
UB: 27.019565217391303
branching on CartesianIndex(4, 1) with a.
190    70     10         18.0494    27.0196    49.6976    % 
UB: 27.019565217391303
branching on CartesianIndex(5, 1) with a.
191    71     11         18.0494    27.0196    49.6976    % 
UB: 27.019565217391303
branching on 2 with b.
192    72     12         18.0494    27.0196    49.6976    % 
UB: 27.019565217391303
branching on 3 with b.
193    73     12         18.0494    27.0196    49.6976    % 
LB close or above UB, fathomed
194    72     11         18.0494    27.0196    49.6976    % 
UB: 27.019565217391303
branching on 2 with b.
195    73     10         18.0494    27.0196    49.6976    % 
UB: 27.019565217391303
branching on 2 with b.
196    74     9          18.0494    27.0196    49.6976    % 
LB close or above UB, fathomed
197    73     8          18.0494    27.0196    49.6976    % 
UB: 27.019565217391303
branching on CartesianIndex(1, 2) with a.
198    74     7          18.0494    27.0196    49.6976    % 
LB close or above UB, fathomed
199    73     27         18.0500    27.0196    49.6931    % 
UB: 27.019565217391303
branching on CartesianIndex(2, 5) with c.
200    74     28         18.0500    27.0196    49.6931    % 
UB: 27.019565217391303
branching on CartesianIndex(1, 6) with c.
201    75     29         18.0500    27.0196    49.6931    % 
LB close or above UB, fathomed
202    74     29         18.0500    27.0196    49.6931    % 
UB: 27.019565217391303
branching on CartesianIndex(1, 7) with c.
203    75     30         18.0500    27.0196    49.6931    % 
UB: 27.019565217391303
branching on CartesianIndex(2, 7) with c.
204    76     31         18.0500    27.0196    49.6931    % 
LB close or above UB, fathomed
205    75     31         18.0500    27.0196    49.6931    % 
UB: 27.019565217391303
branching on 1 with b.
206    76     32         18.0500    27.0196    49.6931    % 
LB close or above UB, fathomed
207    75     32         18.0500    27.0196    49.6931    % 
UB: 27.019565217391303
branching on 2 with b.
208    76     30         18.0500    27.0196    49.6931    % 
LB close or above UB, fathomed
209    75     28         18.0500    27.0196    49.6931    % 
LB close or above UB, fathomed
210    74     27         18.0500    27.0196    49.6931    % 
LB close or above UB, fathomed
211    73     13         18.0630    27.0196    49.5848    % 
UB: 27.019565217391303
branching on CartesianIndex(6, 1) with a.
212    74     13         18.0630    27.0196    49.5848    % 
UB: 27.019565217391303
branching on 1 with b.
213    75     14         18.0630    27.0196    49.5848    % 
UB: 27.019565217391303
branching on CartesianIndex(6, 1) with a.
214    76     14         18.0630    27.0196    49.5848    % 
LB close or above UB, fathomed
215    75     13         18.0630    27.0196    49.5848    % 
UB: 27.019565217391303
branching on 1 with b.
216    76     14         18.0630    27.0196    49.5848    % 
UB: 27.019565217391303
branching on CartesianIndex(2, 2) with a.
217    77     15         18.0630    27.0196    49.5848    % 
UB: 27.019565217391303
branching on 2 with b.
218    78     16         18.0630    27.0196    49.5848    % 
LB close or above UB, fathomed
219    77     16         18.0630    27.0196    49.5848    % 
UB: 27.019565217391303
branching on CartesianIndex(3, 2) with a.
220    78     15         18.0630    27.0196    49.5848    % 
LB close or above UB, fathomed
221    77     14         18.0630    27.0196    49.5848    % 
UB: 27.019565217391303
branching on CartesianIndex(2, 2) with a.
222    78     13         18.0630    27.0196    49.5848    % 
LB close or above UB, fathomed
223    77     13         18.0630    27.0196    49.5848    % 
UB: 27.019565217391303
branching on CartesianIndex(6, 1) with a.
224    78     13         18.0630    27.0196    49.5848    % 
UB: 27.019565217391303
branching on CartesianIndex(1, 2) with a.
225    79     14         18.0630    27.0196    49.5848    % 
UB: 27.019565217391303
branching on 1 with b.
226    80     15         18.0630    27.0196    49.5848    % 
LB close or above UB, fathomed
227    79     15         18.0630    27.0196    49.5848    % 
UB: 27.019565217391303
branching on 2 with b.
228    80     16         18.0630    27.0196    49.5848    % 
UB: 27.019565217391303
branching on CartesianIndex(2, 2) with a.
229    81     16         18.0630    27.0196    49.5848    % 
UB: 27.019565217391303
branching on CartesianIndex(2, 2) with a.
230    82     17         18.0630    27.0196    49.5848    % 
UB: 27.019565217391303
branching on 3 with b.
231    83     17         18.0630    27.0196    49.5848    % 
LB close or above UB, fathomed
232    82     14         18.0630    27.0196    49.5848    % 
UB: 27.019565217391303
branching on CartesianIndex(1, 3) with a.
233    83     14         18.0630    27.0196    49.5848    % 
UB: 27.019565217391303
branching on 2 with b.
234    84     15         18.0630    27.0196    49.5848    % 
UB: 27.019565217391303
branching on CartesianIndex(2, 2) with a.
235    85     15         18.0630    27.0196    49.5848    % 
UB: 27.019565217391303
branching on CartesianIndex(2, 2) with a.
236    86     14         18.0630    27.0196    49.5848    % 
LB close or above UB, fathomed
237    85     14         18.0630    27.0196    49.5848    % 
UB: 27.019565217391303
branching on CartesianIndex(2, 2) with a.
238    86     15         18.0630    27.0196    49.5848    % 
UB: 27.019565217391303
branching on 1 with b.
239    87     16         18.0630    27.0196    49.5848    % 
LB close or above UB, fathomed
240    86     16         18.0630    27.0196    49.5848    % 
UB: 27.019565217391303
branching on 2 with b.
241    87     17         18.0630    27.0196    49.5848    % 
LB close or above UB, fathomed
242    86     17         18.0630    27.0196    49.5848    % 
UB: 27.019565217391303
branching on CartesianIndex(3, 2) with a.
243    87     15         18.0630    27.0196    49.5848    % 
LB close or above UB, fathomed
244    86     14         18.0630    27.0196    49.5848    % 
LB close or above UB, fathomed
245    85     14         18.0630    27.0196    49.5848    % 
UB: 27.019565217391303
branching on 3 with b.
246    86     15         18.0630    27.0196    49.5848    % 
UB: 27.019565217391303
branching on CartesianIndex(5, 1) with a.
247    87     16         18.0630    27.0196    49.5848    % 
LB close or above UB, fathomed
248    86     16         18.0630    27.0196    49.5848    % 
LB close or above UB, fathomed
249    85     15         18.0630    27.0196    49.5848    % 
LB close or above UB, fathomed
250    84     14         18.0630    27.0196    49.5848    % 
LB close or above UB, fathomed
251    83     14         18.0630    27.0196    49.5848    % 
UB: 27.019565217391303
branching on CartesianIndex(4, 2) with a.
252    84     14         18.0630    27.0196    49.5848    % 
LB close or above UB, fathomed
253    83     14         18.0630    27.0196    49.5848    % 
UB: 27.019565217391303
branching on CartesianIndex(4, 2) with a.
254    84     14         18.0630    27.0196    49.5848    % 
LB close or above UB, fathomed
255    83     10         18.0630    27.0196    49.5848    % 
UB: 27.019565217391303
branching on CartesianIndex(3, 2) with a.
256    84     10         18.0630    27.0196    49.5848    % 
LB close or above UB, fathomed
257    83     18         18.0630    27.0196    49.5848    % 
UB: 27.019565217391303
branching on CartesianIndex(2, 3) with a.
258    84     19         18.0630    27.0196    49.5848    % 
UB: 27.019565217391303
branching on CartesianIndex(3, 3) with a.
259    85     20         18.0630    27.0196    49.5848    % 
UB: 27.019565217391303
branching on 2 with b.
260    86     21         18.0630    27.0196    49.5848    % 
UB: 27.019565217391303
branching on CartesianIndex(4, 3) with a.
261    87     21         18.0630    27.0196    49.5848    % 
LB close or above UB, fathomed
262    86     20         18.0630    27.0196    49.5848    % 
LB close or above UB, fathomed
263    85     19         18.0630    27.0196    49.5848    % 
LB close or above UB, fathomed
264    84     18         18.0630    27.0196    49.5848    % 
LB close or above UB, fathomed
265    83     15         18.0630    27.0196    49.5848    % 
UB: 27.019565217391303
branching on 3 with b.
266    84     16         18.0630    27.0196    49.5848    % 
UB: 27.019565217391303
branching on 1 with b.
267    85     17         18.0630    27.0196    49.5848    % 
UB: 27.019565217391303
branching on CartesianIndex(4, 2) with a.
268    86     17         18.0630    27.0196    49.5848    % 
UB: 27.019565217391303
branching on 2 with b.
269    87     16         18.0630    27.0196    49.5848    % 
LB close or above UB, fathomed
270    86     15         18.0630    27.0196    49.5848    % 
LB close or above UB, fathomed
271    85     22         18.0630    27.0196    49.5848    % 
UB: 27.019565217391303
branching on CartesianIndex(5, 3) with a.
272    86     23         18.0630    27.0196    49.5848    % 
UB: 27.019565217391303
branching on CartesianIndex(6, 3) with a.
273    87     24         18.0630    27.0196    49.5848    % 
UB: 27.019565217391303
branching on CartesianIndex(1, 4) with c.
274    88     24         18.0630    27.0196    49.5848    % 
LB close or above UB, fathomed
275    87     23         18.0630    27.0196    49.5848    % 
LB close or above UB, fathomed
276    86     22         18.0630    27.0196    49.5848    % 
LB close or above UB, fathomed
277    85     25         18.0630    27.0196    49.5848    % 
LB close or above UB, fathomed
278    84     25         18.0630    27.0196    49.5848    % 
UB: 27.019565217391303
branching on 3 with b.
279    85     26         18.0630    27.0196    49.5848    % 
LB close or above UB, fathomed
280    84     26         18.0630    27.0196    49.5848    % 
UB: 27.019565217391303
branching on CartesianIndex(1, 5) with c.
281    85     27         18.0630    27.0196    49.5848    % 
UB: 27.019565217391303
branching on CartesianIndex(2, 5) with c.
282    86     28         18.0630    27.0196    49.5848    % 
UB: 27.019565217391303
branching on CartesianIndex(1, 6) with c.
283    87     29         18.0630    27.0196    49.5848    % 
LB close or above UB, fathomed
284    86     29         18.0630    27.0196    49.5848    % 
UB: 27.019565217391303
branching on CartesianIndex(1, 7) with c.
285    87     30         18.0630    27.0196    49.5848    % 
UB: 27.019565217391303
branching on CartesianIndex(2, 7) with c.
286    88     31         18.0630    27.0196    49.5848    % 
LB close or above UB, fathomed
287    87     31         18.0630    27.0196    49.5848    % 
UB: 27.019565217391303
branching on 1 with b.
288    88     32         18.0630    27.0196    49.5848    % 
UB: 27.019565217391303
branching on 2 with b.
289    89     32         18.0630    27.0196    49.5848    % 
UB: 27.019565217391303
branching on 2 with b.
290    90     30         18.0630    27.0196    49.5848    % 
LB close or above UB, fathomed
291    89     28         18.0630    27.0196    49.5848    % 
LB close or above UB, fathomed
292    88     27         18.0630    27.0196    49.5848    % 
LB close or above UB, fathomed
293    87     22         18.0630    27.0196    49.5848    % 
UB: 27.019565217391303
branching on CartesianIndex(2, 3) with a.
294    88     23         18.0630    27.0196    49.5848    % 
UB: 27.019565217391303
branching on CartesianIndex(3, 3) with a.
295    89     24         18.0630    27.0196    49.5848    % 
UB: 27.019565217391303
branching on CartesianIndex(4, 3) with a.
296    90     25         18.0630    27.0196    49.5848    % 
UB: 27.019565217391303
branching on CartesianIndex(5, 3) with a.
297    91     26         18.0630    27.0196    49.5848    % 
UB: 27.019565217391303
branching on 3 with b.
298    92     26         18.0630    27.0196    49.5848    % 
LB close or above UB, fathomed
299    91     25         18.0630    27.0196    49.5848    % 
LB close or above UB, fathomed
300    90     24         18.0630    27.0196    49.5848    % 
LB close or above UB, fathomed
301    89     23         18.0630    27.0196    49.5848    % 
UB: 27.019565217391303
branching on CartesianIndex(1, 4) with c.
302    90     22         18.0630    27.0196    49.5848    % 
UB: 27.019565217391303
branching on CartesianIndex(2, 3) with a.
303    91     27         18.0630    27.0196    49.5848    % 
UB: 27.019565217391303
branching on CartesianIndex(6, 3) with a.
304    92     27         18.0630    27.0196    49.5848    % 
LB close or above UB, fathomed
305    91     28         18.0630    27.0196    49.5848    % 
UB: 27.019565217391303
branching on CartesianIndex(1, 4) with c.
306    92     29         18.0630    27.0196    49.5848    % 
LB close or above UB, fathomed
307    91     29         18.0630    27.0196    49.5848    % 
UB: 27.019565217391303
branching on CartesianIndex(1, 5) with c.
308    92     28         18.0630    27.0196    49.5848    % 
LB close or above UB, fathomed
309    91     24         18.0630    27.0196    49.5848    % 
LB close or above UB, fathomed
310    90     24         18.0630    27.0196    49.5848    % 
UB: 27.019565217391303
branching on CartesianIndex(1, 5) with c.
311    91     15         21.0348    27.0196    28.4519    % 
UB: 27.019565217391303
branching on CartesianIndex(2, 3) with a.
312    92     15         21.0348    27.0196    28.4519    % 
UB: 27.019565217391303
branching on 3 with b.
313    93     16         21.0348    27.0196    28.4519    % 
UB: 27.019565217391303
branching on 3 with b.
314    94     17         21.0348    27.0196    28.4519    % 
UB: 27.019565217391303
branching on 1 with b.
315    95     17         21.0348    27.0196    28.4519    % 
UB: 24.03405797101449
branching on 1 with b.
316    96     18         21.0348    24.0341    14.2587    % 
UB: 24.03405797101449
branching on CartesianIndex(3, 3) with a.
317    61     19         21.0348    24.0341    14.2587    % 
UB: 24.03405797101449
branching on CartesianIndex(4, 3) with a.
318    62     20         21.0348    24.0341    14.2587    % 
UB: 24.03405797101449
branching on CartesianIndex(5, 3) with a.
319    63     20         21.0348    24.0341    14.2587    % 
LB close or above UB, fathomed
320    62     19         21.0348    24.0341    14.2587    % 
LB close or above UB, fathomed
321    61     18         21.0348    24.0341    14.2587    % 
LB close or above UB, fathomed
322    60     16         21.0348    24.0341    14.2587    % 
UB: 24.03405797101449
branching on 3 with b.
323    61     12         21.0349    24.0341    14.2578    % 
UB: 24.03405797101449
branching on CartesianIndex(1, 2) with a.
324    62     13         21.0349    24.0341    14.2578    % 
UB: 24.03405797101449
branching on CartesianIndex(2, 2) with a.
325    63     14         21.0349    24.0341    14.2578    % 
UB: 24.03405797101449
branching on 3 with b.
326    64     15         21.0349    24.0341    14.2578    % 
UB: 24.03405797101449
branching on CartesianIndex(3, 2) with a.
327    65     15         21.0349    24.0341    14.2578    % 
LB close or above UB, fathomed
328    64     14         21.0349    24.0341    14.2578    % 
LB close or above UB, fathomed
329    63     13         21.0349    24.0341    14.2578    % 
LB close or above UB, fathomed
330    62     12         21.0349    24.0341    14.2578    % 
LB close or above UB, fathomed
331    61     33         21.0355    24.0341    14.2549    % 
UB: 24.03405797101449
branching on 3 with b.
332    62     33         21.0355    24.0341    14.2549    % 
LB close or above UB, fathomed
333    61     16         21.0486    24.0341    14.1839    % 
LB close or above UB, fathomed
334    60     16         21.0486    24.0341    14.1839    % 
LB close or above UB, fathomed
335    59     17         21.0486    24.0341    14.1839    % 
LB close or above UB, fathomed
336    58     17         21.0486    24.0341    14.1839    % 
UB: 24.03405797101449
branching on CartesianIndex(1, 4) with c.
337    59     18         21.0486    24.0341    14.1839    % 
LB close or above UB, fathomed
338    58     18         21.0486    24.0341    14.1839    % 
UB: 24.03405797101449
branching on CartesianIndex(1, 5) with c.
339    59     19         21.0486    24.0341    14.1839    % 
UB: 24.03405797101449
branching on CartesianIndex(2, 5) with c.
340    60     19         21.0486    24.0341    14.1839    % 
LB close or above UB, fathomed
341    59     18         21.0486    24.0341    14.1839    % 
UB: 24.03405797101449
branching on CartesianIndex(3, 3) with a.
342    60     19         21.0486    24.0341    14.1839    % 
UB: 24.03405797101449
branching on 2 with b.
343    61     19         21.0486    24.0341    14.1839    % 
LB close or above UB, fathomed
344    60     18         21.0486    24.0341    14.1839    % 
LB close or above UB, fathomed
345    59     16         21.0486    24.0341    14.1839    % 
LB close or above UB, fathomed
346    58     16         21.0486    24.0341    14.1839    % 
LB close or above UB, fathomed
347    57     18         21.0486    24.0341    14.1839    % 
UB: 24.03405797101449
branching on CartesianIndex(5, 2) with a.
348    58     19         21.0486    24.0341    14.1839    % 
UB: 24.03405797101449
branching on CartesianIndex(6, 2) with a.
349    59     19         21.0486    24.0341    14.1839    % 
LB close or above UB, fathomed
350    58     18         21.0486    24.0341    14.1839    % 
LB close or above UB, fathomed
351    57     11         21.0486    24.0341    14.1839    % 
UB: 24.03405797101449
branching on CartesianIndex(4, 2) with a.
352    58     12         21.0486    24.0341    14.1839    % 
UB: 24.03405797101449
branching on CartesianIndex(5, 2) with a.
353    59     13         21.0486    24.0341    14.1839    % 
UB: 24.03405797101449
branching on 3 with b.
354    60     14         21.0486    24.0341    14.1839    % 
UB: 24.03405797101449
branching on CartesianIndex(6, 2) with a.
355    61     15         21.0486    24.0341    14.1839    % 
UB: 24.03405797101449
branching on CartesianIndex(1, 3) with a.
356    62     16         21.0486    24.0341    14.1839    % 
UB: 24.03405797101449
branching on CartesianIndex(2, 3) with a.
357    63     17         21.0486    24.0341    14.1839    % 
UB: 24.03405797101449
branching on CartesianIndex(3, 3) with a.
358    64     18         21.0486    24.0341    14.1839    % 
UB: 24.03405797101449
branching on CartesianIndex(4, 3) with a.
359    65     19         21.0486    24.0341    14.1839    % 
UB: 24.03405797101449
branching on CartesianIndex(5, 3) with a.
360    66     20         21.0486    24.0341    14.1839    % 
UB: 24.03405797101449
branching on CartesianIndex(6, 3) with a.
361    67     21         21.0486    24.0341    14.1839    % 
UB: 24.03405797101449
branching on CartesianIndex(1, 4) with c.
362    68     21         21.0486    24.0341    14.1839    % 
LB close or above UB, fathomed
363    67     20         21.0486    24.0341    14.1839    % 
LB close or above UB, fathomed
364    66     19         21.0486    24.0341    14.1839    % 
LB close or above UB, fathomed
365    65     18         21.0486    24.0341    14.1839    % 
LB close or above UB, fathomed
366    64     17         21.0486    24.0341    14.1839    % 
LB close or above UB, fathomed
367    63     16         21.0486    24.0341    14.1839    % 
LB close or above UB, fathomed
368    62     15         21.0486    24.0341    14.1839    % 
LB close or above UB, fathomed
369    61     14         21.0486    24.0341    14.1839    % 
UB: 24.03405797101449
branching on 1 with b.
370    62     15         21.0486    24.0341    14.1839    % 
LB close or above UB, fathomed
371    61     15         21.0486    24.0341    14.1839    % 
UB: 24.03405797101449
branching on CartesianIndex(6, 2) with a.
372    62     16         21.0486    24.0341    14.1839    % 
UB: 24.03405797101449
branching on 2 with b.
373    63     17         21.0486    24.0341    14.1839    % 
UB: 24.03405797101449
branching on CartesianIndex(1, 3) with a.
374    64     17         21.0486    24.0341    14.1839    % 
LB close or above UB, fathomed
375    63     16         21.0486    24.0341    14.1839    % 
LB close or above UB, fathomed
376    62     13         21.0486    24.0341    14.1839    % 
LB close or above UB, fathomed
377    61     12         21.0486    24.0341    14.1839    % 
LB close or above UB, fathomed
378    60     11         21.0486    24.0341    14.1839    % 
LB close or above UB, fathomed
379    59     15         21.0486    24.0341    14.1839    % 
UB: 24.03405797101449
branching on CartesianIndex(5, 2) with a.
380    60     16         21.0486    24.0341    14.1839    % 
LB close or above UB, fathomed
381    59     16         21.0486    24.0341    14.1839    % 
LB close or above UB, fathomed
382    58     15         21.0486    24.0341    14.1839    % 
LB close or above UB, fathomed
383    57     15         21.0486    24.0341    14.1839    % 
UB: 24.03405797101449
branching on CartesianIndex(5, 2) with a.
384    58     16         21.0486    24.0341    14.1839    % 
LB close or above UB, fathomed
385    57     16         21.0486    24.0341    14.1839    % 
LB close or above UB, fathomed
386    56     15         21.0486    24.0341    14.1839    % 
LB close or above UB, fathomed
387    55     18         21.0486    24.0341    14.1839    % 
UB: 24.03405797101449
branching on CartesianIndex(4, 2) with a.
388    56     19         21.0486    24.0341    14.1839    % 
UB: 24.03405797101449
branching on 3 with b.
389    57     20         21.0486    24.0341    14.1839    % 
LB close or above UB, fathomed
390    56     20         21.0486    24.0341    14.1839    % 
UB: 24.03405797101449
branching on 1 with b.
391    57     21         21.0486    24.0341    14.1839    % 
LB close or above UB, fathomed
392    56     21         21.0486    24.0341    14.1839    % 
LB close or above UB, fathomed
393    55     19         21.0486    24.0341    14.1839    % 
LB close or above UB, fathomed
394    54     18         21.0486    24.0341    14.1839    % 
LB close or above UB, fathomed
395    53     16         21.0486    24.0341    14.1839    % 
LB close or above UB, fathomed
396    52     16         21.0486    24.0341    14.1839    % 
LB close or above UB, fathomed
397    51     18         21.0486    24.0341    14.1839    % 
UB: 24.03405797101449
branching on CartesianIndex(3, 2) with a.
398    52     19         21.0486    24.0341    14.1839    % 
UB: 24.03405797101449
branching on CartesianIndex(4, 2) with a.
399    53     20         21.0486    24.0341    14.1839    % 
UB: 24.03405797101449
branching on CartesianIndex(5, 2) with a.
400    54     21         21.0486    24.0341    14.1839    % 
UB: 24.03405797101449
branching on CartesianIndex(6, 2) with a.
401    55     22         21.0486    24.0341    14.1839    % 
LB close or above UB, fathomed
402    54     22         21.0486    24.0341    14.1839    % 
UB: 24.03405797101449
branching on CartesianIndex(1, 3) with a.
403    55     23         21.0486    24.0341    14.1839    % 
UB: 24.03405797101449
branching on CartesianIndex(2, 3) with a.
404    56     23         21.0486    24.0341    14.1839    % 
LB close or above UB, fathomed
405    55     21         21.0486    24.0341    14.1839    % 
LB close or above UB, fathomed
406    54     20         21.0486    24.0341    14.1839    % 
LB close or above UB, fathomed
407    53     19         21.0486    24.0341    14.1839    % 
LB close or above UB, fathomed
408    52     18         21.0486    24.0341    14.1839    % 
LB close or above UB, fathomed
409    51     14         21.0486    24.0341    14.1839    % 
UB: 24.03405797101449
branching on CartesianIndex(1, 2) with a.
410    52     15         21.0486    24.0341    14.1839    % 
UB: 24.03405797101449
branching on CartesianIndex(2, 2) with a.
411    53     16         21.0486    24.0341    14.1839    % 
UB: 24.03405797101449
branching on 1 with b.
412    54     17         21.0486    24.0341    14.1839    % 
LB close or above UB, fathomed
413    53     17         21.0486    24.0341    14.1839    % 
LB close or above UB, fathomed
414    52     16         21.0486    24.0341    14.1839    % 
LB close or above UB, fathomed
415    51     15         21.0486    24.0341    14.1839    % 
LB close or above UB, fathomed
416    50     14         21.0486    24.0341    14.1839    % 
LB close or above UB, fathomed
417    49     15         21.0486    24.0341    14.1839    % 
UB: 24.03405797101449
branching on CartesianIndex(3, 2) with a.
418    50     16         21.0486    24.0341    14.1839    % 
LB close or above UB, fathomed
419    49     16         21.0486    24.0341    14.1839    % 
LB close or above UB, fathomed
420    48     15         21.0486    24.0341    14.1839    % 
LB close or above UB, fathomed
421    47     15         21.0486    24.0341    14.1839    % 
UB: 24.03405797101449
branching on 2 with b.
422    48     16         21.0486    24.0341    14.1839    % 
LB close or above UB, fathomed
423    47     16         21.0486    24.0341    14.1839    % 
UB: 24.03405797101449
branching on CartesianIndex(1, 2) with a.
424    48     17         21.0486    24.0341    14.1839    % 
UB: 24.03405797101449
branching on 3 with b.
425    49     18         21.0486    24.0341    14.1839    % 
UB: 24.03405797101449
branching on CartesianIndex(2, 2) with a.
426    50     19         21.0486    24.0341    14.1839    % 
UB: 24.03405797101449
branching on CartesianIndex(3, 2) with a.
427    51     20         21.0486    24.0341    14.1839    % 
LB close or above UB, fathomed
428    50     20         21.0486    24.0341    14.1839    % 
LB close or above UB, fathomed
429    49     19         21.0486    24.0341    14.1839    % 
LB close or above UB, fathomed
430    48     18         21.0486    24.0341    14.1839    % 
LB close or above UB, fathomed
431    47     17         21.0486    24.0341    14.1839    % 
LB close or above UB, fathomed
432    46     15         21.0486    24.0341    14.1839    % 
LB close or above UB, fathomed
433    45     14         21.0486    24.0341    14.1839    % 
UB: 24.03405797101449
branching on CartesianIndex(1, 2) with a.
434    46     15         21.0486    24.0341    14.1839    % 
UB: 24.03405797101449
branching on CartesianIndex(2, 2) with a.
435    47     16         21.0486    24.0341    14.1839    % 
UB: 24.03405797101449
branching on CartesianIndex(3, 2) with a.
436    48     17         21.0486    24.0341    14.1839    % 
LB close or above UB, fathomed
437    47     17         21.0486    24.0341    14.1839    % 
LB close or above UB, fathomed
438    46     16         21.0486    24.0341    14.1839    % 
LB close or above UB, fathomed
439    45     15         21.0486    24.0341    14.1839    % 
LB close or above UB, fathomed
440    44     14         21.0486    24.0341    14.1839    % 
LB close or above UB, fathomed
441    43     9          21.0486    24.0341    14.1839    % 
UB: 24.03405797101449
branching on 2 with b.
442    44     10         21.0486    24.0341    14.1839    % 
UB: 24.03405797101449
branching on 3 with b.
443    45     11         21.0486    24.0341    14.1839    % 
UB: 24.03405797101449
branching on CartesianIndex(2, 2) with a.
444    46     12         21.0486    24.0341    14.1839    % 
UB: 24.03405797101449
branching on CartesianIndex(3, 2) with a.
445    47     13         21.0486    24.0341    14.1839    % 
LB close or above UB, fathomed
446    46     13         21.0486    24.0341    14.1839    % 
LB close or above UB, fathomed
447    45     12         21.0486    24.0341    14.1839    % 
LB close or above UB, fathomed
448    44     11         21.0486    24.0341    14.1839    % 
LB close or above UB, fathomed
449    43     10         21.0486    24.0341    14.1839    % 
LB close or above UB, fathomed
450    42     9          21.0486    24.0341    14.1839    % 
LB close or above UB, fathomed
451    41     15         21.0486    24.0341    14.1839    % 
LB close or above UB, fathomed
452    40     15         21.0486    24.0341    14.1839    % 
UB: 24.03405797101449
branching on CartesianIndex(2, 2) with a.
453    41     16         21.0486    24.0341    14.1839    % 
LB close or above UB, fathomed
454    40     16         21.0486    24.0341    14.1839    % 
LB close or above UB, fathomed
455    39     24         21.0486    24.0341    14.1839    % 
UB: 24.03405797101449
branching on CartesianIndex(2, 7) with c.
456    40     24         21.0486    24.0341    14.1839    % 
LB close or above UB, fathomed
457    39     14         21.0486    24.0341    14.1839    % 
UB: 24.03405797101449
branching on 1 with b.
458    40     15         21.0486    24.0341    14.1839    % 
LB close or above UB, fathomed
459    39     15         21.0486    24.0341    14.1839    % 
UB: 24.03405797101449
branching on 2 with b.
460    40     16         21.0486    24.0341    14.1839    % 
LB close or above UB, fathomed
461    39     16         21.0486    24.0341    14.1839    % 
UB: 24.03405797101449
branching on CartesianIndex(1, 2) with a.
462    40     17         21.0486    24.0341    14.1839    % 
UB: 24.03405797101449
branching on CartesianIndex(2, 2) with a.
463    41     18         21.0486    24.0341    14.1839    % 
LB close or above UB, fathomed
464    40     18         21.0486    24.0341    14.1839    % 
LB close or above UB, fathomed
465    39     17         21.0486    24.0341    14.1839    % 
LB close or above UB, fathomed
466    38     14         21.0486    24.0341    14.1839    % 
LB close or above UB, fathomed
467    37     18         21.0486    24.0341    14.1839    % 
UB: 24.03405797101449
branching on 3 with b.
468    38     19         21.0486    24.0341    14.1839    % 
UB: 24.03405797101449
branching on CartesianIndex(2, 3) with a.
469    39     20         21.0486    24.0341    14.1839    % 
UB: 24.03405797101449
branching on CartesianIndex(3, 3) with a.
470    40     21         21.0486    24.0341    14.1839    % 
UB: 24.03405797101449
branching on CartesianIndex(4, 3) with a.
471    41     22         21.0486    24.0341    14.1839    % 
UB: 24.03405797101449
branching on CartesianIndex(5, 3) with a.
472    42     23         21.0486    24.0341    14.1839    % 
UB: 24.03405797101449
branching on CartesianIndex(6, 3) with a.
473    43     24         21.0486    24.0341    14.1839    % 
UB: 24.03405797101449
branching on CartesianIndex(1, 4) with c.
474    44     25         21.0486    24.0341    14.1839    % 
LB close or above UB, fathomed
475    43     25         21.0486    24.0341    14.1839    % 
UB: 24.03405797101449
branching on CartesianIndex(1, 5) with c.
476    44     26         21.0486    24.0341    14.1839    % 
UB: 24.03405797101449
branching on 1 with b.
477    45     27         21.0486    24.0341    14.1839    % 
LB close or above UB, fathomed
478    44     27         21.0486    24.0341    14.1839    % 
UB: 24.03405797101449
branching on CartesianIndex(2, 5) with c.
479    45     28         21.0486    24.0341    14.1839    % 
UB: 24.03405797101449
branching on CartesianIndex(1, 6) with c.
480    46     29         21.0486    24.0341    14.1839    % 
LB close or above UB, fathomed
481    45     29         21.0486    24.0341    14.1839    % 
UB: 24.03405797101449
branching on CartesianIndex(1, 7) with c.
482    46     30         21.0486    24.0341    14.1839    % 
UB: 24.03405797101449
branching on CartesianIndex(2, 7) with c.
483    47     31         21.0486    24.0341    14.1839    % 
LB close or above UB, fathomed
484    46     31         21.0486    24.0341    14.1839    % 
UB: 24.03405797101449
branching on 2 with b.
485    47     32         21.0486    24.0341    14.1839    % 
LB close or above UB, fathomed
486    46     32         21.0486    24.0341    14.1839    % 
UB: 24.03405797101449
branching on 3 with b.
487    47     33         21.0486    24.0341    14.1839    % 
UB: 24.03405797101449
branching on 1 with b.
488    48     34         21.0486    24.0341    14.1839    % 
LB close or above UB, fathomed
489    47     34         21.0486    24.0341    14.1839    % 
LB close or above UB, fathomed
490    46     33         21.0486    24.0341    14.1839    % 
LB close or above UB, fathomed
491    45     30         21.0486    24.0341    14.1839    % 
LB close or above UB, fathomed
492    44     28         21.0486    24.0341    14.1839    % 
LB close or above UB, fathomed
493    43     26         21.0486    24.0341    14.1839    % 
LB close or above UB, fathomed
494    42     24         21.0486    24.0341    14.1839    % 
LB close or above UB, fathomed
495    41     23         21.0486    24.0341    14.1839    % 
LB close or above UB, fathomed
496    40     22         21.0486    24.0341    14.1839    % 
LB close or above UB, fathomed
497    39     21         21.0486    24.0341    14.1839    % 
LB close or above UB, fathomed
498    38     20         21.0486    24.0341    14.1839    % 
UB: 24.03405797101449
branching on CartesianIndex(1, 4) with c.
499    39     19         21.0486    24.0341    14.1839    % 
LB close or above UB, fathomed
500    38     18         21.0486    24.0341    14.1839    % 
LB close or above UB, fathomed
501    37     22         21.0486    24.0341    14.1839    % 
LB close or above UB, fathomed
502    36     22         21.0486    24.0341    14.1839    % 
UB: 24.03405797101449
branching on CartesianIndex(1, 5) with c.
503    37     23         21.0486    24.0341    14.1839    % 
UB: 24.03405797101449
branching on CartesianIndex(2, 5) with c.
504    38     24         21.0486    24.0341    14.1839    % 
UB: 24.03405797101449
branching on CartesianIndex(1, 6) with c.
505    39     25         21.0486    24.0341    14.1839    % 
LB close or above UB, fathomed
506    38     25         21.0486    24.0341    14.1839    % 
UB: 24.03405797101449
branching on CartesianIndex(1, 7) with c.
507    39     26         21.0486    24.0341    14.1839    % 
UB: 24.03405797101449
branching on CartesianIndex(2, 7) with c.
508    40     27         21.0486    24.0341    14.1839    % 
LB close or above UB, fathomed
509    39     27         21.0486    24.0341    14.1839    % 
UB: 24.03405797101449
branching on 1 with b.
510    40     28         21.0486    24.0341    14.1839    % 
LB close or above UB, fathomed
511    39     28         21.0486    24.0341    14.1839    % 
UB: 24.03405797101449
branching on 2 with b.
512    40     29         21.0486    24.0341    14.1839    % 
UB: 24.03405797101449
branching on 3 with b.
513    41     30         21.0486    24.0341    14.1839    % 
LB close or above UB, fathomed
514    40     30         21.0486    24.0341    14.1839    % 
UB: 24.03405797101449
branching on 1 with b.
515    41     31         21.0486    24.0341    14.1839    % 
LB close or above UB, fathomed
516    40     31         21.0486    24.0341    14.1839    % 
UB: 24.03405797101449
branching on 2 with b.
517    41     32         21.0486    24.0341    14.1839    % 
LB close or above UB, fathomed
518    40     32         21.0486    24.0341    14.1839    % 
UB: 24.03405797101449
branching on 3 with b.
519    41     33         21.0486    24.0341    14.1839    % 
LB close or above UB, fathomed
520    40     33         21.0486    24.0341    14.1839    % 
UB: 24.03405797101449
branching on 1 with b.
521    41     34         21.0486    24.0341    14.1839    % 
LB close or above UB, fathomed
522    40     34         21.0486    24.0341    14.1839    % 
LB close or above UB, fathomed
523    39     29         21.0486    24.0341    14.1839    % 
LB close or above UB, fathomed
524    38     26         21.0486    24.0341    14.1839    % 
LB close or above UB, fathomed
525    37     24         21.0486    24.0341    14.1839    % 
LB close or above UB, fathomed
526    36     23         21.0486    24.0341    14.1839    % 
LB close or above UB, fathomed
527    35     20         21.0486    24.0341    14.1839    % 
UB: 24.03405797101449
branching on CartesianIndex(4, 3) with a.
528    36     20         21.0486    24.0341    14.1839    % 
LB close or above UB, fathomed
529    35     21         21.0486    24.0341    14.1839    % 
UB: 24.03405797101449
branching on CartesianIndex(6, 3) with a.
530    36     22         21.0486    24.0341    14.1839    % 
UB: 24.03405797101449
branching on CartesianIndex(1, 4) with c.
531    37     23         21.0486    24.0341    14.1839    % 
LB close or above UB, fathomed
532    36     23         21.0486    24.0341    14.1839    % 
UB: 24.03405797101449
branching on CartesianIndex(1, 5) with c.
533    37     24         21.0486    24.0341    14.1839    % 
UB: 24.03405797101449
branching on 2 with b.
534    38     25         21.0486    24.0341    14.1839    % 
UB: 24.03405797101449
branching on CartesianIndex(2, 5) with c.
535    39     26         21.0486    24.0341    14.1839    % 
UB: 24.03405797101449
branching on CartesianIndex(1, 6) with c.
536    40     27         21.0486    24.0341    14.1839    % 
LB close or above UB, fathomed
537    39     27         21.0486    24.0341    14.1839    % 
UB: 24.03405797101449
branching on CartesianIndex(1, 7) with c.
538    40     28         21.0486    24.0341    14.1839    % 
UB: 24.03405797101449
branching on CartesianIndex(2, 7) with c.
539    41     29         21.0486    24.0341    14.1839    % 
LB close or above UB, fathomed
540    40     29         21.0486    24.0341    14.1839    % 
UB: 24.03405797101449
branching on 3 with b.
541    41     30         21.0486    24.0341    14.1839    % 
UB: 24.03405797101449
branching on 1 with b.
542    42     31         21.0486    24.0341    14.1839    % 
UB: 24.03405797101449
branching on 2 with b.
543    43     32         21.0486    24.0341    14.1839    % 
LB close or above UB, fathomed
544    42     32         21.0486    24.0341    14.1839    % 
UB: 24.03405797101449
branching on 3 with b.
545    43     33         21.0486    24.0341    14.1839    % 
UB: 24.03405797101449
branching on 1 with b.
546    44     34         21.0486    24.0341    14.1839    % 
UB: 24.03405797101449
branching on 2 with b.
547    45     35         21.0486    24.0341    14.1839    % 
UB: 24.03405797101449
branching on 3 with b.
548    46     36         21.0486    24.0341    14.1839    % 
UB: 24.03405797101449
branching on 1 with b.
549    47     37         21.0486    24.0341    14.1839    % 
LB close or above UB, fathomed
550    46     37         21.0486    24.0341    14.1839    % 
UB: 24.03405797101449
branching on 2 with b.
551    47     38         21.0486    24.0341    14.1839    % 
UB: 24.03405797101449
branching on 3 with b.
552    47     39         21.0486    24.0341    14.1839    % 
UB: 24.03405797101449
branching on 1 with b.
553    48     40         21.0486    24.0341    14.1839    % 
LB close or above UB, fathomed
554    47     40         21.0486    24.0341    14.1839    % 
LB close or above UB, fathomed
555    46     38         21.0486    24.0341    14.1839    % 
UB: 24.03405797101449
branching on 3 with b.
556    46     39         21.0486    24.0341    14.1839    % 
UB: 24.03405797101449
branching on 1 with b.
557    47     40         21.0486    24.0341    14.1839    % 
LB close or above UB, fathomed
558    46     40         21.0486    24.0341    14.1839    % 
LB close or above UB, fathomed
559    45     36         21.0486    24.0341    14.1839    % 
UB: 24.03405797101449
branching on 1 with b.
560    46     37         21.0486    24.0341    14.1839    % 
LB close or above UB, fathomed
561    45     37         21.0486    24.0341    14.1839    % 
UB: 24.03405797101449
branching on 2 with b.
562    46     38         21.0486    24.0341    14.1839    % 
UB: 24.03405797101449
branching on 3 with b.
563    47     39         21.0486    24.0341    14.1839    % 
UB: 24.03405797101449
branching on 1 with b.
564    48     40         21.0486    24.0341    14.1839    % 
LB close or above UB, fathomed
565    47     40         21.0486    24.0341    14.1839    % 
LB close or above UB, fathomed
566    46     39         21.0486    24.0341    14.1839    % 
LB close or above UB, fathomed
567    45     38         21.0486    24.0341    14.1839    % 
UB: 24.03405797101449
branching on 3 with b.
568    46     39         21.0486    24.0341    14.1839    % 
UB: 24.03405797101449
branching on 1 with b.
569    47     40         21.0486    24.0341    14.1839    % 
LB close or above UB, fathomed
570    46     40         21.0486    24.0341    14.1839    % 
LB close or above UB, fathomed
571    45     39         21.0486    24.0341    14.1839    % 
LB close or above UB, fathomed
572    44     35         21.0486    24.0341    14.1839    % 
LB close or above UB, fathomed
573    43     34         21.0486    24.0341    14.1839    % 
LB close or above UB, fathomed
574    42     33         21.0486    24.0341    14.1839    % 
LB close or above UB, fathomed
575    41     31         21.0486    24.0341    14.1839    % 
LB close or above UB, fathomed
576    40     30         21.0486    24.0341    14.1839    % 
LB close or above UB, fathomed
577    39     28         21.0486    24.0341    14.1839    % 
LB close or above UB, fathomed
578    38     26         21.0486    24.0341    14.1839    % 
LB close or above UB, fathomed
579    37     25         21.0486    24.0341    14.1839    % 
LB close or above UB, fathomed
580    36     24         21.0486    24.0341    14.1839    % 
LB close or above UB, fathomed
581    35     22         21.0486    24.0341    14.1839    % 
LB close or above UB, fathomed
582    34     21         21.0486    24.0341    14.1839    % 
LB close or above UB, fathomed
583    33     30         21.0486    24.0341    14.1839    % 
LB close or above UB, fathomed
584    32     30         21.0486    24.0341    14.1839    % 
UB: 24.03405797101449
branching on 1 with b.
585    33     31         21.0486    24.0341    14.1839    % 
UB: 24.03405797101449
branching on 2 with b.
586    34     32         21.0486    24.0341    14.1839    % 
UB: 24.03405797101449
branching on 3 with b.
587    35     33         21.0486    24.0341    14.1839    % 
LB close or above UB, fathomed
588    34     33         21.0486    24.0341    14.1839    % 
UB: 24.03405797101449
branching on 1 with b.
589    35     34         21.0486    24.0341    14.1839    % 
UB: 24.03405797101449
branching on 2 with b.
590    36     35         21.0486    24.0341    14.1839    % 
LB close or above UB, fathomed
591    35     35         21.0486    24.0341    14.1839    % 
LB close or above UB, fathomed
592    34     34         21.0486    24.0341    14.1839    % 
UB: 24.03405797101449
branching on 2 with b.
593    35     35         21.0486    24.0341    14.1839    % 
LB close or above UB, fathomed
594    34     35         21.0486    24.0341    14.1839    % 
LB close or above UB, fathomed
595    33     32         21.0486    24.0341    14.1839    % 
LB close or above UB, fathomed
596    32     31         21.0486    24.0341    14.1839    % 
UB: 24.03405797101449
branching on 2 with b.
597    33     32         21.0486    24.0341    14.1839    % 
UB: 24.03405797101449
branching on 3 with b.
598    34     33         21.0486    24.0341    14.1839    % 
LB close or above UB, fathomed
599    33     33         21.0486    24.0341    14.1839    % 
UB: 24.03405797101449
branching on 1 with b.
600    34     34         21.0486    24.0341    14.1839    % 
UB: 24.03405797101449
branching on 2 with b.
601    35     35         21.0486    24.0341    14.1839    % 
LB close or above UB, fathomed
602    34     35         21.0486    24.0341    14.1839    % 
LB close or above UB, fathomed
603    33     34         21.0486    24.0341    14.1839    % 
LB close or above UB, fathomed
604    32     32         21.0486    24.0341    14.1839    % 
LB close or above UB, fathomed
605    31     14         21.0486    24.0341    14.1839    % 
UB: 24.03405797101449
branching on CartesianIndex(5, 1) with a.
606    32     15         21.0486    24.0341    14.1839    % 
LB close or above UB, fathomed
607    31     15         21.0486    24.0341    14.1839    % 
LB close or above UB, fathomed
608    30     14         21.0486    24.0341    14.1839    % 
LB close or above UB, fathomed
609    29     21         21.0486    24.0341    14.1839    % 
UB: 24.03405797101449
branching on 3 with b.
610    30     22         21.0486    24.0341    14.1839    % 
LB close or above UB, fathomed
611    29     22         21.0486    24.0341    14.1839    % 
UB: 24.03405797101449
branching on CartesianIndex(5, 3) with a.
612    30     23         21.0486    24.0341    14.1839    % 
UB: 24.03405797101449
branching on CartesianIndex(6, 3) with a.
613    31     24         21.0486    24.0341    14.1839    % 
UB: 24.03405797101449
branching on CartesianIndex(1, 4) with c.
614    32     24         21.0486    24.0341    14.1839    % 
LB close or above UB, fathomed
615    31     23         21.0486    24.0341    14.1839    % 
LB close or above UB, fathomed
616    30     21         21.0486    24.0341    14.1839    % 
LB close or above UB, fathomed
617    29     25         21.0486    24.0341    14.1839    % 
LB close or above UB, fathomed
618    28     25         21.0486    24.0341    14.1839    % 
UB: 24.03405797101449
branching on 3 with b.
619    29     26         21.0486    24.0341    14.1839    % 
UB: 24.03405797101449
branching on 1 with b.
620    30     27         21.0486    24.0341    14.1839    % 
UB: 24.03405797101449
branching on 2 with b.
621    31     28         21.0486    24.0341    14.1839    % 
UB: 24.03405797101449
branching on 3 with b.
622    32     29         21.0486    24.0341    14.1839    % 
UB: 24.03405797101449
branching on 1 with b.
623    33     30         21.0486    24.0341    14.1839    % 
UB: 24.03405797101449
branching on 2 with b.
624    34     31         21.0486    24.0341    14.1839    % 
LB close or above UB, fathomed
625    33     31         21.0486    24.0341    14.1839    % 
LB close or above UB, fathomed
626    32     30         21.0486    24.0341    14.1839    % 
UB: 24.03405797101449
branching on 2 with b.
627    33     31         21.0486    24.0341    14.1839    % 
LB close or above UB, fathomed
628    32     31         21.0486    24.0341    14.1839    % 
LB close or above UB, fathomed
629    31     29         21.0486    24.0341    14.1839    % 
LB close or above UB, fathomed
630    30     28         21.0486    24.0341    14.1839    % 
LB close or above UB, fathomed
631    29     27         21.0486    24.0341    14.1839    % 
UB: 24.03405797101449
branching on 2 with b.
632    30     28         21.0486    24.0341    14.1839    % 
UB: 24.03405797101449
branching on 3 with b.
633    31     29         21.0486    24.0341    14.1839    % 
UB: 24.03405797101449
branching on 1 with b.
634    32     30         21.0486    24.0341    14.1839    % 
UB: 24.03405797101449
branching on 2 with b.
635    33     31         21.0486    24.0341    14.1839    % 
LB close or above UB, fathomed
636    32     31         21.0486    24.0341    14.1839    % 
LB close or above UB, fathomed
637    31     30         21.0486    24.0341    14.1839    % 
LB close or above UB, fathomed
638    30     29         21.0486    24.0341    14.1839    % 
LB close or above UB, fathomed
639    29     28         21.0486    24.0341    14.1839    % 
LB close or above UB, fathomed
640    28     26         21.0486    24.0341    14.1839    % 
LB close or above UB, fathomed
641    27     24         21.0486    24.0341    14.1839    % 
UB: 24.03405797101449
branching on CartesianIndex(3, 3) with a.
642    28     25         21.0486    24.0341    14.1839    % 
UB: 24.03405797101449
branching on CartesianIndex(4, 3) with a.
643    29     26         21.0486    24.0341    14.1839    % 
UB: 24.03405797101449
branching on CartesianIndex(5, 3) with a.
644    30     27         21.0486    24.0341    14.1839    % 
UB: 24.03405797101449
branching on CartesianIndex(6, 3) with a.
645    31     28         21.0486    24.0341    14.1839    % 
UB: 24.03405797101449
branching on CartesianIndex(1, 4) with c.
646    32     29         21.0486    24.0341    14.1839    % 
LB close or above UB, fathomed
647    31     29         21.0486    24.0341    14.1839    % 
LB close or above UB, fathomed
648    30     28         21.0486    24.0341    14.1839    % 
LB close or above UB, fathomed
649    29     27         21.0486    24.0341    14.1839    % 
LB close or above UB, fathomed
650    28     26         21.0486    24.0341    14.1839    % 
LB close or above UB, fathomed
651    27     25         21.0486    24.0341    14.1839    % 
LB close or above UB, fathomed
652    26     24         21.0486    24.0341    14.1839    % 
UB: 24.03405797101449
branching on 1 with b.
653    27     20         21.0486    24.0341    14.1839    % 
UB: 24.03405797101449
branching on CartesianIndex(1, 6) with c.
654    28     21         21.0486    24.0341    14.1839    % 
LB close or above UB, fathomed
655    27     21         21.0486    24.0341    14.1839    % 
UB: 24.03405797101449
branching on 1 with b.
656    28     22         21.0486    24.0341    14.1839    % 
UB: 24.03405797101449
branching on CartesianIndex(1, 7) with c.
657    29     23         21.0486    24.0341    14.1839    % 
UB: 24.03405797101449
branching on 2 with b.
658    30     23         21.0486    24.0341    14.1839    % 
LB close or above UB, fathomed
659    29     22         21.0486    24.0341    14.1839    % 
LB close or above UB, fathomed
660    28     20         21.0486    24.0341    14.1839    % 
LB close or above UB, fathomed
661    27     33         21.0486    24.0341    14.1839    % 
LB close or above UB, fathomed
662    26     33         21.0486    24.0341    14.1839    % 
UB: 24.03405797101449
branching on 3 with b.
663    27     34         21.0486    24.0341    14.1839    % 
LB close or above UB, fathomed
664    26     34         21.0486    24.0341    14.1839    % 
UB: 24.03405797101449
branching on 1 with b.
665    27     35         21.0486    24.0341    14.1839    % 
LB close or above UB, fathomed
666    26     35         21.0486    24.0341    14.1839    % 
LB close or above UB, fathomed
667    25     19         21.0486    24.0341    14.1839    % 
UB: 24.03405797101449
branching on CartesianIndex(2, 3) with a.
668    26     20         21.0486    24.0341    14.1839    % 
UB: 24.03405797101449
branching on CartesianIndex(3, 3) with a.
669    27     21         21.0486    24.0341    14.1839    % 
UB: 24.03405797101449
branching on CartesianIndex(4, 3) with a.
670    28     22         21.0486    24.0341    14.1839    % 
UB: 24.03405797101449
branching on CartesianIndex(5, 3) with a.
671    29     23         21.0486    24.0341    14.1839    % 
UB: 24.03405797101449
branching on CartesianIndex(6, 3) with a.
672    30     24         21.0486    24.0341    14.1839    % 
UB: 24.03405797101449
branching on 3 with b.
673    31     24         21.0486    24.0341    14.1839    % 
LB close or above UB, fathomed
674    30     23         21.0486    24.0341    14.1839    % 
LB close or above UB, fathomed
675    29     22         21.0486    24.0341    14.1839    % 
LB close or above UB, fathomed
676    28     21         21.0486    24.0341    14.1839    % 
LB close or above UB, fathomed
677    27     20         21.0486    24.0341    14.1839    % 
LB close or above UB, fathomed
678    26     19         21.0486    24.0341    14.1839    % 
LB close or above UB, fathomed
679    25     25         21.0486    24.0341    14.1839    % 
LB close or above UB, fathomed
680    24     25         21.0486    24.0341    14.1839    % 
UB: 24.03405797101449
branching on CartesianIndex(1, 4) with c.
681    25     26         21.0486    24.0341    14.1839    % 
LB close or above UB, fathomed
682    24     26         21.0486    24.0341    14.1839    % 
UB: 24.03405797101449
branching on CartesianIndex(1, 5) with c.
683    25     24         21.0486    24.0341    14.1839    % 
UB: 24.03405797101449
branching on 3 with b.
684    26     25         21.0486    24.0341    14.1839    % 
UB: 24.03405797101449
branching on CartesianIndex(2, 7) with c.
685    27     26         21.0486    24.0341    14.1839    % 
LB close or above UB, fathomed
686    26     26         21.0486    24.0341    14.1839    % 
UB: 24.03405797101449
branching on 1 with b.
687    27     27         21.0486    24.0341    14.1839    % 
UB: 24.03405797101449
branching on 2 with b.
688    28     28         21.0486    24.0341    14.1839    % 
LB close or above UB, fathomed
689    27     28         21.0486    24.0341    14.1839    % 
UB: 24.03405797101449
branching on 3 with b.
690    28     29         21.0486    24.0341    14.1839    % 
UB: 24.03405797101449
branching on 1 with b.
691    29     30         21.0486    24.0341    14.1839    % 
UB: 24.03405797101449
branching on 2 with b.
692    30     31         21.0486    24.0341    14.1839    % 
UB: 24.03405797101449
branching on 3 with b.
693    31     32         21.0486    24.0341    14.1839    % 
LB close or above UB, fathomed
694    30     32         21.0486    24.0341    14.1839    % 
LB close or above UB, fathomed
695    29     31         21.0486    24.0341    14.1839    % 
LB close or above UB, fathomed
696    28     30         21.0486    24.0341    14.1839    % 
LB close or above UB, fathomed
697    27     29         21.0486    24.0341    14.1839    % 
LB close or above UB, fathomed
698    26     27         21.0486    24.0341    14.1839    % 
LB close or above UB, fathomed
699    25     25         21.0486    24.0341    14.1839    % 
LB close or above UB, fathomed
700    24     24         21.0486    24.0341    14.1839    % 
LB close or above UB, fathomed
701    23     25         21.0486    24.0341    14.1839    % 
LB close or above UB, fathomed
702    22     25         21.0486    24.0341    14.1839    % 
UB: 24.03405797101449
branching on CartesianIndex(1, 5) with c.
703    23     26         21.0486    24.0341    14.1839    % 
UB: 24.03405797101449
branching on CartesianIndex(2, 5) with c.
704    24     27         21.0486    24.0341    14.1839    % 
UB: 24.03405797101449
branching on CartesianIndex(1, 6) with c.
705    25     28         21.0486    24.0341    14.1839    % 
LB close or above UB, fathomed
706    24     28         21.0486    24.0341    14.1839    % 
UB: 24.03405797101449
branching on CartesianIndex(1, 7) with c.
707    25     29         21.0486    24.0341    14.1839    % 
UB: 24.03405797101449
branching on CartesianIndex(2, 7) with c.
708    26     30         21.0486    24.0341    14.1839    % 
LB close or above UB, fathomed
709    25     30         21.0486    24.0341    14.1839    % 
UB: 24.03405797101449
branching on 1 with b.
710    26     31         21.0486    24.0341    14.1839    % 
UB: 24.03405797101449
branching on 2 with b.
711    27     32         21.0486    24.0341    14.1839    % 
LB close or above UB, fathomed
712    26     32         21.0486    24.0341    14.1839    % 
UB: 24.03405797101449
branching on 3 with b.
713    27     33         21.0486    24.0341    14.1839    % 
LB close or above UB, fathomed
714    26     33         21.0486    24.0341    14.1839    % 
UB: 24.03405797101449
branching on 1 with b.
715    27     34         21.0486    24.0341    14.1839    % 
UB: 24.03405797101449
branching on 2 with b.
716    28     35         21.0486    24.0341    14.1839    % 
UB: 24.03405797101449
branching on 3 with b.
717    29     36         21.0486    24.0341    14.1839    % 
LB close or above UB, fathomed
718    28     36         21.0486    24.0341    14.1839    % 
UB: 24.03405797101449
branching on 1 with b.
719    29     37         21.0486    24.0341    14.1839    % 
LB close or above UB, fathomed
720    28     37         21.0486    24.0341    14.1839    % 
UB: 24.03405797101449
branching on 2 with b.
721    29     38         21.0486    24.0341    14.1839    % 
UB: 24.03405797101449
branching on 3 with b.
722    30     39         21.0486    24.0341    14.1839    % 
LB close or above UB, fathomed
723    29     39         21.0486    24.0341    14.1839    % 
UB: 24.03405797101449
branching on 1 with b.
724    30     40         21.0486    24.0341    14.1839    % 
LB close or above UB, fathomed
725    29     40         21.0486    24.0341    14.1839    % 
LB close or above UB, fathomed
726    28     38         21.0486    24.0341    14.1839    % 
UB: 24.03405797101449
branching on 3 with b.
727    29     39         21.0486    24.0341    14.1839    % 
LB close or above UB, fathomed
728    28     39         21.0486    24.0341    14.1839    % 
UB: 24.03405797101449
branching on 1 with b.
729    29     40         21.0486    24.0341    14.1839    % 
LB close or above UB, fathomed
730    28     40         21.0486    24.0341    14.1839    % 
LB close or above UB, fathomed
731    27     35         21.0486    24.0341    14.1839    % 
LB close or above UB, fathomed
732    26     34         21.0486    24.0341    14.1839    % 
LB close or above UB, fathomed
733    25     31         21.0486    24.0341    14.1839    % 
LB close or above UB, fathomed
734    24     29         21.0486    24.0341    14.1839    % 
LB close or above UB, fathomed
735    23     27         21.0486    24.0341    14.1839    % 
LB close or above UB, fathomed
736    22     26         21.0486    24.0341    14.1839    % 
LB close or above UB, fathomed
737    21     22         21.0486    24.0341    14.1839    % 
UB: 24.03405797101449
branching on CartesianIndex(4, 3) with a.
738    22     23         21.0486    24.0341    14.1839    % 
UB: 24.03405797101449
branching on CartesianIndex(5, 3) with a.
739    23     23         21.0486    24.0341    14.1839    % 
LB close or above UB, fathomed
740    22     22         21.0486    24.0341    14.1839    % 
LB close or above UB, fathomed
741    21     24         21.0486    24.0341    14.1839    % 
UB: 24.03405797101449
branching on CartesianIndex(6, 3) with a.
742    22     24         21.0486    24.0341    14.1839    % 
LB close or above UB, fathomed
743    21     25         21.0486    24.0341    14.1839    % 
LB close or above UB, fathomed
744    20     25         21.0486    24.0341    14.1839    % 
LB close or above UB, fathomed
745    19     21         21.0486    24.0341    14.1839    % 
LB close or above UB, fathomed
746    18     21         21.0486    24.0341    14.1839    % 
UB: 24.03405797101449
branching on 1 with b.
747    19     22         21.0486    24.0341    14.1839    % 
LB close or above UB, fathomed
748    18     22         21.0486    24.0341    14.1839    % 
UB: 24.03405797101449
branching on 2 with b.
749    19     23         21.0486    24.0341    14.1839    % 
LB close or above UB, fathomed
750    18     23         21.0486    24.0341    14.1839    % 
UB: 24.03405797101449
branching on CartesianIndex(1, 5) with c.
751    19     24         21.0486    24.0341    14.1839    % 
UB: 24.03405797101449
branching on CartesianIndex(2, 5) with c.
752    20     25         21.0486    24.0341    14.1839    % 
UB: 24.03405797101449
branching on CartesianIndex(1, 6) with c.
753    21     26         21.0486    24.0341    14.1839    % 
LB close or above UB, fathomed
754    20     26         21.0486    24.0341    14.1839    % 
UB: 24.03405797101449
branching on 3 with b.
755    21     25         21.0486    24.0341    14.1839    % 
LB close or above UB, fathomed
756    20     24         21.0486    24.0341    14.1839    % 
LB close or above UB, fathomed
757    19     20         21.0486    24.0341    14.1839    % 
UB: 24.03405797101449
branching on CartesianIndex(1, 3) with a.
758    20     21         21.0486    24.0341    14.1839    % 
UB: 24.03405797101449
branching on CartesianIndex(2, 3) with a.
759    21     22         21.0486    24.0341    14.1839    % 
UB: 24.03405797101449
branching on CartesianIndex(3, 3) with a.
760    22     23         21.0486    24.0341    14.1839    % 
UB: 24.03405797101449
branching on CartesianIndex(4, 3) with a.
761    23     24         21.0486    24.0341    14.1839    % 
UB: 24.03405797101449
branching on CartesianIndex(5, 3) with a.
762    24     25         21.0486    24.0341    14.1839    % 
UB: 24.03405797101449
branching on CartesianIndex(6, 3) with a.
763    25     26         21.0486    24.0341    14.1839    % 
UB: 24.03405797101449
branching on CartesianIndex(1, 4) with c.
764    26     27         21.0486    24.0341    14.1839    % 
LB close or above UB, fathomed
765    25     27         21.0486    24.0341    14.1839    % 
UB: 24.03405797101449
branching on CartesianIndex(1, 5) with c.
766    26     28         21.0486    24.0341    14.1839    % 
UB: 24.03405797101449
branching on CartesianIndex(2, 5) with c.
767    27     29         21.0486    24.0341    14.1839    % 
UB: 24.03405797101449
branching on CartesianIndex(1, 6) with c.
768    28     30         21.0486    24.0341    14.1839    % 
LB close or above UB, fathomed
769    27     30         21.0486    24.0341    14.1839    % 
UB: 24.03405797101449
branching on 2 with b.
770    28     31         21.0486    24.0341    14.1839    % 
LB close or above UB, fathomed
771    27     31         21.0486    24.0341    14.1839    % 
UB: 24.03405797101449
branching on CartesianIndex(1, 7) with c.
772    28     32         21.0486    24.0341    14.1839    % 
UB: 24.03405797101449
branching on CartesianIndex(2, 7) with c.
773    29     33         21.0486    24.0341    14.1839    % 
LB close or above UB, fathomed
774    28     33         21.0486    24.0341    14.1839    % 
UB: 24.03405797101449
branching on 3 with b.
775    29     34         21.0486    24.0341    14.1839    % 
UB: 24.03405797101449
branching on 1 with b.
776    30     35         21.0486    24.0341    14.1839    % 
LB close or above UB, fathomed
777    29     35         21.0486    24.0341    14.1839    % 
LB close or above UB, fathomed
778    28     34         21.0486    24.0341    14.1839    % 
LB close or above UB, fathomed
779    27     32         21.0486    24.0341    14.1839    % 
LB close or above UB, fathomed
780    26     29         21.0486    24.0341    14.1839    % 
LB close or above UB, fathomed
781    25     28         21.0486    24.0341    14.1839    % 
LB close or above UB, fathomed
782    24     26         21.0486    24.0341    14.1839    % 
LB close or above UB, fathomed
783    23     25         21.0486    24.0341    14.1839    % 
LB close or above UB, fathomed
784    22     24         21.0486    24.0341    14.1839    % 
LB close or above UB, fathomed
785    21     23         21.0486    24.0341    14.1839    % 
LB close or above UB, fathomed
786    20     22         21.0486    24.0341    14.1839    % 
UB: 24.03405797101449
branching on CartesianIndex(1, 4) with c.
787    21     21         21.0486    24.0341    14.1839    % 
LB close or above UB, fathomed
788    20     20         21.0486    24.0341    14.1839    % 
LB close or above UB, fathomed
789    19     34         21.0486    24.0341    14.1839    % 
LB close or above UB, fathomed
790    18     34         21.0486    24.0341    14.1839    % 
UB: 24.03405797101449
branching on 1 with b.
791    19     35         21.0486    24.0341    14.1839    % 
UB: 24.03405797101449
branching on 2 with b.
792    20     36         21.0486    24.0341    14.1839    % 
LB close or above UB, fathomed
793    19     36         21.0486    24.0341    14.1839    % 
LB close or above UB, fathomed
794    18     35         21.0486    24.0341    14.1839    % 
LB close or above UB, fathomed
795    17     22         21.0486    24.0341    14.1839    % 
UB: 24.03405797101449
branching on 2 with b.
796    18     22         21.0486    24.0341    14.1839    % 
UB: 24.03405797101449
branching on CartesianIndex(1, 4) with c.
797    19     27         21.0486    24.0341    14.1839    % 
UB: 24.03405797101449
branching on CartesianIndex(1, 7) with c.
798    20     27         21.0486    24.0341    14.1839    % 
LB close or above UB, fathomed
799    19     25         21.0486    24.0341    14.1839    % 
UB: 24.03405797101449
branching on CartesianIndex(1, 4) with c.
800    20     26         21.0486    24.0341    14.1839    % 
LB close or above UB, fathomed
801    19     26         21.0486    24.0341    14.1839    % 
UB: 24.03405797101449
branching on CartesianIndex(1, 5) with c.
802    20     27         21.0486    24.0341    14.1839    % 
UB: 24.03405797101449
branching on CartesianIndex(2, 5) with c.
803    21     28         21.0486    24.0341    14.1839    % 
UB: 24.03405797101449
branching on CartesianIndex(1, 6) with c.
804    22     29         21.0486    24.0341    14.1839    % 
LB close or above UB, fathomed
805    21     29         21.0486    24.0341    14.1839    % 
UB: 24.03405797101449
branching on CartesianIndex(1, 7) with c.
806    22     30         21.0486    24.0341    14.1839    % 
UB: 24.03405797101449
branching on CartesianIndex(2, 7) with c.
807    23     31         21.0486    24.0341    14.1839    % 
LB close or above UB, fathomed
808    22     31         21.0486    24.0341    14.1839    % 
UB: 24.03405797101449
branching on 2 with b.
809    23     32         21.0486    24.0341    14.1839    % 
UB: 24.03405797101449
branching on 3 with b.
810    24     33         21.0486    24.0341    14.1839    % 
UB: 24.03405797101449
branching on 1 with b.
811    25     34         21.0486    24.0341    14.1839    % 
UB: 24.03405797101449
branching on 2 with b.
812    26     35         21.0486    24.0341    14.1839    % 
LB close or above UB, fathomed
813    25     35         21.0486    24.0341    14.1839    % 
LB close or above UB, fathomed
814    24     34         21.0486    24.0341    14.1839    % 
LB close or above UB, fathomed
815    23     33         21.0486    24.0341    14.1839    % 
LB close or above UB, fathomed
816    22     32         21.0486    24.0341    14.1839    % 
LB close or above UB, fathomed
817    21     30         21.0486    24.0341    14.1839    % 
LB close or above UB, fathomed
818    20     28         21.0486    24.0341    14.1839    % 
LB close or above UB, fathomed
819    19     27         21.0486    24.0341    14.1839    % 
LB close or above UB, fathomed
820    18     25         21.0486    24.0341    14.1839    % 
LB close or above UB, fathomed
821    17     27         21.0486    24.0341    14.1839    % 
UB: 24.03405797101449
branching on CartesianIndex(2, 5) with c.
822    18     28         21.0486    24.0341    14.1839    % 
UB: 24.03405797101449
branching on CartesianIndex(1, 6) with c.
823    19     29         21.0486    24.0341    14.1839    % 
LB close or above UB, fathomed
824    18     29         21.0486    24.0341    14.1839    % 
UB: 24.03405797101449
branching on CartesianIndex(1, 7) with c.
825    19     30         21.0486    24.0341    14.1839    % 
UB: 24.03405797101449
branching on CartesianIndex(2, 7) with c.
826    20     31         21.0486    24.0341    14.1839    % 
LB close or above UB, fathomed
827    19     31         21.0486    24.0341    14.1839    % 
UB: 24.03405797101449
branching on 1 with b.
828    20     32         21.0486    24.0341    14.1839    % 
LB close or above UB, fathomed
829    19     32         21.0486    24.0341    14.1839    % 
LB close or above UB, fathomed
830    18     30         21.0486    24.0341    14.1839    % 
LB close or above UB, fathomed
831    17     28         21.0486    24.0341    14.1839    % 
LB close or above UB, fathomed
832    16     27         21.0486    24.0341    14.1839    % 
LB close or above UB, fathomed
833    15     28         21.0486    24.0341    14.1839    % 
UB: 24.03405797101449
branching on CartesianIndex(2, 7) with c.
834    16     29         21.0486    24.0341    14.1839    % 
LB close or above UB, fathomed
835    15     29         21.0486    24.0341    14.1839    % 
UB: 24.03405797101449
branching on 1 with b.
836    16     30         21.0486    24.0341    14.1839    % 
LB close or above UB, fathomed
837    15     30         21.0486    24.0341    14.1839    % 
LB close or above UB, fathomed
838    14     28         21.0486    24.0341    14.1839    % 
LB close or above UB, fathomed
839    13     23         21.0486    24.0341    14.1839    % 
LB close or above UB, fathomed
840    12     23         21.0486    24.0341    14.1839    % 
LB close or above UB, fathomed
841    11     23         21.0486    24.0341    14.1839    % 
UB: 24.03405797101449
branching on CartesianIndex(3, 3) with a.
842    12     24         21.0486    24.0341    14.1839    % 
UB: 24.03405797101449
branching on CartesianIndex(4, 3) with a.
843    13     25         21.0486    24.0341    14.1839    % 
UB: 24.03405797101449
branching on CartesianIndex(5, 3) with a.
844    14     26         21.0486    24.0341    14.1839    % 
UB: 24.03405797101449
branching on CartesianIndex(6, 3) with a.
845    15     26         21.0486    24.0341    14.1839    % 
LB close or above UB, fathomed
846    14     25         21.0486    24.0341    14.1839    % 
LB close or above UB, fathomed
847    13     24         21.0486    24.0341    14.1839    % 
LB close or above UB, fathomed
848    12     23         21.0486    24.0341    14.1839    % 
LB close or above UB, fathomed
849    11     29         21.0486    24.0341    14.1839    % 
UB: 24.03405797101449
branching on CartesianIndex(2, 5) with c.
850    12     30         21.0486    24.0341    14.1839    % 
UB: 24.03405797101449
branching on 1 with b.
851    13     31         21.0486    24.0341    14.1839    % 
UB: 24.03405797101449
branching on CartesianIndex(1, 6) with c.
852    14     32         21.0486    24.0341    14.1839    % 
LB close or above UB, fathomed
853    13     32         21.0486    24.0341    14.1839    % 
UB: 24.03405797101449
branching on CartesianIndex(1, 7) with c.
854    14     33         21.0486    24.0341    14.1839    % 
UB: 24.03405797101449
branching on CartesianIndex(2, 7) with c.
855    15     34         21.0486    24.0341    14.1839    % 
LB close or above UB, fathomed
856    14     34         21.0486    24.0341    14.1839    % 
UB: 24.03405797101449
branching on 2 with b.
857    15     35         21.0486    24.0341    14.1839    % 
LB close or above UB, fathomed
858    14     35         21.0486    24.0341    14.1839    % 
LB close or above UB, fathomed
859    13     33         21.0486    24.0341    14.1839    % 
LB close or above UB, fathomed
860    12     31         21.0486    24.0341    14.1839    % 
UB: 24.03405797101449
branching on CartesianIndex(1, 6) with c.
861    13     32         21.0486    24.0341    14.1839    % 
LB close or above UB, fathomed
862    12     32         21.0486    24.0341    14.1839    % 
UB: 24.03405797101449
branching on CartesianIndex(1, 7) with c.
863    13     33         21.0486    24.0341    14.1839    % 
UB: 24.03405797101449
branching on CartesianIndex(2, 7) with c.
864    14     34         21.0486    24.0341    14.1839    % 
LB close or above UB, fathomed
865    13     34         21.0486    24.0341    14.1839    % 
UB: 24.03405797101449
branching on 2 with b.
866    14     35         21.0486    24.0341    14.1839    % 
LB close or above UB, fathomed
867    13     35         21.0486    24.0341    14.1839    % 
LB close or above UB, fathomed
868    12     33         21.0486    24.0341    14.1839    % 
LB close or above UB, fathomed
869    11     30         21.0486    24.0341    14.1839    % 
LB close or above UB, fathomed
870    10     29         21.0486    24.0341    14.1839    % 
LB close or above UB, fathomed
871    9      27         21.0486    24.0341    14.1839    % 
UB: 24.03405797101449
branching on CartesianIndex(1, 4) with c.
872    10     28         21.0486    24.0341    14.1839    % 
LB close or above UB, fathomed
873    9      28         21.0486    24.0341    14.1839    % 
LB close or above UB, fathomed
874    8      27         21.0486    24.0341    14.1839    % 
LB close or above UB, fathomed
875    7      25         21.0486    24.0341    14.1839    % 
UB: 24.03405797101449
branching on CartesianIndex(2, 5) with c.
876    8      26         21.0486    24.0341    14.1839    % 
UB: 24.03405797101449
branching on CartesianIndex(1, 6) with c.
877    9      27         21.0486    24.0341    14.1839    % 
LB close or above UB, fathomed
878    8      27         21.0486    24.0341    14.1839    % 
UB: 24.03405797101449
branching on CartesianIndex(1, 7) with c.
879    9      28         21.0486    24.0341    14.1839    % 
UB: 24.03405797101449
branching on CartesianIndex(2, 7) with c.
880    10     29         21.0486    24.0341    14.1839    % 
LB close or above UB, fathomed
881    9      29         21.0486    24.0341    14.1839    % 
UB: 24.03405797101449
branching on 3 with b.
882    10     30         21.0486    24.0341    14.1839    % 
UB: 24.03405797101449
branching on 1 with b.
883    11     31         21.0486    24.0341    14.1839    % 
UB: 24.03405797101449
branching on 2 with b.
884    12     32         21.0486    24.0341    14.1839    % 
LB close or above UB, fathomed
885    11     32         21.0486    24.0341    14.1839    % 
LB close or above UB, fathomed
886    10     31         21.0486    24.0341    14.1839    % 
LB close or above UB, fathomed
887    9      30         21.0486    24.0341    14.1839    % 
LB close or above UB, fathomed
888    8      28         21.0486    24.0341    14.1839    % 
LB close or above UB, fathomed
889    7      26         21.0486    24.0341    14.1839    % 
LB close or above UB, fathomed
890    6      25         21.0486    24.0341    14.1839    % 
LB close or above UB, fathomed
891    5      23         21.0486    24.0341    14.1839    % 
LB close or above UB, fathomed
892    4      23         21.0486    24.0341    14.1839    % 
UB: 24.03405797101449
branching on CartesianIndex(1, 5) with c.
893    5      24         21.0486    24.0341    14.1839    % 
UB: 24.03405797101449
branching on CartesianIndex(2, 5) with c.
894    6      25         21.0486    24.0341    14.1839    % 
UB: 24.03405797101449
branching on CartesianIndex(1, 6) with c.
895    7      26         21.0486    24.0341    14.1839    % 
LB close or above UB, fathomed
896    6      26         21.0486    24.0341    14.1839    % 
UB: 24.03405797101449
branching on CartesianIndex(1, 7) with c.
897    7      27         21.0486    24.0341    14.1839    % 
UB: 24.03405797101449
branching on CartesianIndex(2, 7) with c.
898    8      28         21.0486    24.0341    14.1839    % 
LB close or above UB, fathomed
899    7      28         21.0486    24.0341    14.1839    % 
UB: 24.03405797101449
branching on 2 with b.
900    8      29         21.0486    24.0341    14.1839    % 
LB close or above UB, fathomed
901    7      29         21.0486    24.0341    14.1839    % 
UB: 24.03405797101449
branching on 3 with b.
902    8      30         21.0486    24.0341    14.1839    % 
UB: 24.03405797101449
branching on 1 with b.
903    9      31         21.0486    24.0341    14.1839    % 
LB close or above UB, fathomed
904    8      31         21.0486    24.0341    14.1839    % 
LB close or above UB, fathomed
905    7      30         21.0486    24.0341    14.1839    % 
LB close or above UB, fathomed
906    6      27         21.0486    24.0341    14.1839    % 
LB close or above UB, fathomed
907    5      25         21.0486    24.0341    14.1839    % 
LB close or above UB, fathomed
908    4      24         21.0486    24.0341    14.1839    % 
LB close or above UB, fathomed
909    3      30         21.0486    24.0341    14.1839    % 
UB: 24.03405797101449
branching on CartesianIndex(2, 5) with c.
910    4      31         21.0486    24.0341    14.1839    % 
UB: 24.03405797101449
branching on CartesianIndex(1, 6) with c.
911    5      32         21.0486    24.0341    14.1839    % 
LB close or above UB, fathomed
912    4      32         21.0486    24.0341    14.1839    % 
UB: 24.03405797101449
branching on CartesianIndex(1, 7) with c.
913    5      33         21.0486    24.0341    14.1839    % 
UB: 24.03405797101449
branching on CartesianIndex(2, 7) with c.
914    6      34         21.0486    24.0341    14.1839    % 
LB close or above UB, fathomed
915    5      34         21.0486    24.0341    14.1839    % 
UB: 24.03405797101449
branching on 1 with b.
916    6      35         21.0486    24.0341    14.1839    % 
UB: 24.03405797101449
branching on 2 with b.
917    7      36         21.0486    24.0341    14.1839    % 
LB close or above UB, fathomed
918    6      36         21.0486    24.0341    14.1839    % 
LB close or above UB, fathomed
919    5      35         21.0486    24.0341    14.1839    % 
LB close or above UB, fathomed
920    4      33         21.0486    24.0341    14.1839    % 
LB close or above UB, fathomed
921    3      31         21.0486    24.0341    14.1839    % 
LB close or above UB, fathomed
922    2      30         21.0486    24.0341    14.1839    % 
LB close or above UB, fathomed
923    1      15         22.4279    24.0341    7.1614     % 
LB close or above UB, fathomed
924    0      15         22.4279    24.0341    7.1614     % 
LB close or above UB, fathomed
all node solved
solved nodes:  925
925                                                   2.4020e+01     2.4034e+01     0.0567  % 
7×3 Matrix{Float64}:
 0.0  1.0  0.0
 0.0  0.0  1.0
 0.0  0.0  0.0
 0.0  0.0  0.0
 0.0  0.0  0.0
 0.0  0.0  0.0
 1.0  0.0  0.0
3-element Vector{Float64}:
 0.4969100128993741
 0.27612657826343623
 0.6432511866859827
3×7 Matrix{Float64}:
 0.0  0.0  0.0  0.0  1.0  0.0  0.0
 0.0  0.0  0.0  0.0  0.0  1.0  1.0
 0.0  0.0  0.0  1.0  0.0  0.0  0.0
3-element Vector{Float64}:
 1.0
 1.0
 1.0
7×3 Matrix{Float64}:
 1.0  0.0  0.0
 0.0  0.0  0.0
 0.0  0.0  0.0
 0.0  0.0  0.0
 0.0  0.0  0.0
 0.0  0.0  0.0
 0.0  1.0  1.0
3-element Vector{Float64}:
 0.27460406771968904
 0.15534890165594273
 0.5
3×7 Matrix{Float64}:
 0.0  0.0  0.0  1.0  0.0  1.0  0.0
 0.0  0.0  0.0  0.0  0.0  0.0  1.0
 0.0  0.0  0.0  0.0  1.0  0.0  0.0
3-element Vector{Float64}:
 1.0
 1.0
 1.0
comparison (CRT and Glb)on prediction: Dict{Bool, Int64}(0 => 2, 1 => 51)
Dataname	 time	 objv	 lb	 gap	 train_w	 train_g	 test_w	 test_g
seeds_436.seeds	 89.67	 24.03405797101449	 24.02	 0.0006	 90.196	 94.771	 92.453	 92.453
