Running 6 processes.
Start training seeds_662.seeds with seed 1.
Any[]
(7, 206)
(7, 102)
(7, 51)
(7, 53)
dimension: 7, class: 3
cart cost: 41.947101449275365
size of X: (7, 153)
ngroups: 6
UB: 32.99057971014493
Iter	left	lev	LB	UB	gap	
0      0      1          0.1330     32.9906    24703.7282 % 
UB: 32.99057971014493
branching on 1 with d.
1      1      2          0.1330     32.9906    24703.7282 % 
LB close or above UB, fathomed
2      0      2          0.1330     32.9906    24703.7282 % 
UB: 32.99057971014493
branching on 2 with d.
3      1      3          0.1330     32.9906    24703.7282 % 
UB: 32.99057971014493
branching on 3 with d.
4      2      3          0.1330     32.9906    24703.7282 % 
UB: 32.99057971014493
branching on 3 with d.
5      3      4          0.1330     32.9906    24703.7282 % 
UB: 32.99057971014493
branching on CartesianIndex(1, 1) with a.
6      4      4          0.1330     32.9906    24703.7282 % 
UB: 32.99057971014493
branching on CartesianIndex(1, 1) with a.
7      5      5          0.1500     32.9906    21893.7198 % 
UB: 32.99057971014493
branching on 1 with b.
8      6      6          0.1500     32.9906    21893.7198 % 
UB: 32.99057971014493
branching on CartesianIndex(2, 1) with a.
9      7      7          0.1500     32.9906    21893.7198 % 
UB: 32.99057971014493
branching on 1 with b.
10     8      8          0.1500     32.9906    21893.7198 % 
LB close or above UB, fathomed
11     7      8          0.1500     32.9906    21893.7198 % 
UB: 32.99057971014493
branching on 2 with b.
12     8      9          0.1500     32.9906    21893.7198 % 
UB: 32.99057971014493
branching on 3 with b.
13     9      10         0.1500     32.9906    21893.7198 % 
UB: 32.99057971014493
branching on CartesianIndex(3, 1) with a.
14     10     10         0.1500     32.9906    21893.7198 % 
UB: 32.99057971014493
branching on CartesianIndex(3, 1) with a.
15     11     9          0.1500     32.9906    21893.7198 % 
UB: 32.99057971014493
branching on CartesianIndex(3, 1) with a.
16     12     7          0.1500     32.9906    21893.7198 % 
UB: 32.99057971014493
branching on 1 with b.
17     13     6          0.1500     32.9906    21893.7198 % 
UB: 32.99057971014493
branching on 1 with b.
18     14     5          0.1500     32.9906    21893.7198 % 
UB: 32.99057971014493
branching on 1 with b.
19     15     6          3.1355     32.9906    952.1609   % 
UB: 32.99057971014493
branching on CartesianIndex(1, 2) with a.
20     16     7          3.1355     32.9906    952.1609   % 
UB: 32.99057971014493
branching on 1 with b.
21     17     8          3.1355     32.9906    952.1609   % 
UB: 32.99057971014493
branching on CartesianIndex(2, 2) with a.
22     18     8          3.1355     32.9906    952.1609   % 
UB: 32.99057971014493
branching on CartesianIndex(2, 2) with a.
23     19     9          3.1355     32.9906    952.1609   % 
UB: 32.99057971014493
branching on 2 with b.
24     20     10         3.1355     32.9906    952.1609   % 
UB: 32.99057971014493
branching on CartesianIndex(3, 2) with a.
25     21     10         3.1355     32.9906    952.1609   % 
UB: 32.99057971014493
branching on 3 with b.
26     22     9          3.1355     32.9906    952.1609   % 
UB: 32.99057971014493
branching on 2 with b.
27     23     7          3.1355     32.9906    952.1609   % 
UB: 32.99057971014493
branching on CartesianIndex(1, 3) with a.
28     24     6          3.1355     32.9906    952.1609   % 
UB: 32.99057971014493
branching on 1 with b.
29     25     11         3.1355     32.9906    952.1609   % 
UB: 32.99057971014493
branching on CartesianIndex(4, 1) with a.
30     26     12         3.1355     32.9906    952.1609   % 
UB: 32.99057971014493
branching on CartesianIndex(5, 1) with a.
31     27     13         3.1355     32.9906    952.1609   % 
UB: 32.99057971014493
branching on CartesianIndex(6, 1) with a.
32     28     13         3.1355     32.9906    952.1609   % 
UB: 32.99057971014493
branching on CartesianIndex(1, 2) with a.
33     29     14         3.1355     32.9906    952.1609   % 
UB: 32.99057971014493
branching on CartesianIndex(2, 2) with a.
34     30     15         3.1355     32.9906    952.1609   % 
UB: 32.99057971014493
branching on CartesianIndex(3, 2) with a.
35     31     15         3.1355     32.9906    952.1609   % 
UB: 32.99057971014493
branching on CartesianIndex(1, 3) with a.
36     32     14         3.1355     32.9906    952.1609   % 
UB: 32.99057971014493
branching on CartesianIndex(1, 3) with a.
37     33     12         3.1355     32.9906    952.1609   % 
UB: 32.99057971014493
branching on CartesianIndex(1, 2) with a.
38     34     11         3.1355     32.9906    952.1609   % 
LB close or above UB, fathomed
39     33     16         6.1210     32.9906    438.9724   % 
UB: 32.99057971014493
branching on CartesianIndex(4, 2) with a.
40     34     16         6.1210     32.9906    438.9724   % 
LB close or above UB, fathomed
41     33     11         6.1210     32.9906    438.9724   % 
UB: 32.99057971014493
branching on 3 with b.
42     34     12         6.1210     32.9906    438.9724   % 
UB: 32.99057971014493
branching on 1 with b.
43     35     12         6.1210     32.9906    438.9724   % 
UB: 32.99057971014493
branching on CartesianIndex(4, 2) with a.
44     36     11         6.1210     32.9906    438.9724   % 
UB: 32.99057971014493
branching on 3 with b.
45     37     8          6.1210     32.9906    438.9724   % 
UB: 32.99057971014493
branching on CartesianIndex(1, 2) with a.
46     38     8          6.1210     32.9906    438.9724   % 
UB: 32.99057971014493
branching on 2 with b.
47     39     9          6.1210     32.9906    438.9724   % 
UB: 32.99057971014493
branching on 3 with b.
48     40     10         6.1210     32.9906    438.9724   % 
UB: 32.99057971014493
branching on 1 with b.
49     41     10         6.1210     32.9906    438.9724   % 
UB: 32.99057971014493
branching on CartesianIndex(1, 2) with a.
50     42     9          6.1210     32.9906    438.9724   % 
UB: 32.99057971014493
branching on 3 with b.
51     43     11         6.1210     32.9906    438.9724   % 
UB: 32.99057971014493
branching on CartesianIndex(4, 1) with a.
52     44     12         6.1210     32.9906    438.9724   % 
UB: 32.99057971014493
branching on CartesianIndex(5, 1) with a.
53     45     13         6.1210     32.9906    438.9724   % 
UB: 32.99057971014493
branching on CartesianIndex(6, 1) with a.
54     46     13         6.1210     32.9906    438.9724   % 
UB: 32.99057971014493
branching on CartesianIndex(1, 2) with a.
55     47     12         6.1210     32.9906    438.9724   % 
UB: 32.99057971014493
branching on CartesianIndex(1, 2) with a.
56     48     11         6.1210     32.9906    438.9724   % 
LB close or above UB, fathomed
57     47     17         6.1210     32.9906    438.9724   % 
UB: 32.99057971014493
branching on CartesianIndex(5, 2) with a.
58     48     17         6.1210     32.9906    438.9724   % 
UB: 32.99057971014493
branching on CartesianIndex(1, 3) with a.
59     49     11         9.1065     32.9906    262.2742   % 
UB: 32.99057971014493
branching on CartesianIndex(2, 2) with a.
60     50     12         9.1065     32.9906    262.2742   % 
UB: 32.99057971014493
branching on 1 with b.
61     51     13         9.1065     32.9906    262.2742   % 
UB: 32.99057971014493
branching on CartesianIndex(3, 2) with a.
62     52     14         9.1065     32.9906    262.2742   % 
UB: 32.99057971014493
branching on CartesianIndex(4, 2) with a.
63     53     15         9.1065     32.9906    262.2742   % 
UB: 32.99057971014493
branching on 2 with b.
64     54     16         9.1065     32.9906    262.2742   % 
UB: 32.99057971014493
branching on CartesianIndex(5, 2) with a.
65     55     16         9.1065     32.9906    262.2742   % 
UB: 32.99057971014493
branching on 3 with b.
66     56     17         9.1065     32.9906    262.2742   % 
UB: 32.99057971014493
branching on CartesianIndex(5, 2) with a.
67     57     18         9.1065     32.9906    262.2742   % 
UB: 32.99057971014493
branching on CartesianIndex(6, 2) with a.
68     58     19         9.1065     32.9906    262.2742   % 
UB: 32.99057971014493
branching on 1 with b.
69     59     19         9.1065     32.9906    262.2742   % 
UB: 32.99057971014493
branching on CartesianIndex(1, 3) with a.
70     60     18         9.1065     32.9906    262.2742   % 
UB: 32.99057971014493
branching on CartesianIndex(1, 3) with a.
71     61     17         9.1065     32.9906    262.2742   % 
LB close or above UB, fathomed
72     60     15         9.1065     32.9906    262.2742   % 
UB: 32.99057971014493
branching on CartesianIndex(1, 3) with a.
73     61     14         9.1065     32.9906    262.2742   % 
LB close or above UB, fathomed
74     60     13         9.1065     32.9906    262.2742   % 
UB: 32.99057971014493
branching on CartesianIndex(3, 2) with a.
75     61     12         9.1065     32.9906    262.2742   % 
LB close or above UB, fathomed
76     60     11         9.1065     32.9906    262.2742   % 
UB: 32.99057971014493
branching on CartesianIndex(1, 3) with a.
77     61     13         9.1065     32.9906    262.2742   % 
UB: 32.99057971014493
branching on CartesianIndex(5, 2) with a.
78     62     14         9.1065     32.9906    262.2742   % 
UB: 32.99057971014493
branching on CartesianIndex(6, 2) with a.
79     63     15         9.1065     32.9906    262.2742   % 
UB: 32.99057971014493
branching on 1 with b.
80     64     15         9.1065     32.9906    262.2742   % 
UB: 32.99057971014493
branching on CartesianIndex(1, 3) with a.
81     65     16         9.1065     32.9906    262.2742   % 
UB: 32.99057971014493
branching on CartesianIndex(2, 3) with a.
82     66     16         9.1065     32.9906    262.2742   % 
UB: 32.99057971014493
branching on CartesianIndex(1, 4) with c.
83     67     14         9.1065     32.9906    262.2742   % 
UB: 32.99057971014493
branching on 1 with b.
84     68     13         9.1065     32.9906    262.2742   % 
UB: 32.99057971014493
branching on CartesianIndex(1, 3) with a.
85     69     13         9.1065     32.9906    262.2742   % 
UB: 32.99057971014493
branching on CartesianIndex(2, 2) with a.
86     70     13         9.1065     32.9906    262.2742   % 
LB close or above UB, fathomed
87     69     7          9.1065     32.9906    262.2742   % 
UB: 32.99057971014493
branching on CartesianIndex(2, 1) with a.
88     70     8          9.1065     32.9906    262.2742   % 
UB: 32.99057971014493
branching on 2 with b.
89     71     9          9.1065     32.9906    262.2742   % 
UB: 32.99057971014493
branching on 3 with b.
90     72     10         9.1065     32.9906    262.2742   % 
UB: 32.99057971014493
branching on 1 with b.
91     73     11         9.1065     32.9906    262.2742   % 
UB: 32.99057971014493
branching on CartesianIndex(3, 1) with a.
92     74     12         9.1065     32.9906    262.2742   % 
UB: 32.99057971014493
branching on CartesianIndex(4, 1) with a.
93     75     13         9.1065     32.9906    262.2742   % 
UB: 32.99057971014493
branching on CartesianIndex(5, 1) with a.
94     76     14         9.1065     32.9906    262.2742   % 
UB: 32.99057971014493
branching on CartesianIndex(6, 1) with a.
95     77     14         9.1065     32.9906    262.2742   % 
UB: 32.99057971014493
branching on 2 with b.
96     78     13         9.1065     32.9906    262.2742   % 
UB: 32.99057971014493
branching on CartesianIndex(1, 2) with a.
97     79     12         9.1065     32.9906    262.2742   % 
LB close or above UB, fathomed
98     78     11         9.1065     32.9906    262.2742   % 
UB: 32.99057971014493
branching on CartesianIndex(3, 1) with a.
99     79     10         9.1065     32.9906    262.2742   % 
UB: 32.99057971014493
branching on CartesianIndex(3, 1) with a.
100    80     9          9.1065     32.9906    262.2742   % 
LB close or above UB, fathomed
101    79     8          9.1065     32.9906    262.2742   % 
UB: 32.99057971014493
branching on CartesianIndex(1, 2) with a.
102    80     7          9.1065     32.9906    262.2742   % 
LB close or above UB, fathomed
103    79     17         9.1065     32.9906    262.2742   % 
UB: 32.99057971014493
branching on CartesianIndex(3, 3) with a.
104    80     18         9.1065     32.9906    262.2742   % 
UB: 32.99057971014493
branching on CartesianIndex(4, 3) with a.
105    81     19         9.1065     32.9906    262.2742   % 
UB: 32.99057971014493
branching on CartesianIndex(5, 3) with a.
106    82     20         9.1065     32.9906    262.2742   % 
UB: 32.99057971014493
branching on CartesianIndex(6, 3) with a.
107    83     21         9.1065     32.9906    262.2742   % 
UB: 32.99057971014493
branching on CartesianIndex(1, 4) with c.
108    84     22         9.1065     32.9906    262.2742   % 
LB close or above UB, fathomed
109    83     22         9.1065     32.9906    262.2742   % 
UB: 32.99057971014493
branching on CartesianIndex(1, 5) with c.
110    84     23         9.1065     32.9906    262.2742   % 
UB: 32.99057971014493
branching on CartesianIndex(2, 5) with c.
111    85     24         9.1065     32.9906    262.2742   % 
UB: 32.99057971014493
branching on CartesianIndex(1, 6) with c.
112    86     25         9.1065     32.9906    262.2742   % 
LB close or above UB, fathomed
113    85     25         9.1065     32.9906    262.2742   % 
UB: 32.99057971014493
branching on CartesianIndex(1, 7) with c.
114    86     26         9.1065     32.9906    262.2742   % 
UB: 32.99057971014493
branching on 1 with b.
115    87     27         9.1065     32.9906    262.2742   % 
UB: 32.99057971014493
branching on 2 with b.
116    88     28         9.1065     32.9906    262.2742   % 
UB: 32.99057971014493
branching on CartesianIndex(2, 7) with c.
117    89     28         9.1065     32.9906    262.2742   % 
UB: 32.99057971014493
branching on CartesianIndex(2, 7) with c.
118    90     27         9.1065     32.9906    262.2742   % 
UB: 32.99057971014493
branching on 2 with b.
119    91     26         9.1065     32.9906    262.2742   % 
LB close or above UB, fathomed
120    90     24         9.1065     32.9906    262.2742   % 
LB close or above UB, fathomed
121    89     23         9.1065     32.9906    262.2742   % 
LB close or above UB, fathomed
122    88     21         9.1065     32.9906    262.2742   % 
LB close or above UB, fathomed
123    87     20         9.1065     32.9906    262.2742   % 
LB close or above UB, fathomed
124    86     19         9.1065     32.9906    262.2742   % 
UB: 32.99057971014493
branching on 1 with b.
125    87     18         9.1065     32.9906    262.2742   % 
LB close or above UB, fathomed
126    86     17         9.1065     32.9906    262.2742   % 
UB: 32.99057971014493
branching on 1 with b.
127    87     14         9.1065     32.9906    262.2742   % 
UB: 32.99057971014493
branching on CartesianIndex(2, 2) with a.
128    88     15         9.1065     32.9906    262.2742   % 
UB: 32.99057971014493
branching on 1 with b.
129    89     15         9.1065     32.9906    262.2742   % 
UB: 32.99057971014493
branching on CartesianIndex(1, 3) with a.
130    90     14         9.1065     32.9906    262.2742   % 
UB: 32.99057971014493
branching on CartesianIndex(1, 3) with a.
131    91     20         9.1065     32.9906    262.2742   % 
UB: 32.99057971014493
branching on CartesianIndex(2, 3) with a.
132    92     21         9.1065     32.9906    262.2742   % 
UB: 32.99057971014493
branching on CartesianIndex(3, 3) with a.
133    93     22         9.1065     32.9906    262.2742   % 
UB: 32.99057971014493
branching on CartesianIndex(4, 3) with a.
134    94     23         9.1065     32.9906    262.2742   % 
UB: 32.99057971014493
branching on CartesianIndex(5, 3) with a.
135    95     24         9.1065     32.9906    262.2742   % 
UB: 32.99057971014493
branching on CartesianIndex(6, 3) with a.
136    96     24         9.1065     32.9906    262.2742   % 
LB close or above UB, fathomed
137    95     23         9.1065     32.9906    262.2742   % 
UB: 32.99057971014493
branching on CartesianIndex(1, 4) with c.
138    96     22         9.1065     32.9906    262.2742   % 
LB close or above UB, fathomed
139    95     21         9.1065     32.9906    262.2742   % 
UB: 32.99057971014493
branching on CartesianIndex(1, 4) with c.
140    96     20         9.1065     32.9906    262.2742   % 
UB: 32.99057971014493
branching on CartesianIndex(1, 4) with c.
141    97     9          12.0920    32.9906    172.8291   % 
UB: 32.99057971014493
branching on 2 with b.
142    98     9          12.0920    32.9906    172.8291   % 
UB: 32.99057971014493
branching on 2 with b.
143    99     11         12.0920    32.9906    172.8291   % 
UB: 32.99057971014493
branching on CartesianIndex(4, 1) with a.
144    100    12         12.0920    32.9906    172.8291   % 
UB: 32.99057971014493
branching on CartesianIndex(5, 1) with a.
145    101    13         12.0920    32.9906    172.8291   % 
UB: 32.99057971014493
branching on CartesianIndex(6, 1) with a.
146    102    13         12.0920    32.9906    172.8291   % 
UB: 32.99057971014493
branching on CartesianIndex(1, 2) with a.
147    103    14         12.0920    32.9906    172.8291   % 
UB: 32.99057971014493
branching on CartesianIndex(2, 2) with a.
148    104    14         12.0920    32.9906    172.8291   % 
LB close or above UB, fathomed
149    103    12         12.0920    32.9906    172.8291   % 
UB: 32.99057971014493
branching on CartesianIndex(1, 2) with a.
150    104    11         12.0920    32.9906    172.8291   % 
LB close or above UB, fathomed
151    103    14         12.0920    32.9906    172.8291   % 
UB: 32.99057971014493
branching on CartesianIndex(3, 2) with a.
152    104    14         12.0920    32.9906    172.8291   % 
LB close or above UB, fathomed
153    103    14         12.0920    32.9906    172.8291   % 
UB: 32.99057971014493
branching on 1 with b.
154    104    15         12.0920    32.9906    172.8291   % 
LB close or above UB, fathomed
155    103    15         12.0920    32.9906    172.8291   % 
UB: 32.99057971014493
branching on CartesianIndex(1, 2) with a.
156    104    16         12.0920    32.9906    172.8291   % 
UB: 32.99057971014493
branching on 2 with b.
157    105    17         12.0920    32.9906    172.8291   % 
LB close or above UB, fathomed
158    104    17         12.0920    32.9906    172.8291   % 
UB: 32.99057971014493
branching on CartesianIndex(2, 2) with a.
159    105    18         12.0920    32.9906    172.8291   % 
UB: 32.99057971014493
branching on 3 with b.
160    106    19         12.0920    32.9906    172.8291   % 
UB: 32.99057971014493
branching on CartesianIndex(3, 2) with a.
161    107    19         12.0920    32.9906    172.8291   % 
UB: 32.99057971014493
branching on CartesianIndex(3, 2) with a.
162    108    18         12.0920    32.9906    172.8291   % 
LB close or above UB, fathomed
163    107    16         12.0920    32.9906    172.8291   % 
UB: 32.99057971014493
branching on CartesianIndex(1, 3) with a.
164    108    14         12.0920    32.9906    172.8291   % 
LB close or above UB, fathomed
165    107    10         12.0920    32.9906    172.8291   % 
UB: 32.99057971014493
branching on 3 with b.
166    108    11         12.0920    32.9906    172.8291   % 
UB: 32.99057971014493
branching on 1 with b.
167    109    11         12.0920    32.9906    172.8291   % 
UB: 32.99057971014493
branching on CartesianIndex(2, 2) with a.
168    110    10         12.0920    32.9906    172.8291   % 
LB close or above UB, fathomed
169    109    16         12.0920    32.9906    172.8291   % 
UB: 32.99057971014493
branching on CartesianIndex(3, 2) with a.
170    110    16         12.0920    32.9906    172.8291   % 
UB: 32.99057971014493
branching on CartesianIndex(3, 2) with a.
171    111    17         12.0920    32.9906    172.8291   % 
UB: 32.99057971014493
branching on CartesianIndex(6, 2) with a.
172    112    18         12.0920    32.9906    172.8291   % 
UB: 32.99057971014493
branching on CartesianIndex(1, 3) with a.
173    113    18         12.0920    32.9906    172.8291   % 
UB: 32.99057971014493
branching on CartesianIndex(1, 3) with a.
174    114    17         12.0920    32.9906    172.8291   % 
LB close or above UB, fathomed
175    113    13         12.0920    32.9906    172.8291   % 
UB: 32.99057971014493
branching on 1 with b.
176    114    13         12.0920    32.9906    172.8291   % 
LB close or above UB, fathomed
177    113    25         12.0920    32.9906    172.8291   % 
UB: 32.99057971014493
branching on CartesianIndex(1, 4) with c.
178    114    26         12.0920    32.9906    172.8291   % 
LB close or above UB, fathomed
179    113    26         12.0920    32.9906    172.8291   % 
UB: 32.99057971014493
branching on CartesianIndex(1, 5) with c.
180    114    25         12.0920    32.9906    172.8291   % 
LB close or above UB, fathomed
181    113    5          15.0275    32.9906    119.5342   % 
UB: 32.99057971014493
branching on CartesianIndex(2, 1) with a.
182    114    6          15.0275    32.9906    119.5342   % 
UB: 32.99057971014493
branching on 1 with b.
183    115    7          15.0275    32.9906    119.5342   % 
UB: 32.99057971014493
branching on 1 with b.
184    116    7          15.0275    32.9906    119.5342   % 
UB: 32.99057971014493
branching on CartesianIndex(3, 1) with a.
185    117    6          15.0275    32.9906    119.5342   % 
UB: 32.99057971014493
branching on 1 with b.
186    118    5          15.0275    32.9906    119.5342   % 
UB: 32.99057971014493
branching on 1 with b.
187    119    14         15.0775    32.9906    118.8062   % 
UB: 32.99057971014493
branching on CartesianIndex(2, 2) with a.
188    120    14         15.0775    32.9906    118.8062   % 
UB: 32.99057971014493
branching on CartesianIndex(2, 2) with a.
189    121    15         15.0775    32.9906    118.8062   % 
UB: 32.99057971014493
branching on CartesianIndex(3, 2) with a.
190    122    15         15.0775    32.9906    118.8062   % 
LB close or above UB, fathomed
191    121    12         15.0775    32.9906    118.8062   % 
UB: 32.99057971014493
branching on CartesianIndex(3, 2) with a.
192    122    12         15.0775    32.9906    118.8062   % 
LB close or above UB, fathomed
193    121    20         15.0775    32.9906    118.8062   % 
UB: 32.99057971014493
branching on CartesianIndex(4, 2) with a.
194    122    21         15.0775    32.9906    118.8062   % 
UB: 32.99057971014493
branching on CartesianIndex(5, 2) with a.
195    123    21         15.0775    32.9906    118.8062   % 
LB close or above UB, fathomed
196    122    20         15.0775    32.9906    118.8062   % 
LB close or above UB, fathomed
197    121    15         15.0775    32.9906    118.8062   % 
UB: 32.99057971014493
branching on CartesianIndex(4, 2) with a.
198    122    15         15.0775    32.9906    118.8062   % 
LB close or above UB, fathomed
199    121    15         15.0775    32.9906    118.8062   % 
UB: 32.99057971014493
branching on CartesianIndex(3, 2) with a.
200    122    15         15.0775    32.9906    118.8062   % 
LB close or above UB, fathomed
201    121    14         15.0775    32.9906    118.8062   % 
UB: 32.99057971014493
branching on CartesianIndex(1, 2) with a.
202    122    15         15.0775    32.9906    118.8062   % 
UB: 32.99057971014493
branching on CartesianIndex(2, 2) with a.
203    123    16         15.0775    32.9906    118.8062   % 
UB: 32.99057971014493
branching on 1 with b.
204    124    16         15.0775    32.9906    118.8062   % 
LB close or above UB, fathomed
205    123    15         15.0775    32.9906    118.8062   % 
LB close or above UB, fathomed
206    122    14         15.0775    32.9906    118.8062   % 
LB close or above UB, fathomed
207    121    15         15.0775    32.9906    118.8062   % 
UB: 32.99057971014493
branching on 2 with b.
208    122    16         15.0775    32.9906    118.8062   % 
LB close or above UB, fathomed
209    121    16         15.0775    32.9906    118.8062   % 
UB: 32.99057971014493
branching on 3 with b.
210    122    17         15.0775    32.9906    118.8062   % 
UB: 32.99057971014493
branching on CartesianIndex(1, 2) with a.
211    123    18         15.0775    32.9906    118.8062   % 
UB: 32.99057971014493
branching on CartesianIndex(2, 2) with a.
212    124    19         15.0775    32.9906    118.8062   % 
UB: 32.99057971014493
branching on 1 with b.
213    125    19         15.0775    32.9906    118.8062   % 
LB close or above UB, fathomed
214    124    18         15.0775    32.9906    118.8062   % 
LB close or above UB, fathomed
215    123    17         15.0775    32.9906    118.8062   % 
UB: 32.99057971014493
branching on CartesianIndex(1, 2) with a.
216    124    15         15.0775    32.9906    118.8062   % 
LB close or above UB, fathomed
217    123    16         15.0775    32.9906    118.8062   % 
UB: 32.99057971014493
branching on 2 with b.
218    124    17         15.0775    32.9906    118.8062   % 
UB: 32.99057971014493
branching on CartesianIndex(1, 3) with a.
219    125    18         15.0775    32.9906    118.8062   % 
UB: 32.99057971014493
branching on CartesianIndex(2, 3) with a.
220    126    18         15.0775    32.9906    118.8062   % 
UB: 32.99057971014493
branching on CartesianIndex(1, 4) with c.
221    127    17         15.0775    32.9906    118.8062   % 
UB: 32.99057971014493
branching on CartesianIndex(1, 3) with a.
222    128    16         15.0775    32.9906    118.8062   % 
LB close or above UB, fathomed
223    127    18         15.0775    32.9906    118.8062   % 
UB: 32.99057971014493
branching on CartesianIndex(6, 2) with a.
224    128    19         15.0775    32.9906    118.8062   % 
UB: 32.99057971014493
branching on CartesianIndex(1, 3) with a.
225    129    19         15.0775    32.9906    118.8062   % 
UB: 32.99057971014493
branching on 1 with b.
226    130    18         15.0775    32.9906    118.8062   % 
LB close or above UB, fathomed
227    129    14         15.0775    32.9906    118.8062   % 
UB: 32.99057971014493
branching on 1 with b.
228    130    15         15.0775    32.9906    118.8062   % 
LB close or above UB, fathomed
229    129    15         15.0775    32.9906    118.8062   % 
UB: 32.99057971014493
branching on CartesianIndex(1, 2) with a.
230    130    16         15.0775    32.9906    118.8062   % 
UB: 32.99057971014493
branching on 2 with b.
231    131    16         15.0775    32.9906    118.8062   % 
UB: 32.99057971014493
branching on CartesianIndex(1, 3) with a.
232    132    14         15.0775    32.9906    118.8062   % 
LB close or above UB, fathomed
233    131    13         15.0775    32.9906    118.8062   % 
UB: 32.99057971014493
branching on 2 with b.
234    132    14         15.0775    32.9906    118.8062   % 
UB: 32.99057971014493
branching on CartesianIndex(4, 2) with a.
235    133    15         15.0775    32.9906    118.8062   % 
UB: 32.99057971014493
branching on CartesianIndex(5, 2) with a.
236    134    15         15.0775    32.9906    118.8062   % 
LB close or above UB, fathomed
237    133    14         15.0775    32.9906    118.8062   % 
UB: 32.99057971014493
branching on CartesianIndex(4, 2) with a.
238    134    15         15.0775    32.9906    118.8062   % 
UB: 32.99057971014493
branching on 3 with b.
239    135    16         15.0775    32.9906    118.8062   % 
LB close or above UB, fathomed
240    134    16         15.0775    32.9906    118.8062   % 
UB: 32.99057971014493
branching on CartesianIndex(5, 2) with a.
241    135    17         15.0775    32.9906    118.8062   % 
UB: 32.99057971014493
branching on CartesianIndex(6, 2) with a.
242    136    18         15.0775    32.9906    118.8062   % 
UB: 32.99057971014493
branching on CartesianIndex(1, 3) with a.
243    137    18         15.0775    32.9906    118.8062   % 
UB: 32.99057971014493
branching on CartesianIndex(1, 3) with a.
244    138    19         15.0775    32.9906    118.8062   % 
UB: 32.99057971014493
branching on CartesianIndex(2, 3) with a.
245    139    20         15.0775    32.9906    118.8062   % 
UB: 32.99057971014493
branching on 1 with b.
246    140    20         15.0775    32.9906    118.8062   % 
LB close or above UB, fathomed
247    139    19         15.0775    32.9906    118.8062   % 
LB close or above UB, fathomed
248    138    17         15.0775    32.9906    118.8062   % 
LB close or above UB, fathomed
249    137    15         15.0775    32.9906    118.8062   % 
LB close or above UB, fathomed
250    136    13         15.0775    32.9906    118.8062   % 
UB: 32.99057971014493
branching on CartesianIndex(4, 2) with a.
251    137    9          15.0775    32.9906    118.8062   % 
UB: 32.99057971014493
branching on 2 with b.
252    138    9          15.0775    32.9906    118.8062   % 
UB: 32.99057971014493
branching on CartesianIndex(1, 3) with a.
253    139    16         15.0775    32.9906    118.8062   % 
UB: 32.99057971014493
branching on CartesianIndex(6, 2) with a.
254    140    16         15.0775    32.9906    118.8062   % 
LB close or above UB, fathomed
255    139    20         15.0775    32.9906    118.8062   % 
UB: 32.99057971014493
branching on CartesianIndex(1, 3) with a.
256    140    20         15.0775    32.9906    118.8062   % 
UB: 32.99057971014493
branching on 2 with b.
257    141    13         15.0775    32.9906    118.8062   % 
UB: 32.99057971014493
branching on CartesianIndex(4, 2) with a.
258    142    13         15.0775    32.9906    118.8062   % 
LB close or above UB, fathomed
259    141    12         15.0775    32.9906    118.8062   % 
UB: 32.99057971014493
branching on 2 with b.
260    142    12         15.0775    32.9906    118.8062   % 
LB close or above UB, fathomed
261    141    15         15.0775    32.9906    118.8062   % 
LB close or above UB, fathomed
262    140    15         15.0775    32.9906    118.8062   % 
UB: 32.99057971014493
branching on CartesianIndex(1, 2) with a.
263    141    11         15.0775    32.9906    118.8062   % 
UB: 32.99057971014493
branching on CartesianIndex(1, 2) with a.
264    142    12         15.0775    32.9906    118.8062   % 
UB: 32.99057971014493
branching on CartesianIndex(2, 2) with a.
265    143    13         15.0775    32.9906    118.8062   % 
UB: 32.99057971014493
branching on 2 with b.
266    144    14         15.0775    32.9906    118.8062   % 
UB: 32.99057971014493
branching on 3 with b.
267    145    14         15.0775    32.9906    118.8062   % 
UB: 32.99057971014493
branching on CartesianIndex(3, 2) with a.
268    146    15         15.0775    32.9906    118.8062   % 
UB: 32.99057971014493
branching on 3 with b.
269    147    16         15.0775    32.9906    118.8062   % 
LB close or above UB, fathomed
270    146    16         15.0775    32.9906    118.8062   % 
UB: 32.99057971014493
branching on CartesianIndex(4, 2) with a.
271    147    17         15.0775    32.9906    118.8062   % 
UB: 32.99057971014493
branching on CartesianIndex(5, 2) with a.
272    148    18         15.0775    32.9906    118.8062   % 
UB: 32.99057971014493
branching on CartesianIndex(6, 2) with a.
273    149    19         15.0775    32.9906    118.8062   % 
UB: 32.99057971014493
branching on CartesianIndex(1, 3) with a.
274    150    19         15.0775    32.9906    118.8062   % 
UB: 32.99057971014493
branching on CartesianIndex(1, 3) with a.
275    151    18         15.0775    32.9906    118.8062   % 
LB close or above UB, fathomed
276    150    17         15.0775    32.9906    118.8062   % 
LB close or above UB, fathomed
277    149    15         15.0775    32.9906    118.8062   % 
LB close or above UB, fathomed
278    148    13         15.0775    32.9906    118.8062   % 
LB close or above UB, fathomed
279    147    12         15.0775    32.9906    118.8062   % 
UB: 32.99057971014493
branching on CartesianIndex(1, 3) with a.
280    148    11         15.0775    32.9906    118.8062   % 
UB: 32.99057971014493
branching on CartesianIndex(1, 2) with a.
281    149    12         15.0775    32.9906    118.8062   % 
UB: 32.99057971014493
branching on CartesianIndex(2, 2) with a.
282    150    12         15.0775    32.9906    118.8062   % 
LB close or above UB, fathomed
283    149    19         15.0775    32.9906    118.8062   % 
UB: 24.03405797101449
branching on CartesianIndex(3, 3) with a.
284    150    20         15.0775    24.0341    59.4031    % 
UB: 24.03405797101449
branching on CartesianIndex(4, 3) with a.
285    63     20         15.0775    24.0341    59.4031    % 
LB close or above UB, fathomed
286    62     19         15.0775    24.0341    59.4031    % 
LB close or above UB, fathomed
287    61     17         15.0775    24.0341    59.4031    % 
UB: 24.03405797101449
branching on CartesianIndex(1, 3) with a.
288    62     17         15.0775    24.0341    59.4031    % 
LB close or above UB, fathomed
289    61     21         15.0775    24.0341    59.4031    % 
UB: 24.03405797101449
branching on 3 with b.
290    62     22         15.0775    24.0341    59.4031    % 
UB: 24.03405797101449
branching on CartesianIndex(5, 3) with a.
291    63     23         15.0775    24.0341    59.4031    % 
UB: 24.03405797101449
branching on 1 with b.
292    64     24         15.0775    24.0341    59.4031    % 
UB: 24.03405797101449
branching on 2 with b.
293    65     24         15.0775    24.0341    59.4031    % 
LB close or above UB, fathomed
294    64     23         15.0775    24.0341    59.4031    % 
LB close or above UB, fathomed
295    63     22         15.0775    24.0341    59.4031    % 
LB close or above UB, fathomed
296    62     21         15.0775    24.0341    59.4031    % 
LB close or above UB, fathomed
297    61     19         15.0775    24.0341    59.4031    % 
UB: 24.03405797101449
branching on 3 with b.
298    62     20         15.0775    24.0341    59.4031    % 
UB: 24.03405797101449
branching on CartesianIndex(2, 3) with a.
299    63     21         15.0775    24.0341    59.4031    % 
UB: 24.03405797101449
branching on CartesianIndex(3, 3) with a.
300    64     22         15.0775    24.0341    59.4031    % 
UB: 24.03405797101449
branching on CartesianIndex(4, 3) with a.
301    65     23         15.0775    24.0341    59.4031    % 
UB: 24.03405797101449
branching on CartesianIndex(5, 3) with a.
302    66     23         15.0775    24.0341    59.4031    % 
LB close or above UB, fathomed
303    65     22         15.0775    24.0341    59.4031    % 
LB close or above UB, fathomed
304    64     21         15.0775    24.0341    59.4031    % 
LB close or above UB, fathomed
305    63     20         15.0775    24.0341    59.4031    % 
LB close or above UB, fathomed
306    62     19         15.0775    24.0341    59.4031    % 
LB close or above UB, fathomed
307    61     24         15.0775    24.0341    59.4031    % 
UB: 24.03405797101449
branching on CartesianIndex(6, 3) with a.
308    62     24         15.0775    24.0341    59.4031    % 
LB close or above UB, fathomed
309    61     21         15.0775    24.0341    59.4031    % 
UB: 24.03405797101449
branching on CartesianIndex(3, 3) with a.
310    62     22         15.0775    24.0341    59.4031    % 
UB: 24.03405797101449
branching on CartesianIndex(4, 3) with a.
311    63     23         15.0775    24.0341    59.4031    % 
UB: 24.03405797101449
branching on CartesianIndex(5, 3) with a.
312    64     24         15.0775    24.0341    59.4031    % 
UB: 24.03405797101449
branching on CartesianIndex(6, 3) with a.
313    65     25         15.0775    24.0341    59.4031    % 
UB: 24.03405797101449
branching on CartesianIndex(1, 4) with c.
314    66     25         15.0775    24.0341    59.4031    % 
LB close or above UB, fathomed
315    65     24         15.0775    24.0341    59.4031    % 
LB close or above UB, fathomed
316    64     23         15.0775    24.0341    59.4031    % 
LB close or above UB, fathomed
317    63     22         15.0775    24.0341    59.4031    % 
LB close or above UB, fathomed
318    62     21         15.0775    24.0341    59.4031    % 
UB: 24.03405797101449
branching on CartesianIndex(3, 3) with a.
319    63     20         15.0775    24.0341    59.4031    % 
UB: 24.03405797101449
branching on CartesianIndex(2, 3) with a.
320    64     21         15.0775    24.0341    59.4031    % 
UB: 24.03405797101449
branching on CartesianIndex(3, 3) with a.
321    65     22         15.0775    24.0341    59.4031    % 
UB: 24.03405797101449
branching on CartesianIndex(4, 3) with a.
322    66     23         15.0775    24.0341    59.4031    % 
UB: 24.03405797101449
branching on CartesianIndex(5, 3) with a.
323    67     24         15.0775    24.0341    59.4031    % 
UB: 24.03405797101449
branching on CartesianIndex(6, 3) with a.
324    68     25         15.0775    24.0341    59.4031    % 
UB: 24.03405797101449
branching on CartesianIndex(1, 4) with c.
325    69     25         15.0775    24.0341    59.4031    % 
LB close or above UB, fathomed
326    68     24         15.0775    24.0341    59.4031    % 
LB close or above UB, fathomed
327    67     23         15.0775    24.0341    59.4031    % 
LB close or above UB, fathomed
328    66     22         15.0775    24.0341    59.4031    % 
LB close or above UB, fathomed
329    65     21         15.0775    24.0341    59.4031    % 
LB close or above UB, fathomed
330    64     20         15.0775    24.0341    59.4031    % 
LB close or above UB, fathomed
331    63     25         15.0775    24.0341    59.4031    % 
UB: 24.03405797101449
branching on 1 with b.
332    64     26         15.0775    24.0341    59.4031    % 
UB: 24.03405797101449
branching on CartesianIndex(1, 4) with c.
333    65     27         15.0775    24.0341    59.4031    % 
LB close or above UB, fathomed
334    64     27         15.0775    24.0341    59.4031    % 
UB: 24.03405797101449
branching on CartesianIndex(1, 5) with c.
335    65     26         15.0775    24.0341    59.4031    % 
LB close or above UB, fathomed
336    64     25         15.0775    24.0341    59.4031    % 
LB close or above UB, fathomed
337    63     25         15.0775    24.0341    59.4031    % 
LB close or above UB, fathomed
338    62     25         15.0775    24.0341    59.4031    % 
UB: 24.03405797101449
branching on CartesianIndex(6, 3) with a.
339    63     26         15.0775    24.0341    59.4031    % 
UB: 24.03405797101449
branching on CartesianIndex(1, 4) with c.
340    64     26         15.0775    24.0341    59.4031    % 
LB close or above UB, fathomed
341    63     28         15.0775    24.0341    59.4031    % 
UB: 24.03405797101449
branching on CartesianIndex(2, 5) with c.
342    64     29         15.0775    24.0341    59.4031    % 
UB: 24.03405797101449
branching on CartesianIndex(1, 6) with c.
343    65     30         15.0775    24.0341    59.4031    % 
LB close or above UB, fathomed
344    64     30         15.0775    24.0341    59.4031    % 
UB: 24.03405797101449
branching on CartesianIndex(1, 7) with c.
345    65     31         15.0775    24.0341    59.4031    % 
UB: 24.03405797101449
branching on CartesianIndex(2, 7) with c.
346    66     32         15.0775    24.0341    59.4031    % 
LB close or above UB, fathomed
347    65     32         15.0775    24.0341    59.4031    % 
UB: 24.03405797101449
branching on 2 with b.
348    66     33         15.0775    24.0341    59.4031    % 
LB close or above UB, fathomed
349    65     33         15.0775    24.0341    59.4031    % 
UB: 24.03405797101449
branching on 3 with b.
350    66     34         15.0775    24.0341    59.4031    % 
UB: 24.03405797101449
branching on 1 with b.
351    67     34         15.0775    24.0341    59.4031    % 
LB close or above UB, fathomed
352    66     31         15.0775    24.0341    59.4031    % 
LB close or above UB, fathomed
353    65     29         15.0775    24.0341    59.4031    % 
LB close or above UB, fathomed
354    64     28         15.0775    24.0341    59.4031    % 
LB close or above UB, fathomed
355    63     27         15.0775    24.0341    59.4031    % 
LB close or above UB, fathomed
356    62     27         15.0775    24.0341    59.4031    % 
UB: 24.03405797101449
branching on CartesianIndex(1, 5) with c.
357    63     28         15.0775    24.0341    59.4031    % 
UB: 24.03405797101449
branching on CartesianIndex(2, 5) with c.
358    64     29         15.0775    24.0341    59.4031    % 
UB: 24.03405797101449
branching on CartesianIndex(1, 6) with c.
359    65     30         15.0775    24.0341    59.4031    % 
LB close or above UB, fathomed
360    64     30         15.0775    24.0341    59.4031    % 
UB: 24.03405797101449
branching on CartesianIndex(1, 7) with c.
361    65     31         15.0775    24.0341    59.4031    % 
UB: 24.03405797101449
branching on CartesianIndex(2, 7) with c.
362    66     32         15.0775    24.0341    59.4031    % 
LB close or above UB, fathomed
363    65     32         15.0775    24.0341    59.4031    % 
UB: 24.03405797101449
branching on 3 with b.
364    66     33         15.0775    24.0341    59.4031    % 
UB: 24.03405797101449
branching on 1 with b.
365    67     33         15.0775    24.0341    59.4031    % 
LB close or above UB, fathomed
366    66     31         15.0775    24.0341    59.4031    % 
LB close or above UB, fathomed
367    65     29         15.0775    24.0341    59.4031    % 
LB close or above UB, fathomed
368    64     28         15.0775    24.0341    59.4031    % 
LB close or above UB, fathomed
369    63     8          18.0130    24.0341    33.4259    % 
UB: 24.03405797101449
branching on 1 with b.
370    64     9          18.0130    24.0341    33.4259    % 
UB: 24.03405797101449
branching on CartesianIndex(4, 1) with a.
371    65     10         18.0130    24.0341    33.4259    % 
UB: 24.03405797101449
branching on 2 with b.
372    66     11         18.0130    24.0341    33.4259    % 
UB: 24.03405797101449
branching on 1 with b.
373    67     12         18.0130    24.0341    33.4259    % 
UB: 24.03405797101449
branching on CartesianIndex(5, 1) with a.
374    68     12         18.0130    24.0341    33.4259    % 
LB close or above UB, fathomed
375    67     11         18.0130    24.0341    33.4259    % 
LB close or above UB, fathomed
376    66     10         18.0130    24.0341    33.4259    % 
LB close or above UB, fathomed
377    65     9          18.0130    24.0341    33.4259    % 
LB close or above UB, fathomed
378    64     8          18.0130    24.0341    33.4259    % 
LB close or above UB, fathomed
379    63     13         18.0630    24.0341    33.0565    % 
UB: 24.03405797101449
branching on CartesianIndex(3, 2) with a.
380    64     14         18.0630    24.0341    33.0565    % 
UB: 24.03405797101449
branching on CartesianIndex(4, 2) with a.
381    65     14         18.0630    24.0341    33.0565    % 
LB close or above UB, fathomed
382    64     13         18.0630    24.0341    33.0565    % 
LB close or above UB, fathomed
383    63     16         18.0630    24.0341    33.0565    % 
UB: 24.03405797101449
branching on CartesianIndex(4, 2) with a.
384    64     16         18.0630    24.0341    33.0565    % 
LB close or above UB, fathomed
385    63     17         18.0630    24.0341    33.0565    % 
UB: 24.03405797101449
branching on CartesianIndex(4, 2) with a.
386    64     18         18.0630    24.0341    33.0565    % 
UB: 24.03405797101449
branching on 2 with b.
387    65     18         18.0630    24.0341    33.0565    % 
LB close or above UB, fathomed
388    64     17         18.0630    24.0341    33.0565    % 
LB close or above UB, fathomed
389    63     15         18.0630    24.0341    33.0565    % 
LB close or above UB, fathomed
390    62     15         18.0630    24.0341    33.0565    % 
UB: 24.03405797101449
branching on 1 with b.
391    63     16         18.0630    24.0341    33.0565    % 
UB: 24.03405797101449
branching on CartesianIndex(3, 2) with a.
392    64     16         18.0630    24.0341    33.0565    % 
LB close or above UB, fathomed
393    63     16         18.0630    24.0341    33.0565    % 
UB: 24.03405797101449
branching on 3 with b.
394    64     17         18.0630    24.0341    33.0565    % 
LB close or above UB, fathomed
395    63     17         18.0630    24.0341    33.0565    % 
UB: 24.03405797101449
branching on CartesianIndex(2, 2) with a.
396    64     18         18.0630    24.0341    33.0565    % 
UB: 24.03405797101449
branching on CartesianIndex(3, 2) with a.
397    65     18         18.0630    24.0341    33.0565    % 
LB close or above UB, fathomed
398    64     16         18.0630    24.0341    33.0565    % 
LB close or above UB, fathomed
399    63     13         18.0630    24.0341    33.0565    % 
LB close or above UB, fathomed
400    62     13         18.0630    24.0341    33.0565    % 
UB: 24.03405797101449
branching on CartesianIndex(2, 2) with a.
401    63     10         18.0630    24.0341    33.0565    % 
UB: 24.03405797101449
branching on 3 with b.
402    64     11         18.0630    24.0341    33.0565    % 
LB close or above UB, fathomed
403    63     11         18.0630    24.0341    33.0565    % 
UB: 24.03405797101449
branching on CartesianIndex(3, 2) with a.
404    64     10         18.0630    24.0341    33.0565    % 
LB close or above UB, fathomed
405    63     17         18.0630    24.0341    33.0565    % 
LB close or above UB, fathomed
406    62     17         18.0630    24.0341    33.0565    % 
UB: 24.03405797101449
branching on CartesianIndex(2, 2) with a.
407    63     18         18.0630    24.0341    33.0565    % 
UB: 24.03405797101449
branching on CartesianIndex(3, 2) with a.
408    64     18         18.0630    24.0341    33.0565    % 
LB close or above UB, fathomed
409    63     18         18.0630    24.0341    33.0565    % 
UB: 24.03405797101449
branching on CartesianIndex(2, 2) with a.
410    64     19         18.0630    24.0341    33.0565    % 
LB close or above UB, fathomed
411    63     19         18.0630    24.0341    33.0565    % 
LB close or above UB, fathomed
412    62     18         18.0630    24.0341    33.0565    % 
LB close or above UB, fathomed
413    61     17         18.0630    24.0341    33.0565    % 
UB: 24.03405797101449
branching on 2 with b.
414    62     18         18.0630    24.0341    33.0565    % 
LB close or above UB, fathomed
415    61     18         18.0630    24.0341    33.0565    % 
UB: 24.03405797101449
branching on CartesianIndex(3, 2) with a.
416    62     17         18.0630    24.0341    33.0565    % 
LB close or above UB, fathomed
417    61     16         18.0630    24.0341    33.0565    % 
UB: 24.03405797101449
branching on CartesianIndex(4, 2) with a.
418    62     16         18.0630    24.0341    33.0565    % 
LB close or above UB, fathomed
419    61     16         18.0630    24.0341    33.0565    % 
UB: 24.03405797101449
branching on CartesianIndex(5, 2) with a.
420    62     17         18.0630    24.0341    33.0565    % 
UB: 24.03405797101449
branching on 1 with b.
421    63     17         18.0630    24.0341    33.0565    % 
LB close or above UB, fathomed
422    62     16         18.0630    24.0341    33.0565    % 
LB close or above UB, fathomed
423    61     29         18.0630    24.0341    33.0565    % 
LB close or above UB, fathomed
424    60     29         18.0630    24.0341    33.0565    % 
UB: 24.03405797101449
branching on 3 with b.
425    61     30         18.0630    24.0341    33.0565    % 
UB: 24.03405797101449
branching on 1 with b.
426    62     31         18.0630    24.0341    33.0565    % 
UB: 24.03405797101449
branching on 2 with b.
427    63     32         18.0630    24.0341    33.0565    % 
UB: 24.03405797101449
branching on 3 with b.
428    64     32         18.0630    24.0341    33.0565    % 
LB close or above UB, fathomed
429    63     31         18.0630    24.0341    33.0565    % 
UB: 24.03405797101449
branching on 2 with b.
430    64     30         18.0630    24.0341    33.0565    % 
LB close or above UB, fathomed
431    63     14         18.0630    24.0341    33.0565    % 
UB: 24.03405797101449
branching on 2 with b.
432    64     15         18.0630    24.0341    33.0565    % 
LB close or above UB, fathomed
433    63     15         18.0630    24.0341    33.0565    % 
UB: 24.03405797101449
branching on CartesianIndex(4, 2) with a.
434    64     16         18.0630    24.0341    33.0565    % 
UB: 24.03405797101449
branching on CartesianIndex(5, 2) with a.
435    65     16         18.0630    24.0341    33.0565    % 
LB close or above UB, fathomed
436    64     14         18.0630    24.0341    33.0565    % 
LB close or above UB, fathomed
437    63     10         18.0630    24.0341    33.0565    % 
UB: 24.03405797101449
branching on CartesianIndex(4, 1) with a.
438    64     11         18.0630    24.0341    33.0565    % 
LB close or above UB, fathomed
439    63     11         18.0630    24.0341    33.0565    % 
LB close or above UB, fathomed
440    62     10         18.0630    24.0341    33.0565    % 
LB close or above UB, fathomed
441    61     17         18.0630    24.0341    33.0565    % 
UB: 24.03405797101449
branching on CartesianIndex(4, 2) with a.
442    62     18         18.0630    24.0341    33.0565    % 
UB: 24.03405797101449
branching on CartesianIndex(5, 2) with a.
443    63     19         18.0630    24.0341    33.0565    % 
UB: 24.03405797101449
branching on CartesianIndex(6, 2) with a.
444    64     20         18.0630    24.0341    33.0565    % 
UB: 24.03405797101449
branching on CartesianIndex(1, 3) with a.
445    65     20         18.0630    24.0341    33.0565    % 
LB close or above UB, fathomed
446    64     19         18.0630    24.0341    33.0565    % 
LB close or above UB, fathomed
447    63     18         18.0630    24.0341    33.0565    % 
LB close or above UB, fathomed
448    62     17         18.0630    24.0341    33.0565    % 
LB close or above UB, fathomed
449    61     21         18.0630    24.0341    33.0565    % 
LB close or above UB, fathomed
450    60     21         18.0630    24.0341    33.0565    % 
UB: 24.03405797101449
branching on CartesianIndex(1, 3) with a.
451    61     19         18.0630    24.0341    33.0565    % 
UB: 24.03405797101449
branching on CartesianIndex(2, 3) with a.
452    62     20         18.0630    24.0341    33.0565    % 
UB: 24.03405797101449
branching on CartesianIndex(3, 3) with a.
453    63     21         18.0630    24.0341    33.0565    % 
UB: 24.03405797101449
branching on CartesianIndex(4, 3) with a.
454    64     22         18.0630    24.0341    33.0565    % 
UB: 24.03405797101449
branching on CartesianIndex(5, 3) with a.
455    65     23         18.0630    24.0341    33.0565    % 
UB: 24.03405797101449
branching on CartesianIndex(6, 3) with a.
456    66     24         18.0630    24.0341    33.0565    % 
UB: 24.03405797101449
branching on CartesianIndex(1, 4) with c.
457    67     25         18.0630    24.0341    33.0565    % 
LB close or above UB, fathomed
458    66     25         18.0630    24.0341    33.0565    % 
UB: 24.03405797101449
branching on CartesianIndex(1, 5) with c.
459    67     24         18.0630    24.0341    33.0565    % 
LB close or above UB, fathomed
460    66     23         18.0630    24.0341    33.0565    % 
LB close or above UB, fathomed
461    65     22         18.0630    24.0341    33.0565    % 
LB close or above UB, fathomed
462    64     21         18.0630    24.0341    33.0565    % 
LB close or above UB, fathomed
463    63     20         18.0630    24.0341    33.0565    % 
LB close or above UB, fathomed
464    62     19         18.0630    24.0341    33.0565    % 
LB close or above UB, fathomed
465    61     18         18.0630    24.0341    33.0565    % 
UB: 24.03405797101449
branching on CartesianIndex(1, 4) with c.
466    62     19         18.0630    24.0341    33.0565    % 
LB close or above UB, fathomed
467    61     19         18.0630    24.0341    33.0565    % 
UB: 24.03405797101449
branching on 2 with b.
468    62     20         18.0630    24.0341    33.0565    % 
LB close or above UB, fathomed
469    61     20         18.0630    24.0341    33.0565    % 
LB close or above UB, fathomed
470    60     18         18.0630    24.0341    33.0565    % 
LB close or above UB, fathomed
471    59     26         18.0630    24.0341    33.0565    % 
UB: 24.03405797101449
branching on CartesianIndex(2, 5) with c.
472    60     27         18.0630    24.0341    33.0565    % 
UB: 24.03405797101449
branching on CartesianIndex(1, 6) with c.
473    61     28         18.0630    24.0341    33.0565    % 
LB close or above UB, fathomed
474    60     28         18.0630    24.0341    33.0565    % 
UB: 24.03405797101449
branching on CartesianIndex(1, 7) with c.
475    61     29         18.0630    24.0341    33.0565    % 
UB: 24.03405797101449
branching on CartesianIndex(2, 7) with c.
476    62     30         18.0630    24.0341    33.0565    % 
LB close or above UB, fathomed
477    61     30         18.0630    24.0341    33.0565    % 
UB: 24.03405797101449
branching on 3 with b.
478    62     31         18.0630    24.0341    33.0565    % 
UB: 24.03405797101449
branching on 1 with b.
479    63     32         18.0630    24.0341    33.0565    % 
UB: 24.03405797101449
branching on 2 with b.
480    64     33         18.0630    24.0341    33.0565    % 
LB close or above UB, fathomed
481    63     33         18.0630    24.0341    33.0565    % 
UB: 24.03405797101449
branching on 3 with b.
482    64     34         18.0630    24.0341    33.0565    % 
UB: 24.03405797101449
branching on 1 with b.
483    65     34         18.0630    24.0341    33.0565    % 
LB close or above UB, fathomed
484    64     32         18.0630    24.0341    33.0565    % 
LB close or above UB, fathomed
485    63     31         18.0630    24.0341    33.0565    % 
LB close or above UB, fathomed
486    62     29         18.0630    24.0341    33.0565    % 
LB close or above UB, fathomed
487    61     27         18.0630    24.0341    33.0565    % 
LB close or above UB, fathomed
488    60     26         18.0630    24.0341    33.0565    % 
LB close or above UB, fathomed
489    59     22         18.0630    24.0341    33.0565    % 
UB: 24.03405797101449
branching on 3 with b.
490    60     23         18.0630    24.0341    33.0565    % 
UB: 24.03405797101449
branching on 1 with b.
491    61     24         18.0630    24.0341    33.0565    % 
UB: 24.03405797101449
branching on 2 with b.
492    62     24         18.0630    24.0341    33.0565    % 
UB: 24.03405797101449
branching on CartesianIndex(2, 3) with a.
493    63     23         18.0630    24.0341    33.0565    % 
LB close or above UB, fathomed
494    62     22         18.0630    24.0341    33.0565    % 
LB close or above UB, fathomed
495    61     34         18.0630    24.0341    33.0565    % 
UB: 24.03405797101449
branching on 2 with b.
496    62     35         18.0630    24.0341    33.0565    % 
UB: 24.03405797101449
branching on 3 with b.
497    63     36         18.0630    24.0341    33.0565    % 
UB: 24.03405797101449
branching on 1 with b.
498    64     36         18.0630    24.0341    33.0565    % 
UB: 24.03405797101449
branching on 1 with b.
499    65     37         18.0630    24.0341    33.0565    % 
LB close or above UB, fathomed
500    64     37         18.0630    24.0341    33.0565    % 
UB: 24.03405797101449
branching on 2 with b.
501    65     38         18.0630    24.0341    33.0565    % 
LB close or above UB, fathomed
502    64     38         18.0630    24.0341    33.0565    % 
UB: 24.03405797101449
branching on 3 with b.
503    65     39         18.0630    24.0341    33.0565    % 
UB: 24.03405797101449
branching on 1 with b.
504    65     40         18.0630    24.0341    33.0565    % 
UB: 24.03405797101449
branching on 2 with b.
505    66     41         18.0630    24.0341    33.0565    % 
LB close or above UB, fathomed
506    65     41         18.0630    24.0341    33.0565    % 
UB: 24.03405797101449
branching on 3 with b.
507    65     42         18.0630    24.0341    33.0565    % 
UB: 24.03405797101449
branching on 1 with b.
508    66     43         18.0630    24.0341    33.0565    % 
UB: 21.04855072463768
branching on 2 with b.
509    67     44         18.0630    21.0486    16.5283    % 
LB close or above UB, fathomed
510    14     44         18.0630    21.0486    16.5283    % 
UB: 18.06304347826087
branching on 3 with b.
511    14     45         18.0630    18.0630    -0.0000    % 
LB close or above UB, fathomed
all node solved
solved nodes:  512
512                                                   1.8063e+01     1.8063e+01     -0.0000 % 
7×3 Matrix{Float64}:
 0.0  1.0  0.0
 0.0  0.0  0.0
 0.0  0.0  0.0
 0.0  0.0  0.0
 0.0  0.0  0.0
 0.0  0.0  0.0
 1.0  0.0  1.0
3-element Vector{Float64}:
 0.5879213663448825
 0.26885556802438926
 0.6576426953738623
3×7 Matrix{Float64}:
 0.0  0.0  0.0  0.0  1.0  0.0  0.0
 0.0  0.0  0.0  0.0  0.0  1.0  1.0
 0.0  0.0  0.0  1.0  0.0  0.0  0.0
3-element Vector{Float64}:
 1.0
 1.0
 1.0
7×3 Matrix{Float64}:
 1.0  0.0  0.0
 0.0  0.0  0.0
 0.0  0.0  0.0
 0.0  0.0  0.0
 0.0  0.0  0.0
 0.0  0.0  0.0
 0.0  1.0  1.0
3-element Vector{Float64}:
 0.26888668678181776
 0.1803304586838437
 0.5868852204686652
3×7 Matrix{Float64}:
 0.0  0.0  0.0  1.0  0.0  1.0  0.0
 0.0  0.0  0.0  0.0  0.0  0.0  1.0
 0.0  0.0  0.0  0.0  1.0  0.0  0.0
3-element Vector{Float64}:
 1.0
 1.0
 1.0
comparison (CRT and Glb)on prediction: Dict{Bool, Int64}(0 => 3, 1 => 50)
Dataname	 time	 objv	 lb	 gap	 train_w	 train_g	 test_w	 test_g
seeds_662.seeds	 80.87	 18.06304347826087	 18.063	 -0.0	 90.85	 96.078	 92.453	 94.34
