Running 6 processes.
Start training seeds_171.seeds with seed 1.
Any[]
(7, 206)
(7, 103)
(7, 52)
(7, 51)
dimension: 7, class: 3
cart cost: 41.35
size of X: (7, 155)
ngroups: 6
UB: 26.635714285714286
Iter	left	lev	LB	UB	gap	
0      0      1          0.1332     26.6357    19892.9090 % 
UB: 26.635714285714286
branching on 1 with d.
1      1      2          0.1332     26.6357    19892.9090 % 
LB close or above UB, fathomed
2      0      2          0.1332     26.6357    19892.9090 % 
UB: 26.635714285714286
branching on 2 with d.
3      1      3          0.1332     26.6357    19892.9090 % 
UB: 26.635714285714286
branching on 3 with d.
4      2      3          0.1332     26.6357    19892.9090 % 
UB: 26.635714285714286
branching on 3 with d.
5      3      4          0.1332     26.6357    19892.9090 % 
UB: 26.635714285714286
branching on CartesianIndex(1, 1) with a.
6      4      4          0.1332     26.6357    19892.9090 % 
UB: 26.635714285714286
branching on CartesianIndex(1, 1) with a.
7      5      5          0.1500     26.6357    17657.1429 % 
UB: 26.635714285714286
branching on 1 with b.
8      6      6          0.1500     26.6357    17657.1429 % 
UB: 26.635714285714286
branching on CartesianIndex(2, 1) with a.
9      7      7          0.1500     26.6357    17657.1429 % 
UB: 26.635714285714286
branching on 1 with b.
10     8      8          0.1500     26.6357    17657.1429 % 
LB close or above UB, fathomed
11     7      8          0.1500     26.6357    17657.1429 % 
UB: 26.635714285714286
branching on 2 with b.
12     8      9          0.1500     26.6357    17657.1429 % 
UB: 26.635714285714286
branching on 3 with b.
13     9      10         0.1500     26.6357    17657.1429 % 
UB: 26.635714285714286
branching on CartesianIndex(3, 1) with a.
14     10     10         0.1500     26.6357    17657.1429 % 
UB: 26.635714285714286
branching on CartesianIndex(3, 1) with a.
15     11     11         0.1500     26.6357    17657.1429 % 
UB: 26.635714285714286
branching on CartesianIndex(4, 1) with a.
16     12     12         0.1500     26.6357    17657.1429 % 
UB: 26.635714285714286
branching on CartesianIndex(5, 1) with a.
17     13     13         0.1500     26.6357    17657.1429 % 
UB: 26.635714285714286
branching on 1 with b.
18     14     13         0.1500     26.6357    17657.1429 % 
UB: 26.635714285714286
branching on 1 with b.
19     15     14         0.1500     26.6357    17657.1429 % 
UB: 26.635714285714286
branching on CartesianIndex(1, 2) with a.
20     16     14         0.1500     26.6357    17657.1429 % 
UB: 26.635714285714286
branching on CartesianIndex(1, 2) with a.
21     17     12         0.1500     26.6357    17657.1429 % 
UB: 26.635714285714286
branching on CartesianIndex(1, 2) with a.
22     18     11         0.1500     26.6357    17657.1429 % 
LB close or above UB, fathomed
23     17     9          0.1500     26.6357    17657.1429 % 
UB: 26.635714285714286
branching on 3 with b.
24     18     7          0.1500     26.6357    17657.1429 % 
UB: 26.635714285714286
branching on CartesianIndex(1, 2) with a.
25     19     8          0.1500     26.6357    17657.1429 % 
UB: 26.635714285714286
branching on 1 with b.
26     20     9          0.1500     26.6357    17657.1429 % 
LB close or above UB, fathomed
27     19     9          0.1500     26.6357    17657.1429 % 
UB: 26.635714285714286
branching on CartesianIndex(2, 2) with a.
28     20     10         0.1500     26.6357    17657.1429 % 
UB: 26.635714285714286
branching on 2 with b.
29     21     11         0.1500     26.6357    17657.1429 % 
UB: 26.635714285714286
branching on CartesianIndex(3, 2) with a.
30     22     12         0.1500     26.6357    17657.1429 % 
UB: 26.635714285714286
branching on CartesianIndex(4, 2) with a.
31     23     13         0.1500     26.6357    17657.1429 % 
UB: 26.635714285714286
branching on CartesianIndex(5, 2) with a.
32     24     14         0.1500     26.6357    17657.1429 % 
UB: 26.635714285714286
branching on 3 with b.
33     25     15         0.1500     26.6357    17657.1429 % 
UB: 26.635714285714286
branching on CartesianIndex(6, 2) with a.
34     26     15         0.1500     26.6357    17657.1429 % 
UB: 26.635714285714286
branching on CartesianIndex(6, 2) with a.
35     27     16         0.1500     26.6357    17657.1429 % 
UB: 26.635714285714286
branching on CartesianIndex(1, 3) with a.
36     28     16         0.1500     26.6357    17657.1429 % 
UB: 26.635714285714286
branching on CartesianIndex(1, 3) with a.
37     29     14         0.1500     26.6357    17657.1429 % 
UB: 26.635714285714286
branching on 3 with b.
38     30     13         0.1500     26.6357    17657.1429 % 
UB: 26.635714285714286
branching on CartesianIndex(1, 3) with a.
39     31     12         0.1500     26.6357    17657.1429 % 
UB: 26.635714285714286
branching on 3 with b.
40     32     11         0.1500     26.6357    17657.1429 % 
UB: 26.635714285714286
branching on CartesianIndex(3, 2) with a.
41     33     10         0.1500     26.6357    17657.1429 % 
LB close or above UB, fathomed
42     32     8          0.1500     26.6357    17657.1429 % 
LB close or above UB, fathomed
43     31     6          0.1500     26.6357    17657.1429 % 
UB: 26.635714285714286
branching on 1 with b.
44     32     5          0.1500     26.6357    17657.1429 % 
UB: 26.635714285714286
branching on 1 with b.
45     33     6          0.1500     26.6357    17657.1429 % 
UB: 26.635714285714286
branching on CartesianIndex(1, 2) with a.
46     34     7          0.1500     26.6357    17657.1429 % 
UB: 26.635714285714286
branching on 1 with b.
47     35     8          0.1500     26.6357    17657.1429 % 
UB: 26.635714285714286
branching on 2 with b.
48     36     8          0.1500     26.6357    17657.1429 % 
UB: 26.635714285714286
branching on 2 with b.
49     37     7          0.1500     26.6357    17657.1429 % 
LB close or above UB, fathomed
50     36     6          0.1500     26.6357    17657.1429 % 
UB: 26.635714285714286
branching on 1 with b.
51     37     9          3.0929     26.6357    761.2009   % 
UB: 26.635714285714286
branching on 3 with b.
52     38     10         3.0929     26.6357    761.2009   % 
UB: 26.635714285714286
branching on CartesianIndex(2, 2) with a.
53     39     10         3.0929     26.6357    761.2009   % 
UB: 26.635714285714286
branching on CartesianIndex(2, 2) with a.
54     40     11         3.0929     26.6357    761.2009   % 
UB: 26.635714285714286
branching on CartesianIndex(3, 2) with a.
55     41     12         3.0929     26.6357    761.2009   % 
UB: 26.635714285714286
branching on CartesianIndex(4, 2) with a.
56     42     13         3.0929     26.6357    761.2009   % 
UB: 26.635714285714286
branching on CartesianIndex(5, 2) with a.
57     43     14         3.0929     26.6357    761.2009   % 
UB: 26.635714285714286
branching on CartesianIndex(6, 2) with a.
58     44     15         3.0929     26.6357    761.2009   % 
UB: 26.635714285714286
branching on CartesianIndex(1, 3) with a.
59     45     15         3.0929     26.6357    761.2009   % 
UB: 26.635714285714286
branching on CartesianIndex(1, 3) with a.
60     46     14         3.0929     26.6357    761.2009   % 
UB: 26.635714285714286
branching on 1 with b.
61     47     13         3.0929     26.6357    761.2009   % 
LB close or above UB, fathomed
62     46     12         3.0929     26.6357    761.2009   % 
UB: 26.635714285714286
branching on CartesianIndex(1, 3) with a.
63     47     11         3.0929     26.6357    761.2009   % 
UB: 26.635714285714286
branching on 1 with b.
64     48     9          3.0929     26.6357    761.2009   % 
LB close or above UB, fathomed
65     47     17         3.0929     26.6357    761.2009   % 
UB: 26.635714285714286
branching on 1 with b.
66     48     18         3.0929     26.6357    761.2009   % 
UB: 26.635714285714286
branching on CartesianIndex(2, 3) with a.
67     49     19         3.0929     26.6357    761.2009   % 
UB: 26.635714285714286
branching on CartesianIndex(3, 3) with a.
68     50     19         3.0929     26.6357    761.2009   % 
UB: 26.635714285714286
branching on 2 with b.
69     51     18         3.0929     26.6357    761.2009   % 
LB close or above UB, fathomed
70     50     17         3.0929     26.6357    761.2009   % 
UB: 26.635714285714286
branching on CartesianIndex(1, 4) with c.
71     51     15         3.0929     26.6357    761.2009   % 
UB: 26.635714285714286
branching on CartesianIndex(2, 2) with a.
72     52     15         3.0929     26.6357    761.2009   % 
UB: 26.635714285714286
branching on CartesianIndex(1, 3) with a.
73     53     16         6.0357     26.6357    341.3018   % 
UB: 26.635714285714286
branching on CartesianIndex(3, 2) with a.
74     54     17         6.0357     26.6357    341.3018   % 
UB: 26.635714285714286
branching on CartesianIndex(4, 2) with a.
75     55     17         6.0357     26.6357    341.3018   % 
LB close or above UB, fathomed
76     54     16         6.0357     26.6357    341.3018   % 
UB: 26.635714285714286
branching on CartesianIndex(1, 3) with a.
77     55     20         6.0357     26.6357    341.3018   % 
UB: 26.635714285714286
branching on CartesianIndex(4, 3) with a.
78     56     21         6.0357     26.6357    341.3018   % 
UB: 26.635714285714286
branching on CartesianIndex(5, 3) with a.
79     57     22         6.0357     26.6357    341.3018   % 
UB: 26.635714285714286
branching on 2 with b.
80     58     23         6.0357     26.6357    341.3018   % 
UB: 26.635714285714286
branching on CartesianIndex(6, 3) with a.
81     59     23         6.0357     26.6357    341.3018   % 
UB: 26.635714285714286
branching on CartesianIndex(6, 3) with a.
82     60     22         6.0357     26.6357    341.3018   % 
LB close or above UB, fathomed
83     59     21         6.0357     26.6357    341.3018   % 
UB: 26.635714285714286
branching on 2 with b.
84     60     20         6.0357     26.6357    341.3018   % 
LB close or above UB, fathomed
85     59     9          6.0357     26.6357    341.3018   % 
UB: 26.635714285714286
branching on CartesianIndex(2, 2) with a.
86     60     10         6.0357     26.6357    341.3018   % 
UB: 26.635714285714286
branching on 3 with b.
87     61     11         6.0357     26.6357    341.3018   % 
UB: 26.635714285714286
branching on CartesianIndex(3, 2) with a.
88     62     11         6.0357     26.6357    341.3018   % 
UB: 26.635714285714286
branching on 1 with b.
89     63     10         6.0357     26.6357    341.3018   % 
LB close or above UB, fathomed
90     62     9          6.0357     26.6357    341.3018   % 
LB close or above UB, fathomed
91     61     16         6.0357     26.6357    341.3018   % 
UB: 26.635714285714286
branching on CartesianIndex(2, 3) with a.
92     62     17         6.0357     26.6357    341.3018   % 
UB: 26.635714285714286
branching on CartesianIndex(3, 3) with a.
93     63     18         6.0357     26.6357    341.3018   % 
UB: 26.635714285714286
branching on CartesianIndex(4, 3) with a.
94     64     18         6.0357     26.6357    341.3018   % 
LB close or above UB, fathomed
95     63     17         6.0357     26.6357    341.3018   % 
UB: 26.635714285714286
branching on 1 with b.
96     64     16         6.0357     26.6357    341.3018   % 
UB: 26.635714285714286
branching on CartesianIndex(1, 4) with c.
97     65     19         6.0357     26.6357    341.3018   % 
UB: 26.635714285714286
branching on CartesianIndex(5, 3) with a.
98     66     20         6.0357     26.6357    341.3018   % 
UB: 26.635714285714286
branching on CartesianIndex(6, 3) with a.
99     67     20         6.0357     26.6357    341.3018   % 
LB close or above UB, fathomed
100    66     19         6.0357     26.6357    341.3018   % 
UB: 26.635714285714286
branching on CartesianIndex(1, 4) with c.
101    67     12         6.0357     26.6357    341.3018   % 
LB close or above UB, fathomed
102    66     12         6.0357     26.6357    341.3018   % 
UB: 26.635714285714286
branching on 2 with b.
103    67     13         6.0357     26.6357    341.3018   % 
UB: 26.635714285714286
branching on CartesianIndex(3, 2) with a.
104    68     13         6.0357     26.6357    341.3018   % 
UB: 26.635714285714286
branching on CartesianIndex(3, 2) with a.
105    69     14         6.0357     26.6357    341.3018   % 
UB: 26.635714285714286
branching on CartesianIndex(4, 2) with a.
106    70     14         6.0357     26.6357    341.3018   % 
UB: 26.635714285714286
branching on CartesianIndex(1, 3) with a.
107    71     15         6.0357     26.6357    341.3018   % 
UB: 26.635714285714286
branching on CartesianIndex(5, 2) with a.
108    72     15         6.0357     26.6357    341.3018   % 
LB close or above UB, fathomed
109    71     16         8.9786     26.6357    196.6587   % 
UB: 26.635714285714286
branching on CartesianIndex(6, 2) with a.
110    72     17         8.9786     26.6357    196.6587   % 
UB: 26.635714285714286
branching on CartesianIndex(1, 3) with a.
111    73     17         8.9786     26.6357    196.6587   % 
UB: 26.635714285714286
branching on CartesianIndex(1, 3) with a.
112    74     16         8.9786     26.6357    196.6587   % 
LB close or above UB, fathomed
113    73     14         8.9786     26.6357    196.6587   % 
UB: 26.635714285714286
branching on CartesianIndex(4, 2) with a.
114    74     15         8.9786     26.6357    196.6587   % 
UB: 26.635714285714286
branching on 3 with b.
115    75     16         8.9786     26.6357    196.6587   % 
UB: 26.635714285714286
branching on 1 with b.
116    76     17         8.9786     26.6357    196.6587   % 
LB close or above UB, fathomed
117    75     17         8.9786     26.6357    196.6587   % 
UB: 26.635714285714286
branching on CartesianIndex(5, 2) with a.
118    76     18         8.9786     26.6357    196.6587   % 
UB: 26.635714285714286
branching on CartesianIndex(6, 2) with a.
119    77     19         8.9786     26.6357    196.6587   % 
UB: 26.635714285714286
branching on CartesianIndex(1, 3) with a.
120    78     19         8.9786     26.6357    196.6587   % 
UB: 26.635714285714286
branching on CartesianIndex(1, 3) with a.
121    79     18         8.9786     26.6357    196.6587   % 
LB close or above UB, fathomed
122    78     16         8.9786     26.6357    196.6587   % 
LB close or above UB, fathomed
123    77     15         8.9786     26.6357    196.6587   % 
UB: 26.635714285714286
branching on CartesianIndex(1, 3) with a.
124    78     14         8.9786     26.6357    196.6587   % 
LB close or above UB, fathomed
125    77     21         8.9786     26.6357    196.6587   % 
UB: 26.635714285714286
branching on 1 with b.
126    78     22         8.9786     26.6357    196.6587   % 
UB: 26.635714285714286
branching on 2 with b.
127    79     23         8.9786     26.6357    196.6587   % 
UB: 26.635714285714286
branching on CartesianIndex(1, 4) with c.
128    80     23         8.9786     26.6357    196.6587   % 
UB: 26.635714285714286
branching on 3 with b.
129    81     22         8.9786     26.6357    196.6587   % 
LB close or above UB, fathomed
130    80     21         8.9786     26.6357    196.6587   % 
LB close or above UB, fathomed
131    79     13         8.9786     26.6357    196.6587   % 
UB: 26.635714285714286
branching on CartesianIndex(2, 2) with a.
132    80     14         8.9786     26.6357    196.6587   % 
UB: 26.635714285714286
branching on CartesianIndex(3, 2) with a.
133    81     14         8.9786     26.6357    196.6587   % 
LB close or above UB, fathomed
134    80     13         8.9786     26.6357    196.6587   % 
LB close or above UB, fathomed
135    79     15         8.9786     26.6357    196.6587   % 
UB: 26.635714285714286
branching on CartesianIndex(2, 2) with a.
136    80     16         8.9786     26.6357    196.6587   % 
UB: 26.635714285714286
branching on CartesianIndex(3, 2) with a.
137    81     17         8.9786     26.6357    196.6587   % 
UB: 26.635714285714286
branching on CartesianIndex(4, 2) with a.
138    82     17         8.9786     26.6357    196.6587   % 
LB close or above UB, fathomed
139    81     16         8.9786     26.6357    196.6587   % 
UB: 26.635714285714286
branching on CartesianIndex(1, 3) with a.
140    82     15         8.9786     26.6357    196.6587   % 
LB close or above UB, fathomed
141    81     17         8.9786     26.6357    196.6587   % 
UB: 26.635714285714286
branching on CartesianIndex(2, 3) with a.
142    82     18         8.9786     26.6357    196.6587   % 
UB: 26.635714285714286
branching on CartesianIndex(3, 3) with a.
143    83     18         8.9786     26.6357    196.6587   % 
UB: 26.635714285714286
branching on CartesianIndex(1, 4) with c.
144    84     17         8.9786     26.6357    196.6587   % 
UB: 26.635714285714286
branching on CartesianIndex(1, 4) with c.
145    85     18         11.9214    26.6357    123.4272   % 
UB: 26.635714285714286
branching on CartesianIndex(5, 2) with a.
146    86     19         11.9214    26.6357    123.4272   % 
UB: 26.635714285714286
branching on CartesianIndex(6, 2) with a.
147    87     20         11.9214    26.6357    123.4272   % 
UB: 26.635714285714286
branching on CartesianIndex(1, 3) with a.
148    88     20         11.9214    26.6357    123.4272   % 
UB: 26.635714285714286
branching on 2 with b.
149    89     19         11.9214    26.6357    123.4272   % 
UB: 26.635714285714286
branching on CartesianIndex(1, 3) with a.
150    90     18         11.9214    26.6357    123.4272   % 
LB close or above UB, fathomed
151    89     15         11.9214    26.6357    123.4272   % 
UB: 26.635714285714286
branching on CartesianIndex(4, 2) with a.
152    90     15         11.9214    26.6357    123.4272   % 
LB close or above UB, fathomed
153    89     20         11.9214    26.6357    123.4272   % 
UB: 26.635714285714286
branching on 2 with b.
154    90     20         11.9214    26.6357    123.4272   % 
LB close or above UB, fathomed
155    89     18         11.9214    26.6357    123.4272   % 
UB: 26.635714285714286
branching on CartesianIndex(5, 2) with a.
156    90     19         11.9214    26.6357    123.4272   % 
UB: 26.635714285714286
branching on 2 with b.
157    91     20         11.9214    26.6357    123.4272   % 
UB: 26.635714285714286
branching on CartesianIndex(6, 2) with a.
158    92     20         11.9214    26.6357    123.4272   % 
UB: 26.635714285714286
branching on CartesianIndex(6, 2) with a.
159    93     21         11.9214    26.6357    123.4272   % 
LB close or above UB, fathomed
160    92     21         11.9214    26.6357    123.4272   % 
UB: 26.635714285714286
branching on 3 with b.
161    93     19         11.9214    26.6357    123.4272   % 
LB close or above UB, fathomed
162    92     18         11.9214    26.6357    123.4272   % 
LB close or above UB, fathomed
163    91     7          11.9214    26.6357    123.4272   % 
UB: 26.635714285714286
branching on 2 with b.
164    92     8          11.9214    26.6357    123.4272   % 
UB: 26.635714285714286
branching on 3 with b.
165    93     9          11.9214    26.6357    123.4272   % 
UB: 26.635714285714286
branching on CartesianIndex(2, 1) with a.
166    94     9          11.9214    26.6357    123.4272   % 
UB: 26.635714285714286
branching on 1 with b.
167    95     8          11.9214    26.6357    123.4272   % 
LB close or above UB, fathomed
168    94     7          11.9214    26.6357    123.4272   % 
LB close or above UB, fathomed
169    93     19         11.9214    26.6357    123.4272   % 
UB: 26.635714285714286
branching on CartesianIndex(4, 3) with a.
170    94     20         11.9214    26.6357    123.4272   % 
UB: 26.635714285714286
branching on CartesianIndex(5, 3) with a.
171    95     21         11.9214    26.6357    123.4272   % 
UB: 26.635714285714286
branching on CartesianIndex(6, 3) with a.
172    96     22         11.9214    26.6357    123.4272   % 
UB: 26.635714285714286
branching on CartesianIndex(1, 4) with c.
173    97     23         11.9214    26.6357    123.4272   % 
LB close or above UB, fathomed
174    96     23         11.9214    26.6357    123.4272   % 
UB: 26.635714285714286
branching on CartesianIndex(1, 5) with c.
175    97     24         11.9214    26.6357    123.4272   % 
UB: 26.635714285714286
branching on 1 with b.
176    98     25         11.9214    26.6357    123.4272   % 
UB: 26.635714285714286
branching on CartesianIndex(2, 5) with c.
177    99     26         11.9214    26.6357    123.4272   % 
UB: 26.635714285714286
branching on 2 with b.
178    100    27         11.9214    26.6357    123.4272   % 
UB: 26.635714285714286
branching on CartesianIndex(1, 6) with c.
179    101    27         11.9214    26.6357    123.4272   % 
UB: 26.635714285714286
branching on CartesianIndex(1, 6) with c.
180    102    26         11.9214    26.6357    123.4272   % 
LB close or above UB, fathomed
181    101    25         11.9214    26.6357    123.4272   % 
LB close or above UB, fathomed
182    100    24         11.9214    26.6357    123.4272   % 
LB close or above UB, fathomed
183    99     22         11.9214    26.6357    123.4272   % 
LB close or above UB, fathomed
184    98     21         11.9214    26.6357    123.4272   % 
LB close or above UB, fathomed
185    97     20         11.9214    26.6357    123.4272   % 
UB: 26.635714285714286
branching on 1 with b.
186    98     19         11.9214    26.6357    123.4272   % 
LB close or above UB, fathomed
187    97     11         11.9214    26.6357    123.4272   % 
UB: 26.635714285714286
branching on CartesianIndex(4, 1) with a.
188    98     12         11.9214    26.6357    123.4272   % 
UB: 26.635714285714286
branching on CartesianIndex(5, 1) with a.
189    99     13         11.9214    26.6357    123.4272   % 
UB: 26.635714285714286
branching on CartesianIndex(6, 1) with a.
190    100    13         11.9214    26.6357    123.4272   % 
UB: 26.635714285714286
branching on CartesianIndex(1, 2) with a.
191    101    12         11.9214    26.6357    123.4272   % 
UB: 26.635714285714286
branching on CartesianIndex(1, 2) with a.
192    102    11         11.9214    26.6357    123.4272   % 
LB close or above UB, fathomed
193    101    21         11.9214    26.6357    123.4272   % 
UB: 26.635714285714286
branching on CartesianIndex(2, 3) with a.
194    102    21         11.9214    26.6357    123.4272   % 
UB: 26.635714285714286
branching on CartesianIndex(2, 3) with a.
195    103    22         11.9214    26.6357    123.4272   % 
UB: 26.635714285714286
branching on CartesianIndex(3, 3) with a.
196    104    22         11.9214    26.6357    123.4272   % 
UB: 26.635714285714286
branching on CartesianIndex(1, 4) with c.
197    105    24         11.9214    26.6357    123.4272   % 
UB: 26.635714285714286
branching on CartesianIndex(1, 4) with c.
198    106    25         11.9214    26.6357    123.4272   % 
LB close or above UB, fathomed
199    105    25         11.9214    26.6357    123.4272   % 
UB: 26.635714285714286
branching on CartesianIndex(1, 5) with c.
200    106    26         11.9214    26.6357    123.4272   % 
UB: 26.635714285714286
branching on CartesianIndex(2, 5) with c.
201    107    27         11.9214    26.6357    123.4272   % 
UB: 26.635714285714286
branching on CartesianIndex(1, 6) with c.
202    108    28         11.9214    26.6357    123.4272   % 
LB close or above UB, fathomed
203    107    28         11.9214    26.6357    123.4272   % 
UB: 26.635714285714286
branching on 3 with b.
204    108    29         11.9214    26.6357    123.4272   % 
UB: 26.635714285714286
branching on CartesianIndex(1, 7) with c.
205    109    30         11.9214    26.6357    123.4272   % 
UB: 26.635714285714286
branching on CartesianIndex(2, 7) with c.
206    110    31         11.9214    26.6357    123.4272   % 
LB close or above UB, fathomed
207    109    31         11.9214    26.6357    123.4272   % 
UB: 26.635714285714286
branching on 1 with b.
208    110    32         11.9214    26.6357    123.4272   % 
UB: 26.635714285714286
branching on 2 with b.
209    111    33         11.9214    26.6357    123.4272   % 
LB close or above UB, fathomed
210    110    33         11.9214    26.6357    123.4272   % 
UB: 26.635714285714286
branching on 3 with b.
211    111    34         11.9214    26.6357    123.4272   % 
UB: 26.635714285714286
branching on 1 with b.
212    112    34         11.9214    26.6357    123.4272   % 
UB: 26.635714285714286
branching on 1 with b.
213    113    32         11.9214    26.6357    123.4272   % 
UB: 26.635714285714286
branching on 2 with b.
214    114    30         11.9214    26.6357    123.4272   % 
LB close or above UB, fathomed
215    113    29         11.9214    26.6357    123.4272   % 
LB close or above UB, fathomed
216    112    27         11.9214    26.6357    123.4272   % 
LB close or above UB, fathomed
217    111    26         11.9214    26.6357    123.4272   % 
LB close or above UB, fathomed
218    110    24         11.9214    26.6357    123.4272   % 
LB close or above UB, fathomed
219    109    16         11.9214    26.6357    123.4272   % 
UB: 26.635714285714286
branching on CartesianIndex(2, 3) with a.
220    110    17         11.9214    26.6357    123.4272   % 
UB: 26.635714285714286
branching on CartesianIndex(3, 3) with a.
221    111    17         11.9214    26.6357    123.4272   % 
UB: 26.635714285714286
branching on CartesianIndex(1, 4) with c.
222    112    16         11.9214    26.6357    123.4272   % 
LB close or above UB, fathomed
223    111    18         11.9214    26.6357    123.4272   % 
UB: 26.635714285714286
branching on CartesianIndex(2, 3) with a.
224    112    19         11.9214    26.6357    123.4272   % 
UB: 26.635714285714286
branching on CartesianIndex(3, 3) with a.
225    113    19         11.9214    26.6357    123.4272   % 
UB: 26.635714285714286
branching on 3 with b.
226    114    18         11.9214    26.6357    123.4272   % 
LB close or above UB, fathomed
227    113    5          14.8143    26.6357    79.7975    % 
UB: 26.635714285714286
branching on 1 with b.
228    114    6          14.8143    26.6357    79.7975    % 
LB close or above UB, fathomed
229    113    6          14.8143    26.6357    79.7975    % 
UB: 26.635714285714286
branching on 1 with b.
230    114    7          14.8143    26.6357    79.7975    % 
UB: 26.635714285714286
branching on 2 with b.
231    115    8          14.8143    26.6357    79.7975    % 
UB: 26.635714285714286
branching on CartesianIndex(2, 1) with a.
232    116    9          14.8143    26.6357    79.7975    % 
UB: 26.635714285714286
branching on CartesianIndex(3, 1) with a.
233    117    9          14.8143    26.6357    79.7975    % 
UB: 26.635714285714286
branching on 1 with b.
234    118    8          14.8143    26.6357    79.7975    % 
LB close or above UB, fathomed
235    117    7          14.8143    26.6357    79.7975    % 
LB close or above UB, fathomed
236    116    5          14.8143    26.6357    79.7975    % 
LB close or above UB, fathomed
237    115    16         14.8643    26.6357    79.1927    % 
UB: 26.635714285714286
branching on CartesianIndex(5, 2) with a.
238    116    17         14.8643    26.6357    79.1927    % 
UB: 26.635714285714286
branching on 1 with b.
239    117    17         14.8643    26.6357    79.1927    % 
LB close or above UB, fathomed
240    116    16         14.8643    26.6357    79.1927    % 
LB close or above UB, fathomed
241    115    20         14.8643    26.6357    79.1927    % 
UB: 26.635714285714286
branching on CartesianIndex(4, 3) with a.
242    116    21         14.8643    26.6357    79.1927    % 
UB: 26.635714285714286
branching on CartesianIndex(5, 3) with a.
243    117    21         14.8643    26.6357    79.1927    % 
UB: 26.635714285714286
branching on CartesianIndex(1, 4) with c.
244    118    20         14.8643    26.6357    79.1927    % 
LB close or above UB, fathomed
245    117    35         14.8643    26.6357    79.1927    % 
UB: 26.635714285714286
branching on 2 with b.
246    118    35         14.8643    26.6357    79.1927    % 
UB: 26.635714285714286
branching on 2 with b.
247    119    36         14.8643    26.6357    79.1927    % 
UB: 26.635714285714286
branching on 3 with b.
248    120    36         14.8643    26.6357    79.1927    % 
UB: 26.635714285714286
branching on 3 with b.
249    121    37         14.8643    26.6357    79.1927    % 
UB: 26.635714285714286
branching on 1 with b.
250    122    38         14.8643    26.6357    79.1927    % 
UB: 26.635714285714286
branching on 2 with b.
251    123    38         14.8643    26.6357    79.1927    % 
UB: 26.635714285714286
branching on 2 with b.
252    124    37         14.8643    26.6357    79.1927    % 
UB: 26.635714285714286
branching on 1 with b.
253    125    14         14.8643    26.6357    79.1927    % 
UB: 26.635714285714286
branching on CartesianIndex(2, 2) with a.
254    126    15         14.8643    26.6357    79.1927    % 
UB: 26.635714285714286
branching on 1 with b.
255    127    15         14.8643    26.6357    79.1927    % 
LB close or above UB, fathomed
256    126    14         14.8643    26.6357    79.1927    % 
LB close or above UB, fathomed
257    125    10         14.8643    26.6357    79.1927    % 
UB: 26.635714285714286
branching on CartesianIndex(2, 1) with a.
258    126    11         14.8643    26.6357    79.1927    % 
UB: 26.635714285714286
branching on CartesianIndex(3, 1) with a.
259    127    12         14.8643    26.6357    79.1927    % 
UB: 26.635714285714286
branching on 2 with b.
260    128    13         14.8643    26.6357    79.1927    % 
LB close or above UB, fathomed
261    127    13         14.8643    26.6357    79.1927    % 
UB: 26.635714285714286
branching on CartesianIndex(4, 1) with a.
262    128    14         14.8643    26.6357    79.1927    % 
UB: 26.635714285714286
branching on CartesianIndex(5, 1) with a.
263    129    15         14.8643    26.6357    79.1927    % 
UB: 26.635714285714286
branching on CartesianIndex(6, 1) with a.
264    130    16         14.8643    26.6357    79.1927    % 
UB: 26.635714285714286
branching on CartesianIndex(1, 2) with a.
265    131    17         14.8643    26.6357    79.1927    % 
UB: 26.635714285714286
branching on 3 with b.
266    132    18         14.8643    26.6357    79.1927    % 
UB: 26.635714285714286
branching on 1 with b.
267    133    19         14.8643    26.6357    79.1927    % 
UB: 26.635714285714286
branching on CartesianIndex(2, 2) with a.
268    134    20         14.8643    26.6357    79.1927    % 
UB: 26.635714285714286
branching on 2 with b.
269    135    20         14.8643    26.6357    79.1927    % 
LB close or above UB, fathomed
270    134    19         14.8643    26.6357    79.1927    % 
UB: 26.635714285714286
branching on CartesianIndex(2, 2) with a.
271    135    18         14.8643    26.6357    79.1927    % 
UB: 26.635714285714286
branching on CartesianIndex(2, 2) with a.
272    136    17         14.8643    26.6357    79.1927    % 
LB close or above UB, fathomed
273    135    16         14.8643    26.6357    79.1927    % 
LB close or above UB, fathomed
274    134    15         14.8643    26.6357    79.1927    % 
UB: 26.635714285714286
branching on CartesianIndex(1, 2) with a.
275    135    14         14.8643    26.6357    79.1927    % 
UB: 26.635714285714286
branching on CartesianIndex(1, 2) with a.
276    136    15         14.8643    26.6357    79.1927    % 
UB: 26.635714285714286
branching on CartesianIndex(2, 2) with a.
277    137    15         14.8643    26.6357    79.1927    % 
LB close or above UB, fathomed
278    136    12         14.8643    26.6357    79.1927    % 
LB close or above UB, fathomed
279    135    11         14.8643    26.6357    79.1927    % 
UB: 26.635714285714286
branching on CartesianIndex(1, 2) with a.
280    136    12         14.8643    26.6357    79.1927    % 
UB: 26.635714285714286
branching on CartesianIndex(2, 2) with a.
281    137    13         14.8643    26.6357    79.1927    % 
UB: 26.635714285714286
branching on CartesianIndex(3, 2) with a.
282    138    13         14.8643    26.6357    79.1927    % 
LB close or above UB, fathomed
283    137    12         14.8643    26.6357    79.1927    % 
LB close or above UB, fathomed
284    136    10         14.8643    26.6357    79.1927    % 
LB close or above UB, fathomed
285    135    10         14.8643    26.6357    79.1927    % 
UB: 26.635714285714286
branching on CartesianIndex(3, 1) with a.
286    136    11         14.8643    26.6357    79.1927    % 
UB: 26.635714285714286
branching on CartesianIndex(4, 1) with a.
287    137    12         14.8643    26.6357    79.1927    % 
UB: 26.635714285714286
branching on CartesianIndex(5, 1) with a.
288    138    13         14.8643    26.6357    79.1927    % 
UB: 26.635714285714286
branching on CartesianIndex(6, 1) with a.
289    139    14         14.8643    26.6357    79.1927    % 
UB: 26.635714285714286
branching on 1 with b.
290    140    15         14.8643    26.6357    79.1927    % 
UB: 26.635714285714286
branching on 2 with b.
291    141    15         14.8643    26.6357    79.1927    % 
LB close or above UB, fathomed
292    140    14         14.8643    26.6357    79.1927    % 
LB close or above UB, fathomed
293    139    13         14.8643    26.6357    79.1927    % 
LB close or above UB, fathomed
294    138    12         14.8643    26.6357    79.1927    % 
UB: 26.635714285714286
branching on CartesianIndex(1, 2) with a.
295    139    11         14.8643    26.6357    79.1927    % 
LB close or above UB, fathomed
296    138    10         14.8643    26.6357    79.1927    % 
UB: 26.635714285714286
branching on CartesianIndex(1, 2) with a.
297    139    21         14.8643    26.6357    79.1927    % 
UB: 26.635714285714286
branching on 2 with b.
298    140    22         14.8643    26.6357    79.1927    % 
UB: 26.635714285714286
branching on CartesianIndex(2, 3) with a.
299    141    22         14.8643    26.6357    79.1927    % 
UB: 26.635714285714286
branching on 3 with b.
300    142    21         14.8643    26.6357    79.1927    % 
LB close or above UB, fathomed
301    141    22         14.8643    26.6357    79.1927    % 
UB: 26.635714285714286
branching on CartesianIndex(1, 4) with c.
302    142    22         14.8643    26.6357    79.1927    % 
LB close or above UB, fathomed
303    141    11         14.8643    26.6357    79.1927    % 
UB: 26.635714285714286
branching on CartesianIndex(3, 2) with a.
304    142    11         14.8643    26.6357    79.1927    % 
LB close or above UB, fathomed
305    141    16         14.8643    26.6357    79.1927    % 
UB: 26.635714285714286
branching on 1 with b.
306    142    16         14.8643    26.6357    79.1927    % 
UB: 26.635714285714286
branching on CartesianIndex(1, 3) with a.
307    143    22         14.8643    26.6357    79.1927    % 
UB: 26.635714285714286
branching on 3 with b.
308    144    23         14.8643    26.6357    79.1927    % 
UB: 26.635714285714286
branching on CartesianIndex(6, 3) with a.
309    145    24         14.8643    26.6357    79.1927    % 
UB: 26.635714285714286
branching on CartesianIndex(1, 4) with c.
310    146    24         14.8643    26.6357    79.1927    % 
LB close or above UB, fathomed
311    145    23         14.8643    26.6357    79.1927    % 
LB close or above UB, fathomed
312    144    22         14.8643    26.6357    79.1927    % 
LB close or above UB, fathomed
313    143    20         14.8643    26.6357    79.1927    % 
UB: 26.635714285714286
branching on 3 with b.
314    144    20         14.8643    26.6357    79.1927    % 
LB close or above UB, fathomed
315    143    23         14.8643    26.6357    79.1927    % 
UB: 26.635714285714286
branching on 3 with b.
316    144    24         14.8643    26.6357    79.1927    % 
UB: 26.635714285714286
branching on CartesianIndex(4, 3) with a.
317    145    24         14.8643    26.6357    79.1927    % 
UB: 26.635714285714286
branching on CartesianIndex(4, 3) with a.
318    146    23         14.8643    26.6357    79.1927    % 
LB close or above UB, fathomed
319    145    21         14.8643    26.6357    79.1927    % 
LB close or above UB, fathomed
320    144    21         14.8643    26.6357    79.1927    % 
UB: 26.635714285714286
branching on CartesianIndex(1, 3) with a.
321    145    18         14.8643    26.6357    79.1927    % 
UB: 26.635714285714286
branching on CartesianIndex(4, 3) with a.
322    146    19         14.8643    26.6357    79.1927    % 
UB: 26.635714285714286
branching on CartesianIndex(5, 3) with a.
323    147    20         14.8643    26.6357    79.1927    % 
UB: 26.635714285714286
branching on CartesianIndex(6, 3) with a.
324    148    21         14.8643    26.6357    79.1927    % 
UB: 26.635714285714286
branching on CartesianIndex(1, 4) with c.
325    149    22         14.8643    26.6357    79.1927    % 
LB close or above UB, fathomed
326    148    22         14.8643    26.6357    79.1927    % 
UB: 26.635714285714286
branching on CartesianIndex(1, 5) with c.
327    149    23         14.8643    26.6357    79.1927    % 
UB: 26.635714285714286
branching on CartesianIndex(2, 5) with c.
328    150    24         14.8643    26.6357    79.1927    % 
UB: 26.635714285714286
branching on 1 with b.
329    151    25         14.8643    26.6357    79.1927    % 
UB: 26.635714285714286
branching on 2 with b.
330    152    26         14.8643    26.6357    79.1927    % 
UB: 26.635714285714286
branching on CartesianIndex(1, 6) with c.
331    153    26         14.8643    26.6357    79.1927    % 
UB: 26.635714285714286
branching on 3 with b.
332    154    25         14.8643    26.6357    79.1927    % 
LB close or above UB, fathomed
333    153    24         14.8643    26.6357    79.1927    % 
LB close or above UB, fathomed
334    152    23         14.8643    26.6357    79.1927    % 
LB close or above UB, fathomed
335    151    21         14.8643    26.6357    79.1927    % 
LB close or above UB, fathomed
336    150    20         14.8643    26.6357    79.1927    % 
LB close or above UB, fathomed
337    149    19         14.8643    26.6357    79.1927    % 
UB: 26.635714285714286
branching on CartesianIndex(1, 4) with c.
338    150    18         14.8643    26.6357    79.1927    % 
LB close or above UB, fathomed
339    149    24         14.8643    26.6357    79.1927    % 
LB close or above UB, fathomed
340    148    24         14.8643    26.6357    79.1927    % 
UB: 26.635714285714286
branching on CartesianIndex(1, 5) with c.
341    149    25         14.8643    26.6357    79.1927    % 
UB: 26.635714285714286
branching on CartesianIndex(2, 5) with c.
342    150    26         14.8643    26.6357    79.1927    % 
UB: 26.635714285714286
branching on 3 with b.
343    151    27         14.8643    26.6357    79.1927    % 
UB: 26.635714285714286
branching on 1 with b.
344    152    28         14.8643    26.6357    79.1927    % 
UB: 26.635714285714286
branching on CartesianIndex(1, 6) with c.
345    153    29         14.8643    26.6357    79.1927    % 
LB close or above UB, fathomed
346    152    29         14.8643    26.6357    79.1927    % 
UB: 26.635714285714286
branching on CartesianIndex(1, 7) with c.
347    153    30         14.8643    26.6357    79.1927    % 
UB: 26.635714285714286
branching on CartesianIndex(2, 7) with c.
348    154    31         14.8643    26.6357    79.1927    % 
LB close or above UB, fathomed
349    153    31         14.8643    26.6357    79.1927    % 
UB: 26.635714285714286
branching on 2 with b.
350    154    32         14.8643    26.6357    79.1927    % 
LB close or above UB, fathomed
351    153    32         14.8643    26.6357    79.1927    % 
UB: 26.635714285714286
branching on 3 with b.
352    154    33         14.8643    26.6357    79.1927    % 
UB: 26.635714285714286
branching on 1 with b.
353    155    33         14.8643    26.6357    79.1927    % 
UB: 26.635714285714286
branching on 1 with b.
354    156    30         14.8643    26.6357    79.1927    % 
LB close or above UB, fathomed
355    155    28         14.8643    26.6357    79.1927    % 
LB close or above UB, fathomed
356    154    27         14.8643    26.6357    79.1927    % 
LB close or above UB, fathomed
357    153    26         14.8643    26.6357    79.1927    % 
LB close or above UB, fathomed
358    152    25         14.8643    26.6357    79.1927    % 
LB close or above UB, fathomed
359    151    25         14.8643    26.6357    79.1927    % 
LB close or above UB, fathomed
360    150    25         14.8643    26.6357    79.1927    % 
UB: 26.635714285714286
branching on CartesianIndex(1, 5) with c.
361    151    11         16.3357    26.6357    63.0520    % 
UB: 26.635714285714286
branching on CartesianIndex(2, 2) with a.
362    152    11         16.3357    26.6357    63.0520    % 
LB close or above UB, fathomed
363    151    10         17.7571    26.6357    50.0000    % 
UB: 26.635714285714286
branching on 1 with b.
364    152    11         17.7571    26.6357    50.0000    % 
UB: 26.635714285714286
branching on 2 with b.
365    153    11         17.7571    26.6357    50.0000    % 
UB: 26.635714285714286
branching on 2 with b.
366    154    10         17.7571    26.6357    50.0000    % 
LB close or above UB, fathomed
367    153    22         17.8071    26.6357    49.5788    % 
UB: 26.635714285714286
branching on CartesianIndex(2, 3) with a.
368    154    23         17.8071    26.6357    49.5788    % 
UB: 26.635714285714286
branching on CartesianIndex(3, 3) with a.
369    155    23         17.8071    26.6357    49.5788    % 
LB close or above UB, fathomed
370    154    22         17.8071    26.6357    49.5788    % 
LB close or above UB, fathomed
371    153    17         17.8071    26.6357    49.5788    % 
UB: 26.635714285714286
branching on CartesianIndex(1, 3) with a.
372    154    18         17.8071    26.6357    49.5788    % 
UB: 26.635714285714286
branching on 2 with b.
373    155    19         17.8071    26.6357    49.5788    % 
UB: 26.635714285714286
branching on CartesianIndex(2, 3) with a.
374    156    19         17.8071    26.6357    49.5788    % 
LB close or above UB, fathomed
375    155    18         17.8071    26.6357    49.5788    % 
LB close or above UB, fathomed
376    154    17         17.8071    26.6357    49.5788    % 
LB close or above UB, fathomed
377    153    12         17.8071    26.6357    49.5788    % 
UB: 26.635714285714286
branching on 1 with b.
378    154    13         17.8071    26.6357    49.5788    % 
UB: 26.635714285714286
branching on CartesianIndex(4, 2) with a.
379    155    14         17.8071    26.6357    49.5788    % 
UB: 26.635714285714286
branching on CartesianIndex(5, 2) with a.
380    156    15         17.8071    26.6357    49.5788    % 
UB: 26.635714285714286
branching on CartesianIndex(6, 2) with a.
381    157    16         17.8071    26.6357    49.5788    % 
UB: 26.635714285714286
branching on 2 with b.
382    158    16         17.8071    26.6357    49.5788    % 
LB close or above UB, fathomed
383    157    15         17.8071    26.6357    49.5788    % 
LB close or above UB, fathomed
384    156    14         17.8071    26.6357    49.5788    % 
LB close or above UB, fathomed
385    155    13         17.8071    26.6357    49.5788    % 
LB close or above UB, fathomed
386    154    12         17.8071    26.6357    49.5788    % 
LB close or above UB, fathomed
387    153    16         17.8071    26.6357    49.5788    % 
LB close or above UB, fathomed
388    152    16         17.8071    26.6357    49.5788    % 
UB: 26.635714285714286
branching on 3 with b.
389    153    17         17.8071    26.6357    49.5788    % 
UB: 26.635714285714286
branching on CartesianIndex(1, 2) with a.
390    154    17         17.8071    26.6357    49.5788    % 
UB: 26.635714285714286
branching on 1 with b.
391    155    18         17.8071    26.6357    49.5788    % 
UB: 26.635714285714286
branching on CartesianIndex(1, 2) with a.
392    156    19         17.8071    26.6357    49.5788    % 
UB: 26.635714285714286
branching on CartesianIndex(2, 2) with a.
393    157    20         17.8071    26.6357    49.5788    % 
LB close or above UB, fathomed
394    156    20         17.8071    26.6357    49.5788    % 
LB close or above UB, fathomed
395    155    19         17.8071    26.6357    49.5788    % 
LB close or above UB, fathomed
396    154    18         17.8071    26.6357    49.5788    % 
UB: 26.635714285714286
branching on CartesianIndex(1, 2) with a.
397    155    16         17.8071    26.6357    49.5788    % 
UB: 26.635714285714286
branching on 3 with b.
398    156    17         17.8071    26.6357    49.5788    % 
UB: 26.635714285714286
branching on CartesianIndex(2, 2) with a.
399    157    18         17.8071    26.6357    49.5788    % 
UB: 26.635714285714286
branching on CartesianIndex(3, 2) with a.
400    158    18         17.8071    26.6357    49.5788    % 
LB close or above UB, fathomed
401    157    17         17.8071    26.6357    49.5788    % 
LB close or above UB, fathomed
402    156    16         17.8071    26.6357    49.5788    % 
LB close or above UB, fathomed
403    155    20         17.8071    26.6357    49.5788    % 
LB close or above UB, fathomed
404    154    20         17.8071    26.6357    49.5788    % 
LB close or above UB, fathomed
405    153    16         17.8071    26.6357    49.5788    % 
LB close or above UB, fathomed
406    152    16         17.8071    26.6357    49.5788    % 
UB: 26.635714285714286
branching on CartesianIndex(3, 2) with a.
407    153    17         17.8071    26.6357    49.5788    % 
LB close or above UB, fathomed
408    152    17         17.8071    26.6357    49.5788    % 
LB close or above UB, fathomed
409    151    38         17.8071    26.6357    49.5788    % 
UB: 26.635714285714286
branching on 2 with b.
410    152    38         17.8071    26.6357    49.5788    % 
UB: 26.635714285714286
branching on 2 with b.
411    153    39         17.8071    26.6357    49.5788    % 
UB: 26.635714285714286
branching on 3 with b.
412    154    40         17.8071    26.6357    49.5788    % 
UB: 26.635714285714286
branching on 1 with b.
413    155    40         17.8071    26.6357    49.5788    % 
UB: 26.635714285714286
branching on 1 with b.
414    156    39         17.8071    26.6357    49.5788    % 
UB: 26.635714285714286
branching on 3 with b.
415    157    18         17.8071    26.6357    49.5788    % 
UB: 26.635714285714286
branching on CartesianIndex(6, 2) with a.
416    158    19         17.8071    26.6357    49.5788    % 
UB: 26.635714285714286
branching on 2 with b.
417    159    19         17.8071    26.6357    49.5788    % 
LB close or above UB, fathomed
418    158    18         17.8071    26.6357    49.5788    % 
LB close or above UB, fathomed
419    157    13         17.8071    26.6357    49.5788    % 
UB: 26.635714285714286
branching on CartesianIndex(2, 2) with a.
420    158    14         17.8071    26.6357    49.5788    % 
UB: 26.635714285714286
branching on 1 with b.
421    159    15         17.8071    26.6357    49.5788    % 
UB: 26.635714285714286
branching on 2 with b.
422    160    15         17.8071    26.6357    49.5788    % 
LB close or above UB, fathomed
423    159    14         17.8071    26.6357    49.5788    % 
LB close or above UB, fathomed
424    158    13         17.8071    26.6357    49.5788    % 
LB close or above UB, fathomed
425    157    22         17.8071    26.6357    49.5788    % 
UB: 26.635714285714286
branching on CartesianIndex(1, 3) with a.
426    158    23         17.8071    26.6357    49.5788    % 
UB: 26.635714285714286
branching on CartesianIndex(2, 3) with a.
427    159    24         17.8071    26.6357    49.5788    % 
UB: 26.635714285714286
branching on CartesianIndex(3, 3) with a.
428    160    25         17.8071    26.6357    49.5788    % 
UB: 26.635714285714286
branching on 1 with b.
429    161    25         17.8071    26.6357    49.5788    % 
LB close or above UB, fathomed
430    160    24         17.8071    26.6357    49.5788    % 
LB close or above UB, fathomed
431    159    23         17.8071    26.6357    49.5788    % 
LB close or above UB, fathomed
432    158    22         17.8071    26.6357    49.5788    % 
LB close or above UB, fathomed
433    157    20         17.8071    26.6357    49.5788    % 
LB close or above UB, fathomed
434    156    20         17.8071    26.6357    49.5788    % 
UB: 26.635714285714286
branching on CartesianIndex(1, 5) with c.
435    157    21         17.8071    26.6357    49.5788    % 
UB: 26.635714285714286
branching on CartesianIndex(2, 5) with c.
436    158    22         17.8071    26.6357    49.5788    % 
UB: 26.635714285714286
branching on CartesianIndex(1, 6) with c.
437    159    23         17.8071    26.6357    49.5788    % 
LB close or above UB, fathomed
438    158    23         17.8071    26.6357    49.5788    % 
UB: 26.635714285714286
branching on 1 with b.
439    159    24         17.8071    26.6357    49.5788    % 
UB: 26.635714285714286
branching on CartesianIndex(1, 7) with c.
440    160    25         17.8071    26.6357    49.5788    % 
UB: 26.635714285714286
branching on CartesianIndex(2, 7) with c.
441    161    26         17.8071    26.6357    49.5788    % 
LB close or above UB, fathomed
442    160    26         17.8071    26.6357    49.5788    % 
UB: 26.635714285714286
branching on 2 with b.
443    161    27         17.8071    26.6357    49.5788    % 
UB: 26.635714285714286
branching on 3 with b.
444    162    27         17.8071    26.6357    49.5788    % 
LB close or above UB, fathomed
445    161    25         17.8071    26.6357    49.5788    % 
LB close or above UB, fathomed
446    160    24         17.8071    26.6357    49.5788    % 
LB close or above UB, fathomed
447    159    22         17.8071    26.6357    49.5788    % 
LB close or above UB, fathomed
448    158    21         17.8071    26.6357    49.5788    % 
LB close or above UB, fathomed
449    157    18         17.8071    26.6357    49.5788    % 
UB: 26.635714285714286
branching on 2 with b.
450    158    19         17.8071    26.6357    49.5788    % 
UB: 26.635714285714286
branching on CartesianIndex(1, 4) with c.
451    159    19         17.8071    26.6357    49.5788    % 
LB close or above UB, fathomed
452    158    18         17.8071    26.6357    49.5788    % 
LB close or above UB, fathomed
453    157    18         17.8071    26.6357    49.5788    % 
LB close or above UB, fathomed
454    156    18         17.8071    26.6357    49.5788    % 
UB: 26.635714285714286
branching on CartesianIndex(1, 5) with c.
455    157    19         17.8071    26.6357    49.5788    % 
UB: 26.635714285714286
branching on CartesianIndex(2, 5) with c.
456    158    20         17.8071    26.6357    49.5788    % 
UB: 26.635714285714286
branching on CartesianIndex(1, 6) with c.
457    159    21         17.8071    26.6357    49.5788    % 
LB close or above UB, fathomed
458    158    21         17.8071    26.6357    49.5788    % 
UB: 26.635714285714286
branching on CartesianIndex(1, 7) with c.
459    159    22         17.8071    26.6357    49.5788    % 
UB: 26.635714285714286
branching on 1 with b.
460    160    23         17.8071    26.6357    49.5788    % 
UB: 26.635714285714286
branching on 2 with b.
461    161    24         17.8071    26.6357    49.5788    % 
UB: 26.635714285714286
branching on CartesianIndex(2, 7) with c.
462    162    24         17.8071    26.6357    49.5788    % 
LB close or above UB, fathomed
463    161    23         17.8071    26.6357    49.5788    % 
LB close or above UB, fathomed
464    160    22         17.8071    26.6357    49.5788    % 
LB close or above UB, fathomed
465    159    20         17.8071    26.6357    49.5788    % 
LB close or above UB, fathomed
466    158    19         17.8071    26.6357    49.5788    % 
LB close or above UB, fathomed
467    157    15         17.8071    26.6357    49.5788    % 
LB close or above UB, fathomed
468    156    15         17.8071    26.6357    49.5788    % 
UB: 26.635714285714286
branching on CartesianIndex(1, 3) with a.
469    157    16         17.8071    26.6357    49.5788    % 
UB: 26.635714285714286
branching on CartesianIndex(2, 3) with a.
470    158    17         17.8071    26.6357    49.5788    % 
UB: 26.635714285714286
branching on CartesianIndex(3, 3) with a.
471    159    18         17.8071    26.6357    49.5788    % 
UB: 26.635714285714286
branching on CartesianIndex(4, 3) with a.
472    160    18         17.8071    26.6357    49.5788    % 
LB close or above UB, fathomed
473    159    17         17.8071    26.6357    49.5788    % 
LB close or above UB, fathomed
474    158    16         17.8071    26.6357    49.5788    % 
LB close or above UB, fathomed
475    157    10         17.8071    26.6357    49.5788    % 
LB close or above UB, fathomed
476    156    10         17.8071    26.6357    49.5788    % 
UB: 26.635714285714286
branching on 1 with b.
477    157    11         17.8071    26.6357    49.5788    % 
UB: 26.635714285714286
branching on CartesianIndex(3, 1) with a.
478    158    12         17.8071    26.6357    49.5788    % 
UB: 26.635714285714286
branching on 2 with b.
479    159    13         17.8071    26.6357    49.5788    % 
UB: 26.635714285714286
branching on CartesianIndex(4, 1) with a.
480    160    14         17.8071    26.6357    49.5788    % 
UB: 26.635714285714286
branching on CartesianIndex(5, 1) with a.
481    161    14         17.8071    26.6357    49.5788    % 
LB close or above UB, fathomed
482    160    13         17.8071    26.6357    49.5788    % 
LB close or above UB, fathomed
483    159    12         17.8071    26.6357    49.5788    % 
LB close or above UB, fathomed
484    158    11         17.8071    26.6357    49.5788    % 
LB close or above UB, fathomed
485    157    14         17.8071    26.6357    49.5788    % 
LB close or above UB, fathomed
486    156    14         17.8071    26.6357    49.5788    % 
UB: 26.635714285714286
branching on CartesianIndex(6, 1) with a.
487    157    15         17.8071    26.6357    49.5788    % 
UB: 26.635714285714286
branching on CartesianIndex(1, 2) with a.
488    158    16         17.8071    26.6357    49.5788    % 
UB: 26.635714285714286
branching on CartesianIndex(2, 2) with a.
489    159    17         17.8071    26.6357    49.5788    % 
UB: 26.635714285714286
branching on 2 with b.
490    160    17         17.8071    26.6357    49.5788    % 
LB close or above UB, fathomed
491    159    16         17.8071    26.6357    49.5788    % 
LB close or above UB, fathomed
492    158    15         17.8071    26.6357    49.5788    % 
LB close or above UB, fathomed
493    157    34         17.8071    26.6357    49.5788    % 
UB: 26.635714285714286
branching on 2 with b.
494    158    35         17.8071    26.6357    49.5788    % 
UB: 26.635714285714286
branching on 3 with b.
495    159    35         17.8071    26.6357    49.5788    % 
UB: 26.635714285714286
branching on 3 with b.
496    160    36         17.8071    26.6357    49.5788    % 
UB: 26.635714285714286
branching on 1 with b.
497    161    37         17.8071    26.6357    49.5788    % 
UB: 26.635714285714286
branching on 2 with b.
498    162    38         17.8071    26.6357    49.5788    % 
UB: 26.635714285714286
branching on 3 with b.
499    163    39         17.8071    26.6357    49.5788    % 
UB: 26.635714285714286
branching on 1 with b.
500    164    39         17.8071    26.6357    49.5788    % 
UB: 23.692857142857143
branching on 1 with b.
501    165    38         17.8071    23.6929    33.0525    % 
LB close or above UB, fathomed
502    92     37         17.8071    23.6929    33.0525    % 
UB: 23.692857142857143
branching on 2 with b.
503    93     38         17.8071    23.6929    33.0525    % 
UB: 23.692857142857143
branching on 3 with b.
504    94     39         17.8071    23.6929    33.0525    % 
UB: 23.692857142857143
branching on 1 with b.
505    94     39         17.8071    23.6929    33.0525    % 
UB: 23.692857142857143
branching on 1 with b.
506    94     38         17.8071    23.6929    33.0525    % 
LB close or above UB, fathomed
507    93     36         17.8071    23.6929    33.0525    % 
UB: 23.692857142857143
branching on 1 with b.
508    94     34         17.8071    23.6929    33.0525    % 
LB close or above UB, fathomed
509    93     25         17.8071    23.6929    33.0525    % 
UB: 23.692857142857143
branching on CartesianIndex(5, 3) with a.
510    94     26         17.8071    23.6929    33.0525    % 
UB: 23.692857142857143
branching on CartesianIndex(6, 3) with a.
511    95     27         17.8071    23.6929    33.0525    % 
UB: 23.692857142857143
branching on CartesianIndex(1, 4) with c.
512    96     28         17.8071    23.6929    33.0525    % 
LB close or above UB, fathomed
513    95     28         17.8071    23.6929    33.0525    % 
UB: 23.692857142857143
branching on CartesianIndex(1, 5) with c.
514    96     29         17.8071    23.6929    33.0525    % 
UB: 23.692857142857143
branching on CartesianIndex(2, 5) with c.
515    97     30         17.8071    23.6929    33.0525    % 
UB: 23.692857142857143
branching on CartesianIndex(1, 6) with c.
516    98     31         17.8071    23.6929    33.0525    % 
LB close or above UB, fathomed
517    97     31         17.8071    23.6929    33.0525    % 
UB: 23.692857142857143
branching on CartesianIndex(1, 7) with c.
518    98     32         17.8071    23.6929    33.0525    % 
UB: 23.692857142857143
branching on CartesianIndex(2, 7) with c.
519    99     33         17.8071    23.6929    33.0525    % 
LB close or above UB, fathomed
520    98     33         17.8071    23.6929    33.0525    % 
UB: 23.692857142857143
branching on 1 with b.
521    99     34         17.8071    23.6929    33.0525    % 
LB close or above UB, fathomed
522    98     34         17.8071    23.6929    33.0525    % 
UB: 23.692857142857143
branching on 2 with b.
523    99     32         17.8071    23.6929    33.0525    % 
LB close or above UB, fathomed
524    98     30         17.8071    23.6929    33.0525    % 
LB close or above UB, fathomed
525    97     29         17.8071    23.6929    33.0525    % 
LB close or above UB, fathomed
526    96     27         17.8071    23.6929    33.0525    % 
LB close or above UB, fathomed
527    95     26         17.8071    23.6929    33.0525    % 
LB close or above UB, fathomed
528    94     25         17.8071    23.6929    33.0525    % 
LB close or above UB, fathomed
529    93     23         17.8071    23.6929    33.0525    % 
UB: 23.692857142857143
branching on CartesianIndex(3, 3) with a.
530    94     23         17.8071    23.6929    33.0525    % 
LB close or above UB, fathomed
531    93     24         17.8071    23.6929    33.0525    % 
UB: 23.692857142857143
branching on CartesianIndex(4, 3) with a.
532    94     25         17.8071    23.6929    33.0525    % 
UB: 23.692857142857143
branching on CartesianIndex(5, 3) with a.
533    95     26         17.8071    23.6929    33.0525    % 
UB: 23.692857142857143
branching on 3 with b.
534    96     26         17.8071    23.6929    33.0525    % 
LB close or above UB, fathomed
535    95     25         17.8071    23.6929    33.0525    % 
LB close or above UB, fathomed
536    94     24         17.8071    23.6929    33.0525    % 
LB close or above UB, fathomed
537    93     21         17.8071    23.6929    33.0525    % 
LB close or above UB, fathomed
538    92     21         17.8071    23.6929    33.0525    % 
LB close or above UB, fathomed
539    91     20         17.8071    23.6929    33.0525    % 
UB: 23.692857142857143
branching on CartesianIndex(2, 3) with a.
540    92     21         17.8071    23.6929    33.0525    % 
UB: 23.692857142857143
branching on CartesianIndex(3, 3) with a.
541    93     21         17.8071    23.6929    33.0525    % 
LB close or above UB, fathomed
542    92     20         17.8071    23.6929    33.0525    % 
LB close or above UB, fathomed
543    91     27         17.8071    23.6929    33.0525    % 
UB: 23.692857142857143
branching on CartesianIndex(6, 3) with a.
544    92     27         17.8071    23.6929    33.0525    % 
LB close or above UB, fathomed
545    91     28         17.8071    23.6929    33.0525    % 
UB: 23.692857142857143
branching on CartesianIndex(1, 4) with c.
546    92     28         17.8071    23.6929    33.0525    % 
LB close or above UB, fathomed
547    91     29         17.8071    23.6929    33.0525    % 
LB close or above UB, fathomed
548    90     29         17.8071    23.6929    33.0525    % 
LB close or above UB, fathomed
549    89     4          20.6712    23.6929    14.6175    % 
LB close or above UB, fathomed
550    88     4          20.6712    23.6929    14.6175    % 
UB: 23.692857142857143
branching on 1 with b.
551    89     5          20.6919    23.6929    14.5029    % 
UB: 23.692857142857143
branching on 1 with b.
552    90     6          20.6919    23.6929    14.5029    % 
LB close or above UB, fathomed
553    89     6          20.6919    23.6929    14.5029    % 
LB close or above UB, fathomed
554    88     5          20.6919    23.6929    14.5029    % 
LB close or above UB, fathomed
555    87     12         20.7000    23.6929    14.4582    % 
LB close or above UB, fathomed
556    86     12         20.7000    23.6929    14.4582    % 
UB: 23.692857142857143
branching on CartesianIndex(4, 1) with a.
557    87     13         20.7000    23.6929    14.4582    % 
UB: 23.692857142857143
branching on CartesianIndex(5, 1) with a.
558    88     14         20.7000    23.6929    14.4582    % 
UB: 23.692857142857143
branching on CartesianIndex(6, 1) with a.
559    89     15         20.7000    23.6929    14.4582    % 
UB: 23.692857142857143
branching on 1 with b.
560    90     16         20.7000    23.6929    14.4582    % 
UB: 23.692857142857143
branching on CartesianIndex(1, 2) with a.
561    91     16         20.7000    23.6929    14.4582    % 
LB close or above UB, fathomed
562    90     15         20.7000    23.6929    14.4582    % 
LB close or above UB, fathomed
563    89     14         20.7000    23.6929    14.4582    % 
LB close or above UB, fathomed
564    88     13         20.7000    23.6929    14.4582    % 
LB close or above UB, fathomed
565    87     17         20.7000    23.6929    14.4582    % 
UB: 23.692857142857143
branching on CartesianIndex(2, 2) with a.
566    88     18         20.7000    23.6929    14.4582    % 
LB close or above UB, fathomed
567    87     18         20.7000    23.6929    14.4582    % 
LB close or above UB, fathomed
568    86     17         20.7000    23.6929    14.4582    % 
LB close or above UB, fathomed
569    85     10         20.7000    23.6929    14.4582    % 
UB: 23.692857142857143
branching on CartesianIndex(1, 2) with a.
570    86     11         20.7000    23.6929    14.4582    % 
LB close or above UB, fathomed
571    85     11         20.7000    23.6929    14.4582    % 
LB close or above UB, fathomed
572    84     10         20.7000    23.6929    14.4582    % 
LB close or above UB, fathomed
573    83     18         20.7500    23.6929    14.1824    % 
UB: 23.692857142857143
branching on CartesianIndex(2, 2) with a.
574    84     18         20.7500    23.6929    14.1824    % 
LB close or above UB, fathomed
575    83     24         20.7500    23.6929    14.1824    % 
UB: 23.692857142857143
branching on CartesianIndex(1, 4) with c.
576    84     25         20.7500    23.6929    14.1824    % 
LB close or above UB, fathomed
577    83     25         20.7500    23.6929    14.1824    % 
LB close or above UB, fathomed
578    82     24         20.7500    23.6929    14.1824    % 
LB close or above UB, fathomed
579    81     19         20.7500    23.6929    14.1824    % 
LB close or above UB, fathomed
580    80     19         20.7500    23.6929    14.1824    % 
LB close or above UB, fathomed
581    79     19         20.7500    23.6929    14.1824    % 
LB close or above UB, fathomed
582    78     19         20.7500    23.6929    14.1824    % 
LB close or above UB, fathomed
583    77     35         20.7500    23.6929    14.1824    % 
LB close or above UB, fathomed
584    76     35         20.7500    23.6929    14.1824    % 
UB: 23.692857142857143
branching on 3 with b.
585    77     36         20.7500    23.6929    14.1824    % 
UB: 23.692857142857143
branching on 1 with b.
586    78     36         20.7500    23.6929    14.1824    % 
LB close or above UB, fathomed
587    77     37         20.7500    23.6929    14.1824    % 
LB close or above UB, fathomed
588    76     37         20.7500    23.6929    14.1824    % 
UB: 23.692857142857143
branching on 2 with b.
589    77     38         20.7500    23.6929    14.1824    % 
UB: 23.692857142857143
branching on 3 with b.
590    78     39         20.7500    23.6929    14.1824    % 
LB close or above UB, fathomed
591    77     39         20.7500    23.6929    14.1824    % 
LB close or above UB, fathomed
592    76     38         20.7500    23.6929    14.1824    % 
LB close or above UB, fathomed
593    75     37         20.7500    23.6929    14.1824    % 
UB: 23.692857142857143
branching on 2 with b.
594    76     38         20.7500    23.6929    14.1824    % 
UB: 23.692857142857143
branching on 3 with b.
595    76     39         20.7500    23.6929    14.1824    % 
UB: 23.692857142857143
branching on 1 with b.
596    77     40         20.7500    23.6929    14.1824    % 
LB close or above UB, fathomed
597    76     40         20.7500    23.6929    14.1824    % 
UB: 23.692857142857143
branching on 2 with b.
598    77     41         20.7500    23.6929    14.1824    % 
LB close or above UB, fathomed
599    76     41         20.7500    23.6929    14.1824    % 
LB close or above UB, fathomed
600    75     38         20.7500    23.6929    14.1824    % 
LB close or above UB, fathomed
601    74     37         20.7500    23.6929    14.1824    % 
UB: 23.692857142857143
branching on 2 with b.
602    75     38         20.7500    23.6929    14.1824    % 
UB: 23.692857142857143
branching on 3 with b.
603    75     39         20.7500    23.6929    14.1824    % 
UB: 23.692857142857143
branching on 1 with b.
604    75     40         20.7500    23.6929    14.1824    % 
UB: 23.692857142857143
branching on 2 with b.
605    76     41         20.7500    23.6929    14.1824    % 
LB close or above UB, fathomed
606    75     41         20.7500    23.6929    14.1824    % 
LB close or above UB, fathomed
607    74     38         20.7500    23.6929    14.1824    % 
LB close or above UB, fathomed
608    73     40         20.7500    23.6929    14.1824    % 
UB: 23.692857142857143
branching on 2 with b.
609    74     41         20.7500    23.6929    14.1824    % 
LB close or above UB, fathomed
610    73     41         20.7500    23.6929    14.1824    % 
LB close or above UB, fathomed
611    72     40         20.7500    23.6929    14.1824    % 
UB: 23.692857142857143
branching on 2 with b.
612    73     41         20.7500    23.6929    14.1824    % 
LB close or above UB, fathomed
613    72     41         20.7500    23.6929    14.1824    % 
LB close or above UB, fathomed
614    71     40         20.7500    23.6929    14.1824    % 
LB close or above UB, fathomed
615    70     40         20.7500    23.6929    14.1824    % 
UB: 23.692857142857143
branching on 2 with b.
616    71     41         20.7500    23.6929    14.1824    % 
LB close or above UB, fathomed
617    70     41         20.7500    23.6929    14.1824    % 
LB close or above UB, fathomed
618    69     15         20.7500    23.6929    14.1824    % 
LB close or above UB, fathomed
619    68     15         20.7500    23.6929    14.1824    % 
LB close or above UB, fathomed
620    67     19         20.7500    23.6929    14.1824    % 
UB: 23.692857142857143
branching on CartesianIndex(5, 3) with a.
621    68     20         20.7500    23.6929    14.1824    % 
UB: 23.692857142857143
branching on 1 with b.
622    69     21         20.7500    23.6929    14.1824    % 
UB: 23.692857142857143
branching on CartesianIndex(6, 3) with a.
623    70     22         20.7500    23.6929    14.1824    % 
UB: 23.692857142857143
branching on CartesianIndex(1, 4) with c.
624    71     23         20.7500    23.6929    14.1824    % 
UB: 23.692857142857143
branching on 2 with b.
625    72     23         20.7500    23.6929    14.1824    % 
LB close or above UB, fathomed
626    71     22         20.7500    23.6929    14.1824    % 
LB close or above UB, fathomed
627    70     21         20.7500    23.6929    14.1824    % 
LB close or above UB, fathomed
628    69     20         20.7500    23.6929    14.1824    % 
LB close or above UB, fathomed
629    68     19         20.7500    23.6929    14.1824    % 
LB close or above UB, fathomed
630    67     26         20.7500    23.6929    14.1824    % 
LB close or above UB, fathomed
631    66     26         20.7500    23.6929    14.1824    % 
LB close or above UB, fathomed
632    65     16         20.7500    23.6929    14.1824    % 
LB close or above UB, fathomed
633    64     16         20.7500    23.6929    14.1824    % 
LB close or above UB, fathomed
634    63     41         20.7500    23.6929    14.1824    % 
UB: 23.692857142857143
branching on 2 with b.
635    64     42         20.7500    23.6929    14.1824    % 
LB close or above UB, fathomed
636    63     42         20.7500    23.6929    14.1824    % 
LB close or above UB, fathomed
637    62     41         20.7500    23.6929    14.1824    % 
LB close or above UB, fathomed
638    61     41         20.7500    23.6929    14.1824    % 
UB: 23.692857142857143
branching on 2 with b.
639    62     42         20.7500    23.6929    14.1824    % 
LB close or above UB, fathomed
640    61     42         20.7500    23.6929    14.1824    % 
LB close or above UB, fathomed
641    60     41         20.7500    23.6929    14.1824    % 
LB close or above UB, fathomed
642    59     39         20.7500    23.6929    14.1824    % 
UB: 23.692857142857143
branching on 3 with b.
643    59     40         20.7500    23.6929    14.1824    % 
UB: 23.692857142857143
branching on 1 with b.
644    60     41         20.7500    23.6929    14.1824    % 
UB: 23.692857142857143
branching on 2 with b.
645    61     42         20.7500    23.6929    14.1824    % 
LB close or above UB, fathomed
646    60     42         20.7500    23.6929    14.1824    % 
LB close or above UB, fathomed
647    59     41         20.7500    23.6929    14.1824    % 
LB close or above UB, fathomed
648    58     39         20.7500    23.6929    14.1824    % 
LB close or above UB, fathomed
649    57     19         20.7500    23.6929    14.1824    % 
UB: 23.692857142857143
branching on CartesianIndex(4, 2) with a.
650    58     20         20.7500    23.6929    14.1824    % 
UB: 23.692857142857143
branching on 1 with b.
651    59     21         20.7500    23.6929    14.1824    % 
UB: 23.692857142857143
branching on CartesianIndex(5, 2) with a.
652    60     22         20.7500    23.6929    14.1824    % 
LB close or above UB, fathomed
653    59     22         20.7500    23.6929    14.1824    % 
LB close or above UB, fathomed
654    58     21         20.7500    23.6929    14.1824    % 
LB close or above UB, fathomed
655    57     20         20.7500    23.6929    14.1824    % 
LB close or above UB, fathomed
656    56     19         20.7500    23.6929    14.1824    % 
LB close or above UB, fathomed
657    55     19         20.7500    23.6929    14.1824    % 
UB: 23.692857142857143
branching on CartesianIndex(2, 2) with a.
658    56     20         20.7500    23.6929    14.1824    % 
LB close or above UB, fathomed
659    55     20         20.7500    23.6929    14.1824    % 
LB close or above UB, fathomed
660    54     19         20.7500    23.6929    14.1824    % 
LB close or above UB, fathomed
661    53     17         20.7500    23.6929    14.1824    % 
LB close or above UB, fathomed
662    52     17         20.7500    23.6929    14.1824    % 
LB close or above UB, fathomed
663    51     12         20.7500    23.6929    14.1824    % 
LB close or above UB, fathomed
664    50     12         20.7500    23.6929    14.1824    % 
LB close or above UB, fathomed
665    49     16         20.7500    23.6929    14.1824    % 
LB close or above UB, fathomed
666    48     16         20.7500    23.6929    14.1824    % 
LB close or above UB, fathomed
667    47     21         20.7500    23.6929    14.1824    % 
UB: 23.692857142857143
branching on CartesianIndex(3, 2) with a.
668    48     22         20.7500    23.6929    14.1824    % 
LB close or above UB, fathomed
669    47     22         20.7500    23.6929    14.1824    % 
LB close or above UB, fathomed
670    46     21         20.7500    23.6929    14.1824    % 
LB close or above UB, fathomed
671    45     39         20.7500    23.6929    14.1824    % 
UB: 23.692857142857143
branching on 3 with b.
672    46     40         20.7500    23.6929    14.1824    % 
LB close or above UB, fathomed
673    45     40         20.7500    23.6929    14.1824    % 
LB close or above UB, fathomed
674    44     39         20.7500    23.6929    14.1824    % 
LB close or above UB, fathomed
675    43     37         20.7500    23.6929    14.1824    % 
UB: 23.692857142857143
branching on 1 with b.
676    44     38         20.7500    23.6929    14.1824    % 
LB close or above UB, fathomed
677    43     38         20.7500    23.6929    14.1824    % 
LB close or above UB, fathomed
678    42     37         20.7500    23.6929    14.1824    % 
LB close or above UB, fathomed
679    41     36         20.7500    23.6929    14.1824    % 
LB close or above UB, fathomed
680    40     36         20.7500    23.6929    14.1824    % 
UB: 23.692857142857143
branching on 3 with b.
681    41     37         20.7500    23.6929    14.1824    % 
UB: 23.692857142857143
branching on 1 with b.
682    42     38         20.7500    23.6929    14.1824    % 
LB close or above UB, fathomed
683    41     38         20.7500    23.6929    14.1824    % 
LB close or above UB, fathomed
684    40     37         20.7500    23.6929    14.1824    % 
LB close or above UB, fathomed
685    39     35         20.7500    23.6929    14.1824    % 
LB close or above UB, fathomed
686    38     35         20.7500    23.6929    14.1824    % 
UB: 23.692857142857143
branching on 2 with b.
687    39     36         20.7500    23.6929    14.1824    % 
LB close or above UB, fathomed
688    38     36         20.7500    23.6929    14.1824    % 
UB: 23.692857142857143
branching on 3 with b.
689    39     37         20.7500    23.6929    14.1824    % 
LB close or above UB, fathomed
690    38     37         20.7500    23.6929    14.1824    % 
LB close or above UB, fathomed
691    37     21         20.7500    23.6929    14.1824    % 
UB: 23.692857142857143
branching on 2 with b.
692    38     22         20.7500    23.6929    14.1824    % 
LB close or above UB, fathomed
693    37     22         20.7500    23.6929    14.1824    % 
UB: 23.692857142857143
branching on CartesianIndex(1, 4) with c.
694    38     23         20.7500    23.6929    14.1824    % 
LB close or above UB, fathomed
695    37     23         20.7500    23.6929    14.1824    % 
LB close or above UB, fathomed
696    36     21         20.7500    23.6929    14.1824    % 
LB close or above UB, fathomed
697    35     28         20.7500    23.6929    14.1824    % 
LB close or above UB, fathomed
698    34     28         20.7500    23.6929    14.1824    % 
UB: 23.692857142857143
branching on CartesianIndex(1, 7) with c.
699    35     29         20.7500    23.6929    14.1824    % 
UB: 23.692857142857143
branching on CartesianIndex(2, 7) with c.
700    36     30         20.7500    23.6929    14.1824    % 
LB close or above UB, fathomed
701    35     30         20.7500    23.6929    14.1824    % 
UB: 23.692857142857143
branching on 3 with b.
702    36     31         20.7500    23.6929    14.1824    % 
UB: 23.692857142857143
branching on 1 with b.
703    37     32         20.7500    23.6929    14.1824    % 
UB: 23.692857142857143
branching on 2 with b.
704    38     33         20.7500    23.6929    14.1824    % 
UB: 23.692857142857143
branching on 3 with b.
705    39     34         20.7500    23.6929    14.1824    % 
LB close or above UB, fathomed
706    38     34         20.7500    23.6929    14.1824    % 
LB close or above UB, fathomed
707    37     33         20.7500    23.6929    14.1824    % 
LB close or above UB, fathomed
708    36     32         20.7500    23.6929    14.1824    % 
LB close or above UB, fathomed
709    35     31         20.7500    23.6929    14.1824    % 
LB close or above UB, fathomed
710    34     29         20.7500    23.6929    14.1824    % 
LB close or above UB, fathomed
711    33     28         20.7500    23.6929    14.1824    % 
LB close or above UB, fathomed
712    32     28         20.7500    23.6929    14.1824    % 
UB: 23.692857142857143
branching on 3 with b.
713    33     29         20.7500    23.6929    14.1824    % 
UB: 23.692857142857143
branching on CartesianIndex(1, 7) with c.
714    34     30         20.7500    23.6929    14.1824    % 
UB: 23.692857142857143
branching on CartesianIndex(2, 7) with c.
715    35     31         20.7500    23.6929    14.1824    % 
LB close or above UB, fathomed
716    34     31         20.7500    23.6929    14.1824    % 
UB: 23.692857142857143
branching on 1 with b.
717    35     32         20.7500    23.6929    14.1824    % 
UB: 23.692857142857143
branching on 2 with b.
718    36     33         20.7500    23.6929    14.1824    % 
LB close or above UB, fathomed
719    35     33         20.7500    23.6929    14.1824    % 
LB close or above UB, fathomed
720    34     32         20.7500    23.6929    14.1824    % 
LB close or above UB, fathomed
721    33     30         20.7500    23.6929    14.1824    % 
LB close or above UB, fathomed
722    32     29         20.7500    23.6929    14.1824    % 
LB close or above UB, fathomed
723    31     19         20.7500    23.6929    14.1824    % 
LB close or above UB, fathomed
724    30     19         20.7500    23.6929    14.1824    % 
UB: 23.692857142857143
branching on CartesianIndex(1, 5) with c.
725    31     20         20.7500    23.6929    14.1824    % 
UB: 23.692857142857143
branching on CartesianIndex(2, 5) with c.
726    32     21         20.7500    23.6929    14.1824    % 
UB: 23.692857142857143
branching on CartesianIndex(1, 6) with c.
727    33     22         20.7500    23.6929    14.1824    % 
LB close or above UB, fathomed
728    32     22         20.7500    23.6929    14.1824    % 
UB: 23.692857142857143
branching on CartesianIndex(1, 7) with c.
729    33     23         20.7500    23.6929    14.1824    % 
UB: 23.692857142857143
branching on CartesianIndex(2, 7) with c.
730    34     24         20.7500    23.6929    14.1824    % 
LB close or above UB, fathomed
731    33     24         20.7500    23.6929    14.1824    % 
UB: 23.692857142857143
branching on 1 with b.
732    34     25         20.7500    23.6929    14.1824    % 
UB: 23.692857142857143
branching on 2 with b.
733    35     26         20.7500    23.6929    14.1824    % 
LB close or above UB, fathomed
734    34     26         20.7500    23.6929    14.1824    % 
LB close or above UB, fathomed
735    33     25         20.7500    23.6929    14.1824    % 
LB close or above UB, fathomed
736    32     23         20.7500    23.6929    14.1824    % 
LB close or above UB, fathomed
737    31     21         20.7500    23.6929    14.1824    % 
LB close or above UB, fathomed
738    30     20         20.7500    23.6929    14.1824    % 
LB close or above UB, fathomed
739    29     18         20.7500    23.6929    14.1824    % 
UB: 23.692857142857143
branching on CartesianIndex(2, 3) with a.
740    30     19         20.7500    23.6929    14.1824    % 
LB close or above UB, fathomed
741    29     19         20.7500    23.6929    14.1824    % 
LB close or above UB, fathomed
742    28     18         20.7500    23.6929    14.1824    % 
LB close or above UB, fathomed
743    27     12         20.7500    23.6929    14.1824    % 
UB: 23.692857142857143
branching on CartesianIndex(4, 2) with a.
744    28     13         20.7500    23.6929    14.1824    % 
UB: 23.692857142857143
branching on CartesianIndex(5, 2) with a.
745    29     14         20.7500    23.6929    14.1824    % 
UB: 23.692857142857143
branching on 1 with b.
746    30     15         20.7500    23.6929    14.1824    % 
LB close or above UB, fathomed
747    29     15         20.7500    23.6929    14.1824    % 
UB: 23.692857142857143
branching on CartesianIndex(6, 2) with a.
748    30     16         20.7500    23.6929    14.1824    % 
LB close or above UB, fathomed
749    29     16         20.7500    23.6929    14.1824    % 
LB close or above UB, fathomed
750    28     14         20.7500    23.6929    14.1824    % 
LB close or above UB, fathomed
751    27     13         20.7500    23.6929    14.1824    % 
LB close or above UB, fathomed
752    26     12         20.7500    23.6929    14.1824    % 
LB close or above UB, fathomed
753    25     17         20.7500    23.6929    14.1824    % 
UB: 23.692857142857143
branching on 2 with b.
754    26     18         20.7500    23.6929    14.1824    % 
LB close or above UB, fathomed
755    25     18         20.7500    23.6929    14.1824    % 
UB: 23.692857142857143
branching on 3 with b.
756    26     19         20.7500    23.6929    14.1824    % 
UB: 23.692857142857143
branching on CartesianIndex(2, 3) with a.
757    27     20         20.7500    23.6929    14.1824    % 
UB: 23.692857142857143
branching on CartesianIndex(3, 3) with a.
758    28     21         20.7500    23.6929    14.1824    % 
LB close or above UB, fathomed
759    27     21         20.7500    23.6929    14.1824    % 
LB close or above UB, fathomed
760    26     20         20.7500    23.6929    14.1824    % 
LB close or above UB, fathomed
761    25     19         20.7500    23.6929    14.1824    % 
LB close or above UB, fathomed
762    24     17         20.7500    23.6929    14.1824    % 
LB close or above UB, fathomed
763    23     15         20.7500    23.6929    14.1824    % 
UB: 23.692857142857143
branching on CartesianIndex(1, 3) with a.
764    24     16         20.7500    23.6929    14.1824    % 
UB: 23.692857142857143
branching on CartesianIndex(2, 3) with a.
765    25     17         20.7500    23.6929    14.1824    % 
UB: 23.692857142857143
branching on CartesianIndex(3, 3) with a.
766    26     18         20.7500    23.6929    14.1824    % 
LB close or above UB, fathomed
767    25     18         20.7500    23.6929    14.1824    % 
LB close or above UB, fathomed
768    24     17         20.7500    23.6929    14.1824    % 
LB close or above UB, fathomed
769    23     16         20.7500    23.6929    14.1824    % 
LB close or above UB, fathomed
770    22     15         20.7500    23.6929    14.1824    % 
LB close or above UB, fathomed
771    21     7          20.7500    23.6929    14.1824    % 
UB: 23.692857142857143
branching on CartesianIndex(1, 2) with a.
772    22     8          20.7500    23.6929    14.1824    % 
UB: 23.692857142857143
branching on 2 with b.
773    23     9          20.7500    23.6929    14.1824    % 
LB close or above UB, fathomed
774    22     9          20.7500    23.6929    14.1824    % 
LB close or above UB, fathomed
775    21     8          20.7500    23.6929    14.1824    % 
LB close or above UB, fathomed
776    20     7          20.7500    23.6929    14.1824    % 
LB close or above UB, fathomed
777    19     12         20.7500    23.6929    14.1824    % 
LB close or above UB, fathomed
778    18     12         20.7500    23.6929    14.1824    % 
LB close or above UB, fathomed
779    17     13         20.7500    23.6929    14.1824    % 
LB close or above UB, fathomed
780    16     13         20.7500    23.6929    14.1824    % 
UB: 23.692857142857143
branching on CartesianIndex(1, 3) with a.
781    17     14         20.7500    23.6929    14.1824    % 
UB: 23.692857142857143
branching on CartesianIndex(2, 3) with a.
782    18     15         20.7500    23.6929    14.1824    % 
LB close or above UB, fathomed
783    17     15         20.7500    23.6929    14.1824    % 
LB close or above UB, fathomed
784    16     14         20.7500    23.6929    14.1824    % 
LB close or above UB, fathomed
785    15     24         20.7500    23.6929    14.1824    % 
LB close or above UB, fathomed
786    14     24         20.7500    23.6929    14.1824    % 
LB close or above UB, fathomed
787    13     24         20.7500    23.6929    14.1824    % 
UB: 23.692857142857143
branching on CartesianIndex(4, 3) with a.
788    14     25         20.7500    23.6929    14.1824    % 
UB: 23.692857142857143
branching on CartesianIndex(5, 3) with a.
789    15     25         20.7500    23.6929    14.1824    % 
LB close or above UB, fathomed
790    14     24         20.7500    23.6929    14.1824    % 
LB close or above UB, fathomed
791    13     40         20.7500    23.6929    14.1824    % 
LB close or above UB, fathomed
792    12     40         20.7500    23.6929    14.1824    % 
UB: 23.692857142857143
branching on 2 with b.
793    13     41         20.7500    23.6929    14.1824    % 
LB close or above UB, fathomed
794    12     41         20.7500    23.6929    14.1824    % 
LB close or above UB, fathomed
795    11     27         20.7500    23.6929    14.1824    % 
UB: 23.692857142857143
branching on 1 with b.
796    12     28         20.7500    23.6929    14.1824    % 
UB: 23.692857142857143
branching on CartesianIndex(1, 6) with c.
797    13     29         20.7500    23.6929    14.1824    % 
LB close or above UB, fathomed
798    12     29         20.7500    23.6929    14.1824    % 
UB: 23.692857142857143
branching on CartesianIndex(1, 7) with c.
799    13     30         20.7500    23.6929    14.1824    % 
UB: 23.692857142857143
branching on CartesianIndex(2, 7) with c.
800    14     31         20.7500    23.6929    14.1824    % 
LB close or above UB, fathomed
801    13     31         20.7500    23.6929    14.1824    % 
UB: 23.692857142857143
branching on 2 with b.
802    14     32         20.7500    23.6929    14.1824    % 
UB: 23.692857142857143
branching on 3 with b.
803    15     33         20.7500    23.6929    14.1824    % 
LB close or above UB, fathomed
804    14     33         20.7500    23.6929    14.1824    % 
LB close or above UB, fathomed
805    13     32         20.7500    23.6929    14.1824    % 
LB close or above UB, fathomed
806    12     30         20.7500    23.6929    14.1824    % 
LB close or above UB, fathomed
807    11     28         20.7500    23.6929    14.1824    % 
LB close or above UB, fathomed
808    10     27         20.7500    23.6929    14.1824    % 
LB close or above UB, fathomed
809    9      23         20.7500    23.6929    14.1824    % 
LB close or above UB, fathomed
810    8      23         20.7500    23.6929    14.1824    % 
UB: 23.692857142857143
branching on CartesianIndex(1, 5) with c.
811    9      24         20.7500    23.6929    14.1824    % 
UB: 23.692857142857143
branching on 3 with b.
812    10     25         20.7500    23.6929    14.1824    % 
UB: 23.692857142857143
branching on CartesianIndex(2, 5) with c.
813    11     26         20.7500    23.6929    14.1824    % 
UB: 23.692857142857143
branching on CartesianIndex(1, 6) with c.
814    12     27         20.7500    23.6929    14.1824    % 
LB close or above UB, fathomed
815    11     27         20.7500    23.6929    14.1824    % 
UB: 23.692857142857143
branching on CartesianIndex(1, 7) with c.
816    12     28         20.7500    23.6929    14.1824    % 
UB: 23.692857142857143
branching on CartesianIndex(2, 7) with c.
817    13     29         20.7500    23.6929    14.1824    % 
LB close or above UB, fathomed
818    12     29         20.7500    23.6929    14.1824    % 
UB: 23.692857142857143
branching on 1 with b.
819    13     30         20.7500    23.6929    14.1824    % 
UB: 23.692857142857143
branching on 2 with b.
820    14     31         20.7500    23.6929    14.1824    % 
LB close or above UB, fathomed
821    13     31         20.7500    23.6929    14.1824    % 
UB: 23.692857142857143
branching on 3 with b.
822    14     32         20.7500    23.6929    14.1824    % 
LB close or above UB, fathomed
823    13     32         20.7500    23.6929    14.1824    % 
LB close or above UB, fathomed
824    12     30         20.7500    23.6929    14.1824    % 
LB close or above UB, fathomed
825    11     28         20.7500    23.6929    14.1824    % 
LB close or above UB, fathomed
826    10     26         20.7500    23.6929    14.1824    % 
LB close or above UB, fathomed
827    9      25         20.7500    23.6929    14.1824    % 
LB close or above UB, fathomed
828    8      24         20.7500    23.6929    14.1824    % 
LB close or above UB, fathomed
829    7      17         20.7500    23.6929    14.1824    % 
LB close or above UB, fathomed
830    6      17         20.7500    23.6929    14.1824    % 
UB: 23.692857142857143
branching on CartesianIndex(1, 5) with c.
831    7      18         20.7500    23.6929    14.1824    % 
UB: 23.692857142857143
branching on CartesianIndex(2, 5) with c.
832    8      19         20.7500    23.6929    14.1824    % 
UB: 23.692857142857143
branching on CartesianIndex(1, 6) with c.
833    9      20         20.7500    23.6929    14.1824    % 
LB close or above UB, fathomed
834    8      20         20.7500    23.6929    14.1824    % 
UB: 23.692857142857143
branching on CartesianIndex(1, 7) with c.
835    9      21         20.7500    23.6929    14.1824    % 
UB: 23.692857142857143
branching on CartesianIndex(2, 7) with c.
836    10     22         20.7500    23.6929    14.1824    % 
LB close or above UB, fathomed
837    9      22         20.7500    23.6929    14.1824    % 
UB: 23.692857142857143
branching on 1 with b.
838    10     23         20.7500    23.6929    14.1824    % 
UB: 23.692857142857143
branching on 2 with b.
839    11     24         20.7500    23.6929    14.1824    % 
LB close or above UB, fathomed
840    10     24         20.7500    23.6929    14.1824    % 
LB close or above UB, fathomed
841    9      23         20.7500    23.6929    14.1824    % 
LB close or above UB, fathomed
842    8      21         20.7500    23.6929    14.1824    % 
LB close or above UB, fathomed
843    7      19         20.7500    23.6929    14.1824    % 
LB close or above UB, fathomed
844    6      18         20.7500    23.6929    14.1824    % 
LB close or above UB, fathomed
845    5      26         20.7500    23.6929    14.1824    % 
UB: 23.692857142857143
branching on CartesianIndex(6, 3) with a.
846    6      27         20.7500    23.6929    14.1824    % 
UB: 23.692857142857143
branching on CartesianIndex(1, 4) with c.
847    7      28         20.7500    23.6929    14.1824    % 
LB close or above UB, fathomed
848    6      28         20.7500    23.6929    14.1824    % 
UB: 23.692857142857143
branching on CartesianIndex(1, 5) with c.
849    7      29         20.7500    23.6929    14.1824    % 
UB: 23.692857142857143
branching on CartesianIndex(2, 5) with c.
850    8      30         20.7500    23.6929    14.1824    % 
UB: 23.692857142857143
branching on 3 with b.
851    9      31         20.7500    23.6929    14.1824    % 
UB: 23.692857142857143
branching on CartesianIndex(1, 6) with c.
852    10     32         20.7500    23.6929    14.1824    % 
LB close or above UB, fathomed
853    9      32         20.7500    23.6929    14.1824    % 
UB: 23.692857142857143
branching on CartesianIndex(1, 7) with c.
854    10     33         20.7500    23.6929    14.1824    % 
UB: 23.692857142857143
branching on CartesianIndex(2, 7) with c.
855    11     34         20.7500    23.6929    14.1824    % 
LB close or above UB, fathomed
856    10     34         20.7500    23.6929    14.1824    % 
UB: 23.692857142857143
branching on 1 with b.
857    11     35         20.7500    23.6929    14.1824    % 
LB close or above UB, fathomed
858    10     35         20.7500    23.6929    14.1824    % 
UB: 23.692857142857143
branching on 2 with b.
859    11     36         20.7500    23.6929    14.1824    % 
LB close or above UB, fathomed
860    10     36         20.7500    23.6929    14.1824    % 
UB: 23.692857142857143
branching on 3 with b.
861    11     37         20.7500    23.6929    14.1824    % 
LB close or above UB, fathomed
862    10     37         20.7500    23.6929    14.1824    % 
LB close or above UB, fathomed
863    9      33         20.7500    23.6929    14.1824    % 
LB close or above UB, fathomed
864    8      31         20.7500    23.6929    14.1824    % 
LB close or above UB, fathomed
865    7      30         20.7500    23.6929    14.1824    % 
LB close or above UB, fathomed
866    6      29         20.7500    23.6929    14.1824    % 
LB close or above UB, fathomed
867    5      27         20.7500    23.6929    14.1824    % 
LB close or above UB, fathomed
868    4      26         20.7500    23.6929    14.1824    % 
LB close or above UB, fathomed
869    3      22         20.7500    23.6929    14.1824    % 
UB: 23.692857142857143
branching on 2 with b.
870    4      23         20.7500    23.6929    14.1824    % 
LB close or above UB, fathomed
871    3      23         20.7500    23.6929    14.1824    % 
UB: 23.692857142857143
branching on CartesianIndex(4, 3) with a.
872    4      22         20.7500    23.6929    14.1824    % 
LB close or above UB, fathomed
873    3      21         20.7500    23.6929    14.1824    % 
UB: 23.692857142857143
branching on CartesianIndex(1, 4) with c.
874    4      22         20.7500    23.6929    14.1824    % 
LB close or above UB, fathomed
875    3      22         20.7500    23.6929    14.1824    % 
UB: 23.692857142857143
branching on CartesianIndex(1, 5) with c.
876    4      23         20.7500    23.6929    14.1824    % 
UB: 23.692857142857143
branching on CartesianIndex(2, 5) with c.
877    5      24         20.7500    23.6929    14.1824    % 
UB: 23.692857142857143
branching on CartesianIndex(1, 6) with c.
878    6      25         20.7500    23.6929    14.1824    % 
LB close or above UB, fathomed
879    5      25         20.7500    23.6929    14.1824    % 
UB: 23.692857142857143
branching on CartesianIndex(1, 7) with c.
880    6      26         20.7500    23.6929    14.1824    % 
UB: 23.692857142857143
branching on CartesianIndex(2, 7) with c.
881    7      27         20.7500    23.6929    14.1824    % 
LB close or above UB, fathomed
882    6      27         20.7500    23.6929    14.1824    % 
UB: 23.692857142857143
branching on 1 with b.
883    7      28         20.7500    23.6929    14.1824    % 
UB: 23.692857142857143
branching on 2 with b.
884    8      29         20.7500    23.6929    14.1824    % 
LB close or above UB, fathomed
885    7      29         20.7500    23.6929    14.1824    % 
UB: 23.692857142857143
branching on 3 with b.
886    8      30         20.7500    23.6929    14.1824    % 
UB: 23.692857142857143
branching on 1 with b.
887    9      31         20.7500    23.6929    14.1824    % 
LB close or above UB, fathomed
888    8      31         20.7500    23.6929    14.1824    % 
UB: 23.692857142857143
branching on 2 with b.
889    9      32         20.7500    23.6929    14.1824    % 
LB close or above UB, fathomed
890    8      32         20.7500    23.6929    14.1824    % 
UB: 23.692857142857143
branching on 3 with b.
891    9      33         20.7500    23.6929    14.1824    % 
LB close or above UB, fathomed
892    8      33         20.7500    23.6929    14.1824    % 
UB: 23.692857142857143
branching on 1 with b.
893    9      34         20.7500    23.6929    14.1824    % 
LB close or above UB, fathomed
894    8      34         20.7500    23.6929    14.1824    % 
LB close or above UB, fathomed
895    7      30         20.7500    23.6929    14.1824    % 
LB close or above UB, fathomed
896    6      28         20.7500    23.6929    14.1824    % 
LB close or above UB, fathomed
897    5      26         20.7500    23.6929    14.1824    % 
LB close or above UB, fathomed
898    4      24         20.7500    23.6929    14.1824    % 
LB close or above UB, fathomed
899    3      23         20.7500    23.6929    14.1824    % 
LB close or above UB, fathomed
900    2      21         20.7500    23.6929    14.1824    % 
LB close or above UB, fathomed
901    1      24         20.7500    23.6929    14.1824    % 
UB: 23.692857142857143
branching on CartesianIndex(5, 3) with a.
902    2      25         20.7500    23.6929    14.1824    % 
UB: 23.692857142857143
branching on CartesianIndex(6, 3) with a.
903    3      26         20.7500    23.6929    14.1824    % 
UB: 23.692857142857143
branching on CartesianIndex(1, 4) with c.
904    4      27         20.7500    23.6929    14.1824    % 
LB close or above UB, fathomed
905    3      27         20.7500    23.6929    14.1824    % 
LB close or above UB, fathomed
906    2      26         20.7500    23.6929    14.1824    % 
LB close or above UB, fathomed
907    1      25         20.7500    23.6929    14.1824    % 
LB close or above UB, fathomed
908    0      24         20.7500    23.6929    14.1824    % 
LB close or above UB, fathomed
all node solved
solved nodes:  909
909                                                   2.3635e+01     2.3693e+01     0.2457  % 
7×3 Matrix{Float64}:
 0.0  1.0  0.0
 0.0  0.0  1.0
 0.0  0.0  0.0
 0.0  0.0  0.0
 0.0  0.0  0.0
 0.0  0.0  0.0
 1.0  0.0  0.0
3-element Vector{Float64}:
 0.5726083378518935
 0.26384014958143076
 0.6348606778223873
3×7 Matrix{Float64}:
 0.0  0.0  0.0  0.0  1.0  0.0  0.0
 0.0  0.0  0.0  0.0  0.0  1.0  1.0
 0.0  0.0  0.0  1.0  0.0  0.0  0.0
3-element Vector{Float64}:
 1.0
 1.0
 1.0
7×3 Matrix{Float64}:
 1.0  0.0  0.0
 0.0  0.0  0.0
 0.0  0.0  0.0
 0.0  0.0  0.0
 0.0  0.0  0.0
 0.0  0.0  0.0
 0.0  1.0  1.0
3-element Vector{Float64}:
 0.26335130493031
 0.21665842585079104
 0.5524122089016066
3×7 Matrix{Float64}:
 0.0  0.0  0.0  1.0  0.0  1.0  0.0
 0.0  0.0  0.0  0.0  0.0  0.0  1.0
 0.0  0.0  0.0  0.0  1.0  0.0  0.0
3-element Vector{Float64}:
 1.0
 1.0
 1.0
comparison (CRT and Glb)on prediction: Dict{Bool, Int64}(0 => 4, 1 => 47)
Dataname	 time	 objv	 lb	 gap	 train_w	 train_g	 test_w	 test_g
seeds_171.seeds	 83.38	 23.692857142857143	 23.635	 0.0025	 90.968	 94.839	 92.157	 96.078
