Running 6 processes.
Start training seeds_725.seeds with seed 1.
Any[]
(7, 206)
(7, 103)
(7, 52)
(7, 51)
dimension: 7, class: 3
cart cost: 41.35
size of X: (7, 155)
ngroups: 6
UB: 32.52142857142857
Iter	left	lev	LB	UB	gap	
0      0      1          8.9334     32.5214    264.0422   % 
UB: 32.52142857142857
branching on 1 with d.
1      1      2          8.9334     32.5214    264.0422   % 
LB close or above UB, fathomed
2      0      2          8.9334     32.5214    264.0422   % 
UB: 32.52142857142857
branching on 2 with d.
3      1      3          8.9334     32.5214    264.0422   % 
UB: 32.52142857142857
branching on 3 with d.
4      2      3          8.9334     32.5214    264.0422   % 
UB: 32.52142857142857
branching on 3 with d.
5      3      4          8.9399     32.5214    263.7790   % 
UB: 32.52142857142857
branching on CartesianIndex(1, 1) with a.
6      4      4          8.9399     32.5214    263.7790   % 
UB: 32.52142857142857
branching on CartesianIndex(1, 1) with a.
7      5      5          8.9654     32.5214    262.7449   % 
UB: 32.52142857142857
branching on 1 with b.
8      6      6          8.9654     32.5214    262.7449   % 
UB: 32.52142857142857
branching on CartesianIndex(2, 1) with a.
9      7      7          8.9654     32.5214    262.7449   % 
UB: 32.52142857142857
branching on 1 with b.
10     8      8          8.9654     32.5214    262.7449   % 
UB: 32.52142857142857
branching on CartesianIndex(3, 1) with a.
11     9      8          8.9654     32.5214    262.7449   % 
UB: 32.52142857142857
branching on 2 with b.
12     10     9          8.9654     32.5214    262.7449   % 
UB: 32.52142857142857
branching on 3 with b.
13     11     10         8.9654     32.5214    262.7449   % 
UB: 32.52142857142857
branching on CartesianIndex(3, 1) with a.
14     12     10         8.9654     32.5214    262.7449   % 
UB: 32.52142857142857
branching on CartesianIndex(3, 1) with a.
15     13     9          8.9654     32.5214    262.7449   % 
UB: 32.52142857142857
branching on CartesianIndex(3, 1) with a.
16     14     7          8.9654     32.5214    262.7449   % 
UB: 32.52142857142857
branching on 1 with b.
17     15     6          8.9654     32.5214    262.7449   % 
UB: 32.52142857142857
branching on 1 with b.
18     16     5          8.9654     32.5214    262.7449   % 
UB: 32.52142857142857
branching on 1 with b.
19     17     11         8.9786     32.5214    262.2116   % 
UB: 32.52142857142857
branching on CartesianIndex(4, 1) with a.
20     18     12         8.9786     32.5214    262.2116   % 
UB: 32.52142857142857
branching on CartesianIndex(5, 1) with a.
21     19     13         8.9786     32.5214    262.2116   % 
UB: 32.52142857142857
branching on CartesianIndex(6, 1) with a.
22     20     13         8.9786     32.5214    262.2116   % 
UB: 32.52142857142857
branching on CartesianIndex(1, 2) with a.
23     21     14         8.9786     32.5214    262.2116   % 
UB: 32.52142857142857
branching on CartesianIndex(2, 2) with a.
24     22     14         8.9786     32.5214    262.2116   % 
UB: 32.52142857142857
branching on CartesianIndex(1, 3) with a.
25     23     12         8.9786     32.5214    262.2116   % 
UB: 32.52142857142857
branching on CartesianIndex(1, 2) with a.
26     24     11         8.9786     32.5214    262.2116   % 
LB close or above UB, fathomed
27     23     11         11.9082    32.5214    173.1005   % 
UB: 32.52142857142857
branching on CartesianIndex(4, 1) with a.
28     24     12         11.9082    32.5214    173.1005   % 
UB: 32.52142857142857
branching on 1 with b.
29     25     13         11.9082    32.5214    173.1005   % 
UB: 32.52142857142857
branching on CartesianIndex(5, 1) with a.
30     26     13         11.9082    32.5214    173.1005   % 
UB: 32.52142857142857
branching on CartesianIndex(5, 1) with a.
31     27     14         11.9082    32.5214    173.1005   % 
UB: 32.52142857142857
branching on CartesianIndex(6, 1) with a.
32     28     14         11.9082    32.5214    173.1005   % 
UB: 32.52142857142857
branching on CartesianIndex(1, 2) with a.
33     29     12         11.9082    32.5214    173.1005   % 
UB: 32.52142857142857
branching on CartesianIndex(1, 2) with a.
34     30     11         11.9082    32.5214    173.1005   % 
LB close or above UB, fathomed
35     29     15         11.9214    32.5214    172.7981   % 
UB: 32.52142857142857
branching on CartesianIndex(3, 2) with a.
36     30     16         11.9214    32.5214    172.7981   % 
UB: 32.52142857142857
branching on CartesianIndex(4, 2) with a.
37     31     17         11.9214    32.5214    172.7981   % 
UB: 32.52142857142857
branching on CartesianIndex(5, 2) with a.
38     32     18         11.9214    32.5214    172.7981   % 
UB: 32.52142857142857
branching on CartesianIndex(6, 2) with a.
39     33     19         11.9214    32.5214    172.7981   % 
UB: 32.52142857142857
branching on CartesianIndex(1, 3) with a.
40     34     19         11.9214    32.5214    172.7981   % 
UB: 32.52142857142857
branching on CartesianIndex(1, 3) with a.
41     35     20         11.9214    32.5214    172.7981   % 
UB: 32.52142857142857
branching on 1 with b.
42     36     20         11.9214    32.5214    172.7981   % 
LB close or above UB, fathomed
43     35     18         11.9214    32.5214    172.7981   % 
LB close or above UB, fathomed
44     34     17         11.9214    32.5214    172.7981   % 
UB: 32.52142857142857
branching on CartesianIndex(1, 3) with a.
45     35     16         11.9214    32.5214    172.7981   % 
UB: 32.52142857142857
branching on CartesianIndex(1, 3) with a.
46     36     15         11.9214    32.5214    172.7981   % 
UB: 32.52142857142857
branching on CartesianIndex(1, 3) with a.
47     37     6          11.9214    32.5214    172.7981   % 
UB: 32.52142857142857
branching on 1 with b.
48     38     7          11.9214    32.5214    172.7981   % 
UB: 32.52142857142857
branching on 2 with b.
49     39     7          11.9214    32.5214    172.7981   % 
UB: 32.52142857142857
branching on CartesianIndex(1, 2) with a.
50     40     8          11.9214    32.5214    172.7981   % 
UB: 32.52142857142857
branching on 2 with b.
51     41     9          11.9214    32.5214    172.7981   % 
UB: 32.52142857142857
branching on 3 with b.
52     42     10         11.9214    32.5214    172.7981   % 
UB: 32.52142857142857
branching on CartesianIndex(2, 2) with a.
53     43     10         11.9214    32.5214    172.7981   % 
UB: 32.52142857142857
branching on CartesianIndex(2, 2) with a.
54     44     11         11.9214    32.5214    172.7981   % 
UB: 32.52142857142857
branching on CartesianIndex(3, 2) with a.
55     45     12         11.9214    32.5214    172.7981   % 
UB: 32.52142857142857
branching on CartesianIndex(4, 2) with a.
56     46     13         11.9214    32.5214    172.7981   % 
UB: 32.52142857142857
branching on CartesianIndex(5, 2) with a.
57     47     14         11.9214    32.5214    172.7981   % 
UB: 32.52142857142857
branching on CartesianIndex(6, 2) with a.
58     48     15         11.9214    32.5214    172.7981   % 
UB: 32.52142857142857
branching on CartesianIndex(1, 3) with a.
59     49     15         11.9214    32.5214    172.7981   % 
UB: 32.52142857142857
branching on CartesianIndex(1, 3) with a.
60     50     14         11.9214    32.5214    172.7981   % 
UB: 32.52142857142857
branching on 1 with b.
61     51     13         11.9214    32.5214    172.7981   % 
LB close or above UB, fathomed
62     50     12         11.9214    32.5214    172.7981   % 
LB close or above UB, fathomed
63     49     11         11.9214    32.5214    172.7981   % 
LB close or above UB, fathomed
64     48     9          11.9214    32.5214    172.7981   % 
UB: 32.52142857142857
branching on 3 with b.
65     49     8          11.9214    32.5214    172.7981   % 
UB: 32.52142857142857
branching on 2 with b.
66     50     6          11.9214    32.5214    172.7981   % 
LB close or above UB, fathomed
67     49     8          11.9214    32.5214    172.7981   % 
UB: 32.52142857142857
branching on 2 with b.
68     50     8          11.9214    32.5214    172.7981   % 
UB: 32.52142857142857
branching on 2 with b.
69     51     9          11.9214    32.5214    172.7981   % 
UB: 32.52142857142857
branching on CartesianIndex(1, 2) with a.
70     52     10         11.9214    32.5214    172.7981   % 
UB: 32.52142857142857
branching on CartesianIndex(2, 2) with a.
71     53     11         11.9214    32.5214    172.7981   % 
UB: 32.52142857142857
branching on CartesianIndex(3, 2) with a.
72     54     11         11.9214    32.5214    172.7981   % 
LB close or above UB, fathomed
73     53     10         11.9214    32.5214    172.7981   % 
UB: 32.52142857142857
branching on CartesianIndex(1, 3) with a.
74     54     9          11.9214    32.5214    172.7981   % 
UB: 32.52142857142857
branching on CartesianIndex(1, 2) with a.
75     55     12         14.8643    32.5214    118.7890   % 
UB: 32.52142857142857
branching on 3 with b.
76     56     13         14.8643    32.5214    118.7890   % 
UB: 32.52142857142857
branching on CartesianIndex(4, 2) with a.
77     57     13         14.8643    32.5214    118.7890   % 
UB: 32.52142857142857
branching on CartesianIndex(4, 2) with a.
78     58     14         14.8643    32.5214    118.7890   % 
UB: 32.52142857142857
branching on CartesianIndex(5, 2) with a.
79     59     15         14.8643    32.5214    118.7890   % 
UB: 32.52142857142857
branching on 1 with b.
80     60     16         14.8643    32.5214    118.7890   % 
UB: 32.52142857142857
branching on CartesianIndex(6, 2) with a.
81     61     17         14.8643    32.5214    118.7890   % 
UB: 32.52142857142857
branching on CartesianIndex(1, 3) with a.
82     62     17         14.8643    32.5214    118.7890   % 
UB: 32.52142857142857
branching on CartesianIndex(1, 3) with a.
83     63     18         14.8643    32.5214    118.7890   % 
UB: 32.52142857142857
branching on 2 with b.
84     64     19         14.8643    32.5214    118.7890   % 
UB: 32.52142857142857
branching on CartesianIndex(2, 3) with a.
85     65     19         14.8643    32.5214    118.7890   % 
UB: 32.52142857142857
branching on CartesianIndex(2, 3) with a.
86     66     20         14.8643    32.5214    118.7890   % 
UB: 32.52142857142857
branching on CartesianIndex(3, 3) with a.
87     67     21         14.8643    32.5214    118.7890   % 
UB: 32.52142857142857
branching on CartesianIndex(4, 3) with a.
88     68     21         14.8643    32.5214    118.7890   % 
LB close or above UB, fathomed
89     67     20         14.8643    32.5214    118.7890   % 
UB: 32.52142857142857
branching on 3 with b.
90     68     18         14.8643    32.5214    118.7890   % 
LB close or above UB, fathomed
91     67     16         14.8643    32.5214    118.7890   % 
UB: 32.52142857142857
branching on CartesianIndex(6, 2) with a.
92     68     15         14.8643    32.5214    118.7890   % 
UB: 32.52142857142857
branching on CartesianIndex(1, 3) with a.
93     69     14         14.8643    32.5214    118.7890   % 
LB close or above UB, fathomed
94     68     12         14.8643    32.5214    118.7890   % 
LB close or above UB, fathomed
95     67     21         14.8643    32.5214    118.7890   % 
UB: 32.52142857142857
branching on 2 with b.
96     68     21         14.8643    32.5214    118.7890   % 
UB: 32.52142857142857
branching on CartesianIndex(2, 3) with a.
97     69     22         14.8643    32.5214    118.7890   % 
UB: 32.52142857142857
branching on CartesianIndex(3, 3) with a.
98     70     23         14.8643    32.5214    118.7890   % 
UB: 32.52142857142857
branching on CartesianIndex(4, 3) with a.
99     71     24         14.8643    32.5214    118.7890   % 
UB: 32.52142857142857
branching on CartesianIndex(5, 3) with a.
100    72     25         14.8643    32.5214    118.7890   % 
UB: 32.52142857142857
branching on CartesianIndex(6, 3) with a.
101    73     25         14.8643    32.5214    118.7890   % 
UB: 32.52142857142857
branching on CartesianIndex(1, 4) with c.
102    74     24         14.8643    32.5214    118.7890   % 
LB close or above UB, fathomed
103    73     23         14.8643    32.5214    118.7890   % 
LB close or above UB, fathomed
104    72     22         14.8643    32.5214    118.7890   % 
UB: 32.52142857142857
branching on CartesianIndex(1, 4) with c.
105    73     7          14.8643    32.5214    118.7890   % 
UB: 32.52142857142857
branching on CartesianIndex(2, 1) with a.
106    74     8          14.8643    32.5214    118.7890   % 
UB: 32.52142857142857
branching on CartesianIndex(3, 1) with a.
107    75     9          14.8643    32.5214    118.7890   % 
UB: 32.52142857142857
branching on CartesianIndex(4, 1) with a.
108    76     10         14.8643    32.5214    118.7890   % 
UB: 32.52142857142857
branching on CartesianIndex(5, 1) with a.
109    77     11         14.8643    32.5214    118.7890   % 
UB: 32.52142857142857
branching on 2 with b.
110    78     11         14.8643    32.5214    118.7890   % 
UB: 32.52142857142857
branching on CartesianIndex(1, 2) with a.
111    79     10         14.8643    32.5214    118.7890   % 
UB: 32.52142857142857
branching on 2 with b.
112    80     9          14.8643    32.5214    118.7890   % 
LB close or above UB, fathomed
113    79     8          14.8643    32.5214    118.7890   % 
UB: 32.52142857142857
branching on CartesianIndex(1, 2) with a.
114    80     7          14.8643    32.5214    118.7890   % 
LB close or above UB, fathomed
115    79     16         14.8643    32.5214    118.7890   % 
UB: 26.635714285714283
branching on 1 with b.
116    80     17         14.8643    26.6357    79.1927    % 
UB: 26.635714285714283
branching on CartesianIndex(2, 3) with a.
117    55     17         14.8643    26.6357    79.1927    % 
LB close or above UB, fathomed
118    54     16         14.8643    26.6357    79.1927    % 
LB close or above UB, fathomed
119    53     18         14.8643    26.6357    79.1927    % 
UB: 26.635714285714283
branching on CartesianIndex(3, 3) with a.
120    54     19         14.8643    26.6357    79.1927    % 
UB: 26.635714285714283
branching on CartesianIndex(4, 3) with a.
121    55     20         14.8643    26.6357    79.1927    % 
UB: 26.635714285714283
branching on CartesianIndex(5, 3) with a.
122    56     21         14.8643    26.6357    79.1927    % 
UB: 26.635714285714283
branching on 2 with b.
123    57     21         14.8643    26.6357    79.1927    % 
LB close or above UB, fathomed
124    56     20         14.8643    26.6357    79.1927    % 
LB close or above UB, fathomed
125    55     19         14.8643    26.6357    79.1927    % 
LB close or above UB, fathomed
126    54     18         14.8643    26.6357    79.1927    % 
UB: 26.635714285714283
branching on 2 with b.
127    55     22         14.8643    26.6357    79.1927    % 
UB: 26.635714285714283
branching on CartesianIndex(5, 3) with a.
128    56     23         14.8643    26.6357    79.1927    % 
UB: 26.635714285714283
branching on 3 with b.
129    57     23         14.8643    26.6357    79.1927    % 
LB close or above UB, fathomed
130    56     22         14.8643    26.6357    79.1927    % 
LB close or above UB, fathomed
131    55     15         17.7939    26.6357    49.6898    % 
UB: 26.635714285714283
branching on CartesianIndex(1, 2) with a.
132    56     15         17.7939    26.6357    49.6898    % 
LB close or above UB, fathomed
133    55     12         17.8071    26.6357    49.5788    % 
LB close or above UB, fathomed
134    54     12         17.8071    26.6357    49.5788    % 
LB close or above UB, fathomed
135    53     12         17.8071    26.6357    49.5788    % 
UB: 26.635714285714283
branching on 3 with b.
136    54     13         17.8071    26.6357    49.5788    % 
UB: 26.635714285714283
branching on CartesianIndex(6, 1) with a.
137    55     14         17.8071    26.6357    49.5788    % 
UB: 26.635714285714283
branching on CartesianIndex(1, 2) with a.
138    56     14         17.8071    26.6357    49.5788    % 
LB close or above UB, fathomed
139    55     13         17.8071    26.6357    49.5788    % 
UB: 26.635714285714283
branching on CartesianIndex(6, 1) with a.
140    56     12         17.8071    26.6357    49.5788    % 
LB close or above UB, fathomed
141    55     14         17.8071    26.6357    49.5788    % 
UB: 26.635714285714283
branching on CartesianIndex(5, 2) with a.
142    56     14         17.8071    26.6357    49.5788    % 
LB close or above UB, fathomed
143    55     11         17.8071    26.6357    49.5788    % 
UB: 26.635714285714283
branching on CartesianIndex(3, 2) with a.
144    56     12         17.8071    26.6357    49.5788    % 
UB: 26.635714285714283
branching on CartesianIndex(4, 2) with a.
145    57     13         17.8071    26.6357    49.5788    % 
UB: 26.635714285714283
branching on CartesianIndex(5, 2) with a.
146    58     14         17.8071    26.6357    49.5788    % 
UB: 26.635714285714283
branching on CartesianIndex(6, 2) with a.
147    59     15         17.8071    26.6357    49.5788    % 
LB close or above UB, fathomed
148    58     15         17.8071    26.6357    49.5788    % 
UB: 26.635714285714283
branching on 1 with b.
149    59     14         17.8071    26.6357    49.5788    % 
LB close or above UB, fathomed
150    58     13         17.8071    26.6357    49.5788    % 
LB close or above UB, fathomed
151    57     12         17.8071    26.6357    49.5788    % 
LB close or above UB, fathomed
152    56     11         17.8071    26.6357    49.5788    % 
LB close or above UB, fathomed
153    55     8          17.8071    26.6357    49.5788    % 
UB: 26.635714285714283
branching on 3 with b.
154    56     9          17.8071    26.6357    49.5788    % 
UB: 26.635714285714283
branching on 1 with b.
155    57     9          17.8071    26.6357    49.5788    % 
UB: 26.635714285714283
branching on CartesianIndex(1, 2) with a.
156    58     10         17.8071    26.6357    49.5788    % 
UB: 26.635714285714283
branching on 1 with b.
157    59     11         17.8071    26.6357    49.5788    % 
LB close or above UB, fathomed
158    58     11         17.8071    26.6357    49.5788    % 
UB: 26.635714285714283
branching on CartesianIndex(2, 2) with a.
159    59     12         17.8071    26.6357    49.5788    % 
UB: 26.635714285714283
branching on 2 with b.
160    60     13         17.8071    26.6357    49.5788    % 
UB: 26.635714285714283
branching on 3 with b.
161    61     13         17.8071    26.6357    49.5788    % 
UB: 26.635714285714283
branching on CartesianIndex(3, 2) with a.
162    62     14         17.8071    26.6357    49.5788    % 
UB: 26.635714285714283
branching on CartesianIndex(4, 2) with a.
163    63     15         17.8071    26.6357    49.5788    % 
UB: 26.635714285714283
branching on CartesianIndex(5, 2) with a.
164    64     16         17.8071    26.6357    49.5788    % 
UB: 26.635714285714283
branching on CartesianIndex(6, 2) with a.
165    65     17         17.8071    26.6357    49.5788    % 
UB: 26.635714285714283
branching on CartesianIndex(1, 3) with a.
166    66     17         17.8071    26.6357    49.5788    % 
UB: 26.635714285714283
branching on 3 with b.
167    67     18         17.8071    26.6357    49.5788    % 
UB: 26.635714285714283
branching on CartesianIndex(1, 3) with a.
168    68     19         17.8071    26.6357    49.5788    % 
UB: 26.635714285714283
branching on CartesianIndex(2, 3) with a.
169    69     20         17.8071    26.6357    49.5788    % 
UB: 26.635714285714283
branching on CartesianIndex(3, 3) with a.
170    70     21         17.8071    26.6357    49.5788    % 
UB: 26.635714285714283
branching on CartesianIndex(4, 3) with a.
171    71     22         17.8071    26.6357    49.5788    % 
UB: 26.635714285714283
branching on CartesianIndex(5, 3) with a.
172    72     23         17.8071    26.6357    49.5788    % 
UB: 26.635714285714283
branching on CartesianIndex(6, 3) with a.
173    73     23         17.8071    26.6357    49.5788    % 
LB close or above UB, fathomed
174    72     22         17.8071    26.6357    49.5788    % 
LB close or above UB, fathomed
175    71     21         17.8071    26.6357    49.5788    % 
LB close or above UB, fathomed
176    70     20         17.8071    26.6357    49.5788    % 
LB close or above UB, fathomed
177    69     19         17.8071    26.6357    49.5788    % 
LB close or above UB, fathomed
178    68     18         17.8071    26.6357    49.5788    % 
LB close or above UB, fathomed
179    67     16         17.8071    26.6357    49.5788    % 
LB close or above UB, fathomed
180    66     15         17.8071    26.6357    49.5788    % 
LB close or above UB, fathomed
181    65     14         17.8071    26.6357    49.5788    % 
LB close or above UB, fathomed
182    64     12         17.8071    26.6357    49.5788    % 
UB: 26.635714285714283
branching on 2 with b.
183    65     10         17.8071    26.6357    49.5788    % 
LB close or above UB, fathomed
184    64     8          17.8071    26.6357    49.5788    % 
LB close or above UB, fathomed
185    63     15         17.8071    26.6357    49.5788    % 
UB: 26.635714285714283
branching on 2 with b.
186    64     16         17.8071    26.6357    49.5788    % 
UB: 26.635714285714283
branching on 3 with b.
187    65     16         17.8071    26.6357    49.5788    % 
UB: 26.635714285714283
branching on CartesianIndex(2, 2) with a.
188    66     17         17.8071    26.6357    49.5788    % 
UB: 26.635714285714283
branching on CartesianIndex(3, 2) with a.
189    67     18         17.8071    26.6357    49.5788    % 
UB: 26.635714285714283
branching on CartesianIndex(4, 2) with a.
190    68     19         17.8071    26.6357    49.5788    % 
UB: 26.635714285714283
branching on CartesianIndex(5, 2) with a.
191    69     20         17.8071    26.6357    49.5788    % 
UB: 26.635714285714283
branching on CartesianIndex(6, 2) with a.
192    70     21         17.8071    26.6357    49.5788    % 
LB close or above UB, fathomed
193    69     21         17.8071    26.6357    49.5788    % 
UB: 26.635714285714283
branching on CartesianIndex(1, 3) with a.
194    70     20         17.8071    26.6357    49.5788    % 
LB close or above UB, fathomed
195    69     19         17.8071    26.6357    49.5788    % 
LB close or above UB, fathomed
196    68     18         17.8071    26.6357    49.5788    % 
LB close or above UB, fathomed
197    67     17         17.8071    26.6357    49.5788    % 
LB close or above UB, fathomed
198    66     15         17.8071    26.6357    49.5788    % 
LB close or above UB, fathomed
199    65     13         17.8071    26.6357    49.5788    % 
UB: 26.635714285714283
branching on CartesianIndex(2, 2) with a.
200    66     14         17.8071    26.6357    49.5788    % 
UB: 26.635714285714283
branching on CartesianIndex(3, 2) with a.
201    67     14         17.8071    26.6357    49.5788    % 
LB close or above UB, fathomed
202    66     13         17.8071    26.6357    49.5788    % 
LB close or above UB, fathomed
203    65     10         17.8071    26.6357    49.5788    % 
UB: 26.635714285714283
branching on 3 with b.
204    66     10         17.8071    26.6357    49.5788    % 
LB close or above UB, fathomed
205    65     22         17.8071    26.6357    49.5788    % 
UB: 26.635714285714283
branching on CartesianIndex(6, 3) with a.
206    66     22         17.8071    26.6357    49.5788    % 
UB: 26.635714285714283
branching on CartesianIndex(6, 3) with a.
207    67     26         17.8071    26.6357    49.5788    % 
UB: 26.635714285714283
branching on 2 with b.
208    68     27         17.8071    26.6357    49.5788    % 
UB: 26.635714285714283
branching on CartesianIndex(1, 4) with c.
209    69     27         17.8071    26.6357    49.5788    % 
UB: 26.635714285714283
branching on 3 with b.
210    70     26         17.8071    26.6357    49.5788    % 
LB close or above UB, fathomed
211    69     22         17.8071    26.6357    49.5788    % 
UB: 26.635714285714283
branching on CartesianIndex(2, 3) with a.
212    70     22         17.8071    26.6357    49.5788    % 
UB: 26.635714285714283
branching on 3 with b.
213    71     23         17.8071    26.6357    49.5788    % 
UB: 26.635714285714283
branching on CartesianIndex(2, 3) with a.
214    72     24         17.8071    26.6357    49.5788    % 
UB: 26.635714285714283
branching on CartesianIndex(3, 3) with a.
215    73     25         17.8071    26.6357    49.5788    % 
UB: 26.635714285714283
branching on CartesianIndex(4, 3) with a.
216    74     26         17.8071    26.6357    49.5788    % 
UB: 26.635714285714283
branching on CartesianIndex(5, 3) with a.
217    75     27         17.8071    26.6357    49.5788    % 
UB: 26.635714285714283
branching on 1 with b.
218    76     27         17.8071    26.6357    49.5788    % 
LB close or above UB, fathomed
219    75     26         17.8071    26.6357    49.5788    % 
LB close or above UB, fathomed
220    74     25         17.8071    26.6357    49.5788    % 
LB close or above UB, fathomed
221    73     24         17.8071    26.6357    49.5788    % 
LB close or above UB, fathomed
222    72     23         17.8071    26.6357    49.5788    % 
LB close or above UB, fathomed
223    71     28         17.8071    26.6357    49.5788    % 
UB: 26.635714285714283
branching on CartesianIndex(1, 4) with c.
224    72     29         17.8071    26.6357    49.5788    % 
LB close or above UB, fathomed
225    71     29         17.8071    26.6357    49.5788    % 
UB: 26.635714285714283
branching on 1 with b.
226    72     28         17.8071    26.6357    49.5788    % 
LB close or above UB, fathomed
227    71     23         17.8071    26.6357    49.5788    % 
UB: 26.635714285714283
branching on 3 with b.
228    72     24         17.8071    26.6357    49.5788    % 
UB: 26.635714285714283
branching on CartesianIndex(1, 4) with c.
229    73     25         17.8071    26.6357    49.5788    % 
LB close or above UB, fathomed
230    72     25         17.8071    26.6357    49.5788    % 
UB: 26.635714285714283
branching on 1 with b.
231    73     24         17.8071    26.6357    49.5788    % 
LB close or above UB, fathomed
232    72     23         17.8071    26.6357    49.5788    % 
LB close or above UB, fathomed
233    71     24         17.8071    26.6357    49.5788    % 
UB: 26.635714285714283
branching on CartesianIndex(6, 3) with a.
234    72     25         17.8071    26.6357    49.5788    % 
UB: 26.635714285714283
branching on CartesianIndex(1, 4) with c.
235    73     26         17.8071    26.6357    49.5788    % 
LB close or above UB, fathomed
236    72     26         17.8071    26.6357    49.5788    % 
UB: 26.635714285714283
branching on CartesianIndex(1, 5) with c.
237    73     25         17.8071    26.6357    49.5788    % 
LB close or above UB, fathomed
238    72     24         17.8071    26.6357    49.5788    % 
LB close or above UB, fathomed
239    71     5          20.7000    26.6357    28.6749    % 
UB: 26.635714285714283
branching on CartesianIndex(2, 1) with a.
240    72     6          20.7000    26.6357    28.6749    % 
UB: 26.635714285714283
branching on 1 with b.
241    73     7          20.7000    26.6357    28.6749    % 
LB close or above UB, fathomed
242    72     7          20.7000    26.6357    28.6749    % 
UB: 26.635714285714283
branching on CartesianIndex(3, 1) with a.
243    73     8          20.7000    26.6357    28.6749    % 
UB: 26.635714285714283
branching on 1 with b.
244    74     9          20.7000    26.6357    28.6749    % 
UB: 26.635714285714283
branching on CartesianIndex(4, 1) with a.
245    75     10         20.7000    26.6357    28.6749    % 
UB: 26.635714285714283
branching on 2 with b.
246    76     11         20.7000    26.6357    28.6749    % 
UB: 26.635714285714283
branching on 1 with b.
247    77     12         20.7000    26.6357    28.6749    % 
UB: 26.635714285714283
branching on 2 with b.
248    78     13         20.7000    26.6357    28.6749    % 
LB close or above UB, fathomed
249    77     13         20.7000    26.6357    28.6749    % 
UB: 26.635714285714283
branching on CartesianIndex(5, 1) with a.
250    78     12         20.7000    26.6357    28.6749    % 
UB: 26.635714285714283
branching on CartesianIndex(5, 1) with a.
251    79     11         20.7000    26.6357    28.6749    % 
LB close or above UB, fathomed
252    78     10         20.7000    26.6357    28.6749    % 
LB close or above UB, fathomed
253    77     9          20.7000    26.6357    28.6749    % 
LB close or above UB, fathomed
254    76     8          20.7000    26.6357    28.6749    % 
LB close or above UB, fathomed
255    75     6          20.7000    26.6357    28.6749    % 
LB close or above UB, fathomed
256    74     5          20.7000    26.6357    28.6749    % 
LB close or above UB, fathomed
257    73     16         20.7368    26.6357    28.4466    % 
UB: 26.635714285714283
branching on CartesianIndex(2, 2) with a.
258    74     17         20.7368    26.6357    28.4466    % 
UB: 26.635714285714283
branching on CartesianIndex(3, 2) with a.
259    75     17         20.7368    26.6357    28.4466    % 
LB close or above UB, fathomed
260    74     16         20.7368    26.6357    28.4466    % 
LB close or above UB, fathomed
261    73     11         20.7500    26.6357    28.3649    % 
UB: 26.635714285714283
branching on CartesianIndex(4, 1) with a.
262    74     12         20.7500    26.6357    28.3649    % 
UB: 26.635714285714283
branching on CartesianIndex(5, 1) with a.
263    75     13         20.7500    26.6357    28.3649    % 
LB close or above UB, fathomed
264    74     13         20.7500    26.6357    28.3649    % 
LB close or above UB, fathomed
265    73     12         20.7500    26.6357    28.3649    % 
LB close or above UB, fathomed
266    72     11         20.7500    26.6357    28.3649    % 
UB: 26.635714285714283
branching on 1 with b.
267    73     12         20.7500    26.6357    28.3649    % 
UB: 26.635714285714283
branching on CartesianIndex(4, 1) with a.
268    74     12         20.7500    26.6357    28.3649    % 
UB: 26.635714285714283
branching on 2 with b.
269    75     15         20.7500    26.6357    28.3649    % 
UB: 26.635714285714283
branching on CartesianIndex(4, 2) with a.
270    76     16         20.7500    26.6357    28.3649    % 
UB: 26.635714285714283
branching on CartesianIndex(5, 2) with a.
271    77     17         20.7500    26.6357    28.3649    % 
UB: 26.635714285714283
branching on CartesianIndex(6, 2) with a.
272    78     17         20.7500    26.6357    28.3649    % 
LB close or above UB, fathomed
273    77     16         20.7500    26.6357    28.3649    % 
LB close or above UB, fathomed
274    76     15         20.7500    26.6357    28.3649    % 
LB close or above UB, fathomed
275    75     22         20.7500    26.6357    28.3649    % 
UB: 26.635714285714283
branching on CartesianIndex(2, 3) with a.
276    76     22         20.7500    26.6357    28.3649    % 
LB close or above UB, fathomed
277    75     14         20.7500    26.6357    28.3649    % 
UB: 26.635714285714283
branching on CartesianIndex(3, 2) with a.
278    76     15         20.7500    26.6357    28.3649    % 
UB: 26.635714285714283
branching on 1 with b.
279    77     16         20.7500    26.6357    28.3649    % 
LB close or above UB, fathomed
280    76     16         20.7500    26.6357    28.3649    % 
UB: 26.635714285714283
branching on CartesianIndex(4, 2) with a.
281    77     17         20.7500    26.6357    28.3649    % 
UB: 26.635714285714283
branching on CartesianIndex(5, 2) with a.
282    78     18         20.7500    26.6357    28.3649    % 
UB: 26.635714285714283
branching on CartesianIndex(6, 2) with a.
283    79     19         20.7500    26.6357    28.3649    % 
UB: 26.635714285714283
branching on CartesianIndex(1, 3) with a.
284    80     19         20.7500    26.6357    28.3649    % 
UB: 26.635714285714283
branching on CartesianIndex(1, 3) with a.
285    81     18         20.7500    26.6357    28.3649    % 
LB close or above UB, fathomed
286    80     17         20.7500    26.6357    28.3649    % 
UB: 26.635714285714283
branching on CartesianIndex(1, 3) with a.
287    81     15         20.7500    26.6357    28.3649    % 
LB close or above UB, fathomed
288    80     14         20.7500    26.6357    28.3649    % 
LB close or above UB, fathomed
289    79     16         20.7500    26.6357    28.3649    % 
UB: 26.635714285714283
branching on 2 with b.
290    80     17         20.7500    26.6357    28.3649    % 
LB close or above UB, fathomed
291    79     17         20.7500    26.6357    28.3649    % 
UB: 26.635714285714283
branching on 3 with b.
292    80     18         20.7500    26.6357    28.3649    % 
LB close or above UB, fathomed
293    79     18         20.7500    26.6357    28.3649    % 
UB: 26.635714285714283
branching on CartesianIndex(1, 3) with a.
294    80     19         20.7500    26.6357    28.3649    % 
UB: 26.635714285714283
branching on CartesianIndex(2, 3) with a.
295    81     19         20.7500    26.6357    28.3649    % 
LB close or above UB, fathomed
296    80     16         20.7500    26.6357    28.3649    % 
LB close or above UB, fathomed
297    79     15         20.7500    26.6357    28.3649    % 
UB: 26.635714285714283
branching on 1 with b.
298    80     16         20.7500    26.6357    28.3649    % 
UB: 26.635714285714283
branching on CartesianIndex(6, 2) with a.
299    81     17         20.7500    26.6357    28.3649    % 
LB close or above UB, fathomed
300    80     17         20.7500    26.6357    28.3649    % 
UB: 26.635714285714283
branching on 2 with b.
301    81     18         20.7500    26.6357    28.3649    % 
LB close or above UB, fathomed
302    80     18         20.7500    26.6357    28.3649    % 
UB: 26.635714285714283
branching on CartesianIndex(1, 3) with a.
303    81     16         20.7500    26.6357    28.3649    % 
LB close or above UB, fathomed
304    80     15         20.7500    26.6357    28.3649    % 
LB close or above UB, fathomed
305    79     14         20.7500    26.6357    28.3649    % 
UB: 26.635714285714283
branching on 1 with b.
306    80     15         20.7500    26.6357    28.3649    % 
UB: 26.635714285714283
branching on CartesianIndex(1, 2) with a.
307    81     15         20.7500    26.6357    28.3649    % 
LB close or above UB, fathomed
308    80     14         20.7500    26.6357    28.3649    % 
LB close or above UB, fathomed
309    79     15         20.7500    26.6357    28.3649    % 
UB: 26.635714285714283
branching on CartesianIndex(2, 2) with a.
310    80     16         20.7500    26.6357    28.3649    % 
UB: 26.635714285714283
branching on CartesianIndex(3, 2) with a.
311    81     17         20.7500    26.6357    28.3649    % 
LB close or above UB, fathomed
312    80     17         20.7500    26.6357    28.3649    % 
LB close or above UB, fathomed
313    79     16         20.7500    26.6357    28.3649    % 
LB close or above UB, fathomed
314    78     15         20.7500    26.6357    28.3649    % 
LB close or above UB, fathomed
315    77     9          20.7500    26.6357    28.3649    % 
UB: 26.635714285714283
branching on 2 with b.
316    78     10         20.7500    26.6357    28.3649    % 
UB: 26.635714285714283
branching on 3 with b.
317    79     10         20.7500    26.6357    28.3649    % 
LB close or above UB, fathomed
318    78     9          20.7500    26.6357    28.3649    % 
LB close or above UB, fathomed
319    77     16         20.7500    26.6357    28.3649    % 
UB: 26.635714285714283
branching on CartesianIndex(2, 3) with a.
320    78     17         20.7500    26.6357    28.3649    % 
UB: 26.635714285714283
branching on CartesianIndex(3, 3) with a.
321    79     17         20.7500    26.6357    28.3649    % 
UB: 26.635714285714283
branching on CartesianIndex(1, 4) with c.
322    80     16         20.7500    26.6357    28.3649    % 
LB close or above UB, fathomed
323    79     13         20.7500    26.6357    28.3649    % 
LB close or above UB, fathomed
324    78     13         20.7500    26.6357    28.3649    % 
LB close or above UB, fathomed
325    77     14         20.7500    26.6357    28.3649    % 
LB close or above UB, fathomed
326    76     14         20.7500    26.6357    28.3649    % 
UB: 26.635714285714283
branching on CartesianIndex(1, 2) with a.
327    77     15         20.7500    26.6357    28.3649    % 
UB: 26.635714285714283
branching on CartesianIndex(2, 2) with a.
328    78     16         20.7500    26.6357    28.3649    % 
UB: 26.635714285714283
branching on 2 with b.
329    79     17         20.7500    26.6357    28.3649    % 
LB close or above UB, fathomed
330    78     17         20.7500    26.6357    28.3649    % 
UB: 26.635714285714283
branching on CartesianIndex(3, 2) with a.
331    79     18         20.7500    26.6357    28.3649    % 
UB: 26.635714285714283
branching on 3 with b.
332    80     19         20.7500    26.6357    28.3649    % 
LB close or above UB, fathomed
333    79     19         20.7500    26.6357    28.3649    % 
UB: 26.635714285714283
branching on CartesianIndex(4, 2) with a.
334    80     20         20.7500    26.6357    28.3649    % 
UB: 26.635714285714283
branching on CartesianIndex(5, 2) with a.
335    81     21         20.7500    26.6357    28.3649    % 
UB: 26.635714285714283
branching on CartesianIndex(6, 2) with a.
336    82     22         20.7500    26.6357    28.3649    % 
LB close or above UB, fathomed
337    81     22         20.7500    26.6357    28.3649    % 
UB: 26.635714285714283
branching on CartesianIndex(1, 3) with a.
338    82     21         20.7500    26.6357    28.3649    % 
LB close or above UB, fathomed
339    81     20         20.7500    26.6357    28.3649    % 
LB close or above UB, fathomed
340    80     18         20.7500    26.6357    28.3649    % 
LB close or above UB, fathomed
341    79     16         20.7500    26.6357    28.3649    % 
LB close or above UB, fathomed
342    78     15         20.7500    26.6357    28.3649    % 
LB close or above UB, fathomed
343    77     14         20.7500    26.6357    28.3649    % 
UB: 26.635714285714283
branching on 1 with b.
344    78     15         20.7500    26.6357    28.3649    % 
LB close or above UB, fathomed
345    77     15         20.7500    26.6357    28.3649    % 
UB: 26.635714285714283
branching on CartesianIndex(1, 2) with a.
346    78     16         20.7500    26.6357    28.3649    % 
UB: 26.635714285714283
branching on CartesianIndex(2, 2) with a.
347    79     16         20.7500    26.6357    28.3649    % 
LB close or above UB, fathomed
348    78     14         20.7500    26.6357    28.3649    % 
LB close or above UB, fathomed
349    77     18         20.7500    26.6357    28.3649    % 
UB: 26.635714285714283
branching on CartesianIndex(4, 3) with a.
350    78     19         20.7500    26.6357    28.3649    % 
UB: 26.635714285714283
branching on 1 with b.
351    79     20         20.7500    26.6357    28.3649    % 
UB: 26.635714285714283
branching on CartesianIndex(5, 3) with a.
352    80     21         20.7500    26.6357    28.3649    % 
UB: 26.635714285714283
branching on CartesianIndex(6, 3) with a.
353    81     21         20.7500    26.6357    28.3649    % 
LB close or above UB, fathomed
354    80     20         20.7500    26.6357    28.3649    % 
LB close or above UB, fathomed
355    79     19         20.7500    26.6357    28.3649    % 
LB close or above UB, fathomed
356    78     18         20.7500    26.6357    28.3649    % 
LB close or above UB, fathomed
357    77     19         20.7500    26.6357    28.3649    % 
UB: 26.635714285714283
branching on CartesianIndex(2, 3) with a.
358    78     19         20.7500    26.6357    28.3649    % 
LB close or above UB, fathomed
359    77     28         20.7500    26.6357    28.3649    % 
LB close or above UB, fathomed
360    76     28         20.7500    26.6357    28.3649    % 
UB: 26.635714285714283
branching on CartesianIndex(6, 3) with a.
361    77     24         20.7500    26.6357    28.3649    % 
UB: 26.635714285714283
branching on CartesianIndex(1, 4) with c.
362    78     25         20.7500    26.6357    28.3649    % 
LB close or above UB, fathomed
363    77     25         20.7500    26.6357    28.3649    % 
UB: 26.635714285714283
branching on 1 with b.
364    78     24         20.7500    26.6357    28.3649    % 
LB close or above UB, fathomed
365    77     27         20.7500    26.6357    28.3649    % 
UB: 26.635714285714283
branching on 1 with b.
366    78     28         20.7500    26.6357    28.3649    % 
UB: 26.635714285714283
branching on 2 with b.
367    79     29         20.7500    26.6357    28.3649    % 
UB: 26.635714285714283
branching on CartesianIndex(2, 5) with c.
368    80     30         20.7500    26.6357    28.3649    % 
UB: 26.635714285714283
branching on CartesianIndex(1, 6) with c.
369    81     31         20.7500    26.6357    28.3649    % 
LB close or above UB, fathomed
370    80     31         20.7500    26.6357    28.3649    % 
UB: 26.635714285714283
branching on CartesianIndex(1, 7) with c.
371    81     32         20.7500    26.6357    28.3649    % 
UB: 26.635714285714283
branching on CartesianIndex(2, 7) with c.
372    82     33         20.7500    26.6357    28.3649    % 
LB close or above UB, fathomed
373    81     33         20.7500    26.6357    28.3649    % 
UB: 26.635714285714283
branching on 3 with b.
374    82     34         20.7500    26.6357    28.3649    % 
UB: 26.635714285714283
branching on 1 with b.
375    83     35         20.7500    26.6357    28.3649    % 
LB close or above UB, fathomed
376    82     35         20.7500    26.6357    28.3649    % 
UB: 26.635714285714283
branching on 2 with b.
377    83     34         20.7500    26.6357    28.3649    % 
LB close or above UB, fathomed
378    82     32         20.7500    26.6357    28.3649    % 
LB close or above UB, fathomed
379    81     30         20.7500    26.6357    28.3649    % 
LB close or above UB, fathomed
380    80     29         20.7500    26.6357    28.3649    % 
LB close or above UB, fathomed
381    79     28         20.7500    26.6357    28.3649    % 
UB: 26.635714285714283
branching on 2 with b.
382    80     27         20.7500    26.6357    28.3649    % 
LB close or above UB, fathomed
383    79     26         20.7500    26.6357    28.3649    % 
UB: 26.635714285714283
branching on CartesianIndex(1, 5) with c.
384    80     26         20.7500    26.6357    28.3649    % 
LB close or above UB, fathomed
385    79     30         20.7500    26.6357    28.3649    % 
UB: 26.635714285714283
branching on CartesianIndex(1, 5) with c.
386    80     30         20.7500    26.6357    28.3649    % 
LB close or above UB, fathomed
387    79     20         20.7500    26.6357    28.3649    % 
UB: 26.635714285714283
branching on CartesianIndex(3, 3) with a.
388    80     21         20.7500    26.6357    28.3649    % 
UB: 26.635714285714283
branching on 3 with b.
389    81     22         20.7500    26.6357    28.3649    % 
UB: 26.635714285714283
branching on CartesianIndex(4, 3) with a.
390    82     23         20.7500    26.6357    28.3649    % 
UB: 26.635714285714283
branching on 1 with b.
391    83     24         20.7500    26.6357    28.3649    % 
UB: 26.635714285714283
branching on CartesianIndex(5, 3) with a.
392    84     25         20.7500    26.6357    28.3649    % 
UB: 26.635714285714283
branching on CartesianIndex(6, 3) with a.
393    85     25         20.7500    26.6357    28.3649    % 
LB close or above UB, fathomed
394    84     24         20.7500    26.6357    28.3649    % 
LB close or above UB, fathomed
395    83     23         20.7500    26.6357    28.3649    % 
LB close or above UB, fathomed
396    82     22         20.7500    26.6357    28.3649    % 
LB close or above UB, fathomed
397    81     21         20.7500    26.6357    28.3649    % 
LB close or above UB, fathomed
398    80     20         20.7500    26.6357    28.3649    % 
LB close or above UB, fathomed
399    79     27         20.7500    26.6357    28.3649    % 
UB: 26.635714285714283
branching on CartesianIndex(2, 5) with c.
400    80     28         20.7500    26.6357    28.3649    % 
UB: 26.635714285714283
branching on CartesianIndex(1, 6) with c.
401    81     29         20.7500    26.6357    28.3649    % 
LB close or above UB, fathomed
402    80     29         20.7500    26.6357    28.3649    % 
UB: 26.635714285714283
branching on CartesianIndex(1, 7) with c.
403    81     30         20.7500    26.6357    28.3649    % 
UB: 26.635714285714283
branching on CartesianIndex(2, 7) with c.
404    82     31         20.7500    26.6357    28.3649    % 
LB close or above UB, fathomed
405    81     31         20.7500    26.6357    28.3649    % 
UB: 26.635714285714283
branching on 2 with b.
406    82     32         20.7500    26.6357    28.3649    % 
UB: 26.635714285714283
branching on 3 with b.
407    83     33         20.7500    26.6357    28.3649    % 
UB: 26.635714285714283
branching on 1 with b.
408    84     34         20.7500    26.6357    28.3649    % 
UB: 26.635714285714283
branching on 2 with b.
409    85     35         20.7500    26.6357    28.3649    % 
UB: 26.635714285714283
branching on 3 with b.
410    86     35         20.7500    26.6357    28.3649    % 
UB: 26.635714285714283
branching on 3 with b.
411    87     34         20.7500    26.6357    28.3649    % 
UB: 26.635714285714283
branching on 2 with b.
412    88     35         20.7500    26.6357    28.3649    % 
UB: 26.635714285714283
branching on 3 with b.
413    89     35         20.7500    26.6357    28.3649    % 
UB: 26.635714285714283
branching on 3 with b.
414    90     33         20.7500    26.6357    28.3649    % 
LB close or above UB, fathomed
415    89     32         20.7500    26.6357    28.3649    % 
LB close or above UB, fathomed
416    88     30         20.7500    26.6357    28.3649    % 
LB close or above UB, fathomed
417    87     28         20.7500    26.6357    28.3649    % 
LB close or above UB, fathomed
418    86     27         20.7500    26.6357    28.3649    % 
LB close or above UB, fathomed
419    85     31         20.7500    26.6357    28.3649    % 
UB: 26.635714285714283
branching on CartesianIndex(2, 5) with c.
420    86     32         20.7500    26.6357    28.3649    % 
UB: 26.635714285714283
branching on CartesianIndex(1, 6) with c.
421    87     33         20.7500    26.6357    28.3649    % 
LB close or above UB, fathomed
422    86     33         20.7500    26.6357    28.3649    % 
UB: 26.635714285714283
branching on CartesianIndex(1, 7) with c.
423    87     34         20.7500    26.6357    28.3649    % 
UB: 26.635714285714283
branching on CartesianIndex(2, 7) with c.
424    88     35         20.7500    26.6357    28.3649    % 
LB close or above UB, fathomed
425    87     35         20.7500    26.6357    28.3649    % 
UB: 26.635714285714283
branching on 2 with b.
426    88     36         20.7500    26.6357    28.3649    % 
UB: 26.635714285714283
branching on 3 with b.
427    89     37         20.7500    26.6357    28.3649    % 
UB: 26.635714285714283
branching on 1 with b.
428    90     38         20.7500    26.6357    28.3649    % 
UB: 26.635714285714283
branching on 2 with b.
429    91     39         20.7500    26.6357    28.3649    % 
UB: 26.635714285714283
branching on 3 with b.
430    92     39         20.7500    26.6357    28.3649    % 
UB: 26.635714285714283
branching on 3 with b.
431    93     38         20.7500    26.6357    28.3649    % 
UB: 26.635714285714283
branching on 2 with b.
432    94     37         20.7500    26.6357    28.3649    % 
LB close or above UB, fathomed
433    93     36         20.7500    26.6357    28.3649    % 
LB close or above UB, fathomed
434    92     34         20.7500    26.6357    28.3649    % 
LB close or above UB, fathomed
435    91     32         20.7500    26.6357    28.3649    % 
LB close or above UB, fathomed
436    90     31         20.7500    26.6357    28.3649    % 
LB close or above UB, fathomed
437    89     14         23.6429    26.6357    12.6586    % 
UB: 26.635714285714283
branching on CartesianIndex(6, 1) with a.
438    90     15         23.6429    26.6357    12.6586    % 
UB: 26.635714285714283
branching on CartesianIndex(1, 2) with a.
439    91     16         23.6429    26.6357    12.6586    % 
UB: 26.635714285714283
branching on CartesianIndex(2, 2) with a.
440    92     17         23.6429    26.6357    12.6586    % 
LB close or above UB, fathomed
441    91     17         23.6429    26.6357    12.6586    % 
LB close or above UB, fathomed
442    90     16         23.6429    26.6357    12.6586    % 
LB close or above UB, fathomed
443    89     15         23.6429    26.6357    12.6586    % 
LB close or above UB, fathomed
444    88     14         23.6429    26.6357    12.6586    % 
LB close or above UB, fathomed
445    87     17         23.6929    26.6357    12.4209    % 
LB close or above UB, fathomed
446    86     17         23.6929    26.6357    12.4209    % 
UB: 26.635714285714283
branching on CartesianIndex(2, 2) with a.
447    87     18         23.6929    26.6357    12.4209    % 
UB: 26.635714285714283
branching on CartesianIndex(3, 2) with a.
448    88     19         23.6929    26.6357    12.4209    % 
UB: 26.635714285714283
branching on 1 with b.
449    89     20         23.6929    26.6357    12.4209    % 
UB: 26.635714285714283
branching on CartesianIndex(4, 2) with a.
450    90     21         23.6929    26.6357    12.4209    % 
UB: 26.635714285714283
branching on CartesianIndex(5, 2) with a.
451    91     22         23.6929    26.6357    12.4209    % 
UB: 26.635714285714283
branching on CartesianIndex(6, 2) with a.
452    92     23         23.6929    26.6357    12.4209    % 
LB close or above UB, fathomed
453    91     23         23.6929    26.6357    12.4209    % 
LB close or above UB, fathomed
454    90     22         23.6929    26.6357    12.4209    % 
LB close or above UB, fathomed
455    89     21         23.6929    26.6357    12.4209    % 
LB close or above UB, fathomed
456    88     20         23.6929    26.6357    12.4209    % 
LB close or above UB, fathomed
457    87     19         23.6929    26.6357    12.4209    % 
LB close or above UB, fathomed
458    86     18         23.6929    26.6357    12.4209    % 
LB close or above UB, fathomed
459    85     39         23.6929    26.6357    12.4209    % 
LB close or above UB, fathomed
460    84     39         23.6929    26.6357    12.4209    % 
LB close or above UB, fathomed
461    83     40         23.6929    26.6357    12.4209    % 
UB: 26.635714285714283
branching on 1 with b.
462    84     41         23.6929    26.6357    12.4209    % 
LB close or above UB, fathomed
463    83     41         23.6929    26.6357    12.4209    % 
LB close or above UB, fathomed
464    82     40         23.6929    26.6357    12.4209    % 
UB: 26.635714285714283
branching on 1 with b.
465    83     41         23.6929    26.6357    12.4209    % 
LB close or above UB, fathomed
466    82     41         23.6929    26.6357    12.4209    % 
LB close or above UB, fathomed
467    81     40         23.6929    26.6357    12.4209    % 
UB: 26.635714285714283
branching on 1 with b.
468    82     41         23.6929    26.6357    12.4209    % 
LB close or above UB, fathomed
469    81     41         23.6929    26.6357    12.4209    % 
LB close or above UB, fathomed
470    80     40         23.6929    26.6357    12.4209    % 
UB: 26.635714285714283
branching on 1 with b.
471    81     41         23.6929    26.6357    12.4209    % 
LB close or above UB, fathomed
472    80     41         23.6929    26.6357    12.4209    % 
LB close or above UB, fathomed
473    79     36         23.6929    26.6357    12.4209    % 
UB: 26.635714285714283
branching on 1 with b.
474    80     37         23.6929    26.6357    12.4209    % 
UB: 26.635714285714283
branching on 2 with b.
475    81     38         23.6929    26.6357    12.4209    % 
LB close or above UB, fathomed
476    80     38         23.6929    26.6357    12.4209    % 
LB close or above UB, fathomed
477    79     37         23.6929    26.6357    12.4209    % 
UB: 26.635714285714283
branching on 2 with b.
478    80     38         23.6929    26.6357    12.4209    % 
LB close or above UB, fathomed
479    79     38         23.6929    26.6357    12.4209    % 
LB close or above UB, fathomed
480    78     36         23.6929    26.6357    12.4209    % 
UB: 26.635714285714283
branching on 1 with b.
481    79     37         23.6929    26.6357    12.4209    % 
UB: 26.635714285714283
branching on 2 with b.
482    80     38         23.6929    26.6357    12.4209    % 
LB close or above UB, fathomed
483    79     38         23.6929    26.6357    12.4209    % 
LB close or above UB, fathomed
484    78     37         23.6929    26.6357    12.4209    % 
UB: 26.635714285714283
branching on 2 with b.
485    79     38         23.6929    26.6357    12.4209    % 
LB close or above UB, fathomed
486    78     38         23.6929    26.6357    12.4209    % 
LB close or above UB, fathomed
487    77     36         23.6929    26.6357    12.4209    % 
UB: 26.635714285714283
branching on 1 with b.
488    78     37         23.6929    26.6357    12.4209    % 
UB: 26.635714285714283
branching on 2 with b.
489    79     38         23.6929    26.6357    12.4209    % 
UB: 26.635714285714283
branching on 3 with b.
490    80     39         23.6929    26.6357    12.4209    % 
LB close or above UB, fathomed
491    79     39         23.6929    26.6357    12.4209    % 
UB: 23.692857142857143
branching on 1 with b.
492    79     40         23.6929    23.6929    0.0000     % 
LB close or above UB, fathomed
all node solved
solved nodes:  493
493                                                   2.3693e+01     2.3693e+01     0.0000  % 
7×3 Matrix{Float64}:
 0.0  1.0  0.0
 0.0  0.0  0.0
 0.0  0.0  0.0
 0.0  0.0  0.0
 0.0  0.0  0.0
 0.0  0.0  1.0
 1.0  0.0  0.0
3-element Vector{Float64}:
 0.5669055605171591
 0.26738199840270693
 0.16598158536681523
3×7 Matrix{Float64}:
 0.0  0.0  0.0  0.0  1.0  0.0  0.0
 0.0  0.0  0.0  0.0  0.0  1.0  1.0
 0.0  0.0  0.0  1.0  0.0  0.0  0.0
3-element Vector{Float64}:
 1.0
 1.0
 1.0
7×3 Matrix{Float64}:
 1.0  0.0  0.0
 0.0  0.0  0.0
 0.0  0.0  0.0
 0.0  0.0  0.0
 0.0  0.0  0.0
 0.0  1.0  0.0
 0.0  0.0  1.0
3-element Vector{Float64}:
 0.2812851654201525
 0.27127335957777243
 0.554229062962255
3×7 Matrix{Float64}:
 0.0  0.0  0.0  1.0  0.0  1.0  0.0
 0.0  0.0  0.0  0.0  0.0  0.0  1.0
 0.0  0.0  0.0  0.0  1.0  0.0  0.0
3-element Vector{Float64}:
 1.0
 1.0
 1.0
comparison (CRT and Glb)on prediction: Dict{Bool, Int64}(0 => 5, 1 => 46)
Dataname	 time	 objv	 lb	 gap	 train_w	 train_g	 test_w	 test_g
seeds_725.seeds	 81.48	 23.692857142857143	 23.693	 0.0	 90.968	 94.839	 94.118	 92.157
