Running 6 processes.
Start training seeds_332.seeds with seed 1.
Any[]
(7, 206)
(7, 102)
(7, 51)
(7, 53)
dimension: 7, class: 3
cart cost: 35.97608695652176
size of X: (7, 153)
ngroups: 6
UB: 35.97608695652176
Iter	left	lev	LB	UB	gap	
0      0      1          0.1500     35.9761    23884.0580 % 
UB: 35.97608695652174
branching on 1 with d.
1      1      2          0.1500     35.9761    23884.0580 % 
LB close or above UB, fathomed
2      0      2          0.1500     35.9761    23884.0580 % 
UB: 35.97608695652174
branching on 2 with d.
3      1      3          0.1500     35.9761    23884.0580 % 
UB: 35.97608695652174
branching on 3 with d.
4      2      3          0.1500     35.9761    23884.0580 % 
UB: 35.97608695652174
branching on 3 with d.
5      3      4          0.1500     35.9761    23884.0580 % 
UB: 35.97608695652174
branching on CartesianIndex(1, 1) with a.
6      4      4          0.1500     35.9761    23884.0580 % 
UB: 35.97608695652174
branching on CartesianIndex(1, 1) with a.
7      5      5          0.1500     35.9761    23884.0580 % 
UB: 35.97608695652174
branching on 1 with b.
8      6      6          0.1500     35.9761    23884.0580 % 
UB: 35.97608695652174
branching on CartesianIndex(2, 1) with a.
9      7      7          0.1500     35.9761    23884.0580 % 
UB: 35.97608695652174
branching on 1 with b.
10     8      7          0.1500     35.9761    23884.0580 % 
UB: 35.97608695652174
branching on CartesianIndex(1, 2) with a.
11     9      6          0.1500     35.9761    23884.0580 % 
UB: 35.97608695652174
branching on 1 with b.
12     10     5          0.1500     35.9761    23884.0580 % 
UB: 35.97608695652174
branching on 1 with b.
13     11     8          3.1355     35.9761    1047.3769  % 
LB close or above UB, fathomed
14     10     8          3.1355     35.9761    1047.3769  % 
UB: 35.97608695652174
branching on CartesianIndex(3, 1) with a.
15     11     9          3.1355     35.9761    1047.3769  % 
UB: 35.97608695652174
branching on CartesianIndex(4, 1) with a.
16     12     10         3.1355     35.9761    1047.3769  % 
UB: 35.97608695652174
branching on 2 with b.
17     13     11         3.1355     35.9761    1047.3769  % 
UB: 35.97608695652174
branching on 3 with b.
18     14     11         3.1355     35.9761    1047.3769  % 
UB: 35.97608695652174
branching on 3 with b.
19     15     10         3.1355     35.9761    1047.3769  % 
UB: 35.97608695652174
branching on CartesianIndex(1, 2) with a.
20     16     9          3.1355     35.9761    1047.3769  % 
LB close or above UB, fathomed
21     15     12         6.1210     35.9761    487.7471   % 
UB: 35.97608695652174
branching on CartesianIndex(5, 1) with a.
22     16     12         6.1210     35.9761    487.7471   % 
UB: 35.97608695652174
branching on CartesianIndex(5, 1) with a.
23     17     13         6.1210     35.9761    487.7471   % 
UB: 35.97608695652174
branching on CartesianIndex(6, 1) with a.
24     18     13         6.1210     35.9761    487.7471   % 
UB: 35.97608695652174
branching on CartesianIndex(1, 2) with a.
25     19     13         9.1065     35.9761    295.0585   % 
UB: 35.97608695652174
branching on CartesianIndex(6, 1) with a.
26     20     13         9.1065     35.9761    295.0585   % 
UB: 35.97608695652174
branching on 1 with b.
27     21     14         12.0920    35.9761    197.5190   % 
UB: 35.97608695652174
branching on CartesianIndex(2, 2) with a.
28     22     15         12.0920    35.9761    197.5190   % 
UB: 35.97608695652174
branching on 1 with b.
29     23     16         12.0920    35.9761    197.5190   % 
UB: 35.97608695652174
branching on CartesianIndex(3, 2) with a.
30     24     16         12.0920    35.9761    197.5190   % 
UB: 35.97608695652174
branching on CartesianIndex(3, 2) with a.
31     25     17         12.0920    35.9761    197.5190   % 
UB: 35.97608695652174
branching on CartesianIndex(4, 2) with a.
32     26     17         12.0920    35.9761    197.5190   % 
LB close or above UB, fathomed
33     25     15         12.0920    35.9761    197.5190   % 
UB: 35.97608695652174
branching on CartesianIndex(1, 3) with a.
34     26     14         12.0920    35.9761    197.5190   % 
UB: 35.97608695652174
branching on CartesianIndex(1, 3) with a.
35     27     14         12.0920    35.9761    197.5190   % 
UB: 35.97608695652174
branching on CartesianIndex(1, 2) with a.
36     28     15         12.0920    35.9761    197.5190   % 
UB: 35.97608695652174
branching on CartesianIndex(2, 2) with a.
37     29     16         12.0920    35.9761    197.5190   % 
UB: 35.97608695652174
branching on CartesianIndex(3, 2) with a.
38     30     16         12.0920    35.9761    197.5190   % 
UB: 35.97608695652174
branching on CartesianIndex(1, 3) with a.
39     31     15         12.0920    35.9761    197.5190   % 
UB: 35.97608695652174
branching on CartesianIndex(1, 3) with a.
40     32     14         12.0920    35.9761    197.5190   % 
LB close or above UB, fathomed
41     31     11         12.0920    35.9761    197.5190   % 
UB: 35.97608695652174
branching on 2 with b.
42     32     12         12.0920    35.9761    197.5190   % 
UB: 35.97608695652174
branching on 3 with b.
43     33     12         12.0920    35.9761    197.5190   % 
UB: 35.97608695652174
branching on 3 with b.
44     34     11         12.0920    35.9761    197.5190   % 
UB: 35.97608695652174
branching on 2 with b.
45     35     6          12.0920    35.9761    197.5190   % 
UB: 35.97608695652174
branching on CartesianIndex(1, 2) with a.
46     36     7          12.0920    35.9761    197.5190   % 
UB: 35.97608695652174
branching on 1 with b.
47     37     8          12.0920    35.9761    197.5190   % 
UB: 35.97608695652174
branching on 2 with b.
48     38     8          12.0920    35.9761    197.5190   % 
UB: 35.97608695652174
branching on 2 with b.
49     39     9          12.0920    35.9761    197.5190   % 
UB: 35.97608695652174
branching on CartesianIndex(2, 2) with a.
50     40     10         12.0920    35.9761    197.5190   % 
UB: 35.97608695652174
branching on 3 with b.
51     41     11         12.0920    35.9761    197.5190   % 
UB: 35.97608695652174
branching on CartesianIndex(3, 2) with a.
52     42     12         12.0920    35.9761    197.5190   % 
UB: 35.97608695652174
branching on CartesianIndex(4, 2) with a.
53     43     12         12.0920    35.9761    197.5190   % 
LB close or above UB, fathomed
54     42     11         12.0920    35.9761    197.5190   % 
UB: 35.97608695652174
branching on CartesianIndex(3, 2) with a.
55     43     12         12.0920    35.9761    197.5190   % 
UB: 35.97608695652174
branching on CartesianIndex(4, 2) with a.
56     44     13         12.0920    35.9761    197.5190   % 
UB: 35.97608695652174
branching on CartesianIndex(5, 2) with a.
57     45     14         12.0920    35.9761    197.5190   % 
UB: 35.97608695652174
branching on CartesianIndex(6, 2) with a.
58     46     15         12.0920    35.9761    197.5190   % 
UB: 35.97608695652174
branching on CartesianIndex(1, 3) with a.
59     47     15         12.0920    35.9761    197.5190   % 
UB: 35.97608695652173
branching on CartesianIndex(1, 3) with a.
60     48     14         12.0920    35.9761    197.5190   % 
UB: 35.97608695652173
branching on 1 with b.
61     49     13         12.0920    35.9761    197.5190   % 
UB: 35.97608695652173
branching on CartesianIndex(1, 3) with a.
62     50     12         12.0920    35.9761    197.5190   % 
UB: 35.97608695652173
branching on CartesianIndex(1, 3) with a.
63     51     10         12.0920    35.9761    197.5190   % 
UB: 35.97608695652173
branching on 3 with b.
64     52     9          12.0920    35.9761    197.5190   % 
UB: 35.97608695652173
branching on 3 with b.
65     53     7          12.0920    35.9761    197.5190   % 
UB: 35.97608695652173
branching on 1 with b.
66     54     6          12.0920    35.9761    197.5190   % 
UB: 35.97608695652173
branching on CartesianIndex(1, 2) with a.
67     55     8          12.0920    35.9761    197.5190   % 
UB: 35.97608695652173
branching on 1 with b.
68     56     9          12.0920    35.9761    197.5190   % 
UB: 35.97608695652173
branching on 2 with b.
69     57     9          12.0920    35.9761    197.5190   % 
UB: 35.97608695652173
branching on CartesianIndex(2, 2) with a.
70     58     10         12.0920    35.9761    197.5190   % 
UB: 35.97608695652173
branching on CartesianIndex(3, 2) with a.
71     59     11         12.0920    35.9761    197.5190   % 
UB: 35.97608695652173
branching on CartesianIndex(4, 2) with a.
72     60     12         12.0920    35.9761    197.5190   % 
UB: 35.97608695652173
branching on 2 with b.
73     61     13         12.0920    35.9761    197.5190   % 
UB: 35.97608695652173
branching on CartesianIndex(5, 2) with a.
74     62     14         12.0920    35.9761    197.5190   % 
UB: 35.97608695652173
branching on CartesianIndex(6, 2) with a.
75     63     15         12.0920    35.9761    197.5190   % 
UB: 35.97608695652173
branching on 3 with b.
76     64     16         12.0920    35.9761    197.5190   % 
UB: 35.97608695652173
branching on CartesianIndex(1, 3) with a.
77     65     16         12.0920    35.9761    197.5190   % 
UB: 32.99057971014493
branching on CartesianIndex(1, 3) with a.
78     66     15         12.0920    32.9906    172.8291   % 
UB: 32.99057971014493
branching on CartesianIndex(1, 3) with a.
79     65     14         12.0920    32.9906    172.8291   % 
UB: 32.99057971014493
branching on 3 with b.
80     66     13         12.0920    32.9906    172.8291   % 
UB: 32.99057971014493
branching on CartesianIndex(5, 2) with a.
81     67     12         12.0920    32.9906    172.8291   % 
UB: 32.99057971014493
branching on 2 with b.
82     68     11         12.0920    32.9906    172.8291   % 
UB: 32.99057971014493
branching on CartesianIndex(1, 3) with a.
83     69     10         12.0920    32.9906    172.8291   % 
UB: 32.99057971014493
branching on 2 with b.
84     70     8          12.0920    32.9906    172.8291   % 
UB: 32.99057971014493
branching on 1 with b.
85     71     14         13.4782    32.9906    144.7707   % 
UB: 32.99057971014493
branching on CartesianIndex(1, 2) with a.
86     72     14         13.4782    32.9906    144.7707   % 
LB close or above UB, fathomed
87     71     15         15.0775    32.9906    118.8062   % 
UB: 32.99057971014493
branching on CartesianIndex(2, 2) with a.
88     72     16         15.0775    32.9906    118.8062   % 
UB: 32.99057971014493
branching on 1 with b.
89     73     16         15.0775    32.9906    118.8062   % 
UB: 32.99057971014493
branching on 1 with b.
90     74     15         15.0775    32.9906    118.8062   % 
UB: 32.99057971014493
branching on 1 with b.
91     75     17         15.0775    32.9906    118.8062   % 
UB: 32.99057971014493
branching on CartesianIndex(2, 3) with a.
92     76     18         15.0775    32.9906    118.8062   % 
UB: 32.99057971014493
branching on CartesianIndex(3, 3) with a.
93     77     19         15.0775    32.9906    118.8062   % 
UB: 32.99057971014493
branching on CartesianIndex(4, 3) with a.
94     78     20         15.0775    32.9906    118.8062   % 
UB: 32.99057971014493
branching on CartesianIndex(5, 3) with a.
95     79     21         15.0775    32.9906    118.8062   % 
UB: 32.99057971014493
branching on 1 with b.
96     80     22         15.0775    32.9906    118.8062   % 
UB: 32.99057971014493
branching on CartesianIndex(6, 3) with a.
97     81     23         15.0775    32.9906    118.8062   % 
UB: 32.99057971014493
branching on CartesianIndex(1, 4) with c.
98     82     24         15.0775    32.9906    118.8062   % 
LB close or above UB, fathomed
99     81     24         15.0775    32.9906    118.8062   % 
UB: 32.99057971014493
branching on CartesianIndex(1, 5) with c.
100    82     23         15.0775    32.9906    118.8062   % 
LB close or above UB, fathomed
101    81     22         15.0775    32.9906    118.8062   % 
LB close or above UB, fathomed
102    80     21         15.0775    32.9906    118.8062   % 
LB close or above UB, fathomed
103    79     20         15.0775    32.9906    118.8062   % 
UB: 32.99057971014493
branching on CartesianIndex(1, 4) with c.
104    80     19         15.0775    32.9906    118.8062   % 
LB close or above UB, fathomed
105    79     18         15.0775    32.9906    118.8062   % 
UB: 32.99057971014493
branching on CartesianIndex(1, 4) with c.
106    80     17         15.0775    32.9906    118.8062   % 
UB: 32.99057971014493
branching on CartesianIndex(1, 4) with c.
107    81     16         15.0775    32.9906    118.8062   % 
UB: 32.99057971014493
branching on CartesianIndex(2, 3) with a.
108    82     17         15.0775    32.9906    118.8062   % 
UB: 32.99057971014493
branching on CartesianIndex(3, 3) with a.
109    83     18         15.0775    32.9906    118.8062   % 
UB: 32.99057971014493
branching on CartesianIndex(4, 3) with a.
110    84     19         15.0775    32.9906    118.8062   % 
UB: 32.99057971014493
branching on CartesianIndex(5, 3) with a.
111    85     20         15.0775    32.9906    118.8062   % 
UB: 32.99057971014493
branching on CartesianIndex(6, 3) with a.
112    86     21         15.0775    32.9906    118.8062   % 
UB: 32.99057971014493
branching on CartesianIndex(1, 4) with c.
113    87     22         15.0775    32.9906    118.8062   % 
LB close or above UB, fathomed
114    86     22         15.0775    32.9906    118.8062   % 
UB: 27.019565217391303
branching on 1 with b.
115    87     23         15.0775    27.0196    79.2041    % 
UB: 27.019565217391303
branching on 2 with b.
116    60     24         15.0775    27.0196    79.2041    % 
UB: 27.019565217391303
branching on CartesianIndex(1, 5) with c.
117    61     25         15.0775    27.0196    79.2041    % 
UB: 27.019565217391303
branching on CartesianIndex(2, 5) with c.
118    62     26         15.0775    27.0196    79.2041    % 
UB: 27.019565217391303
branching on 3 with b.
119    63     27         15.0775    27.0196    79.2041    % 
UB: 27.019565217391303
branching on CartesianIndex(1, 6) with c.
120    64     28         15.0775    27.0196    79.2041    % 
LB close or above UB, fathomed
121    63     28         15.0775    27.0196    79.2041    % 
UB: 27.019565217391303
branching on CartesianIndex(1, 7) with c.
122    64     29         15.0775    27.0196    79.2041    % 
UB: 27.019565217391303
branching on CartesianIndex(2, 7) with c.
123    65     30         15.0775    27.0196    79.2041    % 
LB close or above UB, fathomed
124    64     30         15.0775    27.0196    79.2041    % 
UB: 27.019565217391303
branching on 1 with b.
125    65     31         15.0775    27.0196    79.2041    % 
UB: 27.019565217391303
branching on 2 with b.
126    66     31         15.0775    27.0196    79.2041    % 
LB close or above UB, fathomed
127    65     29         15.0775    27.0196    79.2041    % 
LB close or above UB, fathomed
128    64     27         15.0775    27.0196    79.2041    % 
LB close or above UB, fathomed
129    63     26         15.0775    27.0196    79.2041    % 
LB close or above UB, fathomed
130    62     25         15.0775    27.0196    79.2041    % 
LB close or above UB, fathomed
131    61     24         15.0775    27.0196    79.2041    % 
LB close or above UB, fathomed
132    60     23         15.0775    27.0196    79.2041    % 
LB close or above UB, fathomed
133    59     21         15.0775    27.0196    79.2041    % 
LB close or above UB, fathomed
134    58     20         15.0775    27.0196    79.2041    % 
LB close or above UB, fathomed
135    57     19         15.0775    27.0196    79.2041    % 
LB close or above UB, fathomed
136    56     18         15.0775    27.0196    79.2041    % 
LB close or above UB, fathomed
137    55     17         15.0775    27.0196    79.2041    % 
UB: 27.019565217391303
branching on CartesianIndex(1, 4) with c.
138    56     18         15.0775    27.0196    79.2041    % 
LB close or above UB, fathomed
139    55     18         15.0775    27.0196    79.2041    % 
UB: 27.019565217391303
branching on CartesianIndex(1, 5) with c.
140    56     19         15.0775    27.0196    79.2041    % 
UB: 27.019565217391303
branching on CartesianIndex(2, 5) with c.
141    57     20         15.0775    27.0196    79.2041    % 
UB: 27.019565217391303
branching on CartesianIndex(1, 6) with c.
142    58     21         15.0775    27.0196    79.2041    % 
LB close or above UB, fathomed
143    57     21         15.0775    27.0196    79.2041    % 
UB: 27.019565217391303
branching on CartesianIndex(1, 7) with c.
144    58     22         15.0775    27.0196    79.2041    % 
UB: 27.019565217391303
branching on CartesianIndex(2, 7) with c.
145    59     23         15.0775    27.0196    79.2041    % 
LB close or above UB, fathomed
146    58     23         15.0775    27.0196    79.2041    % 
UB: 27.019565217391303
branching on 1 with b.
147    59     24         15.0775    27.0196    79.2041    % 
UB: 27.019565217391303
branching on 2 with b.
148    60     25         15.0775    27.0196    79.2041    % 
UB: 27.019565217391303
branching on 3 with b.
149    61     26         15.0775    27.0196    79.2041    % 
UB: 27.019565217391303
branching on 1 with b.
150    62     27         15.0775    27.0196    79.2041    % 
UB: 27.019565217391303
branching on 2 with b.
151    63     27         15.0775    27.0196    79.2041    % 
LB close or above UB, fathomed
152    62     26         15.0775    27.0196    79.2041    % 
LB close or above UB, fathomed
153    61     25         15.0775    27.0196    79.2041    % 
LB close or above UB, fathomed
154    60     24         15.0775    27.0196    79.2041    % 
LB close or above UB, fathomed
155    59     22         15.0775    27.0196    79.2041    % 
LB close or above UB, fathomed
156    58     20         15.0775    27.0196    79.2041    % 
LB close or above UB, fathomed
157    57     19         15.0775    27.0196    79.2041    % 
LB close or above UB, fathomed
158    56     16         15.0775    27.0196    79.2041    % 
UB: 27.019565217391303
branching on CartesianIndex(1, 4) with c.
159    57     13         15.0775    27.0196    79.2041    % 
UB: 27.019565217391303
branching on 1 with b.
160    58     13         15.0775    27.0196    79.2041    % 
UB: 27.019565217391303
branching on 1 with b.
161    59     14         15.0775    27.0196    79.2041    % 
UB: 27.019565217391303
branching on CartesianIndex(2, 2) with a.
162    60     15         15.0775    27.0196    79.2041    % 
UB: 27.019565217391303
branching on CartesianIndex(3, 2) with a.
163    61     15         15.0775    27.0196    79.2041    % 
LB close or above UB, fathomed
164    60     14         15.0775    27.0196    79.2041    % 
UB: 27.019565217391303
branching on CartesianIndex(2, 2) with a.
165    61     15         15.0775    27.0196    79.2041    % 
UB: 27.019565217391303
branching on CartesianIndex(3, 2) with a.
166    62     15         15.0775    27.0196    79.2041    % 
LB close or above UB, fathomed
167    61     17         15.0775    27.0196    79.2041    % 
UB: 27.019565217391303
branching on CartesianIndex(4, 2) with a.
168    62     17         15.0775    27.0196    79.2041    % 
LB close or above UB, fathomed
169    61     7          15.0775    27.0196    79.2041    % 
UB: 27.019565217391303
branching on CartesianIndex(2, 1) with a.
170    62     8          15.0775    27.0196    79.2041    % 
UB: 27.019565217391303
branching on 2 with b.
171    63     9          15.0775    27.0196    79.2041    % 
UB: 27.019565217391303
branching on CartesianIndex(3, 1) with a.
172    64     10         15.0775    27.0196    79.2041    % 
UB: 27.019565217391303
branching on CartesianIndex(4, 1) with a.
173    65     11         15.0775    27.0196    79.2041    % 
UB: 27.019565217391303
branching on CartesianIndex(5, 1) with a.
174    66     12         15.0775    27.0196    79.2041    % 
UB: 27.019565217391303
branching on 3 with b.
175    67     13         15.0775    27.0196    79.2041    % 
UB: 27.019565217391303
branching on 1 with b.
176    68     14         15.0775    27.0196    79.2041    % 
UB: 27.019565217391303
branching on CartesianIndex(6, 1) with a.
177    69     15         15.0775    27.0196    79.2041    % 
UB: 27.019565217391303
branching on 2 with b.
178    70     16         15.0775    27.0196    79.2041    % 
LB close or above UB, fathomed
179    69     16         15.0775    27.0196    79.2041    % 
UB: 27.019565217391303
branching on CartesianIndex(1, 2) with a.
180    70     17         15.0775    27.0196    79.2041    % 
UB: 27.019565217391303
branching on CartesianIndex(2, 2) with a.
181    71     18         15.0775    27.0196    79.2041    % 
UB: 27.019565217391303
branching on CartesianIndex(3, 2) with a.
182    72     18         15.0775    27.0196    79.2041    % 
LB close or above UB, fathomed
183    71     17         15.0775    27.0196    79.2041    % 
LB close or above UB, fathomed
184    70     15         15.0775    27.0196    79.2041    % 
LB close or above UB, fathomed
185    69     14         15.0775    27.0196    79.2041    % 
UB: 27.019565217391303
branching on 2 with b.
186    70     13         15.0775    27.0196    79.2041    % 
UB: 27.019565217391303
branching on 1 with b.
187    71     14         15.0775    27.0196    79.2041    % 
UB: 27.019565217391303
branching on CartesianIndex(6, 1) with a.
188    72     14         15.0775    27.0196    79.2041    % 
UB: 27.019565217391303
branching on CartesianIndex(6, 1) with a.
189    73     12         15.0775    27.0196    79.2041    % 
LB close or above UB, fathomed
190    72     11         15.0775    27.0196    79.2041    % 
UB: 27.019565217391303
branching on CartesianIndex(1, 2) with a.
191    73     10         15.0775    27.0196    79.2041    % 
LB close or above UB, fathomed
192    72     9          15.0775    27.0196    79.2041    % 
LB close or above UB, fathomed
193    71     8          15.0775    27.0196    79.2041    % 
UB: 27.019565217391303
branching on 2 with b.
194    72     7          15.0775    27.0196    79.2041    % 
LB close or above UB, fathomed
195    71     28         15.0775    27.0196    79.2041    % 
UB: 27.019565217391303
branching on 3 with b.
196    72     28         15.0775    27.0196    79.2041    % 
UB: 27.019565217391303
branching on 3 with b.
197    73     29         15.0775    27.0196    79.2041    % 
UB: 27.019565217391303
branching on 1 with b.
198    74     30         15.0775    27.0196    79.2041    % 
UB: 27.019565217391303
branching on 2 with b.
199    75     31         15.0775    27.0196    79.2041    % 
UB: 27.019565217391303
branching on 3 with b.
200    76     32         15.0775    27.0196    79.2041    % 
UB: 27.019565217391303
branching on 1 with b.
201    77     32         15.0775    27.0196    79.2041    % 
UB: 27.019565217391303
branching on 1 with b.
202    78     31         15.0775    27.0196    79.2041    % 
UB: 27.019565217391303
branching on 3 with b.
203    79     30         15.0775    27.0196    79.2041    % 
UB: 27.019565217391303
branching on 2 with b.
204    80     29         15.0775    27.0196    79.2041    % 
LB close or above UB, fathomed
205    79     25         15.0775    27.0196    79.2041    % 
UB: 27.019565217391303
branching on CartesianIndex(2, 5) with c.
206    80     25         15.0775    27.0196    79.2041    % 
LB close or above UB, fathomed
207    79     16         15.0775    27.0196    79.2041    % 
UB: 27.019565217391303
branching on 3 with b.
208    80     17         15.0775    27.0196    79.2041    % 
UB: 27.019565217391303
branching on CartesianIndex(2, 3) with a.
209    81     17         15.0775    27.0196    79.2041    % 
UB: 27.019565217391303
branching on 1 with b.
210    82     18         15.0775    27.0196    79.2041    % 
UB: 27.019565217391303
branching on CartesianIndex(2, 3) with a.
211    83     19         15.0775    27.0196    79.2041    % 
UB: 27.019565217391303
branching on CartesianIndex(3, 3) with a.
212    84     20         15.0775    27.0196    79.2041    % 
UB: 27.019565217391303
branching on 2 with b.
213    85     21         15.0775    27.0196    79.2041    % 
UB: 27.019565217391303
branching on CartesianIndex(4, 3) with a.
214    86     21         15.0775    27.0196    79.2041    % 
UB: 27.019565217391303
branching on CartesianIndex(4, 3) with a.
215    87     20         15.0775    27.0196    79.2041    % 
LB close or above UB, fathomed
216    86     19         15.0775    27.0196    79.2041    % 
UB: 27.019565217391303
branching on CartesianIndex(1, 4) with c.
217    87     20         15.0775    27.0196    79.2041    % 
LB close or above UB, fathomed
218    86     20         15.0775    27.0196    79.2041    % 
UB: 27.019565217391303
branching on CartesianIndex(1, 5) with c.
219    87     21         15.0775    27.0196    79.2041    % 
UB: 27.019565217391303
branching on CartesianIndex(2, 5) with c.
220    88     22         15.0775    27.0196    79.2041    % 
UB: 27.019565217391303
branching on CartesianIndex(1, 6) with c.
221    89     23         15.0775    27.0196    79.2041    % 
LB close or above UB, fathomed
222    88     23         15.0775    27.0196    79.2041    % 
UB: 27.019565217391303
branching on CartesianIndex(1, 7) with c.
223    89     24         15.0775    27.0196    79.2041    % 
UB: 27.019565217391303
branching on CartesianIndex(2, 7) with c.
224    90     25         15.0775    27.0196    79.2041    % 
LB close or above UB, fathomed
225    89     25         15.0775    27.0196    79.2041    % 
UB: 27.019565217391303
branching on 2 with b.
226    90     26         15.0775    27.0196    79.2041    % 
UB: 27.019565217391303
branching on 3 with b.
227    91     26         15.0775    27.0196    79.2041    % 
UB: 27.019565217391303
branching on 3 with b.
228    92     24         15.0775    27.0196    79.2041    % 
LB close or above UB, fathomed
229    91     22         15.0775    27.0196    79.2041    % 
LB close or above UB, fathomed
230    90     21         15.0775    27.0196    79.2041    % 
LB close or above UB, fathomed
231    89     18         15.0775    27.0196    79.2041    % 
LB close or above UB, fathomed
232    88     16         15.0775    27.0196    79.2041    % 
UB: 27.019565217391303
branching on 3 with b.
233    89     16         15.0775    27.0196    79.2041    % 
UB: 27.019565217391303
branching on 1 with b.
234    90     17         15.0775    27.0196    79.2041    % 
UB: 27.019565217391303
branching on CartesianIndex(2, 3) with a.
235    91     18         15.0775    27.0196    79.2041    % 
UB: 27.019565217391303
branching on CartesianIndex(3, 3) with a.
236    92     19         15.0775    27.0196    79.2041    % 
UB: 27.019565217391303
branching on CartesianIndex(4, 3) with a.
237    93     20         15.0775    27.0196    79.2041    % 
UB: 27.019565217391303
branching on CartesianIndex(5, 3) with a.
238    94     21         15.0775    27.0196    79.2041    % 
UB: 27.019565217391303
branching on 2 with b.
239    95     21         15.0775    27.0196    79.2041    % 
LB close or above UB, fathomed
240    94     20         15.0775    27.0196    79.2041    % 
LB close or above UB, fathomed
241    93     19         15.0775    27.0196    79.2041    % 
LB close or above UB, fathomed
242    92     18         15.0775    27.0196    79.2041    % 
UB: 27.019565217391303
branching on CartesianIndex(1, 4) with c.
243    93     17         15.0775    27.0196    79.2041    % 
LB close or above UB, fathomed
244    92     16         15.0775    27.0196    79.2041    % 
UB: 27.019565217391303
branching on CartesianIndex(1, 4) with c.
245    93     22         15.0775    27.0196    79.2041    % 
UB: 27.019565217391303
branching on 3 with b.
246    94     22         15.0775    27.0196    79.2041    % 
UB: 27.019565217391303
branching on 3 with b.
247    95     32         15.0775    27.0196    79.2041    % 
UB: 27.019565217391303
branching on 3 with b.
248    96     32         15.0775    27.0196    79.2041    % 
UB: 27.019565217391303
branching on 3 with b.
249    97     33         15.0775    27.0196    79.2041    % 
UB: 27.019565217391303
branching on 1 with b.
250    98     34         15.0775    27.0196    79.2041    % 
UB: 27.019565217391303
branching on 2 with b.
251    99     35         15.0775    27.0196    79.2041    % 
UB: 24.03405797101449
branching on 3 with b.
252    100    36         15.0775    24.0341    59.4031    % 
UB: 24.03405797101449
branching on 1 with b.
253    65     37         15.0775    24.0341    59.4031    % 
LB close or above UB, fathomed
254    64     37         15.0775    24.0341    59.4031    % 
UB: 24.03405797101449
branching on 2 with b.
255    65     38         15.0775    24.0341    59.4031    % 
LB close or above UB, fathomed
256    64     38         15.0775    24.0341    59.4031    % 
UB: 24.03405797101449
branching on 3 with b.
257    65     36         15.0775    24.0341    59.4031    % 
UB: 24.03405797101449
branching on 1 with b.
258    66     37         15.0775    24.0341    59.4031    % 
LB close or above UB, fathomed
259    65     37         15.0775    24.0341    59.4031    % 
UB: 24.03405797101449
branching on 2 with b.
260    66     38         15.0775    24.0341    59.4031    % 
LB close or above UB, fathomed
261    65     38         15.0775    24.0341    59.4031    % 
UB: 24.03405797101449
branching on 3 with b.
262    66     35         15.0775    24.0341    59.4031    % 
LB close or above UB, fathomed
263    65     34         15.0775    24.0341    59.4031    % 
UB: 24.03405797101449
branching on 2 with b.
264    66     33         15.0775    24.0341    59.4031    % 
LB close or above UB, fathomed
265    65     19         15.0775    24.0341    59.4031    % 
LB close or above UB, fathomed
266    64     19         15.0775    24.0341    59.4031    % 
UB: 24.03405797101449
branching on 1 with b.
267    65     20         15.0775    24.0341    59.4031    % 
UB: 24.03405797101449
branching on CartesianIndex(1, 5) with c.
268    66     21         15.0775    24.0341    59.4031    % 
UB: 24.03405797101449
branching on 2 with b.
269    67     22         15.0775    24.0341    59.4031    % 
UB: 24.03405797101449
branching on CartesianIndex(2, 5) with c.
270    68     22         15.0775    24.0341    59.4031    % 
LB close or above UB, fathomed
271    67     21         15.0775    24.0341    59.4031    % 
LB close or above UB, fathomed
272    66     20         15.0775    24.0341    59.4031    % 
LB close or above UB, fathomed
273    65     22         15.0775    24.0341    59.4031    % 
UB: 24.03405797101449
branching on CartesianIndex(5, 3) with a.
274    66     23         15.0775    24.0341    59.4031    % 
UB: 24.03405797101449
branching on CartesianIndex(6, 3) with a.
275    67     23         15.0775    24.0341    59.4031    % 
LB close or above UB, fathomed
276    66     22         15.0775    24.0341    59.4031    % 
LB close or above UB, fathomed
277    65     26         15.0775    24.0341    59.4031    % 
UB: 24.03405797101449
branching on 2 with b.
278    66     27         15.0775    24.0341    59.4031    % 
UB: 24.03405797101449
branching on 3 with b.
279    67     28         15.0775    24.0341    59.4031    % 
UB: 24.03405797101449
branching on CartesianIndex(1, 6) with c.
280    68     29         15.0775    24.0341    59.4031    % 
LB close or above UB, fathomed
281    67     29         15.0775    24.0341    59.4031    % 
UB: 24.03405797101449
branching on CartesianIndex(1, 7) with c.
282    68     30         15.0775    24.0341    59.4031    % 
UB: 24.03405797101449
branching on CartesianIndex(2, 7) with c.
283    69     31         15.0775    24.0341    59.4031    % 
LB close or above UB, fathomed
284    68     31         15.0775    24.0341    59.4031    % 
UB: 24.03405797101449
branching on 1 with b.
285    69     32         15.0775    24.0341    59.4031    % 
UB: 24.03405797101449
branching on 2 with b.
286    70     33         15.0775    24.0341    59.4031    % 
LB close or above UB, fathomed
287    69     33         15.0775    24.0341    59.4031    % 
UB: 24.03405797101449
branching on 3 with b.
288    70     34         15.0775    24.0341    59.4031    % 
UB: 24.03405797101449
branching on 1 with b.
289    71     35         15.0775    24.0341    59.4031    % 
UB: 24.03405797101449
branching on 2 with b.
290    72     35         15.0775    24.0341    59.4031    % 
UB: 24.03405797101449
branching on 2 with b.
291    73     36         15.0775    24.0341    59.4031    % 
UB: 24.03405797101449
branching on 3 with b.
292    74     37         15.0775    24.0341    59.4031    % 
UB: 24.03405797101449
branching on 1 with b.
293    75     38         15.0775    24.0341    59.4031    % 
UB: 24.03405797101449
branching on 2 with b.
294    76     39         15.0775    24.0341    59.4031    % 
LB close or above UB, fathomed
295    75     39         15.0775    24.0341    59.4031    % 
UB: 24.03405797101449
branching on 3 with b.
296    76     38         15.0775    24.0341    59.4031    % 
UB: 24.03405797101449
branching on 2 with b.
297    77     37         15.0775    24.0341    59.4031    % 
UB: 24.03405797101449
branching on 1 with b.
298    78     38         15.0775    24.0341    59.4031    % 
UB: 24.03405797101449
branching on 2 with b.
299    79     39         15.0775    24.0341    59.4031    % 
LB close or above UB, fathomed
300    78     39         15.0775    24.0341    59.4031    % 
UB: 24.03405797101449
branching on 3 with b.
301    79     38         15.0775    24.0341    59.4031    % 
UB: 24.03405797101449
branching on 2 with b.
302    80     36         15.0775    24.0341    59.4031    % 
LB close or above UB, fathomed
303    79     34         15.0775    24.0341    59.4031    % 
LB close or above UB, fathomed
304    78     32         15.0775    24.0341    59.4031    % 
LB close or above UB, fathomed
305    77     30         15.0775    24.0341    59.4031    % 
LB close or above UB, fathomed
306    76     28         15.0775    24.0341    59.4031    % 
LB close or above UB, fathomed
307    75     27         15.0775    24.0341    59.4031    % 
LB close or above UB, fathomed
308    74     26         15.0775    24.0341    59.4031    % 
LB close or above UB, fathomed
309    73     24         15.0775    24.0341    59.4031    % 
UB: 24.03405797101449
branching on CartesianIndex(1, 4) with c.
310    74     25         15.0775    24.0341    59.4031    % 
LB close or above UB, fathomed
311    73     25         15.0775    24.0341    59.4031    % 
UB: 24.03405797101449
branching on CartesianIndex(1, 5) with c.
312    74     24         15.0775    24.0341    59.4031    % 
LB close or above UB, fathomed
313    73     23         15.0775    24.0341    59.4031    % 
UB: 24.03405797101449
branching on 3 with b.
314    74     24         15.0775    24.0341    59.4031    % 
UB: 24.03405797101449
branching on 1 with b.
315    75     25         15.0775    24.0341    59.4031    % 
UB: 24.03405797101449
branching on 2 with b.
316    76     26         15.0775    24.0341    59.4031    % 
LB close or above UB, fathomed
317    75     26         15.0775    24.0341    59.4031    % 
UB: 24.03405797101449
branching on CartesianIndex(1, 6) with c.
318    76     27         15.0775    24.0341    59.4031    % 
LB close or above UB, fathomed
319    75     27         15.0775    24.0341    59.4031    % 
UB: 24.03405797101449
branching on CartesianIndex(1, 7) with c.
320    76     28         15.0775    24.0341    59.4031    % 
UB: 24.03405797101449
branching on CartesianIndex(2, 7) with c.
321    77     29         15.0775    24.0341    59.4031    % 
LB close or above UB, fathomed
322    76     29         15.0775    24.0341    59.4031    % 
UB: 24.03405797101449
branching on 3 with b.
323    77     30         15.0775    24.0341    59.4031    % 
UB: 24.03405797101449
branching on 1 with b.
324    78     31         15.0775    24.0341    59.4031    % 
UB: 24.03405797101449
branching on 2 with b.
325    79     31         15.0775    24.0341    59.4031    % 
UB: 24.03405797101449
branching on 2 with b.
326    80     32         15.0775    24.0341    59.4031    % 
UB: 24.03405797101449
branching on 3 with b.
327    81     33         15.0775    24.0341    59.4031    % 
LB close or above UB, fathomed
328    80     33         15.0775    24.0341    59.4031    % 
LB close or above UB, fathomed
329    79     32         15.0775    24.0341    59.4031    % 
LB close or above UB, fathomed
330    78     30         15.0775    24.0341    59.4031    % 
LB close or above UB, fathomed
331    77     28         15.0775    24.0341    59.4031    % 
LB close or above UB, fathomed
332    76     25         15.0775    24.0341    59.4031    % 
LB close or above UB, fathomed
333    75     24         15.0775    24.0341    59.4031    % 
LB close or above UB, fathomed
334    74     23         15.0775    24.0341    59.4031    % 
LB close or above UB, fathomed
335    73     19         15.0775    24.0341    59.4031    % 
LB close or above UB, fathomed
336    72     19         15.0775    24.0341    59.4031    % 
UB: 24.03405797101449
branching on CartesianIndex(1, 5) with c.
337    73     20         15.0775    24.0341    59.4031    % 
UB: 24.03405797101449
branching on CartesianIndex(2, 5) with c.
338    74     21         15.0775    24.0341    59.4031    % 
UB: 24.03405797101449
branching on CartesianIndex(1, 6) with c.
339    75     22         15.0775    24.0341    59.4031    % 
LB close or above UB, fathomed
340    74     22         15.0775    24.0341    59.4031    % 
UB: 24.03405797101449
branching on CartesianIndex(1, 7) with c.
341    75     23         15.0775    24.0341    59.4031    % 
UB: 24.03405797101449
branching on CartesianIndex(2, 7) with c.
342    76     24         15.0775    24.0341    59.4031    % 
LB close or above UB, fathomed
343    75     24         15.0775    24.0341    59.4031    % 
UB: 24.03405797101449
branching on 2 with b.
344    76     25         15.0775    24.0341    59.4031    % 
UB: 24.03405797101449
branching on 3 with b.
345    77     25         15.0775    24.0341    59.4031    % 
UB: 24.03405797101449
branching on 3 with b.
346    78     23         15.0775    24.0341    59.4031    % 
LB close or above UB, fathomed
347    77     21         15.0775    24.0341    59.4031    % 
LB close or above UB, fathomed
348    76     20         15.0775    24.0341    59.4031    % 
LB close or above UB, fathomed
349    75     23         15.0775    24.0341    59.4031    % 
UB: 24.03405797101449
branching on CartesianIndex(6, 3) with a.
350    76     24         15.0775    24.0341    59.4031    % 
UB: 24.03405797101449
branching on 1 with b.
351    77     25         15.0775    24.0341    59.4031    % 
UB: 24.03405797101449
branching on CartesianIndex(1, 4) with c.
352    78     26         15.0775    24.0341    59.4031    % 
LB close or above UB, fathomed
353    77     26         15.0775    24.0341    59.4031    % 
UB: 24.03405797101449
branching on CartesianIndex(1, 5) with c.
354    78     25         15.0775    24.0341    59.4031    % 
UB: 24.03405797101449
branching on CartesianIndex(1, 4) with c.
355    79     24         15.0775    24.0341    59.4031    % 
LB close or above UB, fathomed
356    78     23         15.0775    24.0341    59.4031    % 
LB close or above UB, fathomed
357    77     5          18.0130    24.0341    33.4259    % 
UB: 24.03405797101449
branching on CartesianIndex(2, 1) with a.
358    78     6          18.0130    24.0341    33.4259    % 
UB: 24.03405797101449
branching on CartesianIndex(3, 1) with a.
359    79     7          18.0130    24.0341    33.4259    % 
UB: 24.03405797101449
branching on 1 with b.
360    80     8          18.0130    24.0341    33.4259    % 
UB: 24.03405797101449
branching on CartesianIndex(4, 1) with a.
361    81     9          18.0130    24.0341    33.4259    % 
UB: 24.03405797101449
branching on CartesianIndex(5, 1) with a.
362    82     10         18.0130    24.0341    33.4259    % 
UB: 24.03405797101449
branching on 1 with b.
363    83     10         18.0130    24.0341    33.4259    % 
LB close or above UB, fathomed
364    82     9          18.0130    24.0341    33.4259    % 
LB close or above UB, fathomed
365    81     8          18.0130    24.0341    33.4259    % 
UB: 24.03405797101449
branching on 1 with b.
366    82     9          18.0130    24.0341    33.4259    % 
UB: 24.03405797101449
branching on 2 with b.
367    83     10         18.0130    24.0341    33.4259    % 
UB: 24.03405797101449
branching on CartesianIndex(4, 1) with a.
368    84     11         18.0130    24.0341    33.4259    % 
UB: 24.03405797101449
branching on CartesianIndex(5, 1) with a.
369    85     12         18.0130    24.0341    33.4259    % 
UB: 24.03405797101449
branching on 1 with b.
370    86     13         18.0130    24.0341    33.4259    % 
UB: 24.03405797101449
branching on CartesianIndex(6, 1) with a.
371    87     14         18.0130    24.0341    33.4259    % 
UB: 24.03405797101449
branching on CartesianIndex(1, 2) with a.
372    88     15         18.0130    24.0341    33.4259    % 
UB: 24.03405797101449
branching on 2 with b.
373    89     16         18.0130    24.0341    33.4259    % 
LB close or above UB, fathomed
374    88     16         18.0130    24.0341    33.4259    % 
UB: 24.03405797101449
branching on CartesianIndex(2, 2) with a.
375    89     17         18.0130    24.0341    33.4259    % 
LB close or above UB, fathomed
376    88     17         18.0130    24.0341    33.4259    % 
LB close or above UB, fathomed
377    87     15         18.0130    24.0341    33.4259    % 
LB close or above UB, fathomed
378    86     14         18.0130    24.0341    33.4259    % 
LB close or above UB, fathomed
379    85     13         18.0130    24.0341    33.4259    % 
LB close or above UB, fathomed
380    84     12         18.0130    24.0341    33.4259    % 
LB close or above UB, fathomed
381    83     11         18.0130    24.0341    33.4259    % 
LB close or above UB, fathomed
382    82     10         18.0130    24.0341    33.4259    % 
LB close or above UB, fathomed
383    81     9          18.0130    24.0341    33.4259    % 
LB close or above UB, fathomed
384    80     7          18.0130    24.0341    33.4259    % 
LB close or above UB, fathomed
385    79     6          18.0130    24.0341    33.4259    % 
UB: 24.03405797101449
branching on 1 with b.
386    80     7          18.0130    24.0341    33.4259    % 
LB close or above UB, fathomed
387    79     7          18.0130    24.0341    33.4259    % 
UB: 24.03405797101449
branching on CartesianIndex(1, 2) with a.
388    80     8          18.0130    24.0341    33.4259    % 
UB: 24.03405797101449
branching on 1 with b.
389    81     9          18.0130    24.0341    33.4259    % 
UB: 24.03405797101449
branching on CartesianIndex(2, 2) with a.
390    82     10         18.0130    24.0341    33.4259    % 
LB close or above UB, fathomed
391    81     10         18.0130    24.0341    33.4259    % 
LB close or above UB, fathomed
392    80     9          18.0130    24.0341    33.4259    % 
LB close or above UB, fathomed
393    79     8          18.0130    24.0341    33.4259    % 
LB close or above UB, fathomed
394    78     5          18.0130    24.0341    33.4259    % 
LB close or above UB, fathomed
395    77     9          18.0630    24.0341    33.0565    % 
UB: 24.03405797101449
branching on CartesianIndex(1, 2) with a.
396    78     10         18.0630    24.0341    33.0565    % 
UB: 24.03405797101449
branching on CartesianIndex(2, 2) with a.
397    79     11         18.0630    24.0341    33.0565    % 
UB: 24.03405797101449
branching on 3 with b.
398    80     11         18.0630    24.0341    33.0565    % 
LB close or above UB, fathomed
399    79     10         18.0630    24.0341    33.0565    % 
LB close or above UB, fathomed
400    78     9          18.0630    24.0341    33.0565    % 
LB close or above UB, fathomed
401    77     15         18.0630    24.0341    33.0565    % 
UB: 24.03405797101449
branching on 2 with b.
402    78     16         18.0630    24.0341    33.0565    % 
LB close or above UB, fathomed
403    77     16         18.0630    24.0341    33.0565    % 
UB: 24.03405797101449
branching on CartesianIndex(1, 2) with a.
404    78     17         18.0630    24.0341    33.0565    % 
UB: 24.03405797101449
branching on CartesianIndex(2, 2) with a.
405    79     18         18.0630    24.0341    33.0565    % 
LB close or above UB, fathomed
406    78     18         18.0630    24.0341    33.0565    % 
LB close or above UB, fathomed
407    77     17         18.0630    24.0341    33.0565    % 
LB close or above UB, fathomed
408    76     15         18.0630    24.0341    33.0565    % 
LB close or above UB, fathomed
409    75     18         18.0630    24.0341    33.0565    % 
UB: 24.03405797101449
branching on CartesianIndex(5, 2) with a.
410    76     19         18.0630    24.0341    33.0565    % 
UB: 24.03405797101449
branching on CartesianIndex(6, 2) with a.
411    77     19         18.0630    24.0341    33.0565    % 
LB close or above UB, fathomed
412    76     18         18.0630    24.0341    33.0565    % 
LB close or above UB, fathomed
413    75     16         18.0630    24.0341    33.0565    % 
UB: 24.03405797101449
branching on 2 with b.
414    76     17         18.0630    24.0341    33.0565    % 
UB: 24.03405797101449
branching on CartesianIndex(4, 2) with a.
415    77     17         18.0630    24.0341    33.0565    % 
UB: 24.03405797101449
branching on CartesianIndex(4, 2) with a.
416    78     18         18.0630    24.0341    33.0565    % 
UB: 24.03405797101449
branching on 3 with b.
417    79     19         18.0630    24.0341    33.0565    % 
UB: 24.03405797101449
branching on CartesianIndex(5, 2) with a.
418    80     20         18.0630    24.0341    33.0565    % 
LB close or above UB, fathomed
419    79     20         18.0630    24.0341    33.0565    % 
LB close or above UB, fathomed
420    78     19         18.0630    24.0341    33.0565    % 
LB close or above UB, fathomed
421    77     18         18.0630    24.0341    33.0565    % 
LB close or above UB, fathomed
422    76     16         18.0630    24.0341    33.0565    % 
LB close or above UB, fathomed
423    75     14         18.0630    24.0341    33.0565    % 
UB: 24.03405797101449
branching on CartesianIndex(2, 2) with a.
424    76     15         18.0630    24.0341    33.0565    % 
UB: 24.03405797101449
branching on 2 with b.
425    77     15         18.0630    24.0341    33.0565    % 
LB close or above UB, fathomed
426    76     14         18.0630    24.0341    33.0565    % 
UB: 24.03405797101449
branching on 2 with b.
427    77     12         18.0630    24.0341    33.0565    % 
UB: 24.03405797101449
branching on CartesianIndex(2, 3) with a.
428    78     12         18.0630    24.0341    33.0565    % 
LB close or above UB, fathomed
429    77     13         18.0630    24.0341    33.0565    % 
UB: 24.03405797101449
branching on CartesianIndex(5, 2) with a.
430    78     14         18.0630    24.0341    33.0565    % 
UB: 24.03405797101449
branching on CartesianIndex(6, 2) with a.
431    79     15         18.0630    24.0341    33.0565    % 
LB close or above UB, fathomed
432    78     15         18.0630    24.0341    33.0565    % 
UB: 24.03405797101449
branching on CartesianIndex(1, 3) with a.
433    79     14         18.0630    24.0341    33.0565    % 
LB close or above UB, fathomed
434    78     13         18.0630    24.0341    33.0565    % 
LB close or above UB, fathomed
435    77     9          18.0630    24.0341    33.0565    % 
UB: 24.03405797101449
branching on CartesianIndex(2, 2) with a.
436    78     10         18.0630    24.0341    33.0565    % 
UB: 24.03405797101449
branching on 3 with b.
437    79     11         18.0630    24.0341    33.0565    % 
LB close or above UB, fathomed
438    78     11         18.0630    24.0341    33.0565    % 
UB: 24.03405797101449
branching on 1 with b.
439    79     12         18.0630    24.0341    33.0565    % 
LB close or above UB, fathomed
440    78     12         18.0630    24.0341    33.0565    % 
UB: 24.03405797101449
branching on CartesianIndex(3, 2) with a.
441    79     13         18.0630    24.0341    33.0565    % 
UB: 24.03405797101449
branching on CartesianIndex(4, 2) with a.
442    80     14         18.0630    24.0341    33.0565    % 
UB: 24.03405797101449
branching on CartesianIndex(5, 2) with a.
443    81     15         18.0630    24.0341    33.0565    % 
UB: 24.03405797101449
branching on CartesianIndex(6, 2) with a.
444    82     16         18.0630    24.0341    33.0565    % 
UB: 24.03405797101449
branching on CartesianIndex(1, 3) with a.
445    83     16         18.0630    24.0341    33.0565    % 
UB: 24.03405797101449
branching on CartesianIndex(1, 3) with a.
446    84     15         18.0630    24.0341    33.0565    % 
LB close or above UB, fathomed
447    83     14         18.0630    24.0341    33.0565    % 
LB close or above UB, fathomed
448    82     13         18.0630    24.0341    33.0565    % 
LB close or above UB, fathomed
449    81     10         18.0630    24.0341    33.0565    % 
LB close or above UB, fathomed
450    80     9          18.0630    24.0341    33.0565    % 
LB close or above UB, fathomed
451    79     18         18.0630    24.0341    33.0565    % 
UB: 24.03405797101449
branching on CartesianIndex(5, 2) with a.
452    80     19         18.0630    24.0341    33.0565    % 
LB close or above UB, fathomed
453    79     19         18.0630    24.0341    33.0565    % 
LB close or above UB, fathomed
454    78     18         18.0630    24.0341    33.0565    % 
LB close or above UB, fathomed
455    77     40         18.0630    24.0341    33.0565    % 
UB: 24.03405797101449
branching on 1 with b.
456    78     41         18.0630    24.0341    33.0565    % 
UB: 24.03405797101449
branching on 2 with b.
457    79     41         18.0630    24.0341    33.0565    % 
LB close or above UB, fathomed
458    78     40         18.0630    24.0341    33.0565    % 
LB close or above UB, fathomed
459    77     40         18.0630    24.0341    33.0565    % 
UB: 24.03405797101449
branching on 1 with b.
460    78     40         18.0630    24.0341    33.0565    % 
UB: 24.03405797101449
branching on 1 with b.
461    79     41         18.0630    24.0341    33.0565    % 
UB: 24.03405797101449
branching on 2 with b.
462    80     41         18.0630    24.0341    33.0565    % 
LB close or above UB, fathomed
463    79     39         18.0630    24.0341    33.0565    % 
UB: 24.03405797101449
branching on 1 with b.
464    80     40         18.0630    24.0341    33.0565    % 
UB: 24.03405797101449
branching on 2 with b.
465    81     40         18.0630    24.0341    33.0565    % 
UB: 24.03405797101449
branching on 2 with b.
466    82     41         18.0630    24.0341    33.0565    % 
UB: 24.03405797101449
branching on 3 with b.
467    82     42         18.0630    24.0341    33.0565    % 
UB: 24.03405797101449
branching on 1 with b.
468    83     43         18.0630    24.0341    33.0565    % 
UB: 24.03405797101449
branching on 2 with b.
469    84     44         18.0630    24.0341    33.0565    % 
LB close or above UB, fathomed
470    83     44         18.0630    24.0341    33.0565    % 
UB: 21.04855072463768
branching on 3 with b.
471    83     43         18.0630    21.0486    16.5283    % 
UB: 21.04855072463768
branching on 2 with b.
472    19     44         18.0630    21.0486    16.5283    % 
LB close or above UB, fathomed
473    18     44         18.0630    21.0486    16.5283    % 
LB close or above UB, fathomed
474    17     41         18.0630    21.0486    16.5283    % 
LB close or above UB, fathomed
475    16     39         18.0630    21.0486    16.5283    % 
LB close or above UB, fathomed
476    15     39         18.0630    21.0486    16.5283    % 
LB close or above UB, fathomed
477    14     39         18.0630    21.0486    16.5283    % 
UB: 21.04855072463768
branching on 1 with b.
478    15     40         18.0630    21.0486    16.5283    % 
LB close or above UB, fathomed
479    14     40         18.0630    21.0486    16.5283    % 
UB: 21.04855072463768
branching on 2 with b.
480    15     41         18.0630    21.0486    16.5283    % 
UB: 21.04855072463768
branching on 3 with b.
481    15     42         18.0630    21.0486    16.5283    % 
UB: 21.04855072463768
branching on 1 with b.
482    16     43         18.0630    21.0486    16.5283    % 
UB: 21.04855072463768
branching on 2 with b.
483    17     44         18.0630    21.0486    16.5283    % 
LB close or above UB, fathomed
484    16     44         18.0630    21.0486    16.5283    % 
LB close or above UB, fathomed
485    15     43         18.0630    21.0486    16.5283    % 
UB: 21.04855072463768
branching on 2 with b.
486    16     44         18.0630    21.0486    16.5283    % 
LB close or above UB, fathomed
487    15     44         18.0630    21.0486    16.5283    % 
LB close or above UB, fathomed
488    14     41         18.0630    21.0486    16.5283    % 
LB close or above UB, fathomed
489    13     27         18.0630    21.0486    16.5283    % 
UB: 21.04855072463768
branching on 1 with b.
490    14     28         18.0630    21.0486    16.5283    % 
UB: 21.04855072463768
branching on 2 with b.
491    15     29         18.0630    21.0486    16.5283    % 
UB: 21.04855072463768
branching on 3 with b.
492    16     30         18.0630    21.0486    16.5283    % 
UB: 21.04855072463768
branching on 1 with b.
493    17     31         18.0630    21.0486    16.5283    % 
LB close or above UB, fathomed
494    16     31         18.0630    21.0486    16.5283    % 
LB close or above UB, fathomed
495    15     30         18.0630    21.0486    16.5283    % 
LB close or above UB, fathomed
496    14     29         18.0630    21.0486    16.5283    % 
LB close or above UB, fathomed
497    13     28         18.0630    21.0486    16.5283    % 
LB close or above UB, fathomed
498    12     27         18.0630    21.0486    16.5283    % 
LB close or above UB, fathomed
499    11     17         18.0630    21.0486    16.5283    % 
LB close or above UB, fathomed
500    10     17         18.0630    21.0486    16.5283    % 
LB close or above UB, fathomed
501    9      26         18.0630    21.0486    16.5283    % 
UB: 21.04855072463768
branching on 1 with b.
502    10     27         18.0630    21.0486    16.5283    % 
UB: 21.04855072463768
branching on 2 with b.
503    11     28         18.0630    21.0486    16.5283    % 
UB: 21.04855072463768
branching on 3 with b.
504    12     29         18.0630    21.0486    16.5283    % 
UB: 21.04855072463768
branching on 1 with b.
505    13     30         18.0630    21.0486    16.5283    % 
UB: 21.04855072463768
branching on 2 with b.
506    14     31         18.0630    21.0486    16.5283    % 
LB close or above UB, fathomed
507    13     31         18.0630    21.0486    16.5283    % 
LB close or above UB, fathomed
508    12     30         18.0630    21.0486    16.5283    % 
LB close or above UB, fathomed
509    11     29         18.0630    21.0486    16.5283    % 
LB close or above UB, fathomed
510    10     28         18.0630    21.0486    16.5283    % 
LB close or above UB, fathomed
511    9      27         18.0630    21.0486    16.5283    % 
LB close or above UB, fathomed
512    8      26         18.0630    21.0486    16.5283    % 
LB close or above UB, fathomed
513    7      10         18.0630    21.0486    16.5283    % 
LB close or above UB, fathomed
514    6      10         18.0630    21.0486    16.5283    % 
LB close or above UB, fathomed
515    5      26         18.0630    21.0486    16.5283    % 
UB: 21.04855072463768
branching on CartesianIndex(2, 5) with c.
516    6      26         18.0630    21.0486    16.5283    % 
LB close or above UB, fathomed
517    5      27         18.0630    21.0486    16.5283    % 
UB: 21.04855072463768
branching on CartesianIndex(1, 6) with c.
518    6      28         18.0630    21.0486    16.5283    % 
LB close or above UB, fathomed
519    5      28         18.0630    21.0486    16.5283    % 
UB: 21.04855072463768
branching on CartesianIndex(1, 7) with c.
520    6      29         18.0630    21.0486    16.5283    % 
UB: 21.04855072463768
branching on CartesianIndex(2, 7) with c.
521    7      30         18.0630    21.0486    16.5283    % 
LB close or above UB, fathomed
522    6      30         18.0630    21.0486    16.5283    % 
UB: 21.04855072463768
branching on 3 with b.
523    7      31         18.0630    21.0486    16.5283    % 
UB: 21.04855072463768
branching on 1 with b.
524    8      32         18.0630    21.0486    16.5283    % 
UB: 21.04855072463768
branching on 2 with b.
525    9      33         18.0630    21.0486    16.5283    % 
UB: 21.04855072463768
branching on 3 with b.
526    10     34         18.0630    21.0486    16.5283    % 
UB: 21.04855072463768
branching on 1 with b.
527    11     35         18.0630    21.0486    16.5283    % 
LB close or above UB, fathomed
528    10     35         18.0630    21.0486    16.5283    % 
LB close or above UB, fathomed
529    9      34         18.0630    21.0486    16.5283    % 
LB close or above UB, fathomed
530    8      33         18.0630    21.0486    16.5283    % 
LB close or above UB, fathomed
531    7      32         18.0630    21.0486    16.5283    % 
LB close or above UB, fathomed
532    6      31         18.0630    21.0486    16.5283    % 
LB close or above UB, fathomed
533    5      29         18.0630    21.0486    16.5283    % 
LB close or above UB, fathomed
534    4      27         18.0630    21.0486    16.5283    % 
LB close or above UB, fathomed
535    3      27         18.0630    21.0486    16.5283    % 
UB: 21.04855072463768
branching on CartesianIndex(2, 5) with c.
536    4      28         18.0630    21.0486    16.5283    % 
UB: 21.04855072463768
branching on CartesianIndex(1, 6) with c.
537    5      29         18.0630    21.0486    16.5283    % 
LB close or above UB, fathomed
538    4      29         18.0630    21.0486    16.5283    % 
UB: 21.04855072463768
branching on CartesianIndex(1, 7) with c.
539    5      30         18.0630    21.0486    16.5283    % 
UB: 21.04855072463768
branching on CartesianIndex(2, 7) with c.
540    6      31         18.0630    21.0486    16.5283    % 
LB close or above UB, fathomed
541    5      31         18.0630    21.0486    16.5283    % 
UB: 21.04855072463768
branching on 2 with b.
542    6      32         18.0630    21.0486    16.5283    % 
UB: 21.04855072463768
branching on 3 with b.
543    7      33         18.0630    21.0486    16.5283    % 
UB: 21.04855072463768
branching on 1 with b.
544    8      34         18.0630    21.0486    16.5283    % 
UB: 21.04855072463768
branching on 2 with b.
545    9      35         18.0630    21.0486    16.5283    % 
LB close or above UB, fathomed
546    8      35         18.0630    21.0486    16.5283    % 
LB close or above UB, fathomed
547    7      34         18.0630    21.0486    16.5283    % 
LB close or above UB, fathomed
548    6      33         18.0630    21.0486    16.5283    % 
LB close or above UB, fathomed
549    5      32         18.0630    21.0486    16.5283    % 
LB close or above UB, fathomed
550    4      30         18.0630    21.0486    16.5283    % 
LB close or above UB, fathomed
551    3      28         18.0630    21.0486    16.5283    % 
LB close or above UB, fathomed
552    2      27         18.0630    21.0486    16.5283    % 
LB close or above UB, fathomed
553    1      16         19.8543    21.0486    6.0148     % 
LB close or above UB, fathomed
554    0      16         19.8543    21.0486    6.0148     % 
LB close or above UB, fathomed
all node solved
solved nodes:  555
555                                                   2.1049e+01     2.1049e+01     0.0000  % 
7×3 Matrix{Float64}:
 0.0  1.0  0.0
 0.0  0.0  0.0
 0.0  0.0  0.0
 0.0  0.0  0.0
 0.0  0.0  0.0
 0.0  0.0  1.0
 1.0  0.0  0.0
3-element Vector{Float64}:
 0.5529162681476099
 0.2759702111575466
 0.15636909343524236
3×7 Matrix{Float64}:
 0.0  0.0  0.0  0.0  1.0  0.0  0.0
 0.0  0.0  0.0  0.0  0.0  1.0  1.0
 0.0  0.0  0.0  1.0  0.0  0.0  0.0
3-element Vector{Float64}:
 1.0
 1.0
 1.0
7×3 Matrix{Float64}:
 1.0  0.0  0.0
 0.0  0.0  0.0
 0.0  0.0  0.0
 0.0  0.0  0.0
 0.0  0.0  0.0
 0.0  0.0  0.0
 0.0  1.0  1.0
3-element Vector{Float64}:
 0.2772564362533676
 0.17125044442262344
 0.5626676215882159
3×7 Matrix{Float64}:
 0.0  0.0  0.0  1.0  0.0  1.0  0.0
 0.0  0.0  0.0  0.0  0.0  0.0  1.0
 0.0  0.0  0.0  0.0  1.0  0.0  0.0
3-element Vector{Float64}:
 1.0
 1.0
 1.0
comparison (CRT and Glb)on prediction: Dict{Bool, Int64}(0 => 2, 1 => 51)
Dataname	 time	 objv	 lb	 gap	 train_w	 train_g	 test_w	 test_g
seeds_332.seeds	 75.23	 21.04855072463768	 21.049	 0.0	 92.157	 95.425	 90.566	 94.34
