Running 6 processes.
Start training seeds_152.seeds with seed 1.
Any[]
(7, 206)
(7, 103)
(7, 52)
(7, 51)
dimension: 7, class: 3
cart cost: 41.35
size of X: (7, 155)
ngroups: 6
UB: 41.35
Iter	left	lev	LB	UB	gap	
0      0      1          8.9309     41.3500    362.9995   % 
UB: 41.349999999999994
branching on 1 with d.
1      1      2          8.9309     41.3500    362.9995   % 
LB close or above UB, fathomed
2      0      2          8.9309     41.3500    362.9995   % 
UB: 41.349999999999994
branching on 2 with d.
3      1      3          8.9309     41.3500    362.9995   % 
UB: 41.349999999999994
branching on 3 with d.
4      2      3          8.9309     41.3500    362.9995   % 
UB: 41.3
branching on 3 with d.
5      3      4          8.9309     41.3000    362.4396   % 
UB: 41.3
branching on CartesianIndex(1, 1) with a.
6      4      4          8.9309     41.3000    362.4396   % 
UB: 41.3
branching on CartesianIndex(1, 1) with a.
7      5      5          8.9396     41.3000    361.9891   % 
UB: 41.3
branching on 1 with b.
8      6      6          8.9396     41.3000    361.9891   % 
UB: 41.3
branching on CartesianIndex(2, 1) with a.
9      7      6          8.9396     41.3000    361.9891   % 
UB: 41.3
branching on 1 with b.
10     8      5          8.9396     41.3000    361.9891   % 
UB: 38.40714285714286
branching on CartesianIndex(1, 2) with a.
11     9      7          8.9536     38.4071    328.9564   % 
UB: 38.40714285714286
branching on 1 with b.
12     10     7          8.9536     38.4071    328.9564   % 
UB: 38.40714285714286
branching on 1 with b.
13     11     8          8.9536     38.4071    328.9564   % 
LB close or above UB, fathomed
14     10     8          8.9536     38.4071    328.9564   % 
UB: 38.40714285714286
branching on CartesianIndex(1, 2) with a.
15     11     6          8.9786     38.4071    327.7645   % 
UB: 38.40714285714286
branching on CartesianIndex(2, 2) with a.
16     12     7          8.9786     38.4071    327.7645   % 
UB: 38.40714285714286
branching on 1 with b.
17     13     8          8.9786     38.4071    327.7645   % 
UB: 38.40714285714286
branching on 1 with b.
18     14     9          8.9786     38.4071    327.7645   % 
UB: 38.40714285714286
branching on 2 with b.
19     15     9          8.9786     38.4071    327.7645   % 
UB: 38.40714285714286
branching on CartesianIndex(3, 2) with a.
20     16     8          8.9786     38.4071    327.7645   % 
LB close or above UB, fathomed
21     15     7          8.9786     38.4071    327.7645   % 
UB: 38.40714285714286
branching on CartesianIndex(1, 3) with a.
22     16     6          8.9786     38.4071    327.7645   % 
UB: 38.40714285714286
branching on CartesianIndex(1, 3) with a.
23     17     8          11.8965    38.4071    222.8446   % 
LB close or above UB, fathomed
24     16     8          11.8965    38.4071    222.8446   % 
UB: 38.40714285714286
branching on CartesianIndex(3, 1) with a.
25     17     9          11.8965    38.4071    222.8446   % 
UB: 38.40714285714286
branching on 2 with b.
26     18     10         11.8965    38.4071    222.8446   % 
UB: 38.40714285714286
branching on 3 with b.
27     19     10         11.8965    38.4071    222.8446   % 
UB: 38.40714285714286
branching on CartesianIndex(4, 1) with a.
28     20     9          11.8965    38.4071    222.8446   % 
LB close or above UB, fathomed
29     19     11         11.9214    38.4071    222.1690   % 
UB: 38.40714285714286
branching on CartesianIndex(4, 1) with a.
30     20     11         11.9214    38.4071    222.1690   % 
UB: 38.40714285714286
branching on CartesianIndex(4, 1) with a.
31     21     12         11.9214    38.4071    222.1690   % 
UB: 38.40714285714286
branching on CartesianIndex(5, 1) with a.
32     22     13         11.9214    38.4071    222.1690   % 
UB: 38.40714285714286
branching on CartesianIndex(6, 1) with a.
33     23     13         11.9214    38.4071    222.1690   % 
UB: 38.40714285714286
branching on CartesianIndex(1, 2) with a.
34     24     14         11.9214    38.4071    222.1690   % 
UB: 38.40714285714286
branching on CartesianIndex(2, 2) with a.
35     25     15         11.9214    38.4071    222.1690   % 
UB: 38.40714285714286
branching on CartesianIndex(3, 2) with a.
36     26     15         11.9214    38.4071    222.1690   % 
UB: 38.40714285714286
branching on CartesianIndex(1, 3) with a.
37     27     14         11.9214    38.4071    222.1690   % 
UB: 38.40714285714286
branching on CartesianIndex(1, 3) with a.
38     28     12         11.9214    38.4071    222.1690   % 
UB: 38.40714285714286
branching on CartesianIndex(1, 2) with a.
39     29     9          11.9214    38.4071    222.1690   % 
UB: 38.40714285714286
branching on 2 with b.
40     30     10         11.9214    38.4071    222.1690   % 
UB: 38.40714285714286
branching on CartesianIndex(2, 2) with a.
41     31     10         11.9214    38.4071    222.1690   % 
UB: 38.40714285714286
branching on 3 with b.
42     32     9          11.9214    38.4071    222.1690   % 
UB: 38.40714285714286
branching on 2 with b.
43     33     11         14.8643    38.4071    158.3854   % 
UB: 38.40714285714286
branching on 3 with b.
44     34     12         14.8643    38.4071    158.3854   % 
UB: 38.40714285714286
branching on CartesianIndex(3, 2) with a.
45     35     12         14.8643    38.4071    158.3854   % 
UB: 38.40714285714286
branching on CartesianIndex(3, 2) with a.
46     36     13         14.8643    38.4071    158.3854   % 
UB: 38.40714285714286
branching on CartesianIndex(4, 2) with a.
47     37     14         14.8643    38.4071    158.3854   % 
UB: 38.40714285714286
branching on CartesianIndex(5, 2) with a.
48     38     15         14.8643    38.4071    158.3854   % 
UB: 38.40714285714286
branching on 1 with b.
49     39     16         14.8643    38.4071    158.3854   % 
UB: 38.40714285714286
branching on CartesianIndex(6, 2) with a.
50     40     17         14.8643    38.4071    158.3854   % 
UB: 38.40714285714286
branching on CartesianIndex(1, 3) with a.
51     41     17         14.8643    38.4071    158.3854   % 
UB: 38.40714285714286
branching on CartesianIndex(1, 3) with a.
52     42     16         14.8643    38.4071    158.3854   % 
UB: 38.40714285714286
branching on CartesianIndex(6, 2) with a.
53     43     15         14.8643    38.4071    158.3854   % 
UB: 38.40714285714286
branching on CartesianIndex(1, 3) with a.
54     44     14         14.8643    38.4071    158.3854   % 
UB: 38.40714285714286
branching on CartesianIndex(1, 3) with a.
55     45     13         14.8643    38.4071    158.3854   % 
UB: 38.40714285714286
branching on CartesianIndex(1, 3) with a.
56     46     11         14.8643    38.4071    158.3854   % 
UB: 38.40714285714286
branching on CartesianIndex(1, 3) with a.
57     47     13         14.8643    38.4071    158.3854   % 
UB: 38.40714285714286
branching on CartesianIndex(2, 2) with a.
58     48     14         14.8643    38.4071    158.3854   % 
UB: 38.40714285714286
branching on CartesianIndex(3, 2) with a.
59     49     14         14.8643    38.4071    158.3854   % 
UB: 38.40714285714286
branching on CartesianIndex(1, 3) with a.
60     50     13         14.8643    38.4071    158.3854   % 
UB: 38.40714285714286
branching on 1 with b.
61     51     10         14.8643    38.4071    158.3854   % 
UB: 38.40714285714286
branching on CartesianIndex(4, 2) with a.
62     52     11         14.8643    38.4071    158.3854   % 
UB: 38.40714285714286
branching on CartesianIndex(5, 2) with a.
63     53     12         14.8643    38.4071    158.3854   % 
UB: 38.40714285714286
branching on 2 with b.
64     54     13         14.8643    38.4071    158.3854   % 
UB: 38.40714285714286
branching on 3 with b.
65     55     14         14.8643    38.4071    158.3854   % 
UB: 38.40714285714286
branching on 1 with b.
66     56     14         14.8643    38.4071    158.3854   % 
UB: 38.40714285714286
branching on CartesianIndex(6, 2) with a.
67     57     15         14.8643    38.4071    158.3854   % 
UB: 38.40714285714286
branching on CartesianIndex(1, 3) with a.
68     58     16         14.8643    38.4071    158.3854   % 
UB: 38.40714285714286
branching on 1 with b.
69     59     17         14.8643    38.4071    158.3854   % 
UB: 38.40714285714286
branching on CartesianIndex(2, 3) with a.
70     60     17         14.8643    38.4071    158.3854   % 
LB close or above UB, fathomed
71     59     16         14.8643    38.4071    158.3854   % 
UB: 38.40714285714286
branching on CartesianIndex(1, 4) with c.
72     60     15         14.8643    38.4071    158.3854   % 
UB: 38.40714285714286
branching on CartesianIndex(1, 3) with a.
73     61     13         14.8643    38.4071    158.3854   % 
UB: 38.40714285714286
branching on CartesianIndex(6, 2) with a.
74     62     12         14.8643    38.4071    158.3854   % 
UB: 38.40714285714286
branching on CartesianIndex(1, 3) with a.
75     63     11         14.8643    38.4071    158.3854   % 
UB: 38.40714285714286
branching on 2 with b.
76     64     10         14.8643    38.4071    158.3854   % 
UB: 38.40714285714286
branching on 2 with b.
77     65     16         17.8071    38.4071    115.6839   % 
UB: 38.40714285714286
branching on CartesianIndex(2, 3) with a.
78     66     16         17.8071    38.4071    115.6839   % 
UB: 38.40714285714286
branching on CartesianIndex(1, 4) with c.
79     67     18         17.8071    38.4071    115.6839   % 
UB: 38.40714285714286
branching on 2 with b.
80     68     19         17.8071    38.4071    115.6839   % 
UB: 38.40714285714286
branching on CartesianIndex(3, 3) with a.
81     69     20         17.8071    38.4071    115.6839   % 
UB: 38.40714285714286
branching on CartesianIndex(4, 3) with a.
82     70     21         17.8071    38.4071    115.6839   % 
UB: 38.40714285714286
branching on CartesianIndex(5, 3) with a.
83     71     21         17.8071    38.4071    115.6839   % 
UB: 38.40714285714286
branching on 3 with b.
84     72     20         17.8071    38.4071    115.6839   % 
LB close or above UB, fathomed
85     71     19         17.8071    38.4071    115.6839   % 
UB: 38.40714285714286
branching on CartesianIndex(3, 3) with a.
86     72     18         17.8071    38.4071    115.6839   % 
UB: 38.40714285714286
branching on CartesianIndex(1, 4) with c.
87     73     15         17.8071    38.4071    115.6839   % 
UB: 38.40714285714286
branching on CartesianIndex(4, 2) with a.
88     74     16         17.8071    38.4071    115.6839   % 
UB: 38.40714285714286
branching on 1 with b.
89     75     17         17.8071    38.4071    115.6839   % 
UB: 38.40714285714286
branching on 2 with b.
90     76     18         17.8071    38.4071    115.6839   % 
UB: 38.40714285714286
branching on 3 with b.
91     77     18         17.8071    38.4071    115.6839   % 
UB: 38.40714285714286
branching on CartesianIndex(5, 2) with a.
92     78     19         17.8071    38.4071    115.6839   % 
UB: 38.40714285714286
branching on CartesianIndex(6, 2) with a.
93     79     19         17.8071    38.4071    115.6839   % 
UB: 38.40714285714286
branching on CartesianIndex(1, 3) with a.
94     80     17         17.8071    38.4071    115.6839   % 
UB: 38.40714285714286
branching on CartesianIndex(5, 2) with a.
95     81     16         17.8071    38.4071    115.6839   % 
LB close or above UB, fathomed
96     80     15         17.8071    38.4071    115.6839   % 
LB close or above UB, fathomed
97     79     18         17.8071    38.4071    115.6839   % 
UB: 38.40714285714286
branching on CartesianIndex(2, 3) with a.
98     80     19         17.8071    38.4071    115.6839   % 
UB: 32.52142857142857
branching on CartesianIndex(3, 3) with a.
99     81     20         17.8071    32.5214    82.6314    % 
UB: 32.52142857142857
branching on CartesianIndex(4, 3) with a.
100    72     21         17.8071    32.5214    82.6314    % 
UB: 32.52142857142857
branching on CartesianIndex(5, 3) with a.
101    73     22         17.8071    32.5214    82.6314    % 
UB: 32.52142857142857
branching on CartesianIndex(6, 3) with a.
102    74     23         17.8071    32.5214    82.6314    % 
UB: 32.52142857142857
branching on 2 with b.
103    75     24         17.8071    32.5214    82.6314    % 
UB: 32.52142857142857
branching on CartesianIndex(1, 4) with c.
104    76     25         17.8071    32.5214    82.6314    % 
LB close or above UB, fathomed
105    75     25         17.8071    32.5214    82.6314    % 
UB: 32.52142857142857
branching on CartesianIndex(1, 5) with c.
106    76     26         17.8071    32.5214    82.6314    % 
UB: 32.52142857142857
branching on CartesianIndex(2, 5) with c.
107    77     27         17.8071    32.5214    82.6314    % 
UB: 32.52142857142857
branching on CartesianIndex(1, 6) with c.
108    78     28         17.8071    32.5214    82.6314    % 
LB close or above UB, fathomed
109    77     28         17.8071    32.5214    82.6314    % 
UB: 32.52142857142857
branching on CartesianIndex(1, 7) with c.
110    78     29         17.8071    32.5214    82.6314    % 
UB: 32.52142857142857
branching on CartesianIndex(2, 7) with c.
111    79     30         17.8071    32.5214    82.6314    % 
LB close or above UB, fathomed
112    78     30         17.8071    32.5214    82.6314    % 
UB: 32.52142857142857
branching on 3 with b.
113    79     31         17.8071    32.5214    82.6314    % 
UB: 32.52142857142857
branching on 1 with b.
114    80     32         17.8071    32.5214    82.6314    % 
UB: 32.52142857142857
branching on 2 with b.
115    81     32         17.8071    32.5214    82.6314    % 
UB: 32.52142857142857
branching on 2 with b.
116    82     31         17.8071    32.5214    82.6314    % 
LB close or above UB, fathomed
117    81     29         17.8071    32.5214    82.6314    % 
LB close or above UB, fathomed
118    80     27         17.8071    32.5214    82.6314    % 
LB close or above UB, fathomed
119    79     26         17.8071    32.5214    82.6314    % 
LB close or above UB, fathomed
120    78     24         17.8071    32.5214    82.6314    % 
LB close or above UB, fathomed
121    77     23         17.8071    32.5214    82.6314    % 
LB close or above UB, fathomed
122    76     22         17.8071    32.5214    82.6314    % 
LB close or above UB, fathomed
123    75     21         17.8071    32.5214    82.6314    % 
UB: 32.52142857142857
branching on CartesianIndex(1, 4) with c.
124    76     20         17.8071    32.5214    82.6314    % 
LB close or above UB, fathomed
125    75     19         17.8071    32.5214    82.6314    % 
UB: 32.52142857142857
branching on 2 with b.
126    76     18         17.8071    32.5214    82.6314    % 
UB: 32.52142857142857
branching on 2 with b.
127    77     16         17.8071    32.5214    82.6314    % 
UB: 32.52142857142857
branching on CartesianIndex(4, 2) with a.
128    78     17         17.8071    32.5214    82.6314    % 
UB: 32.52142857142857
branching on 1 with b.
129    79     17         17.8071    32.5214    82.6314    % 
LB close or above UB, fathomed
130    78     16         17.8071    32.5214    82.6314    % 
LB close or above UB, fathomed
131    77     12         17.8071    32.5214    82.6314    % 
UB: 32.52142857142857
branching on CartesianIndex(5, 1) with a.
132    78     13         17.8071    32.5214    82.6314    % 
UB: 32.52142857142857
branching on CartesianIndex(6, 1) with a.
133    79     13         17.8071    32.5214    82.6314    % 
UB: 32.52142857142857
branching on CartesianIndex(1, 2) with a.
134    80     14         17.8071    32.5214    82.6314    % 
UB: 32.52142857142857
branching on CartesianIndex(2, 2) with a.
135    81     15         17.8071    32.5214    82.6314    % 
UB: 32.52142857142857
branching on CartesianIndex(3, 2) with a.
136    82     16         17.8071    32.5214    82.6314    % 
UB: 32.52142857142857
branching on CartesianIndex(4, 2) with a.
137    83     16         17.8071    32.5214    82.6314    % 
LB close or above UB, fathomed
138    82     15         17.8071    32.5214    82.6314    % 
UB: 32.52142857142857
branching on CartesianIndex(1, 3) with a.
139    83     14         17.8071    32.5214    82.6314    % 
UB: 32.52142857142857
branching on CartesianIndex(1, 3) with a.
140    84     12         17.8071    32.5214    82.6314    % 
UB: 32.52142857142857
branching on CartesianIndex(1, 2) with a.
141    85     13         17.8071    32.5214    82.6314    % 
UB: 32.52142857142857
branching on CartesianIndex(2, 2) with a.
142    86     13         17.8071    32.5214    82.6314    % 
UB: 32.52142857142857
branching on CartesianIndex(1, 3) with a.
143    87     17         17.8071    32.5214    82.6314    % 
UB: 32.52142857142857
branching on CartesianIndex(3, 3) with a.
144    88     18         17.8071    32.5214    82.6314    % 
UB: 32.52142857142857
branching on CartesianIndex(4, 3) with a.
145    89     19         17.8071    32.5214    82.6314    % 
UB: 32.52142857142857
branching on CartesianIndex(5, 3) with a.
146    90     20         17.8071    32.5214    82.6314    % 
UB: 32.52142857142857
branching on CartesianIndex(6, 3) with a.
147    91     21         17.8071    32.5214    82.6314    % 
UB: 32.52142857142857
branching on CartesianIndex(1, 4) with c.
148    92     22         17.8071    32.5214    82.6314    % 
LB close or above UB, fathomed
149    91     22         17.8071    32.5214    82.6314    % 
UB: 32.52142857142857
branching on CartesianIndex(1, 5) with c.
150    92     23         17.8071    32.5214    82.6314    % 
UB: 32.52142857142857
branching on CartesianIndex(2, 5) with c.
151    93     24         17.8071    32.5214    82.6314    % 
UB: 32.52142857142857
branching on CartesianIndex(1, 6) with c.
152    94     25         17.8071    32.5214    82.6314    % 
LB close or above UB, fathomed
153    93     25         17.8071    32.5214    82.6314    % 
UB: 32.52142857142857
branching on 1 with b.
154    94     26         17.8071    32.5214    82.6314    % 
UB: 32.52142857142857
branching on 2 with b.
155    95     27         17.8071    32.5214    82.6314    % 
UB: 32.52142857142857
branching on CartesianIndex(1, 7) with c.
156    96     27         17.8071    32.5214    82.6314    % 
UB: 32.52142857142857
branching on 3 with b.
157    97     26         17.8071    32.5214    82.6314    % 
LB close or above UB, fathomed
158    96     24         17.8071    32.5214    82.6314    % 
LB close or above UB, fathomed
159    95     23         17.8071    32.5214    82.6314    % 
LB close or above UB, fathomed
160    94     21         17.8071    32.5214    82.6314    % 
LB close or above UB, fathomed
161    93     20         17.8071    32.5214    82.6314    % 
UB: 32.52142857142857
branching on CartesianIndex(1, 4) with c.
162    94     19         17.8071    32.5214    82.6314    % 
UB: 32.52142857142857
branching on CartesianIndex(1, 4) with c.
163    95     18         17.8071    32.5214    82.6314    % 
LB close or above UB, fathomed
164    94     17         17.8071    32.5214    82.6314    % 
UB: 32.52142857142857
branching on CartesianIndex(1, 4) with c.
165    95     22         17.8071    32.5214    82.6314    % 
UB: 29.578571428571426
branching on CartesianIndex(6, 3) with a.
166    96     23         17.8071    29.5786    66.1051    % 
UB: 29.578571428571426
branching on 3 with b.
167    75     24         17.8071    29.5786    66.1051    % 
UB: 29.578571428571426
branching on CartesianIndex(1, 4) with c.
168    76     25         17.8071    29.5786    66.1051    % 
LB close or above UB, fathomed
169    75     25         17.8071    29.5786    66.1051    % 
UB: 29.578571428571426
branching on CartesianIndex(1, 5) with c.
170    76     26         17.8071    29.5786    66.1051    % 
UB: 29.578571428571426
branching on CartesianIndex(2, 5) with c.
171    77     27         17.8071    29.5786    66.1051    % 
UB: 29.578571428571426
branching on CartesianIndex(1, 6) with c.
172    78     28         17.8071    29.5786    66.1051    % 
LB close or above UB, fathomed
173    77     28         17.8071    29.5786    66.1051    % 
UB: 29.578571428571426
branching on CartesianIndex(1, 7) with c.
174    78     29         17.8071    29.5786    66.1051    % 
UB: 29.578571428571426
branching on CartesianIndex(2, 7) with c.
175    79     30         17.8071    29.5786    66.1051    % 
LB close or above UB, fathomed
176    78     30         17.8071    29.5786    66.1051    % 
UB: 29.578571428571426
branching on 1 with b.
177    79     31         17.8071    29.5786    66.1051    % 
UB: 29.578571428571426
branching on 2 with b.
178    80     32         17.8071    29.5786    66.1051    % 
UB: 29.578571428571426
branching on 3 with b.
179    81     32         17.8071    29.5786    66.1051    % 
UB: 26.635714285714286
branching on 3 with b.
180    82     33         17.8071    26.6357    49.5788    % 
UB: 26.635714285714286
branching on 1 with b.
181    51     34         17.8071    26.6357    49.5788    % 
UB: 26.635714285714286
branching on 2 with b.
182    52     35         17.8071    26.6357    49.5788    % 
UB: 26.635714285714286
branching on 3 with b.
183    53     36         17.8071    26.6357    49.5788    % 
UB: 23.69285714285714
branching on 1 with b.
184    54     37         17.8071    23.6929    33.0525    % 
LB close or above UB, fathomed
185    35     37         17.8071    23.6929    33.0525    % 
UB: 20.75
branching on 2 with b.
186    36     36         17.8071    20.7500    16.5263    % 
LB close or above UB, fathomed
187    9      35         17.8071    20.7500    16.5263    % 
LB close or above UB, fathomed
188    8      34         17.8071    20.7500    16.5263    % 
LB close or above UB, fathomed
189    7      33         17.8071    20.7500    16.5263    % 
LB close or above UB, fathomed
190    6      31         17.8071    20.7500    16.5263    % 
LB close or above UB, fathomed
191    5      29         17.8071    20.7500    16.5263    % 
LB close or above UB, fathomed
192    4      27         17.8071    20.7500    16.5263    % 
LB close or above UB, fathomed
193    3      26         17.8071    20.7500    16.5263    % 
LB close or above UB, fathomed
194    2      24         17.8071    20.7500    16.5263    % 
LB close or above UB, fathomed
195    1      23         17.8071    20.7500    16.5263    % 
LB close or above UB, fathomed
196    0      22         17.8071    20.7500    16.5263    % 
LB close or above UB, fathomed
all node solved
solved nodes:  197
197                                                   2.0750e+01     2.0750e+01     0.0000  % 
7×3 Matrix{Float64}:
 0.0  1.0  0.0
 0.0  0.0  0.0
 0.0  0.0  0.0
 0.0  0.0  0.0
 0.0  0.0  0.0
 0.0  0.0  1.0
 1.0  0.0  0.0
3-element Vector{Float64}:
 0.5402791528216908
 0.2729702000562295
 0.17483376831718325
3×7 Matrix{Float64}:
 0.0  0.0  0.0  0.0  1.0  0.0  0.0
 0.0  0.0  0.0  0.0  0.0  1.0  1.0
 0.0  0.0  0.0  1.0  0.0  0.0  0.0
3-element Vector{Float64}:
 1.0
 1.0
 1.0
7×3 Matrix{Float64}:
 1.0  0.0  0.0
 0.0  0.0  0.0
 0.0  0.0  0.0
 0.0  0.0  0.0
 0.0  0.0  0.0
 0.0  0.0  0.0
 0.0  1.0  1.0
3-element Vector{Float64}:
 0.2667713492885827
 0.14682759309732413
 0.5436766677307168
3×7 Matrix{Float64}:
 0.0  0.0  0.0  1.0  0.0  1.0  0.0
 0.0  0.0  0.0  0.0  0.0  0.0  1.0
 0.0  0.0  0.0  0.0  1.0  0.0  0.0
3-element Vector{Float64}:
 1.0
 1.0
 1.0
comparison (CRT and Glb)on prediction: Dict{Bool, Int64}(0 => 2, 1 => 49)
Dataname	 time	 objv	 lb	 gap	 train_w	 train_g	 test_w	 test_g
seeds_152.seeds	 74.5	 20.75	 20.75	 0.0	 90.968	 95.484	 96.078	 96.078
