Running 6 processes.
Start training seeds_583.seeds with seed 1.
Any[]
(7, 206)
(7, 103)
(7, 52)
(7, 51)
dimension: 7, class: 3
cart cost: 38.40714285714285
size of X: (7, 155)
ngroups: 6
UB: 38.40714285714285
Iter	left	lev	LB	UB	gap	
0      0      1          5.9992     38.4071    540.2052   % 
UB: 38.40714285714285
branching on 1 with d.
1      1      2          5.9992     38.4071    540.2052   % 
LB close or above UB, fathomed
2      0      2          5.9992     38.4071    540.2052   % 
UB: 38.40714285714285
branching on 2 with d.
3      1      3          5.9992     38.4071    540.2052   % 
UB: 38.40714285714285
branching on 3 with d.
4      2      3          5.9992     38.4071    540.2052   % 
UB: 38.40714285714285
branching on 3 with d.
5      3      4          5.9992     38.4071    540.2052   % 
UB: 38.40714285714285
branching on CartesianIndex(1, 1) with a.
6      4      4          5.9992     38.4071    540.2052   % 
UB: 38.40714285714285
branching on CartesianIndex(1, 1) with a.
7      5      5          6.0082     38.4071    539.2428   % 
UB: 38.40714285714285
branching on 1 with b.
8      6      5          6.0082     38.4071    539.2428   % 
UB: 32.52142857142857
branching on CartesianIndex(1, 2) with a.
9      7      6          6.0217     32.5214    440.0673   % 
UB: 32.52142857142857
branching on 1 with b.
10     8      7          6.0217     32.5214    440.0673   % 
LB close or above UB, fathomed
11     7      7          6.0217     32.5214    440.0673   % 
UB: 32.52142857142857
branching on 2 with b.
12     8      8          6.0217     32.5214    440.0673   % 
UB: 32.52142857142857
branching on 3 with b.
13     9      9          6.0217     32.5214    440.0673   % 
UB: 32.52142857142857
branching on CartesianIndex(2, 1) with a.
14     10     9          6.0217     32.5214    440.0673   % 
UB: 32.52142857142857
branching on CartesianIndex(2, 1) with a.
15     11     8          6.0217     32.5214    440.0673   % 
UB: 32.52142857142857
branching on CartesianIndex(2, 1) with a.
16     12     6          6.0217     32.5214    440.0673   % 
UB: 32.52142857142857
branching on 1 with b.
17     13     6          6.0222     32.5214    440.0255   % 
UB: 32.52142857142857
branching on 1 with b.
18     14     7          6.0222     32.5214    440.0255   % 
UB: 32.52142857142857
branching on 1 with b.
19     15     8          6.0222     32.5214    440.0255   % 
UB: 32.52142857142857
branching on CartesianIndex(2, 2) with a.
20     16     8          6.0222     32.5214    440.0255   % 
UB: 32.52142857142857
branching on 2 with b.
21     17     7          6.0222     32.5214    440.0255   % 
LB close or above UB, fathomed
22     16     6          6.0222     32.5214    440.0255   % 
UB: 32.52142857142857
branching on CartesianIndex(1, 3) with a.
23     17     9          6.0357     32.5214    438.8166   % 
UB: 32.52142857142857
branching on 3 with b.
24     18     10         6.0357     32.5214    438.8166   % 
UB: 32.52142857142857
branching on CartesianIndex(2, 2) with a.
25     19     10         6.0357     32.5214    438.8166   % 
UB: 32.52142857142857
branching on CartesianIndex(2, 2) with a.
26     20     11         6.0357     32.5214    438.8166   % 
UB: 32.52142857142857
branching on 1 with b.
27     21     12         6.0357     32.5214    438.8166   % 
UB: 32.52142857142857
branching on CartesianIndex(3, 2) with a.
28     22     13         6.0357     32.5214    438.8166   % 
UB: 32.52142857142857
branching on 2 with b.
29     23     14         6.0357     32.5214    438.8166   % 
UB: 32.52142857142857
branching on CartesianIndex(4, 2) with a.
30     24     14         6.0357     32.5214    438.8166   % 
UB: 32.52142857142857
branching on CartesianIndex(4, 2) with a.
31     25     13         6.0357     32.5214    438.8166   % 
LB close or above UB, fathomed
32     24     12         6.0357     32.5214    438.8166   % 
UB: 32.52142857142857
branching on CartesianIndex(3, 2) with a.
33     25     11         6.0357     32.5214    438.8166   % 
UB: 32.52142857142857
branching on CartesianIndex(1, 3) with a.
34     26     9          6.0357     32.5214    438.8166   % 
UB: 32.52142857142857
branching on CartesianIndex(2, 2) with a.
35     27     10         6.0357     32.5214    438.8166   % 
UB: 32.52142857142857
branching on CartesianIndex(3, 1) with a.
36     28     10         6.0357     32.5214    438.8166   % 
UB: 32.52142857142857
branching on CartesianIndex(1, 2) with a.
37     29     11         6.0357     32.5214    438.8166   % 
UB: 32.52142857142857
branching on CartesianIndex(2, 2) with a.
38     30     12         6.0357     32.5214    438.8166   % 
UB: 32.52142857142857
branching on CartesianIndex(3, 2) with a.
39     31     13         6.0357     32.5214    438.8166   % 
UB: 32.52142857142857
branching on CartesianIndex(4, 2) with a.
40     32     14         6.0357     32.5214    438.8166   % 
UB: 32.52142857142857
branching on CartesianIndex(5, 2) with a.
41     33     15         6.0357     32.5214    438.8166   % 
UB: 32.52142857142857
branching on 1 with b.
42     34     15         6.0357     32.5214    438.8166   % 
UB: 32.52142857142857
branching on 1 with b.
43     35     14         6.0357     32.5214    438.8166   % 
UB: 32.52142857142857
branching on CartesianIndex(1, 3) with a.
44     36     13         6.0357     32.5214    438.8166   % 
LB close or above UB, fathomed
45     35     12         6.0357     32.5214    438.8166   % 
LB close or above UB, fathomed
46     34     11         6.0357     32.5214    438.8166   % 
UB: 32.52142857142857
branching on CartesianIndex(1, 3) with a.
47     35     10         8.9646     32.5214    262.7764   % 
UB: 32.52142857142857
branching on CartesianIndex(3, 1) with a.
48     36     10         8.9646     32.5214    262.7764   % 
UB: 32.52142857142857
branching on 1 with b.
49     37     11         8.9786     32.5214    262.2116   % 
UB: 32.52142857142857
branching on CartesianIndex(1, 2) with a.
50     38     11         8.9786     32.5214    262.2116   % 
UB: 32.52142857142857
branching on CartesianIndex(1, 2) with a.
51     39     11         8.9786     32.5214    262.2116   % 
UB: 32.52142857142857
branching on CartesianIndex(4, 1) with a.
52     40     12         8.9786     32.5214    262.2116   % 
UB: 32.52142857142857
branching on CartesianIndex(5, 1) with a.
53     41     13         8.9786     32.5214    262.2116   % 
UB: 32.52142857142857
branching on CartesianIndex(6, 1) with a.
54     42     13         8.9786     32.5214    262.2116   % 
UB: 32.52142857142857
branching on CartesianIndex(1, 2) with a.
55     43     14         8.9786     32.5214    262.2116   % 
UB: 32.52142857142857
branching on CartesianIndex(2, 2) with a.
56     44     15         8.9786     32.5214    262.2116   % 
UB: 32.52142857142857
branching on CartesianIndex(3, 2) with a.
57     45     16         8.9786     32.5214    262.2116   % 
UB: 32.52142857142857
branching on CartesianIndex(4, 2) with a.
58     46     17         8.9786     32.5214    262.2116   % 
UB: 32.52142857142857
branching on CartesianIndex(5, 2) with a.
59     47     18         8.9786     32.5214    262.2116   % 
UB: 32.52142857142857
branching on CartesianIndex(6, 2) with a.
60     48     19         8.9786     32.5214    262.2116   % 
UB: 32.52142857142857
branching on 1 with b.
61     49     19         8.9786     32.5214    262.2116   % 
UB: 32.52142857142857
branching on CartesianIndex(1, 3) with a.
62     50     18         8.9786     32.5214    262.2116   % 
UB: 32.52142857142857
branching on CartesianIndex(1, 3) with a.
63     51     17         8.9786     32.5214    262.2116   % 
UB: 32.52142857142857
branching on 1 with b.
64     52     16         8.9786     32.5214    262.2116   % 
UB: 32.52142857142857
branching on CartesianIndex(1, 3) with a.
65     53     15         8.9786     32.5214    262.2116   % 
UB: 32.52142857142857
branching on 1 with b.
66     54     14         8.9786     32.5214    262.2116   % 
UB: 32.52142857142857
branching on CartesianIndex(1, 3) with a.
67     55     12         8.9786     32.5214    262.2116   % 
UB: 32.52142857142857
branching on CartesianIndex(1, 2) with a.
68     56     13         8.9786     32.5214    262.2116   % 
UB: 32.52142857142857
branching on 1 with b.
69     57     13         8.9786     32.5214    262.2116   % 
UB: 32.52142857142857
branching on CartesianIndex(1, 3) with a.
70     58     11         8.9786     32.5214    262.2116   % 
LB close or above UB, fathomed
71     57     11         8.9786     32.5214    262.2116   % 
UB: 32.52142857142857
branching on CartesianIndex(3, 2) with a.
72     58     11         8.9786     32.5214    262.2116   % 
LB close or above UB, fathomed
73     57     20         8.9786     32.5214    262.2116   % 
UB: 32.52142857142857
branching on CartesianIndex(2, 3) with a.
74     58     21         8.9786     32.5214    262.2116   % 
UB: 32.52142857142857
branching on CartesianIndex(3, 3) with a.
75     59     21         8.9786     32.5214    262.2116   % 
UB: 32.52142857142857
branching on 1 with b.
76     60     20         8.9786     32.5214    262.2116   % 
UB: 32.52142857142857
branching on CartesianIndex(1, 4) with c.
77     61     16         8.9786     32.5214    262.2116   % 
UB: 32.52142857142857
branching on CartesianIndex(6, 2) with a.
78     62     17         8.9786     32.5214    262.2116   % 
UB: 32.52142857142857
branching on CartesianIndex(1, 3) with a.
79     63     17         8.9786     32.5214    262.2116   % 
UB: 32.52142857142857
branching on 2 with b.
80     64     16         8.9786     32.5214    262.2116   % 
UB: 32.52142857142857
branching on CartesianIndex(6, 2) with a.
81     65     15         8.9786     32.5214    262.2116   % 
UB: 32.52142857142857
branching on CartesianIndex(5, 2) with a.
82     66     16         8.9786     32.5214    262.2116   % 
UB: 32.52142857142857
branching on CartesianIndex(6, 2) with a.
83     67     17         8.9786     32.5214    262.2116   % 
UB: 32.52142857142857
branching on 3 with b.
84     68     17         8.9786     32.5214    262.2116   % 
UB: 32.52142857142857
branching on CartesianIndex(1, 3) with a.
85     69     16         8.9786     32.5214    262.2116   % 
LB close or above UB, fathomed
86     68     15         8.9786     32.5214    262.2116   % 
UB: 32.52142857142857
branching on CartesianIndex(1, 3) with a.
87     69     11         11.9075    32.5214    173.1183   % 
UB: 32.52142857142857
branching on CartesianIndex(4, 1) with a.
88     70     12         11.9075    32.5214    173.1183   % 
UB: 32.52142857142857
branching on 1 with b.
89     71     13         11.9075    32.5214    173.1183   % 
UB: 32.52142857142857
branching on 2 with b.
90     72     13         11.9075    32.5214    173.1183   % 
UB: 32.52142857142857
branching on 2 with b.
91     73     12         11.9075    32.5214    173.1183   % 
UB: 32.52142857142857
branching on CartesianIndex(1, 2) with a.
92     74     11         11.9075    32.5214    173.1183   % 
LB close or above UB, fathomed
93     73     13         11.9214    32.5214    172.7981   % 
UB: 32.52142857142857
branching on CartesianIndex(2, 2) with a.
94     74     13         11.9214    32.5214    172.7981   % 
UB: 32.52142857142857
branching on CartesianIndex(1, 3) with a.
95     75     22         11.9214    32.5214    172.7981   % 
UB: 32.52142857142857
branching on 1 with b.
96     76     23         11.9214    32.5214    172.7981   % 
UB: 32.52142857142857
branching on CartesianIndex(4, 3) with a.
97     77     23         11.9214    32.5214    172.7981   % 
UB: 32.52142857142857
branching on CartesianIndex(4, 3) with a.
98     78     22         11.9214    32.5214    172.7981   % 
LB close or above UB, fathomed
99     77     12         11.9214    32.5214    172.7981   % 
UB: 32.52142857142857
branching on CartesianIndex(4, 2) with a.
100    78     13         11.9214    32.5214    172.7981   % 
UB: 32.52142857142857
branching on CartesianIndex(5, 2) with a.
101    79     14         11.9214    32.5214    172.7981   % 
UB: 32.52142857142857
branching on CartesianIndex(6, 2) with a.
102    80     15         11.9214    32.5214    172.7981   % 
UB: 32.52142857142857
branching on 1 with b.
103    81     15         11.9214    32.5214    172.7981   % 
UB: 32.52142857142857
branching on CartesianIndex(1, 3) with a.
104    82     14         11.9214    32.5214    172.7981   % 
UB: 32.52142857142857
branching on CartesianIndex(1, 3) with a.
105    83     13         11.9214    32.5214    172.7981   % 
UB: 32.52142857142857
branching on CartesianIndex(1, 3) with a.
106    84     12         11.9214    32.5214    172.7981   % 
LB close or above UB, fathomed
107    83     12         11.9214    32.5214    172.7981   % 
UB: 32.52142857142857
branching on CartesianIndex(2, 2) with a.
108    84     13         11.9214    32.5214    172.7981   % 
UB: 32.52142857142857
branching on CartesianIndex(3, 2) with a.
109    85     14         11.9214    32.5214    172.7981   % 
UB: 32.52142857142857
branching on CartesianIndex(4, 2) with a.
110    86     15         11.9214    32.5214    172.7981   % 
UB: 32.52142857142857
branching on CartesianIndex(5, 2) with a.
111    87     16         11.9214    32.5214    172.7981   % 
UB: 32.52142857142857
branching on CartesianIndex(6, 2) with a.
112    88     16         11.9214    32.5214    172.7981   % 
UB: 32.52142857142857
branching on CartesianIndex(1, 3) with a.
113    89     15         11.9214    32.5214    172.7981   % 
LB close or above UB, fathomed
114    88     14         11.9214    32.5214    172.7981   % 
LB close or above UB, fathomed
115    87     13         11.9214    32.5214    172.7981   % 
LB close or above UB, fathomed
116    86     12         11.9214    32.5214    172.7981   % 
LB close or above UB, fathomed
117    85     15         11.9214    32.5214    172.7981   % 
UB: 32.52142857142857
branching on CartesianIndex(5, 2) with a.
118    86     16         11.9214    32.5214    172.7981   % 
UB: 32.52142857142857
branching on 3 with b.
119    87     17         11.9214    32.5214    172.7981   % 
UB: 32.52142857142857
branching on CartesianIndex(6, 2) with a.
120    88     18         11.9214    32.5214    172.7981   % 
UB: 32.52142857142857
branching on CartesianIndex(1, 3) with a.
121    89     18         11.9214    32.5214    172.7981   % 
UB: 32.52142857142857
branching on CartesianIndex(1, 3) with a.
122    90     19         11.9214    32.5214    172.7981   % 
UB: 32.52142857142857
branching on CartesianIndex(2, 3) with a.
123    91     19         11.9214    32.5214    172.7981   % 
UB: 32.52142857142857
branching on CartesianIndex(1, 4) with c.
124    92     17         11.9214    32.5214    172.7981   % 
LB close or above UB, fathomed
125    91     16         11.9214    32.5214    172.7981   % 
UB: 32.52142857142857
branching on 3 with b.
126    92     15         11.9214    32.5214    172.7981   % 
LB close or above UB, fathomed
127    91     20         11.9214    32.5214    172.7981   % 
UB: 32.52142857142857
branching on CartesianIndex(3, 3) with a.
128    92     21         11.9214    32.5214    172.7981   % 
UB: 32.52142857142857
branching on 1 with b.
129    93     22         11.9214    32.5214    172.7981   % 
UB: 32.52142857142857
branching on CartesianIndex(4, 3) with a.
130    94     22         11.9214    32.5214    172.7981   % 
UB: 32.52142857142857
branching on CartesianIndex(4, 3) with a.
131    95     21         11.9214    32.5214    172.7981   % 
LB close or above UB, fathomed
132    94     20         11.9214    32.5214    172.7981   % 
UB: 32.52142857142857
branching on CartesianIndex(1, 4) with c.
133    95     23         11.9214    32.5214    172.7981   % 
UB: 32.52142857142857
branching on CartesianIndex(5, 3) with a.
134    96     24         11.9214    32.5214    172.7981   % 
UB: 32.52142857142857
branching on CartesianIndex(6, 3) with a.
135    97     24         11.9214    32.5214    172.7981   % 
LB close or above UB, fathomed
136    96     23         11.9214    32.5214    172.7981   % 
UB: 32.52142857142857
branching on CartesianIndex(1, 4) with c.
137    97     14         14.8503    32.5214    118.9950   % 
UB: 32.52142857142857
branching on CartesianIndex(5, 1) with a.
138    98     14         14.8503    32.5214    118.9950   % 
UB: 32.52142857142857
branching on CartesianIndex(5, 1) with a.
139    99     9          14.8508    32.5214    118.9881   % 
UB: 32.52142857142857
branching on CartesianIndex(3, 2) with a.
140    100    10         14.8508    32.5214    118.9881   % 
UB: 32.52142857142857
branching on 2 with b.
141    101    11         14.8508    32.5214    118.9881   % 
UB: 32.52142857142857
branching on 3 with b.
142    102    12         14.8508    32.5214    118.9881   % 
UB: 32.52142857142857
branching on CartesianIndex(4, 2) with a.
143    103    12         14.8508    32.5214    118.9881   % 
UB: 32.52142857142857
branching on CartesianIndex(4, 2) with a.
144    104    13         14.8508    32.5214    118.9881   % 
UB: 32.52142857142857
branching on CartesianIndex(5, 2) with a.
145    105    14         14.8508    32.5214    118.9881   % 
UB: 32.52142857142857
branching on CartesianIndex(6, 2) with a.
146    106    15         14.8508    32.5214    118.9881   % 
UB: 32.52142857142857
branching on CartesianIndex(1, 3) with a.
147    107    15         14.8508    32.5214    118.9881   % 
UB: 32.52142857142857
branching on CartesianIndex(1, 3) with a.
148    108    14         14.8508    32.5214    118.9881   % 
UB: 32.52142857142857
branching on 1 with b.
149    109    13         14.8508    32.5214    118.9881   % 
UB: 32.52142857142857
branching on CartesianIndex(1, 3) with a.
150    110    11         14.8508    32.5214    118.9881   % 
UB: 32.52142857142857
branching on 3 with b.
151    111    10         14.8508    32.5214    118.9881   % 
UB: 32.52142857142857
branching on 2 with b.
152    112    9          14.8508    32.5214    118.9881   % 
UB: 32.52142857142857
branching on 2 with b.
153    113    15         14.8643    32.5214    118.7890   % 
UB: 32.52142857142857
branching on 3 with b.
154    114    15         14.8643    32.5214    118.7890   % 
UB: 32.52142857142857
branching on 3 with b.
155    115    17         14.8643    32.5214    118.7890   % 
UB: 32.52142857142857
branching on CartesianIndex(1, 3) with a.
156    116    17         14.8643    32.5214    118.7890   % 
UB: 32.52142857142857
branching on 2 with b.
157    117    14         14.8643    32.5214    118.7890   % 
UB: 32.52142857142857
branching on CartesianIndex(1, 2) with a.
158    118    15         14.8643    32.5214    118.7890   % 
UB: 32.52142857142857
branching on CartesianIndex(2, 2) with a.
159    119    15         14.8643    32.5214    118.7890   % 
UB: 32.52142857142857
branching on 1 with b.
160    120    14         14.8643    32.5214    118.7890   % 
LB close or above UB, fathomed
161    119    12         14.8643    32.5214    118.7890   % 
UB: 32.52142857142857
branching on CartesianIndex(2, 2) with a.
162    120    12         14.8643    32.5214    118.7890   % 
UB: 32.52142857142857
branching on CartesianIndex(1, 3) with a.
163    121    7          14.8643    32.5214    118.7890   % 
UB: 32.52142857142857
branching on 2 with b.
164    122    8          14.8643    32.5214    118.7890   % 
UB: 32.52142857142857
branching on 3 with b.
165    123    9          14.8643    32.5214    118.7890   % 
UB: 32.52142857142857
branching on CartesianIndex(2, 1) with a.
166    124    10         14.8643    32.5214    118.7890   % 
UB: 32.52142857142857
branching on 1 with b.
167    125    11         14.8643    32.5214    118.7890   % 
UB: 32.52142857142857
branching on CartesianIndex(3, 1) with a.
168    126    12         14.8643    32.5214    118.7890   % 
UB: 32.52142857142857
branching on CartesianIndex(4, 1) with a.
169    127    13         14.8643    32.5214    118.7890   % 
UB: 32.52142857142857
branching on CartesianIndex(5, 1) with a.
170    128    13         14.8643    32.5214    118.7890   % 
UB: 32.52142857142857
branching on CartesianIndex(1, 2) with a.
171    129    12         14.8643    32.5214    118.7890   % 
LB close or above UB, fathomed
172    128    11         14.8643    32.5214    118.7890   % 
UB: 32.52142857142857
branching on CartesianIndex(3, 1) with a.
173    129    10         14.8643    32.5214    118.7890   % 
UB: 32.52142857142857
branching on CartesianIndex(1, 2) with a.
174    130    9          14.8643    32.5214    118.7890   % 
UB: 32.52142857142857
branching on CartesianIndex(2, 1) with a.
175    131    8          14.8643    32.5214    118.7890   % 
LB close or above UB, fathomed
176    130    7          14.8643    32.5214    118.7890   % 
LB close or above UB, fathomed
177    129    18         14.8643    32.5214    118.7890   % 
UB: 32.52142857142857
branching on CartesianIndex(1, 3) with a.
178    130    19         14.8643    32.5214    118.7890   % 
UB: 32.52142857142857
branching on CartesianIndex(2, 3) with a.
179    131    19         14.8643    32.5214    118.7890   % 
LB close or above UB, fathomed
180    130    18         14.8643    32.5214    118.7890   % 
LB close or above UB, fathomed
181    129    14         14.8643    32.5214    118.7890   % 
UB: 32.52142857142857
branching on CartesianIndex(2, 2) with a.
182    130    14         14.8643    32.5214    118.7890   % 
UB: 32.52142857142857
branching on 2 with b.
183    131    20         14.8643    32.5214    118.7890   % 
UB: 32.52142857142857
branching on CartesianIndex(3, 3) with a.
184    132    21         14.8643    32.5214    118.7890   % 
UB: 32.52142857142857
branching on CartesianIndex(4, 3) with a.
185    133    22         14.8643    32.5214    118.7890   % 
UB: 32.52142857142857
branching on 1 with b.
186    134    23         14.8643    32.5214    118.7890   % 
UB: 32.52142857142857
branching on CartesianIndex(5, 3) with a.
187    135    23         14.8643    32.5214    118.7890   % 
UB: 32.52142857142857
branching on CartesianIndex(5, 3) with a.
188    136    22         14.8643    32.5214    118.7890   % 
UB: 32.52142857142857
branching on CartesianIndex(1, 4) with c.
189    137    21         14.8643    32.5214    118.7890   % 
LB close or above UB, fathomed
190    136    20         14.8643    32.5214    118.7890   % 
UB: 32.52142857142857
branching on CartesianIndex(1, 4) with c.
191    137    25         14.8643    32.5214    118.7890   % 
UB: 32.52142857142857
branching on CartesianIndex(1, 4) with c.
192    138    26         14.8643    32.5214    118.7890   % 
LB close or above UB, fathomed
193    137    26         14.8643    32.5214    118.7890   % 
UB: 32.52142857142857
branching on CartesianIndex(1, 5) with c.
194    138    25         14.8643    32.5214    118.7890   % 
LB close or above UB, fathomed
195    137    18         14.8643    32.5214    118.7890   % 
UB: 32.52142857142857
branching on 3 with b.
196    138    18         14.8643    32.5214    118.7890   % 
UB: 32.52142857142857
branching on CartesianIndex(1, 3) with a.
197    139    19         14.8643    32.5214    118.7890   % 
UB: 32.52142857142857
branching on CartesianIndex(2, 3) with a.
198    140    20         14.8643    32.5214    118.7890   % 
UB: 32.52142857142857
branching on 3 with b.
199    141    21         14.8643    32.5214    118.7890   % 
UB: 32.52142857142857
branching on CartesianIndex(3, 3) with a.
200    142    22         14.8643    32.5214    118.7890   % 
UB: 32.52142857142857
branching on CartesianIndex(4, 3) with a.
201    143    23         14.8643    32.5214    118.7890   % 
UB: 32.52142857142857
branching on CartesianIndex(5, 3) with a.
202    144    24         14.8643    32.5214    118.7890   % 
UB: 32.52142857142857
branching on CartesianIndex(6, 3) with a.
203    145    24         14.8643    32.5214    118.7890   % 
LB close or above UB, fathomed
204    144    23         14.8643    32.5214    118.7890   % 
UB: 32.52142857142857
branching on CartesianIndex(1, 4) with c.
205    145    22         14.8643    32.5214    118.7890   % 
LB close or above UB, fathomed
206    144    21         14.8643    32.5214    118.7890   % 
LB close or above UB, fathomed
207    143    20         14.8643    32.5214    118.7890   % 
UB: 32.52142857142857
branching on 3 with b.
208    144    19         14.8643    32.5214    118.7890   % 
LB close or above UB, fathomed
209    143    27         14.8643    32.5214    118.7890   % 
UB: 32.52142857142857
branching on CartesianIndex(2, 5) with c.
210    144    28         14.8643    32.5214    118.7890   % 
UB: 32.52142857142857
branching on CartesianIndex(1, 6) with c.
211    145    29         14.8643    32.5214    118.7890   % 
LB close or above UB, fathomed
212    144    29         14.8643    32.5214    118.7890   % 
UB: 32.52142857142857
branching on 2 with b.
213    145    30         14.8643    32.5214    118.7890   % 
UB: 32.52142857142857
branching on CartesianIndex(1, 7) with c.
214    146    31         14.8643    32.5214    118.7890   % 
UB: 32.52142857142857
branching on CartesianIndex(2, 7) with c.
215    147    32         14.8643    32.5214    118.7890   % 
LB close or above UB, fathomed
216    146    32         14.8643    32.5214    118.7890   % 
UB: 32.52142857142857
branching on 3 with b.
217    147    33         14.8643    32.5214    118.7890   % 
UB: 32.52142857142857
branching on 1 with b.
218    148    34         14.8643    32.5214    118.7890   % 
UB: 29.57857142857143
branching on 2 with b.
219    149    35         14.8643    29.5786    98.9909    % 
UB: 29.57857142857143
branching on 3 with b.
220    116    35         14.8643    29.5786    98.9909    % 
UB: 29.57857142857143
branching on 3 with b.
221    117    34         14.8643    29.5786    98.9909    % 
UB: 29.57857142857143
branching on 2 with b.
222    118    33         14.8643    29.5786    98.9909    % 
LB close or above UB, fathomed
223    117    31         14.8643    29.5786    98.9909    % 
LB close or above UB, fathomed
224    116    30         14.8643    29.5786    98.9909    % 
UB: 29.57857142857143
branching on CartesianIndex(1, 7) with c.
225    117    28         14.8643    29.5786    98.9909    % 
LB close or above UB, fathomed
226    116    27         14.8643    29.5786    98.9909    % 
LB close or above UB, fathomed
227    115    24         14.8643    29.5786    98.9909    % 
UB: 29.57857142857143
branching on 2 with b.
228    116    24         14.8643    29.5786    98.9909    % 
LB close or above UB, fathomed
229    115    16         17.7936    29.5786    66.2312    % 
UB: 29.57857142857143
branching on CartesianIndex(2, 3) with a.
230    116    17         17.7936    29.5786    66.2312    % 
UB: 29.57857142857143
branching on 1 with b.
231    117    18         17.7936    29.5786    66.2312    % 
LB close or above UB, fathomed
232    116    18         17.7936    29.5786    66.2312    % 
UB: 29.57857142857143
branching on CartesianIndex(3, 3) with a.
233    117    19         17.7936    29.5786    66.2312    % 
UB: 29.57857142857143
branching on 2 with b.
234    118    20         17.7936    29.5786    66.2312    % 
UB: 29.57857142857143
branching on CartesianIndex(4, 3) with a.
235    119    20         17.7936    29.5786    66.2312    % 
UB: 29.57857142857143
branching on CartesianIndex(4, 3) with a.
236    120    19         17.7936    29.5786    66.2312    % 
LB close or above UB, fathomed
237    119    17         17.7936    29.5786    66.2312    % 
LB close or above UB, fathomed
238    118    16         17.7936    29.5786    66.2312    % 
LB close or above UB, fathomed
239    117    21         17.7936    29.5786    66.2312    % 
UB: 29.57857142857143
branching on CartesianIndex(5, 3) with a.
240    118    22         17.7936    29.5786    66.2312    % 
UB: 29.57857142857143
branching on 3 with b.
241    119    22         17.7936    29.5786    66.2312    % 
LB close or above UB, fathomed
242    118    21         17.7936    29.5786    66.2312    % 
LB close or above UB, fathomed
243    117    35         17.8071    29.5786    66.1051    % 
UB: 29.57857142857143
branching on 3 with b.
244    118    35         17.8071    29.5786    66.1051    % 
UB: 29.57857142857143
branching on 3 with b.
245    119    36         17.8071    29.5786    66.1051    % 
UB: 29.57857142857143
branching on 1 with b.
246    120    37         17.8071    29.5786    66.1051    % 
UB: 29.57857142857143
branching on 2 with b.
247    121    38         17.8071    29.5786    66.1051    % 
UB: 29.57857142857143
branching on 3 with b.
248    122    38         17.8071    29.5786    66.1051    % 
UB: 29.57857142857143
branching on 3 with b.
249    123    37         17.8071    29.5786    66.1051    % 
UB: 29.57857142857143
branching on 2 with b.
250    124    36         17.8071    29.5786    66.1051    % 
UB: 29.57857142857143
branching on 1 with b.
251    125    15         17.8071    29.5786    66.1051    % 
UB: 29.57857142857143
branching on CartesianIndex(3, 2) with a.
252    126    16         17.8071    29.5786    66.1051    % 
UB: 29.57857142857143
branching on CartesianIndex(4, 2) with a.
253    127    17         17.8071    29.5786    66.1051    % 
UB: 29.57857142857143
branching on CartesianIndex(5, 2) with a.
254    128    18         17.8071    29.5786    66.1051    % 
UB: 29.57857142857143
branching on 2 with b.
255    129    19         17.8071    29.5786    66.1051    % 
UB: 29.57857142857143
branching on CartesianIndex(6, 2) with a.
256    130    19         17.8071    29.5786    66.1051    % 
UB: 29.57857142857143
branching on 3 with b.
257    131    18         17.8071    29.5786    66.1051    % 
LB close or above UB, fathomed
258    130    17         17.8071    29.5786    66.1051    % 
LB close or above UB, fathomed
259    129    16         17.8071    29.5786    66.1051    % 
LB close or above UB, fathomed
260    128    15         17.8071    29.5786    66.1051    % 
LB close or above UB, fathomed
261    127    10         17.8071    29.5786    66.1051    % 
UB: 29.57857142857143
branching on CartesianIndex(3, 1) with a.
262    128    11         17.8071    29.5786    66.1051    % 
UB: 29.57857142857143
branching on CartesianIndex(4, 1) with a.
263    129    12         17.8071    29.5786    66.1051    % 
UB: 29.57857142857143
branching on CartesianIndex(5, 1) with a.
264    130    12         17.8071    29.5786    66.1051    % 
UB: 29.57857142857143
branching on CartesianIndex(1, 2) with a.
265    131    11         17.8071    29.5786    66.1051    % 
LB close or above UB, fathomed
266    130    10         17.8071    29.5786    66.1051    % 
UB: 29.57857142857143
branching on 1 with b.
267    131    14         17.8071    29.5786    66.1051    % 
UB: 29.57857142857143
branching on CartesianIndex(6, 1) with a.
268    132    14         17.8071    29.5786    66.1051    % 
UB: 29.57857142857143
branching on 2 with b.
269    133    16         17.8071    29.5786    66.1051    % 
LB close or above UB, fathomed
270    132    16         17.8071    29.5786    66.1051    % 
UB: 29.57857142857143
branching on CartesianIndex(1, 2) with a.
271    133    16         17.8071    29.5786    66.1051    % 
UB: 29.57857142857143
branching on CartesianIndex(2, 3) with a.
272    134    17         17.8071    29.5786    66.1051    % 
UB: 29.57857142857143
branching on CartesianIndex(3, 3) with a.
273    135    18         17.8071    29.5786    66.1051    % 
UB: 29.57857142857143
branching on CartesianIndex(4, 3) with a.
274    136    19         17.8071    29.5786    66.1051    % 
UB: 29.57857142857143
branching on CartesianIndex(5, 3) with a.
275    137    20         17.8071    29.5786    66.1051    % 
UB: 29.57857142857143
branching on CartesianIndex(6, 3) with a.
276    138    20         17.8071    29.5786    66.1051    % 
LB close or above UB, fathomed
277    137    19         17.8071    29.5786    66.1051    % 
LB close or above UB, fathomed
278    136    18         17.8071    29.5786    66.1051    % 
LB close or above UB, fathomed
279    135    17         17.8071    29.5786    66.1051    % 
LB close or above UB, fathomed
280    134    16         17.8071    29.5786    66.1051    % 
LB close or above UB, fathomed
281    133    23         17.8071    29.5786    66.1051    % 
UB: 29.57857142857143
branching on CartesianIndex(5, 3) with a.
282    134    24         17.8071    29.5786    66.1051    % 
UB: 29.57857142857143
branching on CartesianIndex(6, 3) with a.
283    135    24         17.8071    29.5786    66.1051    % 
LB close or above UB, fathomed
284    134    23         17.8071    29.5786    66.1051    % 
LB close or above UB, fathomed
285    133    16         17.8071    29.5786    66.1051    % 
UB: 29.57857142857143
branching on CartesianIndex(2, 3) with a.
286    134    17         17.8071    29.5786    66.1051    % 
UB: 29.57857142857143
branching on CartesianIndex(3, 3) with a.
287    135    18         17.8071    29.5786    66.1051    % 
UB: 29.57857142857143
branching on CartesianIndex(4, 3) with a.
288    136    19         17.8071    29.5786    66.1051    % 
UB: 29.57857142857143
branching on CartesianIndex(5, 3) with a.
289    137    20         17.8071    29.5786    66.1051    % 
UB: 29.57857142857143
branching on 1 with b.
290    138    21         17.8071    29.5786    66.1051    % 
UB: 29.57857142857143
branching on 2 with b.
291    139    22         17.8071    29.5786    66.1051    % 
UB: 29.57857142857143
branching on 3 with b.
292    140    22         17.8071    29.5786    66.1051    % 
UB: 29.57857142857143
branching on 3 with b.
293    141    21         17.8071    29.5786    66.1051    % 
LB close or above UB, fathomed
294    140    20         17.8071    29.5786    66.1051    % 
LB close or above UB, fathomed
295    139    19         17.8071    29.5786    66.1051    % 
LB close or above UB, fathomed
296    138    18         17.8071    29.5786    66.1051    % 
LB close or above UB, fathomed
297    137    17         17.8071    29.5786    66.1051    % 
LB close or above UB, fathomed
298    136    16         17.8071    29.5786    66.1051    % 
LB close or above UB, fathomed
299    135    24         17.8071    29.5786    66.1051    % 
UB: 29.57857142857143
branching on 2 with b.
300    136    25         17.8071    29.5786    66.1051    % 
LB close or above UB, fathomed
301    135    25         17.8071    29.5786    66.1051    % 
UB: 29.57857142857143
branching on CartesianIndex(5, 3) with a.
302    136    26         17.8071    29.5786    66.1051    % 
UB: 29.57857142857143
branching on CartesianIndex(6, 3) with a.
303    137    26         17.8071    29.5786    66.1051    % 
LB close or above UB, fathomed
304    136    24         17.8071    29.5786    66.1051    % 
LB close or above UB, fathomed
305    135    17         17.8071    29.5786    66.1051    % 
LB close or above UB, fathomed
306    134    17         17.8071    29.5786    66.1051    % 
UB: 29.57857142857143
branching on CartesianIndex(1, 3) with a.
307    135    18         17.8071    29.5786    66.1051    % 
UB: 29.57857142857143
branching on 2 with b.
308    136    19         17.8071    29.5786    66.1051    % 
UB: 29.57857142857143
branching on CartesianIndex(2, 3) with a.
309    137    20         17.8071    29.5786    66.1051    % 
UB: 29.57857142857143
branching on CartesianIndex(3, 3) with a.
310    138    21         17.8071    29.5786    66.1051    % 
UB: 29.57857142857143
branching on CartesianIndex(4, 3) with a.
311    139    22         17.8071    29.5786    66.1051    % 
UB: 29.57857142857143
branching on CartesianIndex(5, 3) with a.
312    140    23         17.8071    29.5786    66.1051    % 
UB: 29.57857142857143
branching on CartesianIndex(6, 3) with a.
313    141    23         17.8071    29.5786    66.1051    % 
LB close or above UB, fathomed
314    140    22         17.8071    29.5786    66.1051    % 
LB close or above UB, fathomed
315    139    21         17.8071    29.5786    66.1051    % 
LB close or above UB, fathomed
316    138    20         17.8071    29.5786    66.1051    % 
LB close or above UB, fathomed
317    137    19         17.8071    29.5786    66.1051    % 
LB close or above UB, fathomed
318    136    18         17.8071    29.5786    66.1051    % 
LB close or above UB, fathomed
319    135    23         17.8071    29.5786    66.1051    % 
LB close or above UB, fathomed
320    134    23         17.8071    29.5786    66.1051    % 
UB: 29.57857142857143
branching on CartesianIndex(6, 3) with a.
321    135    24         17.8071    29.5786    66.1051    % 
UB: 29.57857142857143
branching on CartesianIndex(1, 4) with c.
322    136    25         17.8071    29.5786    66.1051    % 
LB close or above UB, fathomed
323    135    25         17.8071    29.5786    66.1051    % 
UB: 29.57857142857143
branching on CartesianIndex(1, 5) with c.
324    136    26         17.8071    29.5786    66.1051    % 
UB: 29.57857142857143
branching on CartesianIndex(2, 5) with c.
325    137    27         17.8071    29.5786    66.1051    % 
UB: 29.57857142857143
branching on CartesianIndex(1, 6) with c.
326    138    28         17.8071    29.5786    66.1051    % 
LB close or above UB, fathomed
327    137    28         17.8071    29.5786    66.1051    % 
UB: 29.57857142857143
branching on CartesianIndex(1, 7) with c.
328    138    29         17.8071    29.5786    66.1051    % 
UB: 29.57857142857143
branching on CartesianIndex(2, 7) with c.
329    139    30         17.8071    29.5786    66.1051    % 
LB close or above UB, fathomed
330    138    30         17.8071    29.5786    66.1051    % 
UB: 29.57857142857143
branching on 1 with b.
331    139    31         17.8071    29.5786    66.1051    % 
UB: 29.57857142857143
branching on 2 with b.
332    140    32         17.8071    29.5786    66.1051    % 
UB: 29.57857142857143
branching on 3 with b.
333    141    33         17.8071    29.5786    66.1051    % 
LB close or above UB, fathomed
334    140    33         17.8071    29.5786    66.1051    % 
UB: 29.57857142857143
branching on 1 with b.
335    141    34         17.8071    29.5786    66.1051    % 
UB: 29.57857142857143
branching on 2 with b.
336    142    35         17.8071    29.5786    66.1051    % 
UB: 29.57857142857143
branching on 3 with b.
337    143    35         17.8071    29.5786    66.1051    % 
UB: 29.57857142857143
branching on 3 with b.
338    144    34         17.8071    29.5786    66.1051    % 
UB: 29.57857142857143
branching on 2 with b.
339    145    32         17.8071    29.5786    66.1051    % 
LB close or above UB, fathomed
340    144    31         17.8071    29.5786    66.1051    % 
UB: 29.57857142857143
branching on 2 with b.
341    145    29         17.8071    29.5786    66.1051    % 
LB close or above UB, fathomed
342    144    27         17.8071    29.5786    66.1051    % 
LB close or above UB, fathomed
343    143    26         17.8071    29.5786    66.1051    % 
LB close or above UB, fathomed
344    142    24         17.8071    29.5786    66.1051    % 
LB close or above UB, fathomed
345    141    25         17.8071    29.5786    66.1051    % 
UB: 29.57857142857143
branching on CartesianIndex(6, 3) with a.
346    142    25         17.8071    29.5786    66.1051    % 
UB: 29.57857142857143
branching on CartesianIndex(6, 3) with a.
347    143    26         17.8071    29.5786    66.1051    % 
UB: 29.57857142857143
branching on CartesianIndex(1, 4) with c.
348    144    27         17.8071    29.5786    66.1051    % 
LB close or above UB, fathomed
349    143    27         17.8071    29.5786    66.1051    % 
UB: 29.57857142857143
branching on CartesianIndex(1, 5) with c.
350    144    28         17.8071    29.5786    66.1051    % 
UB: 29.57857142857143
branching on 3 with b.
351    145    29         17.8071    29.5786    66.1051    % 
UB: 29.57857142857143
branching on CartesianIndex(2, 5) with c.
352    146    30         17.8071    29.5786    66.1051    % 
UB: 29.57857142857143
branching on CartesianIndex(1, 6) with c.
353    147    31         17.8071    29.5786    66.1051    % 
LB close or above UB, fathomed
354    146    31         17.8071    29.5786    66.1051    % 
UB: 29.57857142857143
branching on CartesianIndex(1, 7) with c.
355    147    32         17.8071    29.5786    66.1051    % 
UB: 29.57857142857143
branching on CartesianIndex(2, 7) with c.
356    148    33         17.8071    29.5786    66.1051    % 
LB close or above UB, fathomed
357    147    33         17.8071    29.5786    66.1051    % 
UB: 29.57857142857143
branching on 1 with b.
358    148    34         17.8071    29.5786    66.1051    % 
UB: 29.57857142857143
branching on 2 with b.
359    149    35         17.8071    29.5786    66.1051    % 
UB: 29.57857142857143
branching on 3 with b.
360    150    35         17.8071    29.5786    66.1051    % 
LB close or above UB, fathomed
361    149    34         17.8071    29.5786    66.1051    % 
UB: 26.635714285714286
branching on 2 with b.
362    150    32         17.8071    26.6357    49.5788    % 
LB close or above UB, fathomed
363    117    30         17.8071    26.6357    49.5788    % 
LB close or above UB, fathomed
364    116    29         17.8071    26.6357    49.5788    % 
LB close or above UB, fathomed
365    115    28         17.8071    26.6357    49.5788    % 
LB close or above UB, fathomed
366    114    26         17.8071    26.6357    49.5788    % 
LB close or above UB, fathomed
367    113    25         17.8071    26.6357    49.5788    % 
UB: 26.635714285714286
branching on CartesianIndex(1, 4) with c.
368    114    26         17.8071    26.6357    49.5788    % 
LB close or above UB, fathomed
369    113    26         17.8071    26.6357    49.5788    % 
UB: 26.635714285714286
branching on 1 with b.
370    114    27         17.8071    26.6357    49.5788    % 
UB: 26.635714285714286
branching on CartesianIndex(1, 5) with c.
371    115    27         17.8071    26.6357    49.5788    % 
UB: 26.635714285714286
branching on CartesianIndex(1, 5) with c.
372    116    25         17.8071    26.6357    49.5788    % 
LB close or above UB, fathomed
373    115    18         17.8071    26.6357    49.5788    % 
UB: 26.635714285714286
branching on CartesianIndex(2, 3) with a.
374    116    19         17.8071    26.6357    49.5788    % 
UB: 26.635714285714286
branching on CartesianIndex(3, 3) with a.
375    117    20         17.8071    26.6357    49.5788    % 
UB: 26.635714285714286
branching on 3 with b.
376    118    21         17.8071    26.6357    49.5788    % 
UB: 26.635714285714286
branching on 1 with b.
377    119    22         17.8071    26.6357    49.5788    % 
UB: 26.635714285714286
branching on CartesianIndex(4, 3) with a.
378    120    23         17.8071    26.6357    49.5788    % 
UB: 26.635714285714286
branching on CartesianIndex(5, 3) with a.
379    121    24         17.8071    26.6357    49.5788    % 
UB: 26.635714285714286
branching on CartesianIndex(6, 3) with a.
380    122    24         17.8071    26.6357    49.5788    % 
LB close or above UB, fathomed
381    121    23         17.8071    26.6357    49.5788    % 
LB close or above UB, fathomed
382    120    22         17.8071    26.6357    49.5788    % 
LB close or above UB, fathomed
383    119    21         17.8071    26.6357    49.5788    % 
LB close or above UB, fathomed
384    118    20         17.8071    26.6357    49.5788    % 
LB close or above UB, fathomed
385    117    19         17.8071    26.6357    49.5788    % 
LB close or above UB, fathomed
386    116    18         17.8071    26.6357    49.5788    % 
LB close or above UB, fathomed
387    115    16         17.8719    26.6357    49.0372    % 
UB: 26.635714285714286
branching on CartesianIndex(1, 3) with a.
388    116    16         17.8719    26.6357    49.0372    % 
LB close or above UB, fathomed
389    115    5          20.7000    26.6357    28.6749    % 
UB: 26.635714285714286
branching on CartesianIndex(2, 1) with a.
390    116    6          20.7000    26.6357    28.6749    % 
UB: 26.635714285714286
branching on 1 with b.
391    117    7          20.7000    26.6357    28.6749    % 
UB: 26.635714285714286
branching on CartesianIndex(3, 1) with a.
392    118    7          20.7000    26.6357    28.6749    % 
UB: 26.635714285714286
branching on 1 with b.
393    119    8          20.7000    26.6357    28.6749    % 
UB: 26.635714285714286
branching on 2 with b.
394    120    9          20.7000    26.6357    28.6749    % 
UB: 26.635714285714286
branching on CartesianIndex(3, 1) with a.
395    121    10         20.7000    26.6357    28.6749    % 
UB: 26.635714285714286
branching on CartesianIndex(4, 1) with a.
396    122    11         20.7000    26.6357    28.6749    % 
UB: 26.635714285714286
branching on CartesianIndex(5, 1) with a.
397    123    12         20.7000    26.6357    28.6749    % 
UB: 26.635714285714286
branching on 1 with b.
398    124    12         20.7000    26.6357    28.6749    % 
LB close or above UB, fathomed
399    123    11         20.7000    26.6357    28.6749    % 
LB close or above UB, fathomed
400    122    10         20.7000    26.6357    28.6749    % 
LB close or above UB, fathomed
401    121    9          20.7000    26.6357    28.6749    % 
LB close or above UB, fathomed
402    120    8          20.7000    26.6357    28.6749    % 
LB close or above UB, fathomed
403    119    6          20.7000    26.6357    28.6749    % 
LB close or above UB, fathomed
404    118    5          20.7000    26.6357    28.6749    % 
LB close or above UB, fathomed
405    117    15         20.7360    26.6357    28.4514    % 
LB close or above UB, fathomed
406    116    15         20.7360    26.6357    28.4514    % 
UB: 26.635714285714286
branching on CartesianIndex(1, 2) with a.
407    117    23         20.7365    26.6357    28.4485    % 
UB: 26.635714285714286
branching on CartesianIndex(6, 3) with a.
408    118    24         20.7365    26.6357    28.4485    % 
UB: 26.635714285714286
branching on CartesianIndex(1, 4) with c.
409    119    25         20.7365    26.6357    28.4485    % 
LB close or above UB, fathomed
410    118    25         20.7365    26.6357    28.4485    % 
UB: 26.635714285714286
branching on CartesianIndex(1, 5) with c.
411    119    24         20.7365    26.6357    28.4485    % 
LB close or above UB, fathomed
412    118    23         20.7365    26.6357    28.4485    % 
LB close or above UB, fathomed
413    117    16         20.7500    26.6357    28.3649    % 
UB: 26.635714285714286
branching on 3 with b.
414    118    17         20.7500    26.6357    28.3649    % 
LB close or above UB, fathomed
415    117    17         20.7500    26.6357    28.3649    % 
UB: 26.635714285714286
branching on CartesianIndex(2, 2) with a.
416    118    16         20.7500    26.6357    28.3649    % 
LB close or above UB, fathomed
417    117    36         20.7500    26.6357    28.3649    % 
UB: 26.635714285714286
branching on 1 with b.
418    118    37         20.7500    26.6357    28.3649    % 
UB: 26.635714285714286
branching on 2 with b.
419    119    38         20.7500    26.6357    28.3649    % 
UB: 26.635714285714286
branching on 3 with b.
420    120    39         20.7500    26.6357    28.3649    % 
UB: 26.635714285714286
branching on 1 with b.
421    121    39         20.7500    26.6357    28.3649    % 
UB: 26.635714285714286
branching on 1 with b.
422    122    40         20.7500    26.6357    28.3649    % 
LB close or above UB, fathomed
423    121    40         20.7500    26.6357    28.3649    % 
UB: 26.635714285714286
branching on 2 with b.
424    122    38         20.7500    26.6357    28.3649    % 
LB close or above UB, fathomed
425    121    37         20.7500    26.6357    28.3649    % 
LB close or above UB, fathomed
426    120    36         20.7500    23.6929    14.1824    % 
LB close or above UB, fathomed
427    59     35         20.7500    23.6929    14.1824    % 
LB close or above UB, fathomed
428    58     35         20.7500    23.6929    14.1824    % 
LB close or above UB, fathomed
429    57     36         20.7500    23.6929    14.1824    % 
LB close or above UB, fathomed
430    56     36         20.7500    23.6929    14.1824    % 
UB: 23.692857142857143
branching on 1 with b.
431    57     37         20.7500    23.6929    14.1824    % 
UB: 23.692857142857143
branching on 2 with b.
432    58     38         20.7500    23.6929    14.1824    % 
LB close or above UB, fathomed
433    57     38         20.7500    23.6929    14.1824    % 
LB close or above UB, fathomed
434    56     37         20.7500    23.6929    14.1824    % 
LB close or above UB, fathomed
435    55     25         20.7500    23.6929    14.1824    % 
UB: 23.692857142857143
branching on CartesianIndex(1, 4) with c.
436    56     26         20.7500    23.6929    14.1824    % 
LB close or above UB, fathomed
437    55     26         20.7500    23.6929    14.1824    % 
UB: 23.692857142857143
branching on CartesianIndex(1, 5) with c.
438    56     27         20.7500    23.6929    14.1824    % 
UB: 23.692857142857143
branching on CartesianIndex(2, 5) with c.
439    57     28         20.7500    23.6929    14.1824    % 
UB: 23.692857142857143
branching on CartesianIndex(1, 6) with c.
440    58     29         20.7500    23.6929    14.1824    % 
LB close or above UB, fathomed
441    57     29         20.7500    23.6929    14.1824    % 
UB: 23.692857142857143
branching on CartesianIndex(1, 7) with c.
442    58     30         20.7500    23.6929    14.1824    % 
UB: 23.692857142857143
branching on CartesianIndex(2, 7) with c.
443    59     31         20.7500    23.6929    14.1824    % 
LB close or above UB, fathomed
444    58     31         20.7500    23.6929    14.1824    % 
UB: 23.692857142857143
branching on 2 with b.
445    59     32         20.7500    23.6929    14.1824    % 
UB: 23.692857142857143
branching on 3 with b.
446    60     33         20.7500    23.6929    14.1824    % 
UB: 23.692857142857143
branching on 1 with b.
447    61     34         20.7500    23.6929    14.1824    % 
UB: 23.692857142857143
branching on 2 with b.
448    62     35         20.7500    23.6929    14.1824    % 
LB close or above UB, fathomed
449    61     35         20.7500    23.6929    14.1824    % 
LB close or above UB, fathomed
450    60     34         20.7500    23.6929    14.1824    % 
LB close or above UB, fathomed
451    59     33         20.7500    23.6929    14.1824    % 
LB close or above UB, fathomed
452    58     32         20.7500    23.6929    14.1824    % 
LB close or above UB, fathomed
453    57     30         20.7500    23.6929    14.1824    % 
LB close or above UB, fathomed
454    56     28         20.7500    23.6929    14.1824    % 
LB close or above UB, fathomed
455    55     27         20.7500    23.6929    14.1824    % 
LB close or above UB, fathomed
456    54     25         20.7500    23.6929    14.1824    % 
LB close or above UB, fathomed
457    53     21         20.7500    23.6929    14.1824    % 
UB: 23.692857142857143
branching on 1 with b.
458    54     22         20.7500    23.6929    14.1824    % 
LB close or above UB, fathomed
459    53     22         20.7500    23.6929    14.1824    % 
UB: 23.692857142857143
branching on 2 with b.
460    54     23         20.7500    23.6929    14.1824    % 
UB: 23.692857142857143
branching on 3 with b.
461    55     24         20.7500    23.6929    14.1824    % 
UB: 23.692857142857143
branching on CartesianIndex(1, 4) with c.
462    56     25         20.7500    23.6929    14.1824    % 
LB close or above UB, fathomed
463    55     25         20.7500    23.6929    14.1824    % 
UB: 23.692857142857143
branching on CartesianIndex(1, 5) with c.
464    56     26         20.7500    23.6929    14.1824    % 
UB: 23.692857142857143
branching on CartesianIndex(2, 5) with c.
465    57     27         20.7500    23.6929    14.1824    % 
UB: 23.692857142857143
branching on CartesianIndex(1, 6) with c.
466    58     28         20.7500    23.6929    14.1824    % 
LB close or above UB, fathomed
467    57     28         20.7500    23.6929    14.1824    % 
UB: 23.692857142857143
branching on CartesianIndex(1, 7) with c.
468    58     29         20.7500    23.6929    14.1824    % 
UB: 23.692857142857143
branching on CartesianIndex(2, 7) with c.
469    59     30         20.7500    23.6929    14.1824    % 
LB close or above UB, fathomed
470    58     30         20.7500    23.6929    14.1824    % 
UB: 23.692857142857143
branching on 1 with b.
471    59     31         20.7500    23.6929    14.1824    % 
LB close or above UB, fathomed
472    58     31         20.7500    23.6929    14.1824    % 
UB: 23.692857142857143
branching on 2 with b.
473    59     32         20.7500    23.6929    14.1824    % 
LB close or above UB, fathomed
474    58     32         20.7500    23.6929    14.1824    % 
UB: 23.692857142857143
branching on 3 with b.
475    59     33         20.7500    23.6929    14.1824    % 
UB: 23.692857142857143
branching on 1 with b.
476    60     34         20.7500    23.6929    14.1824    % 
LB close or above UB, fathomed
477    59     34         20.7500    23.6929    14.1824    % 
UB: 23.692857142857143
branching on 2 with b.
478    60     35         20.7500    23.6929    14.1824    % 
LB close or above UB, fathomed
479    59     35         20.7500    23.6929    14.1824    % 
LB close or above UB, fathomed
480    58     33         20.7500    23.6929    14.1824    % 
LB close or above UB, fathomed
481    57     29         20.7500    23.6929    14.1824    % 
LB close or above UB, fathomed
482    56     27         20.7500    23.6929    14.1824    % 
LB close or above UB, fathomed
483    55     26         20.7500    23.6929    14.1824    % 
LB close or above UB, fathomed
484    54     24         20.7500    23.6929    14.1824    % 
LB close or above UB, fathomed
485    53     23         20.7500    23.6929    14.1824    % 
LB close or above UB, fathomed
486    52     21         20.7500    23.6929    14.1824    % 
LB close or above UB, fathomed
487    51     17         20.7500    23.6929    14.1824    % 
UB: 23.692857142857143
branching on CartesianIndex(2, 2) with a.
488    52     18         20.7500    23.6929    14.1824    % 
UB: 23.692857142857143
branching on CartesianIndex(3, 2) with a.
489    53     19         20.7500    23.6929    14.1824    % 
UB: 23.692857142857143
branching on 1 with b.
490    54     20         20.7500    23.6929    14.1824    % 
UB: 23.692857142857143
branching on 2 with b.
491    55     21         20.7500    23.6929    14.1824    % 
UB: 23.692857142857143
branching on 3 with b.
492    56     22         20.7500    23.6929    14.1824    % 
LB close or above UB, fathomed
493    55     22         20.7500    23.6929    14.1824    % 
UB: 23.692857142857143
branching on CartesianIndex(4, 2) with a.
494    56     23         20.7500    23.6929    14.1824    % 
UB: 23.692857142857143
branching on CartesianIndex(5, 2) with a.
495    57     24         20.7500    23.6929    14.1824    % 
LB close or above UB, fathomed
496    56     24         20.7500    23.6929    14.1824    % 
LB close or above UB, fathomed
497    55     23         20.7500    23.6929    14.1824    % 
LB close or above UB, fathomed
498    54     21         20.7500    23.6929    14.1824    % 
LB close or above UB, fathomed
499    53     20         20.7500    23.6929    14.1824    % 
UB: 23.692857142857143
branching on CartesianIndex(4, 2) with a.
500    54     21         20.7500    23.6929    14.1824    % 
UB: 23.692857142857143
branching on CartesianIndex(5, 2) with a.
501    55     22         20.7500    23.6929    14.1824    % 
LB close or above UB, fathomed
502    54     22         20.7500    23.6929    14.1824    % 
LB close or above UB, fathomed
503    53     21         20.7500    23.6929    14.1824    % 
LB close or above UB, fathomed
504    52     19         20.7500    23.6929    14.1824    % 
LB close or above UB, fathomed
505    51     18         20.7500    23.6929    14.1824    % 
LB close or above UB, fathomed
506    50     17         20.7500    23.6929    14.1824    % 
LB close or above UB, fathomed
507    49     15         20.7500    23.6929    14.1824    % 
UB: 23.692857142857143
branching on CartesianIndex(1, 2) with a.
508    50     16         20.7500    23.6929    14.1824    % 
LB close or above UB, fathomed
509    49     16         20.7500    23.6929    14.1824    % 
LB close or above UB, fathomed
510    48     15         20.7500    23.6929    14.1824    % 
LB close or above UB, fathomed
511    47     11         20.7500    23.6929    14.1824    % 
LB close or above UB, fathomed
512    46     11         20.7500    23.6929    14.1824    % 
LB close or above UB, fathomed
513    45     13         20.7500    23.6929    14.1824    % 
LB close or above UB, fathomed
514    44     13         20.7500    23.6929    14.1824    % 
LB close or above UB, fathomed
515    43     20         20.7500    23.6929    14.1824    % 
LB close or above UB, fathomed
516    42     20         20.7500    23.6929    14.1824    % 
LB close or above UB, fathomed
517    41     37         20.7500    23.6929    14.1824    % 
UB: 23.692857142857143
branching on 2 with b.
518    42     38         20.7500    23.6929    14.1824    % 
LB close or above UB, fathomed
519    41     38         20.7500    23.6929    14.1824    % 
LB close or above UB, fathomed
520    40     37         20.7500    23.6929    14.1824    % 
LB close or above UB, fathomed
521    39     38         20.7500    23.6929    14.1824    % 
LB close or above UB, fathomed
522    38     38         20.7500    23.6929    14.1824    % 
LB close or above UB, fathomed
523    37     36         20.7500    23.6929    14.1824    % 
UB: 23.692857142857143
branching on 1 with b.
524    38     37         20.7500    23.6929    14.1824    % 
UB: 23.692857142857143
branching on 2 with b.
525    39     38         20.7500    23.6929    14.1824    % 
LB close or above UB, fathomed
526    38     38         20.7500    23.6929    14.1824    % 
LB close or above UB, fathomed
527    37     37         20.7500    23.6929    14.1824    % 
UB: 23.692857142857143
branching on 2 with b.
528    38     38         20.7500    23.6929    14.1824    % 
LB close or above UB, fathomed
529    37     38         20.7500    23.6929    14.1824    % 
LB close or above UB, fathomed
530    36     36         20.7500    23.6929    14.1824    % 
LB close or above UB, fathomed
531    35     11         20.7500    23.6929    14.1824    % 
LB close or above UB, fathomed
532    34     11         20.7500    23.6929    14.1824    % 
LB close or above UB, fathomed
533    33     14         20.7500    23.6929    14.1824    % 
LB close or above UB, fathomed
534    32     14         20.7500    23.6929    14.1824    % 
LB close or above UB, fathomed
535    31     16         20.7500    23.6929    14.1824    % 
UB: 23.692857142857143
branching on CartesianIndex(3, 2) with a.
536    32     17         20.7500    23.6929    14.1824    % 
UB: 23.692857142857143
branching on CartesianIndex(4, 2) with a.
537    33     18         20.7500    23.6929    14.1824    % 
UB: 23.692857142857143
branching on CartesianIndex(5, 2) with a.
538    34     19         20.7500    23.6929    14.1824    % 
LB close or above UB, fathomed
539    33     19         20.7500    23.6929    14.1824    % 
LB close or above UB, fathomed
540    32     18         20.7500    23.6929    14.1824    % 
LB close or above UB, fathomed
541    31     17         20.7500    23.6929    14.1824    % 
LB close or above UB, fathomed
542    30     16         20.7500    23.6929    14.1824    % 
LB close or above UB, fathomed
543    29     18         20.7500    23.6929    14.1824    % 
LB close or above UB, fathomed
544    28     18         20.7500    23.6929    14.1824    % 
UB: 23.692857142857143
branching on CartesianIndex(1, 3) with a.
545    29     19         20.7500    23.6929    14.1824    % 
UB: 23.692857142857143
branching on CartesianIndex(2, 3) with a.
546    30     20         20.7500    23.6929    14.1824    % 
UB: 23.692857142857143
branching on CartesianIndex(3, 3) with a.
547    31     21         20.7500    23.6929    14.1824    % 
UB: 23.692857142857143
branching on CartesianIndex(4, 3) with a.
548    32     22         20.7500    23.6929    14.1824    % 
UB: 23.692857142857143
branching on CartesianIndex(5, 3) with a.
549    33     23         20.7500    23.6929    14.1824    % 
UB: 23.692857142857143
branching on CartesianIndex(6, 3) with a.
550    34     24         20.7500    23.6929    14.1824    % 
UB: 23.692857142857143
branching on CartesianIndex(1, 4) with c.
551    35     25         20.7500    23.6929    14.1824    % 
LB close or above UB, fathomed
552    34     25         20.7500    23.6929    14.1824    % 
UB: 23.692857142857143
branching on CartesianIndex(1, 5) with c.
553    35     24         20.7500    23.6929    14.1824    % 
LB close or above UB, fathomed
554    34     23         20.7500    23.6929    14.1824    % 
LB close or above UB, fathomed
555    33     22         20.7500    23.6929    14.1824    % 
LB close or above UB, fathomed
556    32     21         20.7500    23.6929    14.1824    % 
LB close or above UB, fathomed
557    31     20         20.7500    23.6929    14.1824    % 
LB close or above UB, fathomed
558    30     19         20.7500    23.6929    14.1824    % 
LB close or above UB, fathomed
559    29     13         20.7500    23.6929    14.1824    % 
UB: 23.692857142857143
branching on 1 with b.
560    30     14         20.7500    23.6929    14.1824    % 
LB close or above UB, fathomed
561    29     14         20.7500    23.6929    14.1824    % 
UB: 23.692857142857143
branching on CartesianIndex(5, 2) with a.
562    30     15         20.7500    23.6929    14.1824    % 
UB: 23.692857142857143
branching on CartesianIndex(6, 2) with a.
563    31     16         20.7500    23.6929    14.1824    % 
LB close or above UB, fathomed
564    30     16         20.7500    23.6929    14.1824    % 
LB close or above UB, fathomed
565    29     15         20.7500    23.6929    14.1824    % 
LB close or above UB, fathomed
566    28     13         20.7500    23.6929    14.1824    % 
LB close or above UB, fathomed
567    27     16         20.7500    23.6929    14.1824    % 
UB: 23.692857142857143
branching on CartesianIndex(1, 3) with a.
568    28     17         20.7500    23.6929    14.1824    % 
UB: 23.692857142857143
branching on CartesianIndex(2, 3) with a.
569    29     18         20.7500    23.6929    14.1824    % 
UB: 23.692857142857143
branching on CartesianIndex(3, 3) with a.
570    30     19         20.7500    23.6929    14.1824    % 
UB: 23.692857142857143
branching on 2 with b.
571    31     20         20.7500    23.6929    14.1824    % 
UB: 23.692857142857143
branching on CartesianIndex(4, 3) with a.
572    32     21         20.7500    23.6929    14.1824    % 
UB: 23.692857142857143
branching on CartesianIndex(5, 3) with a.
573    33     22         20.7500    23.6929    14.1824    % 
UB: 23.692857142857143
branching on CartesianIndex(6, 3) with a.
574    34     23         20.7500    23.6929    14.1824    % 
UB: 23.692857142857143
branching on CartesianIndex(1, 4) with c.
575    35     24         20.7500    23.6929    14.1824    % 
LB close or above UB, fathomed
576    34     24         20.7500    23.6929    14.1824    % 
UB: 23.692857142857143
branching on CartesianIndex(1, 5) with c.
577    35     25         20.7500    23.6929    14.1824    % 
UB: 23.692857142857143
branching on 3 with b.
578    36     26         20.7500    23.6929    14.1824    % 
LB close or above UB, fathomed
579    35     26         20.7500    23.6929    14.1824    % 
UB: 23.692857142857143
branching on CartesianIndex(2, 5) with c.
580    36     27         20.7500    23.6929    14.1824    % 
UB: 23.692857142857143
branching on 1 with b.
581    37     28         20.7500    23.6929    14.1824    % 
UB: 23.692857142857143
branching on 2 with b.
582    38     29         20.7500    23.6929    14.1824    % 
LB close or above UB, fathomed
583    37     29         20.7500    23.6929    14.1824    % 
UB: 23.692857142857143
branching on 3 with b.
584    38     30         20.7500    23.6929    14.1824    % 
LB close or above UB, fathomed
585    37     30         20.7500    23.6929    14.1824    % 
UB: 23.692857142857143
branching on CartesianIndex(1, 6) with c.
586    38     31         20.7500    23.6929    14.1824    % 
LB close or above UB, fathomed
587    37     31         20.7500    23.6929    14.1824    % 
UB: 23.692857142857143
branching on CartesianIndex(1, 7) with c.
588    38     32         20.7500    23.6929    14.1824    % 
UB: 23.692857142857143
branching on CartesianIndex(2, 7) with c.
589    39     33         20.7500    23.6929    14.1824    % 
LB close or above UB, fathomed
590    38     33         20.7500    23.6929    14.1824    % 
UB: 23.692857142857143
branching on 1 with b.
591    39     34         20.7500    23.6929    14.1824    % 
UB: 23.692857142857143
branching on 2 with b.
592    40     35         20.7500    23.6929    14.1824    % 
LB close or above UB, fathomed
593    39     35         20.7500    23.6929    14.1824    % 
LB close or above UB, fathomed
594    38     34         20.7500    23.6929    14.1824    % 
LB close or above UB, fathomed
595    37     32         20.7500    23.6929    14.1824    % 
LB close or above UB, fathomed
596    36     28         20.7500    23.6929    14.1824    % 
LB close or above UB, fathomed
597    35     27         20.7500    23.6929    14.1824    % 
LB close or above UB, fathomed
598    34     25         20.7500    23.6929    14.1824    % 
LB close or above UB, fathomed
599    33     23         20.7500    23.6929    14.1824    % 
LB close or above UB, fathomed
600    32     22         20.7500    23.6929    14.1824    % 
LB close or above UB, fathomed
601    31     21         20.7500    23.6929    14.1824    % 
LB close or above UB, fathomed
602    30     20         20.7500    23.6929    14.1824    % 
LB close or above UB, fathomed
603    29     19         20.7500    23.6929    14.1824    % 
LB close or above UB, fathomed
604    28     18         20.7500    23.6929    14.1824    % 
LB close or above UB, fathomed
605    27     17         20.7500    23.6929    14.1824    % 
LB close or above UB, fathomed
606    26     16         20.7500    23.6929    14.1824    % 
LB close or above UB, fathomed
607    25     24         20.7500    23.6929    14.1824    % 
UB: 23.692857142857143
branching on CartesianIndex(5, 3) with a.
608    26     25         20.7500    23.6929    14.1824    % 
LB close or above UB, fathomed
609    25     25         20.7500    23.6929    14.1824    % 
LB close or above UB, fathomed
610    24     24         20.7500    23.6929    14.1824    % 
LB close or above UB, fathomed
611    23     14         20.7500    23.6929    14.1824    % 
UB: 23.692857142857143
branching on CartesianIndex(3, 2) with a.
612    24     15         20.7500    23.6929    14.1824    % 
UB: 23.692857142857143
branching on CartesianIndex(4, 2) with a.
613    25     16         20.7500    23.6929    14.1824    % 
UB: 23.692857142857143
branching on CartesianIndex(5, 2) with a.
614    26     17         20.7500    23.6929    14.1824    % 
UB: 23.692857142857143
branching on CartesianIndex(6, 2) with a.
615    27     18         20.7500    23.6929    14.1824    % 
LB close or above UB, fathomed
616    26     18         20.7500    23.6929    14.1824    % 
LB close or above UB, fathomed
617    25     17         20.7500    23.6929    14.1824    % 
LB close or above UB, fathomed
618    24     16         20.7500    23.6929    14.1824    % 
LB close or above UB, fathomed
619    23     15         20.7500    23.6929    14.1824    % 
LB close or above UB, fathomed
620    22     14         20.7500    23.6929    14.1824    % 
LB close or above UB, fathomed
621    21     14         20.7500    23.6929    14.1824    % 
LB close or above UB, fathomed
622    20     14         20.7500    23.6929    14.1824    % 
UB: 23.692857142857143
branching on CartesianIndex(5, 1) with a.
623    21     15         20.7500    23.6929    14.1824    % 
LB close or above UB, fathomed
624    20     15         20.7500    23.6929    14.1824    % 
LB close or above UB, fathomed
625    19     20         20.7500    23.6929    14.1824    % 
LB close or above UB, fathomed
626    18     20         20.7500    23.6929    14.1824    % 
LB close or above UB, fathomed
627    17     10         20.7500    23.6929    14.1824    % 
UB: 23.692857142857143
branching on 3 with b.
628    18     11         20.7500    23.6929    14.1824    % 
LB close or above UB, fathomed
629    17     11         20.7500    23.6929    14.1824    % 
UB: 23.692857142857143
branching on CartesianIndex(3, 2) with a.
630    18     12         20.7500    23.6929    14.1824    % 
LB close or above UB, fathomed
631    17     12         20.7500    23.6929    14.1824    % 
LB close or above UB, fathomed
632    16     10         20.7500    23.6929    14.1824    % 
LB close or above UB, fathomed
633    15     13         20.7500    23.6929    14.1824    % 
UB: 23.692857142857143
branching on 2 with b.
634    16     14         20.7500    23.6929    14.1824    % 
LB close or above UB, fathomed
635    15     14         20.7500    23.6929    14.1824    % 
UB: 23.692857142857143
branching on CartesianIndex(4, 2) with a.
636    16     15         20.7500    23.6929    14.1824    % 
UB: 23.692857142857143
branching on CartesianIndex(5, 2) with a.
637    17     16         20.7500    23.6929    14.1824    % 
LB close or above UB, fathomed
638    16     16         20.7500    23.6929    14.1824    % 
LB close or above UB, fathomed
639    15     15         20.7500    23.6929    14.1824    % 
LB close or above UB, fathomed
640    14     13         20.7500    23.6929    14.1824    % 
LB close or above UB, fathomed
641    13     9          20.7500    23.6929    14.1824    % 
LB close or above UB, fathomed
642    12     9          20.7500    23.6929    14.1824    % 
LB close or above UB, fathomed
643    11     28         20.7500    23.6929    14.1824    % 
UB: 23.692857142857143
branching on CartesianIndex(2, 5) with c.
644    12     29         20.7500    23.6929    14.1824    % 
UB: 23.692857142857143
branching on CartesianIndex(1, 6) with c.
645    13     30         20.7500    23.6929    14.1824    % 
LB close or above UB, fathomed
646    12     30         20.7500    23.6929    14.1824    % 
UB: 23.692857142857143
branching on CartesianIndex(1, 7) with c.
647    13     31         20.7500    23.6929    14.1824    % 
UB: 23.692857142857143
branching on 2 with b.
648    14     32         20.7500    23.6929    14.1824    % 
UB: 23.692857142857143
branching on CartesianIndex(2, 7) with c.
649    15     33         20.7500    23.6929    14.1824    % 
LB close or above UB, fathomed
650    14     33         20.7500    23.6929    14.1824    % 
UB: 23.692857142857143
branching on 3 with b.
651    15     34         20.7500    23.6929    14.1824    % 
UB: 23.692857142857143
branching on 1 with b.
652    16     35         20.7500    23.6929    14.1824    % 
UB: 23.692857142857143
branching on 2 with b.
653    17     36         20.7500    23.6929    14.1824    % 
LB close or above UB, fathomed
654    16     36         20.7500    23.6929    14.1824    % 
LB close or above UB, fathomed
655    15     35         20.7500    23.6929    14.1824    % 
LB close or above UB, fathomed
656    14     34         20.7500    23.6929    14.1824    % 
LB close or above UB, fathomed
657    13     32         20.7500    23.6929    14.1824    % 
LB close or above UB, fathomed
658    12     31         20.7500    23.6929    14.1824    % 
LB close or above UB, fathomed
659    11     29         20.7500    23.6929    14.1824    % 
LB close or above UB, fathomed
660    10     28         20.7500    23.6929    14.1824    % 
LB close or above UB, fathomed
661    9      27         20.7500    23.6929    14.1824    % 
UB: 23.692857142857143
branching on CartesianIndex(1, 4) with c.
662    10     28         20.7500    23.6929    14.1824    % 
LB close or above UB, fathomed
663    9      28         20.7500    23.6929    14.1824    % 
UB: 23.692857142857143
branching on 3 with b.
664    10     29         20.7500    23.6929    14.1824    % 
UB: 23.692857142857143
branching on CartesianIndex(1, 5) with c.
665    11     30         20.7500    23.6929    14.1824    % 
UB: 23.692857142857143
branching on CartesianIndex(2, 5) with c.
666    12     31         20.7500    23.6929    14.1824    % 
UB: 23.692857142857143
branching on CartesianIndex(1, 6) with c.
667    13     32         20.7500    23.6929    14.1824    % 
LB close or above UB, fathomed
668    12     32         20.7500    23.6929    14.1824    % 
UB: 23.692857142857143
branching on CartesianIndex(1, 7) with c.
669    13     33         20.7500    23.6929    14.1824    % 
UB: 23.692857142857143
branching on CartesianIndex(2, 7) with c.
670    14     34         20.7500    23.6929    14.1824    % 
LB close or above UB, fathomed
671    13     34         20.7500    23.6929    14.1824    % 
UB: 23.692857142857143
branching on 1 with b.
672    14     35         20.7500    23.6929    14.1824    % 
UB: 23.692857142857143
branching on 2 with b.
673    15     36         20.7500    23.6929    14.1824    % 
UB: 23.692857142857143
branching on 3 with b.
674    16     37         20.7500    23.6929    14.1824    % 
UB: 23.692857142857143
branching on 1 with b.
675    17     38         20.7500    23.6929    14.1824    % 
LB close or above UB, fathomed
676    16     38         20.7500    23.6929    14.1824    % 
LB close or above UB, fathomed
677    15     37         20.7500    23.6929    14.1824    % 
LB close or above UB, fathomed
678    14     36         20.7500    23.6929    14.1824    % 
LB close or above UB, fathomed
679    13     35         20.7500    23.6929    14.1824    % 
LB close or above UB, fathomed
680    12     33         20.7500    23.6929    14.1824    % 
LB close or above UB, fathomed
681    11     31         20.7500    23.6929    14.1824    % 
LB close or above UB, fathomed
682    10     30         20.7500    23.6929    14.1824    % 
LB close or above UB, fathomed
683    9      29         20.7500    23.6929    14.1824    % 
LB close or above UB, fathomed
684    8      27         20.7500    23.6929    14.1824    % 
LB close or above UB, fathomed
685    7      26         20.7500    23.6929    14.1824    % 
UB: 23.692857142857143
branching on CartesianIndex(2, 5) with c.
686    8      27         20.7500    23.6929    14.1824    % 
UB: 23.692857142857143
branching on 3 with b.
687    9      28         20.7500    23.6929    14.1824    % 
LB close or above UB, fathomed
688    8      28         20.7500    23.6929    14.1824    % 
UB: 23.692857142857143
branching on CartesianIndex(1, 6) with c.
689    9      29         20.7500    23.6929    14.1824    % 
LB close or above UB, fathomed
690    8      29         20.7500    23.6929    14.1824    % 
UB: 23.692857142857143
branching on CartesianIndex(1, 7) with c.
691    9      30         20.7500    23.6929    14.1824    % 
UB: 23.692857142857143
branching on CartesianIndex(2, 7) with c.
692    10     31         20.7500    23.6929    14.1824    % 
LB close or above UB, fathomed
693    9      31         20.7500    23.6929    14.1824    % 
UB: 23.692857142857143
branching on 1 with b.
694    10     32         20.7500    23.6929    14.1824    % 
LB close or above UB, fathomed
695    9      32         20.7500    23.6929    14.1824    % 
LB close or above UB, fathomed
696    8      30         20.7500    23.6929    14.1824    % 
LB close or above UB, fathomed
697    7      27         20.7500    23.6929    14.1824    % 
LB close or above UB, fathomed
698    6      26         20.7500    23.6929    14.1824    % 
LB close or above UB, fathomed
699    5      25         20.7500    23.6929    14.1824    % 
UB: 23.692857142857143
branching on CartesianIndex(1, 4) with c.
700    6      26         20.7500    23.6929    14.1824    % 
LB close or above UB, fathomed
701    5      26         20.7500    23.6929    14.1824    % 
UB: 23.692857142857143
branching on CartesianIndex(1, 5) with c.
702    6      27         20.7500    23.6929    14.1824    % 
UB: 23.692857142857143
branching on CartesianIndex(2, 5) with c.
703    7      28         20.7500    23.6929    14.1824    % 
UB: 23.692857142857143
branching on CartesianIndex(1, 6) with c.
704    8      29         20.7500    23.6929    14.1824    % 
LB close or above UB, fathomed
705    7      29         20.7500    23.6929    14.1824    % 
UB: 23.692857142857143
branching on CartesianIndex(1, 7) with c.
706    8      30         20.7500    23.6929    14.1824    % 
UB: 23.692857142857143
branching on CartesianIndex(2, 7) with c.
707    9      31         20.7500    23.6929    14.1824    % 
LB close or above UB, fathomed
708    8      31         20.7500    23.6929    14.1824    % 
UB: 23.692857142857143
branching on 2 with b.
709    9      32         20.7500    23.6929    14.1824    % 
LB close or above UB, fathomed
710    8      32         20.7500    23.6929    14.1824    % 
UB: 23.692857142857143
branching on 3 with b.
711    9      33         20.7500    23.6929    14.1824    % 
UB: 23.692857142857143
branching on 1 with b.
712    10     34         20.7500    23.6929    14.1824    % 
UB: 23.692857142857143
branching on 2 with b.
713    11     35         20.7500    23.6929    14.1824    % 
LB close or above UB, fathomed
714    10     35         20.7500    23.6929    14.1824    % 
LB close or above UB, fathomed
715    9      34         20.7500    23.6929    14.1824    % 
LB close or above UB, fathomed
716    8      33         20.7500    23.6929    14.1824    % 
LB close or above UB, fathomed
717    7      30         20.7500    23.6929    14.1824    % 
LB close or above UB, fathomed
718    6      28         20.7500    23.6929    14.1824    % 
LB close or above UB, fathomed
719    5      27         20.7500    23.6929    14.1824    % 
LB close or above UB, fathomed
720    4      25         20.7500    23.6929    14.1824    % 
LB close or above UB, fathomed
721    3      24         20.7500    23.6929    14.1824    % 
UB: 23.692857142857143
branching on CartesianIndex(1, 4) with c.
722    4      25         20.7500    23.6929    14.1824    % 
LB close or above UB, fathomed
723    3      25         20.7500    23.6929    14.1824    % 
UB: 23.692857142857143
branching on CartesianIndex(1, 5) with c.
724    4      26         20.7500    23.6929    14.1824    % 
UB: 23.692857142857143
branching on CartesianIndex(2, 5) with c.
725    5      27         20.7500    23.6929    14.1824    % 
UB: 23.692857142857143
branching on CartesianIndex(1, 6) with c.
726    6      28         20.7500    23.6929    14.1824    % 
LB close or above UB, fathomed
727    5      28         20.7500    23.6929    14.1824    % 
UB: 23.692857142857143
branching on 3 with b.
728    6      29         20.7500    23.6929    14.1824    % 
UB: 23.692857142857143
branching on CartesianIndex(1, 7) with c.
729    7      30         20.7500    23.6929    14.1824    % 
UB: 23.692857142857143
branching on CartesianIndex(2, 7) with c.
730    8      31         20.7500    23.6929    14.1824    % 
LB close or above UB, fathomed
731    7      31         20.7500    23.6929    14.1824    % 
UB: 23.692857142857143
branching on 1 with b.
732    8      32         20.7500    23.6929    14.1824    % 
LB close or above UB, fathomed
733    7      32         20.7500    23.6929    14.1824    % 
LB close or above UB, fathomed
734    6      30         20.7500    23.6929    14.1824    % 
LB close or above UB, fathomed
735    5      29         20.7500    23.6929    14.1824    % 
LB close or above UB, fathomed
736    4      27         20.7500    23.6929    14.1824    % 
LB close or above UB, fathomed
737    3      26         20.7500    23.6929    14.1824    % 
LB close or above UB, fathomed
738    2      24         20.7500    23.6929    14.1824    % 
LB close or above UB, fathomed
739    1      26         20.7500    23.6929    14.1824    % 
UB: 23.692857142857143
branching on CartesianIndex(1, 4) with c.
740    2      27         20.7500    23.6929    14.1824    % 
LB close or above UB, fathomed
741    1      27         20.7500    23.6929    14.1824    % 
UB: 23.692857142857143
branching on CartesianIndex(1, 5) with c.
742    2      26         20.7500    23.6929    14.1824    % 
LB close or above UB, fathomed
743    1      28         20.7500    23.6929    14.1824    % 
UB: 23.692857142857143
branching on CartesianIndex(2, 5) with c.
744    2      29         20.7500    23.6929    14.1824    % 
UB: 23.692857142857143
branching on CartesianIndex(1, 6) with c.
745    3      30         20.7500    23.6929    14.1824    % 
LB close or above UB, fathomed
746    2      30         20.7500    23.6929    14.1824    % 
UB: 23.692857142857143
branching on 3 with b.
747    3      31         20.7500    23.6929    14.1824    % 
UB: 23.692857142857143
branching on CartesianIndex(1, 7) with c.
748    4      32         20.7500    23.6929    14.1824    % 
UB: 23.692857142857143
branching on CartesianIndex(2, 7) with c.
749    5      33         20.7500    23.6929    14.1824    % 
LB close or above UB, fathomed
750    4      33         20.7500    23.6929    14.1824    % 
UB: 23.692857142857143
branching on 1 with b.
751    5      34         20.7500    23.6929    14.1824    % 
UB: 23.692857142857143
branching on 2 with b.
752    6      35         20.7500    23.6929    14.1824    % 
LB close or above UB, fathomed
753    5      35         20.7500    23.6929    14.1824    % 
UB: 23.692857142857143
branching on 3 with b.
754    6      36         20.7500    23.6929    14.1824    % 
UB: 23.692857142857143
branching on 1 with b.
755    7      37         20.7500    23.6929    14.1824    % 
UB: 23.692857142857143
branching on 2 with b.
756    8      38         20.7500    23.6929    14.1824    % 
LB close or above UB, fathomed
757    7      38         20.7500    23.6929    14.1824    % 
UB: 23.692857142857143
branching on 3 with b.
758    8      39         20.7500    23.6929    14.1824    % 
LB close or above UB, fathomed
759    7      39         20.7500    23.6929    14.1824    % 
UB: 23.692857142857143
branching on 1 with b.
760    8      40         20.7500    23.6929    14.1824    % 
LB close or above UB, fathomed
761    7      40         20.7500    23.6929    14.1824    % 
LB close or above UB, fathomed
762    6      37         20.7500    23.6929    14.1824    % 
LB close or above UB, fathomed
763    5      36         20.7500    23.6929    14.1824    % 
LB close or above UB, fathomed
764    4      34         20.7500    23.6929    14.1824    % 
LB close or above UB, fathomed
765    3      32         20.7500    23.6929    14.1824    % 
LB close or above UB, fathomed
766    2      31         20.7500    23.6929    14.1824    % 
LB close or above UB, fathomed
767    1      29         20.7500    23.6929    14.1824    % 
LB close or above UB, fathomed
768    0      28         20.7500    23.6929    14.1824    % 
LB close or above UB, fathomed
all node solved
solved nodes:  769
769                                                   2.3642e+01     2.3693e+01     0.2169  % 
7×3 Matrix{Float64}:
 0.0  1.0  0.0
 0.0  0.0  0.0
 0.0  0.0  0.0
 0.0  0.0  0.0
 0.0  0.0  0.0
 0.0  0.0  1.0
 1.0  0.0  0.0
3-element Vector{Float64}:
 0.5500736550129598
 0.2667141158623635
 0.18046802118115596
3×7 Matrix{Float64}:
 0.0  0.0  0.0  0.0  1.0  0.0  0.0
 0.0  0.0  0.0  0.0  0.0  1.0  1.0
 0.0  0.0  0.0  1.0  0.0  0.0  0.0
3-element Vector{Float64}:
 1.0
 1.0
 1.0
7×3 Matrix{Float64}:
 1.0  0.0  0.0
 0.0  0.0  0.0
 0.0  0.0  0.0
 0.0  0.0  0.0
 0.0  0.0  0.0
 0.0  0.0  0.0
 0.0  1.0  1.0
3-element Vector{Float64}:
 0.265625
 0.125
 0.5495916119820672
3×7 Matrix{Float64}:
 0.0  0.0  0.0  1.0  0.0  1.0  0.0
 0.0  0.0  0.0  0.0  0.0  0.0  1.0
 0.0  0.0  0.0  0.0  1.0  0.0  0.0
3-element Vector{Float64}:
 1.0
 1.0
 1.0
comparison (CRT and Glb)on prediction: Dict{Bool, Int64}(0 => 2, 1 => 49)
Dataname	 time	 objv	 lb	 gap	 train_w	 train_g	 test_w	 test_g
seeds_583.seeds	 82.29	 23.692857142857143	 23.642	 0.0022	 91.613	 94.839	 94.118	 94.118
