Running 6 processes.
Start training seeds_861.seeds with seed 1.
Any[]
(7, 206)
(7, 103)
(7, 52)
(7, 51)
dimension: 7, class: 3
cart cost: 38.40714285714285
size of X: (7, 155)
ngroups: 6
UB: 29.578571428571426
Iter	left	lev	LB	UB	gap	
0      0      1          8.9296     29.5786    231.2427   % 
UB: 29.578571428571426
branching on 1 with d.
1      1      2          8.9296     29.5786    231.2427   % 
LB close or above UB, fathomed
2      0      2          8.9296     29.5786    231.2427   % 
UB: 29.578571428571426
branching on 2 with d.
3      1      3          8.9296     29.5786    231.2427   % 
UB: 29.578571428571426
branching on 3 with d.
4      2      3          8.9296     29.5786    231.2427   % 
UB: 29.578571428571426
branching on 3 with d.
5      3      4          8.9296     29.5786    231.2427   % 
UB: 29.578571428571426
branching on CartesianIndex(1, 1) with a.
6      4      4          8.9296     29.5786    231.2427   % 
UB: 29.578571428571426
branching on CartesianIndex(1, 1) with a.
7      5      5          8.9538     29.5786    230.3477   % 
UB: 29.578571428571426
branching on 1 with b.
8      6      6          8.9538     29.5786    230.3477   % 
UB: 29.578571428571426
branching on CartesianIndex(2, 1) with a.
9      7      7          8.9538     29.5786    230.3477   % 
UB: 29.578571428571426
branching on 1 with b.
10     8      7          8.9538     29.5786    230.3477   % 
UB: 29.578571428571426
branching on CartesianIndex(1, 2) with a.
11     9      6          8.9538     29.5786    230.3477   % 
UB: 29.578571428571426
branching on 1 with b.
12     10     5          8.9538     29.5786    230.3477   % 
UB: 29.578571428571426
branching on 1 with b.
13     11     6          8.9786     29.5786    229.4352   % 
UB: 29.578571428571426
branching on CartesianIndex(1, 2) with a.
14     12     6          8.9786     29.5786    229.4352   % 
UB: 29.578571428571426
branching on CartesianIndex(1, 2) with a.
15     13     8          8.9786     29.5786    229.4352   % 
UB: 29.578571428571426
branching on CartesianIndex(2, 2) with a.
16     14     9          8.9786     29.5786    229.4352   % 
UB: 29.578571428571426
branching on 1 with b.
17     15     10         8.9786     29.5786    229.4352   % 
LB close or above UB, fathomed
18     14     10         8.9786     29.5786    229.4352   % 
UB: 29.578571428571426
branching on 2 with b.
19     15     11         8.9786     29.5786    229.4352   % 
UB: 29.578571428571426
branching on CartesianIndex(3, 2) with a.
20     16     12         8.9786     29.5786    229.4352   % 
UB: 29.578571428571426
branching on 3 with b.
21     17     13         8.9786     29.5786    229.4352   % 
UB: 29.578571428571426
branching on CartesianIndex(4, 2) with a.
22     18     13         8.9786     29.5786    229.4352   % 
UB: 29.578571428571426
branching on CartesianIndex(4, 2) with a.
23     19     14         8.9786     29.5786    229.4352   % 
UB: 29.578571428571426
branching on CartesianIndex(5, 2) with a.
24     20     15         8.9786     29.5786    229.4352   % 
UB: 29.578571428571426
branching on CartesianIndex(6, 2) with a.
25     21     15         8.9786     29.5786    229.4352   % 
UB: 29.578571428571426
branching on CartesianIndex(1, 3) with a.
26     22     14         8.9786     29.5786    229.4352   % 
UB: 29.578571428571426
branching on 1 with b.
27     23     12         8.9786     29.5786    229.4352   % 
LB close or above UB, fathomed
28     22     11         8.9786     29.5786    229.4352   % 
LB close or above UB, fathomed
29     21     9          8.9786     29.5786    229.4352   % 
LB close or above UB, fathomed
30     20     8          8.9786     29.5786    229.4352   % 
LB close or above UB, fathomed
31     19     8          11.8966    29.5786    148.6299   % 
LB close or above UB, fathomed
32     18     8          11.8966    29.5786    148.6299   % 
UB: 29.578571428571426
branching on 2 with b.
33     19     9          11.8966    29.5786    148.6299   % 
UB: 29.578571428571426
branching on 3 with b.
34     20     10         11.8966    29.5786    148.6299   % 
UB: 29.578571428571426
branching on CartesianIndex(3, 1) with a.
35     21     11         11.8966    29.5786    148.6299   % 
UB: 29.578571428571426
branching on CartesianIndex(4, 1) with a.
36     22     12         11.8966    29.5786    148.6299   % 
UB: 29.578571428571426
branching on CartesianIndex(5, 1) with a.
37     23     13         11.8966    29.5786    148.6299   % 
UB: 29.578571428571426
branching on CartesianIndex(6, 1) with a.
38     24     13         11.8966    29.5786    148.6299   % 
UB: 29.578571428571426
branching on CartesianIndex(1, 2) with a.
39     25     12         11.8966    29.5786    148.6299   % 
UB: 29.578571428571426
branching on CartesianIndex(1, 2) with a.
40     26     11         11.8966    29.5786    148.6299   % 
LB close or above UB, fathomed
41     25     10         11.8966    29.5786    148.6299   % 
UB: 29.578571428571426
branching on 1 with b.
42     26     11         11.8966    29.5786    148.6299   % 
UB: 29.578571428571426
branching on 2 with b.
43     27     11         11.8966    29.5786    148.6299   % 
UB: 29.578571428571426
branching on CartesianIndex(3, 1) with a.
44     28     12         11.8966    29.5786    148.6299   % 
UB: 29.578571428571426
branching on CartesianIndex(4, 1) with a.
45     29     13         11.8966    29.5786    148.6299   % 
UB: 29.578571428571426
branching on CartesianIndex(5, 1) with a.
46     30     14         11.8966    29.5786    148.6299   % 
UB: 29.578571428571426
branching on CartesianIndex(6, 1) with a.
47     31     14         11.8966    29.5786    148.6299   % 
UB: 29.578571428571426
branching on CartesianIndex(1, 2) with a.
48     32     15         11.8966    29.5786    148.6299   % 
UB: 29.578571428571426
branching on 2 with b.
49     33     15         11.8966    29.5786    148.6299   % 
UB: 29.578571428571426
branching on CartesianIndex(1, 3) with a.
50     34     13         11.8966    29.5786    148.6299   % 
UB: 29.578571428571426
branching on CartesianIndex(1, 2) with a.
51     35     12         11.8966    29.5786    148.6299   % 
LB close or above UB, fathomed
52     34     9          11.8966    29.5786    148.6299   % 
UB: 29.578571428571426
branching on CartesianIndex(3, 1) with a.
53     35     14         11.9214    29.5786    148.1126   % 
UB: 29.578571428571426
branching on CartesianIndex(2, 2) with a.
54     36     15         11.9214    29.5786    148.1126   % 
UB: 29.578571428571426
branching on CartesianIndex(3, 2) with a.
55     37     16         11.9214    29.5786    148.1126   % 
UB: 29.578571428571426
branching on CartesianIndex(4, 2) with a.
56     38     17         11.9214    29.5786    148.1126   % 
UB: 29.578571428571426
branching on CartesianIndex(5, 2) with a.
57     39     18         11.9214    29.5786    148.1126   % 
UB: 29.578571428571426
branching on CartesianIndex(6, 2) with a.
58     40     18         11.9214    29.5786    148.1126   % 
LB close or above UB, fathomed
59     39     17         11.9214    29.5786    148.1126   % 
LB close or above UB, fathomed
60     38     16         11.9214    29.5786    148.1126   % 
LB close or above UB, fathomed
61     37     15         11.9214    29.5786    148.1126   % 
LB close or above UB, fathomed
62     36     14         11.9214    29.5786    148.1126   % 
LB close or above UB, fathomed
63     35     15         11.9214    29.5786    148.1126   % 
UB: 29.578571428571426
branching on 2 with b.
64     36     16         11.9214    29.5786    148.1126   % 
LB close or above UB, fathomed
65     35     16         11.9214    29.5786    148.1126   % 
UB: 29.578571428571426
branching on 3 with b.
66     36     17         11.9214    29.5786    148.1126   % 
UB: 29.578571428571426
branching on CartesianIndex(1, 2) with a.
67     37     18         11.9214    29.5786    148.1126   % 
UB: 29.578571428571426
branching on CartesianIndex(2, 2) with a.
68     38     19         11.9214    29.5786    148.1126   % 
UB: 29.578571428571426
branching on 1 with b.
69     39     20         11.9214    29.5786    148.1126   % 
UB: 29.578571428571426
branching on CartesianIndex(3, 2) with a.
70     40     20         11.9214    29.5786    148.1126   % 
UB: 29.578571428571426
branching on CartesianIndex(3, 2) with a.
71     41     19         11.9214    29.5786    148.1126   % 
LB close or above UB, fathomed
72     40     18         11.9214    29.5786    148.1126   % 
LB close or above UB, fathomed
73     39     17         11.9214    29.5786    148.1126   % 
UB: 29.578571428571426
branching on CartesianIndex(1, 2) with a.
74     40     15         11.9214    29.5786    148.1126   % 
LB close or above UB, fathomed
75     39     12         11.9214    29.5786    148.1126   % 
UB: 29.578571428571426
branching on 3 with b.
76     40     13         11.9214    29.5786    148.1126   % 
UB: 29.578571428571426
branching on CartesianIndex(3, 1) with a.
77     41     13         11.9214    29.5786    148.1126   % 
LB close or above UB, fathomed
78     40     12         11.9214    29.5786    148.1126   % 
UB: 29.578571428571426
branching on CartesianIndex(3, 1) with a.
79     41     13         11.9214    29.5786    148.1126   % 
UB: 29.578571428571426
branching on 3 with b.
80     42     14         11.9214    29.5786    148.1126   % 
UB: 29.578571428571426
branching on CartesianIndex(4, 1) with a.
81     43     15         11.9214    29.5786    148.1126   % 
UB: 29.578571428571426
branching on CartesianIndex(5, 1) with a.
82     44     15         11.9214    29.5786    148.1126   % 
UB: 29.578571428571426
branching on CartesianIndex(1, 2) with a.
83     45     16         11.9214    29.5786    148.1126   % 
UB: 29.578571428571426
branching on CartesianIndex(2, 2) with a.
84     46     17         11.9214    29.5786    148.1126   % 
UB: 29.578571428571426
branching on CartesianIndex(3, 2) with a.
85     47     18         11.9214    29.5786    148.1126   % 
UB: 29.578571428571426
branching on CartesianIndex(4, 2) with a.
86     48     19         11.9214    29.5786    148.1126   % 
UB: 29.578571428571426
branching on CartesianIndex(5, 2) with a.
87     49     20         11.9214    29.5786    148.1126   % 
UB: 29.578571428571426
branching on CartesianIndex(6, 2) with a.
88     50     20         11.9214    29.5786    148.1126   % 
LB close or above UB, fathomed
89     49     19         11.9214    29.5786    148.1126   % 
LB close or above UB, fathomed
90     48     18         11.9214    29.5786    148.1126   % 
LB close or above UB, fathomed
91     47     17         11.9214    29.5786    148.1126   % 
LB close or above UB, fathomed
92     46     16         11.9214    29.5786    148.1126   % 
LB close or above UB, fathomed
93     45     14         11.9214    29.5786    148.1126   % 
LB close or above UB, fathomed
94     44     13         11.9214    29.5786    148.1126   % 
LB close or above UB, fathomed
95     43     16         11.9214    29.5786    148.1126   % 
UB: 29.578571428571426
branching on 1 with b.
96     44     17         11.9214    29.5786    148.1126   % 
UB: 29.578571428571426
branching on CartesianIndex(1, 3) with a.
97     45     17         11.9214    29.5786    148.1126   % 
LB close or above UB, fathomed
98     44     16         11.9214    29.5786    148.1126   % 
UB: 29.578571428571426
branching on CartesianIndex(1, 3) with a.
99     45     17         11.9214    29.5786    148.1126   % 
UB: 29.578571428571426
branching on CartesianIndex(2, 3) with a.
100    46     18         11.9214    29.5786    148.1126   % 
UB: 29.578571428571426
branching on CartesianIndex(3, 3) with a.
101    47     19         11.9214    29.5786    148.1126   % 
UB: 29.578571428571426
branching on CartesianIndex(4, 3) with a.
102    48     20         11.9214    29.5786    148.1126   % 
UB: 29.578571428571426
branching on 1 with b.
103    49     21         11.9214    29.5786    148.1126   % 
UB: 29.578571428571426
branching on CartesianIndex(5, 3) with a.
104    50     21         11.9214    29.5786    148.1126   % 
UB: 29.578571428571426
branching on CartesianIndex(5, 3) with a.
105    51     20         11.9214    29.5786    148.1126   % 
UB: 29.578571428571426
branching on CartesianIndex(1, 4) with c.
106    52     19         11.9214    29.5786    148.1126   % 
LB close or above UB, fathomed
107    51     18         11.9214    29.5786    148.1126   % 
UB: 29.578571428571426
branching on CartesianIndex(1, 4) with c.
108    52     17         11.9214    29.5786    148.1126   % 
UB: 29.578571428571426
branching on CartesianIndex(1, 4) with c.
109    53     7          11.9214    29.5786    148.1126   % 
UB: 29.578571428571426
branching on 1 with b.
110    54     8          11.9214    29.5786    148.1126   % 
UB: 29.578571428571426
branching on CartesianIndex(2, 2) with a.
111    55     8          11.9214    29.5786    148.1126   % 
UB: 29.578571428571426
branching on 2 with b.
112    56     9          11.9214    29.5786    148.1126   % 
UB: 29.578571428571426
branching on 3 with b.
113    57     10         11.9214    29.5786    148.1126   % 
UB: 29.578571428571426
branching on CartesianIndex(2, 2) with a.
114    58     10         11.9214    29.5786    148.1126   % 
UB: 29.578571428571426
branching on 1 with b.
115    59     11         11.9214    29.5786    148.1126   % 
UB: 29.578571428571426
branching on 2 with b.
116    60     12         11.9214    29.5786    148.1126   % 
UB: 29.578571428571426
branching on CartesianIndex(2, 2) with a.
117    61     13         11.9214    29.5786    148.1126   % 
UB: 29.578571428571426
branching on CartesianIndex(3, 2) with a.
118    62     14         11.9214    29.5786    148.1126   % 
UB: 29.578571428571426
branching on 3 with b.
119    63     15         11.9214    29.5786    148.1126   % 
UB: 29.578571428571426
branching on CartesianIndex(4, 2) with a.
120    64     16         11.9214    29.5786    148.1126   % 
UB: 29.578571428571426
branching on CartesianIndex(5, 2) with a.
121    65     17         11.9214    29.5786    148.1126   % 
UB: 29.578571428571426
branching on CartesianIndex(6, 2) with a.
122    66     18         11.9214    29.5786    148.1126   % 
UB: 29.578571428571426
branching on CartesianIndex(1, 3) with a.
123    67     18         11.9214    29.5786    148.1126   % 
UB: 29.578571428571426
branching on CartesianIndex(1, 3) with a.
124    68     17         11.9214    29.5786    148.1126   % 
LB close or above UB, fathomed
125    67     16         11.9214    29.5786    148.1126   % 
LB close or above UB, fathomed
126    66     15         11.9214    29.5786    148.1126   % 
LB close or above UB, fathomed
127    65     14         11.9214    29.5786    148.1126   % 
LB close or above UB, fathomed
128    64     13         11.9214    29.5786    148.1126   % 
LB close or above UB, fathomed
129    63     12         11.9214    29.5786    148.1126   % 
UB: 29.578571428571426
branching on CartesianIndex(2, 2) with a.
130    64     13         11.9214    29.5786    148.1126   % 
UB: 29.578571428571426
branching on CartesianIndex(3, 2) with a.
131    65     14         11.9214    29.5786    148.1126   % 
UB: 29.578571428571426
branching on CartesianIndex(4, 2) with a.
132    66     15         11.9214    29.5786    148.1126   % 
UB: 29.578571428571426
branching on CartesianIndex(5, 2) with a.
133    67     16         11.9214    29.5786    148.1126   % 
UB: 29.578571428571426
branching on CartesianIndex(6, 2) with a.
134    68     17         11.9214    29.5786    148.1126   % 
LB close or above UB, fathomed
135    67     17         11.9214    29.5786    148.1126   % 
UB: 29.578571428571426
branching on CartesianIndex(1, 3) with a.
136    68     18         11.9214    29.5786    148.1126   % 
UB: 29.578571428571426
branching on CartesianIndex(2, 3) with a.
137    69     18         11.9214    29.5786    148.1126   % 
UB: 29.578571428571426
branching on CartesianIndex(1, 4) with c.
138    70     16         11.9214    29.5786    148.1126   % 
LB close or above UB, fathomed
139    69     15         11.9214    29.5786    148.1126   % 
LB close or above UB, fathomed
140    68     14         11.9214    29.5786    148.1126   % 
LB close or above UB, fathomed
141    67     13         11.9214    29.5786    148.1126   % 
LB close or above UB, fathomed
142    66     11         11.9214    29.5786    148.1126   % 
UB: 29.578571428571426
branching on CartesianIndex(2, 2) with a.
143    67     12         11.9214    29.5786    148.1126   % 
UB: 29.578571428571426
branching on CartesianIndex(3, 2) with a.
144    68     12         11.9214    29.5786    148.1126   % 
LB close or above UB, fathomed
145    67     9          11.9214    29.5786    148.1126   % 
LB close or above UB, fathomed
146    66     7          11.9214    29.5786    148.1126   % 
LB close or above UB, fathomed
147    65     19         11.9214    29.5786    148.1126   % 
UB: 29.578571428571426
branching on CartesianIndex(3, 3) with a.
148    66     19         11.9214    29.5786    148.1126   % 
UB: 29.578571428571426
branching on 3 with b.
149    67     22         11.9214    29.5786    148.1126   % 
UB: 29.578571428571426
branching on CartesianIndex(6, 3) with a.
150    68     23         11.9214    29.5786    148.1126   % 
UB: 29.578571428571426
branching on CartesianIndex(1, 4) with c.
151    69     24         11.9214    29.5786    148.1126   % 
LB close or above UB, fathomed
152    68     24         11.9214    29.5786    148.1126   % 
UB: 29.578571428571426
branching on CartesianIndex(1, 5) with c.
153    69     23         11.9214    29.5786    148.1126   % 
LB close or above UB, fathomed
154    68     22         11.9214    29.5786    148.1126   % 
LB close or above UB, fathomed
155    67     14         11.9214    29.5786    148.1126   % 
UB: 29.578571428571426
branching on CartesianIndex(1, 2) with a.
156    68     14         11.9214    29.5786    148.1126   % 
LB close or above UB, fathomed
157    67     25         11.9214    29.5786    148.1126   % 
UB: 29.578571428571426
branching on CartesianIndex(2, 5) with c.
158    68     26         11.9214    29.5786    148.1126   % 
UB: 29.578571428571426
branching on CartesianIndex(1, 6) with c.
159    69     27         11.9214    29.5786    148.1126   % 
LB close or above UB, fathomed
160    68     27         11.9214    29.5786    148.1126   % 
UB: 29.578571428571426
branching on 2 with b.
161    69     28         11.9214    29.5786    148.1126   % 
UB: 29.578571428571426
branching on CartesianIndex(1, 7) with c.
162    70     28         11.9214    29.5786    148.1126   % 
UB: 29.578571428571426
branching on CartesianIndex(1, 7) with c.
163    71     26         11.9214    29.5786    148.1126   % 
LB close or above UB, fathomed
164    70     25         11.9214    29.5786    148.1126   % 
LB close or above UB, fathomed
165    69     20         11.9214    29.5786    148.1126   % 
UB: 29.578571428571426
branching on CartesianIndex(4, 3) with a.
166    70     21         11.9214    29.5786    148.1126   % 
UB: 29.578571428571426
branching on 3 with b.
167    71     22         11.9214    29.5786    148.1126   % 
UB: 29.578571428571426
branching on CartesianIndex(5, 3) with a.
168    72     23         11.9214    29.5786    148.1126   % 
UB: 29.578571428571426
branching on CartesianIndex(6, 3) with a.
169    73     24         11.9214    29.5786    148.1126   % 
UB: 29.578571428571426
branching on CartesianIndex(1, 4) with c.
170    74     25         11.9214    29.5786    148.1126   % 
LB close or above UB, fathomed
171    73     25         11.9214    29.5786    148.1126   % 
UB: 29.578571428571426
branching on CartesianIndex(1, 5) with c.
172    74     24         11.9214    29.5786    148.1126   % 
LB close or above UB, fathomed
173    73     23         11.9214    29.5786    148.1126   % 
LB close or above UB, fathomed
174    72     22         11.9214    29.5786    148.1126   % 
LB close or above UB, fathomed
175    71     21         11.9214    29.5786    148.1126   % 
UB: 29.578571428571426
branching on 3 with b.
176    72     20         11.9214    29.5786    148.1126   % 
LB close or above UB, fathomed
177    71     16         14.8395    29.5786    99.3235    % 
UB: 29.578571428571426
branching on 3 with b.
178    72     16         14.8395    29.5786    99.3235    % 
UB: 29.578571428571426
branching on CartesianIndex(2, 2) with a.
179    73     17         14.8395    29.5786    99.3235    % 
UB: 29.578571428571426
branching on CartesianIndex(3, 2) with a.
180    74     18         14.8395    29.5786    99.3235    % 
UB: 29.578571428571426
branching on CartesianIndex(4, 2) with a.
181    75     19         14.8395    29.5786    99.3235    % 
UB: 29.578571428571426
branching on CartesianIndex(5, 2) with a.
182    76     20         14.8395    29.5786    99.3235    % 
UB: 29.578571428571426
branching on 3 with b.
183    77     20         14.8395    29.5786    99.3235    % 
LB close or above UB, fathomed
184    76     19         14.8395    29.5786    99.3235    % 
LB close or above UB, fathomed
185    75     18         14.8395    29.5786    99.3235    % 
LB close or above UB, fathomed
186    74     17         14.8395    29.5786    99.3235    % 
LB close or above UB, fathomed
187    73     19         14.8643    29.5786    98.9909    % 
LB close or above UB, fathomed
188    72     19         14.8643    29.5786    98.9909    % 
UB: 29.578571428571426
branching on CartesianIndex(1, 5) with c.
189    73     20         14.8643    29.5786    98.9909    % 
UB: 29.578571428571426
branching on CartesianIndex(2, 5) with c.
190    74     21         14.8643    29.5786    98.9909    % 
UB: 29.578571428571426
branching on CartesianIndex(1, 6) with c.
191    75     22         14.8643    29.5786    98.9909    % 
LB close or above UB, fathomed
192    74     22         14.8643    29.5786    98.9909    % 
UB: 29.578571428571426
branching on CartesianIndex(1, 7) with c.
193    75     23         14.8643    29.5786    98.9909    % 
UB: 29.578571428571426
branching on CartesianIndex(2, 7) with c.
194    76     24         14.8643    29.5786    98.9909    % 
LB close or above UB, fathomed
195    75     24         14.8643    29.5786    98.9909    % 
UB: 29.578571428571426
branching on 1 with b.
196    76     25         14.8643    29.5786    98.9909    % 
UB: 29.578571428571426
branching on 2 with b.
197    77     26         14.8643    29.5786    98.9909    % 
UB: 29.578571428571426
branching on 3 with b.
198    78     26         14.8643    29.5786    98.9909    % 
UB: 29.578571428571426
branching on 3 with b.
199    79     25         14.8643    29.5786    98.9909    % 
UB: 29.578571428571426
branching on 2 with b.
200    80     23         14.8643    29.5786    98.9909    % 
LB close or above UB, fathomed
201    79     21         14.8643    29.5786    98.9909    % 
LB close or above UB, fathomed
202    78     20         14.8643    29.5786    98.9909    % 
LB close or above UB, fathomed
203    77     18         14.8643    29.5786    98.9909    % 
UB: 29.578571428571426
branching on 2 with b.
204    78     19         14.8643    29.5786    98.9909    % 
UB: 29.578571428571426
branching on 3 with b.
205    79     19         14.8643    29.5786    98.9909    % 
LB close or above UB, fathomed
206    78     18         14.8643    29.5786    98.9909    % 
UB: 29.578571428571426
branching on CartesianIndex(1, 4) with c.
207    79     16         14.8643    29.5786    98.9909    % 
LB close or above UB, fathomed
208    78     16         14.8643    29.5786    98.9909    % 
UB: 26.63571428571428
branching on CartesianIndex(1, 2) with a.
209    79     17         14.8643    26.6357    79.1927    % 
UB: 26.63571428571428
branching on CartesianIndex(2, 2) with a.
210    66     18         14.8643    26.6357    79.1927    % 
UB: 26.63571428571428
branching on CartesianIndex(3, 2) with a.
211    67     19         14.8643    26.6357    79.1927    % 
UB: 26.63571428571428
branching on CartesianIndex(4, 2) with a.
212    68     20         14.8643    26.6357    79.1927    % 
UB: 26.63571428571428
branching on 1 with b.
213    69     21         14.8643    26.6357    79.1927    % 
LB close or above UB, fathomed
214    68     21         14.8643    26.6357    79.1927    % 
UB: 26.63571428571428
branching on CartesianIndex(5, 2) with a.
215    69     22         14.8643    26.6357    79.1927    % 
UB: 26.63571428571428
branching on CartesianIndex(6, 2) with a.
216    70     23         14.8643    26.6357    79.1927    % 
LB close or above UB, fathomed
217    69     23         14.8643    26.6357    79.1927    % 
UB: 26.63571428571428
branching on 2 with b.
218    70     24         14.8643    26.6357    79.1927    % 
UB: 26.63571428571428
branching on CartesianIndex(1, 3) with a.
219    71     24         14.8643    26.6357    79.1927    % 
UB: 26.63571428571428
branching on CartesianIndex(1, 3) with a.
220    72     22         14.8643    26.6357    79.1927    % 
LB close or above UB, fathomed
221    71     20         14.8643    26.6357    79.1927    % 
LB close or above UB, fathomed
222    70     19         14.8643    26.6357    79.1927    % 
LB close or above UB, fathomed
223    69     18         14.8643    26.6357    79.1927    % 
LB close or above UB, fathomed
224    68     17         14.8643    26.6357    79.1927    % 
LB close or above UB, fathomed
225    67     14         14.8643    26.6357    79.1927    % 
UB: 26.63571428571428
branching on 1 with b.
226    68     15         14.8643    26.6357    79.1927    % 
LB close or above UB, fathomed
227    67     15         14.8643    26.6357    79.1927    % 
UB: 26.63571428571428
branching on 2 with b.
228    68     16         14.8643    26.6357    79.1927    % 
UB: 26.63571428571428
branching on CartesianIndex(4, 1) with a.
229    69     16         14.8643    26.6357    79.1927    % 
UB: 26.63571428571428
branching on CartesianIndex(4, 1) with a.
230    70     17         14.8643    26.6357    79.1927    % 
UB: 26.63571428571428
branching on 3 with b.
231    71     18         14.8643    26.6357    79.1927    % 
UB: 26.63571428571428
branching on CartesianIndex(5, 1) with a.
232    72     19         14.8643    26.6357    79.1927    % 
LB close or above UB, fathomed
233    71     19         14.8643    26.6357    79.1927    % 
UB: 26.63571428571428
branching on CartesianIndex(1, 2) with a.
234    72     20         14.8643    26.6357    79.1927    % 
UB: 26.63571428571428
branching on CartesianIndex(2, 2) with a.
235    73     20         14.8643    26.6357    79.1927    % 
LB close or above UB, fathomed
236    72     18         14.8643    26.6357    79.1927    % 
UB: 26.63571428571428
branching on CartesianIndex(5, 1) with a.
237    73     17         14.8643    26.6357    79.1927    % 
LB close or above UB, fathomed
238    72     14         14.8643    26.6357    79.1927    % 
LB close or above UB, fathomed
239    71     21         14.8643    26.6357    79.1927    % 
UB: 26.63571428571428
branching on CartesianIndex(4, 2) with a.
240    72     22         14.8643    26.6357    79.1927    % 
UB: 26.63571428571428
branching on CartesianIndex(5, 2) with a.
241    73     23         14.8643    26.6357    79.1927    % 
UB: 26.63571428571428
branching on CartesianIndex(6, 2) with a.
242    74     23         14.8643    26.6357    79.1927    % 
LB close or above UB, fathomed
243    73     22         14.8643    26.6357    79.1927    % 
LB close or above UB, fathomed
244    72     21         14.8643    26.6357    79.1927    % 
LB close or above UB, fathomed
245    71     19         14.8643    26.6357    79.1927    % 
LB close or above UB, fathomed
246    70     19         14.8643    26.6357    79.1927    % 
UB: 26.63571428571428
branching on 2 with b.
247    71     7          14.8643    26.6357    79.1927    % 
UB: 26.63571428571428
branching on 2 with b.
248    72     8          14.8643    26.6357    79.1927    % 
UB: 26.63571428571428
branching on CartesianIndex(2, 1) with a.
249    73     9          14.8643    26.6357    79.1927    % 
UB: 26.63571428571428
branching on CartesianIndex(3, 1) with a.
250    74     10         14.8643    26.6357    79.1927    % 
UB: 26.63571428571428
branching on CartesianIndex(4, 1) with a.
251    75     11         14.8643    26.6357    79.1927    % 
UB: 26.63571428571428
branching on 3 with b.
252    76     12         14.8643    26.6357    79.1927    % 
UB: 26.63571428571428
branching on CartesianIndex(5, 1) with a.
253    77     13         14.8643    26.6357    79.1927    % 
UB: 26.63571428571428
branching on CartesianIndex(6, 1) with a.
254    78     14         14.8643    26.6357    79.1927    % 
UB: 26.63571428571428
branching on 1 with b.
255    79     15         14.8643    26.6357    79.1927    % 
UB: 26.63571428571428
branching on CartesianIndex(1, 2) with a.
256    80     16         14.8643    26.6357    79.1927    % 
UB: 26.63571428571428
branching on 2 with b.
257    81     17         14.8643    26.6357    79.1927    % 
LB close or above UB, fathomed
258    80     17         14.8643    26.6357    79.1927    % 
UB: 26.63571428571428
branching on CartesianIndex(2, 2) with a.
259    81     18         14.8643    26.6357    79.1927    % 
UB: 26.63571428571428
branching on 3 with b.
260    82     18         14.8643    26.6357    79.1927    % 
LB close or above UB, fathomed
261    81     16         14.8643    26.6357    79.1927    % 
LB close or above UB, fathomed
262    80     15         14.8643    26.6357    79.1927    % 
LB close or above UB, fathomed
263    79     14         14.8643    26.6357    79.1927    % 
LB close or above UB, fathomed
264    78     13         14.8643    26.6357    79.1927    % 
UB: 26.63571428571428
branching on CartesianIndex(1, 2) with a.
265    79     12         14.8643    26.6357    79.1927    % 
UB: 26.63571428571428
branching on 1 with b.
266    80     13         14.8643    26.6357    79.1927    % 
UB: 26.63571428571428
branching on 2 with b.
267    81     13         14.8643    26.6357    79.1927    % 
LB close or above UB, fathomed
268    80     11         14.8643    26.6357    79.1927    % 
UB: 26.63571428571428
branching on 3 with b.
269    81     10         14.8643    26.6357    79.1927    % 
LB close or above UB, fathomed
270    80     9          14.8643    26.6357    79.1927    % 
UB: 26.63571428571428
branching on CartesianIndex(1, 2) with a.
271    81     10         14.8643    26.6357    79.1927    % 
UB: 26.63571428571428
branching on CartesianIndex(2, 2) with a.
272    82     11         14.8643    26.6357    79.1927    % 
UB: 26.63571428571428
branching on CartesianIndex(3, 2) with a.
273    83     11         14.8643    26.6357    79.1927    % 
LB close or above UB, fathomed
274    82     10         14.8643    26.6357    79.1927    % 
LB close or above UB, fathomed
275    81     8          14.8643    26.6357    79.1927    % 
LB close or above UB, fathomed
276    80     7          14.8643    26.6357    79.1927    % 
LB close or above UB, fathomed
277    79     29         14.8643    26.6357    79.1927    % 
UB: 26.63571428571428
branching on 3 with b.
278    80     30         14.8643    26.6357    79.1927    % 
UB: 26.63571428571428
branching on 1 with b.
279    81     31         14.8643    26.6357    79.1927    % 
UB: 26.63571428571428
branching on CartesianIndex(2, 7) with c.
280    82     31         14.8643    26.6357    79.1927    % 
UB: 26.63571428571428
branching on CartesianIndex(2, 7) with c.
281    83     30         14.8643    26.6357    79.1927    % 
LB close or above UB, fathomed
282    82     29         14.8643    26.6357    79.1927    % 
LB close or above UB, fathomed
283    81     15         14.8643    26.6357    79.1927    % 
UB: 26.63571428571428
branching on CartesianIndex(2, 2) with a.
284    82     16         14.8643    26.6357    79.1927    % 
UB: 26.63571428571428
branching on CartesianIndex(3, 2) with a.
285    83     17         14.8643    26.6357    79.1927    % 
UB: 26.63571428571428
branching on CartesianIndex(4, 2) with a.
286    84     18         14.8643    26.6357    79.1927    % 
UB: 26.63571428571428
branching on CartesianIndex(5, 2) with a.
287    85     19         14.8643    26.6357    79.1927    % 
UB: 26.63571428571428
branching on CartesianIndex(6, 2) with a.
288    86     19         14.8643    26.6357    79.1927    % 
LB close or above UB, fathomed
289    85     18         14.8643    26.6357    79.1927    % 
LB close or above UB, fathomed
290    84     17         14.8643    26.6357    79.1927    % 
LB close or above UB, fathomed
291    83     16         14.8643    26.6357    79.1927    % 
LB close or above UB, fathomed
292    82     15         14.8643    26.6357    79.1927    % 
LB close or above UB, fathomed
293    81     21         14.8643    26.6357    79.1927    % 
LB close or above UB, fathomed
294    80     21         14.8643    26.6357    79.1927    % 
UB: 26.63571428571428
branching on CartesianIndex(1, 5) with c.
295    81     14         14.8643    26.6357    79.1927    % 
UB: 26.63571428571428
branching on CartesianIndex(2, 2) with a.
296    82     15         14.8643    26.6357    79.1927    % 
UB: 26.63571428571428
branching on CartesianIndex(3, 2) with a.
297    83     16         14.8643    26.6357    79.1927    % 
UB: 26.63571428571428
branching on 1 with b.
298    84     16         14.8643    26.6357    79.1927    % 
LB close or above UB, fathomed
299    83     15         14.8643    26.6357    79.1927    % 
LB close or above UB, fathomed
300    82     14         14.8643    26.6357    79.1927    % 
LB close or above UB, fathomed
301    81     14         14.8643    26.6357    79.1927    % 
UB: 26.63571428571428
branching on CartesianIndex(5, 2) with a.
302    82     15         14.8643    26.6357    79.1927    % 
UB: 26.63571428571428
branching on CartesianIndex(6, 2) with a.
303    83     16         14.8643    26.6357    79.1927    % 
UB: 26.63571428571428
branching on CartesianIndex(1, 3) with a.
304    84     16         14.8643    26.6357    79.1927    % 
UB: 26.63571428571428
branching on CartesianIndex(1, 3) with a.
305    85     15         14.8643    26.6357    79.1927    % 
LB close or above UB, fathomed
306    84     14         14.8643    26.6357    79.1927    % 
LB close or above UB, fathomed
307    83     22         14.8643    26.6357    79.1927    % 
UB: 26.63571428571428
branching on 1 with b.
308    84     23         14.8643    26.6357    79.1927    % 
UB: 26.63571428571428
branching on CartesianIndex(2, 5) with c.
309    85     23         14.8643    26.6357    79.1927    % 
UB: 26.63571428571428
branching on CartesianIndex(2, 5) with c.
310    86     22         14.8643    26.6357    79.1927    % 
LB close or above UB, fathomed
311    85     20         14.8643    26.6357    79.1927    % 
UB: 26.63571428571428
branching on CartesianIndex(2, 3) with a.
312    86     21         14.8643    26.6357    79.1927    % 
UB: 26.63571428571428
branching on CartesianIndex(3, 3) with a.
313    87     21         14.8643    26.6357    79.1927    % 
UB: 26.63571428571428
branching on CartesianIndex(1, 4) with c.
314    88     20         14.8643    26.6357    79.1927    % 
LB close or above UB, fathomed
315    87     22         14.8643    26.6357    79.1927    % 
UB: 26.63571428571428
branching on 1 with b.
316    88     23         14.8643    26.6357    79.1927    % 
UB: 26.63571428571428
branching on CartesianIndex(4, 3) with a.
317    89     23         14.8643    26.6357    79.1927    % 
UB: 26.63571428571428
branching on CartesianIndex(4, 3) with a.
318    90     22         14.8643    26.6357    79.1927    % 
LB close or above UB, fathomed
319    89     26         14.8643    26.6357    79.1927    % 
UB: 26.63571428571428
branching on CartesianIndex(2, 5) with c.
320    90     27         14.8643    26.6357    79.1927    % 
UB: 26.63571428571428
branching on CartesianIndex(1, 6) with c.
321    91     28         14.8643    26.6357    79.1927    % 
LB close or above UB, fathomed
322    90     28         14.8643    26.6357    79.1927    % 
UB: 26.63571428571428
branching on CartesianIndex(1, 7) with c.
323    91     29         14.8643    26.6357    79.1927    % 
UB: 26.63571428571428
branching on CartesianIndex(2, 7) with c.
324    92     30         14.8643    26.6357    79.1927    % 
LB close or above UB, fathomed
325    91     30         14.8643    26.6357    79.1927    % 
UB: 26.63571428571428
branching on 1 with b.
326    92     31         14.8643    26.6357    79.1927    % 
UB: 26.63571428571428
branching on 2 with b.
327    93     32         14.8643    26.6357    79.1927    % 
UB: 26.63571428571428
branching on 3 with b.
328    94     32         14.8643    26.6357    79.1927    % 
UB: 26.63571428571428
branching on 3 with b.
329    95     31         14.8643    26.6357    79.1927    % 
UB: 26.63571428571428
branching on 2 with b.
330    96     29         14.8643    26.6357    79.1927    % 
LB close or above UB, fathomed
331    95     27         14.8643    26.6357    79.1927    % 
LB close or above UB, fathomed
332    94     26         14.8643    26.6357    79.1927    % 
LB close or above UB, fathomed
333    93     20         14.8643    26.6357    79.1927    % 
UB: 26.63571428571428
branching on CartesianIndex(1, 4) with c.
334    94     20         14.8643    26.6357    79.1927    % 
LB close or above UB, fathomed
335    93     19         14.8643    26.6357    79.1927    % 
UB: 26.63571428571428
branching on CartesianIndex(2, 3) with a.
336    94     19         14.8643    26.6357    79.1927    % 
LB close or above UB, fathomed
337    93     20         14.8643    26.6357    79.1927    % 
UB: 26.63571428571428
branching on CartesianIndex(3, 3) with a.
338    94     21         14.8643    26.6357    79.1927    % 
UB: 26.63571428571428
branching on CartesianIndex(4, 3) with a.
339    95     22         14.8643    26.6357    79.1927    % 
UB: 26.63571428571428
branching on CartesianIndex(5, 3) with a.
340    96     23         14.8643    26.6357    79.1927    % 
UB: 26.63571428571428
branching on CartesianIndex(6, 3) with a.
341    97     24         14.8643    26.6357    79.1927    % 
UB: 26.63571428571428
branching on CartesianIndex(1, 4) with c.
342    98     24         14.8643    26.6357    79.1927    % 
LB close or above UB, fathomed
343    97     23         14.8643    26.6357    79.1927    % 
LB close or above UB, fathomed
344    96     22         14.8643    26.6357    79.1927    % 
UB: 26.63571428571428
branching on CartesianIndex(1, 4) with c.
345    97     21         14.8643    26.6357    79.1927    % 
LB close or above UB, fathomed
346    96     20         14.8643    26.6357    79.1927    % 
UB: 26.63571428571428
branching on CartesianIndex(1, 4) with c.
347    97     25         14.8643    26.6357    79.1927    % 
LB close or above UB, fathomed
348    96     25         14.8643    26.6357    79.1927    % 
UB: 26.63571428571428
branching on CartesianIndex(1, 5) with c.
349    97     26         14.8643    26.6357    79.1927    % 
UB: 26.63571428571428
branching on CartesianIndex(2, 5) with c.
350    98     26         14.8643    26.6357    79.1927    % 
LB close or above UB, fathomed
351    97     27         14.8643    26.6357    79.1927    % 
UB: 26.63571428571428
branching on CartesianIndex(1, 6) with c.
352    98     28         14.8643    26.6357    79.1927    % 
LB close or above UB, fathomed
353    97     28         14.8643    26.6357    79.1927    % 
UB: 26.63571428571428
branching on CartesianIndex(1, 7) with c.
354    98     29         14.8643    26.6357    79.1927    % 
UB: 26.63571428571428
branching on CartesianIndex(2, 7) with c.
355    99     30         14.8643    26.6357    79.1927    % 
LB close or above UB, fathomed
356    98     30         14.8643    26.6357    79.1927    % 
UB: 26.63571428571428
branching on 1 with b.
357    99     31         14.8643    26.6357    79.1927    % 
UB: 26.63571428571428
branching on 2 with b.
358    100    32         14.8643    26.6357    79.1927    % 
UB: 26.63571428571428
branching on 3 with b.
359    101    32         14.8643    26.6357    79.1927    % 
UB: 26.63571428571428
branching on 3 with b.
360    102    33         14.8643    26.6357    79.1927    % 
UB: 26.63571428571428
branching on 1 with b.
361    103    34         14.8643    26.6357    79.1927    % 
UB: 23.692857142857143
branching on 2 with b.
362    104    35         14.8643    23.6929    59.3945    % 
UB: 23.692857142857143
branching on 3 with b.
363    93     35         14.8643    23.6929    59.3945    % 
LB close or above UB, fathomed
364    92     34         14.8643    23.6929    59.3945    % 
UB: 23.692857142857143
branching on 2 with b.
365    93     33         14.8643    23.6929    59.3945    % 
LB close or above UB, fathomed
366    92     31         14.8643    23.6929    59.3945    % 
LB close or above UB, fathomed
367    91     29         14.8643    23.6929    59.3945    % 
LB close or above UB, fathomed
368    90     27         14.8643    23.6929    59.3945    % 
LB close or above UB, fathomed
369    89     21         14.8643    23.6929    59.3945    % 
LB close or above UB, fathomed
370    88     21         14.8643    23.6929    59.3945    % 
UB: 23.692857142857143
branching on CartesianIndex(1, 5) with c.
371    89     25         14.8643    23.6929    59.3945    % 
UB: 23.692857142857143
branching on CartesianIndex(2, 3) with a.
372    90     26         14.8643    23.6929    59.3945    % 
UB: 23.692857142857143
branching on 3 with b.
373    91     26         14.8643    23.6929    59.3945    % 
UB: 23.692857142857143
branching on CartesianIndex(1, 4) with c.
374    92     25         14.8643    23.6929    59.3945    % 
LB close or above UB, fathomed
375    91     27         14.8643    23.6929    59.3945    % 
UB: 23.692857142857143
branching on CartesianIndex(3, 3) with a.
376    92     27         14.8643    23.6929    59.3945    % 
LB close or above UB, fathomed
377    91     28         14.8643    23.6929    59.3945    % 
UB: 23.692857142857143
branching on CartesianIndex(4, 3) with a.
378    92     28         14.8643    23.6929    59.3945    % 
LB close or above UB, fathomed
379    91     29         14.8643    23.6929    59.3945    % 
UB: 23.692857142857143
branching on CartesianIndex(5, 3) with a.
380    92     29         14.8643    23.6929    59.3945    % 
UB: 23.692857142857143
branching on CartesianIndex(1, 4) with c.
381    93     30         14.8643    23.6929    59.3945    % 
UB: 23.692857142857143
branching on 1 with b.
382    94     30         14.8643    23.6929    59.3945    % 
LB close or above UB, fathomed
383    93     31         14.8643    23.6929    59.3945    % 
UB: 23.692857142857143
branching on CartesianIndex(6, 3) with a.
384    94     31         14.8643    23.6929    59.3945    % 
UB: 23.692857142857143
branching on CartesianIndex(6, 3) with a.
385    95     32         14.8643    23.6929    59.3945    % 
UB: 23.692857142857143
branching on CartesianIndex(1, 4) with c.
386    96     32         14.8643    23.6929    59.3945    % 
LB close or above UB, fathomed
387    95     21         17.7823    23.6929    33.2381    % 
UB: 23.692857142857143
branching on CartesianIndex(6, 2) with a.
388    96     22         17.7823    23.6929    33.2381    % 
LB close or above UB, fathomed
389    95     22         17.7823    23.6929    33.2381    % 
UB: 23.692857142857143
branching on CartesianIndex(1, 3) with a.
390    96     21         17.7823    23.6929    33.2381    % 
LB close or above UB, fathomed
391    95     23         17.7823    23.6929    33.2381    % 
UB: 23.692857142857143
branching on CartesianIndex(2, 3) with a.
392    96     23         17.7823    23.6929    33.2381    % 
LB close or above UB, fathomed
393    95     24         17.7823    23.6929    33.2381    % 
UB: 23.692857142857143
branching on CartesianIndex(3, 3) with a.
394    96     25         17.7823    23.6929    33.2381    % 
UB: 23.692857142857143
branching on CartesianIndex(4, 3) with a.
395    97     26         17.7823    23.6929    33.2381    % 
UB: 23.692857142857143
branching on CartesianIndex(5, 3) with a.
396    98     27         17.7823    23.6929    33.2381    % 
UB: 23.692857142857143
branching on CartesianIndex(6, 3) with a.
397    99     28         17.7823    23.6929    33.2381    % 
UB: 23.692857142857143
branching on CartesianIndex(1, 4) with c.
398    100    29         17.7823    23.6929    33.2381    % 
LB close or above UB, fathomed
399    99     29         17.7823    23.6929    33.2381    % 
UB: 23.692857142857143
branching on CartesianIndex(1, 5) with c.
400    100    30         17.7823    23.6929    33.2381    % 
UB: 23.692857142857143
branching on CartesianIndex(2, 5) with c.
401    101    31         17.7823    23.6929    33.2381    % 
UB: 23.692857142857143
branching on CartesianIndex(1, 6) with c.
402    102    32         17.7823    23.6929    33.2381    % 
LB close or above UB, fathomed
403    101    32         17.7823    23.6929    33.2381    % 
UB: 23.692857142857143
branching on CartesianIndex(1, 7) with c.
404    102    33         17.7823    23.6929    33.2381    % 
UB: 23.692857142857143
branching on CartesianIndex(2, 7) with c.
405    103    34         17.7823    23.6929    33.2381    % 
LB close or above UB, fathomed
406    102    34         17.7823    23.6929    33.2381    % 
UB: 23.692857142857143
branching on 1 with b.
407    103    35         17.7823    23.6929    33.2381    % 
UB: 23.692857142857143
branching on 2 with b.
408    104    35         17.7823    23.6929    33.2381    % 
UB: 23.692857142857143
branching on 2 with b.
409    105    33         17.7823    23.6929    33.2381    % 
LB close or above UB, fathomed
410    104    31         17.7823    23.6929    33.2381    % 
LB close or above UB, fathomed
411    103    30         17.7823    23.6929    33.2381    % 
LB close or above UB, fathomed
412    102    28         17.7823    23.6929    33.2381    % 
LB close or above UB, fathomed
413    101    27         17.7823    23.6929    33.2381    % 
LB close or above UB, fathomed
414    100    26         17.7823    23.6929    33.2381    % 
LB close or above UB, fathomed
415    99     25         17.7823    23.6929    33.2381    % 
LB close or above UB, fathomed
416    98     24         17.7823    23.6929    33.2381    % 
UB: 23.692857142857143
branching on 1 with b.
417    99     33         17.8071    23.6929    33.0525    % 
LB close or above UB, fathomed
418    98     33         17.8071    23.6929    33.0525    % 
UB: 23.692857142857143
branching on CartesianIndex(1, 5) with c.
419    99     33         17.8071    23.6929    33.0525    % 
UB: 23.692857142857143
branching on 1 with b.
420    100    34         17.8071    23.6929    33.0525    % 
UB: 23.692857142857143
branching on 2 with b.
421    101    35         17.8071    23.6929    33.0525    % 
UB: 23.692857142857143
branching on 3 with b.
422    102    35         17.8071    23.6929    33.0525    % 
UB: 23.69285714285714
branching on 3 with b.
423    103    34         17.8071    23.6929    33.0525    % 
UB: 23.69285714285714
branching on 2 with b.
424    104    33         17.8071    23.6929    33.0525    % 
LB close or above UB, fathomed
425    103    27         17.8071    23.6929    33.0525    % 
UB: 23.69285714285714
branching on 1 with b.
426    104    28         17.8071    23.6929    33.0525    % 
UB: 23.69285714285714
branching on 2 with b.
427    105    28         17.8071    23.6929    33.0525    % 
UB: 23.69285714285714
branching on 2 with b.
428    106    27         17.8071    23.6929    33.0525    % 
LB close or above UB, fathomed
429    105    35         17.8071    23.6929    33.0525    % 
LB close or above UB, fathomed
430    104    35         17.8071    23.6929    33.0525    % 
UB: 23.69285714285714
branching on 3 with b.
431    105    36         17.8071    23.6929    33.0525    % 
UB: 23.69285714285714
branching on 3 with b.
432    106    36         17.8071    23.6929    33.0525    % 
LB close or above UB, fathomed
433    105    36         17.8071    23.6929    33.0525    % 
UB: 23.69285714285714
branching on 1 with b.
434    106    37         17.8071    23.6929    33.0525    % 
UB: 23.69285714285714
branching on 2 with b.
435    107    38         17.8071    23.6929    33.0525    % 
UB: 23.69285714285714
branching on 3 with b.
436    107    39         17.8071    23.6929    33.0525    % 
UB: 23.69285714285714
branching on 1 with b.
437    108    40         17.8071    23.6929    33.0525    % 
LB close or above UB, fathomed
438    107    40         17.8071    23.6929    33.0525    % 
UB: 23.69285714285714
branching on 2 with b.
439    108    41         17.8071    23.6929    33.0525    % 
UB: 20.75
branching on 3 with b.
440    109    42         17.8071    20.7500    16.5263    % 
LB close or above UB, fathomed
441    56     42         17.8071    20.7500    16.5263    % 
UB: 20.75
branching on 1 with b.
442    57     43         17.8071    20.7500    16.5263    % 
LB close or above UB, fathomed
443    56     43         17.8071    20.7500    16.5263    % 
LB close or above UB, fathomed
444    55     41         17.8071    20.7500    16.5263    % 
UB: 20.75
branching on 3 with b.
445    56     42         17.8071    20.7500    16.5263    % 
LB close or above UB, fathomed
446    55     42         17.8071    20.7500    16.5263    % 
UB: 20.75
branching on 1 with b.
447    56     43         17.8071    20.7500    16.5263    % 
LB close or above UB, fathomed
448    55     43         17.8071    20.7500    16.5263    % 
LB close or above UB, fathomed
449    54     38         17.8071    20.7500    16.5263    % 
LB close or above UB, fathomed
450    53     37         17.8071    20.7500    16.5263    % 
LB close or above UB, fathomed
451    52     36         17.8071    20.7500    16.5263    % 
UB: 20.75
branching on 1 with b.
452    53     37         17.8071    20.7500    16.5263    % 
UB: 20.75
branching on 2 with b.
453    54     38         17.8071    20.7500    16.5263    % 
UB: 20.75
branching on 3 with b.
454    55     39         17.8071    20.7500    16.5263    % 
UB: 20.75
branching on 1 with b.
455    56     40         17.8071    20.7500    16.5263    % 
LB close or above UB, fathomed
456    55     40         17.8071    20.7500    16.5263    % 
UB: 20.75
branching on 2 with b.
457    56     41         17.8071    20.7500    16.5263    % 
UB: 20.75
branching on 3 with b.
458    56     42         17.8071    20.7500    16.5263    % 
UB: 20.75
branching on 1 with b.
459    57     43         17.8071    20.7500    16.5263    % 
LB close or above UB, fathomed
460    56     43         17.8071    20.7500    16.5263    % 
LB close or above UB, fathomed
461    55     41         17.8071    20.7500    16.5263    % 
UB: 20.75
branching on 3 with b.
462    55     42         17.8071    20.7500    16.5263    % 
UB: 20.75
branching on 1 with b.
463    56     43         17.8071    20.7500    16.5263    % 
LB close or above UB, fathomed
464    55     43         17.8071    20.7500    16.5263    % 
LB close or above UB, fathomed
465    54     39         17.8071    20.7500    16.5263    % 
LB close or above UB, fathomed
466    53     38         17.8071    20.7500    16.5263    % 
LB close or above UB, fathomed
467    52     37         17.8071    20.7500    16.5263    % 
LB close or above UB, fathomed
468    51     17         17.8071    20.7500    16.5263    % 
LB close or above UB, fathomed
469    50     17         17.8071    20.7500    16.5263    % 
LB close or above UB, fathomed
470    49     17         17.8071    20.7500    16.5263    % 
UB: 20.75
branching on CartesianIndex(4, 2) with a.
471    50     18         17.8071    20.7500    16.5263    % 
UB: 20.75
branching on CartesianIndex(5, 2) with a.
472    51     19         17.8071    20.7500    16.5263    % 
UB: 20.75
branching on CartesianIndex(6, 2) with a.
473    52     20         17.8071    20.7500    16.5263    % 
LB close or above UB, fathomed
474    51     20         17.8071    20.7500    16.5263    % 
UB: 20.75
branching on CartesianIndex(1, 3) with a.
475    52     21         17.8071    20.7500    16.5263    % 
LB close or above UB, fathomed
476    51     21         17.8071    20.7500    16.5263    % 
LB close or above UB, fathomed
477    50     19         17.8071    20.7500    16.5263    % 
LB close or above UB, fathomed
478    49     18         17.8071    20.7500    16.5263    % 
LB close or above UB, fathomed
479    48     17         17.8071    20.7500    16.5263    % 
LB close or above UB, fathomed
480    47     32         17.8071    20.7500    16.5263    % 
LB close or above UB, fathomed
481    46     32         17.8071    20.7500    16.5263    % 
UB: 20.75
branching on 2 with b.
482    47     33         17.8071    20.7500    16.5263    % 
LB close or above UB, fathomed
483    46     33         17.8071    20.7500    16.5263    % 
LB close or above UB, fathomed
484    45     12         17.8071    20.7500    16.5263    % 
UB: 20.75
branching on CartesianIndex(4, 2) with a.
485    46     13         17.8071    20.7500    16.5263    % 
UB: 20.75
branching on 3 with b.
486    47     14         17.8071    20.7500    16.5263    % 
LB close or above UB, fathomed
487    46     14         17.8071    20.7500    16.5263    % 
UB: 20.75
branching on CartesianIndex(5, 2) with a.
488    47     15         17.8071    20.7500    16.5263    % 
UB: 20.75
branching on CartesianIndex(6, 2) with a.
489    48     15         17.8071    20.7500    16.5263    % 
LB close or above UB, fathomed
490    47     13         17.8071    20.7500    16.5263    % 
LB close or above UB, fathomed
491    46     12         17.8071    20.7500    16.5263    % 
LB close or above UB, fathomed
492    45     12         17.8071    20.7500    16.5263    % 
LB close or above UB, fathomed
493    44     12         17.8071    20.7500    16.5263    % 
UB: 20.75
branching on CartesianIndex(1, 2) with a.
494    45     13         17.8071    20.7500    16.5263    % 
UB: 20.75
branching on CartesianIndex(2, 2) with a.
495    46     14         17.8071    20.7500    16.5263    % 
UB: 20.75
branching on CartesianIndex(3, 2) with a.
496    47     15         17.8071    20.7500    16.5263    % 
LB close or above UB, fathomed
497    46     15         17.8071    20.7500    16.5263    % 
LB close or above UB, fathomed
498    45     14         17.8071    20.7500    16.5263    % 
LB close or above UB, fathomed
499    44     13         17.8071    20.7500    16.5263    % 
LB close or above UB, fathomed
500    43     14         17.8071    20.7500    16.5263    % 
LB close or above UB, fathomed
501    42     14         17.8071    20.7500    16.5263    % 
UB: 20.75
branching on CartesianIndex(5, 1) with a.
502    43     15         17.8071    20.7500    16.5263    % 
UB: 20.75
branching on CartesianIndex(6, 1) with a.
503    44     16         17.8071    20.7500    16.5263    % 
UB: 20.75
branching on CartesianIndex(1, 2) with a.
504    45     17         17.8071    20.7500    16.5263    % 
UB: 20.75
branching on CartesianIndex(2, 2) with a.
505    46     18         17.8071    20.7500    16.5263    % 
LB close or above UB, fathomed
506    45     18         17.8071    20.7500    16.5263    % 
LB close or above UB, fathomed
507    44     17         17.8071    20.7500    16.5263    % 
LB close or above UB, fathomed
508    43     16         17.8071    20.7500    16.5263    % 
LB close or above UB, fathomed
509    42     15         17.8071    20.7500    16.5263    % 
LB close or above UB, fathomed
510    41     19         17.8071    20.7500    16.5263    % 
LB close or above UB, fathomed
511    40     19         17.8071    20.7500    16.5263    % 
UB: 20.75
branching on 1 with b.
512    41     21         17.8071    20.7500    16.5263    % 
UB: 20.75
branching on CartesianIndex(3, 2) with a.
513    42     22         17.8071    20.7500    16.5263    % 
UB: 20.75
branching on CartesianIndex(4, 2) with a.
514    43     23         17.8071    20.7500    16.5263    % 
UB: 20.75
branching on CartesianIndex(5, 2) with a.
515    44     24         17.8071    20.7500    16.5263    % 
UB: 20.75
branching on CartesianIndex(6, 2) with a.
516    45     25         17.8071    20.7500    16.5263    % 
LB close or above UB, fathomed
517    44     25         17.8071    20.7500    16.5263    % 
LB close or above UB, fathomed
518    43     24         17.8071    20.7500    16.5263    % 
LB close or above UB, fathomed
519    42     23         17.8071    20.7500    16.5263    % 
LB close or above UB, fathomed
520    41     22         17.8071    20.7500    16.5263    % 
LB close or above UB, fathomed
521    40     21         17.8071    20.7500    16.5263    % 
LB close or above UB, fathomed
522    39     17         17.8071    20.7500    16.5263    % 
LB close or above UB, fathomed
523    38     17         17.8071    20.7500    16.5263    % 
LB close or above UB, fathomed
524    37     29         17.8071    20.7500    16.5263    % 
UB: 20.75
branching on 3 with b.
525    38     30         17.8071    20.7500    16.5263    % 
UB: 20.75
branching on CartesianIndex(2, 7) with c.
526    39     31         17.8071    20.7500    16.5263    % 
LB close or above UB, fathomed
527    38     31         17.8071    20.7500    16.5263    % 
UB: 20.75
branching on 1 with b.
528    39     32         17.8071    20.7500    16.5263    % 
LB close or above UB, fathomed
529    38     32         17.8071    20.7500    16.5263    % 
LB close or above UB, fathomed
530    37     30         17.8071    20.7500    16.5263    % 
LB close or above UB, fathomed
531    36     29         17.8071    20.7500    16.5263    % 
LB close or above UB, fathomed
532    35     13         17.8071    20.7500    16.5263    % 
UB: 20.75
branching on CartesianIndex(4, 2) with a.
533    36     14         17.8071    20.7500    16.5263    % 
UB: 20.75
branching on 2 with b.
534    37     15         17.8071    20.7500    16.5263    % 
LB close or above UB, fathomed
535    36     15         17.8071    20.7500    16.5263    % 
UB: 20.75
branching on CartesianIndex(5, 2) with a.
536    37     16         17.8071    20.7500    16.5263    % 
LB close or above UB, fathomed
537    36     16         17.8071    20.7500    16.5263    % 
LB close or above UB, fathomed
538    35     14         17.8071    20.7500    16.5263    % 
LB close or above UB, fathomed
539    34     13         17.8071    20.7500    16.5263    % 
LB close or above UB, fathomed
540    33     11         17.8071    20.7500    16.5263    % 
UB: 20.75
branching on CartesianIndex(3, 2) with a.
541    34     12         17.8071    20.7500    16.5263    % 
UB: 20.75
branching on 1 with b.
542    35     13         17.8071    20.7500    16.5263    % 
UB: 20.75
branching on CartesianIndex(4, 2) with a.
543    36     14         17.8071    20.7500    16.5263    % 
UB: 20.75
branching on CartesianIndex(5, 2) with a.
544    37     15         17.8071    20.7500    16.5263    % 
UB: 20.75
branching on CartesianIndex(6, 2) with a.
545    38     16         17.8071    20.7500    16.5263    % 
LB close or above UB, fathomed
546    37     16         17.8071    20.7500    16.5263    % 
UB: 20.75
branching on CartesianIndex(1, 3) with a.
547    38     15         17.8071    20.7500    16.5263    % 
LB close or above UB, fathomed
548    37     14         17.8071    20.7500    16.5263    % 
LB close or above UB, fathomed
549    36     13         17.8071    20.7500    16.5263    % 
LB close or above UB, fathomed
550    35     12         17.8071    20.7500    16.5263    % 
LB close or above UB, fathomed
551    34     11         17.8071    20.7500    16.5263    % 
LB close or above UB, fathomed
552    33     18         17.8071    20.7500    16.5263    % 
LB close or above UB, fathomed
553    32     18         17.8071    20.7500    16.5263    % 
UB: 20.75
branching on CartesianIndex(1, 5) with c.
554    33     19         17.8071    20.7500    16.5263    % 
UB: 20.75
branching on CartesianIndex(2, 5) with c.
555    34     20         17.8071    20.7500    16.5263    % 
UB: 20.75
branching on CartesianIndex(1, 6) with c.
556    35     21         17.8071    20.7500    16.5263    % 
LB close or above UB, fathomed
557    34     21         17.8071    20.7500    16.5263    % 
LB close or above UB, fathomed
558    33     20         17.8071    20.7500    16.5263    % 
LB close or above UB, fathomed
559    32     19         17.8071    20.7500    16.5263    % 
LB close or above UB, fathomed
560    31     21         17.8071    20.7500    16.5263    % 
LB close or above UB, fathomed
561    30     21         17.8071    20.7500    16.5263    % 
UB: 20.75
branching on CartesianIndex(1, 3) with a.
562    31     22         17.8071    20.7500    16.5263    % 
UB: 20.75
branching on CartesianIndex(2, 3) with a.
563    32     22         17.8071    20.7500    16.5263    % 
LB close or above UB, fathomed
564    31     21         17.8071    20.7500    16.5263    % 
UB: 20.75
branching on CartesianIndex(4, 2) with a.
565    32     22         17.8071    20.7500    16.5263    % 
UB: 20.75
branching on CartesianIndex(5, 2) with a.
566    33     23         17.8071    20.7500    16.5263    % 
LB close or above UB, fathomed
567    32     23         17.8071    20.7500    16.5263    % 
LB close or above UB, fathomed
568    31     22         17.8071    20.7500    16.5263    % 
LB close or above UB, fathomed
569    30     21         17.8071    20.7500    16.5263    % 
LB close or above UB, fathomed
570    29     13         17.8071    20.7500    16.5263    % 
UB: 20.75
branching on 1 with b.
571    30     14         17.8071    20.7500    16.5263    % 
UB: 20.75
branching on CartesianIndex(2, 2) with a.
572    31     15         17.8071    20.7500    16.5263    % 
UB: 20.75
branching on CartesianIndex(3, 2) with a.
573    32     16         17.8071    20.7500    16.5263    % 
UB: 20.75
branching on CartesianIndex(4, 2) with a.
574    33     17         17.8071    20.7500    16.5263    % 
UB: 20.75
branching on CartesianIndex(5, 2) with a.
575    34     18         17.8071    20.7500    16.5263    % 
LB close or above UB, fathomed
576    33     18         17.8071    20.7500    16.5263    % 
LB close or above UB, fathomed
577    32     17         17.8071    20.7500    16.5263    % 
LB close or above UB, fathomed
578    31     16         17.8071    20.7500    16.5263    % 
LB close or above UB, fathomed
579    30     15         17.8071    20.7500    16.5263    % 
LB close or above UB, fathomed
580    29     14         17.8071    20.7500    16.5263    % 
UB: 20.75
branching on 2 with b.
581    30     15         17.8071    20.7500    16.5263    % 
LB close or above UB, fathomed
582    29     15         17.8071    20.7500    16.5263    % 
UB: 20.75
branching on CartesianIndex(2, 2) with a.
583    30     16         17.8071    20.7500    16.5263    % 
LB close or above UB, fathomed
584    29     16         17.8071    20.7500    16.5263    % 
LB close or above UB, fathomed
585    28     13         17.8071    20.7500    16.5263    % 
LB close or above UB, fathomed
586    27     23         17.8071    20.7500    16.5263    % 
UB: 20.75
branching on CartesianIndex(3, 3) with a.
587    28     24         17.8071    20.7500    16.5263    % 
UB: 20.75
branching on 1 with b.
588    29     25         17.8071    20.7500    16.5263    % 
LB close or above UB, fathomed
589    28     25         17.8071    20.7500    16.5263    % 
UB: 20.75
branching on CartesianIndex(4, 3) with a.
590    29     26         17.8071    20.7500    16.5263    % 
UB: 20.75
branching on CartesianIndex(5, 3) with a.
591    30     26         17.8071    20.7500    16.5263    % 
LB close or above UB, fathomed
592    29     24         17.8071    20.7500    16.5263    % 
LB close or above UB, fathomed
593    28     23         17.8071    20.7500    16.5263    % 
LB close or above UB, fathomed
594    27     17         17.8071    20.7500    16.5263    % 
UB: 20.75
branching on 2 with b.
595    28     18         17.8071    20.7500    16.5263    % 
LB close or above UB, fathomed
596    27     18         17.8071    20.7500    16.5263    % 
UB: 20.75
branching on CartesianIndex(2, 3) with a.
597    28     19         17.8071    20.7500    16.5263    % 
UB: 20.75
branching on 3 with b.
598    29     20         17.8071    20.7500    16.5263    % 
LB close or above UB, fathomed
599    28     20         17.8071    20.7500    16.5263    % 
UB: 20.75
branching on 1 with b.
600    29     21         17.8071    20.7500    16.5263    % 
UB: 20.75
branching on 2 with b.
601    30     21         17.8071    20.7500    16.5263    % 
LB close or above UB, fathomed
602    29     19         17.8071    20.7500    16.5263    % 
LB close or above UB, fathomed
603    28     17         17.8071    20.7500    16.5263    % 
LB close or above UB, fathomed
604    27     20         17.8071    20.7500    16.5263    % 
UB: 20.75
branching on CartesianIndex(3, 2) with a.
605    28     21         17.8071    20.7500    16.5263    % 
UB: 20.75
branching on CartesianIndex(4, 2) with a.
606    29     22         17.8071    20.7500    16.5263    % 
UB: 20.75
branching on CartesianIndex(5, 2) with a.
607    30     23         17.8071    20.7500    16.5263    % 
LB close or above UB, fathomed
608    29     23         17.8071    20.7500    16.5263    % 
LB close or above UB, fathomed
609    28     22         17.8071    20.7500    16.5263    % 
LB close or above UB, fathomed
610    27     21         17.8071    20.7500    16.5263    % 
LB close or above UB, fathomed
611    26     20         17.8071    20.7500    16.5263    % 
LB close or above UB, fathomed
612    25     24         17.8071    20.7500    16.5263    % 
UB: 20.75
branching on CartesianIndex(1, 6) with c.
613    26     25         17.8071    20.7500    16.5263    % 
LB close or above UB, fathomed
614    25     25         17.8071    20.7500    16.5263    % 
UB: 20.75
branching on CartesianIndex(1, 7) with c.
615    26     26         17.8071    20.7500    16.5263    % 
UB: 20.75
branching on CartesianIndex(2, 7) with c.
616    27     27         17.8071    20.7500    16.5263    % 
LB close or above UB, fathomed
617    26     27         17.8071    20.7500    16.5263    % 
UB: 20.75
branching on 2 with b.
618    27     28         17.8071    20.7500    16.5263    % 
LB close or above UB, fathomed
619    26     28         17.8071    20.7500    16.5263    % 
LB close or above UB, fathomed
620    25     26         17.8071    20.7500    16.5263    % 
LB close or above UB, fathomed
621    24     24         17.8071    20.7500    16.5263    % 
LB close or above UB, fathomed
622    23     17         17.8071    20.7500    16.5263    % 
UB: 20.75
branching on CartesianIndex(2, 3) with a.
623    24     18         17.8071    20.7500    16.5263    % 
UB: 20.75
branching on CartesianIndex(3, 3) with a.
624    25     19         17.8071    20.7500    16.5263    % 
UB: 20.75
branching on 1 with b.
625    26     20         17.8071    20.7500    16.5263    % 
UB: 20.75
branching on CartesianIndex(4, 3) with a.
626    27     21         17.8071    20.7500    16.5263    % 
LB close or above UB, fathomed
627    26     21         17.8071    20.7500    16.5263    % 
LB close or above UB, fathomed
628    25     20         17.8071    20.7500    16.5263    % 
LB close or above UB, fathomed
629    24     19         17.8071    20.7500    16.5263    % 
LB close or above UB, fathomed
630    23     18         17.8071    20.7500    16.5263    % 
LB close or above UB, fathomed
631    22     17         17.8071    20.7500    16.5263    % 
LB close or above UB, fathomed
632    21     32         17.8071    20.7500    16.5263    % 
LB close or above UB, fathomed
633    20     32         17.8071    20.7500    16.5263    % 
UB: 20.75
branching on 2 with b.
634    21     33         17.8071    20.7500    16.5263    % 
LB close or above UB, fathomed
635    20     33         17.8071    20.7500    16.5263    % 
LB close or above UB, fathomed
636    19     22         17.8071    20.7500    16.5263    % 
UB: 20.75
branching on CartesianIndex(3, 3) with a.
637    20     23         17.8071    20.7500    16.5263    % 
UB: 20.75
branching on CartesianIndex(4, 3) with a.
638    21     24         17.8071    20.7500    16.5263    % 
LB close or above UB, fathomed
639    20     24         17.8071    20.7500    16.5263    % 
LB close or above UB, fathomed
640    19     23         17.8071    20.7500    16.5263    % 
LB close or above UB, fathomed
641    18     22         17.8071    20.7500    16.5263    % 
LB close or above UB, fathomed
642    17     22         17.8071    20.7500    16.5263    % 
UB: 20.75
branching on CartesianIndex(2, 5) with c.
643    18     22         17.8071    20.7500    16.5263    % 
LB close or above UB, fathomed
644    17     24         17.8071    20.7500    16.5263    % 
UB: 20.75
branching on CartesianIndex(5, 3) with a.
645    18     25         17.8071    20.7500    16.5263    % 
UB: 20.75
branching on CartesianIndex(6, 3) with a.
646    19     26         17.8071    20.7500    16.5263    % 
UB: 20.75
branching on CartesianIndex(1, 4) with c.
647    20     26         17.8071    20.7500    16.5263    % 
LB close or above UB, fathomed
648    19     25         17.8071    20.7500    16.5263    % 
LB close or above UB, fathomed
649    18     24         17.8071    20.7500    16.5263    % 
LB close or above UB, fathomed
650    17     22         17.8071    20.7500    16.5263    % 
UB: 20.75
branching on 1 with b.
651    18     23         17.8071    20.7500    16.5263    % 
UB: 20.75
branching on CartesianIndex(1, 4) with c.
652    19     23         17.8071    20.7500    16.5263    % 
LB close or above UB, fathomed
653    18     22         17.8071    20.7500    16.5263    % 
LB close or above UB, fathomed
654    17     19         17.8071    20.7500    16.5263    % 
UB: 20.75
branching on CartesianIndex(2, 3) with a.
655    18     20         17.8071    20.7500    16.5263    % 
UB: 20.75
branching on CartesianIndex(3, 3) with a.
656    19     21         17.8071    20.7500    16.5263    % 
UB: 20.75
branching on CartesianIndex(4, 3) with a.
657    20     22         17.8071    20.7500    16.5263    % 
UB: 20.75
branching on CartesianIndex(5, 3) with a.
658    21     23         17.8071    20.7500    16.5263    % 
UB: 20.75
branching on CartesianIndex(6, 3) with a.
659    22     24         17.8071    20.7500    16.5263    % 
UB: 20.75
branching on CartesianIndex(1, 4) with c.
660    23     24         17.8071    20.7500    16.5263    % 
LB close or above UB, fathomed
661    22     23         17.8071    20.7500    16.5263    % 
LB close or above UB, fathomed
662    21     22         17.8071    20.7500    16.5263    % 
LB close or above UB, fathomed
663    20     21         17.8071    20.7500    16.5263    % 
LB close or above UB, fathomed
664    19     20         17.8071    20.7500    16.5263    % 
LB close or above UB, fathomed
665    18     19         17.8071    20.7500    16.5263    % 
LB close or above UB, fathomed
666    17     25         17.8071    20.7500    16.5263    % 
LB close or above UB, fathomed
667    16     25         17.8071    20.7500    16.5263    % 
UB: 20.75
branching on CartesianIndex(1, 5) with c.
668    17     26         17.8071    20.7500    16.5263    % 
UB: 20.75
branching on CartesianIndex(2, 5) with c.
669    18     26         17.8071    20.7500    16.5263    % 
LB close or above UB, fathomed
670    17     24         17.8071    20.7500    16.5263    % 
LB close or above UB, fathomed
671    16     24         17.8071    20.7500    16.5263    % 
LB close or above UB, fathomed
672    15     23         17.8071    20.7500    16.5263    % 
UB: 20.75
branching on 1 with b.
673    16     24         17.8071    20.7500    16.5263    % 
UB: 20.75
branching on CartesianIndex(1, 6) with c.
674    17     25         17.8071    20.7500    16.5263    % 
LB close or above UB, fathomed
675    16     25         17.8071    20.7500    16.5263    % 
UB: 20.75
branching on CartesianIndex(1, 7) with c.
676    17     26         17.8071    20.7500    16.5263    % 
UB: 20.75
branching on CartesianIndex(2, 7) with c.
677    18     27         17.8071    20.7500    16.5263    % 
LB close or above UB, fathomed
678    17     27         17.8071    20.7500    16.5263    % 
UB: 20.75
branching on 2 with b.
679    18     28         17.8071    20.7500    16.5263    % 
LB close or above UB, fathomed
680    17     28         17.8071    20.7500    16.5263    % 
LB close or above UB, fathomed
681    16     26         17.8071    20.7500    16.5263    % 
LB close or above UB, fathomed
682    15     24         17.8071    20.7500    16.5263    % 
LB close or above UB, fathomed
683    14     23         17.8071    20.7500    16.5263    % 
LB close or above UB, fathomed
684    13     27         17.8071    20.7500    16.5263    % 
UB: 20.75
branching on CartesianIndex(1, 6) with c.
685    14     28         17.8071    20.7500    16.5263    % 
LB close or above UB, fathomed
686    13     28         17.8071    20.7500    16.5263    % 
UB: 20.75
branching on CartesianIndex(1, 7) with c.
687    14     29         17.8071    20.7500    16.5263    % 
UB: 20.75
branching on CartesianIndex(2, 7) with c.
688    15     30         17.8071    20.7500    16.5263    % 
LB close or above UB, fathomed
689    14     30         17.8071    20.7500    16.5263    % 
UB: 20.75
branching on 1 with b.
690    15     31         17.8071    20.7500    16.5263    % 
UB: 20.75
branching on 2 with b.
691    16     32         17.8071    20.7500    16.5263    % 
LB close or above UB, fathomed
692    15     32         17.8071    20.7500    16.5263    % 
UB: 20.75
branching on 3 with b.
693    16     33         17.8071    20.7500    16.5263    % 
UB: 20.75
branching on 1 with b.
694    17     34         17.8071    20.7500    16.5263    % 
UB: 20.75
branching on 2 with b.
695    18     35         17.8071    20.7500    16.5263    % 
LB close or above UB, fathomed
696    17     35         17.8071    20.7500    16.5263    % 
LB close or above UB, fathomed
697    16     34         17.8071    20.7500    16.5263    % 
LB close or above UB, fathomed
698    15     33         17.8071    20.7500    16.5263    % 
LB close or above UB, fathomed
699    14     31         17.8071    20.7500    16.5263    % 
LB close or above UB, fathomed
700    13     29         17.8071    20.7500    16.5263    % 
LB close or above UB, fathomed
701    12     27         17.8071    20.7500    16.5263    % 
LB close or above UB, fathomed
702    11     27         17.8071    20.7500    16.5263    % 
LB close or above UB, fathomed
703    10     27         17.8071    20.7500    16.5263    % 
UB: 20.75
branching on CartesianIndex(1, 5) with c.
704    11     28         17.8071    20.7500    16.5263    % 
UB: 20.75
branching on CartesianIndex(2, 5) with c.
705    12     29         17.8071    20.7500    16.5263    % 
UB: 20.75
branching on CartesianIndex(1, 6) with c.
706    13     30         17.8071    20.7500    16.5263    % 
LB close or above UB, fathomed
707    12     30         17.8071    20.7500    16.5263    % 
UB: 20.75
branching on CartesianIndex(1, 7) with c.
708    13     31         17.8071    20.7500    16.5263    % 
UB: 20.75
branching on CartesianIndex(2, 7) with c.
709    14     32         17.8071    20.7500    16.5263    % 
LB close or above UB, fathomed
710    13     32         17.8071    20.7500    16.5263    % 
UB: 20.75
branching on 2 with b.
711    14     33         17.8071    20.7500    16.5263    % 
LB close or above UB, fathomed
712    13     33         17.8071    20.7500    16.5263    % 
UB: 20.75
branching on 3 with b.
713    14     34         17.8071    20.7500    16.5263    % 
UB: 20.75
branching on 1 with b.
714    15     35         17.8071    20.7500    16.5263    % 
LB close or above UB, fathomed
715    14     35         17.8071    20.7500    16.5263    % 
UB: 20.75
branching on 2 with b.
716    15     36         17.8071    20.7500    16.5263    % 
LB close or above UB, fathomed
717    14     36         17.8071    20.7500    16.5263    % 
LB close or above UB, fathomed
718    13     34         17.8071    20.7500    16.5263    % 
LB close or above UB, fathomed
719    12     31         17.8071    20.7500    16.5263    % 
LB close or above UB, fathomed
720    11     29         17.8071    20.7500    16.5263    % 
LB close or above UB, fathomed
721    10     28         17.8071    20.7500    16.5263    % 
LB close or above UB, fathomed
722    9      27         17.8071    20.7500    16.5263    % 
UB: 20.75
branching on CartesianIndex(6, 3) with a.
723    10     28         17.8071    20.7500    16.5263    % 
UB: 20.75
branching on CartesianIndex(1, 4) with c.
724    11     29         17.8071    20.7500    16.5263    % 
LB close or above UB, fathomed
725    10     29         17.8071    20.7500    16.5263    % 
UB: 20.75
branching on CartesianIndex(1, 5) with c.
726    11     30         17.8071    20.7500    16.5263    % 
UB: 20.75
branching on CartesianIndex(2, 5) with c.
727    12     31         17.8071    20.7500    16.5263    % 
UB: 20.75
branching on CartesianIndex(1, 6) with c.
728    13     32         17.8071    20.7500    16.5263    % 
LB close or above UB, fathomed
729    12     32         17.8071    20.7500    16.5263    % 
UB: 20.75
branching on CartesianIndex(1, 7) with c.
730    13     33         17.8071    20.7500    16.5263    % 
UB: 20.75
branching on CartesianIndex(2, 7) with c.
731    14     34         17.8071    20.7500    16.5263    % 
LB close or above UB, fathomed
732    13     34         17.8071    20.7500    16.5263    % 
UB: 20.75
branching on 2 with b.
733    14     35         17.8071    20.7500    16.5263    % 
LB close or above UB, fathomed
734    13     35         17.8071    20.7500    16.5263    % 
LB close or above UB, fathomed
735    12     33         17.8071    20.7500    16.5263    % 
LB close or above UB, fathomed
736    11     31         17.8071    20.7500    16.5263    % 
LB close or above UB, fathomed
737    10     30         17.8071    20.7500    16.5263    % 
LB close or above UB, fathomed
738    9      28         17.8071    20.7500    16.5263    % 
LB close or above UB, fathomed
739    8      27         17.8071    20.7500    16.5263    % 
LB close or above UB, fathomed
740    7      27         17.8071    20.7500    16.5263    % 
LB close or above UB, fathomed
741    6      27         17.8071    20.7500    16.5263    % 
LB close or above UB, fathomed
742    5      21         17.8071    20.7500    16.5263    % 
LB close or above UB, fathomed
743    4      21         17.8071    20.7500    16.5263    % 
UB: 20.75
branching on CartesianIndex(1, 5) with c.
744    5      22         17.8071    20.7500    16.5263    % 
UB: 20.75
branching on CartesianIndex(2, 5) with c.
745    6      23         17.8071    20.7500    16.5263    % 
UB: 20.75
branching on CartesianIndex(1, 6) with c.
746    7      24         17.8071    20.7500    16.5263    % 
LB close or above UB, fathomed
747    6      24         17.8071    20.7500    16.5263    % 
UB: 20.75
branching on CartesianIndex(1, 7) with c.
748    7      25         17.8071    20.7500    16.5263    % 
UB: 20.75
branching on 1 with b.
749    8      26         17.8071    20.7500    16.5263    % 
UB: 20.75
branching on 2 with b.
750    9      27         17.8071    20.7500    16.5263    % 
LB close or above UB, fathomed
751    8      27         17.8071    20.7500    16.5263    % 
UB: 20.75
branching on CartesianIndex(2, 7) with c.
752    9      28         17.8071    20.7500    16.5263    % 
LB close or above UB, fathomed
753    8      28         17.8071    20.7500    16.5263    % 
UB: 20.75
branching on 3 with b.
754    9      29         17.8071    20.7500    16.5263    % 
LB close or above UB, fathomed
755    8      29         17.8071    20.7500    16.5263    % 
LB close or above UB, fathomed
756    7      26         17.8071    20.7500    16.5263    % 
LB close or above UB, fathomed
757    6      25         17.8071    20.7500    16.5263    % 
LB close or above UB, fathomed
758    5      23         17.8071    20.7500    16.5263    % 
LB close or above UB, fathomed
759    4      22         17.8071    20.7500    16.5263    % 
LB close or above UB, fathomed
760    3      22         17.8071    20.7500    16.5263    % 
LB close or above UB, fathomed
761    2      22         17.8071    20.7500    16.5263    % 
UB: 20.75
branching on CartesianIndex(1, 5) with c.
762    3      23         17.8071    20.7500    16.5263    % 
UB: 20.75
branching on CartesianIndex(2, 5) with c.
763    4      24         17.8071    20.7500    16.5263    % 
UB: 20.75
branching on CartesianIndex(1, 6) with c.
764    5      25         17.8071    20.7500    16.5263    % 
LB close or above UB, fathomed
765    4      25         17.8071    20.7500    16.5263    % 
UB: 20.75
branching on CartesianIndex(1, 7) with c.
766    5      26         17.8071    20.7500    16.5263    % 
UB: 20.75
branching on CartesianIndex(2, 7) with c.
767    6      27         17.8071    20.7500    16.5263    % 
LB close or above UB, fathomed
768    5      27         17.8071    20.7500    16.5263    % 
UB: 20.75
branching on 1 with b.
769    6      28         17.8071    20.7500    16.5263    % 
LB close or above UB, fathomed
770    5      28         17.8071    20.7500    16.5263    % 
LB close or above UB, fathomed
771    4      26         17.8071    20.7500    16.5263    % 
LB close or above UB, fathomed
772    3      24         17.8071    20.7500    16.5263    % 
LB close or above UB, fathomed
773    2      23         17.8071    20.7500    16.5263    % 
LB close or above UB, fathomed
774    1      16         19.7690    20.7500    4.9621     % 
LB close or above UB, fathomed
775    0      16         19.7690    20.7500    4.9621     % 
LB close or above UB, fathomed
all node solved
solved nodes:  776
776                                                   2.0725e+01     2.0750e+01     0.1214  % 
7×3 Matrix{Float64}:
 0.0  1.0  0.0
 0.0  0.0  0.0
 0.0  0.0  1.0
 0.0  0.0  0.0
 0.0  0.0  0.0
 0.0  0.0  0.0
 1.0  0.0  0.0
3-element Vector{Float64}:
 0.5522190813924992
 0.2666793422260043
 0.26382556903237886
3×7 Matrix{Float64}:
 0.0  0.0  0.0  0.0  1.0  1.0  0.0
 0.0  0.0  0.0  0.0  0.0  0.0  1.0
 0.0  0.0  0.0  1.0  0.0  0.0  0.0
3-element Vector{Float64}:
 1.0
 1.0
 1.0
7×3 Matrix{Float64}:
 1.0  0.0  0.0
 0.0  0.0  0.0
 0.0  0.0  0.0
 0.0  0.0  0.0
 0.0  0.0  0.0
 0.0  0.0  0.0
 0.0  1.0  1.0
3-element Vector{Float64}:
 0.260466678040548
 0.13998801403076377
 0.5312493590313583
3×7 Matrix{Float64}:
 0.0  0.0  0.0  1.0  0.0  1.0  0.0
 0.0  0.0  0.0  0.0  0.0  0.0  1.0
 0.0  0.0  0.0  0.0  1.0  0.0  0.0
3-element Vector{Float64}:
 1.0
 1.0
 1.0
comparison (CRT and Glb)on prediction: Dict{Bool, Int64}(0 => 3, 1 => 48)
Dataname	 time	 objv	 lb	 gap	 train_w	 train_g	 test_w	 test_g
seeds_861.seeds	 84.99	 20.75	 20.725	 0.0012	 91.613	 95.484	 90.196	 92.157
