Running 6 processes.
Start training seeds_172.seeds with seed 1.
Any[]
(7, 206)
(7, 102)
(7, 51)
(7, 53)
dimension: 7, class: 3
cart cost: 38.96159420289857
size of X: (7, 153)
ngroups: 6
UB: 27.019565217391303
Iter	left	lev	LB	UB	gap	
0      0      1          6.0869     27.0196    343.8970   % 
UB: 27.019565217391303
branching on 1 with d.
1      1      2          6.0869     27.0196    343.8970   % 
LB close or above UB, fathomed
2      0      2          6.0869     27.0196    343.8970   % 
UB: 27.019565217391303
branching on 2 with d.
3      1      3          6.0869     27.0196    343.8970   % 
LB close or above UB, fathomed
4      0      3          6.0869     27.0196    343.8970   % 
UB: 27.019565217391303
branching on 3 with d.
5      1      4          6.0869     27.0196    343.8970   % 
UB: 27.019565217391303
branching on CartesianIndex(1, 1) with a.
6      2      4          6.0869     27.0196    343.8970   % 
UB: 27.019565217391303
branching on CartesianIndex(1, 1) with a.
7      3      5          6.1026     27.0196    342.7559   % 
UB: 27.019565217391303
branching on 1 with b.
8      4      6          6.1026     27.0196    342.7559   % 
UB: 27.019565217391303
branching on CartesianIndex(2, 1) with a.
9      5      6          6.1026     27.0196    342.7559   % 
UB: 27.019565217391303
branching on 1 with b.
10     6      5          6.1026     27.0196    342.7559   % 
UB: 27.019565217391303
branching on CartesianIndex(1, 2) with a.
11     7      6          6.1210     27.0196    341.4230   % 
UB: 27.019565217391303
branching on 1 with b.
12     8      7          6.1210     27.0196    341.4230   % 
UB: 27.019565217391303
branching on 1 with b.
13     9      8          6.1210     27.0196    341.4230   % 
UB: 27.019565217391303
branching on CartesianIndex(2, 2) with a.
14     10     8          6.1210     27.0196    341.4230   % 
UB: 27.019565217391303
branching on CartesianIndex(2, 2) with a.
15     11     9          6.1210     27.0196    341.4230   % 
UB: 27.019565217391303
branching on CartesianIndex(3, 2) with a.
16     12     10         6.1210     27.0196    341.4230   % 
UB: 27.019565217391303
branching on 2 with b.
17     13     11         6.1210     27.0196    341.4230   % 
UB: 27.019565217391303
branching on 3 with b.
18     14     12         6.1210     27.0196    341.4230   % 
UB: 27.019565217391303
branching on 1 with b.
19     15     12         6.1210     27.0196    341.4230   % 
UB: 27.019565217391303
branching on CartesianIndex(4, 2) with a.
20     16     13         6.1210     27.0196    341.4230   % 
UB: 27.019565217391303
branching on CartesianIndex(5, 2) with a.
21     17     14         6.1210     27.0196    341.4230   % 
UB: 27.019565217391303
branching on CartesianIndex(6, 2) with a.
22     18     14         6.1210     27.0196    341.4230   % 
UB: 27.019565217391303
branching on CartesianIndex(1, 3) with a.
23     19     13         6.1210     27.0196    341.4230   % 
LB close or above UB, fathomed
24     18     11         6.1210     27.0196    341.4230   % 
LB close or above UB, fathomed
25     17     10         6.1210     27.0196    341.4230   % 
UB: 27.019565217391303
branching on 2 with b.
26     18     9          6.1210     27.0196    341.4230   % 
LB close or above UB, fathomed
27     17     7          6.1210     27.0196    341.4230   % 
LB close or above UB, fathomed
28     16     6          6.1210     27.0196    341.4230   % 
LB close or above UB, fathomed
29     15     7          6.1210     27.0196    341.4230   % 
UB: 27.019565217391303
branching on CartesianIndex(3, 1) with a.
30     16     8          6.1210     27.0196    341.4230   % 
UB: 27.019565217391303
branching on CartesianIndex(4, 1) with a.
31     17     9          6.1210     27.0196    341.4230   % 
UB: 27.019565217391303
branching on CartesianIndex(5, 1) with a.
32     18     10         6.1210     27.0196    341.4230   % 
UB: 27.019565217391303
branching on 1 with b.
33     19     10         6.1210     27.0196    341.4230   % 
UB: 27.019565217391303
branching on 1 with b.
34     20     9          6.1210     27.0196    341.4230   % 
UB: 27.019565217391303
branching on CartesianIndex(1, 2) with a.
35     21     8          6.1210     27.0196    341.4230   % 
LB close or above UB, fathomed
36     20     7          6.1210     27.0196    341.4230   % 
UB: 27.019565217391303
branching on CartesianIndex(1, 2) with a.
37     21     8          6.1210     27.0196    341.4230   % 
UB: 27.019565217391303
branching on 1 with b.
38     22     9          6.1210     27.0196    341.4230   % 
LB close or above UB, fathomed
39     21     9          6.1210     27.0196    341.4230   % 
UB: 27.019565217391303
branching on 2 with b.
40     22     10         6.1210     27.0196    341.4230   % 
UB: 27.019565217391303
branching on CartesianIndex(2, 2) with a.
41     23     11         6.1210     27.0196    341.4230   % 
UB: 27.019565217391303
branching on 3 with b.
42     24     12         6.1210     27.0196    341.4230   % 
UB: 27.019565217391303
branching on 1 with b.
43     25     12         6.1210     27.0196    341.4230   % 
UB: 27.019565217391303
branching on CartesianIndex(3, 2) with a.
44     26     13         6.1210     27.0196    341.4230   % 
UB: 27.019565217391303
branching on CartesianIndex(4, 2) with a.
45     27     14         6.1210     27.0196    341.4230   % 
UB: 27.019565217391303
branching on CartesianIndex(5, 2) with a.
46     28     15         6.1210     27.0196    341.4230   % 
UB: 27.019565217391303
branching on CartesianIndex(6, 2) with a.
47     29     15         6.1210     27.0196    341.4230   % 
LB close or above UB, fathomed
48     28     14         6.1210     27.0196    341.4230   % 
LB close or above UB, fathomed
49     27     13         6.1210     27.0196    341.4230   % 
LB close or above UB, fathomed
50     26     11         6.1210     27.0196    341.4230   % 
LB close or above UB, fathomed
51     25     10         6.1210     27.0196    341.4230   % 
LB close or above UB, fathomed
52     24     8          6.1210     27.0196    341.4230   % 
LB close or above UB, fathomed
53     23     16         9.1065     27.0196    196.7057   % 
UB: 27.019565217391303
branching on CartesianIndex(1, 3) with a.
54     24     16         9.1065     27.0196    196.7057   % 
UB: 27.019565217391303
branching on CartesianIndex(1, 3) with a.
55     25     10         9.1065     27.0196    196.7057   % 
UB: 27.019565217391303
branching on CartesianIndex(2, 2) with a.
56     26     11         9.1065     27.0196    196.7057   % 
UB: 27.019565217391303
branching on CartesianIndex(3, 2) with a.
57     27     12         9.1065     27.0196    196.7057   % 
UB: 27.019565217391303
branching on CartesianIndex(4, 2) with a.
58     28     13         9.1065     27.0196    196.7057   % 
UB: 27.019565217391303
branching on CartesianIndex(5, 2) with a.
59     29     14         9.1065     27.0196    196.7057   % 
UB: 27.019565217391303
branching on CartesianIndex(6, 2) with a.
60     30     14         9.1065     27.0196    196.7057   % 
LB close or above UB, fathomed
61     29     13         9.1065     27.0196    196.7057   % 
LB close or above UB, fathomed
62     28     12         9.1065     27.0196    196.7057   % 
LB close or above UB, fathomed
63     27     11         9.1065     27.0196    196.7057   % 
LB close or above UB, fathomed
64     26     10         9.1065     27.0196    196.7057   % 
LB close or above UB, fathomed
65     25     15         9.1065     27.0196    196.7057   % 
UB: 27.019565217391303
branching on 1 with b.
66     26     15         9.1065     27.0196    196.7057   % 
UB: 27.019565217391303
branching on CartesianIndex(1, 3) with a.
67     27     13         9.1065     27.0196    196.7057   % 
UB: 27.019565217391303
branching on CartesianIndex(4, 2) with a.
68     28     13         9.1065     27.0196    196.7057   % 
UB: 27.019565217391303
branching on 2 with b.
69     29     14         12.0920    27.0196    123.4494   % 
UB: 27.019565217391303
branching on CartesianIndex(5, 2) with a.
70     30     15         12.0920    27.0196    123.4494   % 
UB: 27.019565217391303
branching on CartesianIndex(6, 2) with a.
71     31     15         12.0920    27.0196    123.4494   % 
LB close or above UB, fathomed
72     30     14         12.0920    27.0196    123.4494   % 
LB close or above UB, fathomed
73     29     13         12.0920    27.0196    123.4494   % 
UB: 27.019565217391303
branching on CartesianIndex(3, 2) with a.
74     30     13         12.0920    27.0196    123.4494   % 
UB: 27.019565217391303
branching on CartesianIndex(3, 2) with a.
75     31     14         12.0920    27.0196    123.4494   % 
UB: 27.019565217391303
branching on 2 with b.
76     32     14         12.0920    27.0196    123.4494   % 
LB close or above UB, fathomed
77     31     11         12.0920    27.0196    123.4494   % 
LB close or above UB, fathomed
78     30     11         12.0920    27.0196    123.4494   % 
UB: 27.019565217391303
branching on CartesianIndex(1, 2) with a.
79     31     12         12.0920    27.0196    123.4494   % 
UB: 27.019565217391303
branching on 2 with b.
80     32     13         12.0920    27.0196    123.4494   % 
UB: 27.019565217391303
branching on CartesianIndex(2, 2) with a.
81     33     14         12.0920    27.0196    123.4494   % 
UB: 27.019565217391303
branching on 3 with b.
82     34     15         12.0920    27.0196    123.4494   % 
UB: 27.019565217391303
branching on CartesianIndex(3, 2) with a.
83     35     16         12.0920    27.0196    123.4494   % 
UB: 27.019565217391303
branching on 1 with b.
84     36     16         12.0920    27.0196    123.4494   % 
LB close or above UB, fathomed
85     35     15         12.0920    27.0196    123.4494   % 
UB: 27.019565217391303
branching on CartesianIndex(3, 2) with a.
86     36     16         12.0920    27.0196    123.4494   % 
UB: 27.019565217391303
branching on CartesianIndex(4, 2) with a.
87     37     17         12.0920    27.0196    123.4494   % 
UB: 27.019565217391303
branching on CartesianIndex(5, 2) with a.
88     38     17         12.0920    27.0196    123.4494   % 
LB close or above UB, fathomed
89     37     16         12.0920    27.0196    123.4494   % 
LB close or above UB, fathomed
90     36     14         12.0920    27.0196    123.4494   % 
LB close or above UB, fathomed
91     35     13         12.0920    27.0196    123.4494   % 
LB close or above UB, fathomed
92     34     12         12.0920    27.0196    123.4494   % 
UB: 27.019565217391303
branching on 2 with b.
93     35     11         12.0920    27.0196    123.4494   % 
LB close or above UB, fathomed
94     34     11         12.0920    27.0196    123.4494   % 
UB: 27.019565217391303
branching on 2 with b.
95     35     14         12.0920    27.0196    123.4494   % 
UB: 27.019565217391303
branching on 2 with b.
96     36     15         12.0920    27.0196    123.4494   % 
UB: 27.019565217391303
branching on CartesianIndex(4, 2) with a.
97     37     15         12.0920    27.0196    123.4494   % 
UB: 27.019565217391303
branching on CartesianIndex(4, 2) with a.
98     38     14         12.0920    27.0196    123.4494   % 
LB close or above UB, fathomed
99     37     16         12.0920    27.0196    123.4494   % 
UB: 27.019565217391303
branching on CartesianIndex(2, 3) with a.
100    38     17         12.0920    27.0196    123.4494   % 
UB: 27.019565217391303
branching on CartesianIndex(3, 3) with a.
101    39     18         12.0920    27.0196    123.4494   % 
UB: 27.019565217391303
branching on CartesianIndex(4, 3) with a.
102    40     19         12.0920    27.0196    123.4494   % 
UB: 27.019565217391303
branching on 1 with b.
103    41     20         12.0920    27.0196    123.4494   % 
UB: 27.019565217391303
branching on CartesianIndex(5, 3) with a.
104    42     21         12.0920    27.0196    123.4494   % 
UB: 27.019565217391303
branching on CartesianIndex(6, 3) with a.
105    43     21         12.0920    27.0196    123.4494   % 
LB close or above UB, fathomed
106    42     20         12.0920    27.0196    123.4494   % 
LB close or above UB, fathomed
107    41     19         12.0920    27.0196    123.4494   % 
LB close or above UB, fathomed
108    40     18         12.0920    27.0196    123.4494   % 
LB close or above UB, fathomed
109    39     17         12.0920    27.0196    123.4494   % 
UB: 27.019565217391303
branching on CartesianIndex(1, 4) with c.
110    40     16         12.0920    27.0196    123.4494   % 
LB close or above UB, fathomed
111    39     17         12.0920    27.0196    123.4494   % 
UB: 27.019565217391303
branching on CartesianIndex(2, 3) with a.
112    40     18         12.0920    27.0196    123.4494   % 
UB: 27.019565217391303
branching on CartesianIndex(3, 3) with a.
113    41     19         12.0920    27.0196    123.4494   % 
UB: 27.019565217391303
branching on CartesianIndex(4, 3) with a.
114    42     20         12.0920    27.0196    123.4494   % 
UB: 27.019565217391303
branching on 1 with b.
115    43     21         12.0920    27.0196    123.4494   % 
UB: 27.019565217391303
branching on 2 with b.
116    44     22         12.0920    27.0196    123.4494   % 
UB: 27.019565217391303
branching on CartesianIndex(5, 3) with a.
117    45     22         12.0920    27.0196    123.4494   % 
UB: 27.019565217391303
branching on CartesianIndex(5, 3) with a.
118    46     21         12.0920    27.0196    123.4494   % 
UB: 27.019565217391303
branching on 2 with b.
119    47     20         12.0920    27.0196    123.4494   % 
LB close or above UB, fathomed
120    46     19         12.0920    27.0196    123.4494   % 
LB close or above UB, fathomed
121    45     18         12.0920    27.0196    123.4494   % 
UB: 27.019565217391303
branching on CartesianIndex(1, 4) with c.
122    46     17         12.0920    27.0196    123.4494   % 
LB close or above UB, fathomed
123    45     22         12.0920    27.0196    123.4494   % 
UB: 27.019565217391303
branching on CartesianIndex(1, 4) with c.
124    46     23         12.0920    27.0196    123.4494   % 
LB close or above UB, fathomed
125    45     23         12.0920    27.0196    123.4494   % 
UB: 27.019565217391303
branching on 2 with b.
126    46     22         12.0920    27.0196    123.4494   % 
LB close or above UB, fathomed
127    45     24         12.0920    27.0196    123.4494   % 
UB: 27.019565217391303
branching on CartesianIndex(1, 5) with c.
128    46     24         12.0920    27.0196    123.4494   % 
UB: 27.019565217391303
branching on 3 with b.
129    47     23         12.0920    27.0196    123.4494   % 
UB: 27.019565217391303
branching on CartesianIndex(6, 3) with a.
130    48     24         12.0920    27.0196    123.4494   % 
UB: 27.019565217391303
branching on CartesianIndex(1, 4) with c.
131    49     25         12.0920    27.0196    123.4494   % 
LB close or above UB, fathomed
132    48     25         12.0920    27.0196    123.4494   % 
UB: 27.019565217391303
branching on CartesianIndex(1, 5) with c.
133    49     24         12.0920    27.0196    123.4494   % 
LB close or above UB, fathomed
134    48     23         12.0920    27.0196    123.4494   % 
LB close or above UB, fathomed
135    47     16         15.0775    27.0196    79.2041    % 
UB: 27.019565217391303
branching on CartesianIndex(5, 2) with a.
136    48     17         15.0775    27.0196    79.2041    % 
UB: 27.019565217391303
branching on CartesianIndex(6, 2) with a.
137    49     17         15.0775    27.0196    79.2041    % 
LB close or above UB, fathomed
138    48     16         15.0775    27.0196    79.2041    % 
LB close or above UB, fathomed
139    47     12         15.0775    27.0196    79.2041    % 
UB: 27.019565217391303
branching on CartesianIndex(6, 1) with a.
140    48     12         15.0775    27.0196    79.2041    % 
LB close or above UB, fathomed
141    47     18         15.0775    27.0196    79.2041    % 
UB: 27.019565217391303
branching on CartesianIndex(6, 2) with a.
142    48     19         15.0775    27.0196    79.2041    % 
UB: 27.019565217391303
branching on CartesianIndex(1, 3) with a.
143    49     19         15.0775    27.0196    79.2041    % 
UB: 27.019565217391303
branching on CartesianIndex(1, 3) with a.
144    50     20         15.0775    27.0196    79.2041    % 
UB: 27.019565217391303
branching on CartesianIndex(2, 3) with a.
145    51     21         15.0775    27.0196    79.2041    % 
UB: 27.019565217391303
branching on CartesianIndex(3, 3) with a.
146    52     22         15.0775    27.0196    79.2041    % 
UB: 27.019565217391303
branching on CartesianIndex(4, 3) with a.
147    53     23         15.0775    27.0196    79.2041    % 
UB: 27.019565217391303
branching on CartesianIndex(5, 3) with a.
148    54     24         15.0775    27.0196    79.2041    % 
UB: 27.019565217391303
branching on 1 with b.
149    55     24         15.0775    27.0196    79.2041    % 
LB close or above UB, fathomed
150    54     23         15.0775    27.0196    79.2041    % 
LB close or above UB, fathomed
151    53     22         15.0775    27.0196    79.2041    % 
LB close or above UB, fathomed
152    52     21         15.0775    27.0196    79.2041    % 
UB: 27.019565217391303
branching on CartesianIndex(1, 4) with c.
153    53     20         15.0775    27.0196    79.2041    % 
LB close or above UB, fathomed
154    52     18         15.0775    27.0196    79.2041    % 
LB close or above UB, fathomed
155    51     17         15.0775    27.0196    79.2041    % 
UB: 27.019565217391303
branching on CartesianIndex(4, 2) with a.
156    52     17         15.0775    27.0196    79.2041    % 
UB: 27.019565217391303
branching on 2 with b.
157    53     18         15.0775    27.0196    79.2041    % 
LB close or above UB, fathomed
158    52     18         15.0775    27.0196    79.2041    % 
UB: 27.019565217391303
branching on CartesianIndex(4, 2) with a.
159    53     15         15.0775    27.0196    79.2041    % 
LB close or above UB, fathomed
160    52     15         15.0775    27.0196    79.2041    % 
UB: 27.019565217391303
branching on 3 with b.
161    53     16         15.0775    27.0196    79.2041    % 
UB: 27.019565217391303
branching on CartesianIndex(1, 3) with a.
162    54     16         15.0775    27.0196    79.2041    % 
UB: 27.019565217391303
branching on CartesianIndex(1, 3) with a.
163    55     9          15.0775    27.0196    79.2041    % 
UB: 27.019565217391303
branching on 2 with b.
164    56     10         15.0775    27.0196    79.2041    % 
UB: 27.019565217391303
branching on 3 with b.
165    57     11         15.0775    27.0196    79.2041    % 
UB: 27.019565217391303
branching on CartesianIndex(3, 2) with a.
166    58     11         15.0775    27.0196    79.2041    % 
UB: 27.019565217391303
branching on 1 with b.
167    59     12         15.0775    27.0196    79.2041    % 
LB close or above UB, fathomed
168    58     12         15.0775    27.0196    79.2041    % 
UB: 27.019565217391303
branching on CartesianIndex(3, 2) with a.
169    59     13         15.0775    27.0196    79.2041    % 
UB: 27.019565217391303
branching on CartesianIndex(4, 2) with a.
170    60     14         15.0775    27.0196    79.2041    % 
UB: 27.019565217391303
branching on CartesianIndex(5, 2) with a.
171    61     15         15.0775    27.0196    79.2041    % 
UB: 27.019565217391303
branching on CartesianIndex(6, 2) with a.
172    62     16         15.0775    27.0196    79.2041    % 
UB: 27.019565217391303
branching on CartesianIndex(1, 3) with a.
173    63     16         15.0775    27.0196    79.2041    % 
UB: 27.019565217391303
branching on CartesianIndex(1, 3) with a.
174    64     15         15.0775    27.0196    79.2041    % 
LB close or above UB, fathomed
175    63     14         15.0775    27.0196    79.2041    % 
LB close or above UB, fathomed
176    62     13         15.0775    27.0196    79.2041    % 
LB close or above UB, fathomed
177    61     10         15.0775    27.0196    79.2041    % 
LB close or above UB, fathomed
178    60     9          15.0775    27.0196    79.2041    % 
LB close or above UB, fathomed
179    59     25         15.0775    27.0196    79.2041    % 
UB: 27.019565217391303
branching on CartesianIndex(6, 3) with a.
180    60     25         15.0775    27.0196    79.2041    % 
UB: 27.019565217391303
branching on CartesianIndex(6, 3) with a.
181    61     25         15.0775    27.0196    79.2041    % 
UB: 27.019565217391303
branching on CartesianIndex(1, 5) with c.
182    62     26         15.0775    27.0196    79.2041    % 
UB: 27.019565217391303
branching on CartesianIndex(2, 5) with c.
183    63     27         15.0775    27.0196    79.2041    % 
UB: 27.019565217391303
branching on CartesianIndex(1, 6) with c.
184    64     28         15.0775    27.0196    79.2041    % 
LB close or above UB, fathomed
185    63     28         15.0775    27.0196    79.2041    % 
UB: 27.019565217391303
branching on 1 with b.
186    64     29         15.0775    27.0196    79.2041    % 
UB: 27.019565217391303
branching on CartesianIndex(1, 7) with c.
187    65     30         15.0775    27.0196    79.2041    % 
UB: 27.019565217391303
branching on CartesianIndex(2, 7) with c.
188    66     31         15.0775    27.0196    79.2041    % 
LB close or above UB, fathomed
189    65     31         15.0775    27.0196    79.2041    % 
UB: 27.019565217391303
branching on 2 with b.
190    66     32         15.0775    27.0196    79.2041    % 
UB: 27.019565217391303
branching on 3 with b.
191    67     32         15.0775    27.0196    79.2041    % 
LB close or above UB, fathomed
192    66     30         15.0775    27.0196    79.2041    % 
LB close or above UB, fathomed
193    65     29         15.0775    27.0196    79.2041    % 
UB: 27.019565217391303
branching on CartesianIndex(1, 7) with c.
194    66     30         15.0775    27.0196    79.2041    % 
UB: 27.019565217391303
branching on CartesianIndex(2, 7) with c.
195    67     31         15.0775    27.0196    79.2041    % 
LB close or above UB, fathomed
196    66     31         15.0775    27.0196    79.2041    % 
UB: 27.019565217391303
branching on 2 with b.
197    67     32         15.0775    27.0196    79.2041    % 
UB: 27.019565217391303
branching on 3 with b.
198    68     32         15.0775    27.0196    79.2041    % 
LB close or above UB, fathomed
199    67     30         15.0775    27.0196    79.2041    % 
LB close or above UB, fathomed
200    66     27         15.0775    27.0196    79.2041    % 
LB close or above UB, fathomed
201    65     26         15.0775    27.0196    79.2041    % 
LB close or above UB, fathomed
202    64     25         15.0775    27.0196    79.2041    % 
LB close or above UB, fathomed
203    63     26         15.0775    27.0196    79.2041    % 
UB: 27.019565217391303
branching on 3 with b.
204    64     27         15.0775    27.0196    79.2041    % 
UB: 27.019565217391303
branching on CartesianIndex(2, 5) with c.
205    65     28         15.0775    27.0196    79.2041    % 
UB: 27.019565217391303
branching on CartesianIndex(1, 6) with c.
206    66     29         15.0775    27.0196    79.2041    % 
LB close or above UB, fathomed
207    65     29         15.0775    27.0196    79.2041    % 
UB: 27.019565217391303
branching on 1 with b.
208    66     30         15.0775    27.0196    79.2041    % 
UB: 27.019565217391303
branching on CartesianIndex(1, 7) with c.
209    67     31         15.0775    27.0196    79.2041    % 
UB: 27.019565217391303
branching on CartesianIndex(2, 7) with c.
210    68     32         15.0775    27.0196    79.2041    % 
LB close or above UB, fathomed
211    67     32         15.0775    27.0196    79.2041    % 
UB: 27.019565217391303
branching on 2 with b.
212    68     33         15.0775    27.0196    79.2041    % 
UB: 27.0195652173913
branching on 3 with b.
213    69     33         15.0775    27.0196    79.2041    % 
LB close or above UB, fathomed
214    68     31         15.0775    27.0196    79.2041    % 
LB close or above UB, fathomed
215    67     30         15.0775    27.0196    79.2041    % 
UB: 27.0195652173913
branching on CartesianIndex(1, 7) with c.
216    68     28         15.0775    27.0196    79.2041    % 
LB close or above UB, fathomed
217    67     27         15.0775    27.0196    79.2041    % 
LB close or above UB, fathomed
218    66     26         15.0775    27.0196    79.2041    % 
LB close or above UB, fathomed
219    65     7          18.0446    27.0196    49.7375    % 
UB: 27.0195652173913
branching on CartesianIndex(2, 1) with a.
220    66     8          18.0446    27.0196    49.7375    % 
UB: 27.0195652173913
branching on CartesianIndex(3, 1) with a.
221    67     8          18.0446    27.0196    49.7375    % 
UB: 27.0195652173913
branching on CartesianIndex(1, 2) with a.
222    68     7          18.0446    27.0196    49.7375    % 
LB close or above UB, fathomed
223    67     19         18.0630    27.0196    49.5848    % 
UB: 27.0195652173913
branching on CartesianIndex(5, 2) with a.
224    68     20         18.0630    27.0196    49.5848    % 
UB: 27.0195652173913
branching on CartesianIndex(6, 2) with a.
225    69     20         18.0630    27.0196    49.5848    % 
LB close or above UB, fathomed
226    68     19         18.0630    27.0196    49.5848    % 
LB close or above UB, fathomed
227    67     16         18.0630    27.0196    49.5848    % 
UB: 27.0195652173913
branching on 3 with b.
228    68     17         18.0630    27.0196    49.5848    % 
LB close or above UB, fathomed
229    67     17         18.0630    27.0196    49.5848    % 
UB: 27.0195652173913
branching on CartesianIndex(5, 2) with a.
230    68     18         18.0630    27.0196    49.5848    % 
UB: 27.0195652173913
branching on 1 with b.
231    69     19         18.0630    27.0196    49.5848    % 
UB: 27.0195652173913
branching on CartesianIndex(6, 2) with a.
232    70     20         18.0630    27.0196    49.5848    % 
UB: 27.0195652173913
branching on CartesianIndex(1, 3) with a.
233    71     20         18.0630    27.0196    49.5848    % 
UB: 27.0195652173913
branching on CartesianIndex(1, 3) with a.
234    72     19         18.0630    27.0196    49.5848    % 
UB: 27.0195652173913
branching on CartesianIndex(6, 2) with a.
235    73     18         18.0630    27.0196    49.5848    % 
LB close or above UB, fathomed
236    72     16         18.0630    27.0196    49.5848    % 
LB close or above UB, fathomed
237    71     16         18.0630    27.0196    49.5848    % 
UB: 27.0195652173913
branching on CartesianIndex(1, 3) with a.
238    72     17         18.0630    27.0196    49.5848    % 
UB: 27.0195652173913
branching on 2 with b.
239    73     18         18.0630    27.0196    49.5848    % 
UB: 27.0195652173913
branching on CartesianIndex(2, 3) with a.
240    74     18         18.0630    27.0196    49.5848    % 
LB close or above UB, fathomed
241    73     17         18.0630    27.0196    49.5848    % 
LB close or above UB, fathomed
242    72     16         18.0630    27.0196    49.5848    % 
LB close or above UB, fathomed
243    71     15         18.0630    27.0196    49.5848    % 
LB close or above UB, fathomed
244    70     15         18.0630    27.0196    49.5848    % 
UB: 27.0195652173913
branching on CartesianIndex(1, 3) with a.
245    71     17         18.0630    27.0196    49.5848    % 
UB: 27.0195652173913
branching on 1 with b.
246    72     18         18.0630    27.0196    49.5848    % 
UB: 27.0195652173913
branching on 2 with b.
247    73     19         18.0630    27.0196    49.5848    % 
UB: 27.0195652173913
branching on 3 with b.
248    74     19         18.0630    27.0196    49.5848    % 
LB close or above UB, fathomed
249    73     18         18.0630    27.0196    49.5848    % 
LB close or above UB, fathomed
250    72     17         18.0630    27.0196    49.5848    % 
LB close or above UB, fathomed
251    71     20         18.0630    27.0196    49.5848    % 
UB: 27.0195652173913
branching on CartesianIndex(2, 3) with a.
252    72     21         18.0630    27.0196    49.5848    % 
UB: 27.0195652173913
branching on CartesianIndex(3, 3) with a.
253    73     21         18.0630    27.0196    49.5848    % 
LB close or above UB, fathomed
254    72     20         18.0630    27.0196    49.5848    % 
LB close or above UB, fathomed
255    71     19         18.0630    27.0196    49.5848    % 
UB: 27.0195652173913
branching on CartesianIndex(3, 3) with a.
256    72     20         18.0630    27.0196    49.5848    % 
UB: 27.0195652173913
branching on 3 with b.
257    73     21         18.0630    27.0196    49.5848    % 
UB: 27.0195652173913
branching on CartesianIndex(4, 3) with a.
258    74     22         18.0630    27.0196    49.5848    % 
UB: 27.0195652173913
branching on CartesianIndex(5, 3) with a.
259    75     23         18.0630    27.0196    49.5848    % 
UB: 27.0195652173913
branching on 1 with b.
260    76     23         18.0630    27.0196    49.5848    % 
LB close or above UB, fathomed
261    75     22         18.0630    27.0196    49.5848    % 
LB close or above UB, fathomed
262    74     21         18.0630    27.0196    49.5848    % 
LB close or above UB, fathomed
263    73     20         18.0630    27.0196    49.5848    % 
LB close or above UB, fathomed
264    72     19         18.0630    27.0196    49.5848    % 
LB close or above UB, fathomed
265    71     9          18.0630    27.0196    49.5848    % 
UB: 27.0195652173913
branching on 2 with b.
266    72     10         18.0630    27.0196    49.5848    % 
UB: 27.0195652173913
branching on 3 with b.
267    73     11         18.0630    27.0196    49.5848    % 
UB: 27.0195652173913
branching on CartesianIndex(4, 1) with a.
268    74     12         18.0630    27.0196    49.5848    % 
UB: 27.0195652173913
branching on 1 with b.
269    75     13         18.0630    27.0196    49.5848    % 
UB: 27.0195652173913
branching on CartesianIndex(5, 1) with a.
270    76     14         18.0630    27.0196    49.5848    % 
UB: 27.0195652173913
branching on CartesianIndex(6, 1) with a.
271    77     15         18.0630    27.0196    49.5848    % 
UB: 27.0195652173913
branching on CartesianIndex(1, 2) with a.
272    78     16         18.0630    27.0196    49.5848    % 
UB: 27.0195652173913
branching on CartesianIndex(2, 2) with a.
273    79     17         18.0630    27.0196    49.5848    % 
UB: 27.0195652173913
branching on CartesianIndex(3, 2) with a.
274    80     18         18.0630    27.0196    49.5848    % 
UB: 27.0195652173913
branching on CartesianIndex(4, 2) with a.
275    81     19         18.0630    27.0196    49.5848    % 
UB: 27.0195652173913
branching on CartesianIndex(5, 2) with a.
276    82     20         18.0630    27.0196    49.5848    % 
LB close or above UB, fathomed
277    81     20         18.0630    27.0196    49.5848    % 
LB close or above UB, fathomed
278    80     19         18.0630    27.0196    49.5848    % 
LB close or above UB, fathomed
279    79     18         18.0630    27.0196    49.5848    % 
LB close or above UB, fathomed
280    78     17         18.0630    27.0196    49.5848    % 
LB close or above UB, fathomed
281    77     16         18.0630    27.0196    49.5848    % 
LB close or above UB, fathomed
282    76     15         18.0630    27.0196    49.5848    % 
LB close or above UB, fathomed
283    75     14         18.0630    27.0196    49.5848    % 
UB: 27.0195652173913
branching on CartesianIndex(1, 2) with a.
284    76     13         18.0630    27.0196    49.5848    % 
LB close or above UB, fathomed
285    75     12         18.0630    27.0196    49.5848    % 
LB close or above UB, fathomed
286    74     11         18.0630    27.0196    49.5848    % 
UB: 27.0195652173913
branching on CartesianIndex(4, 1) with a.
287    75     10         18.0630    27.0196    49.5848    % 
LB close or above UB, fathomed
288    74     9          18.0630    27.0196    49.5848    % 
LB close or above UB, fathomed
289    73     17         18.0630    27.0196    49.5848    % 
UB: 27.0195652173913
branching on 2 with b.
290    74     18         18.0630    27.0196    49.5848    % 
UB: 27.0195652173913
branching on 3 with b.
291    75     18         18.0630    27.0196    49.5848    % 
UB: 27.0195652173913
branching on 3 with b.
292    76     17         18.0630    27.0196    49.5848    % 
LB close or above UB, fathomed
293    75     16         18.0630    27.0196    49.5848    % 
LB close or above UB, fathomed
294    74     16         18.0630    27.0196    49.5848    % 
UB: 27.0195652173913
branching on CartesianIndex(4, 2) with a.
295    75     17         18.0630    27.0196    49.5848    % 
UB: 27.0195652173913
branching on CartesianIndex(5, 2) with a.
296    76     18         18.0630    27.0196    49.5848    % 
LB close or above UB, fathomed
297    75     18         18.0630    27.0196    49.5848    % 
LB close or above UB, fathomed
298    74     17         18.0630    27.0196    49.5848    % 
LB close or above UB, fathomed
299    73     13         18.0630    27.0196    49.5848    % 
UB: 27.0195652173913
branching on 3 with b.
300    74     14         18.0630    27.0196    49.5848    % 
UB: 27.0195652173913
branching on 1 with b.
301    75     15         18.0630    27.0196    49.5848    % 
LB close or above UB, fathomed
302    74     15         18.0630    27.0196    49.5848    % 
UB: 27.0195652173913
branching on CartesianIndex(1, 2) with a.
303    75     16         18.0630    27.0196    49.5848    % 
UB: 27.0195652173913
branching on CartesianIndex(2, 2) with a.
304    76     17         18.0630    27.0196    49.5848    % 
UB: 27.0195652173913
branching on CartesianIndex(3, 2) with a.
305    77     18         18.0630    27.0196    49.5848    % 
UB: 27.0195652173913
branching on 2 with b.
306    78     19         18.0630    27.0196    49.5848    % 
LB close or above UB, fathomed
307    77     19         18.0630    27.0196    49.5848    % 
UB: 27.0195652173913
branching on 3 with b.
308    78     20         18.0630    27.0196    49.5848    % 
UB: 27.0195652173913
branching on CartesianIndex(4, 2) with a.
309    79     20         18.0630    27.0196    49.5848    % 
UB: 27.0195652173913
branching on CartesianIndex(4, 2) with a.
310    80     21         18.0630    27.0196    49.5848    % 
UB: 27.0195652173913
branching on CartesianIndex(5, 2) with a.
311    81     22         18.0630    27.0196    49.5848    % 
LB close or above UB, fathomed
312    80     22         18.0630    27.0196    49.5848    % 
LB close or above UB, fathomed
313    79     21         18.0630    27.0196    49.5848    % 
LB close or above UB, fathomed
314    78     18         18.0630    27.0196    49.5848    % 
LB close or above UB, fathomed
315    77     17         18.0630    27.0196    49.5848    % 
LB close or above UB, fathomed
316    76     16         18.0630    27.0196    49.5848    % 
LB close or above UB, fathomed
317    75     14         18.0630    27.0196    49.5848    % 
UB: 27.0195652173913
branching on CartesianIndex(1, 2) with a.
318    76     15         18.0630    27.0196    49.5848    % 
UB: 27.0195652173913
branching on CartesianIndex(2, 2) with a.
319    77     16         18.0630    27.0196    49.5848    % 
UB: 27.0195652173913
branching on CartesianIndex(3, 2) with a.
320    78     17         18.0630    27.0196    49.5848    % 
UB: 27.0195652173913
branching on CartesianIndex(4, 2) with a.
321    79     18         18.0630    27.0196    49.5848    % 
UB: 27.0195652173913
branching on CartesianIndex(5, 2) with a.
322    80     19         18.0630    27.0196    49.5848    % 
LB close or above UB, fathomed
323    79     19         18.0630    27.0196    49.5848    % 
LB close or above UB, fathomed
324    78     18         18.0630    27.0196    49.5848    % 
LB close or above UB, fathomed
325    77     17         18.0630    27.0196    49.5848    % 
LB close or above UB, fathomed
326    76     16         18.0630    27.0196    49.5848    % 
LB close or above UB, fathomed
327    75     15         18.0630    27.0196    49.5848    % 
LB close or above UB, fathomed
328    74     13         18.0630    27.0196    49.5848    % 
LB close or above UB, fathomed
329    73     18         18.0630    27.0196    49.5848    % 
LB close or above UB, fathomed
330    72     18         18.0630    27.0196    49.5848    % 
UB: 27.0195652173913
branching on CartesianIndex(1, 3) with a.
331    73     19         18.0630    27.0196    49.5848    % 
UB: 27.0195652173913
branching on 3 with b.
332    74     20         18.0630    27.0196    49.5848    % 
LB close or above UB, fathomed
333    73     20         18.0630    27.0196    49.5848    % 
UB: 27.0195652173913
branching on CartesianIndex(2, 3) with a.
334    74     21         18.0630    27.0196    49.5848    % 
UB: 27.0195652173913
branching on CartesianIndex(3, 3) with a.
335    75     22         18.0630    27.0196    49.5848    % 
UB: 27.0195652173913
branching on CartesianIndex(4, 3) with a.
336    76     23         18.0630    27.0196    49.5848    % 
UB: 27.0195652173913
branching on CartesianIndex(5, 3) with a.
337    77     24         18.0630    27.0196    49.5848    % 
UB: 27.0195652173913
branching on CartesianIndex(6, 3) with a.
338    78     25         18.0630    27.0196    49.5848    % 
UB: 27.0195652173913
branching on CartesianIndex(1, 4) with c.
339    79     26         18.0630    27.0196    49.5848    % 
LB close or above UB, fathomed
340    78     26         18.0630    27.0196    49.5848    % 
UB: 27.0195652173913
branching on CartesianIndex(1, 5) with c.
341    79     25         18.0630    27.0196    49.5848    % 
LB close or above UB, fathomed
342    78     24         18.0630    27.0196    49.5848    % 
LB close or above UB, fathomed
343    77     23         18.0630    27.0196    49.5848    % 
LB close or above UB, fathomed
344    76     22         18.0630    27.0196    49.5848    % 
LB close or above UB, fathomed
345    75     21         18.0630    27.0196    49.5848    % 
LB close or above UB, fathomed
346    74     19         18.0630    27.0196    49.5848    % 
LB close or above UB, fathomed
347    73     19         18.0630    27.0196    49.5848    % 
UB: 27.0195652173913
branching on CartesianIndex(2, 3) with a.
348    74     20         18.0630    27.0196    49.5848    % 
UB: 27.0195652173913
branching on CartesianIndex(3, 3) with a.
349    75     21         18.0630    27.0196    49.5848    % 
UB: 27.0195652173913
branching on CartesianIndex(4, 3) with a.
350    76     22         18.0630    27.0196    49.5848    % 
UB: 27.0195652173913
branching on 1 with b.
351    77     23         18.0630    27.0196    49.5848    % 
LB close or above UB, fathomed
352    76     23         18.0630    27.0196    49.5848    % 
UB: 27.0195652173913
branching on CartesianIndex(5, 3) with a.
353    77     22         18.0630    27.0196    49.5848    % 
LB close or above UB, fathomed
354    76     21         18.0630    27.0196    49.5848    % 
LB close or above UB, fathomed
355    75     20         18.0630    27.0196    49.5848    % 
LB close or above UB, fathomed
356    74     19         18.0630    27.0196    49.5848    % 
LB close or above UB, fathomed
357    73     33         18.0630    27.0196    49.5848    % 
UB: 27.0195652173913
branching on 1 with b.
358    74     34         18.0630    27.0196    49.5848    % 
UB: 27.0195652173913
branching on 2 with b.
359    75     35         18.0630    27.0196    49.5848    % 
UB: 27.0195652173913
branching on 3 with b.
360    76     35         18.0630    27.0196    49.5848    % 
UB: 27.0195652173913
branching on 3 with b.
361    77     34         18.0630    27.0196    49.5848    % 
LB close or above UB, fathomed
362    76     33         18.0630    27.0196    49.5848    % 
LB close or above UB, fathomed
363    75     17         18.0630    27.0196    49.5848    % 
UB: 27.0195652173913
branching on 2 with b.
364    76     18         18.0630    27.0196    49.5848    % 
UB: 27.0195652173913
branching on 3 with b.
365    77     18         18.0630    27.0196    49.5848    % 
UB: 27.0195652173913
branching on 3 with b.
366    78     17         18.0630    27.0196    49.5848    % 
LB close or above UB, fathomed
367    77     23         18.0630    27.0196    49.5848    % 
UB: 27.0195652173913
branching on CartesianIndex(6, 3) with a.
368    78     23         18.0630    27.0196    49.5848    % 
LB close or above UB, fathomed
369    77     24         18.0630    27.0196    49.5848    % 
UB: 27.0195652173913
branching on 3 with b.
370    78     25         18.0630    27.0196    49.5848    % 
UB: 27.0195652173913
branching on CartesianIndex(1, 4) with c.
371    79     26         18.0630    27.0196    49.5848    % 
LB close or above UB, fathomed
372    78     26         18.0630    27.0196    49.5848    % 
UB: 27.0195652173913
branching on 1 with b.
373    79     25         18.0630    27.0196    49.5848    % 
LB close or above UB, fathomed
374    78     24         18.0630    27.0196    49.5848    % 
LB close or above UB, fathomed
375    77     22         18.0630    27.0196    49.5848    % 
UB: 27.0195652173913
branching on CartesianIndex(4, 3) with a.
376    78     23         18.0630    27.0196    49.5848    % 
UB: 27.0195652173913
branching on 1 with b.
377    79     24         18.0630    27.0196    49.5848    % 
UB: 27.0195652173913
branching on CartesianIndex(5, 3) with a.
378    80     24         18.0630    27.0196    49.5848    % 
LB close or above UB, fathomed
379    79     23         18.0630    27.0196    49.5848    % 
LB close or above UB, fathomed
380    78     22         18.0630    27.0196    49.5848    % 
LB close or above UB, fathomed
381    77     25         18.0630    27.0196    49.5848    % 
UB: 27.0195652173913
branching on 2 with b.
382    78     26         18.0630    27.0196    49.5848    % 
UB: 27.0195652173913
branching on CartesianIndex(6, 3) with a.
383    79     26         18.0630    27.0196    49.5848    % 
UB: 27.0195652173913
branching on CartesianIndex(6, 3) with a.
384    80     25         18.0630    27.0196    49.5848    % 
LB close or above UB, fathomed
385    79     19         18.0630    27.0196    49.5848    % 
LB close or above UB, fathomed
386    78     19         18.0630    27.0196    49.5848    % 
UB: 27.0195652173913
branching on 1 with b.
387    79     20         18.0630    27.0196    49.5848    % 
UB: 27.0195652173913
branching on CartesianIndex(2, 3) with a.
388    80     21         18.0630    27.0196    49.5848    % 
UB: 27.0195652173913
branching on 2 with b.
389    81     22         18.0630    27.0196    49.5848    % 
UB: 27.0195652173913
branching on CartesianIndex(3, 3) with a.
390    82     22         18.0630    27.0196    49.5848    % 
UB: 27.0195652173913
branching on 3 with b.
391    83     21         18.0630    27.0196    49.5848    % 
LB close or above UB, fathomed
392    82     20         18.0630    27.0196    49.5848    % 
UB: 27.0195652173913
branching on CartesianIndex(2, 3) with a.
393    83     24         18.0630    27.0196    49.5848    % 
UB: 27.0195652173913
branching on CartesianIndex(6, 3) with a.
394    84     24         18.0630    27.0196    49.5848    % 
LB close or above UB, fathomed
395    83     24         18.0630    27.0196    49.5848    % 
UB: 27.0195652173913
branching on CartesianIndex(6, 3) with a.
396    84     25         18.0630    27.0196    49.5848    % 
UB: 27.0195652173913
branching on CartesianIndex(1, 4) with c.
397    85     26         18.0630    27.0196    49.5848    % 
LB close or above UB, fathomed
398    84     26         18.0630    27.0196    49.5848    % 
UB: 27.0195652173913
branching on CartesianIndex(1, 5) with c.
399    85     27         18.0630    27.0196    49.5848    % 
UB: 27.0195652173913
branching on CartesianIndex(2, 5) with c.
400    86     28         18.0630    27.0196    49.5848    % 
UB: 27.0195652173913
branching on CartesianIndex(1, 6) with c.
401    87     29         18.0630    27.0196    49.5848    % 
LB close or above UB, fathomed
402    86     29         18.0630    27.0196    49.5848    % 
UB: 27.0195652173913
branching on CartesianIndex(1, 7) with c.
403    87     30         18.0630    27.0196    49.5848    % 
UB: 27.0195652173913
branching on CartesianIndex(2, 7) with c.
404    88     31         18.0630    27.0196    49.5848    % 
LB close or above UB, fathomed
405    87     31         18.0630    27.0196    49.5848    % 
UB: 27.0195652173913
branching on 2 with b.
406    88     32         18.0630    27.0196    49.5848    % 
UB: 27.0195652173913
branching on 3 with b.
407    89     32         18.0630    27.0196    49.5848    % 
UB: 27.0195652173913
branching on 3 with b.
408    90     33         18.0630    27.0196    49.5848    % 
UB: 24.03405797101449
branching on 1 with b.
409    91     34         18.0630    24.0341    33.0565    % 
UB: 24.03405797101449
branching on 2 with b.
410    62     35         18.0630    24.0341    33.0565    % 
UB: 24.03405797101449
branching on 3 with b.
411    63     36         18.0630    24.0341    33.0565    % 
UB: 24.03405797101449
branching on 1 with b.
412    64     37         18.0630    24.0341    33.0565    % 
UB: 24.03405797101449
branching on 2 with b.
413    65     37         18.0630    24.0341    33.0565    % 
UB: 24.03405797101449
branching on 2 with b.
414    66     38         18.0630    24.0341    33.0565    % 
UB: 24.03405797101449
branching on 3 with b.
415    67     38         18.0630    24.0341    33.0565    % 
UB: 24.03405797101449
branching on 3 with b.
416    68     36         18.0630    24.0341    33.0565    % 
UB: 24.03405797101449
branching on 1 with b.
417    69     35         18.0630    24.0341    33.0565    % 
LB close or above UB, fathomed
418    68     34         18.0630    24.0341    33.0565    % 
LB close or above UB, fathomed
419    67     33         18.0630    24.0341    33.0565    % 
LB close or above UB, fathomed
420    66     30         18.0630    24.0341    33.0565    % 
LB close or above UB, fathomed
421    65     28         18.0630    24.0341    33.0565    % 
LB close or above UB, fathomed
422    64     27         18.0630    24.0341    33.0565    % 
LB close or above UB, fathomed
423    63     25         18.0630    24.0341    33.0565    % 
LB close or above UB, fathomed
424    62     24         18.0630    24.0341    33.0565    % 
LB close or above UB, fathomed
425    61     33         18.0630    24.0341    33.0565    % 
UB: 24.03405797101449
branching on 1 with b.
426    62     34         18.0630    24.0341    33.0565    % 
UB: 24.03405797101449
branching on 2 with b.
427    63     35         18.0630    24.0341    33.0565    % 
UB: 24.03405797101449
branching on 3 with b.
428    64     35         18.0630    24.0341    33.0565    % 
UB: 24.03405797101449
branching on 3 with b.
429    65     34         18.0630    24.0341    33.0565    % 
UB: 24.03405797101449
branching on 2 with b.
430    66     35         18.0630    24.0341    33.0565    % 
LB close or above UB, fathomed
431    65     35         18.0630    24.0341    33.0565    % 
UB: 24.03405797101449
branching on 3 with b.
432    66     33         18.0630    24.0341    33.0565    % 
LB close or above UB, fathomed
433    65     25         18.0630    24.0341    33.0565    % 
UB: 24.03405797101449
branching on CartesianIndex(1, 4) with c.
434    66     26         18.0630    24.0341    33.0565    % 
LB close or above UB, fathomed
435    65     26         18.0630    24.0341    33.0565    % 
UB: 24.03405797101449
branching on CartesianIndex(1, 5) with c.
436    66     25         18.0630    24.0341    33.0565    % 
LB close or above UB, fathomed
437    65     34         18.0630    24.0341    33.0565    % 
UB: 24.03405797101449
branching on 1 with b.
438    66     35         18.0630    24.0341    33.0565    % 
UB: 24.03405797101449
branching on 2 with b.
439    67     35         18.0630    24.0341    33.0565    % 
UB: 24.03405797101449
branching on 2 with b.
440    68     36         18.0630    24.0341    33.0565    % 
UB: 24.03405797101449
branching on 3 with b.
441    69     36         18.0630    24.0341    33.0565    % 
UB: 24.03405797101449
branching on 3 with b.
442    70     34         18.0630    24.0341    33.0565    % 
LB close or above UB, fathomed
443    69     26         18.0630    24.0341    33.0565    % 
UB: 24.03405797101449
branching on CartesianIndex(1, 4) with c.
444    70     27         18.0630    24.0341    33.0565    % 
LB close or above UB, fathomed
445    69     27         18.0630    24.0341    33.0565    % 
UB: 24.03405797101449
branching on CartesianIndex(1, 5) with c.
446    70     28         18.0630    24.0341    33.0565    % 
UB: 24.03405797101449
branching on CartesianIndex(2, 5) with c.
447    71     29         18.0630    24.0341    33.0565    % 
UB: 24.03405797101449
branching on CartesianIndex(1, 6) with c.
448    72     30         18.0630    24.0341    33.0565    % 
LB close or above UB, fathomed
449    71     30         18.0630    24.0341    33.0565    % 
UB: 24.03405797101449
branching on 2 with b.
450    72     31         18.0630    24.0341    33.0565    % 
UB: 24.03405797101449
branching on CartesianIndex(1, 7) with c.
451    73     31         18.0630    24.0341    33.0565    % 
UB: 24.03405797101449
branching on CartesianIndex(1, 7) with c.
452    74     29         18.0630    24.0341    33.0565    % 
LB close or above UB, fathomed
453    73     28         18.0630    24.0341    33.0565    % 
LB close or above UB, fathomed
454    72     26         18.0630    24.0341    33.0565    % 
LB close or above UB, fathomed
455    71     27         18.0630    24.0341    33.0565    % 
UB: 24.03405797101449
branching on CartesianIndex(1, 4) with c.
456    72     28         18.0630    24.0341    33.0565    % 
LB close or above UB, fathomed
457    71     28         18.0630    24.0341    33.0565    % 
UB: 24.03405797101449
branching on 3 with b.
458    72     27         18.0630    24.0341    33.0565    % 
LB close or above UB, fathomed
459    71     27         18.0630    24.0341    33.0565    % 
UB: 24.03405797101449
branching on 2 with b.
460    72     28         18.0630    24.0341    33.0565    % 
LB close or above UB, fathomed
461    71     28         18.0630    24.0341    33.0565    % 
UB: 24.03405797101449
branching on CartesianIndex(1, 5) with c.
462    72     27         18.0630    24.0341    33.0565    % 
LB close or above UB, fathomed
463    71     25         18.0630    24.0341    33.0565    % 
UB: 24.03405797101449
branching on CartesianIndex(2, 5) with c.
464    72     26         18.0630    24.0341    33.0565    % 
UB: 24.03405797101449
branching on CartesianIndex(1, 6) with c.
465    73     27         18.0630    24.0341    33.0565    % 
LB close or above UB, fathomed
466    72     27         18.0630    24.0341    33.0565    % 
UB: 24.03405797101449
branching on CartesianIndex(1, 7) with c.
467    73     28         18.0630    24.0341    33.0565    % 
UB: 24.03405797101449
branching on 3 with b.
468    74     29         18.0630    24.0341    33.0565    % 
UB: 24.03405797101449
branching on CartesianIndex(2, 7) with c.
469    75     30         18.0630    24.0341    33.0565    % 
LB close or above UB, fathomed
470    74     30         18.0630    24.0341    33.0565    % 
UB: 24.03405797101449
branching on 1 with b.
471    75     31         18.0630    24.0341    33.0565    % 
UB: 24.03405797101449
branching on 2 with b.
472    76     32         18.0630    24.0341    33.0565    % 
LB close or above UB, fathomed
473    75     32         18.0630    24.0341    33.0565    % 
UB: 24.03405797101449
branching on 3 with b.
474    76     31         18.0630    24.0341    33.0565    % 
LB close or above UB, fathomed
475    75     29         18.0630    24.0341    33.0565    % 
LB close or above UB, fathomed
476    74     28         18.0630    24.0341    33.0565    % 
LB close or above UB, fathomed
477    73     26         18.0630    24.0341    33.0565    % 
LB close or above UB, fathomed
478    72     25         18.0630    24.0341    33.0565    % 
LB close or above UB, fathomed
479    71     29         18.0630    24.0341    33.0565    % 
UB: 24.03405797101449
branching on CartesianIndex(1, 5) with c.
480    72     30         18.0630    24.0341    33.0565    % 
UB: 24.03405797101449
branching on CartesianIndex(2, 5) with c.
481    73     31         18.0630    24.0341    33.0565    % 
UB: 24.03405797101449
branching on CartesianIndex(1, 6) with c.
482    74     32         18.0630    24.0341    33.0565    % 
LB close or above UB, fathomed
483    73     32         18.0630    24.0341    33.0565    % 
UB: 24.03405797101449
branching on CartesianIndex(1, 7) with c.
484    74     33         18.0630    24.0341    33.0565    % 
UB: 24.03405797101449
branching on CartesianIndex(2, 7) with c.
485    75     34         18.0630    24.0341    33.0565    % 
LB close or above UB, fathomed
486    74     34         18.0630    24.0341    33.0565    % 
UB: 24.03405797101449
branching on 1 with b.
487    75     35         18.0630    24.0341    33.0565    % 
UB: 24.03405797101449
branching on 2 with b.
488    76     35         18.0630    24.0341    33.0565    % 
UB: 24.03405797101449
branching on 2 with b.
489    77     36         18.0630    24.0341    33.0565    % 
UB: 24.03405797101449
branching on 3 with b.
490    78     37         18.0630    24.0341    33.0565    % 
UB: 24.03405797101449
branching on 1 with b.
491    79     38         18.0630    24.0341    33.0565    % 
UB: 24.03405797101449
branching on 2 with b.
492    80     38         18.0630    24.0341    33.0565    % 
LB close or above UB, fathomed
493    79     37         18.0630    24.0341    33.0565    % 
UB: 24.03405797101449
branching on 1 with b.
494    80     36         18.0630    24.0341    33.0565    % 
LB close or above UB, fathomed
495    79     33         18.0630    24.0341    33.0565    % 
LB close or above UB, fathomed
496    78     31         18.0630    24.0341    33.0565    % 
LB close or above UB, fathomed
497    77     30         18.0630    24.0341    33.0565    % 
LB close or above UB, fathomed
498    76     29         18.0630    24.0341    33.0565    % 
LB close or above UB, fathomed
499    75     15         18.4774    24.0341    30.0725    % 
LB close or above UB, fathomed
500    74     15         18.4774    24.0341    30.0725    % 
LB close or above UB, fathomed
501    73     9          21.0301    24.0341    14.2840    % 
UB: 24.03405797101449
branching on 2 with b.
502    74     10         21.0301    24.0341    14.2840    % 
UB: 24.03405797101449
branching on 3 with b.
503    75     11         21.0301    24.0341    14.2840    % 
UB: 24.03405797101449
branching on CartesianIndex(2, 2) with a.
504    76     12         21.0301    24.0341    14.2840    % 
UB: 24.03405797101449
branching on CartesianIndex(3, 2) with a.
505    77     13         21.0301    24.0341    14.2840    % 
UB: 24.03405797101449
branching on CartesianIndex(4, 2) with a.
506    78     14         21.0301    24.0341    14.2840    % 
UB: 24.03405797101449
branching on CartesianIndex(5, 2) with a.
507    79     15         21.0301    24.0341    14.2840    % 
LB close or above UB, fathomed
508    78     15         21.0301    24.0341    14.2840    % 
LB close or above UB, fathomed
509    77     14         21.0301    24.0341    14.2840    % 
LB close or above UB, fathomed
510    76     13         21.0301    24.0341    14.2840    % 
LB close or above UB, fathomed
511    75     12         21.0301    24.0341    14.2840    % 
LB close or above UB, fathomed
512    74     11         21.0301    24.0341    14.2840    % 
LB close or above UB, fathomed
513    73     10         21.0301    24.0341    14.2840    % 
LB close or above UB, fathomed
514    72     9          21.0301    24.0341    14.2840    % 
LB close or above UB, fathomed
515    71     32         21.0486    24.0341    14.1839    % 
UB: 24.03405797101449
branching on CartesianIndex(2, 7) with c.
516    72     33         21.0486    24.0341    14.1839    % 
LB close or above UB, fathomed
517    71     33         21.0486    24.0341    14.1839    % 
UB: 24.03405797101449
branching on 3 with b.
518    72     34         21.0486    24.0341    14.1839    % 
UB: 24.03405797101449
branching on 1 with b.
519    73     35         21.0486    24.0341    14.1839    % 
UB: 24.03405797101449
branching on 2 with b.
520    74     35         21.0486    24.0341    14.1839    % 
LB close or above UB, fathomed
521    73     34         21.0486    24.0341    14.1839    % 
LB close or above UB, fathomed
522    72     32         21.0486    24.0341    14.1839    % 
LB close or above UB, fathomed
523    71     37         21.0486    24.0341    14.1839    % 
LB close or above UB, fathomed
524    70     37         21.0486    24.0341    14.1839    % 
UB: 24.03405797101449
branching on 2 with b.
525    71     38         21.0486    24.0341    14.1839    % 
LB close or above UB, fathomed
526    70     38         21.0486    24.0341    14.1839    % 
LB close or above UB, fathomed
527    69     39         21.0486    24.0341    14.1839    % 
UB: 24.03405797101449
branching on 1 with b.
528    70     40         21.0486    24.0341    14.1839    % 
UB: 24.03405797101449
branching on 2 with b.
529    71     41         21.0486    24.0341    14.1839    % 
LB close or above UB, fathomed
530    70     41         21.0486    24.0341    14.1839    % 
LB close or above UB, fathomed
531    69     40         21.0486    24.0341    14.1839    % 
LB close or above UB, fathomed
532    68     39         21.0486    24.0341    14.1839    % 
UB: 24.03405797101449
branching on 1 with b.
533    69     40         21.0486    24.0341    14.1839    % 
UB: 24.03405797101449
branching on 2 with b.
534    70     41         21.0486    24.0341    14.1839    % 
LB close or above UB, fathomed
535    69     41         21.0486    24.0341    14.1839    % 
LB close or above UB, fathomed
536    68     40         21.0486    24.0341    14.1839    % 
LB close or above UB, fathomed
537    67     38         21.0486    24.0341    14.1839    % 
LB close or above UB, fathomed
538    66     38         21.0486    24.0341    14.1839    % 
LB close or above UB, fathomed
539    65     12         21.0486    24.0341    14.1839    % 
UB: 24.03405797101449
branching on 1 with b.
540    66     13         21.0486    24.0341    14.1839    % 
UB: 24.03405797101449
branching on CartesianIndex(5, 1) with a.
541    67     14         21.0486    24.0341    14.1839    % 
UB: 24.03405797101449
branching on 2 with b.
542    68     15         21.0486    24.0341    14.1839    % 
LB close or above UB, fathomed
543    67     15         21.0486    24.0341    14.1839    % 
UB: 24.03405797101449
branching on CartesianIndex(6, 1) with a.
544    68     16         21.0486    24.0341    14.1839    % 
UB: 24.03405797101449
branching on CartesianIndex(1, 2) with a.
545    69     17         21.0486    24.0341    14.1839    % 
UB: 24.03405797101449
branching on CartesianIndex(2, 2) with a.
546    70     18         21.0486    24.0341    14.1839    % 
UB: 24.03405797101449
branching on CartesianIndex(3, 2) with a.
547    71     19         21.0486    24.0341    14.1839    % 
UB: 24.03405797101449
branching on CartesianIndex(4, 2) with a.
548    72     19         21.0486    24.0341    14.1839    % 
LB close or above UB, fathomed
549    71     18         21.0486    24.0341    14.1839    % 
LB close or above UB, fathomed
550    70     17         21.0486    24.0341    14.1839    % 
LB close or above UB, fathomed
551    69     16         21.0486    24.0341    14.1839    % 
LB close or above UB, fathomed
552    68     14         21.0486    24.0341    14.1839    % 
LB close or above UB, fathomed
553    67     13         21.0486    24.0341    14.1839    % 
LB close or above UB, fathomed
554    66     12         21.0486    24.0341    14.1839    % 
LB close or above UB, fathomed
555    65     16         21.0486    24.0341    14.1839    % 
UB: 24.03405797101449
branching on CartesianIndex(2, 3) with a.
556    66     17         21.0486    24.0341    14.1839    % 
UB: 24.03405797101449
branching on CartesianIndex(3, 3) with a.
557    67     18         21.0486    24.0341    14.1839    % 
UB: 24.03405797101449
branching on CartesianIndex(4, 3) with a.
558    68     19         21.0486    24.0341    14.1839    % 
UB: 24.03405797101449
branching on CartesianIndex(5, 3) with a.
559    69     20         21.0486    24.0341    14.1839    % 
UB: 24.03405797101449
branching on 1 with b.
560    70     21         21.0486    24.0341    14.1839    % 
LB close or above UB, fathomed
561    69     21         21.0486    24.0341    14.1839    % 
UB: 24.03405797101449
branching on 2 with b.
562    70     22         21.0486    24.0341    14.1839    % 
UB: 24.03405797101449
branching on 3 with b.
563    71     23         21.0486    24.0341    14.1839    % 
LB close or above UB, fathomed
564    70     23         21.0486    24.0341    14.1839    % 
UB: 24.03405797101449
branching on CartesianIndex(6, 3) with a.
565    71     22         21.0486    24.0341    14.1839    % 
LB close or above UB, fathomed
566    70     20         21.0486    24.0341    14.1839    % 
LB close or above UB, fathomed
567    69     19         21.0486    24.0341    14.1839    % 
LB close or above UB, fathomed
568    68     18         21.0486    24.0341    14.1839    % 
LB close or above UB, fathomed
569    67     17         21.0486    24.0341    14.1839    % 
LB close or above UB, fathomed
570    66     16         21.0486    24.0341    14.1839    % 
LB close or above UB, fathomed
571    65     21         21.0486    24.0341    14.1839    % 
LB close or above UB, fathomed
572    64     21         21.0486    24.0341    14.1839    % 
UB: 24.03405797101449
branching on CartesianIndex(1, 3) with a.
573    65     17         21.0486    24.0341    14.1839    % 
LB close or above UB, fathomed
574    64     17         21.0486    24.0341    14.1839    % 
LB close or above UB, fathomed
575    63     12         21.0486    24.0341    14.1839    % 
UB: 24.03405797101449
branching on CartesianIndex(4, 2) with a.
576    64     13         21.0486    24.0341    14.1839    % 
UB: 24.03405797101449
branching on CartesianIndex(5, 2) with a.
577    65     14         21.0486    24.0341    14.1839    % 
UB: 24.03405797101449
branching on 1 with b.
578    66     15         21.0486    24.0341    14.1839    % 
LB close or above UB, fathomed
579    65     15         21.0486    24.0341    14.1839    % 
UB: 24.03405797101449
branching on CartesianIndex(6, 2) with a.
580    66     16         21.0486    24.0341    14.1839    % 
LB close or above UB, fathomed
581    65     16         21.0486    24.0341    14.1839    % 
LB close or above UB, fathomed
582    64     14         21.0486    24.0341    14.1839    % 
LB close or above UB, fathomed
583    63     13         21.0486    24.0341    14.1839    % 
LB close or above UB, fathomed
584    62     12         21.0486    24.0341    14.1839    % 
LB close or above UB, fathomed
585    61     14         21.0486    24.0341    14.1839    % 
LB close or above UB, fathomed
586    60     14         21.0486    24.0341    14.1839    % 
UB: 24.03405797101449
branching on CartesianIndex(4, 2) with a.
587    61     15         21.0486    24.0341    14.1839    % 
UB: 24.03405797101449
branching on 3 with b.
588    62     16         21.0486    24.0341    14.1839    % 
LB close or above UB, fathomed
589    61     16         21.0486    24.0341    14.1839    % 
UB: 24.03405797101449
branching on CartesianIndex(5, 2) with a.
590    62     17         21.0486    24.0341    14.1839    % 
LB close or above UB, fathomed
591    61     17         21.0486    24.0341    14.1839    % 
LB close or above UB, fathomed
592    60     15         21.0486    24.0341    14.1839    % 
LB close or above UB, fathomed
593    59     22         21.0486    24.0341    14.1839    % 
UB: 24.03405797101449
branching on CartesianIndex(2, 3) with a.
594    60     23         21.0486    24.0341    14.1839    % 
UB: 24.03405797101449
branching on 3 with b.
595    61     24         21.0486    24.0341    14.1839    % 
LB close or above UB, fathomed
596    60     24         21.0486    24.0341    14.1839    % 
LB close or above UB, fathomed
597    59     23         21.0486    24.0341    14.1839    % 
LB close or above UB, fathomed
598    58     22         21.0486    24.0341    14.1839    % 
LB close or above UB, fathomed
599    57     24         21.0486    24.0341    14.1839    % 
UB: 24.03405797101449
branching on 1 with b.
600    58     25         21.0486    24.0341    14.1839    % 
UB: 24.03405797101449
branching on 2 with b.
601    59     26         21.0486    24.0341    14.1839    % 
LB close or above UB, fathomed
602    58     26         21.0486    24.0341    14.1839    % 
UB: 24.03405797101449
branching on 3 with b.
603    59     25         21.0486    24.0341    14.1839    % 
LB close or above UB, fathomed
604    58     24         21.0486    24.0341    14.1839    % 
LB close or above UB, fathomed
605    57     20         21.0486    24.0341    14.1839    % 
UB: 24.03405797101449
branching on CartesianIndex(5, 2) with a.
606    58     21         21.0486    24.0341    14.1839    % 
LB close or above UB, fathomed
607    57     21         21.0486    24.0341    14.1839    % 
LB close or above UB, fathomed
608    56     20         21.0486    24.0341    14.1839    % 
LB close or above UB, fathomed
609    55     36         21.0486    24.0341    14.1839    % 
LB close or above UB, fathomed
610    54     36         21.0486    24.0341    14.1839    % 
LB close or above UB, fathomed
611    53     39         21.0486    24.0341    14.1839    % 
LB close or above UB, fathomed
612    52     39         21.0486    24.0341    14.1839    % 
LB close or above UB, fathomed
613    51     36         21.0486    24.0341    14.1839    % 
UB: 24.03405797101449
branching on 1 with b.
614    52     37         21.0486    24.0341    14.1839    % 
UB: 24.03405797101449
branching on 2 with b.
615    53     38         21.0486    24.0341    14.1839    % 
LB close or above UB, fathomed
616    52     38         21.0486    24.0341    14.1839    % 
LB close or above UB, fathomed
617    51     37         21.0486    24.0341    14.1839    % 
UB: 24.03405797101449
branching on 2 with b.
618    52     38         21.0486    24.0341    14.1839    % 
LB close or above UB, fathomed
619    51     38         21.0486    24.0341    14.1839    % 
LB close or above UB, fathomed
620    50     36         21.0486    24.0341    14.1839    % 
LB close or above UB, fathomed
621    49     36         21.0486    24.0341    14.1839    % 
UB: 24.03405797101449
branching on 1 with b.
622    50     37         21.0486    24.0341    14.1839    % 
LB close or above UB, fathomed
623    49     37         21.0486    24.0341    14.1839    % 
UB: 24.03405797101449
branching on 2 with b.
624    50     38         21.0486    24.0341    14.1839    % 
UB: 24.03405797101449
branching on 3 with b.
625    51     39         21.0486    24.0341    14.1839    % 
UB: 24.03405797101449
branching on 1 with b.
626    52     40         21.0486    24.0341    14.1839    % 
UB: 24.03405797101449
branching on 2 with b.
627    53     41         21.0486    24.0341    14.1839    % 
LB close or above UB, fathomed
628    52     41         21.0486    24.0341    14.1839    % 
UB: 24.03405797101449
branching on 3 with b.
629    53     42         21.0486    24.0341    14.1839    % 
LB close or above UB, fathomed
630    52     42         21.0486    24.0341    14.1839    % 
UB: 24.03405797101449
branching on 1 with b.
631    53     43         21.0486    24.0341    14.1839    % 
UB: 24.03405797101449
branching on 2 with b.
632    54     44         21.0486    24.0341    14.1839    % 
LB close or above UB, fathomed
633    53     44         21.0486    24.0341    14.1839    % 
LB close or above UB, fathomed
634    52     43         21.0486    24.0341    14.1839    % 
UB: 24.03405797101449
branching on 2 with b.
635    53     44         21.0486    24.0341    14.1839    % 
LB close or above UB, fathomed
636    52     44         21.0486    24.0341    14.1839    % 
LB close or above UB, fathomed
637    51     40         21.0486    24.0341    14.1839    % 
UB: 24.03405797101449
branching on 2 with b.
638    52     41         21.0486    24.0341    14.1839    % 
LB close or above UB, fathomed
639    51     41         21.0486    24.0341    14.1839    % 
UB: 24.03405797101449
branching on 3 with b.
640    52     42         21.0486    24.0341    14.1839    % 
LB close or above UB, fathomed
641    51     42         21.0486    24.0341    14.1839    % 
UB: 24.03405797101449
branching on 1 with b.
642    52     43         21.0486    24.0341    14.1839    % 
UB: 24.03405797101449
branching on 2 with b.
643    53     44         21.0486    24.0341    14.1839    % 
LB close or above UB, fathomed
644    52     44         21.0486    24.0341    14.1839    % 
LB close or above UB, fathomed
645    51     43         21.0486    24.0341    14.1839    % 
LB close or above UB, fathomed
646    50     39         21.0486    24.0341    14.1839    % 
UB: 24.03405797101449
branching on 1 with b.
647    51     40         21.0486    24.0341    14.1839    % 
UB: 24.03405797101449
branching on 2 with b.
648    52     41         21.0486    24.0341    14.1839    % 
LB close or above UB, fathomed
649    51     41         21.0486    24.0341    14.1839    % 
UB: 24.03405797101449
branching on 3 with b.
650    51     42         21.0486    24.0341    14.1839    % 
UB: 24.03405797101449
branching on 1 with b.
651    52     43         21.0486    24.0341    14.1839    % 
UB: 24.03405797101449
branching on 2 with b.
652    53     44         21.0486    24.0341    14.1839    % 
LB close or above UB, fathomed
653    52     44         21.0486    24.0341    14.1839    % 
LB close or above UB, fathomed
654    51     43         21.0486    24.0341    14.1839    % 
UB: 24.03405797101449
branching on 2 with b.
655    52     44         21.0486    24.0341    14.1839    % 
LB close or above UB, fathomed
656    51     44         21.0486    24.0341    14.1839    % 
LB close or above UB, fathomed
657    50     40         21.0486    24.0341    14.1839    % 
UB: 24.03405797101449
branching on 2 with b.
658    51     41         21.0486    24.0341    14.1839    % 
LB close or above UB, fathomed
659    50     41         21.0486    24.0341    14.1839    % 
UB: 24.03405797101449
branching on 3 with b.
660    50     42         21.0486    24.0341    14.1839    % 
UB: 24.03405797101449
branching on 1 with b.
661    51     43         21.0486    24.0341    14.1839    % 
UB: 24.03405797101449
branching on 2 with b.
662    52     44         21.0486    24.0341    14.1839    % 
LB close or above UB, fathomed
663    51     44         21.0486    24.0341    14.1839    % 
LB close or above UB, fathomed
664    50     43         21.0486    24.0341    14.1839    % 
LB close or above UB, fathomed
665    49     38         21.0486    24.0341    14.1839    % 
LB close or above UB, fathomed
666    48     36         21.0486    24.0341    14.1839    % 
LB close or above UB, fathomed
667    47     36         21.0486    24.0341    14.1839    % 
UB: 24.03405797101449
branching on 1 with b.
668    48     37         21.0486    24.0341    14.1839    % 
LB close or above UB, fathomed
669    47     37         21.0486    24.0341    14.1839    % 
UB: 24.03405797101449
branching on 2 with b.
670    48     38         21.0486    24.0341    14.1839    % 
UB: 24.03405797101449
branching on 3 with b.
671    49     39         21.0486    24.0341    14.1839    % 
UB: 24.03405797101449
branching on 1 with b.
672    50     40         21.0486    24.0341    14.1839    % 
UB: 24.03405797101449
branching on 2 with b.
673    51     41         21.0486    24.0341    14.1839    % 
LB close or above UB, fathomed
674    50     41         21.0486    24.0341    14.1839    % 
UB: 24.03405797101449
branching on 3 with b.
675    51     42         21.0486    24.0341    14.1839    % 
LB close or above UB, fathomed
676    50     42         21.0486    24.0341    14.1839    % 
UB: 24.03405797101449
branching on 1 with b.
677    51     43         21.0486    24.0341    14.1839    % 
UB: 24.03405797101449
branching on 2 with b.
678    52     44         21.0486    24.0341    14.1839    % 
UB: 21.04855072463768
branching on 3 with b.
679    52     45         21.0486    21.0486    -0.0000    % 
LB close or above UB, fathomed
all node solved
solved nodes:  680
680                                                   2.1049e+01     2.1049e+01     -0.0000 % 
7×3 Matrix{Float64}:
 0.0  1.0  0.0
 0.0  0.0  0.0
 0.0  0.0  0.0
 0.0  0.0  0.0
 0.0  0.0  0.0
 0.0  0.0  1.0
 1.0  0.0  0.0
3-element Vector{Float64}:
 0.5397581904708886
 0.269642386194255
 0.15809789102231692
3×7 Matrix{Float64}:
 0.0  0.0  0.0  0.0  1.0  0.0  0.0
 0.0  0.0  0.0  0.0  0.0  1.0  1.0
 0.0  0.0  0.0  1.0  0.0  0.0  0.0
3-element Vector{Float64}:
 1.0
 1.0
 1.0
7×3 Matrix{Float64}:
 1.0  0.0  0.0
 0.0  0.0  0.0
 0.0  0.0  0.0
 0.0  0.0  0.0
 0.0  0.0  0.0
 0.0  1.0  0.0
 0.0  0.0  1.0
3-element Vector{Float64}:
 0.2689628262325775
 0.2729146064626978
 0.5262061044508033
3×7 Matrix{Float64}:
 0.0  0.0  0.0  1.0  0.0  1.0  0.0
 0.0  0.0  0.0  0.0  0.0  0.0  1.0
 0.0  0.0  0.0  0.0  1.0  0.0  0.0
3-element Vector{Float64}:
 1.0
 1.0
 1.0
comparison (CRT and Glb)on prediction: Dict{Bool, Int64}(0 => 3, 1 => 50)
Dataname	 time	 objv	 lb	 gap	 train_w	 train_g	 test_w	 test_g
seeds_172.seeds	 88.2	 21.04855072463768	 21.049	 -0.0	 91.503	 95.425	 92.453	 90.566
