Running 6 processes.
Start training seeds_714.seeds with seed 1.
Any[]
(7, 206)
(7, 103)
(7, 52)
(7, 51)
dimension: 7, class: 3
cart cost: 35.4642857142857
size of X: (7, 155)
ngroups: 6
UB: 35.4642857142857
Iter	left	lev	LB	UB	gap	
0      0      1          8.9294     35.4643    297.1631   % 
UB: 35.4642857142857
branching on 1 with d.
1      1      2          8.9294     35.4643    297.1631   % 
LB close or above UB, fathomed
2      0      2          8.9294     35.4643    297.1631   % 
UB: 35.4642857142857
branching on 2 with d.
3      1      3          8.9294     35.4643    297.1631   % 
UB: 35.4642857142857
branching on 3 with d.
4      2      3          8.9294     35.4643    297.1631   % 
UB: 35.4642857142857
branching on 3 with d.
5      3      4          8.9294     35.4643    297.1631   % 
UB: 35.4642857142857
branching on CartesianIndex(1, 1) with a.
6      4      4          8.9294     35.4643    297.1631   % 
UB: 35.4642857142857
branching on CartesianIndex(1, 1) with a.
7      5      5          8.9563     35.4643    295.9682   % 
UB: 35.4642857142857
branching on 1 with b.
8      6      6          8.9563     35.4643    295.9682   % 
UB: 35.4642857142857
branching on CartesianIndex(2, 1) with a.
9      7      7          8.9563     35.4643    295.9682   % 
UB: 35.4642857142857
branching on 1 with b.
10     8      7          8.9563     35.4643    295.9682   % 
UB: 35.4642857142857
branching on CartesianIndex(1, 2) with a.
11     9      6          8.9563     35.4643    295.9682   % 
UB: 35.4642857142857
branching on 1 with b.
12     10     5          8.9563     35.4643    295.9682   % 
UB: 35.4642857142857
branching on 1 with b.
13     11     6          8.9563     35.4643    295.9682   % 
UB: 35.4642857142857
branching on CartesianIndex(1, 2) with a.
14     12     7          8.9563     35.4643    295.9682   % 
UB: 35.4642857142857
branching on CartesianIndex(2, 2) with a.
15     13     8          8.9563     35.4643    295.9682   % 
UB: 35.4642857142857
branching on CartesianIndex(3, 2) with a.
16     14     8          8.9563     35.4643    295.9682   % 
UB: 35.4642857142857
branching on 1 with b.
17     15     7          8.9563     35.4643    295.9682   % 
UB: 35.4642857142857
branching on 1 with b.
18     16     6          8.9563     35.4643    295.9682   % 
UB: 35.4642857142857
branching on 1 with b.
19     17     8          8.9684     35.4643    295.4341   % 
UB: 35.4642857142857
branching on CartesianIndex(2, 2) with a.
20     18     9          8.9684     35.4643    295.4341   % 
UB: 35.4642857142857
branching on 1 with b.
21     19     10         8.9684     35.4643    295.4341   % 
UB: 35.4642857142857
branching on CartesianIndex(3, 2) with a.
22     20     10         8.9684     35.4643    295.4341   % 
UB: 35.4642857142857
branching on CartesianIndex(3, 2) with a.
23     21     11         8.9684     35.4643    295.4341   % 
UB: 35.4642857142857
branching on 2 with b.
24     22     12         8.9684     35.4643    295.4341   % 
UB: 35.4642857142857
branching on CartesianIndex(4, 2) with a.
25     23     13         8.9684     35.4643    295.4341   % 
UB: 35.4642857142857
branching on 3 with b.
26     24     14         8.9684     35.4643    295.4341   % 
UB: 35.4642857142857
branching on 1 with b.
27     25     14         8.9684     35.4643    295.4341   % 
UB: 35.4642857142857
branching on CartesianIndex(5, 2) with a.
28     26     15         8.9684     35.4643    295.4341   % 
UB: 35.4642857142857
branching on 1 with b.
29     27     16         8.9684     35.4643    295.4341   % 
UB: 35.4642857142857
branching on CartesianIndex(6, 2) with a.
30     28     17         8.9684     35.4643    295.4341   % 
UB: 35.4642857142857
branching on CartesianIndex(1, 3) with a.
31     29     17         8.9684     35.4643    295.4341   % 
UB: 35.4642857142857
branching on CartesianIndex(1, 3) with a.
32     30     16         8.9684     35.4643    295.4341   % 
UB: 35.4642857142857
branching on CartesianIndex(6, 2) with a.
33     31     15         8.9684     35.4643    295.4341   % 
UB: 35.4642857142857
branching on CartesianIndex(1, 3) with a.
34     32     13         8.9684     35.4643    295.4341   % 
UB: 35.4642857142857
branching on CartesianIndex(1, 3) with a.
35     33     12         8.9684     35.4643    295.4341   % 
UB: 35.4642857142857
branching on CartesianIndex(4, 2) with a.
36     34     11         8.9684     35.4643    295.4341   % 
UB: 35.4642857142857
branching on CartesianIndex(1, 3) with a.
37     35     9          8.9684     35.4643    295.4341   % 
UB: 35.4642857142857
branching on 1 with b.
38     36     8          8.9684     35.4643    295.4341   % 
UB: 35.4642857142857
branching on CartesianIndex(1, 3) with a.
39     37     9          8.9786     35.4643    294.9881   % 
UB: 35.4642857142857
branching on 1 with b.
40     38     10         8.9786     35.4643    294.9881   % 
UB: 35.4642857142857
branching on CartesianIndex(4, 2) with a.
41     39     10         8.9786     35.4643    294.9881   % 
UB: 35.4642857142857
branching on 2 with b.
42     40     11         8.9786     35.4643    294.9881   % 
UB: 35.4642857142857
branching on 3 with b.
43     41     11         8.9786     35.4643    294.9881   % 
UB: 35.4642857142857
branching on 3 with b.
44     42     9          8.9786     35.4643    294.9881   % 
UB: 35.4642857142857
branching on 1 with b.
45     43     8          11.9093    35.4643    197.7857   % 
LB close or above UB, fathomed
46     42     8          11.9093    35.4643    197.7857   % 
UB: 35.4642857142857
branching on 2 with b.
47     43     18         11.9113    35.4643    197.7365   % 
UB: 35.4642857142857
branching on CartesianIndex(2, 3) with a.
48     44     19         11.9113    35.4643    197.7365   % 
UB: 35.4642857142857
branching on 2 with b.
49     45     20         11.9113    35.4643    197.7365   % 
UB: 35.4642857142857
branching on CartesianIndex(3, 3) with a.
50     46     20         11.9113    35.4643    197.7365   % 
UB: 35.4642857142857
branching on CartesianIndex(3, 3) with a.
51     47     19         11.9113    35.4643    197.7365   % 
UB: 35.4642857142857
branching on CartesianIndex(1, 4) with c.
52     48     18         11.9113    35.4643    197.7365   % 
UB: 35.4642857142857
branching on CartesianIndex(1, 4) with c.
53     49     18         11.9214    35.4643    197.4835   % 
UB: 35.4642857142857
branching on CartesianIndex(2, 3) with a.
54     50     19         11.9214    35.4643    197.4835   % 
UB: 35.4642857142857
branching on CartesianIndex(3, 3) with a.
55     51     20         11.9214    35.4643    197.4835   % 
UB: 35.4642857142857
branching on CartesianIndex(4, 3) with a.
56     52     21         11.9214    35.4643    197.4835   % 
UB: 35.4642857142857
branching on CartesianIndex(5, 3) with a.
57     53     22         11.9214    35.4643    197.4835   % 
UB: 35.4642857142857
branching on CartesianIndex(6, 3) with a.
58     54     22         11.9214    35.4643    197.4835   % 
UB: 35.4642857142857
branching on CartesianIndex(1, 4) with c.
59     55     21         11.9214    35.4643    197.4835   % 
UB: 35.4642857142857
branching on CartesianIndex(1, 4) with c.
60     56     20         11.9214    35.4643    197.4835   % 
LB close or above UB, fathomed
61     55     19         11.9214    35.4643    197.4835   % 
UB: 35.4642857142857
branching on CartesianIndex(1, 4) with c.
62     56     18         11.9214    35.4643    197.4835   % 
UB: 35.4642857142857
branching on CartesianIndex(1, 4) with c.
63     57     15         11.9214    35.4643    197.4835   % 
UB: 35.4642857142857
branching on 2 with b.
64     58     16         11.9214    35.4643    197.4835   % 
UB: 35.4642857142857
branching on CartesianIndex(5, 2) with a.
65     59     16         11.9214    35.4643    197.4835   % 
UB: 35.4642857142857
branching on 3 with b.
66     60     15         11.9214    35.4643    197.4835   % 
UB: 35.4642857142857
branching on CartesianIndex(5, 2) with a.
67     61     12         11.9214    35.4643    197.4835   % 
UB: 35.4642857142857
branching on CartesianIndex(4, 2) with a.
68     62     13         11.9214    35.4643    197.4835   % 
UB: 35.4642857142857
branching on 1 with b.
69     63     14         11.9214    35.4643    197.4835   % 
UB: 32.52142857142857
branching on CartesianIndex(5, 2) with a.
70     64     14         11.9214    32.5214    172.7981   % 
UB: 32.52142857142857
branching on CartesianIndex(5, 2) with a.
71     57     13         11.9214    32.5214    172.7981   % 
LB close or above UB, fathomed
72     56     12         11.9214    32.5214    172.7981   % 
UB: 32.52142857142857
branching on CartesianIndex(4, 2) with a.
73     57     13         11.9214    32.5214    172.7981   % 
UB: 32.52142857142857
branching on CartesianIndex(5, 2) with a.
74     58     14         11.9214    32.5214    172.7981   % 
UB: 32.52142857142857
branching on CartesianIndex(6, 2) with a.
75     59     15         11.9214    32.5214    172.7981   % 
UB: 32.52142857142857
branching on 1 with b.
76     60     15         11.9214    32.5214    172.7981   % 
UB: 32.52142857142857
branching on CartesianIndex(1, 3) with a.
77     61     16         11.9214    32.5214    172.7981   % 
UB: 32.52142857142857
branching on CartesianIndex(2, 3) with a.
78     62     16         11.9214    32.5214    172.7981   % 
UB: 32.52142857142857
branching on CartesianIndex(1, 4) with c.
79     63     14         11.9214    32.5214    172.7981   % 
UB: 32.52142857142857
branching on 1 with b.
80     64     13         11.9214    32.5214    172.7981   % 
UB: 32.52142857142857
branching on CartesianIndex(1, 3) with a.
81     65     11         11.9214    32.5214    172.7981   % 
UB: 32.52142857142857
branching on 2 with b.
82     66     12         11.9214    32.5214    172.7981   % 
UB: 32.52142857142857
branching on CartesianIndex(5, 2) with a.
83     67     13         11.9214    32.5214    172.7981   % 
UB: 32.52142857142857
branching on 3 with b.
84     68     14         11.9214    32.5214    172.7981   % 
UB: 32.52142857142857
branching on CartesianIndex(6, 2) with a.
85     69     14         11.9214    32.5214    172.7981   % 
UB: 32.52142857142857
branching on CartesianIndex(6, 2) with a.
86     70     15         11.9214    32.5214    172.7981   % 
UB: 32.52142857142857
branching on CartesianIndex(1, 3) with a.
87     71     15         11.9214    32.5214    172.7981   % 
UB: 32.52142857142857
branching on CartesianIndex(1, 3) with a.
88     72     13         11.9214    32.5214    172.7981   % 
UB: 32.52142857142857
branching on 3 with b.
89     73     12         11.9214    32.5214    172.7981   % 
LB close or above UB, fathomed
90     72     11         11.9214    32.5214    172.7981   % 
UB: 32.52142857142857
branching on 2 with b.
91     73     17         11.9214    32.5214    172.7981   % 
UB: 32.52142857142857
branching on CartesianIndex(3, 3) with a.
92     74     18         11.9214    32.5214    172.7981   % 
UB: 32.52142857142857
branching on CartesianIndex(4, 3) with a.
93     75     19         11.9214    32.5214    172.7981   % 
UB: 32.52142857142857
branching on CartesianIndex(5, 3) with a.
94     76     20         11.9214    32.5214    172.7981   % 
UB: 32.52142857142857
branching on CartesianIndex(6, 3) with a.
95     77     20         11.9214    32.5214    172.7981   % 
LB close or above UB, fathomed
96     76     19         11.9214    32.5214    172.7981   % 
UB: 32.52142857142857
branching on CartesianIndex(1, 4) with c.
97     77     18         11.9214    32.5214    172.7981   % 
LB close or above UB, fathomed
98     76     17         11.9214    32.5214    172.7981   % 
UB: 32.52142857142857
branching on CartesianIndex(1, 4) with c.
99     77     12         14.5743    32.5214    123.1420   % 
UB: 32.52142857142857
branching on CartesianIndex(2, 3) with a.
100    78     12         14.5743    32.5214    123.1420   % 
LB close or above UB, fathomed
101    77     9          14.8522    32.5214    118.9672   % 
UB: 32.52142857142857
branching on CartesianIndex(3, 1) with a.
102    78     10         14.8522    32.5214    118.9672   % 
UB: 32.52142857142857
branching on 3 with b.
103    79     11         14.8522    32.5214    118.9672   % 
UB: 32.52142857142857
branching on CartesianIndex(4, 1) with a.
104    80     11         14.8522    32.5214    118.9672   % 
UB: 32.52142857142857
branching on CartesianIndex(4, 1) with a.
105    81     12         14.8522    32.5214    118.9672   % 
UB: 32.52142857142857
branching on CartesianIndex(5, 1) with a.
106    82     13         14.8522    32.5214    118.9672   % 
UB: 32.52142857142857
branching on CartesianIndex(6, 1) with a.
107    83     13         14.8522    32.5214    118.9672   % 
UB: 32.52142857142857
branching on CartesianIndex(1, 2) with a.
108    84     14         14.8522    32.5214    118.9672   % 
UB: 32.52142857142857
branching on CartesianIndex(2, 2) with a.
109    85     15         14.8522    32.5214    118.9672   % 
UB: 32.52142857142857
branching on CartesianIndex(3, 2) with a.
110    86     15         14.8522    32.5214    118.9672   % 
UB: 32.52142857142857
branching on CartesianIndex(1, 3) with a.
111    87     14         14.8522    32.5214    118.9672   % 
UB: 32.52142857142857
branching on CartesianIndex(1, 3) with a.
112    88     12         14.8522    32.5214    118.9672   % 
UB: 32.52142857142857
branching on CartesianIndex(1, 2) with a.
113    89     10         14.8522    32.5214    118.9672   % 
LB close or above UB, fathomed
114    88     9          14.8522    32.5214    118.9672   % 
UB: 32.52142857142857
branching on 3 with b.
115    89     21         14.8542    32.5214    118.9382   % 
UB: 32.52142857142857
branching on 3 with b.
116    90     22         14.8542    32.5214    118.9382   % 
UB: 32.52142857142857
branching on CartesianIndex(4, 3) with a.
117    91     23         14.8542    32.5214    118.9382   % 
UB: 32.52142857142857
branching on CartesianIndex(5, 3) with a.
118    92     23         14.8542    32.5214    118.9382   % 
UB: 32.52142857142857
branching on CartesianIndex(1, 4) with c.
119    93     22         14.8542    32.5214    118.9382   % 
LB close or above UB, fathomed
120    92     21         14.8542    32.5214    118.9382   % 
LB close or above UB, fathomed
121    91     24         14.8542    32.5214    118.9382   % 
UB: 32.52142857142857
branching on CartesianIndex(6, 3) with a.
122    92     24         14.8542    32.5214    118.9382   % 
LB close or above UB, fathomed
123    91     12         14.8643    32.5214    118.7890   % 
UB: 32.52142857142857
branching on CartesianIndex(5, 1) with a.
124    92     13         14.8643    32.5214    118.7890   % 
UB: 32.52142857142857
branching on 1 with b.
125    93     13         14.8643    32.5214    118.7890   % 
UB: 32.52142857142857
branching on 1 with b.
126    94     12         14.8643    32.5214    118.7890   % 
UB: 32.52142857142857
branching on 1 with b.
127    95     14         14.8643    32.5214    118.7890   % 
UB: 32.52142857142857
branching on CartesianIndex(6, 1) with a.
128    96     14         14.8643    32.5214    118.7890   % 
UB: 32.52142857142857
branching on 2 with b.
129    97     13         14.8643    32.5214    118.7890   % 
UB: 32.52142857142857
branching on CartesianIndex(3, 3) with a.
130    98     14         14.8643    32.5214    118.7890   % 
UB: 32.52142857142857
branching on CartesianIndex(4, 3) with a.
131    99     14         14.8643    32.5214    118.7890   % 
LB close or above UB, fathomed
132    98     13         14.8643    32.5214    118.7890   % 
UB: 32.52142857142857
branching on 2 with b.
133    99     17         14.8643    32.5214    118.7890   % 
UB: 32.52142857142857
branching on CartesianIndex(6, 2) with a.
134    100    18         14.8643    32.5214    118.7890   % 
UB: 32.52142857142857
branching on CartesianIndex(1, 3) with a.
135    101    18         14.8643    32.5214    118.7890   % 
UB: 32.52142857142857
branching on CartesianIndex(1, 3) with a.
136    102    17         14.8643    32.5214    118.7890   % 
UB: 32.52142857142857
branching on CartesianIndex(1, 3) with a.
137    103    19         14.8643    32.5214    118.7890   % 
UB: 32.52142857142857
branching on CartesianIndex(2, 3) with a.
138    104    19         14.8643    32.5214    118.7890   % 
LB close or above UB, fathomed
139    103    13         14.8643    32.5214    118.7890   % 
UB: 32.52142857142857
branching on CartesianIndex(2, 2) with a.
140    104    13         14.8643    32.5214    118.7890   % 
UB: 32.52142857142857
branching on CartesianIndex(1, 3) with a.
141    105    16         14.8643    32.5214    118.7890   % 
UB: 32.52142857142857
branching on CartesianIndex(1, 3) with a.
142    106    17         14.8643    32.5214    118.7890   % 
UB: 32.52142857142857
branching on CartesianIndex(2, 3) with a.
143    107    18         14.8643    32.5214    118.7890   % 
UB: 32.52142857142857
branching on CartesianIndex(3, 3) with a.
144    108    19         14.8643    32.5214    118.7890   % 
UB: 32.52142857142857
branching on CartesianIndex(4, 3) with a.
145    109    20         14.8643    32.5214    118.7890   % 
UB: 32.52142857142857
branching on CartesianIndex(5, 3) with a.
146    110    21         14.8643    32.5214    118.7890   % 
UB: 32.52142857142857
branching on CartesianIndex(6, 3) with a.
147    111    21         14.8643    32.5214    118.7890   % 
LB close or above UB, fathomed
148    110    20         14.8643    32.5214    118.7890   % 
UB: 32.52142857142857
branching on 2 with b.
149    111    19         14.8643    32.5214    118.7890   % 
LB close or above UB, fathomed
150    110    18         14.8643    32.5214    118.7890   % 
UB: 32.52142857142857
branching on CartesianIndex(1, 4) with c.
151    111    17         14.8643    32.5214    118.7890   % 
UB: 32.52142857142857
branching on CartesianIndex(1, 4) with c.
152    112    16         14.8643    32.5214    118.7890   % 
LB close or above UB, fathomed
153    111    15         14.8643    32.5214    118.7890   % 
UB: 32.52142857142857
branching on 2 with b.
154    112    16         14.8643    32.5214    118.7890   % 
UB: 32.52142857142857
branching on 3 with b.
155    113    16         14.8643    32.5214    118.7890   % 
UB: 32.52142857142857
branching on CartesianIndex(6, 2) with a.
156    114    15         14.8643    32.5214    118.7890   % 
UB: 32.52142857142857
branching on 2 with b.
157    115    10         14.8643    32.5214    118.7890   % 
UB: 32.52142857142857
branching on CartesianIndex(1, 3) with a.
158    116    10         14.8643    32.5214    118.7890   % 
UB: 32.52142857142857
branching on 2 with b.
159    117    20         14.8643    32.5214    118.7890   % 
UB: 32.52142857142857
branching on 3 with b.
160    118    21         14.8643    32.5214    118.7890   % 
LB close or above UB, fathomed
161    117    21         14.8643    32.5214    118.7890   % 
UB: 32.52142857142857
branching on CartesianIndex(3, 3) with a.
162    118    22         14.8643    32.5214    118.7890   % 
UB: 32.52142857142857
branching on CartesianIndex(4, 3) with a.
163    119    23         14.8643    32.5214    118.7890   % 
UB: 32.52142857142857
branching on CartesianIndex(5, 3) with a.
164    120    24         14.8643    32.5214    118.7890   % 
UB: 32.52142857142857
branching on CartesianIndex(6, 3) with a.
165    121    25         14.8643    32.5214    118.7890   % 
UB: 32.52142857142857
branching on CartesianIndex(1, 4) with c.
166    122    26         14.8643    32.5214    118.7890   % 
LB close or above UB, fathomed
167    121    26         14.8643    32.5214    118.7890   % 
UB: 32.52142857142857
branching on CartesianIndex(1, 5) with c.
168    122    27         14.8643    32.5214    118.7890   % 
UB: 32.52142857142857
branching on CartesianIndex(2, 5) with c.
169    123    28         14.8643    32.5214    118.7890   % 
UB: 32.52142857142857
branching on CartesianIndex(1, 6) with c.
170    124    29         14.8643    32.5214    118.7890   % 
LB close or above UB, fathomed
171    123    29         14.8643    32.5214    118.7890   % 
UB: 32.52142857142857
branching on CartesianIndex(1, 7) with c.
172    124    30         14.8643    32.5214    118.7890   % 
UB: 32.52142857142857
branching on CartesianIndex(2, 7) with c.
173    125    31         14.8643    32.5214    118.7890   % 
LB close or above UB, fathomed
174    124    31         14.8643    32.5214    118.7890   % 
UB: 32.52142857142857
branching on 1 with b.
175    125    32         14.8643    32.5214    118.7890   % 
UB: 32.52142857142857
branching on 2 with b.
176    126    32         14.8643    32.5214    118.7890   % 
UB: 32.52142857142857
branching on 2 with b.
177    127    30         14.8643    32.5214    118.7890   % 
LB close or above UB, fathomed
178    126    28         14.8643    32.5214    118.7890   % 
LB close or above UB, fathomed
179    125    27         14.8643    32.5214    118.7890   % 
LB close or above UB, fathomed
180    124    25         14.8643    32.5214    118.7890   % 
LB close or above UB, fathomed
181    123    24         14.8643    32.5214    118.7890   % 
LB close or above UB, fathomed
182    122    23         14.8643    32.5214    118.7890   % 
LB close or above UB, fathomed
183    121    22         14.8643    32.5214    118.7890   % 
LB close or above UB, fathomed
184    120    20         14.8643    32.5214    118.7890   % 
LB close or above UB, fathomed
185    119    21         14.8643    32.5214    118.7890   % 
UB: 32.52142857142857
branching on 1 with b.
186    120    22         14.8643    32.5214    118.7890   % 
UB: 32.52142857142857
branching on 2 with b.
187    121    23         14.8643    32.5214    118.7890   % 
UB: 32.52142857142857
branching on CartesianIndex(1, 4) with c.
188    122    23         14.8643    32.5214    118.7890   % 
UB: 32.52142857142857
branching on CartesianIndex(1, 4) with c.
189    123    22         14.8643    32.5214    118.7890   % 
LB close or above UB, fathomed
190    122    21         14.8643    32.5214    118.7890   % 
LB close or above UB, fathomed
191    121    23         14.8643    32.5214    118.7890   % 
UB: 32.52142857142857
branching on CartesianIndex(1, 4) with c.
192    122    24         14.8643    32.5214    118.7890   % 
LB close or above UB, fathomed
193    121    24         14.8643    32.5214    118.7890   % 
UB: 32.52142857142857
branching on CartesianIndex(1, 5) with c.
194    122    25         14.8643    32.5214    118.7890   % 
UB: 32.52142857142857
branching on 2 with b.
195    123    26         14.8643    32.5214    118.7890   % 
UB: 32.52142857142857
branching on 3 with b.
196    124    27         14.8643    32.5214    118.7890   % 
UB: 32.52142857142857
branching on CartesianIndex(2, 5) with c.
197    125    28         14.8643    32.5214    118.7890   % 
UB: 32.52142857142857
branching on CartesianIndex(1, 6) with c.
198    126    29         14.8643    32.5214    118.7890   % 
LB close or above UB, fathomed
199    125    29         14.8643    32.5214    118.7890   % 
UB: 32.52142857142857
branching on CartesianIndex(1, 7) with c.
200    126    30         14.8643    32.5214    118.7890   % 
UB: 32.52142857142857
branching on CartesianIndex(2, 7) with c.
201    127    31         14.8643    32.5214    118.7890   % 
LB close or above UB, fathomed
202    126    31         14.8643    32.5214    118.7890   % 
UB: 32.52142857142857
branching on 1 with b.
203    127    32         14.8643    32.5214    118.7890   % 
UB: 32.52142857142857
branching on 2 with b.
204    128    32         14.8643    32.5214    118.7890   % 
UB: 32.52142857142857
branching on 2 with b.
205    129    30         14.8643    32.5214    118.7890   % 
LB close or above UB, fathomed
206    128    28         14.8643    32.5214    118.7890   % 
LB close or above UB, fathomed
207    127    27         14.8643    32.5214    118.7890   % 
LB close or above UB, fathomed
208    126    26         14.8643    32.5214    118.7890   % 
LB close or above UB, fathomed
209    125    25         14.8643    32.5214    118.7890   % 
LB close or above UB, fathomed
210    124    23         14.8643    32.5214    118.7890   % 
LB close or above UB, fathomed
211    123    16         17.7950    32.5214    82.7555    % 
UB: 32.52142857142857
branching on CartesianIndex(4, 2) with a.
212    124    17         17.7950    32.5214    82.7555    % 
UB: 32.52142857142857
branching on 1 with b.
213    125    18         17.7950    32.5214    82.7555    % 
UB: 32.52142857142857
branching on CartesianIndex(5, 2) with a.
214    126    18         17.7950    32.5214    82.7555    % 
UB: 32.52142857142857
branching on CartesianIndex(5, 2) with a.
215    127    19         17.7950    32.5214    82.7555    % 
UB: 32.52142857142857
branching on 2 with b.
216    128    20         17.7950    32.5214    82.7555    % 
UB: 32.52142857142857
branching on CartesianIndex(6, 2) with a.
217    129    20         17.7950    32.5214    82.7555    % 
UB: 32.52142857142857
branching on 3 with b.
218    130    21         17.7950    32.5214    82.7555    % 
UB: 32.52142857142857
branching on CartesianIndex(6, 2) with a.
219    131    22         17.7950    32.5214    82.7555    % 
LB close or above UB, fathomed
220    130    22         17.7950    32.5214    82.7555    % 
UB: 32.52142857142857
branching on CartesianIndex(1, 3) with a.
221    131    21         17.7950    32.5214    82.7555    % 
LB close or above UB, fathomed
222    130    19         17.7950    32.5214    82.7555    % 
UB: 32.52142857142857
branching on CartesianIndex(1, 3) with a.
223    131    17         17.7950    32.5214    82.7555    % 
UB: 32.52142857142857
branching on CartesianIndex(1, 3) with a.
224    132    16         17.7950    32.5214    82.7555    % 
LB close or above UB, fathomed
225    131    23         17.7950    32.5214    82.7555    % 
UB: 32.52142857142857
branching on 1 with b.
226    132    24         17.7950    32.5214    82.7555    % 
UB: 32.52142857142857
branching on CartesianIndex(2, 3) with a.
227    133    24         17.7950    32.5214    82.7555    % 
UB: 32.52142857142857
branching on 2 with b.
228    134    23         17.7950    32.5214    82.7555    % 
LB close or above UB, fathomed
229    133    13         17.8071    32.5214    82.6314    % 
UB: 32.52142857142857
branching on CartesianIndex(1, 2) with a.
230    134    14         17.8071    32.5214    82.6314    % 
UB: 32.52142857142857
branching on 2 with b.
231    135    14         17.8071    32.5214    82.6314    % 
UB: 32.52142857142857
branching on CartesianIndex(1, 3) with a.
232    136    13         17.8071    32.5214    82.6314    % 
UB: 32.52142857142857
branching on CartesianIndex(1, 2) with a.
233    137    16         17.8071    32.5214    82.6314    % 
UB: 32.52142857142857
branching on 1 with b.
234    138    17         17.8071    32.5214    82.6314    % 
LB close or above UB, fathomed
235    137    17         17.8071    32.5214    82.6314    % 
UB: 32.52142857142857
branching on CartesianIndex(2, 3) with a.
236    138    16         17.8071    32.5214    82.6314    % 
LB close or above UB, fathomed
237    137    16         17.8071    32.5214    82.6314    % 
UB: 32.52142857142857
branching on CartesianIndex(2, 3) with a.
238    138    17         17.8071    32.5214    82.6314    % 
UB: 32.52142857142857
branching on 1 with b.
239    139    18         17.8071    32.5214    82.6314    % 
LB close or above UB, fathomed
240    138    18         17.8071    32.5214    82.6314    % 
UB: 32.52142857142857
branching on 2 with b.
241    139    19         17.8071    32.5214    82.6314    % 
UB: 32.52142857142857
branching on CartesianIndex(3, 3) with a.
242    140    19         17.8071    32.5214    82.6314    % 
LB close or above UB, fathomed
243    139    17         17.8071    32.5214    82.6314    % 
UB: 32.52142857142857
branching on CartesianIndex(1, 4) with c.
244    140    16         17.8071    32.5214    82.6314    % 
LB close or above UB, fathomed
245    139    15         17.8071    32.5214    82.6314    % 
UB: 32.52142857142857
branching on 1 with b.
246    140    15         17.8071    32.5214    82.6314    % 
UB: 32.52142857142857
branching on 1 with b.
247    141    20         17.8071    32.5214    82.6314    % 
UB: 32.52142857142857
branching on 3 with b.
248    142    21         17.8071    32.5214    82.6314    % 
UB: 32.52142857142857
branching on CartesianIndex(4, 3) with a.
249    143    22         17.8071    32.5214    82.6314    % 
UB: 32.52142857142857
branching on CartesianIndex(5, 3) with a.
250    144    22         17.8071    32.5214    82.6314    % 
LB close or above UB, fathomed
251    143    21         17.8071    32.5214    82.6314    % 
LB close or above UB, fathomed
252    142    20         17.8071    32.5214    82.6314    % 
LB close or above UB, fathomed
253    141    18         17.8071    32.5214    82.6314    % 
UB: 32.52142857142857
branching on CartesianIndex(3, 3) with a.
254    142    19         17.8071    32.5214    82.6314    % 
UB: 32.52142857142857
branching on 2 with b.
255    143    19         17.8071    32.5214    82.6314    % 
LB close or above UB, fathomed
256    142    18         17.8071    32.5214    82.6314    % 
UB: 32.52142857142857
branching on 2 with b.
257    143    33         17.8071    32.5214    82.6314    % 
UB: 32.52142857142857
branching on 3 with b.
258    144    33         17.8071    32.5214    82.6314    % 
UB: 32.521428571428565
branching on 3 with b.
259    145    34         17.8071    32.5214    82.6314    % 
UB: 32.521428571428565
branching on 1 with b.
260    146    35         17.8071    32.5214    82.6314    % 
UB: 32.521428571428565
branching on 2 with b.
261    147    35         17.8071    32.5214    82.6314    % 
UB: 32.521428571428565
branching on 2 with b.
262    148    36         17.8071    32.5214    82.6314    % 
UB: 32.521428571428565
branching on 3 with b.
263    148    36         17.8071    32.5214    82.6314    % 
UB: 32.521428571428565
branching on 3 with b.
264    148    34         17.8071    32.5214    82.6314    % 
UB: 32.521428571428565
branching on 1 with b.
265    149    33         17.8071    32.5214    82.6314    % 
UB: 29.578571428571422
branching on 3 with b.
266    150    33         17.8071    29.5786    66.1051    % 
UB: 29.578571428571422
branching on 3 with b.
267    133    34         17.8071    29.5786    66.1051    % 
LB close or above UB, fathomed
268    132    34         17.8071    29.5786    66.1051    % 
UB: 29.578571428571422
branching on 1 with b.
269    133    35         17.8071    29.5786    66.1051    % 
UB: 29.578571428571422
branching on 2 with b.
270    134    35         17.8071    29.5786    66.1051    % 
UB: 29.578571428571422
branching on 2 with b.
271    135    36         17.8071    29.5786    66.1051    % 
UB: 29.578571428571422
branching on 3 with b.
272    136    36         17.8071    29.5786    66.1051    % 
UB: 29.578571428571422
branching on 3 with b.
273    137    17         17.8071    29.5786    66.1051    % 
LB close or above UB, fathomed
274    136    17         17.8071    29.5786    66.1051    % 
UB: 29.578571428571422
branching on CartesianIndex(1, 3) with a.
275    137    18         17.8071    29.5786    66.1051    % 
UB: 29.578571428571422
branching on CartesianIndex(2, 3) with a.
276    138    18         17.8071    29.5786    66.1051    % 
LB close or above UB, fathomed
277    137    22         17.8071    29.5786    66.1051    % 
UB: 29.578571428571422
branching on 2 with b.
278    138    23         17.8071    29.5786    66.1051    % 
UB: 29.578571428571422
branching on 3 with b.
279    139    23         17.8071    29.5786    66.1051    % 
LB close or above UB, fathomed
280    138    22         17.8071    29.5786    66.1051    % 
LB close or above UB, fathomed
281    137    14         17.8071    29.5786    66.1051    % 
UB: 29.578571428571422
branching on CartesianIndex(3, 2) with a.
282    138    14         17.8071    29.5786    66.1051    % 
LB close or above UB, fathomed
283    137    15         17.8071    29.5786    66.1051    % 
UB: 29.578571428571422
branching on CartesianIndex(5, 3) with a.
284    138    16         17.8071    29.5786    66.1051    % 
UB: 29.578571428571422
branching on 2 with b.
285    139    16         17.8071    29.5786    66.1051    % 
LB close or above UB, fathomed
286    138    15         17.8071    29.5786    66.1051    % 
LB close or above UB, fathomed
287    137    15         17.8071    29.5786    66.1051    % 
UB: 29.578571428571422
branching on CartesianIndex(6, 1) with a.
288    138    15         17.8071    29.5786    66.1051    % 
UB: 29.578571428571422
branching on CartesianIndex(6, 1) with a.
289    139    16         17.8071    29.5786    66.1051    % 
UB: 29.578571428571422
branching on 3 with b.
290    140    17         17.8071    29.5786    66.1051    % 
UB: 29.578571428571422
branching on CartesianIndex(1, 2) with a.
291    141    17         17.8071    29.5786    66.1051    % 
UB: 29.578571428571422
branching on 1 with b.
292    142    16         17.8071    29.5786    66.1051    % 
LB close or above UB, fathomed
293    141    14         17.8071    29.5786    66.1051    % 
UB: 29.578571428571422
branching on CartesianIndex(1, 2) with a.
294    142    15         17.8071    29.5786    66.1051    % 
UB: 29.578571428571422
branching on CartesianIndex(2, 2) with a.
295    143    16         17.8071    29.5786    66.1051    % 
UB: 29.578571428571422
branching on CartesianIndex(3, 2) with a.
296    144    16         17.8071    29.5786    66.1051    % 
LB close or above UB, fathomed
297    143    15         17.8071    29.5786    66.1051    % 
LB close or above UB, fathomed
298    142    14         17.8071    29.5786    66.1051    % 
UB: 29.578571428571422
branching on CartesianIndex(1, 2) with a.
299    143    15         17.8071    29.5786    66.1051    % 
UB: 29.578571428571422
branching on 2 with b.
300    144    16         17.8071    29.5786    66.1051    % 
UB: 29.578571428571422
branching on 3 with b.
301    145    16         17.8071    29.5786    66.1051    % 
UB: 29.578571428571422
branching on CartesianIndex(2, 2) with a.
302    146    17         17.8071    29.5786    66.1051    % 
UB: 29.578571428571422
branching on CartesianIndex(3, 2) with a.
303    147    18         17.8071    29.5786    66.1051    % 
UB: 29.578571428571422
branching on CartesianIndex(4, 2) with a.
304    148    18         17.8071    29.5786    66.1051    % 
LB close or above UB, fathomed
305    147    17         17.8071    29.5786    66.1051    % 
UB: 29.578571428571422
branching on 3 with b.
306    148    15         17.8071    29.5786    66.1051    % 
UB: 29.578571428571422
branching on CartesianIndex(1, 3) with a.
307    149    10         17.8071    29.5786    66.1051    % 
UB: 29.578571428571422
branching on 1 with b.
308    150    11         17.8071    29.5786    66.1051    % 
UB: 29.578571428571422
branching on CartesianIndex(3, 1) with a.
309    151    12         17.8071    29.5786    66.1051    % 
UB: 29.578571428571422
branching on CartesianIndex(4, 1) with a.
310    152    13         17.8071    29.5786    66.1051    % 
UB: 29.578571428571422
branching on CartesianIndex(5, 1) with a.
311    153    13         17.8071    29.5786    66.1051    % 
LB close or above UB, fathomed
312    152    12         17.8071    29.5786    66.1051    % 
LB close or above UB, fathomed
313    151    11         17.8071    29.5786    66.1051    % 
UB: 29.578571428571422
branching on 2 with b.
314    152    10         17.8071    29.5786    66.1051    % 
UB: 29.578571428571422
branching on 1 with b.
315    153    11         17.8071    29.5786    66.1051    % 
UB: 29.578571428571422
branching on 2 with b.
316    154    12         17.8071    29.5786    66.1051    % 
UB: 29.578571428571422
branching on CartesianIndex(3, 1) with a.
317    155    13         17.8071    29.5786    66.1051    % 
UB: 29.578571428571422
branching on CartesianIndex(4, 1) with a.
318    156    14         17.8071    29.5786    66.1051    % 
UB: 29.578571428571422
branching on CartesianIndex(5, 1) with a.
319    157    14         17.8071    29.5786    66.1051    % 
LB close or above UB, fathomed
320    156    13         17.8071    29.5786    66.1051    % 
LB close or above UB, fathomed
321    155    12         17.8071    29.5786    66.1051    % 
UB: 29.578571428571422
branching on CartesianIndex(3, 1) with a.
322    156    11         17.8071    29.5786    66.1051    % 
UB: 29.578571428571422
branching on CartesianIndex(3, 1) with a.
323    157    14         17.8071    29.5786    66.1051    % 
UB: 29.578571428571422
branching on CartesianIndex(1, 2) with a.
324    158    15         17.8071    29.5786    66.1051    % 
UB: 29.578571428571422
branching on CartesianIndex(2, 2) with a.
325    159    16         17.8071    29.5786    66.1051    % 
UB: 29.578571428571422
branching on CartesianIndex(3, 2) with a.
326    160    16         17.8071    29.5786    66.1051    % 
UB: 29.578571428571422
branching on CartesianIndex(1, 3) with a.
327    161    15         17.8071    29.5786    66.1051    % 
UB: 29.578571428571422
branching on CartesianIndex(1, 3) with a.
328    162    14         17.8071    29.5786    66.1051    % 
LB close or above UB, fathomed
329    161    17         17.8071    29.5786    66.1051    % 
LB close or above UB, fathomed
330    160    17         17.8071    29.5786    66.1051    % 
UB: 29.578571428571422
branching on CartesianIndex(5, 2) with a.
331    161    18         17.8071    29.5786    66.1051    % 
UB: 29.578571428571422
branching on 1 with b.
332    162    19         17.8071    29.5786    66.1051    % 
UB: 29.578571428571422
branching on CartesianIndex(6, 2) with a.
333    163    19         17.8071    29.5786    66.1051    % 
UB: 29.578571428571422
branching on CartesianIndex(6, 2) with a.
334    164    18         17.8071    29.5786    66.1051    % 
LB close or above UB, fathomed
335    163    24         17.8071    29.5786    66.1051    % 
UB: 29.578571428571422
branching on CartesianIndex(1, 4) with c.
336    164    25         17.8071    29.5786    66.1051    % 
LB close or above UB, fathomed
337    163    25         17.8071    29.5786    66.1051    % 
UB: 29.578571428571422
branching on CartesianIndex(1, 5) with c.
338    164    26         17.8071    29.5786    66.1051    % 
UB: 29.578571428571422
branching on CartesianIndex(2, 5) with c.
339    165    27         17.8071    29.5786    66.1051    % 
UB: 29.578571428571422
branching on CartesianIndex(1, 6) with c.
340    166    28         17.8071    29.5786    66.1051    % 
LB close or above UB, fathomed
341    165    28         17.8071    29.5786    66.1051    % 
UB: 29.578571428571422
branching on CartesianIndex(1, 7) with c.
342    166    29         17.8071    29.5786    66.1051    % 
UB: 29.578571428571422
branching on CartesianIndex(2, 7) with c.
343    167    30         17.8071    29.5786    66.1051    % 
LB close or above UB, fathomed
344    166    30         17.8071    29.5786    66.1051    % 
UB: 29.578571428571422
branching on 1 with b.
345    167    31         17.8071    29.5786    66.1051    % 
UB: 29.578571428571422
branching on 2 with b.
346    168    32         17.8071    29.5786    66.1051    % 
UB: 29.578571428571422
branching on 3 with b.
347    169    32         17.8071    29.5786    66.1051    % 
UB: 29.578571428571422
branching on 3 with b.
348    170    33         17.8071    29.5786    66.1051    % 
UB: 29.578571428571422
branching on 1 with b.
349    171    34         17.8071    29.5786    66.1051    % 
UB: 29.578571428571422
branching on 2 with b.
350    172    35         17.8071    29.5786    66.1051    % 
UB: 26.63571428571428
branching on 3 with b.
351    172    35         17.8071    26.6357    49.5788    % 
LB close or above UB, fathomed
352    120    34         17.8071    26.6357    49.5788    % 
LB close or above UB, fathomed
353    119    33         17.8071    26.6357    49.5788    % 
LB close or above UB, fathomed
354    118    31         17.8071    26.6357    49.5788    % 
LB close or above UB, fathomed
355    117    29         17.8071    26.6357    49.5788    % 
LB close or above UB, fathomed
356    116    27         17.8071    26.6357    49.5788    % 
LB close or above UB, fathomed
357    115    26         17.8071    26.6357    49.5788    % 
LB close or above UB, fathomed
358    114    24         17.8071    26.6357    49.5788    % 
LB close or above UB, fathomed
359    113    19         17.8071    26.6357    49.5788    % 
UB: 26.63571428571428
branching on CartesianIndex(3, 3) with a.
360    114    20         17.8071    26.6357    49.5788    % 
UB: 26.63571428571428
branching on CartesianIndex(4, 3) with a.
361    115    21         17.8071    26.6357    49.5788    % 
UB: 26.63571428571428
branching on CartesianIndex(5, 3) with a.
362    116    22         17.8071    26.6357    49.5788    % 
UB: 26.63571428571428
branching on CartesianIndex(6, 3) with a.
363    117    23         17.8071    26.6357    49.5788    % 
UB: 26.63571428571428
branching on 3 with b.
364    118    24         17.8071    26.6357    49.5788    % 
LB close or above UB, fathomed
365    117    24         17.8071    26.6357    49.5788    % 
UB: 26.63571428571428
branching on 1 with b.
366    118    25         17.8071    26.6357    49.5788    % 
UB: 26.63571428571428
branching on 2 with b.
367    119    25         17.8071    26.6357    49.5788    % 
UB: 26.63571428571428
branching on CartesianIndex(1, 4) with c.
368    120    23         17.8071    26.6357    49.5788    % 
LB close or above UB, fathomed
369    119    22         17.8071    26.6357    49.5788    % 
LB close or above UB, fathomed
370    118    21         17.8071    26.6357    49.5788    % 
LB close or above UB, fathomed
371    117    20         17.8071    26.6357    49.5788    % 
LB close or above UB, fathomed
372    116    19         17.8071    26.6357    49.5788    % 
LB close or above UB, fathomed
373    115    20         17.8071    26.6357    49.5788    % 
UB: 26.63571428571428
branching on CartesianIndex(4, 3) with a.
374    116    20         17.8071    26.6357    49.5788    % 
UB: 26.63571428571428
branching on CartesianIndex(4, 3) with a.
375    117    23         17.8071    26.6357    49.5788    % 
UB: 26.63571428571428
branching on CartesianIndex(6, 3) with a.
376    118    23         17.8071    26.6357    49.5788    % 
LB close or above UB, fathomed
377    117    24         17.8071    26.6357    49.5788    % 
LB close or above UB, fathomed
378    116    24         17.8071    26.6357    49.5788    % 
UB: 26.63571428571428
branching on CartesianIndex(1, 5) with c.
379    117    17         17.8071    26.6357    49.5788    % 
LB close or above UB, fathomed
380    116    17         17.8071    26.6357    49.5788    % 
UB: 26.63571428571428
branching on CartesianIndex(6, 2) with a.
381    117    18         17.8071    26.6357    49.5788    % 
UB: 26.63571428571428
branching on 1 with b.
382    118    19         17.8071    26.6357    49.5788    % 
UB: 26.63571428571428
branching on CartesianIndex(1, 3) with a.
383    119    20         17.8071    26.6357    49.5788    % 
UB: 26.63571428571428
branching on CartesianIndex(2, 3) with a.
384    120    21         17.8071    26.6357    49.5788    % 
UB: 26.63571428571428
branching on CartesianIndex(3, 3) with a.
385    121    22         17.8071    26.6357    49.5788    % 
UB: 26.63571428571428
branching on CartesianIndex(4, 3) with a.
386    122    23         17.8071    26.6357    49.5788    % 
UB: 26.63571428571428
branching on 2 with b.
387    123    24         17.8071    26.6357    49.5788    % 
LB close or above UB, fathomed
388    122    24         17.8071    26.6357    49.5788    % 
UB: 26.63571428571428
branching on 3 with b.
389    123    25         17.8071    26.6357    49.5788    % 
LB close or above UB, fathomed
390    122    25         17.8071    26.6357    49.5788    % 
UB: 26.63571428571428
branching on 1 with b.
391    123    26         17.8071    26.6357    49.5788    % 
UB: 26.63571428571428
branching on CartesianIndex(5, 3) with a.
392    124    26         17.8071    26.6357    49.5788    % 
LB close or above UB, fathomed
393    123    23         17.8071    26.6357    49.5788    % 
LB close or above UB, fathomed
394    122    22         17.8071    26.6357    49.5788    % 
LB close or above UB, fathomed
395    121    21         17.8071    26.6357    49.5788    % 
LB close or above UB, fathomed
396    120    20         17.8071    26.6357    49.5788    % 
LB close or above UB, fathomed
397    119    19         17.8071    26.6357    49.5788    % 
LB close or above UB, fathomed
398    118    18         17.8071    26.6357    49.5788    % 
LB close or above UB, fathomed
399    117    25         17.8071    26.6357    49.5788    % 
UB: 26.63571428571428
branching on CartesianIndex(1, 4) with c.
400    118    25         17.8071    26.6357    49.5788    % 
LB close or above UB, fathomed
401    117    26         17.8071    26.6357    49.5788    % 
LB close or above UB, fathomed
402    116    26         17.8071    26.6357    49.5788    % 
UB: 26.63571428571428
branching on CartesianIndex(1, 5) with c.
403    117    27         17.8071    26.6357    49.5788    % 
UB: 26.63571428571428
branching on CartesianIndex(6, 3) with a.
404    118    27         17.8071    26.6357    49.5788    % 
LB close or above UB, fathomed
405    117    28         17.8071    26.6357    49.5788    % 
UB: 26.63571428571428
branching on CartesianIndex(1, 4) with c.
406    118    29         17.8071    26.6357    49.5788    % 
LB close or above UB, fathomed
407    117    29         17.8071    26.6357    49.5788    % 
UB: 26.63571428571428
branching on CartesianIndex(1, 5) with c.
408    118    30         17.8071    26.6357    49.5788    % 
UB: 26.63571428571428
branching on CartesianIndex(2, 5) with c.
409    119    31         17.8071    26.6357    49.5788    % 
UB: 26.63571428571428
branching on CartesianIndex(1, 6) with c.
410    120    32         17.8071    26.6357    49.5788    % 
LB close or above UB, fathomed
411    119    32         17.8071    26.6357    49.5788    % 
UB: 26.63571428571428
branching on CartesianIndex(1, 7) with c.
412    120    33         17.8071    26.6357    49.5788    % 
UB: 26.63571428571428
branching on CartesianIndex(2, 7) with c.
413    121    34         17.8071    26.6357    49.5788    % 
LB close or above UB, fathomed
414    120    34         17.8071    26.6357    49.5788    % 
UB: 26.63571428571428
branching on 2 with b.
415    121    35         17.8071    26.6357    49.5788    % 
UB: 26.63571428571428
branching on 3 with b.
416    122    35         17.8071    26.6357    49.5788    % 
LB close or above UB, fathomed
417    121    33         17.8071    26.6357    49.5788    % 
LB close or above UB, fathomed
418    120    31         17.8071    26.6357    49.5788    % 
LB close or above UB, fathomed
419    119    30         17.8071    26.6357    49.5788    % 
LB close or above UB, fathomed
420    118    28         17.8071    26.6357    49.5788    % 
LB close or above UB, fathomed
421    117    26         17.8071    26.6357    49.5788    % 
UB: 26.63571428571428
branching on 3 with b.
422    118    26         17.8071    26.6357    49.5788    % 
LB close or above UB, fathomed
423    117    18         18.8188    26.6357    41.5375    % 
UB: 26.63571428571428
branching on CartesianIndex(2, 2) with a.
424    118    18         18.8188    26.6357    41.5375    % 
LB close or above UB, fathomed
425    117    9          18.9107    26.6357    40.8499    % 
LB close or above UB, fathomed
426    116    9          18.9107    26.6357    40.8499    % 
LB close or above UB, fathomed
427    115    36         20.7500    26.6357    28.3649    % 
UB: 26.63571428571428
branching on 1 with b.
428    116    37         20.7500    26.6357    28.3649    % 
UB: 26.63571428571428
branching on 2 with b.
429    117    38         20.7500    26.6357    28.3649    % 
UB: 26.63571428571428
branching on 3 with b.
430    118    39         20.7500    26.6357    28.3649    % 
UB: 26.63571428571428
branching on 1 with b.
431    119    40         20.7500    26.6357    28.3649    % 
LB close or above UB, fathomed
432    118    40         20.7500    26.6357    28.3649    % 
UB: 26.63571428571428
branching on 2 with b.
433    119    41         20.7500    26.6357    28.3649    % 
UB: 26.63571428571428
branching on 3 with b.
434    120    41         20.7500    26.6357    28.3649    % 
UB: 26.63571428571428
branching on 3 with b.
435    121    39         20.7500    26.6357    28.3649    % 
LB close or above UB, fathomed
436    120    38         20.7500    26.6357    28.3649    % 
LB close or above UB, fathomed
437    119    37         20.7500    26.6357    28.3649    % 
LB close or above UB, fathomed
438    118    20         20.7500    26.6357    28.3649    % 
LB close or above UB, fathomed
439    117    20         20.7500    26.6357    28.3649    % 
UB: 26.63571428571428
branching on CartesianIndex(1, 3) with a.
440    118    17         20.7500    26.6357    28.3649    % 
UB: 26.63571428571428
branching on CartesianIndex(4, 2) with a.
441    119    18         20.7500    26.6357    28.3649    % 
UB: 26.63571428571428
branching on CartesianIndex(5, 2) with a.
442    120    19         20.7500    26.6357    28.3649    % 
LB close or above UB, fathomed
443    119    19         20.7500    26.6357    28.3649    % 
LB close or above UB, fathomed
444    118    18         20.7500    26.6357    28.3649    % 
LB close or above UB, fathomed
445    117    17         20.7500    26.6357    28.3649    % 
LB close or above UB, fathomed
446    116    14         20.7500    26.6357    28.3649    % 
LB close or above UB, fathomed
447    115    14         20.7500    26.6357    28.3649    % 
LB close or above UB, fathomed
448    114    19         20.7500    26.6357    28.3649    % 
UB: 26.63571428571428
branching on 3 with b.
449    115    20         20.7500    26.6357    28.3649    % 
LB close or above UB, fathomed
450    114    20         20.7500    26.6357    28.3649    % 
UB: 26.63571428571428
branching on CartesianIndex(5, 2) with a.
451    115    21         20.7500    26.6357    28.3649    % 
UB: 26.63571428571428
branching on CartesianIndex(6, 2) with a.
452    116    21         20.7500    26.6357    28.3649    % 
LB close or above UB, fathomed
453    115    19         20.7500    26.6357    28.3649    % 
LB close or above UB, fathomed
454    114    17         20.7500    26.6357    28.3649    % 
UB: 26.63571428571428
branching on CartesianIndex(4, 2) with a.
455    115    18         20.7500    26.6357    28.3649    % 
UB: 26.63571428571428
branching on CartesianIndex(5, 2) with a.
456    116    19         20.7500    26.6357    28.3649    % 
UB: 26.63571428571428
branching on CartesianIndex(6, 2) with a.
457    117    19         20.7500    26.6357    28.3649    % 
LB close or above UB, fathomed
458    116    18         20.7500    26.6357    28.3649    % 
LB close or above UB, fathomed
459    115    17         20.7500    26.6357    28.3649    % 
LB close or above UB, fathomed
460    114    18         20.7500    26.6357    28.3649    % 
UB: 26.63571428571428
branching on CartesianIndex(1, 2) with a.
461    115    19         20.7500    26.6357    28.3649    % 
UB: 26.63571428571428
branching on CartesianIndex(2, 2) with a.
462    116    20         20.7500    26.6357    28.3649    % 
UB: 26.63571428571428
branching on CartesianIndex(3, 2) with a.
463    117    20         20.7500    26.6357    28.3649    % 
LB close or above UB, fathomed
464    116    19         20.7500    26.6357    28.3649    % 
LB close or above UB, fathomed
465    115    18         20.7500    26.6357    28.3649    % 
UB: 26.63571428571428
branching on CartesianIndex(1, 2) with a.
466    116    17         20.7500    26.6357    28.3649    % 
LB close or above UB, fathomed
467    115    17         20.7500    26.6357    28.3649    % 
UB: 26.63571428571428
branching on 3 with b.
468    116    37         20.7500    26.6357    28.3649    % 
LB close or above UB, fathomed
469    115    37         20.7500    26.6357    28.3649    % 
UB: 26.63571428571428
branching on 1 with b.
470    116    38         20.7500    26.6357    28.3649    % 
UB: 26.63571428571428
branching on 2 with b.
471    117    38         20.7500    26.6357    28.3649    % 
LB close or above UB, fathomed
472    116    37         20.7500    26.6357    28.3649    % 
UB: 26.63571428571428
branching on 1 with b.
473    117    38         20.7500    26.6357    28.3649    % 
UB: 26.63571428571428
branching on 2 with b.
474    118    38         20.7500    26.6357    28.3649    % 
LB close or above UB, fathomed
475    117    16         20.7500    26.6357    28.3649    % 
LB close or above UB, fathomed
476    116    16         20.7500    26.6357    28.3649    % 
UB: 26.63571428571428
branching on 2 with b.
477    117    16         20.7500    26.6357    28.3649    % 
LB close or above UB, fathomed
478    116    16         20.7500    26.6357    28.3649    % 
UB: 26.63571428571428
branching on 2 with b.
479    117    17         20.7500    26.6357    28.3649    % 
UB: 26.63571428571428
branching on CartesianIndex(1, 3) with a.
480    118    17         20.7500    26.6357    28.3649    % 
LB close or above UB, fathomed
481    117    14         20.7500    26.6357    28.3649    % 
UB: 26.63571428571428
branching on CartesianIndex(2, 2) with a.
482    118    14         20.7500    26.6357    28.3649    % 
LB close or above UB, fathomed
483    117    15         20.7500    26.6357    28.3649    % 
UB: 26.63571428571428
branching on CartesianIndex(2, 2) with a.
484    118    15         20.7500    26.6357    28.3649    % 
UB: 26.63571428571428
branching on CartesianIndex(2, 2) with a.
485    119    16         20.7500    26.6357    28.3649    % 
UB: 26.63571428571428
branching on 3 with b.
486    120    17         20.7500    26.6357    28.3649    % 
LB close or above UB, fathomed
487    119    17         20.7500    26.6357    28.3649    % 
UB: 26.63571428571428
branching on CartesianIndex(3, 2) with a.
488    120    16         20.7500    26.6357    28.3649    % 
LB close or above UB, fathomed
489    119    19         20.7500    26.6357    28.3649    % 
UB: 26.63571428571428
branching on 2 with b.
490    120    20         20.7500    26.6357    28.3649    % 
UB: 26.63571428571428
branching on 3 with b.
491    121    20         20.7500    26.6357    28.3649    % 
UB: 26.63571428571428
branching on 3 with b.
492    122    19         20.7500    26.6357    28.3649    % 
LB close or above UB, fathomed
493    121    11         20.7500    26.6357    28.3649    % 
LB close or above UB, fathomed
494    120    11         20.7500    26.6357    28.3649    % 
UB: 26.63571428571428
branching on 3 with b.
495    121    15         20.7500    26.6357    28.3649    % 
UB: 26.63571428571428
branching on CartesianIndex(1, 2) with a.
496    122    15         20.7500    26.6357    28.3649    % 
LB close or above UB, fathomed
497    121    15         20.7500    26.6357    28.3649    % 
UB: 26.63571428571428
branching on CartesianIndex(6, 2) with a.
498    122    15         20.7500    26.6357    28.3649    % 
LB close or above UB, fathomed
499    121    18         20.7500    26.6357    28.3649    % 
UB: 26.63571428571428
branching on CartesianIndex(2, 3) with a.
500    122    18         20.7500    26.6357    28.3649    % 
LB close or above UB, fathomed
501    121    17         20.7500    26.6357    28.3649    % 
LB close or above UB, fathomed
502    120    17         20.7500    26.6357    28.3649    % 
UB: 26.63571428571428
branching on CartesianIndex(1, 3) with a.
503    121    22         20.7500    26.6357    28.3649    % 
LB close or above UB, fathomed
504    120    22         20.7500    26.6357    28.3649    % 
UB: 26.63571428571428
branching on CartesianIndex(1, 3) with a.
505    121    23         20.7500    26.6357    28.3649    % 
UB: 26.63571428571428
branching on CartesianIndex(2, 3) with a.
506    122    23         20.7500    26.6357    28.3649    % 
LB close or above UB, fathomed
507    121    21         20.7500    26.6357    28.3649    % 
UB: 26.63571428571428
branching on CartesianIndex(2, 3) with a.
508    122    22         20.7500    26.6357    28.3649    % 
UB: 26.63571428571428
branching on CartesianIndex(3, 3) with a.
509    123    23         20.7500    26.6357    28.3649    % 
UB: 26.63571428571428
branching on CartesianIndex(4, 3) with a.
510    124    24         20.7500    26.6357    28.3649    % 
UB: 26.63571428571428
branching on CartesianIndex(5, 3) with a.
511    125    25         20.7500    26.6357    28.3649    % 
UB: 26.63571428571428
branching on 2 with b.
512    126    26         20.7500    26.6357    28.3649    % 
UB: 26.63571428571428
branching on CartesianIndex(6, 3) with a.
513    127    26         20.7500    26.6357    28.3649    % 
LB close or above UB, fathomed
514    126    25         20.7500    26.6357    28.3649    % 
LB close or above UB, fathomed
515    125    24         20.7500    26.6357    28.3649    % 
LB close or above UB, fathomed
516    124    23         20.7500    26.6357    28.3649    % 
LB close or above UB, fathomed
517    123    22         20.7500    26.6357    28.3649    % 
LB close or above UB, fathomed
518    122    21         20.7500    26.6357    28.3649    % 
LB close or above UB, fathomed
519    121    21         20.7500    26.6357    28.3649    % 
UB: 26.63571428571428
branching on CartesianIndex(5, 3) with a.
520    122    22         20.7500    26.6357    28.3649    % 
UB: 26.63571428571428
branching on CartesianIndex(6, 3) with a.
521    123    22         20.7500    26.6357    28.3649    % 
LB close or above UB, fathomed
522    122    21         20.7500    26.6357    28.3649    % 
LB close or above UB, fathomed
523    121    20         20.7500    26.6357    28.3649    % 
LB close or above UB, fathomed
524    120    20         20.7500    26.6357    28.3649    % 
UB: 26.63571428571428
branching on 2 with b.
525    121    13         20.7500    26.6357    28.3649    % 
UB: 26.63571428571428
branching on CartesianIndex(4, 1) with a.
526    122    14         20.7500    26.6357    28.3649    % 
UB: 26.63571428571428
branching on CartesianIndex(5, 1) with a.
527    123    14         20.7500    26.6357    28.3649    % 
LB close or above UB, fathomed
528    122    13         20.7500    26.6357    28.3649    % 
LB close or above UB, fathomed
529    121    15         20.7500    26.6357    28.3649    % 
LB close or above UB, fathomed
530    120    15         20.7500    26.6357    28.3649    % 
UB: 26.63571428571428
branching on CartesianIndex(1, 2) with a.
531    121    15         20.7500    26.6357    28.3649    % 
UB: 26.63571428571428
branching on CartesianIndex(4, 2) with a.
532    122    16         20.7500    26.6357    28.3649    % 
UB: 26.63571428571428
branching on CartesianIndex(5, 2) with a.
533    123    17         20.7500    26.6357    28.3649    % 
UB: 26.63571428571428
branching on 1 with b.
534    124    18         20.7500    26.6357    28.3649    % 
UB: 26.63571428571428
branching on CartesianIndex(6, 2) with a.
535    125    19         20.7500    26.6357    28.3649    % 
LB close or above UB, fathomed
536    124    19         20.7500    26.6357    28.3649    % 
UB: 26.63571428571428
branching on CartesianIndex(1, 3) with a.
537    125    18         20.7500    26.6357    28.3649    % 
LB close or above UB, fathomed
538    124    17         20.7500    26.6357    28.3649    % 
LB close or above UB, fathomed
539    123    16         20.7500    26.6357    28.3649    % 
LB close or above UB, fathomed
540    122    15         20.7500    26.6357    28.3649    % 
LB close or above UB, fathomed
541    121    11         20.7500    26.6357    28.3649    % 
UB: 26.63571428571428
branching on 2 with b.
542    122    11         20.7500    26.6357    28.3649    % 
LB close or above UB, fathomed
543    121    16         20.7500    26.6357    28.3649    % 
UB: 26.63571428571428
branching on CartesianIndex(6, 2) with a.
544    122    16         20.7500    26.6357    28.3649    % 
LB close or above UB, fathomed
545    121    20         20.7500    26.6357    28.3649    % 
LB close or above UB, fathomed
546    120    20         20.7500    26.6357    28.3649    % 
UB: 26.63571428571428
branching on CartesianIndex(1, 5) with c.
547    121    21         20.7500    26.6357    28.3649    % 
UB: 26.63571428571428
branching on CartesianIndex(2, 5) with c.
548    122    22         20.7500    26.6357    28.3649    % 
UB: 26.63571428571428
branching on CartesianIndex(1, 6) with c.
549    123    23         20.7500    26.6357    28.3649    % 
LB close or above UB, fathomed
550    122    23         20.7500    26.6357    28.3649    % 
UB: 26.63571428571428
branching on CartesianIndex(1, 7) with c.
551    123    24         20.7500    26.6357    28.3649    % 
UB: 26.63571428571428
branching on CartesianIndex(2, 7) with c.
552    124    25         20.7500    26.6357    28.3649    % 
LB close or above UB, fathomed
553    123    25         20.7500    26.6357    28.3649    % 
UB: 26.63571428571428
branching on 2 with b.
554    124    26         20.7500    26.6357    28.3649    % 
UB: 26.63571428571428
branching on 3 with b.
555    125    27         20.7500    26.6357    28.3649    % 
UB: 26.63571428571428
branching on 1 with b.
556    126    28         20.7500    26.6357    28.3649    % 
UB: 26.63571428571428
branching on 2 with b.
557    127    28         20.7500    26.6357    28.3649    % 
LB close or above UB, fathomed
558    126    27         20.7500    26.6357    28.3649    % 
LB close or above UB, fathomed
559    125    26         20.7500    26.6357    28.3649    % 
LB close or above UB, fathomed
560    124    24         20.7500    26.6357    28.3649    % 
LB close or above UB, fathomed
561    123    22         20.7500    26.6357    28.3649    % 
LB close or above UB, fathomed
562    122    21         20.7500    26.6357    28.3649    % 
LB close or above UB, fathomed
563    121    17         20.7500    26.6357    28.3649    % 
LB close or above UB, fathomed
564    120    17         20.7500    26.6357    28.3649    % 
LB close or above UB, fathomed
565    119    7          20.7500    26.6357    28.3649    % 
UB: 26.63571428571428
branching on CartesianIndex(2, 1) with a.
566    120    8          20.7500    26.6357    28.3649    % 
UB: 26.63571428571428
branching on CartesianIndex(3, 1) with a.
567    121    9          20.7500    26.6357    28.3649    % 
UB: 26.63571428571428
branching on 2 with b.
568    122    10         20.7500    26.6357    28.3649    % 
UB: 26.63571428571428
branching on CartesianIndex(4, 1) with a.
569    123    11         20.7500    26.6357    28.3649    % 
UB: 26.63571428571428
branching on 3 with b.
570    124    11         20.7500    26.6357    28.3649    % 
LB close or above UB, fathomed
571    123    10         20.7500    26.6357    28.3649    % 
LB close or above UB, fathomed
572    122    9          20.7500    26.6357    28.3649    % 
LB close or above UB, fathomed
573    121    8          20.7500    26.6357    28.3649    % 
LB close or above UB, fathomed
574    120    7          20.7500    26.6357    28.3649    % 
LB close or above UB, fathomed
575    119    21         20.7500    26.6357    28.3649    % 
UB: 26.63571428571428
branching on CartesianIndex(1, 3) with a.
576    120    21         20.7500    26.6357    28.3649    % 
LB close or above UB, fathomed
577    119    24         20.7500    26.6357    28.3649    % 
UB: 26.63571428571428
branching on CartesianIndex(3, 3) with a.
578    120    25         20.7500    26.6357    28.3649    % 
UB: 26.63571428571428
branching on CartesianIndex(4, 3) with a.
579    121    26         20.7500    26.6357    28.3649    % 
UB: 26.63571428571428
branching on CartesianIndex(5, 3) with a.
580    122    27         20.7500    26.6357    28.3649    % 
UB: 26.63571428571428
branching on 1 with b.
581    123    28         20.7500    26.6357    28.3649    % 
UB: 26.63571428571428
branching on 2 with b.
582    124    28         20.7500    26.6357    28.3649    % 
LB close or above UB, fathomed
583    123    27         20.7500    26.6357    28.3649    % 
LB close or above UB, fathomed
584    122    26         20.7500    26.6357    28.3649    % 
LB close or above UB, fathomed
585    121    25         20.7500    26.6357    28.3649    % 
LB close or above UB, fathomed
586    120    24         20.7500    26.6357    28.3649    % 
LB close or above UB, fathomed
587    119    19         20.7500    26.6357    28.3649    % 
UB: 26.63571428571428
branching on 3 with b.
588    120    20         20.7500    26.6357    28.3649    % 
LB close or above UB, fathomed
589    119    20         20.7500    26.6357    28.3649    % 
UB: 26.63571428571428
branching on CartesianIndex(3, 3) with a.
590    120    21         20.7500    26.6357    28.3649    % 
UB: 26.63571428571428
branching on CartesianIndex(4, 3) with a.
591    121    22         20.7500    26.6357    28.3649    % 
UB: 26.63571428571428
branching on CartesianIndex(5, 3) with a.
592    122    23         20.7500    26.6357    28.3649    % 
UB: 26.63571428571428
branching on CartesianIndex(6, 3) with a.
593    123    24         20.7500    26.6357    28.3649    % 
UB: 26.63571428571428
branching on CartesianIndex(1, 4) with c.
594    124    24         20.7500    26.6357    28.3649    % 
LB close or above UB, fathomed
595    123    23         20.7500    26.6357    28.3649    % 
LB close or above UB, fathomed
596    122    22         20.7500    26.6357    28.3649    % 
LB close or above UB, fathomed
597    121    21         20.7500    26.6357    28.3649    % 
LB close or above UB, fathomed
598    120    19         20.7500    26.6357    28.3649    % 
LB close or above UB, fathomed
599    119    18         20.7500    26.6357    28.3649    % 
UB: 26.63571428571428
branching on 1 with b.
600    120    18         20.7500    26.6357    28.3649    % 
UB: 26.63571428571428
branching on 1 with b.
601    121    36         20.7500    26.6357    28.3649    % 
LB close or above UB, fathomed
602    120    36         20.7500    26.6357    28.3649    % 
UB: 26.63571428571428
branching on 1 with b.
603    121    37         20.7500    26.6357    28.3649    % 
UB: 26.63571428571428
branching on 2 with b.
604    122    38         20.7500    26.6357    28.3649    % 
UB: 26.63571428571428
branching on 3 with b.
605    123    39         20.7500    26.6357    28.3649    % 
LB close or above UB, fathomed
606    122    39         20.7500    26.6357    28.3649    % 
UB: 26.63571428571428
branching on 1 with b.
607    123    40         20.7500    26.6357    28.3649    % 
LB close or above UB, fathomed
608    122    40         20.7500    26.6357    28.3649    % 
UB: 26.63571428571428
branching on 2 with b.
609    123    41         20.7500    26.6357    28.3649    % 
UB: 26.63571428571428
branching on 3 with b.
610    124    41         20.7500    26.6357    28.3649    % 
UB: 26.63571428571428
branching on 3 with b.
611    125    38         20.7500    26.6357    28.3649    % 
LB close or above UB, fathomed
612    124    37         20.7500    26.6357    28.3649    % 
LB close or above UB, fathomed
613    123    25         20.7500    26.6357    28.3649    % 
UB: 26.63571428571428
branching on CartesianIndex(3, 3) with a.
614    124    26         20.7500    26.6357    28.3649    % 
UB: 26.63571428571428
branching on CartesianIndex(4, 3) with a.
615    125    27         20.7500    26.6357    28.3649    % 
UB: 26.63571428571428
branching on CartesianIndex(5, 3) with a.
616    126    28         20.7500    26.6357    28.3649    % 
UB: 26.63571428571428
branching on CartesianIndex(6, 3) with a.
617    127    28         20.7500    26.6357    28.3649    % 
LB close or above UB, fathomed
618    126    27         20.7500    26.6357    28.3649    % 
LB close or above UB, fathomed
619    125    26         20.7500    26.6357    28.3649    % 
LB close or above UB, fathomed
620    124    25         20.7500    26.6357    28.3649    % 
LB close or above UB, fathomed
621    123    18         20.7500    26.6357    28.3649    % 
LB close or above UB, fathomed
622    122    18         20.7500    26.6357    28.3649    % 
UB: 26.63571428571428
branching on CartesianIndex(1, 5) with c.
623    123    19         20.7500    26.6357    28.3649    % 
UB: 26.63571428571428
branching on CartesianIndex(2, 5) with c.
624    124    20         20.7500    26.6357    28.3649    % 
UB: 26.63571428571428
branching on 1 with b.
625    125    21         20.7500    26.6357    28.3649    % 
UB: 26.63571428571428
branching on CartesianIndex(1, 6) with c.
626    126    22         20.7500    26.6357    28.3649    % 
LB close or above UB, fathomed
627    125    22         20.7500    26.6357    28.3649    % 
UB: 26.63571428571428
branching on CartesianIndex(1, 7) with c.
628    126    23         20.7500    26.6357    28.3649    % 
UB: 26.63571428571428
branching on CartesianIndex(2, 7) with c.
629    127    24         20.7500    26.6357    28.3649    % 
LB close or above UB, fathomed
630    126    24         20.7500    26.6357    28.3649    % 
UB: 26.63571428571428
branching on 2 with b.
631    127    25         20.7500    26.6357    28.3649    % 
LB close or above UB, fathomed
632    126    25         20.7500    26.6357    28.3649    % 
LB close or above UB, fathomed
633    125    23         20.7500    26.6357    28.3649    % 
LB close or above UB, fathomed
634    124    21         20.7500    26.6357    28.3649    % 
LB close or above UB, fathomed
635    123    20         20.7500    26.6357    28.3649    % 
LB close or above UB, fathomed
636    122    19         20.7500    26.6357    28.3649    % 
LB close or above UB, fathomed
637    121    19         20.7500    26.6357    28.3649    % 
UB: 26.63571428571428
branching on CartesianIndex(6, 3) with a.
638    122    19         20.7500    26.6357    28.3649    % 
LB close or above UB, fathomed
639    121    25         20.7500    26.6357    28.3649    % 
LB close or above UB, fathomed
640    120    25         20.7500    26.6357    28.3649    % 
UB: 26.63571428571428
branching on CartesianIndex(1, 5) with c.
641    121    25         20.7500    26.6357    28.3649    % 
UB: 26.63571428571428
branching on CartesianIndex(2, 5) with c.
642    122    26         20.7500    26.6357    28.3649    % 
UB: 26.63571428571428
branching on CartesianIndex(1, 6) with c.
643    123    27         20.7500    26.6357    28.3649    % 
LB close or above UB, fathomed
644    122    27         20.7500    26.6357    28.3649    % 
UB: 26.63571428571428
branching on CartesianIndex(1, 7) with c.
645    123    28         20.7500    26.6357    28.3649    % 
UB: 26.63571428571428
branching on CartesianIndex(2, 7) with c.
646    124    29         20.7500    26.6357    28.3649    % 
LB close or above UB, fathomed
647    123    29         20.7500    26.6357    28.3649    % 
UB: 26.63571428571428
branching on 3 with b.
648    124    30         20.7500    26.6357    28.3649    % 
UB: 26.63571428571428
branching on 1 with b.
649    125    31         20.7500    26.6357    28.3649    % 
UB: 26.63571428571428
branching on 2 with b.
650    126    32         20.7500    26.6357    28.3649    % 
UB: 26.63571428571428
branching on 3 with b.
651    127    32         20.7500    26.6357    28.3649    % 
LB close or above UB, fathomed
652    126    31         20.7500    26.6357    28.3649    % 
UB: 26.63571428571428
branching on 2 with b.
653    127    30         20.7500    26.6357    28.3649    % 
LB close or above UB, fathomed
654    126    28         20.7500    26.6357    28.3649    % 
LB close or above UB, fathomed
655    125    26         20.7500    26.6357    28.3649    % 
LB close or above UB, fathomed
656    124    25         20.7500    26.6357    28.3649    % 
LB close or above UB, fathomed
657    123    21         20.7500    26.6357    28.3649    % 
UB: 26.63571428571428
branching on 3 with b.
658    124    22         20.7500    26.6357    28.3649    % 
UB: 26.63571428571428
branching on CartesianIndex(4, 3) with a.
659    125    23         20.7500    26.6357    28.3649    % 
UB: 26.63571428571428
branching on CartesianIndex(5, 3) with a.
660    126    23         20.7500    26.6357    28.3649    % 
LB close or above UB, fathomed
661    125    22         20.7500    26.6357    28.3649    % 
LB close or above UB, fathomed
662    124    21         20.7500    26.6357    28.3649    % 
LB close or above UB, fathomed
663    123    24         20.7500    26.6357    28.3649    % 
UB: 26.63571428571428
branching on CartesianIndex(6, 3) with a.
664    124    24         20.7500    26.6357    28.3649    % 
LB close or above UB, fathomed
665    123    26         20.7500    26.6357    28.3649    % 
UB: 26.63571428571428
branching on CartesianIndex(2, 5) with c.
666    124    27         20.7500    26.6357    28.3649    % 
UB: 26.63571428571428
branching on CartesianIndex(1, 6) with c.
667    125    28         20.7500    26.6357    28.3649    % 
LB close or above UB, fathomed
668    124    28         20.7500    26.6357    28.3649    % 
UB: 26.63571428571428
branching on CartesianIndex(1, 7) with c.
669    125    29         20.7500    26.6357    28.3649    % 
UB: 26.63571428571428
branching on CartesianIndex(2, 7) with c.
670    126    30         20.7500    26.6357    28.3649    % 
LB close or above UB, fathomed
671    125    30         20.7500    26.6357    28.3649    % 
UB: 26.63571428571428
branching on 1 with b.
672    126    31         20.7500    26.6357    28.3649    % 
LB close or above UB, fathomed
673    125    31         20.7500    26.6357    28.3649    % 
UB: 26.63571428571428
branching on 2 with b.
674    126    32         20.7500    26.6357    28.3649    % 
UB: 26.63571428571428
branching on 3 with b.
675    127    32         20.7500    26.6357    28.3649    % 
UB: 26.63571428571428
branching on 3 with b.
676    128    33         20.7500    26.6357    28.3649    % 
LB close or above UB, fathomed
677    127    33         20.7500    26.6357    28.3649    % 
UB: 26.63571428571428
branching on 1 with b.
678    128    34         20.7500    26.6357    28.3649    % 
LB close or above UB, fathomed
679    127    34         20.7500    26.6357    28.3649    % 
UB: 26.63571428571428
branching on 2 with b.
680    128    29         20.7500    26.6357    28.3649    % 
LB close or above UB, fathomed
681    127    27         20.7500    26.6357    28.3649    % 
LB close or above UB, fathomed
682    126    26         20.7500    26.6357    28.3649    % 
LB close or above UB, fathomed
683    125    20         20.7500    26.6357    28.3649    % 
UB: 26.63571428571428
branching on 2 with b.
684    126    21         20.7500    26.6357    28.3649    % 
UB: 26.63571428571428
branching on CartesianIndex(1, 4) with c.
685    127    22         20.7500    26.6357    28.3649    % 
UB: 26.63571428571428
branching on CartesianIndex(2, 4) with c.
686    128    23         20.7500    26.6357    28.3649    % 
UB: 26.63571428571428
branching on 3 with b.
687    129    24         20.7500    26.6357    28.3649    % 
UB: 26.63571428571428
branching on CartesianIndex(1, 5) with c.
688    130    25         20.7500    26.6357    28.3649    % 
LB close or above UB, fathomed
689    129    25         20.7500    26.6357    28.3649    % 
UB: 26.63571428571428
branching on CartesianIndex(1, 6) with c.
690    130    26         20.7500    26.6357    28.3649    % 
LB close or above UB, fathomed
691    129    26         20.7500    26.6357    28.3649    % 
UB: 26.63571428571428
branching on CartesianIndex(1, 7) with c.
692    130    27         20.7500    26.6357    28.3649    % 
UB: 26.63571428571428
branching on CartesianIndex(2, 7) with c.
693    131    28         20.7500    26.6357    28.3649    % 
LB close or above UB, fathomed
694    130    28         20.7500    26.6357    28.3649    % 
UB: 26.63571428571428
branching on 1 with b.
695    131    29         20.7500    26.6357    28.3649    % 
LB close or above UB, fathomed
696    130    29         20.7500    26.6357    28.3649    % 
LB close or above UB, fathomed
697    129    27         20.7500    26.6357    28.3649    % 
LB close or above UB, fathomed
698    128    24         20.7500    26.6357    28.3649    % 
LB close or above UB, fathomed
699    127    23         20.7500    26.6357    28.3649    % 
LB close or above UB, fathomed
700    126    22         20.7500    26.6357    28.3649    % 
LB close or above UB, fathomed
701    125    21         20.7500    26.6357    28.3649    % 
LB close or above UB, fathomed
702    124    20         20.7500    26.6357    28.3649    % 
LB close or above UB, fathomed
703    123    19         20.7500    26.6357    28.3649    % 
UB: 26.63571428571428
branching on CartesianIndex(6, 3) with a.
704    124    20         20.7500    26.6357    28.3649    % 
UB: 26.63571428571428
branching on CartesianIndex(1, 4) with c.
705    125    21         20.7500    26.6357    28.3649    % 
UB: 26.63571428571428
branching on CartesianIndex(2, 4) with c.
706    126    22         20.7500    26.6357    28.3649    % 
UB: 26.63571428571428
branching on CartesianIndex(1, 5) with c.
707    127    23         20.7500    26.6357    28.3649    % 
LB close or above UB, fathomed
708    126    23         20.7500    26.6357    28.3649    % 
UB: 26.63571428571428
branching on CartesianIndex(1, 6) with c.
709    127    24         20.7500    26.6357    28.3649    % 
LB close or above UB, fathomed
710    126    24         20.7500    26.6357    28.3649    % 
UB: 26.63571428571428
branching on CartesianIndex(1, 7) with c.
711    127    25         20.7500    26.6357    28.3649    % 
UB: 26.63571428571428
branching on CartesianIndex(2, 7) with c.
712    128    26         20.7500    26.6357    28.3649    % 
LB close or above UB, fathomed
713    127    26         20.7500    26.6357    28.3649    % 
UB: 26.63571428571428
branching on 2 with b.
714    128    27         20.7500    26.6357    28.3649    % 
UB: 26.63571428571428
branching on 3 with b.
715    129    28         20.7500    26.6357    28.3649    % 
LB close or above UB, fathomed
716    128    28         20.7500    26.6357    28.3649    % 
UB: 26.63571428571428
branching on 1 with b.
717    129    29         20.7500    26.6357    28.3649    % 
LB close or above UB, fathomed
718    128    29         20.7500    26.6357    28.3649    % 
LB close or above UB, fathomed
719    127    27         20.7500    26.6357    28.3649    % 
LB close or above UB, fathomed
720    126    25         20.7500    26.6357    28.3649    % 
LB close or above UB, fathomed
721    125    22         20.7500    26.6357    28.3649    % 
LB close or above UB, fathomed
722    124    21         20.7500    26.6357    28.3649    % 
LB close or above UB, fathomed
723    123    20         20.7500    26.6357    28.3649    % 
LB close or above UB, fathomed
724    122    19         20.7500    26.6357    28.3649    % 
LB close or above UB, fathomed
725    121    26         20.7500    26.6357    28.3649    % 
LB close or above UB, fathomed
726    120    26         20.7500    26.6357    28.3649    % 
UB: 26.63571428571428
branching on CartesianIndex(1, 5) with c.
727    121    20         20.7500    26.6357    28.3649    % 
LB close or above UB, fathomed
728    120    20         20.7500    26.6357    28.3649    % 
UB: 26.63571428571428
branching on CartesianIndex(1, 5) with c.
729    121    21         20.7500    26.6357    28.3649    % 
UB: 26.63571428571428
branching on CartesianIndex(2, 5) with c.
730    122    22         20.7500    26.6357    28.3649    % 
UB: 26.63571428571428
branching on 2 with b.
731    123    23         20.7500    26.6357    28.3649    % 
LB close or above UB, fathomed
732    122    23         20.7500    26.6357    28.3649    % 
LB close or above UB, fathomed
733    121    22         20.7500    26.6357    28.3649    % 
LB close or above UB, fathomed
734    120    21         20.7500    26.6357    28.3649    % 
LB close or above UB, fathomed
735    119    27         20.7500    26.6357    28.3649    % 
UB: 26.63571428571428
branching on 1 with b.
736    120    28         20.7500    26.6357    28.3649    % 
UB: 26.63571428571428
branching on CartesianIndex(2, 5) with c.
737    121    28         20.7500    26.6357    28.3649    % 
UB: 26.63571428571428
branching on CartesianIndex(2, 5) with c.
738    122    27         20.7500    26.6357    28.3649    % 
LB close or above UB, fathomed
739    121    24         20.7500    26.6357    28.3649    % 
UB: 26.63571428571428
branching on CartesianIndex(1, 4) with c.
740    122    25         20.7500    26.6357    28.3649    % 
LB close or above UB, fathomed
741    121    25         20.7500    26.6357    28.3649    % 
UB: 26.63571428571428
branching on CartesianIndex(1, 5) with c.
742    122    26         20.7500    26.6357    28.3649    % 
UB: 26.63571428571428
branching on 1 with b.
743    123    27         20.7500    26.6357    28.3649    % 
LB close or above UB, fathomed
744    122    27         20.7500    26.6357    28.3649    % 
UB: 26.63571428571428
branching on CartesianIndex(2, 5) with c.
745    123    28         20.7500    26.6357    28.3649    % 
UB: 26.63571428571428
branching on CartesianIndex(1, 6) with c.
746    124    29         20.7500    26.6357    28.3649    % 
LB close or above UB, fathomed
747    123    29         20.7500    26.6357    28.3649    % 
UB: 26.63571428571428
branching on CartesianIndex(1, 7) with c.
748    124    30         20.7500    26.6357    28.3649    % 
UB: 26.63571428571428
branching on 2 with b.
749    125    31         20.7500    26.6357    28.3649    % 
UB: 26.63571428571428
branching on 3 with b.
750    126    31         20.7500    26.6357    28.3649    % 
UB: 26.63571428571428
branching on CartesianIndex(2, 7) with c.
751    127    32         20.7500    26.6357    28.3649    % 
LB close or above UB, fathomed
752    126    32         20.7500    26.6357    28.3649    % 
UB: 26.63571428571428
branching on 3 with b.
753    127    33         20.7500    26.6357    28.3649    % 
UB: 26.63571428571428
branching on 1 with b.
754    128    34         20.7500    26.6357    28.3649    % 
LB close or above UB, fathomed
755    127    34         20.7500    26.6357    28.3649    % 
UB: 26.63571428571428
branching on 2 with b.
756    128    33         20.7500    26.6357    28.3649    % 
LB close or above UB, fathomed
757    127    30         20.7500    26.6357    28.3649    % 
LB close or above UB, fathomed
758    126    28         20.7500    26.6357    28.3649    % 
LB close or above UB, fathomed
759    125    26         20.7500    26.6357    28.3649    % 
LB close or above UB, fathomed
760    124    24         20.7500    26.6357    28.3649    % 
LB close or above UB, fathomed
761    123    27         20.7500    26.6357    28.3649    % 
LB close or above UB, fathomed
762    122    27         20.7500    26.6357    28.3649    % 
UB: 26.63571428571428
branching on CartesianIndex(1, 4) with c.
763    123    28         20.7500    26.6357    28.3649    % 
LB close or above UB, fathomed
764    122    28         20.7500    26.6357    28.3649    % 
UB: 26.63571428571428
branching on CartesianIndex(1, 5) with c.
765    123    17         22.9571    26.6357    16.0236    % 
UB: 26.63571428571428
branching on CartesianIndex(2, 3) with a.
766    124    18         22.9571    26.6357    16.0236    % 
LB close or above UB, fathomed
767    123    18         22.9571    26.6357    16.0236    % 
LB close or above UB, fathomed
768    122    17         22.9571    26.6357    16.0236    % 
LB close or above UB, fathomed
769    121    4          23.5909    26.6357    12.9066    % 
LB close or above UB, fathomed
770    120    4          23.5909    26.6357    12.9066    % 
UB: 26.63571428571428
branching on CartesianIndex(1, 1) with a.
771    121    5          23.5909    26.6357    12.9066    % 
UB: 26.63571428571428
branching on CartesianIndex(2, 1) with a.
772    122    6          23.5909    26.6357    12.9066    % 
LB close or above UB, fathomed
773    121    6          23.5909    26.6357    12.9066    % 
LB close or above UB, fathomed
774    120    5          23.5909    26.6357    12.9066    % 
LB close or above UB, fathomed
775    119    5          23.6429    26.6357    12.6586    % 
UB: 26.63571428571428
branching on CartesianIndex(2, 1) with a.
776    120    6          23.6429    26.6357    12.6586    % 
UB: 26.63571428571428
branching on CartesianIndex(3, 1) with a.
777    121    7          23.6429    26.6357    12.6586    % 
UB: 26.63571428571428
branching on CartesianIndex(4, 1) with a.
778    122    8          23.6429    26.6357    12.6586    % 
UB: 26.63571428571428
branching on CartesianIndex(5, 1) with a.
779    123    9          23.6429    26.6357    12.6586    % 
LB close or above UB, fathomed
780    122    9          23.6429    26.6357    12.6586    % 
LB close or above UB, fathomed
781    121    8          23.6429    26.6357    12.6586    % 
LB close or above UB, fathomed
782    120    7          23.6429    26.6357    12.6586    % 
LB close or above UB, fathomed
783    119    6          23.6429    26.6357    12.6586    % 
LB close or above UB, fathomed
784    118    5          23.6429    26.6357    12.6586    % 
LB close or above UB, fathomed
785    117    25         23.6808    26.6357    12.4783    % 
LB close or above UB, fathomed
786    116    25         23.6808    26.6357    12.4783    % 
LB close or above UB, fathomed
787    115    35         23.6929    26.6357    12.4209    % 
LB close or above UB, fathomed
788    114    35         23.6929    26.6357    12.4209    % 
LB close or above UB, fathomed
789    113    35         23.6929    26.6357    12.4209    % 
LB close or above UB, fathomed
790    112    35         23.6929    26.6357    12.4209    % 
LB close or above UB, fathomed
791    111    32         23.6929    26.6357    12.4209    % 
LB close or above UB, fathomed
792    110    32         23.6929    26.6357    12.4209    % 
LB close or above UB, fathomed
793    109    42         23.6929    26.6357    12.4209    % 
LB close or above UB, fathomed
794    108    42         23.6929    26.6357    12.4209    % 
UB: 26.63571428571428
branching on 1 with b.
795    109    43         23.6929    26.6357    12.4209    % 
UB: 26.63571428571428
branching on 2 with b.
796    110    44         23.6929    26.6357    12.4209    % 
LB close or above UB, fathomed
797    109    44         23.6929    26.6357    12.4209    % 
LB close or above UB, fathomed
798    108    43         23.6929    26.6357    12.4209    % 
UB: 26.63571428571428
branching on 2 with b.
799    109    44         23.6929    26.6357    12.4209    % 
LB close or above UB, fathomed
800    108    44         23.6929    26.6357    12.4209    % 
LB close or above UB, fathomed
801    107    42         23.6929    26.6357    12.4209    % 
LB close or above UB, fathomed
802    106    42         23.6929    26.6357    12.4209    % 
UB: 26.63571428571428
branching on 1 with b.
803    107    43         23.6929    26.6357    12.4209    % 
UB: 26.63571428571428
branching on 2 with b.
804    108    44         23.6929    26.6357    12.4209    % 
UB: 26.63571428571428
branching on 3 with b.
805    108    45         23.6929    26.6357    12.4209    % 
UB: 26.63571428571428
branching on 1 with b.
806    109    46         23.6929    26.6357    12.4209    % 
LB close or above UB, fathomed
807    108    46         23.6929    26.6357    12.4209    % 
UB: 26.63571428571428
branching on 2 with b.
808    108    47         23.6929    26.6357    12.4209    % 
UB: 26.63571428571428
branching on 3 with b.
809    108    48         23.6929    26.6357    12.4209    % 
UB: 26.63571428571428
branching on 1 with b.
810    108    49         23.6929    26.6357    12.4209    % 
UB: 26.63571428571428
branching on 2 with b.
811    108    50         23.6929    26.6357    12.4209    % 
UB: 26.63571428571428
branching on 3 with b.
812    108    51         23.6929    26.6357    12.4209    % 
UB: 26.63571428571428
branching on 1 with b.
813    108    52         23.6929    26.6357    12.4209    % 
UB: 26.63571428571428
branching on 2 with b.
814    108    53         23.6929    26.6357    12.4209    % 
UB: 26.63571428571428
branching on 3 with b.
815    108    54         23.6929    26.6357    12.4209    % 
UB: 26.63571428571428
branching on 1 with b.
816    108    55         23.6929    26.6357    12.4209    % 
UB: 26.63571428571428
branching on 2 with b.
817    108    56         23.6929    26.6357    12.4209    % 
UB: 23.69285714285714
branching on 3 with b.
818    108    57         23.6929    23.6929    0.0000     % 
LB close or above UB, fathomed
all node solved
solved nodes:  819
819                                                   2.3693e+01     2.3693e+01     0.0000  % 
7×3 Matrix{Float64}:
 0.0  1.0  0.0
 0.0  0.0  0.0
 0.0  0.0  1.0
 0.0  0.0  0.0
 0.0  0.0  0.0
 0.0  0.0  0.0
 1.0  0.0  0.0
3-element Vector{Float64}:
 0.5353957289680916
 0.262795600498526
 0.900915135220461
3×7 Matrix{Float64}:
 0.0  0.0  0.0  0.0  1.0  0.0  1.0
 0.0  0.0  0.0  0.0  0.0  1.0  0.0
 0.0  0.0  0.0  1.0  0.0  0.0  0.0
3-element Vector{Float64}:
 1.0
 1.0
 1.0
7×3 Matrix{Float64}:
 1.0  0.0  0.0
 0.0  0.0  0.0
 0.0  0.0  0.0
 0.0  0.0  0.0
 0.0  0.0  0.0
 0.0  0.0  0.0
 0.0  1.0  1.0
3-element Vector{Float64}:
 0.2611949422645361
 0.12545560040391862
 0.49968475652817523
3×7 Matrix{Float64}:
 0.0  0.0  0.0  1.0  0.0  1.0  0.0
 0.0  0.0  0.0  0.0  0.0  0.0  1.0
 0.0  0.0  0.0  0.0  1.0  0.0  0.0
3-element Vector{Float64}:
 1.0
 1.0
 1.0
comparison (CRT and Glb)on prediction: Dict{Bool, Int64}(0 => 5, 1 => 46)
Dataname	 time	 objv	 lb	 gap	 train_w	 train_g	 test_w	 test_g
seeds_714.seeds	 88.46	 23.69285714285714	 23.693	 0.0	 92.258	 94.839	 90.196	 92.157
