Running 6 processes.
Start training seeds_217.seeds with seed 1.
Any[]
(7, 206)
(7, 103)
(7, 52)
(7, 51)
dimension: 7, class: 3
cart cost: 41.35
size of X: (7, 155)
ngroups: 6
UB: 23.692857142857143
Iter	left	lev	LB	UB	gap	
0      0      1          8.9335     23.6929    165.2122   % 
UB: 23.692857142857143
branching on 1 with d.
1      1      2          8.9335     23.6929    165.2122   % 
LB close or above UB, fathomed
2      0      2          8.9335     23.6929    165.2122   % 
UB: 23.692857142857143
branching on 2 with d.
3      1      3          8.9335     23.6929    165.2122   % 
LB close or above UB, fathomed
4      0      3          8.9335     23.6929    165.2122   % 
UB: 23.692857142857143
branching on 3 with d.
5      1      4          8.9335     23.6929    165.2122   % 
UB: 23.692857142857143
branching on CartesianIndex(1, 1) with a.
6      2      4          8.9335     23.6929    165.2122   % 
UB: 23.692857142857143
branching on CartesianIndex(1, 1) with a.
7      3      5          8.9554     23.6929    164.5663   % 
UB: 23.692857142857143
branching on 1 with b.
8      4      6          8.9554     23.6929    164.5663   % 
UB: 23.692857142857143
branching on CartesianIndex(2, 1) with a.
9      5      7          8.9554     23.6929    164.5663   % 
UB: 23.692857142857143
branching on 1 with b.
10     6      8          8.9554     23.6929    164.5663   % 
LB close or above UB, fathomed
11     5      8          8.9554     23.6929    164.5663   % 
UB: 23.692857142857143
branching on 2 with b.
12     6      9          8.9554     23.6929    164.5663   % 
UB: 23.692857142857143
branching on 3 with b.
13     7      9          8.9554     23.6929    164.5663   % 
UB: 23.692857142857143
branching on CartesianIndex(3, 1) with a.
14     8      7          8.9554     23.6929    164.5663   % 
UB: 23.692857142857143
branching on CartesianIndex(1, 2) with a.
15     9      6          8.9554     23.6929    164.5663   % 
UB: 23.692857142857143
branching on CartesianIndex(2, 1) with a.
16     10     5          8.9554     23.6929    164.5663   % 
UB: 23.692857142857143
branching on 1 with b.
17     11     6          8.9554     23.6929    164.5663   % 
UB: 23.692857142857143
branching on 1 with b.
18     12     6          8.9554     23.6929    164.5663   % 
LB close or above UB, fathomed
19     11     10         8.9660     23.6929    164.2525   % 
UB: 23.692857142857143
branching on CartesianIndex(3, 1) with a.
20     12     11         8.9660     23.6929    164.2525   % 
UB: 23.692857142857143
branching on CartesianIndex(4, 1) with a.
21     13     12         8.9660     23.6929    164.2525   % 
UB: 23.692857142857143
branching on CartesianIndex(5, 1) with a.
22     14     13         8.9660     23.6929    164.2525   % 
UB: 23.692857142857143
branching on CartesianIndex(6, 1) with a.
23     15     13         8.9660     23.6929    164.2525   % 
UB: 23.692857142857143
branching on CartesianIndex(1, 2) with a.
24     16     14         8.9660     23.6929    164.2525   % 
UB: 23.692857142857143
branching on CartesianIndex(2, 2) with a.
25     17     14         8.9660     23.6929    164.2525   % 
LB close or above UB, fathomed
26     16     12         8.9660     23.6929    164.2525   % 
UB: 23.692857142857143
branching on 1 with b.
27     17     11         8.9660     23.6929    164.2525   % 
LB close or above UB, fathomed
28     16     10         8.9660     23.6929    164.2525   % 
UB: 23.692857142857143
branching on 1 with b.
29     17     11         8.9660     23.6929    164.2525   % 
UB: 23.692857142857143
branching on CartesianIndex(3, 1) with a.
30     18     12         8.9660     23.6929    164.2525   % 
UB: 23.692857142857143
branching on CartesianIndex(4, 1) with a.
31     19     13         8.9660     23.6929    164.2525   % 
UB: 23.692857142857143
branching on CartesianIndex(5, 1) with a.
32     20     13         8.9660     23.6929    164.2525   % 
UB: 23.692857142857143
branching on CartesianIndex(1, 2) with a.
33     21     12         8.9660     23.6929    164.2525   % 
LB close or above UB, fathomed
34     20     11         8.9660     23.6929    164.2525   % 
UB: 23.692857142857143
branching on CartesianIndex(3, 1) with a.
35     21     12         8.9786     23.6929    163.8823   % 
UB: 23.692857142857143
branching on CartesianIndex(4, 1) with a.
36     22     13         8.9786     23.6929    163.8823   % 
UB: 23.692857142857143
branching on CartesianIndex(5, 1) with a.
37     23     14         8.9786     23.6929    163.8823   % 
UB: 23.692857142857143
branching on CartesianIndex(6, 1) with a.
38     24     14         8.9786     23.6929    163.8823   % 
UB: 23.692857142857143
branching on CartesianIndex(1, 2) with a.
39     25     15         8.9786     23.6929    163.8823   % 
UB: 23.692857142857143
branching on CartesianIndex(2, 2) with a.
40     26     16         8.9786     23.6929    163.8823   % 
UB: 23.692857142857143
branching on CartesianIndex(3, 2) with a.
41     27     17         8.9786     23.6929    163.8823   % 
UB: 23.692857142857143
branching on 2 with b.
42     28     18         8.9786     23.6929    163.8823   % 
LB close or above UB, fathomed
43     27     18         8.9786     23.6929    163.8823   % 
UB: 23.692857142857143
branching on CartesianIndex(4, 2) with a.
44     28     19         8.9786     23.6929    163.8823   % 
UB: 23.692857142857143
branching on CartesianIndex(5, 2) with a.
45     29     19         8.9786     23.6929    163.8823   % 
LB close or above UB, fathomed
46     28     17         8.9786     23.6929    163.8823   % 
LB close or above UB, fathomed
47     27     16         8.9786     23.6929    163.8823   % 
LB close or above UB, fathomed
48     26     15         8.9786     23.6929    163.8823   % 
UB: 23.692857142857143
branching on 2 with b.
49     27     13         8.9786     23.6929    163.8823   % 
UB: 23.692857142857143
branching on CartesianIndex(1, 2) with a.
50     28     12         8.9786     23.6929    163.8823   % 
LB close or above UB, fathomed
51     27     15         8.9786     23.6929    163.8823   % 
UB: 23.692857142857143
branching on CartesianIndex(3, 2) with a.
52     28     16         8.9786     23.6929    163.8823   % 
UB: 23.692857142857143
branching on CartesianIndex(4, 2) with a.
53     29     17         8.9786     23.6929    163.8823   % 
UB: 23.692857142857143
branching on CartesianIndex(5, 2) with a.
54     30     17         8.9786     23.6929    163.8823   % 
LB close or above UB, fathomed
55     29     16         8.9786     23.6929    163.8823   % 
LB close or above UB, fathomed
56     28     15         8.9786     23.6929    163.8823   % 
LB close or above UB, fathomed
57     27     7          8.9786     23.6929    163.8823   % 
UB: 23.692857142857143
branching on CartesianIndex(1, 2) with a.
58     28     7          8.9786     23.6929    163.8823   % 
UB: 23.692857142857143
branching on CartesianIndex(1, 2) with a.
59     29     8          8.9786     23.6929    163.8823   % 
UB: 23.692857142857143
branching on CartesianIndex(2, 2) with a.
60     30     9          8.9786     23.6929    163.8823   % 
UB: 23.692857142857143
branching on 2 with b.
61     31     10         8.9786     23.6929    163.8823   % 
UB: 23.692857142857143
branching on CartesianIndex(3, 2) with a.
62     32     11         8.9786     23.6929    163.8823   % 
UB: 23.692857142857143
branching on CartesianIndex(4, 2) with a.
63     33     12         8.9786     23.6929    163.8823   % 
UB: 23.692857142857143
branching on 3 with b.
64     34     13         8.9786     23.6929    163.8823   % 
UB: 23.692857142857143
branching on CartesianIndex(5, 2) with a.
65     35     14         8.9786     23.6929    163.8823   % 
UB: 23.692857142857143
branching on 1 with b.
66     36     15         8.9786     23.6929    163.8823   % 
UB: 23.692857142857143
branching on CartesianIndex(6, 2) with a.
67     37     16         8.9786     23.6929    163.8823   % 
UB: 23.692857142857143
branching on CartesianIndex(1, 3) with a.
68     38     16         8.9786     23.6929    163.8823   % 
UB: 23.692857142857143
branching on 2 with b.
69     39     15         8.9786     23.6929    163.8823   % 
LB close or above UB, fathomed
70     38     14         8.9786     23.6929    163.8823   % 
LB close or above UB, fathomed
71     37     13         8.9786     23.6929    163.8823   % 
UB: 23.692857142857143
branching on CartesianIndex(5, 2) with a.
72     38     14         8.9786     23.6929    163.8823   % 
UB: 23.692857142857143
branching on CartesianIndex(6, 2) with a.
73     39     15         8.9786     23.6929    163.8823   % 
UB: 23.692857142857143
branching on CartesianIndex(1, 3) with a.
74     40     15         8.9786     23.6929    163.8823   % 
UB: 23.692857142857143
branching on CartesianIndex(1, 3) with a.
75     41     14         8.9786     23.6929    163.8823   % 
LB close or above UB, fathomed
76     40     12         8.9786     23.6929    163.8823   % 
LB close or above UB, fathomed
77     39     11         8.9786     23.6929    163.8823   % 
LB close or above UB, fathomed
78     38     10         8.9786     23.6929    163.8823   % 
LB close or above UB, fathomed
79     37     9          8.9786     23.6929    163.8823   % 
LB close or above UB, fathomed
80     36     8          8.9786     23.6929    163.8823   % 
LB close or above UB, fathomed
81     35     8          8.9786     23.6929    163.8823   % 
UB: 23.692857142857143
branching on 1 with b.
82     36     9          8.9786     23.6929    163.8823   % 
UB: 23.692857142857143
branching on CartesianIndex(2, 2) with a.
83     37     9          8.9786     23.6929    163.8823   % 
UB: 23.692857142857143
branching on 2 with b.
84     38     10         8.9786     23.6929    163.8823   % 
UB: 23.692857142857143
branching on 3 with b.
85     39     11         8.9786     23.6929    163.8823   % 
UB: 23.692857142857143
branching on CartesianIndex(2, 2) with a.
86     40     12         8.9786     23.6929    163.8823   % 
UB: 23.692857142857143
branching on CartesianIndex(3, 2) with a.
87     41     13         8.9786     23.6929    163.8823   % 
UB: 23.692857142857143
branching on CartesianIndex(4, 2) with a.
88     42     14         8.9786     23.6929    163.8823   % 
UB: 23.692857142857143
branching on 1 with b.
89     43     15         8.9786     23.6929    163.8823   % 
UB: 23.692857142857143
branching on 2 with b.
90     44     16         8.9786     23.6929    163.8823   % 
UB: 23.692857142857143
branching on 3 with b.
91     45     16         8.9786     23.6929    163.8823   % 
UB: 23.692857142857143
branching on CartesianIndex(5, 2) with a.
92     46     15         8.9786     23.6929    163.8823   % 
UB: 23.692857142857143
branching on CartesianIndex(5, 2) with a.
93     47     14         8.9786     23.6929    163.8823   % 
LB close or above UB, fathomed
94     46     13         8.9786     23.6929    163.8823   % 
LB close or above UB, fathomed
95     45     12         8.9786     23.6929    163.8823   % 
LB close or above UB, fathomed
96     44     11         8.9786     23.6929    163.8823   % 
UB: 23.692857142857143
branching on CartesianIndex(2, 2) with a.
97     45     12         8.9786     23.6929    163.8823   % 
UB: 23.692857142857143
branching on CartesianIndex(3, 2) with a.
98     46     13         8.9786     23.6929    163.8823   % 
UB: 23.692857142857143
branching on CartesianIndex(4, 2) with a.
99     47     14         8.9786     23.6929    163.8823   % 
UB: 23.692857142857143
branching on CartesianIndex(5, 2) with a.
100    48     15         8.9786     23.6929    163.8823   % 
UB: 23.692857142857143
branching on CartesianIndex(6, 2) with a.
101    49     16         8.9786     23.6929    163.8823   % 
UB: 23.692857142857143
branching on CartesianIndex(1, 3) with a.
102    50     16         8.9786     23.6929    163.8823   % 
UB: 23.692857142857143
branching on 1 with b.
103    51     15         8.9786     23.6929    163.8823   % 
LB close or above UB, fathomed
104    50     14         8.9786     23.6929    163.8823   % 
LB close or above UB, fathomed
105    49     13         8.9786     23.6929    163.8823   % 
LB close or above UB, fathomed
106    48     12         8.9786     23.6929    163.8823   % 
LB close or above UB, fathomed
107    47     10         8.9786     23.6929    163.8823   % 
LB close or above UB, fathomed
108    46     8          8.9786     23.6929    163.8823   % 
UB: 23.692857142857143
branching on CartesianIndex(1, 3) with a.
109    47     14         11.9088    23.6929    98.9517    % 
LB close or above UB, fathomed
110    46     14         11.9088    23.6929    98.9517    % 
UB: 23.692857142857143
branching on CartesianIndex(1, 2) with a.
111    47     15         11.9088    23.6929    98.9517    % 
UB: 23.692857142857143
branching on CartesianIndex(2, 2) with a.
112    48     16         11.9088    23.6929    98.9517    % 
UB: 23.692857142857143
branching on CartesianIndex(3, 2) with a.
113    49     17         11.9088    23.6929    98.9517    % 
UB: 23.692857142857143
branching on CartesianIndex(4, 2) with a.
114    50     18         11.9088    23.6929    98.9517    % 
UB: 23.692857142857143
branching on 2 with b.
115    51     18         11.9088    23.6929    98.9517    % 
LB close or above UB, fathomed
116    50     17         11.9088    23.6929    98.9517    % 
LB close or above UB, fathomed
117    49     16         11.9088    23.6929    98.9517    % 
LB close or above UB, fathomed
118    48     15         11.9088    23.6929    98.9517    % 
LB close or above UB, fathomed
119    47     17         11.9214    23.6929    98.7418    % 
UB: 23.692857142857143
branching on CartesianIndex(6, 2) with a.
120    48     17         11.9214    23.6929    98.7418    % 
LB close or above UB, fathomed
121    47     17         11.9214    23.6929    98.7418    % 
LB close or above UB, fathomed
122    46     17         11.9214    23.6929    98.7418    % 
UB: 23.692857142857143
branching on CartesianIndex(5, 2) with a.
123    47     18         11.9214    23.6929    98.7418    % 
UB: 23.692857142857143
branching on CartesianIndex(6, 2) with a.
124    48     18         11.9214    23.6929    98.7418    % 
LB close or above UB, fathomed
125    47     14         11.9214    23.6929    98.7418    % 
UB: 23.692857142857143
branching on 2 with b.
126    48     14         11.9214    23.6929    98.7418    % 
LB close or above UB, fathomed
127    47     14         11.9214    23.6929    98.7418    % 
UB: 23.692857142857143
branching on CartesianIndex(2, 2) with a.
128    48     14         11.9214    23.6929    98.7418    % 
LB close or above UB, fathomed
129    47     13         11.9214    23.6929    98.7418    % 
UB: 23.692857142857143
branching on CartesianIndex(1, 2) with a.
130    48     14         11.9214    23.6929    98.7418    % 
UB: 23.692857142857143
branching on CartesianIndex(2, 2) with a.
131    49     14         11.9214    23.6929    98.7418    % 
LB close or above UB, fathomed
132    48     13         11.9214    23.6929    98.7418    % 
UB: 23.692857142857143
branching on CartesianIndex(1, 2) with a.
133    49     14         11.9214    23.6929    98.7418    % 
UB: 23.692857142857143
branching on CartesianIndex(2, 2) with a.
134    50     14         11.9214    23.6929    98.7418    % 
UB: 23.692857142857143
branching on CartesianIndex(1, 3) with a.
135    51     19         11.9214    23.6929    98.7418    % 
UB: 23.692857142857143
branching on CartesianIndex(1, 3) with a.
136    52     19         11.9214    23.6929    98.7418    % 
UB: 23.692857142857143
branching on CartesianIndex(1, 3) with a.
137    53     18         11.9214    23.6929    98.7418    % 
UB: 23.692857142857143
branching on CartesianIndex(6, 2) with a.
138    54     18         11.9214    23.6929    98.7418    % 
LB close or above UB, fathomed
139    53     19         14.8517    23.6929    59.5295    % 
UB: 23.692857142857143
branching on CartesianIndex(5, 2) with a.
140    54     19         14.8517    23.6929    59.5295    % 
UB: 23.692857142857143
branching on CartesianIndex(5, 2) with a.
141    55     10         14.8537    23.6929    59.5086    % 
UB: 23.692857142857143
branching on 3 with b.
142    56     11         14.8537    23.6929    59.5086    % 
UB: 23.692857142857143
branching on CartesianIndex(4, 1) with a.
143    57     11         14.8537    23.6929    59.5086    % 
UB: 23.692857142857143
branching on CartesianIndex(4, 1) with a.
144    58     12         14.8537    23.6929    59.5086    % 
UB: 23.692857142857143
branching on CartesianIndex(5, 1) with a.
145    59     12         14.8537    23.6929    59.5086    % 
LB close or above UB, fathomed
146    58     10         14.8537    23.6929    59.5086    % 
LB close or above UB, fathomed
147    57     20         14.8643    23.6929    59.3945    % 
UB: 23.692857142857143
branching on CartesianIndex(6, 2) with a.
148    58     21         14.8643    23.6929    59.3945    % 
LB close or above UB, fathomed
149    57     21         14.8643    23.6929    59.3945    % 
UB: 23.692857142857143
branching on CartesianIndex(1, 3) with a.
150    58     20         14.8643    23.6929    59.3945    % 
LB close or above UB, fathomed
151    57     19         14.8643    23.6929    59.3945    % 
LB close or above UB, fathomed
152    56     19         14.8643    23.6929    59.3945    % 
UB: 23.692857142857143
branching on CartesianIndex(1, 3) with a.
153    57     20         14.8643    23.6929    59.3945    % 
UB: 23.692857142857143
branching on 1 with b.
154    58     21         14.8643    23.6929    59.3945    % 
UB: 23.692857142857143
branching on 2 with b.
155    59     21         14.8643    23.6929    59.3945    % 
UB: 23.692857142857143
branching on CartesianIndex(2, 3) with a.
156    60     22         14.8643    23.6929    59.3945    % 
UB: 23.692857142857143
branching on 2 with b.
157    61     22         14.8643    23.6929    59.3945    % 
LB close or above UB, fathomed
158    60     20         14.8643    23.6929    59.3945    % 
LB close or above UB, fathomed
159    59     15         14.8643    23.6929    59.3945    % 
UB: 23.692857142857143
branching on 2 with b.
160    60     15         14.8643    23.6929    59.3945    % 
LB close or above UB, fathomed
161    59     15         14.8643    23.6929    59.3945    % 
UB: 23.692857142857143
branching on CartesianIndex(3, 2) with a.
162    60     16         14.8643    23.6929    59.3945    % 
UB: 23.692857142857143
branching on CartesianIndex(4, 2) with a.
163    61     17         14.8643    23.6929    59.3945    % 
UB: 23.692857142857143
branching on CartesianIndex(5, 2) with a.
164    62     18         14.8643    23.6929    59.3945    % 
UB: 23.692857142857143
branching on CartesianIndex(6, 2) with a.
165    63     19         14.8643    23.6929    59.3945    % 
LB close or above UB, fathomed
166    62     19         14.8643    23.6929    59.3945    % 
UB: 23.692857142857143
branching on 2 with b.
167    63     18         14.8643    23.6929    59.3945    % 
LB close or above UB, fathomed
168    62     17         14.8643    23.6929    59.3945    % 
LB close or above UB, fathomed
169    61     16         14.8643    23.6929    59.3945    % 
LB close or above UB, fathomed
170    60     15         14.8643    23.6929    59.3945    % 
LB close or above UB, fathomed
171    59     15         14.8643    23.6929    59.3945    % 
UB: 23.692857142857143
branching on CartesianIndex(3, 2) with a.
172    60     16         14.8643    23.6929    59.3945    % 
UB: 23.692857142857143
branching on CartesianIndex(4, 2) with a.
173    61     17         14.8643    23.6929    59.3945    % 
UB: 23.692857142857143
branching on CartesianIndex(5, 2) with a.
174    62     18         14.8643    23.6929    59.3945    % 
UB: 23.692857142857143
branching on CartesianIndex(6, 2) with a.
175    63     19         14.8643    23.6929    59.3945    % 
LB close or above UB, fathomed
176    62     19         14.8643    23.6929    59.3945    % 
UB: 23.692857142857143
branching on CartesianIndex(1, 3) with a.
177    63     18         14.8643    23.6929    59.3945    % 
LB close or above UB, fathomed
178    62     17         14.8643    23.6929    59.3945    % 
LB close or above UB, fathomed
179    61     16         14.8643    23.6929    59.3945    % 
LB close or above UB, fathomed
180    60     15         14.8643    23.6929    59.3945    % 
LB close or above UB, fathomed
181    59     15         14.8643    23.6929    59.3945    % 
LB close or above UB, fathomed
182    58     15         14.8643    23.6929    59.3945    % 
UB: 23.692857142857143
branching on 3 with b.
183    59     18         14.8643    23.6929    59.3945    % 
LB close or above UB, fathomed
184    58     18         14.8643    23.6929    59.3945    % 
UB: 23.692857142857143
branching on CartesianIndex(1, 3) with a.
185    59     17         14.8643    23.6929    59.3945    % 
UB: 23.692857142857143
branching on 1 with b.
186    60     18         14.8643    23.6929    59.3945    % 
UB: 23.692857142857143
branching on 2 with b.
187    61     19         14.8643    23.6929    59.3945    % 
UB: 23.692857142857143
branching on CartesianIndex(2, 3) with a.
188    62     20         14.8643    23.6929    59.3945    % 
UB: 23.692857142857143
branching on CartesianIndex(3, 3) with a.
189    63     20         14.8643    23.6929    59.3945    % 
LB close or above UB, fathomed
190    62     19         14.8643    23.6929    59.3945    % 
LB close or above UB, fathomed
191    61     18         14.8643    23.6929    59.3945    % 
LB close or above UB, fathomed
192    60     17         14.8643    23.6929    59.3945    % 
LB close or above UB, fathomed
193    59     17         14.8643    23.6929    59.3945    % 
LB close or above UB, fathomed
194    58     17         14.8643    23.6929    59.3945    % 
UB: 23.692857142857143
branching on 3 with b.
195    59     18         14.8643    23.6929    59.3945    % 
LB close or above UB, fathomed
196    58     18         14.8643    23.6929    59.3945    % 
UB: 23.692857142857143
branching on CartesianIndex(1, 3) with a.
197    59     19         14.8643    23.6929    59.3945    % 
UB: 23.692857142857143
branching on CartesianIndex(2, 3) with a.
198    60     19         14.8643    23.6929    59.3945    % 
LB close or above UB, fathomed
199    59     19         14.8643    23.6929    59.3945    % 
UB: 23.692857142857143
branching on CartesianIndex(2, 3) with a.
200    60     20         14.8643    23.6929    59.3945    % 
UB: 23.692857142857143
branching on CartesianIndex(3, 3) with a.
201    61     20         14.8643    23.6929    59.3945    % 
LB close or above UB, fathomed
202    60     19         14.8643    23.6929    59.3945    % 
LB close or above UB, fathomed
203    59     12         14.8643    23.6929    59.3945    % 
UB: 23.692857142857143
branching on 1 with b.
204    60     12         14.8643    23.6929    59.3945    % 
LB close or above UB, fathomed
205    59     20         14.8643    23.6929    59.3945    % 
UB: 23.692857142857143
branching on CartesianIndex(2, 3) with a.
206    60     20         14.8643    23.6929    59.3945    % 
LB close or above UB, fathomed
207    59     17         14.8643    23.6929    59.3945    % 
UB: 23.692857142857143
branching on 2 with b.
208    60     18         14.8643    23.6929    59.3945    % 
UB: 23.692857142857143
branching on CartesianIndex(1, 3) with a.
209    61     18         14.8643    23.6929    59.3945    % 
UB: 23.692857142857143
branching on 3 with b.
210    62     19         14.8643    23.6929    59.3945    % 
UB: 23.692857142857143
branching on CartesianIndex(1, 3) with a.
211    63     20         14.8643    23.6929    59.3945    % 
UB: 23.692857142857143
branching on CartesianIndex(2, 3) with a.
212    64     21         14.8643    23.6929    59.3945    % 
UB: 23.692857142857143
branching on 1 with b.
213    65     22         14.8643    23.6929    59.3945    % 
UB: 23.692857142857143
branching on CartesianIndex(3, 3) with a.
214    66     23         14.8643    23.6929    59.3945    % 
UB: 23.692857142857143
branching on CartesianIndex(4, 3) with a.
215    67     24         14.8643    23.6929    59.3945    % 
UB: 23.692857142857143
branching on CartesianIndex(5, 3) with a.
216    68     25         14.8643    23.6929    59.3945    % 
UB: 23.692857142857143
branching on CartesianIndex(6, 3) with a.
217    69     26         14.8643    23.6929    59.3945    % 
UB: 23.692857142857143
branching on 2 with b.
218    70     27         14.8643    23.6929    59.3945    % 
UB: 23.692857142857143
branching on CartesianIndex(1, 4) with c.
219    71     27         14.8643    23.6929    59.3945    % 
LB close or above UB, fathomed
220    70     26         14.8643    23.6929    59.3945    % 
LB close or above UB, fathomed
221    69     25         14.8643    23.6929    59.3945    % 
LB close or above UB, fathomed
222    68     24         14.8643    23.6929    59.3945    % 
UB: 23.692857142857143
branching on CartesianIndex(1, 4) with c.
223    69     23         14.8643    23.6929    59.3945    % 
LB close or above UB, fathomed
224    68     22         14.8643    23.6929    59.3945    % 
UB: 23.692857142857143
branching on CartesianIndex(3, 3) with a.
225    69     21         14.8643    23.6929    59.3945    % 
LB close or above UB, fathomed
226    68     20         14.8643    23.6929    59.3945    % 
LB close or above UB, fathomed
227    67     19         14.8643    23.6929    59.3945    % 
LB close or above UB, fathomed
228    66     17         14.8643    23.6929    59.3945    % 
LB close or above UB, fathomed
229    65     16         14.8643    23.6929    59.3945    % 
UB: 23.692857142857143
branching on CartesianIndex(2, 3) with a.
230    66     16         14.8643    23.6929    59.3945    % 
LB close or above UB, fathomed
231    65     17         14.8643    23.6929    59.3945    % 
UB: 23.692857142857143
branching on CartesianIndex(3, 3) with a.
232    66     18         14.8643    23.6929    59.3945    % 
UB: 23.692857142857143
branching on CartesianIndex(4, 3) with a.
233    67     19         14.8643    23.6929    59.3945    % 
UB: 23.692857142857143
branching on 1 with b.
234    68     20         14.8643    23.6929    59.3945    % 
UB: 23.692857142857143
branching on CartesianIndex(5, 3) with a.
235    69     21         14.8643    23.6929    59.3945    % 
UB: 23.692857142857143
branching on CartesianIndex(6, 3) with a.
236    70     22         14.8643    23.6929    59.3945    % 
UB: 23.692857142857143
branching on CartesianIndex(1, 4) with c.
237    71     23         14.8643    23.6929    59.3945    % 
LB close or above UB, fathomed
238    70     23         14.8643    23.6929    59.3945    % 
UB: 23.692857142857143
branching on 2 with b.
239    71     24         14.8643    23.6929    59.3945    % 
LB close or above UB, fathomed
240    70     24         14.8643    23.6929    59.3945    % 
UB: 23.692857142857143
branching on 3 with b.
241    71     22         14.8643    23.6929    59.3945    % 
LB close or above UB, fathomed
242    70     21         14.8643    23.6929    59.3945    % 
LB close or above UB, fathomed
243    69     20         14.8643    23.6929    59.3945    % 
LB close or above UB, fathomed
244    68     19         14.8643    23.6929    59.3945    % 
UB: 23.692857142857143
branching on CartesianIndex(1, 4) with c.
245    69     18         14.8643    23.6929    59.3945    % 
LB close or above UB, fathomed
246    68     17         14.8643    23.6929    59.3945    % 
LB close or above UB, fathomed
247    67     21         14.8643    23.6929    59.3945    % 
UB: 23.692857142857143
branching on CartesianIndex(3, 3) with a.
248    68     21         14.8643    23.6929    59.3945    % 
LB close or above UB, fathomed
249    67     20         14.8643    23.6929    59.3945    % 
UB: 23.692857142857143
branching on CartesianIndex(3, 3) with a.
250    68     20         14.8643    23.6929    59.3945    % 
LB close or above UB, fathomed
251    67     21         14.8643    23.6929    59.3945    % 
UB: 23.692857142857143
branching on CartesianIndex(4, 3) with a.
252    68     22         14.8643    23.6929    59.3945    % 
UB: 23.692857142857143
branching on CartesianIndex(5, 3) with a.
253    69     23         14.8643    23.6929    59.3945    % 
UB: 23.692857142857143
branching on CartesianIndex(6, 3) with a.
254    70     24         14.8643    23.6929    59.3945    % 
UB: 23.692857142857143
branching on 3 with b.
255    71     25         14.8643    23.6929    59.3945    % 
UB: 23.692857142857143
branching on CartesianIndex(1, 4) with c.
256    72     26         14.8643    23.6929    59.3945    % 
LB close or above UB, fathomed
257    71     26         14.8643    23.6929    59.3945    % 
UB: 23.692857142857143
branching on CartesianIndex(1, 5) with c.
258    72     25         14.8643    23.6929    59.3945    % 
LB close or above UB, fathomed
259    71     24         14.8643    23.6929    59.3945    % 
LB close or above UB, fathomed
260    70     23         14.8643    23.6929    59.3945    % 
LB close or above UB, fathomed
261    69     22         14.8643    23.6929    59.3945    % 
UB: 23.692857142857143
branching on CartesianIndex(1, 4) with c.
262    70     21         14.8643    23.6929    59.3945    % 
LB close or above UB, fathomed
263    69     27         14.8643    23.6929    59.3945    % 
UB: 23.692857142857143
branching on CartesianIndex(2, 5) with c.
264    70     28         14.8643    23.6929    59.3945    % 
UB: 23.692857142857143
branching on CartesianIndex(1, 6) with c.
265    71     29         14.8643    23.6929    59.3945    % 
LB close or above UB, fathomed
266    70     29         14.8643    23.6929    59.3945    % 
UB: 23.692857142857143
branching on 1 with b.
267    71     30         14.8643    23.6929    59.3945    % 
UB: 23.692857142857143
branching on CartesianIndex(1, 7) with c.
268    72     30         14.8643    23.6929    59.3945    % 
LB close or above UB, fathomed
269    71     28         14.8643    23.6929    59.3945    % 
LB close or above UB, fathomed
270    70     27         14.8643    23.6929    59.3945    % 
LB close or above UB, fathomed
271    69     28         14.8643    23.6929    59.3945    % 
LB close or above UB, fathomed
272    68     28         14.8643    23.6929    59.3945    % 
UB: 23.692857142857143
branching on CartesianIndex(1, 5) with c.
273    69     20         17.7946    23.6929    33.1466    % 
UB: 23.692857142857143
branching on CartesianIndex(6, 2) with a.
274    70     21         17.7946    23.6929    33.1466    % 
LB close or above UB, fathomed
275    69     21         17.7946    23.6929    33.1466    % 
UB: 23.692857142857143
branching on CartesianIndex(1, 3) with a.
276    70     20         17.7946    23.6929    33.1466    % 
LB close or above UB, fathomed
277    69     13         17.7965    23.6929    33.1321    % 
LB close or above UB, fathomed
278    68     13         17.7965    23.6929    33.1321    % 
LB close or above UB, fathomed
279    67     23         17.8071    23.6929    33.0525    % 
UB: 23.692857142857143
branching on CartesianIndex(4, 3) with a.
280    68     24         17.8071    23.6929    33.0525    % 
UB: 23.692857142857143
branching on CartesianIndex(5, 3) with a.
281    69     25         17.8071    23.6929    33.0525    % 
UB: 23.692857142857143
branching on CartesianIndex(6, 3) with a.
282    70     26         17.8071    23.6929    33.0525    % 
UB: 23.692857142857143
branching on CartesianIndex(1, 4) with c.
283    71     27         17.8071    23.6929    33.0525    % 
LB close or above UB, fathomed
284    70     27         17.8071    23.6929    33.0525    % 
LB close or above UB, fathomed
285    69     26         17.8071    23.6929    33.0525    % 
LB close or above UB, fathomed
286    68     25         17.8071    23.6929    33.0525    % 
LB close or above UB, fathomed
287    67     24         17.8071    23.6929    33.0525    % 
UB: 23.692857142857143
branching on CartesianIndex(1, 4) with c.
288    68     23         17.8071    23.6929    33.0525    % 
LB close or above UB, fathomed
289    67     13         17.8071    23.6929    33.0525    % 
UB: 23.692857142857143
branching on 2 with b.
290    68     13         17.8071    23.6929    33.0525    % 
LB close or above UB, fathomed
291    67     21         17.8071    23.6929    33.0525    % 
UB: 23.692857142857143
branching on 3 with b.
292    68     22         17.8071    23.6929    33.0525    % 
LB close or above UB, fathomed
293    67     22         17.8071    23.6929    33.0525    % 
UB: 23.692857142857143
branching on CartesianIndex(4, 3) with a.
294    68     21         17.8071    23.6929    33.0525    % 
LB close or above UB, fathomed
295    67     23         17.8071    23.6929    33.0525    % 
LB close or above UB, fathomed
296    66     23         17.8071    23.6929    33.0525    % 
UB: 23.692857142857143
branching on CartesianIndex(3, 3) with a.
297    67     22         17.8071    23.6929    33.0525    % 
LB close or above UB, fathomed
298    66     22         17.8071    23.6929    33.0525    % 
UB: 23.692857142857143
branching on CartesianIndex(2, 3) with a.
299    67     22         17.8071    23.6929    33.0525    % 
UB: 23.692857142857143
branching on 3 with b.
300    68     23         17.8071    23.6929    33.0525    % 
UB: 23.692857142857143
branching on CartesianIndex(2, 3) with a.
301    69     24         17.8071    23.6929    33.0525    % 
UB: 23.692857142857143
branching on CartesianIndex(3, 3) with a.
302    70     25         17.8071    23.6929    33.0525    % 
UB: 23.692857142857143
branching on CartesianIndex(4, 3) with a.
303    71     26         17.8071    23.6929    33.0525    % 
UB: 23.692857142857143
branching on CartesianIndex(5, 3) with a.
304    72     27         17.8071    23.6929    33.0525    % 
UB: 23.692857142857143
branching on CartesianIndex(6, 3) with a.
305    73     28         17.8071    23.6929    33.0525    % 
UB: 23.692857142857143
branching on CartesianIndex(1, 4) with c.
306    74     29         17.8071    23.6929    33.0525    % 
LB close or above UB, fathomed
307    73     29         17.8071    23.6929    33.0525    % 
LB close or above UB, fathomed
308    72     28         17.8071    23.6929    33.0525    % 
LB close or above UB, fathomed
309    71     27         17.8071    23.6929    33.0525    % 
LB close or above UB, fathomed
310    70     26         17.8071    23.6929    33.0525    % 
UB: 23.692857142857143
branching on CartesianIndex(1, 4) with c.
311    71     25         17.8071    23.6929    33.0525    % 
LB close or above UB, fathomed
312    70     24         17.8071    23.6929    33.0525    % 
LB close or above UB, fathomed
313    69     23         17.8071    23.6929    33.0525    % 
LB close or above UB, fathomed
314    68     22         17.8071    23.6929    33.0525    % 
LB close or above UB, fathomed
315    67     10         17.8071    23.6929    33.0525    % 
UB: 23.692857142857143
branching on 2 with b.
316    68     10         17.8071    23.6929    33.0525    % 
LB close or above UB, fathomed
317    67     16         17.8071    23.6929    33.0525    % 
UB: 23.692857142857143
branching on CartesianIndex(2, 3) with a.
318    68     17         17.8071    23.6929    33.0525    % 
UB: 23.692857142857143
branching on CartesianIndex(3, 3) with a.
319    69     18         17.8071    23.6929    33.0525    % 
UB: 23.692857142857143
branching on CartesianIndex(4, 3) with a.
320    70     19         17.8071    23.6929    33.0525    % 
UB: 23.692857142857143
branching on CartesianIndex(5, 3) with a.
321    71     20         17.8071    23.6929    33.0525    % 
UB: 23.692857142857143
branching on CartesianIndex(6, 3) with a.
322    72     21         17.8071    23.6929    33.0525    % 
UB: 23.692857142857143
branching on CartesianIndex(1, 4) with c.
323    73     22         17.8071    23.6929    33.0525    % 
LB close or above UB, fathomed
324    72     22         17.8071    23.6929    33.0525    % 
UB: 23.692857142857143
branching on CartesianIndex(1, 5) with c.
325    73     23         17.8071    23.6929    33.0525    % 
UB: 23.692857142857143
branching on CartesianIndex(2, 5) with c.
326    74     24         17.8071    23.6929    33.0525    % 
UB: 23.692857142857143
branching on CartesianIndex(1, 6) with c.
327    75     25         17.8071    23.6929    33.0525    % 
LB close or above UB, fathomed
328    74     25         17.8071    23.6929    33.0525    % 
UB: 23.692857142857143
branching on 1 with b.
329    75     26         17.8071    23.6929    33.0525    % 
UB: 23.692857142857143
branching on 2 with b.
330    76     27         17.8071    23.6929    33.0525    % 
UB: 23.692857142857143
branching on CartesianIndex(1, 7) with c.
331    77     28         17.8071    23.6929    33.0525    % 
UB: 23.692857142857143
branching on 3 with b.
332    78     29         17.8071    23.6929    33.0525    % 
UB: 23.692857142857143
branching on CartesianIndex(2, 7) with c.
333    79     30         17.8071    23.6929    33.0525    % 
LB close or above UB, fathomed
334    78     30         17.8071    23.6929    33.0525    % 
UB: 23.692857142857143
branching on 1 with b.
335    79     31         17.8071    23.6929    33.0525    % 
UB: 23.692857142857143
branching on 2 with b.
336    80     32         17.8071    23.6929    33.0525    % 
LB close or above UB, fathomed
337    79     32         17.8071    23.6929    33.0525    % 
UB: 23.692857142857143
branching on 3 with b.
338    80     33         17.8071    23.6929    33.0525    % 
UB: 23.692857142857143
branching on 1 with b.
339    81     34         17.8071    23.6929    33.0525    % 
UB: 23.692857142857143
branching on 2 with b.
340    82     35         17.8071    23.6929    33.0525    % 
UB: 23.692857142857143
branching on 3 with b.
341    83     36         17.8071    23.6929    33.0525    % 
UB: 23.692857142857143
branching on 1 with b.
342    84     37         17.8071    23.6929    33.0525    % 
UB: 23.692857142857143
branching on 2 with b.
343    85     37         17.8071    23.6929    33.0525    % 
UB: 23.692857142857143
branching on 2 with b.
344    86     36         17.8071    23.6929    33.0525    % 
UB: 23.692857142857143
branching on 1 with b.
345    87     35         17.8071    23.6929    33.0525    % 
LB close or above UB, fathomed
346    86     34         17.8071    23.6929    33.0525    % 
LB close or above UB, fathomed
347    85     33         17.8071    23.6929    33.0525    % 
LB close or above UB, fathomed
348    84     31         17.8071    23.6929    33.0525    % 
LB close or above UB, fathomed
349    83     29         17.8071    23.6929    33.0525    % 
LB close or above UB, fathomed
350    82     28         17.8071    23.6929    33.0525    % 
LB close or above UB, fathomed
351    81     27         17.8071    23.6929    33.0525    % 
LB close or above UB, fathomed
352    80     26         17.8071    23.6929    33.0525    % 
LB close or above UB, fathomed
353    79     24         17.8071    23.6929    33.0525    % 
LB close or above UB, fathomed
354    78     23         17.8071    23.6929    33.0525    % 
LB close or above UB, fathomed
355    77     21         17.8071    23.6929    33.0525    % 
LB close or above UB, fathomed
356    76     20         17.8071    23.6929    33.0525    % 
LB close or above UB, fathomed
357    75     19         17.8071    23.6929    33.0525    % 
UB: 23.692857142857143
branching on CartesianIndex(1, 4) with c.
358    76     18         17.8071    23.6929    33.0525    % 
LB close or above UB, fathomed
359    75     17         17.8071    23.6929    33.0525    % 
LB close or above UB, fathomed
360    74     16         17.8071    23.6929    33.0525    % 
LB close or above UB, fathomed
361    73     17         17.8071    23.6929    33.0525    % 
UB: 23.692857142857143
branching on CartesianIndex(2, 3) with a.
362    74     18         17.8071    23.6929    33.0525    % 
UB: 23.692857142857143
branching on CartesianIndex(3, 3) with a.
363    75     18         17.8071    23.6929    33.0525    % 
LB close or above UB, fathomed
364    74     17         17.8071    23.6929    33.0525    % 
LB close or above UB, fathomed
365    73     8          17.8071    23.6929    33.0525    % 
UB: 23.692857142857143
branching on 2 with b.
366    74     9          17.8071    23.6929    33.0525    % 
UB: 23.692857142857143
branching on 3 with b.
367    75     10         17.8071    23.6929    33.0525    % 
UB: 23.692857142857143
branching on CartesianIndex(2, 2) with a.
368    76     11         17.8071    23.6929    33.0525    % 
UB: 23.692857142857143
branching on CartesianIndex(3, 2) with a.
369    77     12         17.8071    23.6929    33.0525    % 
UB: 23.692857142857143
branching on 1 with b.
370    78     13         17.8071    23.6929    33.0525    % 
LB close or above UB, fathomed
371    77     13         17.8071    23.6929    33.0525    % 
UB: 23.692857142857143
branching on CartesianIndex(4, 2) with a.
372    78     14         17.8071    23.6929    33.0525    % 
UB: 23.692857142857143
branching on 2 with b.
373    79     15         17.8071    23.6929    33.0525    % 
UB: 23.692857142857143
branching on CartesianIndex(5, 2) with a.
374    80     15         17.8071    23.6929    33.0525    % 
UB: 23.692857142857143
branching on CartesianIndex(5, 2) with a.
375    81     14         17.8071    23.6929    33.0525    % 
LB close or above UB, fathomed
376    80     12         17.8071    23.6929    33.0525    % 
LB close or above UB, fathomed
377    79     11         17.8071    23.6929    33.0525    % 
LB close or above UB, fathomed
378    78     10         17.8071    23.6929    33.0525    % 
UB: 23.692857142857143
branching on CartesianIndex(2, 2) with a.
379    79     11         17.8071    23.6929    33.0525    % 
UB: 23.692857142857143
branching on CartesianIndex(3, 2) with a.
380    80     12         17.8071    23.6929    33.0525    % 
UB: 23.692857142857143
branching on CartesianIndex(4, 2) with a.
381    81     13         17.8071    23.6929    33.0525    % 
UB: 23.692857142857143
branching on 1 with b.
382    82     14         17.8071    23.6929    33.0525    % 
LB close or above UB, fathomed
383    81     14         17.8071    23.6929    33.0525    % 
UB: 23.692857142857143
branching on CartesianIndex(5, 2) with a.
384    82     15         17.8071    23.6929    33.0525    % 
UB: 23.692857142857143
branching on 2 with b.
385    83     16         17.8071    23.6929    33.0525    % 
UB: 23.692857142857143
branching on CartesianIndex(6, 2) with a.
386    84     16         17.8071    23.6929    33.0525    % 
UB: 23.692857142857143
branching on 3 with b.
387    85     15         17.8071    23.6929    33.0525    % 
LB close or above UB, fathomed
388    84     13         17.8071    23.6929    33.0525    % 
LB close or above UB, fathomed
389    83     12         17.8071    23.6929    33.0525    % 
LB close or above UB, fathomed
390    82     11         17.8071    23.6929    33.0525    % 
LB close or above UB, fathomed
391    81     9          17.8071    23.6929    33.0525    % 
LB close or above UB, fathomed
392    80     8          17.8071    23.6929    33.0525    % 
LB close or above UB, fathomed
393    79     7          17.8071    23.6929    33.0525    % 
UB: 23.692857142857143
branching on 1 with b.
394    80     8          17.8071    23.6929    33.0525    % 
UB: 23.692857142857143
branching on CartesianIndex(3, 1) with a.
395    81     9          17.8071    23.6929    33.0525    % 
UB: 23.692857142857143
branching on CartesianIndex(4, 1) with a.
396    82     10         17.8071    23.6929    33.0525    % 
UB: 23.692857142857143
branching on CartesianIndex(5, 1) with a.
397    83     11         17.8071    23.6929    33.0525    % 
UB: 23.692857142857143
branching on 2 with b.
398    84     11         17.8071    23.6929    33.0525    % 
UB: 23.692857142857143
branching on CartesianIndex(1, 2) with a.
399    85     12         17.8071    23.6929    33.0525    % 
UB: 23.692857142857143
branching on CartesianIndex(2, 2) with a.
400    86     12         17.8071    23.6929    33.0525    % 
LB close or above UB, fathomed
401    85     10         17.8071    23.6929    33.0525    % 
LB close or above UB, fathomed
402    84     9          17.8071    23.6929    33.0525    % 
LB close or above UB, fathomed
403    83     8          17.8071    23.6929    33.0525    % 
LB close or above UB, fathomed
404    82     7          17.8071    23.6929    33.0525    % 
LB close or above UB, fathomed
405    81     23         17.8071    23.6929    33.0525    % 
LB close or above UB, fathomed
406    80     23         17.8071    23.6929    33.0525    % 
UB: 23.692857142857143
branching on CartesianIndex(1, 4) with c.
407    81     21         17.8071    23.6929    33.0525    % 
UB: 23.692857142857143
branching on CartesianIndex(4, 3) with a.
408    82     22         17.8071    23.6929    33.0525    % 
LB close or above UB, fathomed
409    81     22         17.8071    23.6929    33.0525    % 
UB: 23.692857142857143
branching on CartesianIndex(1, 4) with c.
410    82     21         17.8071    23.6929    33.0525    % 
LB close or above UB, fathomed
411    81     22         17.8071    23.6929    33.0525    % 
UB: 23.692857142857143
branching on 1 with b.
412    82     23         17.8071    23.6929    33.0525    % 
UB: 23.692857142857143
branching on CartesianIndex(4, 3) with a.
413    83     23         17.8071    23.6929    33.0525    % 
LB close or above UB, fathomed
414    82     22         17.8071    23.6929    33.0525    % 
LB close or above UB, fathomed
415    81     20         17.8071    23.6929    33.0525    % 
LB close or above UB, fathomed
416    80     20         17.8071    23.6929    33.0525    % 
UB: 23.692857142857143
branching on 1 with b.
417    81     21         17.8071    23.6929    33.0525    % 
UB: 23.692857142857143
branching on CartesianIndex(1, 5) with c.
418    82     22         17.8071    23.6929    33.0525    % 
UB: 23.692857142857143
branching on CartesianIndex(2, 5) with c.
419    83     23         17.8071    23.6929    33.0525    % 
UB: 23.692857142857143
branching on CartesianIndex(1, 6) with c.
420    84     24         17.8071    23.6929    33.0525    % 
LB close or above UB, fathomed
421    83     24         17.8071    23.6929    33.0525    % 
UB: 23.692857142857143
branching on 2 with b.
422    84     25         17.8071    23.6929    33.0525    % 
LB close or above UB, fathomed
423    83     25         17.8071    23.6929    33.0525    % 
LB close or above UB, fathomed
424    82     23         17.8071    23.6929    33.0525    % 
LB close or above UB, fathomed
425    81     22         17.8071    23.6929    33.0525    % 
LB close or above UB, fathomed
426    80     21         17.8071    23.6929    33.0525    % 
LB close or above UB, fathomed
427    79     31         17.8071    23.6929    33.0525    % 
UB: 23.692857142857143
branching on CartesianIndex(2, 7) with c.
428    80     32         17.8071    23.6929    33.0525    % 
LB close or above UB, fathomed
429    79     32         17.8071    23.6929    33.0525    % 
UB: 23.692857142857143
branching on 2 with b.
430    80     33         17.8071    23.6929    33.0525    % 
UB: 23.692857142857143
branching on 3 with b.
431    81     33         17.8071    23.6929    33.0525    % 
UB: 23.692857142857143
branching on 3 with b.
432    82     34         17.8071    23.6929    33.0525    % 
UB: 23.692857142857143
branching on 1 with b.
433    83     35         17.8071    23.6929    33.0525    % 
LB close or above UB, fathomed
434    82     35         17.8071    23.6929    33.0525    % 
LB close or above UB, fathomed
435    81     34         17.8071    23.6929    33.0525    % 
LB close or above UB, fathomed
436    80     31         17.8071    23.6929    33.0525    % 
LB close or above UB, fathomed
437    79     23         17.8071    23.6929    33.0525    % 
LB close or above UB, fathomed
438    78     23         17.8071    23.6929    33.0525    % 
UB: 23.692857142857143
branching on 3 with b.
439    79     25         17.8071    23.6929    33.0525    % 
LB close or above UB, fathomed
440    78     25         17.8071    23.6929    33.0525    % 
LB close or above UB, fathomed
441    77     24         17.8071    23.6929    33.0525    % 
UB: 23.692857142857143
branching on CartesianIndex(1, 5) with c.
442    78     25         17.8071    23.6929    33.0525    % 
UB: 23.692857142857143
branching on CartesianIndex(2, 5) with c.
443    79     26         17.8071    23.6929    33.0525    % 
UB: 23.692857142857143
branching on CartesianIndex(1, 6) with c.
444    80     27         17.8071    23.6929    33.0525    % 
LB close or above UB, fathomed
445    79     27         17.8071    23.6929    33.0525    % 
UB: 23.692857142857143
branching on CartesianIndex(1, 7) with c.
446    80     26         17.8071    23.6929    33.0525    % 
LB close or above UB, fathomed
447    79     25         17.8071    23.6929    33.0525    % 
LB close or above UB, fathomed
448    78     24         17.8071    23.6929    33.0525    % 
LB close or above UB, fathomed
449    77     28         17.8071    23.6929    33.0525    % 
UB: 23.692857142857143
branching on CartesianIndex(2, 7) with c.
450    78     29         17.8071    23.6929    33.0525    % 
LB close or above UB, fathomed
451    77     29         17.8071    23.6929    33.0525    % 
UB: 23.692857142857143
branching on 1 with b.
452    78     30         17.8071    23.6929    33.0525    % 
UB: 23.692857142857143
branching on 2 with b.
453    79     30         17.8071    23.6929    33.0525    % 
LB close or above UB, fathomed
454    78     28         17.8071    23.6929    33.0525    % 
LB close or above UB, fathomed
455    77     5          20.7000    23.6929    14.4582    % 
UB: 23.692857142857143
branching on CartesianIndex(2, 1) with a.
456    78     6          20.7000    23.6929    14.4582    % 
UB: 23.692857142857143
branching on CartesianIndex(3, 1) with a.
457    79     7          20.7000    23.6929    14.4582    % 
UB: 23.692857142857143
branching on 1 with b.
458    80     8          20.7000    23.6929    14.4582    % 
UB: 23.692857142857143
branching on 1 with b.
459    81     9          20.7000    23.6929    14.4582    % 
LB close or above UB, fathomed
460    80     9          20.7000    23.6929    14.4582    % 
UB: 23.692857142857143
branching on 2 with b.
461    81     10         20.7000    23.6929    14.4582    % 
UB: 23.692857142857143
branching on CartesianIndex(4, 1) with a.
462    82     11         20.7000    23.6929    14.4582    % 
LB close or above UB, fathomed
463    81     11         20.7000    23.6929    14.4582    % 
LB close or above UB, fathomed
464    80     10         20.7000    23.6929    14.4582    % 
LB close or above UB, fathomed
465    79     8          20.7000    23.6929    14.4582    % 
UB: 23.692857142857143
branching on 1 with b.
466    80     9          20.7000    23.6929    14.4582    % 
UB: 23.692857142857143
branching on 2 with b.
467    81     10         20.7000    23.6929    14.4582    % 
UB: 23.692857142857143
branching on 1 with b.
468    82     11         20.7000    23.6929    14.4582    % 
UB: 23.692857142857143
branching on CartesianIndex(4, 1) with a.
469    83     12         20.7000    23.6929    14.4582    % 
UB: 23.692857142857143
branching on CartesianIndex(5, 1) with a.
470    84     13         20.7000    23.6929    14.4582    % 
UB: 23.692857142857143
branching on CartesianIndex(6, 1) with a.
471    85     14         20.7000    23.6929    14.4582    % 
UB: 23.692857142857143
branching on CartesianIndex(1, 2) with a.
472    86     14         20.7000    23.6929    14.4582    % 
LB close or above UB, fathomed
473    85     13         20.7000    23.6929    14.4582    % 
LB close or above UB, fathomed
474    84     12         20.7000    23.6929    14.4582    % 
LB close or above UB, fathomed
475    83     11         20.7000    23.6929    14.4582    % 
LB close or above UB, fathomed
476    82     10         20.7000    23.6929    14.4582    % 
LB close or above UB, fathomed
477    81     9          20.7000    23.6929    14.4582    % 
LB close or above UB, fathomed
478    80     7          20.7000    23.6929    14.4582    % 
LB close or above UB, fathomed
479    79     6          20.7000    23.6929    14.4582    % 
LB close or above UB, fathomed
480    78     5          20.7000    23.6929    14.4582    % 
LB close or above UB, fathomed
481    77     15         20.7000    23.6929    14.4582    % 
LB close or above UB, fathomed
482    76     15         20.7000    23.6929    14.4582    % 
LB close or above UB, fathomed
483    75     22         20.7374    23.6929    14.2517    % 
UB: 23.692857142857143
branching on CartesianIndex(2, 3) with a.
484    76     23         20.7374    23.6929    14.2517    % 
UB: 23.692857142857143
branching on CartesianIndex(3, 3) with a.
485    77     24         20.7374    23.6929    14.2517    % 
UB: 23.692857142857143
branching on 3 with b.
486    78     25         20.7374    23.6929    14.2517    % 
UB: 23.692857142857143
branching on CartesianIndex(4, 3) with a.
487    79     26         20.7374    23.6929    14.2517    % 
UB: 23.692857142857143
branching on CartesianIndex(5, 3) with a.
488    80     26         20.7374    23.6929    14.2517    % 
LB close or above UB, fathomed
489    79     25         20.7374    23.6929    14.2517    % 
LB close or above UB, fathomed
490    78     24         20.7374    23.6929    14.2517    % 
LB close or above UB, fathomed
491    77     23         20.7374    23.6929    14.2517    % 
LB close or above UB, fathomed
492    76     22         20.7374    23.6929    14.2517    % 
LB close or above UB, fathomed
493    75     27         20.7500    23.6929    14.1824    % 
UB: 23.692857142857143
branching on CartesianIndex(6, 3) with a.
494    76     28         20.7500    23.6929    14.1824    % 
UB: 23.692857142857143
branching on CartesianIndex(1, 4) with c.
495    77     28         20.7500    23.6929    14.1824    % 
LB close or above UB, fathomed
496    76     27         20.7500    23.6929    14.1824    % 
LB close or above UB, fathomed
497    75     34         20.7500    23.6929    14.1824    % 
UB: 23.692857142857143
branching on 1 with b.
498    76     35         20.7500    23.6929    14.1824    % 
LB close or above UB, fathomed
499    75     35         20.7500    23.6929    14.1824    % 
LB close or above UB, fathomed
500    74     34         20.7500    23.6929    14.1824    % 
LB close or above UB, fathomed
501    73     13         20.7500    23.6929    14.1824    % 
UB: 23.692857142857143
branching on 2 with b.
502    74     14         20.7500    23.6929    14.1824    % 
LB close or above UB, fathomed
503    73     14         20.7500    23.6929    14.1824    % 
LB close or above UB, fathomed
504    72     13         20.7500    23.6929    14.1824    % 
LB close or above UB, fathomed
505    71     12         20.7500    23.6929    14.1824    % 
UB: 23.692857142857143
branching on CartesianIndex(6, 1) with a.
506    72     13         20.7500    23.6929    14.1824    % 
UB: 23.692857142857143
branching on CartesianIndex(1, 2) with a.
507    73     14         20.7500    23.6929    14.1824    % 
LB close or above UB, fathomed
508    72     14         20.7500    23.6929    14.1824    % 
LB close or above UB, fathomed
509    71     13         20.7500    23.6929    14.1824    % 
LB close or above UB, fathomed
510    70     12         20.7500    23.6929    14.1824    % 
LB close or above UB, fathomed
511    69     17         20.7500    23.6929    14.1824    % 
UB: 23.692857142857143
branching on 1 with b.
512    70     18         20.7500    23.6929    14.1824    % 
LB close or above UB, fathomed
513    69     18         20.7500    23.6929    14.1824    % 
UB: 23.692857142857143
branching on CartesianIndex(6, 2) with a.
514    70     19         20.7500    23.6929    14.1824    % 
LB close or above UB, fathomed
515    69     19         20.7500    23.6929    14.1824    % 
UB: 23.692857142857143
branching on CartesianIndex(1, 3) with a.
516    70     20         20.7500    23.6929    14.1824    % 
UB: 23.692857142857143
branching on 2 with b.
517    71     21         20.7500    23.6929    14.1824    % 
UB: 23.692857142857143
branching on CartesianIndex(2, 3) with a.
518    72     22         20.7500    23.6929    14.1824    % 
UB: 23.692857142857143
branching on CartesianIndex(3, 3) with a.
519    73     23         20.7500    23.6929    14.1824    % 
UB: 23.692857142857143
branching on CartesianIndex(4, 3) with a.
520    74     23         20.7500    23.6929    14.1824    % 
LB close or above UB, fathomed
521    73     22         20.7500    23.6929    14.1824    % 
LB close or above UB, fathomed
522    72     21         20.7500    23.6929    14.1824    % 
LB close or above UB, fathomed
523    71     20         20.7500    23.6929    14.1824    % 
LB close or above UB, fathomed
524    70     17         20.7500    23.6929    14.1824    % 
LB close or above UB, fathomed
525    69     17         20.7500    23.6929    14.1824    % 
LB close or above UB, fathomed
526    68     17         20.7500    23.6929    14.1824    % 
LB close or above UB, fathomed
527    67     16         20.7500    23.6929    14.1824    % 
UB: 23.692857142857143
branching on CartesianIndex(6, 2) with a.
528    68     17         20.7500    23.6929    14.1824    % 
LB close or above UB, fathomed
529    67     17         20.7500    23.6929    14.1824    % 
UB: 23.692857142857143
branching on CartesianIndex(1, 3) with a.
530    68     18         20.7500    23.6929    14.1824    % 
UB: 23.692857142857143
branching on CartesianIndex(2, 3) with a.
531    69     19         20.7500    23.6929    14.1824    % 
LB close or above UB, fathomed
532    68     19         20.7500    23.6929    14.1824    % 
LB close or above UB, fathomed
533    67     18         20.7500    23.6929    14.1824    % 
LB close or above UB, fathomed
534    66     16         20.7500    23.6929    14.1824    % 
LB close or above UB, fathomed
535    65     16         20.7500    23.6929    14.1824    % 
UB: 23.692857142857143
branching on CartesianIndex(6, 2) with a.
536    66     17         20.7500    23.6929    14.1824    % 
LB close or above UB, fathomed
537    65     17         20.7500    23.6929    14.1824    % 
LB close or above UB, fathomed
538    64     16         20.7500    23.6929    14.1824    % 
LB close or above UB, fathomed
539    63     19         20.7500    23.6929    14.1824    % 
UB: 23.692857142857143
branching on 2 with b.
540    64     20         20.7500    23.6929    14.1824    % 
UB: 23.692857142857143
branching on CartesianIndex(4, 3) with a.
541    65     21         20.7500    23.6929    14.1824    % 
LB close or above UB, fathomed
542    64     21         20.7500    23.6929    14.1824    % 
LB close or above UB, fathomed
543    63     20         20.7500    23.6929    14.1824    % 
LB close or above UB, fathomed
544    62     19         20.7500    23.6929    14.1824    % 
LB close or above UB, fathomed
545    61     20         20.7500    23.6929    14.1824    % 
LB close or above UB, fathomed
546    60     20         20.7500    23.6929    14.1824    % 
UB: 23.692857142857143
branching on CartesianIndex(1, 5) with c.
547    61     21         20.7500    23.6929    14.1824    % 
UB: 23.692857142857143
branching on CartesianIndex(2, 5) with c.
548    62     22         20.7500    23.6929    14.1824    % 
UB: 23.692857142857143
branching on CartesianIndex(1, 6) with c.
549    63     23         20.7500    23.6929    14.1824    % 
LB close or above UB, fathomed
550    62     23         20.7500    23.6929    14.1824    % 
UB: 23.692857142857143
branching on CartesianIndex(1, 7) with c.
551    63     24         20.7500    23.6929    14.1824    % 
UB: 23.692857142857143
branching on CartesianIndex(2, 7) with c.
552    64     25         20.7500    23.6929    14.1824    % 
LB close or above UB, fathomed
553    63     25         20.7500    23.6929    14.1824    % 
UB: 23.692857142857143
branching on 1 with b.
554    64     26         20.7500    23.6929    14.1824    % 
UB: 23.692857142857143
branching on 2 with b.
555    65     27         20.7500    23.6929    14.1824    % 
UB: 23.692857142857143
branching on 3 with b.
556    66     28         20.7500    23.6929    14.1824    % 
UB: 23.692857142857143
branching on 1 with b.
557    67     29         20.7500    23.6929    14.1824    % 
UB: 23.692857142857143
branching on 2 with b.
558    68     30         20.7500    23.6929    14.1824    % 
LB close or above UB, fathomed
559    67     30         20.7500    23.6929    14.1824    % 
UB: 23.692857142857143
branching on 3 with b.
560    68     31         20.7500    23.6929    14.1824    % 
UB: 23.692857142857143
branching on 1 with b.
561    69     32         20.7500    23.6929    14.1824    % 
UB: 23.692857142857143
branching on 2 with b.
562    70     33         20.7500    23.6929    14.1824    % 
UB: 23.692857142857143
branching on 3 with b.
563    71     34         20.7500    23.6929    14.1824    % 
LB close or above UB, fathomed
564    70     34         20.7500    23.6929    14.1824    % 
LB close or above UB, fathomed
565    69     33         20.7500    23.6929    14.1824    % 
LB close or above UB, fathomed
566    68     32         20.7500    23.6929    14.1824    % 
LB close or above UB, fathomed
567    67     31         20.7500    23.6929    14.1824    % 
LB close or above UB, fathomed
568    66     29         20.7500    23.6929    14.1824    % 
LB close or above UB, fathomed
569    65     28         20.7500    23.6929    14.1824    % 
LB close or above UB, fathomed
570    64     27         20.7500    23.6929    14.1824    % 
LB close or above UB, fathomed
571    63     26         20.7500    23.6929    14.1824    % 
LB close or above UB, fathomed
572    62     24         20.7500    23.6929    14.1824    % 
LB close or above UB, fathomed
573    61     22         20.7500    23.6929    14.1824    % 
LB close or above UB, fathomed
574    60     21         20.7500    23.6929    14.1824    % 
LB close or above UB, fathomed
575    59     37         20.7500    23.6929    14.1824    % 
LB close or above UB, fathomed
576    58     37         20.7500    23.6929    14.1824    % 
LB close or above UB, fathomed
577    57     38         20.7500    23.6929    14.1824    % 
UB: 23.692857142857143
branching on 3 with b.
578    58     39         20.7500    23.6929    14.1824    % 
UB: 23.692857142857143
branching on 1 with b.
579    59     40         20.7500    23.6929    14.1824    % 
UB: 23.692857142857143
branching on 2 with b.
580    59     41         20.7500    23.6929    14.1824    % 
UB: 23.692857142857143
branching on 3 with b.
581    59     42         20.7500    23.6929    14.1824    % 
UB: 23.692857142857143
branching on 1 with b.
582    60     43         20.7500    23.6929    14.1824    % 
UB: 23.692857142857143
branching on 2 with b.
583    60     44         20.7500    23.6929    14.1824    % 
UB: 23.692857142857143
branching on 3 with b.
584    61     45         20.7500    23.6929    14.1824    % 
LB close or above UB, fathomed
585    60     45         20.7500    23.6929    14.1824    % 
UB: 23.692857142857143
branching on 1 with b.
586    60     46         20.7500    23.6929    14.1824    % 
UB: 23.692857142857143
branching on 2 with b.
587    61     47         20.7500    23.6929    14.1824    % 
LB close or above UB, fathomed
588    60     47         20.7500    23.6929    14.1824    % 
UB: 23.692857142857143
branching on 3 with b.
589    60     48         20.7500    23.6929    14.1824    % 
UB: 23.692857142857143
branching on 1 with b.
590    60     49         20.7500    23.6929    14.1824    % 
LB close or above UB, fathomed
591    59     43         20.7500    23.6929    14.1824    % 
UB: 23.692857142857143
branching on 2 with b.
592    59     44         20.7500    23.6929    14.1824    % 
UB: 20.75
branching on 3 with b.
593    60     45         20.7500    20.7500    0.0000     % 
LB close or above UB, fathomed
all node solved
solved nodes:  594
594                                                   2.3643e+01     2.0750e+01     -13.9415 % 
7×3 Matrix{Float64}:
 0.0  1.0  0.0
 0.0  0.0  0.0
 0.0  0.0  0.0
 0.0  0.0  0.0
 0.0  0.0  0.0
 0.0  0.0  1.0
 1.0  0.0  0.0
3-element Vector{Float64}:
 0.5339412644289776
 0.26990044232607596
 0.1745619440273236
3×7 Matrix{Float64}:
 0.0  0.0  0.0  0.0  1.0  0.0  0.0
 0.0  0.0  0.0  0.0  0.0  1.0  1.0
 0.0  0.0  0.0  1.0  0.0  0.0  0.0
3-element Vector{Float64}:
 1.0
 1.0
 1.0
7×3 Matrix{Float64}:
 1.0  0.0  0.0
 0.0  0.0  0.0
 0.0  0.0  0.0
 0.0  0.0  0.0
 0.0  0.0  0.0
 0.0  0.0  0.0
 0.0  1.0  1.0
3-element Vector{Float64}:
 0.2695400413550381
 0.1381308398944431
 0.5114895314811275
3×7 Matrix{Float64}:
 0.0  0.0  0.0  1.0  0.0  1.0  0.0
 0.0  0.0  0.0  0.0  0.0  0.0  1.0
 0.0  0.0  0.0  0.0  1.0  0.0  0.0
3-element Vector{Float64}:
 1.0
 1.0
 1.0
comparison (CRT and Glb)on prediction: Dict{Bool, Int64}(0 => 2, 1 => 49)
Dataname	 time	 objv	 lb	 gap	 train_w	 train_g	 test_w	 test_g
seeds_217.seeds	 91.55	 20.75	 23.643	 -0.1394	 90.968	 95.484	 92.157	 92.157
