Running 6 processes.
Start training seeds_633.seeds with seed 1.
Any[]
(7, 206)
(7, 102)
(7, 51)
(7, 53)
dimension: 7, class: 3
cart cost: 41.947101449275365
size of X: (7, 153)
ngroups: 6
UB: 38.961594202898546
Iter	left	lev	LB	UB	gap	
0      0      1          0.1343     38.9616    28907.9023 % 
UB: 38.961594202898546
branching on 1 with d.
1      1      2          0.1343     38.9616    28907.9023 % 
LB close or above UB, fathomed
2      0      2          0.1343     38.9616    28907.9023 % 
UB: 38.961594202898546
branching on 2 with d.
3      1      3          0.1343     38.9616    28907.9023 % 
UB: 38.911594202898556
branching on 3 with d.
4      2      3          0.1343     38.9116    28870.6760 % 
UB: 38.911594202898556
branching on 3 with d.
5      3      4          0.1343     38.9116    28870.6760 % 
UB: 38.911594202898556
branching on CartesianIndex(1, 1) with a.
6      4      4          0.1343     38.9116    28870.6760 % 
UB: 38.911594202898556
branching on CartesianIndex(1, 1) with a.
7      5      5          0.1500     38.9116    25841.0628 % 
UB: 38.911594202898556
branching on 1 with b.
8      6      5          0.1500     38.9116    25841.0628 % 
UB: 38.911594202898556
branching on CartesianIndex(1, 2) with a.
9      7      6          0.1500     38.9116    25841.0628 % 
UB: 38.911594202898556
branching on 1 with b.
10     8      7          0.1500     38.9116    25841.0628 % 
UB: 38.911594202898556
branching on CartesianIndex(2, 2) with a.
11     9      8          0.1500     38.9116    25841.0628 % 
UB: 38.911594202898556
branching on 1 with b.
12     10     9          0.1500     38.9116    25841.0628 % 
UB: 38.911594202898556
branching on 2 with b.
13     11     9          0.1500     38.9116    25841.0628 % 
UB: 38.911594202898556
branching on CartesianIndex(3, 2) with a.
14     12     8          0.1500     38.9116    25841.0628 % 
UB: 38.911594202898556
branching on CartesianIndex(1, 3) with a.
15     13     7          0.1500     38.9116    25841.0628 % 
UB: 38.911594202898556
branching on CartesianIndex(2, 2) with a.
16     14     6          0.1500     38.9116    25841.0628 % 
UB: 38.911594202898556
branching on 1 with b.
17     15     10         3.1355     38.9116    1140.9984  % 
UB: 38.911594202898556
branching on 2 with b.
18     16     11         3.1355     38.9116    1140.9984  % 
UB: 38.911594202898556
branching on 3 with b.
19     17     12         3.1355     38.9116    1140.9984  % 
UB: 27.019565217391303
branching on CartesianIndex(4, 2) with a.
20     18     12         3.1355     27.0196    761.7287   % 
UB: 27.019565217391303
branching on CartesianIndex(4, 2) with a.
21     17     11         3.1355     27.0196    761.7287   % 
LB close or above UB, fathomed
22     16     10         3.1355     27.0196    761.7287   % 
UB: 27.019565217391303
branching on CartesianIndex(1, 3) with a.
23     17     6          3.1355     27.0196    761.7287   % 
UB: 27.019565217391303
branching on 1 with b.
24     18     7          3.1355     27.0196    761.7287   % 
UB: 27.019565217391303
branching on CartesianIndex(2, 1) with a.
25     19     7          3.1355     27.0196    761.7287   % 
UB: 27.019565217391303
branching on 2 with b.
26     20     8          3.1355     27.0196    761.7287   % 
UB: 27.019565217391303
branching on 3 with b.
27     21     9          3.1355     27.0196    761.7287   % 
UB: 27.019565217391303
branching on CartesianIndex(2, 1) with a.
28     22     9          3.1355     27.0196    761.7287   % 
UB: 27.019565217391303
branching on 1 with b.
29     23     8          3.1355     27.0196    761.7287   % 
UB: 27.019565217391303
branching on CartesianIndex(2, 1) with a.
30     24     6          3.1355     27.0196    761.7287   % 
UB: 27.019565217391303
branching on CartesianIndex(2, 1) with a.
31     25     10         6.1210     27.0196    341.4230   % 
UB: 27.019565217391303
branching on CartesianIndex(2, 1) with a.
32     26     11         6.1210     27.0196    341.4230   % 
UB: 27.019565217391303
branching on CartesianIndex(3, 1) with a.
33     27     11         6.1210     27.0196    341.4230   % 
UB: 27.019565217391303
branching on CartesianIndex(1, 2) with a.
34     28     12         6.1210     27.0196    341.4230   % 
UB: 27.019565217391303
branching on CartesianIndex(2, 2) with a.
35     29     13         6.1210     27.0196    341.4230   % 
UB: 27.019565217391303
branching on CartesianIndex(3, 2) with a.
36     30     14         6.1210     27.0196    341.4230   % 
UB: 27.019565217391303
branching on CartesianIndex(4, 2) with a.
37     31     15         6.1210     27.0196    341.4230   % 
UB: 27.019565217391303
branching on CartesianIndex(5, 2) with a.
38     32     16         6.1210     27.0196    341.4230   % 
UB: 27.019565217391303
branching on CartesianIndex(6, 2) with a.
39     33     17         6.1210     27.0196    341.4230   % 
UB: 27.019565217391303
branching on CartesianIndex(1, 3) with a.
40     34     17         6.1210     27.0196    341.4230   % 
UB: 27.019565217391303
branching on CartesianIndex(1, 3) with a.
41     35     16         6.1210     27.0196    341.4230   % 
UB: 27.019565217391303
branching on 2 with b.
42     36     15         6.1210     27.0196    341.4230   % 
LB close or above UB, fathomed
43     35     14         6.1210     27.0196    341.4230   % 
LB close or above UB, fathomed
44     34     13         6.1210     27.0196    341.4230   % 
LB close or above UB, fathomed
45     33     12         6.1210     27.0196    341.4230   % 
UB: 27.019565217391303
branching on CartesianIndex(1, 3) with a.
46     34     10         6.1210     27.0196    341.4230   % 
UB: 27.019565217391303
branching on CartesianIndex(2, 1) with a.
47     35     13         6.1210     27.0196    341.4230   % 
UB: 27.019565217391303
branching on CartesianIndex(5, 2) with a.
48     36     14         6.1210     27.0196    341.4230   % 
UB: 27.019565217391303
branching on 1 with b.
49     37     15         6.1210     27.0196    341.4230   % 
UB: 27.019565217391303
branching on CartesianIndex(6, 2) with a.
50     38     16         6.1210     27.0196    341.4230   % 
UB: 27.019565217391303
branching on CartesianIndex(1, 3) with a.
51     39     16         6.1210     27.0196    341.4230   % 
UB: 27.019565217391303
branching on CartesianIndex(1, 3) with a.
52     40     15         6.1210     27.0196    341.4230   % 
LB close or above UB, fathomed
53     39     14         6.1210     27.0196    341.4230   % 
UB: 27.019565217391303
branching on CartesianIndex(1, 3) with a.
54     40     13         6.1210     27.0196    341.4230   % 
LB close or above UB, fathomed
55     39     17         9.1065     27.0196    196.7057   % 
UB: 27.019565217391303
branching on CartesianIndex(2, 3) with a.
56     40     18         9.1065     27.0196    196.7057   % 
UB: 27.019565217391303
branching on CartesianIndex(3, 3) with a.
57     41     19         9.1065     27.0196    196.7057   % 
UB: 27.019565217391303
branching on CartesianIndex(4, 3) with a.
58     42     19         9.1065     27.0196    196.7057   % 
LB close or above UB, fathomed
59     41     18         9.1065     27.0196    196.7057   % 
UB: 27.019565217391303
branching on CartesianIndex(1, 4) with c.
60     42     17         9.1065     27.0196    196.7057   % 
LB close or above UB, fathomed
61     41     18         9.1065     27.0196    196.7057   % 
UB: 27.019565217391303
branching on CartesianIndex(2, 3) with a.
62     42     19         9.1065     27.0196    196.7057   % 
UB: 27.019565217391303
branching on CartesianIndex(3, 3) with a.
63     43     19         9.1065     27.0196    196.7057   % 
UB: 27.019565217391303
branching on 2 with b.
64     44     18         9.1065     27.0196    196.7057   % 
LB close or above UB, fathomed
65     43     10         9.1065     27.0196    196.7057   % 
UB: 27.019565217391303
branching on 1 with b.
66     44     10         9.1065     27.0196    196.7057   % 
UB: 27.019565217391303
branching on CartesianIndex(1, 2) with a.
67     45     11         9.1065     27.0196    196.7057   % 
UB: 27.019565217391303
branching on CartesianIndex(2, 2) with a.
68     46     12         9.1065     27.0196    196.7057   % 
UB: 27.019565217391303
branching on 1 with b.
69     47     13         9.1065     27.0196    196.7057   % 
UB: 27.019565217391303
branching on CartesianIndex(3, 2) with a.
70     48     14         9.1065     27.0196    196.7057   % 
UB: 27.019565217391303
branching on CartesianIndex(4, 2) with a.
71     49     15         9.1065     27.0196    196.7057   % 
UB: 27.019565217391303
branching on CartesianIndex(5, 2) with a.
72     50     15         9.1065     27.0196    196.7057   % 
LB close or above UB, fathomed
73     49     14         9.1065     27.0196    196.7057   % 
LB close or above UB, fathomed
74     48     13         9.1065     27.0196    196.7057   % 
UB: 27.019565217391303
branching on CartesianIndex(3, 2) with a.
75     49     12         9.1065     27.0196    196.7057   % 
LB close or above UB, fathomed
76     48     11         9.1065     27.0196    196.7057   % 
UB: 27.019565217391303
branching on CartesianIndex(1, 3) with a.
77     49     13         9.1065     27.0196    196.7057   % 
UB: 27.019565217391303
branching on CartesianIndex(5, 2) with a.
78     50     14         9.1065     27.0196    196.7057   % 
UB: 27.019565217391303
branching on CartesianIndex(6, 2) with a.
79     51     15         9.1065     27.0196    196.7057   % 
UB: 27.019565217391303
branching on 1 with b.
80     52     15         9.1065     27.0196    196.7057   % 
UB: 27.019565217391303
branching on CartesianIndex(1, 3) with a.
81     53     14         9.1065     27.0196    196.7057   % 
LB close or above UB, fathomed
82     52     13         9.1065     27.0196    196.7057   % 
LB close or above UB, fathomed
83     51     10         9.1065     27.0196    196.7057   % 
UB: 27.019565217391303
branching on 3 with b.
84     52     11         9.1065     27.0196    196.7057   % 
UB: 27.019565217391303
branching on CartesianIndex(3, 2) with a.
85     53     11         9.1065     27.0196    196.7057   % 
UB: 27.019565217391303
branching on CartesianIndex(3, 2) with a.
86     54     12         9.1065     27.0196    196.7057   % 
UB: 27.019565217391303
branching on CartesianIndex(4, 2) with a.
87     55     13         9.1065     27.0196    196.7057   % 
UB: 27.019565217391303
branching on CartesianIndex(5, 2) with a.
88     56     14         9.1065     27.0196    196.7057   % 
UB: 27.019565217391303
branching on 1 with b.
89     57     15         9.1065     27.0196    196.7057   % 
LB close or above UB, fathomed
90     56     15         9.1065     27.0196    196.7057   % 
UB: 27.019565217391303
branching on 2 with b.
91     57     16         9.1065     27.0196    196.7057   % 
UB: 27.019565217391303
branching on CartesianIndex(6, 2) with a.
92     58     17         9.1065     27.0196    196.7057   % 
UB: 27.019565217391303
branching on CartesianIndex(1, 3) with a.
93     59     17         9.1065     27.0196    196.7057   % 
UB: 27.019565217391303
branching on CartesianIndex(1, 3) with a.
94     60     16         9.1065     27.0196    196.7057   % 
UB: 27.019565217391303
branching on CartesianIndex(6, 2) with a.
95     61     14         9.1065     27.0196    196.7057   % 
UB: 27.019565217391303
branching on 1 with b.
96     62     13         9.1065     27.0196    196.7057   % 
UB: 27.019565217391303
branching on CartesianIndex(1, 3) with a.
97     63     12         9.1065     27.0196    196.7057   % 
UB: 27.019565217391303
branching on CartesianIndex(1, 3) with a.
98     64     10         9.1065     27.0196    196.7057   % 
UB: 27.019565217391303
branching on CartesianIndex(3, 2) with a.
99     65     16         12.0920    27.0196    123.4494   % 
UB: 27.019565217391303
branching on CartesianIndex(1, 3) with a.
100    66     16         12.0920    27.0196    123.4494   % 
LB close or above UB, fathomed
101    65     16         12.0920    27.0196    123.4494   % 
UB: 27.019565217391303
branching on CartesianIndex(6, 2) with a.
102    66     17         12.0920    27.0196    123.4494   % 
UB: 27.019565217391303
branching on 2 with b.
103    67     17         12.0920    27.0196    123.4494   % 
UB: 27.019565217391303
branching on CartesianIndex(1, 3) with a.
104    68     16         12.0920    27.0196    123.4494   % 
LB close or above UB, fathomed
105    67     11         12.0920    27.0196    123.4494   % 
UB: 27.019565217391303
branching on CartesianIndex(3, 1) with a.
106    68     11         12.0920    27.0196    123.4494   % 
UB: 27.019565217391303
branching on CartesianIndex(3, 1) with a.
107    69     12         12.0920    27.0196    123.4494   % 
UB: 27.019565217391303
branching on CartesianIndex(4, 1) with a.
108    70     13         12.0920    27.0196    123.4494   % 
UB: 27.019565217391303
branching on CartesianIndex(5, 1) with a.
109    71     14         12.0920    27.0196    123.4494   % 
UB: 27.019565217391303
branching on CartesianIndex(6, 1) with a.
110    72     14         12.0920    27.0196    123.4494   % 
UB: 27.019565217391303
branching on CartesianIndex(1, 2) with a.
111    73     15         12.0920    27.0196    123.4494   % 
UB: 27.019565217391303
branching on CartesianIndex(2, 2) with a.
112    74     15         12.0920    27.0196    123.4494   % 
UB: 27.019565217391303
branching on CartesianIndex(1, 3) with a.
113    75     13         12.0920    27.0196    123.4494   % 
UB: 27.019565217391303
branching on CartesianIndex(1, 2) with a.
114    76     12         12.0920    27.0196    123.4494   % 
LB close or above UB, fathomed
115    75     20         12.0920    27.0196    123.4494   % 
UB: 27.019565217391303
branching on 2 with b.
116    76     21         12.0920    27.0196    123.4494   % 
UB: 27.019565217391303
branching on CartesianIndex(4, 3) with a.
117    77     22         12.0920    27.0196    123.4494   % 
UB: 27.019565217391303
branching on CartesianIndex(5, 3) with a.
118    78     23         12.0920    27.0196    123.4494   % 
UB: 27.019565217391303
branching on 3 with b.
119    79     23         12.0920    27.0196    123.4494   % 
LB close or above UB, fathomed
120    78     22         12.0920    27.0196    123.4494   % 
UB: 27.019565217391303
branching on CartesianIndex(1, 4) with c.
121    79     21         12.0920    27.0196    123.4494   % 
LB close or above UB, fathomed
122    78     20         12.0920    27.0196    123.4494   % 
LB close or above UB, fathomed
123    77     20         12.0920    27.0196    123.4494   % 
UB: 27.019565217391303
branching on CartesianIndex(5, 3) with a.
124    78     21         12.0920    27.0196    123.4494   % 
UB: 27.019565217391303
branching on 2 with b.
125    79     22         12.0920    27.0196    123.4494   % 
UB: 27.019565217391303
branching on 3 with b.
126    80     23         12.0920    27.0196    123.4494   % 
UB: 27.019565217391303
branching on 1 with b.
127    81     24         12.0920    27.0196    123.4494   % 
UB: 27.019565217391303
branching on CartesianIndex(6, 3) with a.
128    82     24         12.0920    27.0196    123.4494   % 
LB close or above UB, fathomed
129    81     23         12.0920    27.0196    123.4494   % 
LB close or above UB, fathomed
130    80     22         12.0920    27.0196    123.4494   % 
LB close or above UB, fathomed
131    79     21         12.0920    27.0196    123.4494   % 
LB close or above UB, fathomed
132    78     20         12.0920    27.0196    123.4494   % 
UB: 27.019565217391303
branching on CartesianIndex(1, 4) with c.
133    79     11         12.0920    27.0196    123.4494   % 
UB: 27.019565217391303
branching on CartesianIndex(3, 1) with a.
134    80     12         12.0920    27.0196    123.4494   % 
UB: 27.019565217391303
branching on CartesianIndex(4, 1) with a.
135    81     13         12.0920    27.0196    123.4494   % 
UB: 27.019565217391303
branching on CartesianIndex(5, 1) with a.
136    82     14         12.0920    27.0196    123.4494   % 
UB: 27.019565217391303
branching on CartesianIndex(6, 1) with a.
137    83     15         12.0920    27.0196    123.4494   % 
UB: 27.019565217391303
branching on CartesianIndex(1, 2) with a.
138    84     15         12.0920    27.0196    123.4494   % 
LB close or above UB, fathomed
139    83     14         12.0920    27.0196    123.4494   % 
UB: 27.019565217391303
branching on CartesianIndex(1, 2) with a.
140    84     15         12.0920    27.0196    123.4494   % 
UB: 27.019565217391303
branching on CartesianIndex(2, 2) with a.
141    85     15         12.0920    27.0196    123.4494   % 
UB: 27.019565217391303
branching on CartesianIndex(1, 3) with a.
142    86     13         12.0920    27.0196    123.4494   % 
UB: 27.019565217391303
branching on CartesianIndex(1, 2) with a.
143    87     14         12.0920    27.0196    123.4494   % 
UB: 27.019565217391303
branching on CartesianIndex(2, 2) with a.
144    88     15         12.0920    27.0196    123.4494   % 
UB: 27.019565217391303
branching on CartesianIndex(3, 2) with a.
145    89     15         12.0920    27.0196    123.4494   % 
LB close or above UB, fathomed
146    88     14         12.0920    27.0196    123.4494   % 
UB: 27.019565217391303
branching on CartesianIndex(1, 3) with a.
147    89     12         12.0920    27.0196    123.4494   % 
LB close or above UB, fathomed
148    88     11         12.0920    27.0196    123.4494   % 
UB: 27.019565217391303
branching on 2 with b.
149    89     12         12.0920    27.0196    123.4494   % 
UB: 27.019565217391303
branching on CartesianIndex(1, 2) with a.
150    90     12         12.0920    27.0196    123.4494   % 
UB: 27.019565217391303
branching on CartesianIndex(1, 2) with a.
151    91     12         12.0920    27.0196    123.4494   % 
UB: 27.019565217391303
branching on CartesianIndex(4, 1) with a.
152    92     13         12.0920    27.0196    123.4494   % 
UB: 27.019565217391303
branching on CartesianIndex(5, 1) with a.
153    93     14         12.0920    27.0196    123.4494   % 
LB close or above UB, fathomed
154    92     14         12.0920    27.0196    123.4494   % 
UB: 27.019565217391303
branching on 2 with b.
155    93     15         12.0920    27.0196    123.4494   % 
UB: 27.019565217391303
branching on CartesianIndex(1, 2) with a.
156    94     15         12.0920    27.0196    123.4494   % 
UB: 27.019565217391303
branching on 3 with b.
157    95     13         12.0920    27.0196    123.4494   % 
UB: 27.019565217391303
branching on CartesianIndex(1, 2) with a.
158    96     14         12.0920    27.0196    123.4494   % 
UB: 27.019565217391303
branching on CartesianIndex(2, 2) with a.
159    97     14         12.0920    27.0196    123.4494   % 
UB: 27.019565217391303
branching on 2 with b.
160    98     12         12.0920    27.0196    123.4494   % 
LB close or above UB, fathomed
161    97     7          12.0920    27.0196    123.4494   % 
UB: 27.019565217391303
branching on 1 with b.
162    98     8          12.0920    27.0196    123.4494   % 
UB: 27.019565217391303
branching on 2 with b.
163    99     9          12.0920    27.0196    123.4494   % 
UB: 27.019565217391303
branching on 3 with b.
164    100    10         12.0920    27.0196    123.4494   % 
UB: 27.019565217391303
branching on CartesianIndex(3, 1) with a.
165    101    11         12.0920    27.0196    123.4494   % 
UB: 27.019565217391303
branching on CartesianIndex(4, 1) with a.
166    102    12         12.0920    27.0196    123.4494   % 
UB: 27.019565217391303
branching on 1 with b.
167    103    13         12.0920    27.0196    123.4494   % 
UB: 27.019565217391303
branching on CartesianIndex(5, 1) with a.
168    104    14         12.0920    27.0196    123.4494   % 
UB: 27.019565217391303
branching on CartesianIndex(6, 1) with a.
169    105    15         12.0920    27.0196    123.4494   % 
UB: 27.019565217391303
branching on CartesianIndex(1, 2) with a.
170    106    15         12.0920    27.0196    123.4494   % 
LB close or above UB, fathomed
171    105    14         12.0920    27.0196    123.4494   % 
UB: 27.019565217391303
branching on CartesianIndex(1, 2) with a.
172    106    13         12.0920    27.0196    123.4494   % 
LB close or above UB, fathomed
173    105    12         12.0920    27.0196    123.4494   % 
UB: 27.019565217391303
branching on CartesianIndex(1, 2) with a.
174    106    11         12.0920    27.0196    123.4494   % 
LB close or above UB, fathomed
175    105    10         12.0920    27.0196    123.4494   % 
UB: 27.019565217391303
branching on 1 with b.
176    106    9          12.0920    27.0196    123.4494   % 
LB close or above UB, fathomed
177    105    8          12.0920    27.0196    123.4494   % 
LB close or above UB, fathomed
178    104    7          12.0920    27.0196    123.4494   % 
UB: 27.019565217391303
branching on CartesianIndex(1, 2) with a.
179    105    9          12.0920    27.0196    123.4494   % 
UB: 27.019565217391303
branching on CartesianIndex(3, 1) with a.
180    106    9          12.0920    27.0196    123.4494   % 
UB: 27.019565217391303
branching on CartesianIndex(1, 2) with a.
181    107    18         12.0920    27.0196    123.4494   % 
UB: 27.019565217391303
branching on CartesianIndex(2, 3) with a.
182    108    19         12.0920    27.0196    123.4494   % 
UB: 27.019565217391303
branching on 3 with b.
183    109    19         12.0920    27.0196    123.4494   % 
UB: 27.019565217391303
branching on CartesianIndex(1, 4) with c.
184    110    18         12.0920    27.0196    123.4494   % 
LB close or above UB, fathomed
185    109    17         12.0920    27.0196    123.4494   % 
UB: 27.019565217391303
branching on 2 with b.
186    110    18         12.0920    27.0196    123.4494   % 
UB: 27.019565217391303
branching on 3 with b.
187    111    18         12.0920    27.0196    123.4494   % 
UB: 27.019565217391303
branching on CartesianIndex(2, 3) with a.
188    112    17         12.0920    27.0196    123.4494   % 
LB close or above UB, fathomed
189    111    18         12.0920    27.0196    123.4494   % 
UB: 27.019565217391303
branching on CartesianIndex(2, 3) with a.
190    112    19         12.0920    27.0196    123.4494   % 
UB: 27.019565217391303
branching on CartesianIndex(3, 3) with a.
191    113    19         12.0920    27.0196    123.4494   % 
UB: 27.019565217391303
branching on CartesianIndex(1, 4) with c.
192    114    18         12.0920    27.0196    123.4494   % 
LB close or above UB, fathomed
193    113    24         12.0920    27.0196    123.4494   % 
UB: 27.019565217391303
branching on CartesianIndex(6, 3) with a.
194    114    25         12.0920    27.0196    123.4494   % 
UB: 27.019565217391303
branching on CartesianIndex(1, 4) with c.
195    115    26         12.0920    27.0196    123.4494   % 
LB close or above UB, fathomed
196    114    26         12.0920    27.0196    123.4494   % 
UB: 27.019565217391303
branching on CartesianIndex(1, 5) with c.
197    115    25         12.0920    27.0196    123.4494   % 
LB close or above UB, fathomed
198    114    24         12.0920    27.0196    123.4494   % 
LB close or above UB, fathomed
199    113    25         12.0920    27.0196    123.4494   % 
UB: 27.019565217391303
branching on CartesianIndex(1, 4) with c.
200    114    26         12.0920    27.0196    123.4494   % 
LB close or above UB, fathomed
201    113    26         12.0920    27.0196    123.4494   % 
UB: 27.019565217391303
branching on CartesianIndex(1, 5) with c.
202    114    27         12.0920    27.0196    123.4494   % 
UB: 27.019565217391303
branching on CartesianIndex(2, 5) with c.
203    115    28         12.0920    27.0196    123.4494   % 
UB: 27.019565217391303
branching on CartesianIndex(1, 6) with c.
204    116    29         12.0920    27.0196    123.4494   % 
LB close or above UB, fathomed
205    115    29         12.0920    27.0196    123.4494   % 
UB: 27.019565217391303
branching on CartesianIndex(1, 7) with c.
206    116    28         12.0920    27.0196    123.4494   % 
LB close or above UB, fathomed
207    115    27         12.0920    27.0196    123.4494   % 
LB close or above UB, fathomed
208    114    25         12.0920    27.0196    123.4494   % 
LB close or above UB, fathomed
209    113    27         12.0920    27.0196    123.4494   % 
UB: 27.019565217391303
branching on CartesianIndex(2, 5) with c.
210    114    28         12.0920    27.0196    123.4494   % 
UB: 27.019565217391303
branching on CartesianIndex(1, 6) with c.
211    115    29         12.0920    27.0196    123.4494   % 
LB close or above UB, fathomed
212    114    29         12.0920    27.0196    123.4494   % 
UB: 27.019565217391303
branching on 1 with b.
213    115    30         12.0920    27.0196    123.4494   % 
UB: 27.019565217391303
branching on CartesianIndex(1, 7) with c.
214    116    30         12.0920    27.0196    123.4494   % 
UB: 27.019565217391303
branching on CartesianIndex(1, 7) with c.
215    117    28         12.0920    27.0196    123.4494   % 
LB close or above UB, fathomed
216    116    27         12.0920    27.0196    123.4494   % 
LB close or above UB, fathomed
217    115    30         12.0920    27.0196    123.4494   % 
UB: 27.019565217391303
branching on 2 with b.
218    116    31         12.0920    27.0196    123.4494   % 
UB: 27.019565217391303
branching on CartesianIndex(2, 7) with c.
219    117    31         12.0920    27.0196    123.4494   % 
UB: 27.019565217391303
branching on CartesianIndex(2, 7) with c.
220    118    32         12.0920    27.0196    123.4494   % 
LB close or above UB, fathomed
221    117    32         12.0920    27.0196    123.4494   % 
UB: 27.019565217391303
branching on 3 with b.
222    118    33         12.0920    27.0196    123.4494   % 
UB: 27.019565217391303
branching on 1 with b.
223    119    34         12.0920    27.0196    123.4494   % 
UB: 27.019565217391303
branching on 2 with b.
224    120    35         12.0920    27.0196    123.4494   % 
UB: 21.04855072463768
branching on 3 with b.
225    121    36         12.0920    21.0486    74.0696    % 
UB: 21.04855072463768
branching on 1 with b.
226    78     37         12.0920    21.0486    74.0696    % 
UB: 21.04855072463768
branching on 2 with b.
227    79     38         12.0920    21.0486    74.0696    % 
UB: 21.04855072463768
branching on 3 with b.
228    79     38         12.0920    21.0486    74.0696    % 
UB: 21.04855072463768
branching on 3 with b.
229    79     37         12.0920    21.0486    74.0696    % 
UB: 21.04855072463768
branching on 2 with b.
230    80     36         12.0920    21.0486    74.0696    % 
UB: 21.04855072463768
branching on 1 with b.
231    81     35         12.0920    21.0486    74.0696    % 
LB close or above UB, fathomed
232    80     34         12.0920    21.0486    74.0696    % 
LB close or above UB, fathomed
233    79     33         12.0920    21.0486    74.0696    % 
LB close or above UB, fathomed
234    78     30         12.0920    21.0486    74.0696    % 
LB close or above UB, fathomed
235    77     5          15.0275    21.0486    40.0665    % 
UB: 21.04855072463768
branching on CartesianIndex(2, 1) with a.
236    78     6          15.0275    21.0486    40.0665    % 
UB: 21.04855072463768
branching on CartesianIndex(3, 1) with a.
237    79     6          15.0275    21.0486    40.0665    % 
LB close or above UB, fathomed
238    78     5          15.0275    21.0486    40.0665    % 
LB close or above UB, fathomed
239    77     37         15.0775    21.0486    39.6021    % 
UB: 21.04855072463768
branching on 2 with b.
240    78     38         15.0775    21.0486    39.6021    % 
UB: 21.04855072463768
branching on 3 with b.
241    79     38         15.0775    21.0486    39.6021    % 
UB: 21.04855072463768
branching on 3 with b.
242    80     37         15.0775    21.0486    39.6021    % 
LB close or above UB, fathomed
243    79     39         15.0775    21.0486    39.6021    % 
UB: 21.04855072463768
branching on 1 with b.
244    80     40         15.0775    21.0486    39.6021    % 
LB close or above UB, fathomed
245    79     40         15.0775    21.0486    39.6021    % 
LB close or above UB, fathomed
246    78     8          15.0775    21.0486    39.6021    % 
LB close or above UB, fathomed
247    77     8          15.0775    21.0486    39.6021    % 
LB close or above UB, fathomed
248    76     11         15.0775    21.0486    39.6021    % 
UB: 21.04855072463768
branching on CartesianIndex(3, 1) with a.
249    77     12         15.0775    21.0486    39.6021    % 
UB: 21.04855072463768
branching on CartesianIndex(4, 1) with a.
250    78     13         15.0775    21.0486    39.6021    % 
UB: 21.04855072463768
branching on CartesianIndex(5, 1) with a.
251    79     14         15.0775    21.0486    39.6021    % 
UB: 21.04855072463768
branching on CartesianIndex(6, 1) with a.
252    80     15         15.0775    21.0486    39.6021    % 
UB: 21.04855072463768
branching on CartesianIndex(1, 2) with a.
253    81     16         15.0775    21.0486    39.6021    % 
UB: 21.04855072463768
branching on CartesianIndex(2, 2) with a.
254    82     16         15.0775    21.0486    39.6021    % 
LB close or above UB, fathomed
255    81     15         15.0775    21.0486    39.6021    % 
LB close or above UB, fathomed
256    80     14         15.0775    21.0486    39.6021    % 
UB: 21.04855072463768
branching on 2 with b.
257    81     13         15.0775    21.0486    39.6021    % 
UB: 21.04855072463768
branching on CartesianIndex(1, 2) with a.
258    82     14         15.0775    21.0486    39.6021    % 
UB: 21.04855072463768
branching on CartesianIndex(2, 2) with a.
259    83     14         15.0775    21.0486    39.6021    % 
LB close or above UB, fathomed
260    82     12         15.0775    21.0486    39.6021    % 
LB close or above UB, fathomed
261    81     11         15.0775    21.0486    39.6021    % 
LB close or above UB, fathomed
262    80     15         15.0775    21.0486    39.6021    % 
LB close or above UB, fathomed
263    79     15         15.0775    21.0486    39.6021    % 
LB close or above UB, fathomed
264    78     16         15.0775    21.0486    39.6021    % 
UB: 21.04855072463768
branching on CartesianIndex(2, 2) with a.
265    79     16         15.0775    21.0486    39.6021    % 
LB close or above UB, fathomed
266    78     15         15.0775    21.0486    39.6021    % 
UB: 21.04855072463768
branching on 2 with b.
267    79     16         15.0775    21.0486    39.6021    % 
LB close or above UB, fathomed
268    78     16         15.0775    21.0486    39.6021    % 
UB: 21.04855072463768
branching on 3 with b.
269    79     17         15.0775    21.0486    39.6021    % 
UB: 21.04855072463768
branching on CartesianIndex(3, 2) with a.
270    80     18         15.0775    21.0486    39.6021    % 
UB: 21.04855072463768
branching on CartesianIndex(4, 2) with a.
271    81     18         15.0775    21.0486    39.6021    % 
LB close or above UB, fathomed
272    80     17         15.0775    21.0486    39.6021    % 
LB close or above UB, fathomed
273    79     15         15.0775    21.0486    39.6021    % 
LB close or above UB, fathomed
274    78     16         15.0775    21.0486    39.6021    % 
UB: 21.04855072463768
branching on CartesianIndex(1, 2) with a.
275    79     17         15.0775    21.0486    39.6021    % 
UB: 21.04855072463768
branching on CartesianIndex(2, 2) with a.
276    80     18         15.0775    21.0486    39.6021    % 
UB: 21.04855072463768
branching on CartesianIndex(3, 2) with a.
277    81     18         15.0775    21.0486    39.6021    % 
LB close or above UB, fathomed
278    80     17         15.0775    21.0486    39.6021    % 
LB close or above UB, fathomed
279    79     16         15.0775    21.0486    39.6021    % 
LB close or above UB, fathomed
280    78     16         15.0775    21.0486    39.6021    % 
UB: 21.04855072463768
branching on CartesianIndex(2, 2) with a.
281    79     17         15.0775    21.0486    39.6021    % 
UB: 21.04855072463768
branching on CartesianIndex(3, 2) with a.
282    80     17         15.0775    21.0486    39.6021    % 
LB close or above UB, fathomed
283    79     16         15.0775    21.0486    39.6021    % 
LB close or above UB, fathomed
284    78     13         15.0775    21.0486    39.6021    % 
UB: 21.04855072463768
branching on CartesianIndex(2, 2) with a.
285    79     14         15.0775    21.0486    39.6021    % 
UB: 21.04855072463768
branching on CartesianIndex(3, 2) with a.
286    80     15         15.0775    21.0486    39.6021    % 
UB: 21.04855072463768
branching on CartesianIndex(4, 2) with a.
287    81     15         15.0775    21.0486    39.6021    % 
LB close or above UB, fathomed
288    80     14         15.0775    21.0486    39.6021    % 
LB close or above UB, fathomed
289    79     13         15.0775    21.0486    39.6021    % 
LB close or above UB, fathomed
290    78     13         15.0775    21.0486    39.6021    % 
UB: 21.04855072463768
branching on 3 with b.
291    79     13         15.0775    21.0486    39.6021    % 
LB close or above UB, fathomed
292    78     16         15.0775    21.0486    39.6021    % 
UB: 21.04855072463768
branching on 2 with b.
293    79     17         15.0775    21.0486    39.6021    % 
LB close or above UB, fathomed
294    78     17         15.0775    21.0486    39.6021    % 
UB: 21.04855072463768
branching on CartesianIndex(3, 2) with a.
295    79     18         15.0775    21.0486    39.6021    % 
UB: 21.04855072463768
branching on CartesianIndex(4, 2) with a.
296    80     19         15.0775    21.0486    39.6021    % 
UB: 21.04855072463768
branching on CartesianIndex(5, 2) with a.
297    81     20         15.0775    21.0486    39.6021    % 
LB close or above UB, fathomed
298    80     20         15.0775    21.0486    39.6021    % 
LB close or above UB, fathomed
299    79     19         15.0775    21.0486    39.6021    % 
LB close or above UB, fathomed
300    78     18         15.0775    21.0486    39.6021    % 
LB close or above UB, fathomed
301    77     16         15.0775    21.0486    39.6021    % 
LB close or above UB, fathomed
302    76     16         15.0775    21.0486    39.6021    % 
UB: 21.04855072463768
branching on CartesianIndex(2, 2) with a.
303    77     16         15.0775    21.0486    39.6021    % 
LB close or above UB, fathomed
304    76     14         15.0775    21.0486    39.6021    % 
UB: 21.04855072463768
branching on CartesianIndex(2, 2) with a.
305    77     14         15.0775    21.0486    39.6021    % 
LB close or above UB, fathomed
306    76     18         15.0775    21.0486    39.6021    % 
UB: 21.04855072463768
branching on CartesianIndex(1, 3) with a.
307    77     19         15.0775    21.0486    39.6021    % 
UB: 21.04855072463768
branching on 3 with b.
308    78     20         15.0775    21.0486    39.6021    % 
LB close or above UB, fathomed
309    77     20         15.0775    21.0486    39.6021    % 
UB: 21.04855072463768
branching on CartesianIndex(2, 3) with a.
310    78     21         15.0775    21.0486    39.6021    % 
UB: 21.04855072463768
branching on CartesianIndex(3, 3) with a.
311    79     22         15.0775    21.0486    39.6021    % 
UB: 21.04855072463768
branching on CartesianIndex(4, 3) with a.
312    80     22         15.0775    21.0486    39.6021    % 
LB close or above UB, fathomed
313    79     21         15.0775    21.0486    39.6021    % 
LB close or above UB, fathomed
314    78     19         15.0775    21.0486    39.6021    % 
LB close or above UB, fathomed
315    77     18         15.0775    21.0486    39.6021    % 
LB close or above UB, fathomed
316    76     17         15.0775    21.0486    39.6021    % 
UB: 21.04855072463768
branching on CartesianIndex(2, 3) with a.
317    77     18         15.0775    21.0486    39.6021    % 
UB: 21.04855072463768
branching on CartesianIndex(3, 3) with a.
318    78     19         15.0775    21.0486    39.6021    % 
UB: 21.04855072463768
branching on CartesianIndex(4, 3) with a.
319    79     20         15.0775    21.0486    39.6021    % 
UB: 21.04855072463768
branching on CartesianIndex(5, 3) with a.
320    80     21         15.0775    21.0486    39.6021    % 
UB: 21.04855072463768
branching on CartesianIndex(6, 3) with a.
321    81     22         15.0775    21.0486    39.6021    % 
UB: 21.04855072463768
branching on CartesianIndex(1, 4) with c.
322    82     23         15.0775    21.0486    39.6021    % 
LB close or above UB, fathomed
323    81     23         15.0775    21.0486    39.6021    % 
UB: 21.04855072463768
branching on CartesianIndex(1, 5) with c.
324    82     24         15.0775    21.0486    39.6021    % 
UB: 21.04855072463768
branching on CartesianIndex(2, 5) with c.
325    83     25         15.0775    21.0486    39.6021    % 
UB: 21.04855072463768
branching on CartesianIndex(1, 6) with c.
326    84     26         15.0775    21.0486    39.6021    % 
LB close or above UB, fathomed
327    83     26         15.0775    21.0486    39.6021    % 
UB: 21.04855072463768
branching on CartesianIndex(1, 7) with c.
328    84     27         15.0775    21.0486    39.6021    % 
UB: 21.04855072463768
branching on 2 with b.
329    85     28         15.0775    21.0486    39.6021    % 
UB: 21.04855072463768
branching on 3 with b.
330    86     29         15.0775    21.0486    39.6021    % 
LB close or above UB, fathomed
331    85     29         15.0775    21.0486    39.6021    % 
UB: 21.04855072463768
branching on 1 with b.
332    86     30         15.0775    21.0486    39.6021    % 
UB: 21.04855072463768
branching on CartesianIndex(2, 7) with c.
333    87     30         15.0775    21.0486    39.6021    % 
LB close or above UB, fathomed
334    86     28         15.0775    21.0486    39.6021    % 
LB close or above UB, fathomed
335    85     27         15.0775    21.0486    39.6021    % 
LB close or above UB, fathomed
336    84     25         15.0775    21.0486    39.6021    % 
LB close or above UB, fathomed
337    83     24         15.0775    21.0486    39.6021    % 
LB close or above UB, fathomed
338    82     22         15.0775    21.0486    39.6021    % 
LB close or above UB, fathomed
339    81     21         15.0775    21.0486    39.6021    % 
LB close or above UB, fathomed
340    80     20         15.0775    21.0486    39.6021    % 
LB close or above UB, fathomed
341    79     19         15.0775    21.0486    39.6021    % 
LB close or above UB, fathomed
342    78     18         15.0775    21.0486    39.6021    % 
LB close or above UB, fathomed
343    77     17         15.0775    21.0486    39.6021    % 
LB close or above UB, fathomed
344    76     12         15.0775    21.0486    39.6021    % 
UB: 21.04855072463768
branching on CartesianIndex(4, 2) with a.
345    77     13         15.0775    21.0486    39.6021    % 
UB: 21.04855072463768
branching on CartesianIndex(5, 2) with a.
346    78     14         15.0775    21.0486    39.6021    % 
UB: 21.04855072463768
branching on CartesianIndex(6, 2) with a.
347    79     15         15.0775    21.0486    39.6021    % 
UB: 21.04855072463768
branching on CartesianIndex(1, 3) with a.
348    80     15         15.0775    21.0486    39.6021    % 
LB close or above UB, fathomed
349    79     14         15.0775    21.0486    39.6021    % 
LB close or above UB, fathomed
350    78     13         15.0775    21.0486    39.6021    % 
LB close or above UB, fathomed
351    77     12         15.0775    21.0486    39.6021    % 
LB close or above UB, fathomed
352    76     7          15.0775    21.0486    39.6021    % 
UB: 21.04855072463768
branching on CartesianIndex(1, 3) with a.
353    77     8          15.0775    21.0486    39.6021    % 
UB: 21.04855072463768
branching on 1 with b.
354    78     9          15.0775    21.0486    39.6021    % 
LB close or above UB, fathomed
355    77     9          15.0775    21.0486    39.6021    % 
UB: 21.04855072463768
branching on 2 with b.
356    78     8          15.0775    21.0486    39.6021    % 
LB close or above UB, fathomed
357    77     7          15.0775    21.0486    39.6021    % 
LB close or above UB, fathomed
358    76     23         15.0775    21.0486    39.6021    % 
UB: 21.04855072463768
branching on CartesianIndex(5, 3) with a.
359    77     24         15.0775    21.0486    39.6021    % 
UB: 21.04855072463768
branching on CartesianIndex(6, 3) with a.
360    78     24         15.0775    21.0486    39.6021    % 
LB close or above UB, fathomed
361    77     23         15.0775    21.0486    39.6021    % 
LB close or above UB, fathomed
362    76     20         15.0775    21.0486    39.6021    % 
UB: 21.04855072463768
branching on CartesianIndex(3, 3) with a.
363    77     21         15.0775    21.0486    39.6021    % 
UB: 21.04855072463768
branching on 1 with b.
364    78     22         15.0775    21.0486    39.6021    % 
LB close or above UB, fathomed
365    77     22         15.0775    21.0486    39.6021    % 
UB: 21.04855072463768
branching on 2 with b.
366    78     21         15.0775    21.0486    39.6021    % 
LB close or above UB, fathomed
367    77     20         15.0775    21.0486    39.6021    % 
LB close or above UB, fathomed
368    76     23         15.0775    21.0486    39.6021    % 
UB: 21.04855072463768
branching on CartesianIndex(4, 3) with a.
369    77     23         15.0775    21.0486    39.6021    % 
UB: 21.04855072463768
branching on 3 with b.
370    78     31         15.0775    21.0486    39.6021    % 
LB close or above UB, fathomed
371    77     31         15.0775    21.0486    39.6021    % 
UB: 21.04855072463768
branching on 2 with b.
372    78     32         15.0775    21.0486    39.6021    % 
LB close or above UB, fathomed
373    77     32         15.0775    21.0486    39.6021    % 
UB: 21.04855072463768
branching on 3 with b.
374    78     33         15.0775    21.0486    39.6021    % 
LB close or above UB, fathomed
375    77     33         15.0775    21.0486    39.6021    % 
UB: 21.04855072463768
branching on 1 with b.
376    78     34         15.0775    21.0486    39.6021    % 
UB: 21.04855072463768
branching on 2 with b.
377    79     35         15.0775    21.0486    39.6021    % 
UB: 21.04855072463768
branching on 3 with b.
378    80     36         15.0775    21.0486    39.6021    % 
LB close or above UB, fathomed
379    79     36         15.0775    21.0486    39.6021    % 
UB: 21.04855072463768
branching on 1 with b.
380    80     37         15.0775    21.0486    39.6021    % 
UB: 21.04855072463768
branching on 2 with b.
381    81     38         15.0775    21.0486    39.6021    % 
UB: 21.04855072463768
branching on 3 with b.
382    82     38         15.0775    21.0486    39.6021    % 
UB: 21.04855072463768
branching on 3 with b.
383    83     37         15.0775    21.0486    39.6021    % 
LB close or above UB, fathomed
384    82     35         15.0775    21.0486    39.6021    % 
LB close or above UB, fathomed
385    81     34         15.0775    21.0486    39.6021    % 
LB close or above UB, fathomed
386    80     39         15.0775    21.0486    39.6021    % 
UB: 21.04855072463768
branching on 1 with b.
387    81     40         15.0775    21.0486    39.6021    % 
LB close or above UB, fathomed
388    80     40         15.0775    21.0486    39.6021    % 
LB close or above UB, fathomed
389    79     19         15.0775    21.0486    39.6021    % 
UB: 21.04855072463768
branching on CartesianIndex(3, 3) with a.
390    80     19         15.0775    21.0486    39.6021    % 
LB close or above UB, fathomed
391    79     18         15.0775    21.0486    39.6021    % 
UB: 21.04855072463768
branching on CartesianIndex(2, 3) with a.
392    80     19         15.0775    21.0486    39.6021    % 
UB: 21.04855072463768
branching on CartesianIndex(3, 3) with a.
393    81     19         15.0775    21.0486    39.6021    % 
LB close or above UB, fathomed
394    80     18         15.0775    21.0486    39.6021    % 
LB close or above UB, fathomed
395    79     25         15.0775    21.0486    39.6021    % 
UB: 21.04855072463768
branching on CartesianIndex(1, 4) with c.
396    80     25         15.0775    21.0486    39.6021    % 
LB close or above UB, fathomed
397    79     16         15.0775    21.0486    39.6021    % 
UB: 21.04855072463768
branching on 1 with b.
398    80     17         15.0775    21.0486    39.6021    % 
UB: 21.04855072463768
branching on CartesianIndex(2, 3) with a.
399    81     17         15.0775    21.0486    39.6021    % 
LB close or above UB, fathomed
400    80     16         15.0775    21.0486    39.6021    % 
LB close or above UB, fathomed
401    79     26         15.0775    21.0486    39.6021    % 
LB close or above UB, fathomed
402    78     26         15.0775    21.0486    39.6021    % 
UB: 21.04855072463768
branching on CartesianIndex(1, 5) with c.
403    79     27         15.0775    21.0486    39.6021    % 
UB: 21.04855072463768
branching on CartesianIndex(2, 5) with c.
404    80     27         15.0775    21.0486    39.6021    % 
LB close or above UB, fathomed
405    79     20         15.0775    21.0486    39.6021    % 
UB: 21.04855072463768
branching on CartesianIndex(4, 3) with a.
406    80     21         15.0775    21.0486    39.6021    % 
UB: 21.04855072463768
branching on CartesianIndex(5, 3) with a.
407    81     22         15.0775    21.0486    39.6021    % 
UB: 21.04855072463768
branching on CartesianIndex(6, 3) with a.
408    82     23         15.0775    21.0486    39.6021    % 
UB: 21.04855072463768
branching on CartesianIndex(1, 4) with c.
409    83     24         15.0775    21.0486    39.6021    % 
LB close or above UB, fathomed
410    82     24         15.0775    21.0486    39.6021    % 
UB: 21.04855072463768
branching on CartesianIndex(1, 5) with c.
411    83     25         15.0775    21.0486    39.6021    % 
UB: 21.04855072463768
branching on 2 with b.
412    84     26         15.0775    21.0486    39.6021    % 
UB: 21.04855072463768
branching on CartesianIndex(2, 5) with c.
413    85     26         15.0775    21.0486    39.6021    % 
UB: 21.04855072463768
branching on 3 with b.
414    86     25         15.0775    21.0486    39.6021    % 
LB close or above UB, fathomed
415    85     23         15.0775    21.0486    39.6021    % 
LB close or above UB, fathomed
416    84     22         15.0775    21.0486    39.6021    % 
LB close or above UB, fathomed
417    83     21         15.0775    21.0486    39.6021    % 
LB close or above UB, fathomed
418    82     20         15.0775    21.0486    39.6021    % 
LB close or above UB, fathomed
419    81     19         15.0775    21.0486    39.6021    % 
UB: 21.04855072463768
branching on CartesianIndex(2, 3) with a.
420    82     20         15.0775    21.0486    39.6021    % 
UB: 21.04855072463768
branching on CartesianIndex(3, 3) with a.
421    83     20         15.0775    21.0486    39.6021    % 
LB close or above UB, fathomed
422    82     19         15.0775    21.0486    39.6021    % 
LB close or above UB, fathomed
423    81     24         15.0775    21.0486    39.6021    % 
UB: 21.04855072463768
branching on CartesianIndex(4, 3) with a.
424    82     24         15.0775    21.0486    39.6021    % 
LB close or above UB, fathomed
425    81     31         15.0775    21.0486    39.6021    % 
UB: 21.04855072463768
branching on CartesianIndex(2, 7) with c.
426    82     32         15.0775    21.0486    39.6021    % 
LB close or above UB, fathomed
427    81     32         15.0775    21.0486    39.6021    % 
UB: 21.04855072463768
branching on 2 with b.
428    82     33         15.0775    21.0486    39.6021    % 
LB close or above UB, fathomed
429    81     33         15.0775    21.0486    39.6021    % 
UB: 21.04855072463768
branching on 3 with b.
430    82     34         15.0775    21.0486    39.6021    % 
UB: 21.04855072463768
branching on 1 with b.
431    83     35         15.0775    21.0486    39.6021    % 
LB close or above UB, fathomed
432    82     35         15.0775    21.0486    39.6021    % 
UB: 21.04855072463768
branching on 2 with b.
433    83     36         15.0775    21.0486    39.6021    % 
UB: 21.04855072463768
branching on 3 with b.
434    84     37         15.0775    21.0486    39.6021    % 
UB: 21.04855072463768
branching on 1 with b.
435    85     38         15.0775    21.0486    39.6021    % 
UB: 21.04855072463768
branching on 2 with b.
436    86     38         15.0775    21.0486    39.6021    % 
LB close or above UB, fathomed
437    85     37         15.0775    21.0486    39.6021    % 
UB: 21.04855072463768
branching on 1 with b.
438    86     36         15.0775    21.0486    39.6021    % 
LB close or above UB, fathomed
439    85     34         15.0775    21.0486    39.6021    % 
LB close or above UB, fathomed
440    84     31         15.0775    21.0486    39.6021    % 
LB close or above UB, fathomed
441    83     25         15.0775    21.0486    39.6021    % 
UB: 21.04855072463768
branching on CartesianIndex(5, 3) with a.
442    84     26         15.0775    21.0486    39.6021    % 
UB: 21.04855072463768
branching on CartesianIndex(6, 3) with a.
443    85     27         15.0775    21.0486    39.6021    % 
UB: 21.04855072463768
branching on CartesianIndex(1, 4) with c.
444    86     28         15.0775    21.0486    39.6021    % 
LB close or above UB, fathomed
445    85     28         15.0775    21.0486    39.6021    % 
UB: 21.04855072463768
branching on CartesianIndex(1, 5) with c.
446    86     29         15.0775    21.0486    39.6021    % 
UB: 21.04855072463768
branching on CartesianIndex(2, 5) with c.
447    87     30         15.0775    21.0486    39.6021    % 
UB: 21.04855072463768
branching on CartesianIndex(1, 6) with c.
448    88     31         15.0775    21.0486    39.6021    % 
LB close or above UB, fathomed
449    87     31         15.0775    21.0486    39.6021    % 
UB: 21.04855072463768
branching on CartesianIndex(1, 7) with c.
450    88     32         15.0775    21.0486    39.6021    % 
UB: 21.04855072463768
branching on CartesianIndex(2, 7) with c.
451    89     33         15.0775    21.0486    39.6021    % 
LB close or above UB, fathomed
452    88     33         15.0775    21.0486    39.6021    % 
UB: 21.04855072463768
branching on 1 with b.
453    89     34         15.0775    21.0486    39.6021    % 
LB close or above UB, fathomed
454    88     34         15.0775    21.0486    39.6021    % 
UB: 21.04855072463768
branching on 2 with b.
455    89     32         15.0775    21.0486    39.6021    % 
LB close or above UB, fathomed
456    88     30         15.0775    21.0486    39.6021    % 
LB close or above UB, fathomed
457    87     29         15.0775    21.0486    39.6021    % 
LB close or above UB, fathomed
458    86     27         15.0775    21.0486    39.6021    % 
LB close or above UB, fathomed
459    85     26         15.0775    21.0486    39.6021    % 
LB close or above UB, fathomed
460    84     25         15.0775    21.0486    39.6021    % 
LB close or above UB, fathomed
461    83     27         15.0775    21.0486    39.6021    % 
UB: 21.04855072463768
branching on CartesianIndex(1, 6) with c.
462    84     28         15.0775    21.0486    39.6021    % 
LB close or above UB, fathomed
463    83     28         15.0775    21.0486    39.6021    % 
UB: 21.04855072463768
branching on CartesianIndex(1, 7) with c.
464    84     29         15.0775    21.0486    39.6021    % 
UB: 21.04855072463768
branching on CartesianIndex(2, 7) with c.
465    85     30         15.0775    21.0486    39.6021    % 
LB close or above UB, fathomed
466    84     30         15.0775    21.0486    39.6021    % 
UB: 21.04855072463768
branching on 3 with b.
467    85     31         15.0775    21.0486    39.6021    % 
UB: 21.04855072463768
branching on 1 with b.
468    86     32         15.0775    21.0486    39.6021    % 
UB: 21.04855072463768
branching on 2 with b.
469    87     32         15.0775    21.0486    39.6021    % 
LB close or above UB, fathomed
470    86     31         15.0775    21.0486    39.6021    % 
LB close or above UB, fathomed
471    85     29         15.0775    21.0486    39.6021    % 
LB close or above UB, fathomed
472    84     27         15.0775    21.0486    39.6021    % 
LB close or above UB, fathomed
473    83     28         15.0775    21.0486    39.6021    % 
UB: 21.04855072463768
branching on CartesianIndex(1, 6) with c.
474    84     29         15.0775    21.0486    39.6021    % 
LB close or above UB, fathomed
475    83     29         15.0775    21.0486    39.6021    % 
UB: 21.04855072463768
branching on CartesianIndex(1, 7) with c.
476    84     30         15.0775    21.0486    39.6021    % 
UB: 21.04855072463768
branching on 1 with b.
477    85     31         15.0775    21.0486    39.6021    % 
UB: 21.04855072463768
branching on CartesianIndex(2, 7) with c.
478    86     31         15.0775    21.0486    39.6021    % 
LB close or above UB, fathomed
479    85     30         15.0775    21.0486    39.6021    % 
LB close or above UB, fathomed
480    84     28         15.0775    21.0486    39.6021    % 
LB close or above UB, fathomed
481    83     17         16.5703    21.0486    27.0258    % 
LB close or above UB, fathomed
482    82     17         16.5703    21.0486    27.0258    % 
LB close or above UB, fathomed
483    81     17         16.5703    21.0486    27.0258    % 
LB close or above UB, fathomed
484    80     17         16.5703    21.0486    27.0258    % 
LB close or above UB, fathomed
485    79     4          18.0112    21.0486    16.8635    % 
LB close or above UB, fathomed
486    78     4          18.0112    21.0486    16.8635    % 
UB: 21.04855072463768
branching on CartesianIndex(1, 1) with a.
487    79     5          18.0112    21.0486    16.8635    % 
LB close or above UB, fathomed
488    78     5          18.0112    21.0486    16.8635    % 
LB close or above UB, fathomed
489    77     7          18.0130    21.0486    16.8517    % 
UB: 21.04855072463768
branching on 1 with b.
490    78     8          18.0130    21.0486    16.8517    % 
LB close or above UB, fathomed
491    77     8          18.0130    21.0486    16.8517    % 
UB: 21.04855072463768
branching on 1 with b.
492    78     9          18.0130    21.0486    16.8517    % 
UB: 21.04855072463768
branching on 2 with b.
493    79     10         18.0130    21.0486    16.8517    % 
UB: 21.04855072463768
branching on CartesianIndex(4, 1) with a.
494    80     11         18.0130    21.0486    16.8517    % 
UB: 21.04855072463768
branching on CartesianIndex(5, 1) with a.
495    81     12         18.0130    21.0486    16.8517    % 
UB: 21.04855072463768
branching on CartesianIndex(6, 1) with a.
496    82     13         18.0130    21.0486    16.8517    % 
UB: 21.04855072463768
branching on CartesianIndex(1, 2) with a.
497    83     14         18.0130    21.0486    16.8517    % 
LB close or above UB, fathomed
498    82     14         18.0130    21.0486    16.8517    % 
LB close or above UB, fathomed
499    81     13         18.0130    21.0486    16.8517    % 
LB close or above UB, fathomed
500    80     12         18.0130    21.0486    16.8517    % 
LB close or above UB, fathomed
501    79     11         18.0130    21.0486    16.8517    % 
LB close or above UB, fathomed
502    78     10         18.0130    21.0486    16.8517    % 
LB close or above UB, fathomed
503    77     9          18.0130    21.0486    16.8517    % 
LB close or above UB, fathomed
504    76     7          18.0130    21.0486    16.8517    % 
LB close or above UB, fathomed
505    75     39         18.0630    21.0486    16.5283    % 
LB close or above UB, fathomed
506    74     39         18.0630    21.0486    16.5283    % 
LB close or above UB, fathomed
507    73     39         18.0630    21.0486    16.5283    % 
LB close or above UB, fathomed
508    72     39         18.0630    21.0486    16.5283    % 
UB: 21.04855072463768
branching on 1 with b.
509    73     10         18.0630    21.0486    16.5283    % 
UB: 21.04855072463768
branching on CartesianIndex(2, 3) with a.
510    74     11         18.0630    21.0486    16.5283    % 
UB: 21.04855072463768
branching on CartesianIndex(3, 3) with a.
511    75     12         18.0630    21.0486    16.5283    % 
UB: 21.04855072463768
branching on 3 with b.
512    76     13         18.0630    21.0486    16.5283    % 
LB close or above UB, fathomed
513    75     13         18.0630    21.0486    16.5283    % 
LB close or above UB, fathomed
514    74     12         18.0630    21.0486    16.5283    % 
LB close or above UB, fathomed
515    73     11         18.0630    21.0486    16.5283    % 
LB close or above UB, fathomed
516    72     10         18.0630    21.0486    16.5283    % 
LB close or above UB, fathomed
517    71     16         18.0630    21.0486    16.5283    % 
UB: 21.04855072463768
branching on CartesianIndex(2, 3) with a.
518    72     17         18.0630    21.0486    16.5283    % 
UB: 21.04855072463768
branching on 1 with b.
519    73     18         18.0630    21.0486    16.5283    % 
LB close or above UB, fathomed
520    72     18         18.0630    21.0486    16.5283    % 
UB: 21.04855072463768
branching on CartesianIndex(3, 3) with a.
521    73     19         18.0630    21.0486    16.5283    % 
UB: 21.04855072463768
branching on CartesianIndex(4, 3) with a.
522    74     20         18.0630    21.0486    16.5283    % 
UB: 21.04855072463768
branching on CartesianIndex(5, 3) with a.
523    75     21         18.0630    21.0486    16.5283    % 
UB: 21.04855072463768
branching on CartesianIndex(6, 3) with a.
524    76     22         18.0630    21.0486    16.5283    % 
UB: 21.04855072463768
branching on 2 with b.
525    77     23         18.0630    21.0486    16.5283    % 
UB: 21.04855072463768
branching on CartesianIndex(1, 4) with c.
526    78     23         18.0630    21.0486    16.5283    % 
LB close or above UB, fathomed
527    77     22         18.0630    21.0486    16.5283    % 
LB close or above UB, fathomed
528    76     21         18.0630    21.0486    16.5283    % 
LB close or above UB, fathomed
529    75     20         18.0630    21.0486    16.5283    % 
LB close or above UB, fathomed
530    74     19         18.0630    21.0486    16.5283    % 
LB close or above UB, fathomed
531    73     17         18.0630    21.0486    16.5283    % 
LB close or above UB, fathomed
532    72     16         18.0630    21.0486    16.5283    % 
LB close or above UB, fathomed
533    71     17         18.0630    21.0486    16.5283    % 
LB close or above UB, fathomed
534    70     17         18.0630    21.0486    16.5283    % 
LB close or above UB, fathomed
535    69     18         18.0630    21.0486    16.5283    % 
UB: 21.04855072463768
branching on CartesianIndex(4, 2) with a.
536    70     19         18.0630    21.0486    16.5283    % 
UB: 21.04855072463768
branching on CartesianIndex(5, 2) with a.
537    71     20         18.0630    21.0486    16.5283    % 
UB: 21.04855072463768
branching on CartesianIndex(6, 2) with a.
538    72     20         18.0630    21.0486    16.5283    % 
LB close or above UB, fathomed
539    71     19         18.0630    21.0486    16.5283    % 
LB close or above UB, fathomed
540    70     18         18.0630    21.0486    16.5283    % 
LB close or above UB, fathomed
541    69     19         18.0630    21.0486    16.5283    % 
UB: 21.04855072463768
branching on CartesianIndex(4, 2) with a.
542    70     20         18.0630    21.0486    16.5283    % 
UB: 21.04855072463768
branching on CartesianIndex(5, 2) with a.
543    71     21         18.0630    21.0486    16.5283    % 
UB: 21.04855072463768
branching on CartesianIndex(6, 2) with a.
544    72     22         18.0630    21.0486    16.5283    % 
LB close or above UB, fathomed
545    71     22         18.0630    21.0486    16.5283    % 
UB: 21.04855072463768
branching on CartesianIndex(1, 3) with a.
546    72     21         18.0630    21.0486    16.5283    % 
LB close or above UB, fathomed
547    71     20         18.0630    21.0486    16.5283    % 
LB close or above UB, fathomed
548    70     19         18.0630    21.0486    16.5283    % 
LB close or above UB, fathomed
549    69     19         18.0630    21.0486    16.5283    % 
UB: 21.04855072463768
branching on CartesianIndex(5, 2) with a.
550    70     20         18.0630    21.0486    16.5283    % 
LB close or above UB, fathomed
551    69     20         18.0630    21.0486    16.5283    % 
LB close or above UB, fathomed
552    68     19         18.0630    21.0486    16.5283    % 
LB close or above UB, fathomed
553    67     15         18.0630    21.0486    16.5283    % 
LB close or above UB, fathomed
554    66     15         18.0630    21.0486    16.5283    % 
LB close or above UB, fathomed
555    65     15         18.0630    21.0486    16.5283    % 
LB close or above UB, fathomed
556    64     15         18.0630    21.0486    16.5283    % 
LB close or above UB, fathomed
557    63     39         18.0630    21.0486    16.5283    % 
UB: 21.04855072463768
branching on 1 with b.
558    64     40         18.0630    21.0486    16.5283    % 
LB close or above UB, fathomed
559    63     40         18.0630    21.0486    16.5283    % 
LB close or above UB, fathomed
560    62     39         18.0630    21.0486    16.5283    % 
LB close or above UB, fathomed
561    61     39         18.0630    21.0486    16.5283    % 
UB: 21.04855072463768
branching on 1 with b.
562    62     40         18.0630    21.0486    16.5283    % 
LB close or above UB, fathomed
563    61     40         18.0630    21.0486    16.5283    % 
LB close or above UB, fathomed
564    60     39         18.0630    21.0486    16.5283    % 
LB close or above UB, fathomed
565    59     13         18.0630    21.0486    16.5283    % 
LB close or above UB, fathomed
566    58     13         18.0630    21.0486    16.5283    % 
LB close or above UB, fathomed
567    57     15         18.0630    21.0486    16.5283    % 
UB: 21.04855072463768
branching on CartesianIndex(1, 2) with a.
568    58     16         18.0630    21.0486    16.5283    % 
UB: 21.04855072463768
branching on CartesianIndex(2, 2) with a.
569    59     17         18.0630    21.0486    16.5283    % 
LB close or above UB, fathomed
570    58     17         18.0630    21.0486    16.5283    % 
LB close or above UB, fathomed
571    57     16         18.0630    21.0486    16.5283    % 
LB close or above UB, fathomed
572    56     15         18.0630    21.0486    16.5283    % 
LB close or above UB, fathomed
573    55     17         18.0630    21.0486    16.5283    % 
LB close or above UB, fathomed
574    54     17         18.0630    21.0486    16.5283    % 
UB: 21.04855072463768
branching on CartesianIndex(1, 3) with a.
575    55     9          18.0630    21.0486    16.5283    % 
UB: 21.04855072463768
branching on 1 with b.
576    56     10         18.0630    21.0486    16.5283    % 
LB close or above UB, fathomed
577    55     10         18.0630    21.0486    16.5283    % 
LB close or above UB, fathomed
578    54     9          18.0630    21.0486    16.5283    % 
LB close or above UB, fathomed
579    53     18         18.0630    21.0486    16.5283    % 
UB: 21.04855072463768
branching on CartesianIndex(2, 3) with a.
580    54     19         18.0630    21.0486    16.5283    % 
LB close or above UB, fathomed
581    53     19         18.0630    21.0486    16.5283    % 
LB close or above UB, fathomed
582    52     18         18.0630    21.0486    16.5283    % 
LB close or above UB, fathomed
583    51     24         18.0630    21.0486    16.5283    % 
LB close or above UB, fathomed
584    50     24         18.0630    21.0486    16.5283    % 
UB: 21.04855072463768
branching on CartesianIndex(1, 5) with c.
585    51     25         18.0630    21.0486    16.5283    % 
UB: 21.04855072463768
branching on CartesianIndex(2, 5) with c.
586    52     26         18.0630    21.0486    16.5283    % 
UB: 21.04855072463768
branching on CartesianIndex(1, 6) with c.
587    53     27         18.0630    21.0486    16.5283    % 
LB close or above UB, fathomed
588    52     27         18.0630    21.0486    16.5283    % 
UB: 21.04855072463768
branching on CartesianIndex(1, 7) with c.
589    53     28         18.0630    21.0486    16.5283    % 
UB: 21.04855072463768
branching on CartesianIndex(2, 7) with c.
590    54     29         18.0630    21.0486    16.5283    % 
LB close or above UB, fathomed
591    53     29         18.0630    21.0486    16.5283    % 
UB: 21.04855072463768
branching on 3 with b.
592    54     30         18.0630    21.0486    16.5283    % 
LB close or above UB, fathomed
593    53     30         18.0630    21.0486    16.5283    % 
UB: 21.04855072463768
branching on 1 with b.
594    54     31         18.0630    21.0486    16.5283    % 
LB close or above UB, fathomed
595    53     31         18.0630    21.0486    16.5283    % 
UB: 21.04855072463768
branching on 2 with b.
596    54     32         18.0630    21.0486    16.5283    % 
LB close or above UB, fathomed
597    53     32         18.0630    21.0486    16.5283    % 
UB: 21.04855072463768
branching on 3 with b.
598    54     33         18.0630    21.0486    16.5283    % 
LB close or above UB, fathomed
599    53     33         18.0630    21.0486    16.5283    % 
UB: 21.04855072463768
branching on 1 with b.
600    54     34         18.0630    21.0486    16.5283    % 
LB close or above UB, fathomed
601    53     34         18.0630    21.0486    16.5283    % 
LB close or above UB, fathomed
602    52     28         18.0630    21.0486    16.5283    % 
LB close or above UB, fathomed
603    51     26         18.0630    21.0486    16.5283    % 
LB close or above UB, fathomed
604    50     25         18.0630    21.0486    16.5283    % 
LB close or above UB, fathomed
605    49     40         18.0630    21.0486    16.5283    % 
LB close or above UB, fathomed
606    48     40         18.0630    21.0486    16.5283    % 
LB close or above UB, fathomed
607    47     39         18.0630    21.0486    16.5283    % 
LB close or above UB, fathomed
608    46     39         18.0630    21.0486    16.5283    % 
UB: 21.04855072463768
branching on 1 with b.
609    47     40         18.0630    21.0486    16.5283    % 
LB close or above UB, fathomed
610    46     40         18.0630    21.0486    16.5283    % 
LB close or above UB, fathomed
611    45     15         18.0630    21.0486    16.5283    % 
LB close or above UB, fathomed
612    44     15         18.0630    21.0486    16.5283    % 
LB close or above UB, fathomed
613    43     14         18.0630    21.0486    16.5283    % 
LB close or above UB, fathomed
614    42     14         18.0630    21.0486    16.5283    % 
LB close or above UB, fathomed
615    41     16         18.0630    21.0486    16.5283    % 
UB: 21.04855072463768
branching on CartesianIndex(5, 2) with a.
616    42     17         18.0630    21.0486    16.5283    % 
LB close or above UB, fathomed
617    41     17         18.0630    21.0486    16.5283    % 
LB close or above UB, fathomed
618    40     16         18.0630    21.0486    16.5283    % 
LB close or above UB, fathomed
619    39     38         18.0630    21.0486    16.5283    % 
LB close or above UB, fathomed
620    38     38         18.0630    21.0486    16.5283    % 
LB close or above UB, fathomed
621    37     10         18.0630    21.0486    16.5283    % 
UB: 21.04855072463768
branching on 3 with b.
622    38     11         18.0630    21.0486    16.5283    % 
UB: 21.04855072463768
branching on CartesianIndex(4, 1) with a.
623    39     11         18.0630    21.0486    16.5283    % 
UB: 21.04855072463768
branching on CartesianIndex(4, 1) with a.
624    40     12         18.0630    21.0486    16.5283    % 
UB: 21.04855072463768
branching on 1 with b.
625    41     13         18.0630    21.0486    16.5283    % 
LB close or above UB, fathomed
626    40     13         18.0630    21.0486    16.5283    % 
LB close or above UB, fathomed
627    39     12         18.0630    21.0486    16.5283    % 
LB close or above UB, fathomed
628    38     10         18.0630    21.0486    16.5283    % 
LB close or above UB, fathomed
629    37     16         18.0630    21.0486    16.5283    % 
UB: 21.04855072463768
branching on CartesianIndex(4, 2) with a.
630    38     17         18.0630    21.0486    16.5283    % 
UB: 21.04855072463768
branching on CartesianIndex(5, 2) with a.
631    39     18         18.0630    21.0486    16.5283    % 
UB: 21.04855072463768
branching on 2 with b.
632    40     18         18.0630    21.0486    16.5283    % 
LB close or above UB, fathomed
633    39     17         18.0630    21.0486    16.5283    % 
LB close or above UB, fathomed
634    38     16         18.0630    21.0486    16.5283    % 
LB close or above UB, fathomed
635    37     16         18.0630    21.0486    16.5283    % 
UB: 21.04855072463768
branching on CartesianIndex(3, 2) with a.
636    38     17         18.0630    21.0486    16.5283    % 
UB: 21.04855072463768
branching on CartesianIndex(4, 2) with a.
637    39     18         18.0630    21.0486    16.5283    % 
UB: 21.04855072463768
branching on CartesianIndex(5, 2) with a.
638    40     19         18.0630    21.0486    16.5283    % 
LB close or above UB, fathomed
639    39     19         18.0630    21.0486    16.5283    % 
LB close or above UB, fathomed
640    38     18         18.0630    21.0486    16.5283    % 
LB close or above UB, fathomed
641    37     17         18.0630    21.0486    16.5283    % 
LB close or above UB, fathomed
642    36     16         18.0630    21.0486    16.5283    % 
LB close or above UB, fathomed
643    35     12         18.0630    21.0486    16.5283    % 
UB: 21.04855072463768
branching on 2 with b.
644    36     13         18.0630    21.0486    16.5283    % 
UB: 21.04855072463768
branching on CartesianIndex(4, 1) with a.
645    37     14         18.0630    21.0486    16.5283    % 
UB: 21.04855072463768
branching on CartesianIndex(5, 1) with a.
646    38     15         18.0630    21.0486    16.5283    % 
LB close or above UB, fathomed
647    37     15         18.0630    21.0486    16.5283    % 
UB: 21.04855072463768
branching on 3 with b.
648    38     16         18.0630    21.0486    16.5283    % 
LB close or above UB, fathomed
649    37     16         18.0630    21.0486    16.5283    % 
UB: 21.04855072463768
branching on CartesianIndex(1, 2) with a.
650    38     17         18.0630    21.0486    16.5283    % 
UB: 21.04855072463768
branching on 1 with b.
651    39     18         18.0630    21.0486    16.5283    % 
LB close or above UB, fathomed
652    38     18         18.0630    21.0486    16.5283    % 
LB close or above UB, fathomed
653    37     17         18.0630    21.0486    16.5283    % 
LB close or above UB, fathomed
654    36     14         18.0630    21.0486    16.5283    % 
LB close or above UB, fathomed
655    35     13         18.0630    21.0486    16.5283    % 
UB: 21.04855072463768
branching on 3 with b.
656    36     14         18.0630    21.0486    16.5283    % 
LB close or above UB, fathomed
657    35     14         18.0630    21.0486    16.5283    % 
UB: 21.04855072463768
branching on CartesianIndex(4, 1) with a.
658    36     15         18.0630    21.0486    16.5283    % 
UB: 21.04855072463768
branching on CartesianIndex(5, 1) with a.
659    37     16         18.0630    21.0486    16.5283    % 
LB close or above UB, fathomed
660    36     16         18.0630    21.0486    16.5283    % 
UB: 21.04855072463768
branching on 1 with b.
661    37     17         18.0630    21.0486    16.5283    % 
LB close or above UB, fathomed
662    36     17         18.0630    21.0486    16.5283    % 
LB close or above UB, fathomed
663    35     15         18.0630    21.0486    16.5283    % 
LB close or above UB, fathomed
664    34     12         18.0630    21.0486    16.5283    % 
LB close or above UB, fathomed
665    33     20         18.0630    21.0486    16.5283    % 
UB: 21.04855072463768
branching on CartesianIndex(1, 4) with c.
666    34     21         18.0630    21.0486    16.5283    % 
LB close or above UB, fathomed
667    33     21         18.0630    21.0486    16.5283    % 
UB: 21.04855072463768
branching on CartesianIndex(1, 5) with c.
668    34     20         18.0630    21.0486    16.5283    % 
LB close or above UB, fathomed
669    33     19         18.0630    21.0486    16.5283    % 
LB close or above UB, fathomed
670    32     19         18.0630    21.0486    16.5283    % 
UB: 21.04855072463768
branching on CartesianIndex(1, 5) with c.
671    33     20         18.0630    21.0486    16.5283    % 
UB: 21.04855072463768
branching on CartesianIndex(2, 5) with c.
672    34     21         18.0630    21.0486    16.5283    % 
UB: 21.04855072463768
branching on 2 with b.
673    35     22         18.0630    21.0486    16.5283    % 
UB: 21.04855072463768
branching on CartesianIndex(1, 6) with c.
674    36     23         18.0630    21.0486    16.5283    % 
LB close or above UB, fathomed
675    35     23         18.0630    21.0486    16.5283    % 
UB: 21.04855072463768
branching on CartesianIndex(1, 7) with c.
676    36     24         18.0630    21.0486    16.5283    % 
UB: 21.04855072463768
branching on CartesianIndex(2, 7) with c.
677    37     25         18.0630    21.0486    16.5283    % 
LB close or above UB, fathomed
678    36     25         18.0630    21.0486    16.5283    % 
UB: 21.04855072463768
branching on 3 with b.
679    37     26         18.0630    21.0486    16.5283    % 
UB: 21.04855072463768
branching on 1 with b.
680    38     27         18.0630    21.0486    16.5283    % 
UB: 21.04855072463768
branching on 2 with b.
681    39     28         18.0630    21.0486    16.5283    % 
LB close or above UB, fathomed
682    38     28         18.0630    21.0486    16.5283    % 
UB: 21.04855072463768
branching on 3 with b.
683    39     29         18.0630    21.0486    16.5283    % 
UB: 21.04855072463768
branching on 1 with b.
684    40     30         18.0630    21.0486    16.5283    % 
UB: 21.04855072463768
branching on 2 with b.
685    41     31         18.0630    21.0486    16.5283    % 
UB: 21.04855072463768
branching on 3 with b.
686    42     32         18.0630    21.0486    16.5283    % 
LB close or above UB, fathomed
687    41     32         18.0630    21.0486    16.5283    % 
LB close or above UB, fathomed
688    40     31         18.0630    21.0486    16.5283    % 
LB close or above UB, fathomed
689    39     30         18.0630    21.0486    16.5283    % 
LB close or above UB, fathomed
690    38     29         18.0630    21.0486    16.5283    % 
LB close or above UB, fathomed
691    37     27         18.0630    21.0486    16.5283    % 
LB close or above UB, fathomed
692    36     26         18.0630    21.0486    16.5283    % 
LB close or above UB, fathomed
693    35     24         18.0630    21.0486    16.5283    % 
LB close or above UB, fathomed
694    34     22         18.0630    21.0486    16.5283    % 
LB close or above UB, fathomed
695    33     21         18.0630    21.0486    16.5283    % 
LB close or above UB, fathomed
696    32     20         18.0630    21.0486    16.5283    % 
LB close or above UB, fathomed
697    31     23         18.0630    21.0486    16.5283    % 
UB: 21.04855072463768
branching on CartesianIndex(2, 3) with a.
698    32     24         18.0630    21.0486    16.5283    % 
LB close or above UB, fathomed
699    31     24         18.0630    21.0486    16.5283    % 
LB close or above UB, fathomed
700    30     23         18.0630    21.0486    16.5283    % 
LB close or above UB, fathomed
701    29     21         18.0630    21.0486    16.5283    % 
LB close or above UB, fathomed
702    28     21         18.0630    21.0486    16.5283    % 
LB close or above UB, fathomed
703    27     32         18.0630    21.0486    16.5283    % 
LB close or above UB, fathomed
704    26     32         18.0630    21.0486    16.5283    % 
UB: 21.04855072463768
branching on 2 with b.
705    27     33         18.0630    21.0486    16.5283    % 
LB close or above UB, fathomed
706    26     33         18.0630    21.0486    16.5283    % 
UB: 21.04855072463768
branching on 3 with b.
707    27     34         18.0630    21.0486    16.5283    % 
LB close or above UB, fathomed
708    26     34         18.0630    21.0486    16.5283    % 
UB: 21.04855072463768
branching on 1 with b.
709    27     35         18.0630    21.0486    16.5283    % 
LB close or above UB, fathomed
710    26     35         18.0630    21.0486    16.5283    % 
UB: 21.04855072463768
branching on 2 with b.
711    27     36         18.0630    21.0486    16.5283    % 
UB: 21.04855072463768
branching on 3 with b.
712    28     37         18.0630    21.0486    16.5283    % 
LB close or above UB, fathomed
713    27     37         18.0630    21.0486    16.5283    % 
UB: 21.04855072463768
branching on 1 with b.
714    28     38         18.0630    21.0486    16.5283    % 
LB close or above UB, fathomed
715    27     38         18.0630    21.0486    16.5283    % 
LB close or above UB, fathomed
716    26     36         18.0630    21.0486    16.5283    % 
LB close or above UB, fathomed
717    25     35         18.0630    21.0486    16.5283    % 
UB: 21.04855072463768
branching on 3 with b.
718    26     36         18.0630    21.0486    16.5283    % 
UB: 21.04855072463768
branching on 1 with b.
719    27     37         18.0630    21.0486    16.5283    % 
LB close or above UB, fathomed
720    26     37         18.0630    21.0486    16.5283    % 
UB: 21.04855072463768
branching on 2 with b.
721    27     38         18.0630    21.0486    16.5283    % 
LB close or above UB, fathomed
722    26     38         18.0630    21.0486    16.5283    % 
LB close or above UB, fathomed
723    25     36         18.0630    21.0486    16.5283    % 
LB close or above UB, fathomed
724    24     35         18.0630    21.0486    16.5283    % 
LB close or above UB, fathomed
725    23     38         18.0630    21.0486    16.5283    % 
LB close or above UB, fathomed
726    22     38         18.0630    21.0486    16.5283    % 
LB close or above UB, fathomed
727    21     21         18.0630    21.0486    16.5283    % 
UB: 21.04855072463768
branching on CartesianIndex(4, 3) with a.
728    22     22         18.0630    21.0486    16.5283    % 
UB: 21.04855072463768
branching on CartesianIndex(5, 3) with a.
729    23     22         18.0630    21.0486    16.5283    % 
LB close or above UB, fathomed
730    22     21         18.0630    21.0486    16.5283    % 
LB close or above UB, fathomed
731    21     20         18.0630    21.0486    16.5283    % 
UB: 21.04855072463768
branching on CartesianIndex(4, 3) with a.
732    22     21         18.0630    21.0486    16.5283    % 
UB: 21.04855072463768
branching on CartesianIndex(5, 3) with a.
733    23     22         18.0630    21.0486    16.5283    % 
UB: 21.04855072463768
branching on 3 with b.
734    24     23         18.0630    21.0486    16.5283    % 
UB: 21.04855072463768
branching on 1 with b.
735    25     23         18.0630    21.0486    16.5283    % 
LB close or above UB, fathomed
736    24     22         18.0630    21.0486    16.5283    % 
LB close or above UB, fathomed
737    23     21         18.0630    21.0486    16.5283    % 
LB close or above UB, fathomed
738    22     20         18.0630    21.0486    16.5283    % 
LB close or above UB, fathomed
739    21     20         18.0630    21.0486    16.5283    % 
UB: 21.04855072463768
branching on CartesianIndex(4, 3) with a.
740    22     21         18.0630    21.0486    16.5283    % 
UB: 21.04855072463768
branching on CartesianIndex(5, 3) with a.
741    23     22         18.0630    21.0486    16.5283    % 
UB: 21.04855072463768
branching on CartesianIndex(6, 3) with a.
742    24     22         18.0630    21.0486    16.5283    % 
LB close or above UB, fathomed
743    23     21         18.0630    21.0486    16.5283    % 
LB close or above UB, fathomed
744    22     20         18.0630    21.0486    16.5283    % 
LB close or above UB, fathomed
745    21     18         18.0630    21.0486    16.5283    % 
UB: 21.04855072463768
branching on 2 with b.
746    22     19         18.0630    21.0486    16.5283    % 
UB: 21.04855072463768
branching on 3 with b.
747    23     19         18.0630    21.0486    16.5283    % 
LB close or above UB, fathomed
748    22     18         18.0630    21.0486    16.5283    % 
LB close or above UB, fathomed
749    21     24         18.0630    21.0486    16.5283    % 
LB close or above UB, fathomed
750    20     24         18.0630    21.0486    16.5283    % 
UB: 21.04855072463768
branching on CartesianIndex(6, 3) with a.
751    21     23         18.0630    21.0486    16.5283    % 
UB: 21.04855072463768
branching on CartesianIndex(6, 3) with a.
752    22     23         18.0630    21.0486    16.5283    % 
LB close or above UB, fathomed
753    21     22         18.0630    21.0486    16.5283    % 
UB: 21.04855072463768
branching on 3 with b.
754    22     23         18.0630    21.0486    16.5283    % 
UB: 21.04855072463768
branching on 1 with b.
755    23     24         18.0630    21.0486    16.5283    % 
LB close or above UB, fathomed
756    22     24         18.0630    21.0486    16.5283    % 
LB close or above UB, fathomed
757    21     23         18.0630    21.0486    16.5283    % 
LB close or above UB, fathomed
758    20     22         18.0630    21.0486    16.5283    % 
LB close or above UB, fathomed
759    19     27         18.0630    21.0486    16.5283    % 
UB: 21.04855072463768
branching on CartesianIndex(2, 5) with c.
760    20     28         18.0630    21.0486    16.5283    % 
UB: 21.04855072463768
branching on CartesianIndex(1, 6) with c.
761    21     29         18.0630    21.0486    16.5283    % 
LB close or above UB, fathomed
762    20     29         18.0630    21.0486    16.5283    % 
UB: 21.04855072463768
branching on CartesianIndex(1, 7) with c.
763    21     30         18.0630    21.0486    16.5283    % 
UB: 21.04855072463768
branching on CartesianIndex(2, 7) with c.
764    22     31         18.0630    21.0486    16.5283    % 
LB close or above UB, fathomed
765    21     31         18.0630    21.0486    16.5283    % 
UB: 21.04855072463768
branching on 1 with b.
766    22     32         18.0630    21.0486    16.5283    % 
LB close or above UB, fathomed
767    21     32         18.0630    21.0486    16.5283    % 
LB close or above UB, fathomed
768    20     30         18.0630    21.0486    16.5283    % 
LB close or above UB, fathomed
769    19     28         18.0630    21.0486    16.5283    % 
LB close or above UB, fathomed
770    18     27         18.0630    21.0486    16.5283    % 
LB close or above UB, fathomed
771    17     18         18.0630    21.0486    16.5283    % 
UB: 21.04855072463768
branching on CartesianIndex(3, 3) with a.
772    18     19         18.0630    21.0486    16.5283    % 
UB: 21.04855072463768
branching on CartesianIndex(4, 3) with a.
773    19     20         18.0630    21.0486    16.5283    % 
UB: 21.04855072463768
branching on CartesianIndex(5, 3) with a.
774    20     21         18.0630    21.0486    16.5283    % 
UB: 21.04855072463768
branching on CartesianIndex(6, 3) with a.
775    21     22         18.0630    21.0486    16.5283    % 
UB: 21.04855072463768
branching on CartesianIndex(1, 4) with c.
776    22     23         18.0630    21.0486    16.5283    % 
LB close or above UB, fathomed
777    21     23         18.0630    21.0486    16.5283    % 
UB: 21.04855072463768
branching on CartesianIndex(1, 5) with c.
778    22     22         18.0630    21.0486    16.5283    % 
LB close or above UB, fathomed
779    21     21         18.0630    21.0486    16.5283    % 
LB close or above UB, fathomed
780    20     20         18.0630    21.0486    16.5283    % 
LB close or above UB, fathomed
781    19     19         18.0630    21.0486    16.5283    % 
LB close or above UB, fathomed
782    18     18         18.0630    21.0486    16.5283    % 
LB close or above UB, fathomed
783    17     24         18.0630    21.0486    16.5283    % 
UB: 21.04855072463768
branching on CartesianIndex(2, 5) with c.
784    18     25         18.0630    21.0486    16.5283    % 
UB: 21.04855072463768
branching on CartesianIndex(1, 6) with c.
785    19     26         18.0630    21.0486    16.5283    % 
LB close or above UB, fathomed
786    18     26         18.0630    21.0486    16.5283    % 
UB: 21.04855072463768
branching on CartesianIndex(1, 7) with c.
787    19     27         18.0630    21.0486    16.5283    % 
UB: 21.04855072463768
branching on CartesianIndex(2, 7) with c.
788    20     28         18.0630    21.0486    16.5283    % 
LB close or above UB, fathomed
789    19     28         18.0630    21.0486    16.5283    % 
UB: 21.04855072463768
branching on 2 with b.
790    20     29         18.0630    21.0486    16.5283    % 
LB close or above UB, fathomed
791    19     29         18.0630    21.0486    16.5283    % 
LB close or above UB, fathomed
792    18     27         18.0630    21.0486    16.5283    % 
LB close or above UB, fathomed
793    17     25         18.0630    21.0486    16.5283    % 
LB close or above UB, fathomed
794    16     24         18.0630    21.0486    16.5283    % 
LB close or above UB, fathomed
795    15     24         18.0630    21.0486    16.5283    % 
UB: 21.04855072463768
branching on 1 with b.
796    16     25         18.0630    21.0486    16.5283    % 
UB: 21.04855072463768
branching on CartesianIndex(1, 4) with c.
797    17     25         18.0630    21.0486    16.5283    % 
LB close or above UB, fathomed
798    16     24         18.0630    21.0486    16.5283    % 
LB close or above UB, fathomed
799    15     20         18.0630    21.0486    16.5283    % 
LB close or above UB, fathomed
800    14     20         18.0630    21.0486    16.5283    % 
UB: 21.04855072463768
branching on CartesianIndex(2, 3) with a.
801    15     21         18.0630    21.0486    16.5283    % 
UB: 21.04855072463768
branching on CartesianIndex(3, 3) with a.
802    16     22         18.0630    21.0486    16.5283    % 
UB: 21.04855072463768
branching on CartesianIndex(4, 3) with a.
803    17     23         18.0630    21.0486    16.5283    % 
UB: 21.04855072463768
branching on CartesianIndex(5, 3) with a.
804    18     24         18.0630    21.0486    16.5283    % 
UB: 21.04855072463768
branching on 1 with b.
805    19     25         18.0630    21.0486    16.5283    % 
LB close or above UB, fathomed
806    18     25         18.0630    21.0486    16.5283    % 
LB close or above UB, fathomed
807    17     24         18.0630    21.0486    16.5283    % 
LB close or above UB, fathomed
808    16     23         18.0630    21.0486    16.5283    % 
LB close or above UB, fathomed
809    15     22         18.0630    21.0486    16.5283    % 
LB close or above UB, fathomed
810    14     21         18.0630    21.0486    16.5283    % 
LB close or above UB, fathomed
811    13     23         18.0630    21.0486    16.5283    % 
UB: 21.04855072463768
branching on 3 with b.
812    14     24         18.0630    21.0486    16.5283    % 
UB: 21.04855072463768
branching on CartesianIndex(1, 4) with c.
813    15     25         18.0630    21.0486    16.5283    % 
LB close or above UB, fathomed
814    14     25         18.0630    21.0486    16.5283    % 
UB: 21.04855072463768
branching on CartesianIndex(1, 5) with c.
815    15     26         18.0630    21.0486    16.5283    % 
UB: 21.04855072463768
branching on CartesianIndex(2, 5) with c.
816    16     27         18.0630    21.0486    16.5283    % 
UB: 21.04855072463768
branching on CartesianIndex(1, 6) with c.
817    17     28         18.0630    21.0486    16.5283    % 
LB close or above UB, fathomed
818    16     28         18.0630    21.0486    16.5283    % 
UB: 21.04855072463768
branching on CartesianIndex(1, 7) with c.
819    17     29         18.0630    21.0486    16.5283    % 
UB: 21.04855072463768
branching on CartesianIndex(2, 7) with c.
820    18     30         18.0630    21.0486    16.5283    % 
LB close or above UB, fathomed
821    17     30         18.0630    21.0486    16.5283    % 
UB: 21.04855072463768
branching on 1 with b.
822    18     31         18.0630    21.0486    16.5283    % 
UB: 21.04855072463768
branching on 2 with b.
823    19     32         18.0630    21.0486    16.5283    % 
UB: 21.04855072463768
branching on 3 with b.
824    20     33         18.0630    21.0486    16.5283    % 
UB: 21.04855072463768
branching on 1 with b.
825    21     34         18.0630    21.0486    16.5283    % 
UB: 21.04855072463768
branching on 2 with b.
826    22     35         18.0630    21.0486    16.5283    % 
LB close or above UB, fathomed
827    21     35         18.0630    21.0486    16.5283    % 
LB close or above UB, fathomed
828    20     34         18.0630    21.0486    16.5283    % 
LB close or above UB, fathomed
829    19     33         18.0630    21.0486    16.5283    % 
LB close or above UB, fathomed
830    18     32         18.0630    21.0486    16.5283    % 
LB close or above UB, fathomed
831    17     31         18.0630    21.0486    16.5283    % 
LB close or above UB, fathomed
832    16     29         18.0630    21.0486    16.5283    % 
LB close or above UB, fathomed
833    15     27         18.0630    21.0486    16.5283    % 
LB close or above UB, fathomed
834    14     26         18.0630    21.0486    16.5283    % 
LB close or above UB, fathomed
835    13     24         18.0630    21.0486    16.5283    % 
LB close or above UB, fathomed
836    12     23         18.0630    21.0486    16.5283    % 
LB close or above UB, fathomed
837    11     33         18.0630    21.0486    16.5283    % 
LB close or above UB, fathomed
838    10     33         18.0630    21.0486    16.5283    % 
LB close or above UB, fathomed
839    9      24         18.0630    21.0486    16.5283    % 
UB: 21.04855072463768
branching on CartesianIndex(5, 3) with a.
840    10     25         18.0630    21.0486    16.5283    % 
UB: 21.04855072463768
branching on CartesianIndex(6, 3) with a.
841    11     26         18.0630    21.0486    16.5283    % 
UB: 21.04855072463768
branching on CartesianIndex(1, 4) with c.
842    12     27         18.0630    21.0486    16.5283    % 
LB close or above UB, fathomed
843    11     27         18.0630    21.0486    16.5283    % 
UB: 21.04855072463768
branching on CartesianIndex(1, 5) with c.
844    12     28         18.0630    21.0486    16.5283    % 
UB: 21.04855072463768
branching on CartesianIndex(2, 5) with c.
845    13     29         18.0630    21.0486    16.5283    % 
UB: 21.04855072463768
branching on CartesianIndex(1, 6) with c.
846    14     30         18.0630    21.0486    16.5283    % 
LB close or above UB, fathomed
847    13     30         18.0630    21.0486    16.5283    % 
UB: 21.04855072463768
branching on 3 with b.
848    14     31         18.0630    21.0486    16.5283    % 
UB: 21.04855072463768
branching on CartesianIndex(1, 7) with c.
849    15     32         18.0630    21.0486    16.5283    % 
UB: 21.04855072463768
branching on CartesianIndex(2, 7) with c.
850    16     33         18.0630    21.0486    16.5283    % 
LB close or above UB, fathomed
851    15     33         18.0630    21.0486    16.5283    % 
UB: 21.04855072463768
branching on 1 with b.
852    16     34         18.0630    21.0486    16.5283    % 
LB close or above UB, fathomed
853    15     34         18.0630    21.0486    16.5283    % 
LB close or above UB, fathomed
854    14     32         18.0630    21.0486    16.5283    % 
LB close or above UB, fathomed
855    13     31         18.0630    21.0486    16.5283    % 
LB close or above UB, fathomed
856    12     29         18.0630    21.0486    16.5283    % 
LB close or above UB, fathomed
857    11     28         18.0630    21.0486    16.5283    % 
LB close or above UB, fathomed
858    10     26         18.0630    21.0486    16.5283    % 
LB close or above UB, fathomed
859    9      25         18.0630    21.0486    16.5283    % 
LB close or above UB, fathomed
860    8      24         18.0630    21.0486    16.5283    % 
LB close or above UB, fathomed
861    7      25         18.0630    21.0486    16.5283    % 
UB: 21.04855072463768
branching on CartesianIndex(1, 4) with c.
862    8      26         18.0630    21.0486    16.5283    % 
LB close or above UB, fathomed
863    7      26         18.0630    21.0486    16.5283    % 
UB: 21.04855072463768
branching on CartesianIndex(1, 5) with c.
864    8      25         18.0630    21.0486    16.5283    % 
LB close or above UB, fathomed
865    7      27         18.0630    21.0486    16.5283    % 
UB: 21.04855072463768
branching on CartesianIndex(2, 5) with c.
866    8      28         18.0630    21.0486    16.5283    % 
UB: 21.04855072463768
branching on CartesianIndex(1, 6) with c.
867    9      29         18.0630    21.0486    16.5283    % 
LB close or above UB, fathomed
868    8      29         18.0630    21.0486    16.5283    % 
UB: 21.04855072463768
branching on CartesianIndex(1, 7) with c.
869    9      30         18.0630    21.0486    16.5283    % 
UB: 21.04855072463768
branching on 2 with b.
870    10     31         18.0630    21.0486    16.5283    % 
LB close or above UB, fathomed
871    9      31         18.0630    21.0486    16.5283    % 
LB close or above UB, fathomed
872    8      30         18.0630    21.0486    16.5283    % 
LB close or above UB, fathomed
873    7      28         18.0630    21.0486    16.5283    % 
LB close or above UB, fathomed
874    6      27         18.0630    21.0486    16.5283    % 
LB close or above UB, fathomed
875    5      26         18.0630    21.0486    16.5283    % 
LB close or above UB, fathomed
876    4      26         18.0630    21.0486    16.5283    % 
UB: 21.04855072463768
branching on CartesianIndex(1, 5) with c.
877    5      27         18.0630    21.0486    16.5283    % 
UB: 21.04855072463768
branching on CartesianIndex(2, 5) with c.
878    6      28         18.0630    21.0486    16.5283    % 
UB: 21.04855072463768
branching on CartesianIndex(1, 6) with c.
879    7      29         18.0630    21.0486    16.5283    % 
LB close or above UB, fathomed
880    6      29         18.0630    21.0486    16.5283    % 
UB: 21.04855072463768
branching on CartesianIndex(1, 7) with c.
881    7      30         18.0630    21.0486    16.5283    % 
UB: 21.04855072463768
branching on CartesianIndex(2, 7) with c.
882    8      31         18.0630    21.0486    16.5283    % 
LB close or above UB, fathomed
883    7      31         18.0630    21.0486    16.5283    % 
UB: 21.04855072463768
branching on 2 with b.
884    8      32         18.0630    21.0486    16.5283    % 
LB close or above UB, fathomed
885    7      32         18.0630    21.0486    16.5283    % 
LB close or above UB, fathomed
886    6      30         18.0630    21.0486    16.5283    % 
LB close or above UB, fathomed
887    5      28         18.0630    21.0486    16.5283    % 
LB close or above UB, fathomed
888    4      27         18.0630    21.0486    16.5283    % 
LB close or above UB, fathomed
889    3      19         19.5558    21.0486    7.6333     % 
LB close or above UB, fathomed
890    2      19         19.5558    21.0486    7.6333     % 
LB close or above UB, fathomed
891    1      12         19.6155    21.0486    7.3057     % 
UB: 21.04855072463768
branching on CartesianIndex(5, 1) with a.
892    2      12         19.6155    21.0486    7.3057     % 
LB close or above UB, fathomed
893    1      13         20.2629    21.0486    3.8773     % 
LB close or above UB, fathomed
894    0      13         20.2629    21.0486    3.8773     % 
LB close or above UB, fathomed
all node solved
solved nodes:  895
895                                                   2.0999e+01     2.1049e+01     0.2381  % 
7×3 Matrix{Float64}:
 0.0  1.0  0.0
 0.0  0.0  0.0
 0.0  0.0  1.0
 0.0  0.0  0.0
 0.0  0.0  0.0
 0.0  0.0  0.0
 1.0  0.0  0.0
3-element Vector{Float64}:
 0.5185405816247459
 0.2692580073129329
 0.2885577501808773
3×7 Matrix{Float64}:
 0.0  0.0  0.0  0.0  1.0  0.0  0.0
 0.0  0.0  0.0  0.0  0.0  1.0  1.0
 0.0  0.0  0.0  1.0  0.0  0.0  0.0
3-element Vector{Float64}:
 1.0
 1.0
 1.0
7×3 Matrix{Float64}:
 1.0  0.0  0.0
 0.0  0.0  0.0
 0.0  0.0  0.0
 0.0  0.0  0.0
 0.0  0.0  0.0
 0.0  0.0  0.0
 0.0  1.0  1.0
3-element Vector{Float64}:
 0.25
 0.16014087626580853
 0.5068658321268594
3×7 Matrix{Float64}:
 0.0  0.0  0.0  1.0  0.0  1.0  0.0
 0.0  0.0  0.0  0.0  0.0  0.0  1.0
 0.0  0.0  0.0  0.0  1.0  0.0  0.0
3-element Vector{Float64}:
 1.0
 1.0
 1.0
comparison (CRT and Glb)on prediction: Dict{Bool, Int64}(0 => 3, 1 => 50)
Dataname	 time	 objv	 lb	 gap	 train_w	 train_g	 test_w	 test_g
seeds_633.seeds	 87.48	 21.04855072463768	 20.999	 0.0024	 90.85	 95.425	 94.34	 92.453
