Running 6 processes.
Start training seeds_574.seeds with seed 1.
Any[]
(7, 206)
(7, 103)
(7, 52)
(7, 51)
dimension: 7, class: 3
cart cost: 38.40714285714285
size of X: (7, 155)
ngroups: 6
UB: 32.52142857142857
Iter	left	lev	LB	UB	gap	
0      0      1          8.9229     32.5214    264.4710   % 
UB: 32.52142857142857
branching on 1 with d.
1      1      2          8.9229     32.5214    264.4710   % 
LB close or above UB, fathomed
2      0      2          8.9229     32.5214    264.4710   % 
UB: 32.52142857142857
branching on 2 with d.
3      1      3          8.9229     32.5214    264.4710   % 
UB: 32.52142857142857
branching on 3 with d.
4      2      3          8.9229     32.5214    264.4710   % 
UB: 32.52142857142857
branching on 3 with d.
5      3      4          8.9229     32.5214    264.4710   % 
UB: 32.52142857142857
branching on CartesianIndex(1, 1) with a.
6      4      4          8.9229     32.5214    264.4710   % 
UB: 32.52142857142857
branching on CartesianIndex(1, 1) with a.
7      5      5          8.9384     32.5214    263.8396   % 
UB: 32.52142857142857
branching on 1 with b.
8      6      6          8.9384     32.5214    263.8396   % 
UB: 32.52142857142857
branching on CartesianIndex(2, 1) with a.
9      7      7          8.9384     32.5214    263.8396   % 
UB: 32.52142857142857
branching on 1 with b.
10     8      7          8.9384     32.5214    263.8396   % 
UB: 32.52142857142857
branching on CartesianIndex(1, 2) with a.
11     9      8          8.9384     32.5214    263.8396   % 
UB: 32.52142857142857
branching on 1 with b.
12     10     9          8.9384     32.5214    263.8396   % 
LB close or above UB, fathomed
13     9      9          8.9384     32.5214    263.8396   % 
UB: 32.52142857142857
branching on CartesianIndex(2, 2) with a.
14     10     10         8.9384     32.5214    263.8396   % 
UB: 32.52142857142857
branching on CartesianIndex(3, 2) with a.
15     11     11         8.9384     32.5214    263.8396   % 
UB: 32.52142857142857
branching on CartesianIndex(4, 2) with a.
16     12     11         8.9384     32.5214    263.8396   % 
LB close or above UB, fathomed
17     11     10         8.9384     32.5214    263.8396   % 
UB: 32.52142857142857
branching on 2 with b.
18     12     8          8.9384     32.5214    263.8396   % 
UB: 32.52142857142857
branching on 1 with b.
19     13     6          8.9384     32.5214    263.8396   % 
UB: 32.52142857142857
branching on CartesianIndex(2, 1) with a.
20     14     5          8.9384     32.5214    263.8396   % 
UB: 32.52142857142857
branching on 1 with b.
21     15     6          8.9384     32.5214    263.8396   % 
UB: 32.52142857142857
branching on CartesianIndex(1, 2) with a.
22     16     7          8.9384     32.5214    263.8396   % 
UB: 32.52142857142857
branching on CartesianIndex(2, 2) with a.
23     17     8          8.9384     32.5214    263.8396   % 
UB: 32.52142857142857
branching on 1 with b.
24     18     9          8.9384     32.5214    263.8396   % 
UB: 32.52142857142857
branching on CartesianIndex(3, 2) with a.
25     19     9          8.9384     32.5214    263.8396   % 
UB: 32.52142857142857
branching on 2 with b.
26     20     10         8.9384     32.5214    263.8396   % 
UB: 32.52142857142857
branching on 3 with b.
27     21     10         8.9384     32.5214    263.8396   % 
UB: 32.52142857142857
branching on CartesianIndex(3, 2) with a.
28     22     8          8.9384     32.5214    263.8396   % 
UB: 32.52142857142857
branching on 1 with b.
29     23     7          8.9384     32.5214    263.8396   % 
LB close or above UB, fathomed
30     22     6          8.9384     32.5214    263.8396   % 
LB close or above UB, fathomed
31     21     8          8.9649     32.5214    262.7622   % 
LB close or above UB, fathomed
32     20     8          8.9649     32.5214    262.7622   % 
UB: 32.52142857142857
branching on 2 with b.
33     21     9          8.9649     32.5214    262.7622   % 
UB: 32.52142857142857
branching on 3 with b.
34     22     10         8.9649     32.5214    262.7622   % 
UB: 32.52142857142857
branching on CartesianIndex(3, 1) with a.
35     23     10         8.9649     32.5214    262.7622   % 
UB: 32.52142857142857
branching on CartesianIndex(3, 1) with a.
36     24     11         8.9649     32.5214    262.7622   % 
UB: 32.52142857142857
branching on CartesianIndex(4, 1) with a.
37     25     12         8.9649     32.5214    262.7622   % 
UB: 32.52142857142857
branching on CartesianIndex(5, 1) with a.
38     26     12         8.9649     32.5214    262.7622   % 
UB: 32.52142857142857
branching on CartesianIndex(1, 2) with a.
39     27     11         8.9649     32.5214    262.7622   % 
LB close or above UB, fathomed
40     26     9          8.9649     32.5214    262.7622   % 
UB: 32.52142857142857
branching on CartesianIndex(3, 1) with a.
41     27     11         8.9786     32.5214    262.2116   % 
UB: 32.52142857142857
branching on 1 with b.
42     28     12         8.9786     32.5214    262.2116   % 
UB: 32.52142857142857
branching on 2 with b.
43     29     12         8.9786     32.5214    262.2116   % 
UB: 32.52142857142857
branching on CartesianIndex(4, 1) with a.
44     30     13         8.9786     32.5214    262.2116   % 
UB: 32.52142857142857
branching on CartesianIndex(5, 1) with a.
45     31     13         8.9786     32.5214    262.2116   % 
UB: 32.52142857142857
branching on CartesianIndex(1, 2) with a.
46     32     11         8.9786     32.5214    262.2116   % 
LB close or above UB, fathomed
47     31     11         8.9786     32.5214    262.2116   % 
UB: 32.52142857142857
branching on CartesianIndex(3, 2) with a.
48     32     11         8.9786     32.5214    262.2116   % 
UB: 32.52142857142857
branching on 1 with b.
49     33     12         8.9786     32.5214    262.2116   % 
UB: 32.52142857142857
branching on CartesianIndex(4, 2) with a.
50     34     12         8.9786     32.5214    262.2116   % 
LB close or above UB, fathomed
51     33     7          10.9405    32.5214    197.2579   % 
UB: 32.52142857142857
branching on 1 with b.
52     34     7          10.9405    32.5214    197.2579   % 
UB: 32.52142857142857
branching on CartesianIndex(1, 2) with a.
53     35     12         11.8949    32.5214    173.4069   % 
UB: 32.52142857142857
branching on CartesianIndex(5, 2) with a.
54     36     13         11.8949    32.5214    173.4069   % 
UB: 32.52142857142857
branching on CartesianIndex(6, 2) with a.
55     37     14         11.8949    32.5214    173.4069   % 
UB: 32.52142857142857
branching on CartesianIndex(1, 3) with a.
56     38     14         11.8949    32.5214    173.4069   % 
UB: 32.52142857142857
branching on CartesianIndex(1, 3) with a.
57     39     15         11.8949    32.5214    173.4069   % 
UB: 32.52142857142857
branching on CartesianIndex(2, 3) with a.
58     40     15         11.8949    32.5214    173.4069   % 
UB: 32.52142857142857
branching on CartesianIndex(1, 4) with c.
59     41     13         11.8949    32.5214    173.4069   % 
UB: 32.52142857142857
branching on CartesianIndex(1, 3) with a.
60     42     12         11.8949    32.5214    173.4069   % 
UB: 32.52142857142857
branching on 2 with b.
61     43     13         11.9078    32.5214    173.1103   % 
UB: 32.52142857142857
branching on CartesianIndex(6, 1) with a.
62     44     13         11.9078    32.5214    173.1103   % 
UB: 32.52142857142857
branching on CartesianIndex(1, 2) with a.
63     45     14         11.9078    32.5214    173.1103   % 
UB: 32.52142857142857
branching on 1 with b.
64     46     15         11.9078    32.5214    173.1103   % 
UB: 32.52142857142857
branching on CartesianIndex(2, 2) with a.
65     47     15         11.9078    32.5214    173.1103   % 
UB: 32.52142857142857
branching on 2 with b.
66     48     14         11.9078    32.5214    173.1103   % 
UB: 32.52142857142857
branching on CartesianIndex(1, 3) with a.
67     49     15         11.9091    32.5214    173.0798   % 
UB: 32.52142857142857
branching on 2 with b.
68     50     16         11.9091    32.5214    173.0798   % 
UB: 32.52142857142857
branching on 3 with b.
69     51     17         11.9091    32.5214    173.0798   % 
UB: 32.52142857142857
branching on CartesianIndex(2, 3) with a.
70     52     18         11.9091    32.5214    173.0798   % 
UB: 32.52142857142857
branching on CartesianIndex(3, 3) with a.
71     53     18         11.9091    32.5214    173.0798   % 
LB close or above UB, fathomed
72     52     17         11.9091    32.5214    173.0798   % 
UB: 32.52142857142857
branching on CartesianIndex(2, 3) with a.
73     53     16         11.9091    32.5214    173.0798   % 
LB close or above UB, fathomed
74     52     15         11.9091    32.5214    173.0798   % 
UB: 32.52142857142857
branching on CartesianIndex(1, 4) with c.
75     53     18         11.9214    32.5214    172.7981   % 
UB: 32.52142857142857
branching on 1 with b.
76     54     19         11.9214    32.5214    172.7981   % 
UB: 32.52142857142857
branching on CartesianIndex(3, 3) with a.
77     55     20         11.9214    32.5214    172.7981   % 
UB: 32.52142857142857
branching on CartesianIndex(4, 3) with a.
78     56     21         11.9214    32.5214    172.7981   % 
UB: 32.52142857142857
branching on CartesianIndex(5, 3) with a.
79     57     21         11.9214    32.5214    172.7981   % 
UB: 32.52142857142857
branching on 2 with b.
80     58     20         11.9214    32.5214    172.7981   % 
LB close or above UB, fathomed
81     57     19         11.9214    32.5214    172.7981   % 
LB close or above UB, fathomed
82     56     18         11.9214    32.5214    172.7981   % 
UB: 32.52142857142857
branching on CartesianIndex(1, 4) with c.
83     57     16         11.9214    32.5214    172.7981   % 
UB: 32.52142857142857
branching on 2 with b.
84     58     17         11.9214    32.5214    172.7981   % 
UB: 32.52142857142857
branching on 3 with b.
85     59     17         11.9214    32.5214    172.7981   % 
UB: 32.52142857142857
branching on CartesianIndex(3, 3) with a.
86     60     16         11.9214    32.5214    172.7981   % 
UB: 32.52142857142857
branching on 2 with b.
87     61     13         11.9214    32.5214    172.7981   % 
UB: 32.52142857142857
branching on CartesianIndex(5, 2) with a.
88     62     14         11.9214    32.5214    172.7981   % 
UB: 32.52142857142857
branching on 1 with b.
89     63     14         11.9214    32.5214    172.7981   % 
UB: 32.52142857142857
branching on 1 with b.
90     64     13         11.9214    32.5214    172.7981   % 
UB: 32.52142857142857
branching on 1 with b.
91     65     12         11.9214    32.5214    172.7981   % 
UB: 32.52142857142857
branching on CartesianIndex(3, 2) with a.
92     66     13         11.9214    32.5214    172.7981   % 
UB: 32.52142857142857
branching on CartesianIndex(4, 2) with a.
93     67     14         11.9214    32.5214    172.7981   % 
UB: 32.52142857142857
branching on CartesianIndex(5, 2) with a.
94     68     15         11.9214    32.5214    172.7981   % 
UB: 32.52142857142857
branching on CartesianIndex(6, 2) with a.
95     69     16         11.9214    32.5214    172.7981   % 
UB: 32.52142857142857
branching on 2 with b.
96     70     17         11.9214    32.5214    172.7981   % 
UB: 32.52142857142857
branching on CartesianIndex(1, 3) with a.
97     71     17         11.9214    32.5214    172.7981   % 
UB: 32.52142857142857
branching on CartesianIndex(1, 3) with a.
98     72     16         11.9214    32.5214    172.7981   % 
UB: 32.52142857142857
branching on CartesianIndex(1, 3) with a.
99     73     17         11.9214    32.5214    172.7981   % 
UB: 32.52142857142857
branching on CartesianIndex(2, 3) with a.
100    74     17         11.9214    32.5214    172.7981   % 
UB: 32.52142857142857
branching on CartesianIndex(1, 4) with c.
101    75     15         11.9214    32.5214    172.7981   % 
UB: 32.52142857142857
branching on CartesianIndex(1, 3) with a.
102    76     14         11.9214    32.5214    172.7981   % 
UB: 32.52142857142857
branching on 2 with b.
103    77     13         11.9214    32.5214    172.7981   % 
LB close or above UB, fathomed
104    76     12         11.9214    32.5214    172.7981   % 
UB: 32.52142857142857
branching on CartesianIndex(3, 2) with a.
105    77     18         11.9214    32.5214    172.7981   % 
UB: 32.52142857142857
branching on CartesianIndex(3, 3) with a.
106    78     18         11.9214    32.5214    172.7981   % 
UB: 32.52142857142857
branching on CartesianIndex(3, 3) with a.
107    79     19         11.9214    32.5214    172.7981   % 
UB: 32.52142857142857
branching on CartesianIndex(4, 3) with a.
108    80     20         11.9214    32.5214    172.7981   % 
UB: 32.52142857142857
branching on CartesianIndex(5, 3) with a.
109    81     21         11.9214    32.5214    172.7981   % 
UB: 32.52142857142857
branching on CartesianIndex(6, 3) with a.
110    82     22         11.9214    32.5214    172.7981   % 
UB: 32.52142857142857
branching on CartesianIndex(1, 4) with c.
111    83     23         11.9214    32.5214    172.7981   % 
LB close or above UB, fathomed
112    82     23         11.9214    32.5214    172.7981   % 
UB: 32.52142857142857
branching on CartesianIndex(1, 5) with c.
113    83     24         11.9214    32.5214    172.7981   % 
UB: 32.52142857142857
branching on CartesianIndex(2, 5) with c.
114    84     25         11.9214    32.5214    172.7981   % 
UB: 32.52142857142857
branching on 1 with b.
115    85     26         11.9214    32.5214    172.7981   % 
UB: 32.52142857142857
branching on 2 with b.
116    86     27         11.9214    32.5214    172.7981   % 
UB: 32.52142857142857
branching on CartesianIndex(1, 6) with c.
117    87     27         11.9214    32.5214    172.7981   % 
UB: 32.52142857142857
branching on CartesianIndex(1, 6) with c.
118    88     26         11.9214    32.5214    172.7981   % 
UB: 32.52142857142857
branching on 2 with b.
119    89     25         11.9214    32.5214    172.7981   % 
LB close or above UB, fathomed
120    88     24         11.9214    32.5214    172.7981   % 
LB close or above UB, fathomed
121    87     22         11.9214    32.5214    172.7981   % 
LB close or above UB, fathomed
122    86     21         11.9214    32.5214    172.7981   % 
LB close or above UB, fathomed
123    85     20         11.9214    32.5214    172.7981   % 
UB: 32.52142857142857
branching on CartesianIndex(1, 4) with c.
124    86     19         11.9214    32.5214    172.7981   % 
LB close or above UB, fathomed
125    85     22         11.9214    32.5214    172.7981   % 
UB: 32.52142857142857
branching on 2 with b.
126    86     23         11.9214    32.5214    172.7981   % 
UB: 32.52142857142857
branching on 3 with b.
127    87     23         11.9214    32.5214    172.7981   % 
UB: 32.52142857142857
branching on CartesianIndex(6, 3) with a.
128    88     22         11.9214    32.5214    172.7981   % 
LB close or above UB, fathomed
129    87     18         11.9214    32.5214    172.7981   % 
UB: 32.52142857142857
branching on CartesianIndex(3, 3) with a.
130    88     19         11.9214    32.5214    172.7981   % 
UB: 32.52142857142857
branching on CartesianIndex(4, 3) with a.
131    89     20         11.9214    32.5214    172.7981   % 
UB: 32.52142857142857
branching on CartesianIndex(5, 3) with a.
132    90     21         11.9214    32.5214    172.7981   % 
UB: 32.52142857142857
branching on CartesianIndex(6, 3) with a.
133    91     22         11.9214    32.5214    172.7981   % 
UB: 32.52142857142857
branching on CartesianIndex(1, 4) with c.
134    92     23         11.9214    32.5214    172.7981   % 
LB close or above UB, fathomed
135    91     23         11.9214    32.5214    172.7981   % 
UB: 32.52142857142857
branching on CartesianIndex(1, 5) with c.
136    92     24         11.9214    32.5214    172.7981   % 
UB: 32.52142857142857
branching on CartesianIndex(2, 5) with c.
137    93     25         11.9214    32.5214    172.7981   % 
UB: 32.52142857142857
branching on CartesianIndex(1, 6) with c.
138    94     26         11.9214    32.5214    172.7981   % 
LB close or above UB, fathomed
139    93     26         11.9214    32.5214    172.7981   % 
UB: 32.52142857142857
branching on CartesianIndex(1, 7) with c.
140    94     27         11.9214    32.5214    172.7981   % 
UB: 32.52142857142857
branching on CartesianIndex(2, 7) with c.
141    95     28         11.9214    32.5214    172.7981   % 
LB close or above UB, fathomed
142    94     28         11.9214    32.5214    172.7981   % 
UB: 32.52142857142857
branching on 2 with b.
143    95     29         11.9214    32.5214    172.7981   % 
UB: 32.52142857142857
branching on 3 with b.
144    96     29         11.9214    32.5214    172.7981   % 
UB: 29.57857142857143
branching on 3 with b.
145    97     27         11.9214    29.5786    148.1126   % 
LB close or above UB, fathomed
146    94     25         11.9214    29.5786    148.1126   % 
LB close or above UB, fathomed
147    93     24         11.9214    29.5786    148.1126   % 
LB close or above UB, fathomed
148    92     22         11.9214    29.5786    148.1126   % 
LB close or above UB, fathomed
149    91     21         11.9214    29.5786    148.1126   % 
LB close or above UB, fathomed
150    90     20         11.9214    29.5786    148.1126   % 
UB: 29.57857142857143
branching on CartesianIndex(1, 4) with c.
151    91     19         11.9214    29.5786    148.1126   % 
LB close or above UB, fathomed
152    90     18         11.9214    29.5786    148.1126   % 
UB: 29.57857142857143
branching on CartesianIndex(1, 4) with c.
153    91     13         12.4119    29.5786    138.3081   % 
UB: 29.57857142857143
branching on 2 with b.
154    92     13         12.4119    29.5786    138.3081   % 
LB close or above UB, fathomed
155    91     14         13.6026    29.5786    117.4474   % 
LB close or above UB, fathomed
156    90     14         13.6026    29.5786    117.4474   % 
UB: 29.57857142857143
branching on 3 with b.
157    91     15         14.8643    29.5786    98.9909    % 
UB: 29.57857142857143
branching on CartesianIndex(6, 2) with a.
158    92     16         14.8643    29.5786    98.9909    % 
UB: 29.57857142857143
branching on CartesianIndex(1, 3) with a.
159    93     17         14.8643    29.5786    98.9909    % 
UB: 29.57857142857143
branching on 2 with b.
160    94     18         14.8643    29.5786    98.9909    % 
UB: 29.57857142857143
branching on 3 with b.
161    95     18         14.8643    29.5786    98.9909    % 
UB: 29.57857142857143
branching on CartesianIndex(2, 3) with a.
162    96     17         14.8643    29.5786    98.9909    % 
LB close or above UB, fathomed
163    95     16         14.8643    29.5786    98.9909    % 
UB: 29.57857142857143
branching on CartesianIndex(1, 3) with a.
164    96     15         14.8643    29.5786    98.9909    % 
LB close or above UB, fathomed
165    95     17         14.8643    29.5786    98.9909    % 
UB: 29.57857142857143
branching on 3 with b.
166    96     17         14.8643    29.5786    98.9909    % 
LB close or above UB, fathomed
167    95     16         14.8643    29.5786    98.9909    % 
UB: 29.57857142857143
branching on CartesianIndex(2, 2) with a.
168    96     16         14.8643    29.5786    98.9909    % 
UB: 29.57857142857143
branching on CartesianIndex(2, 2) with a.
169    97     8          14.8643    29.5786    98.9909    % 
UB: 29.57857142857143
branching on CartesianIndex(3, 1) with a.
170    98     9          14.8643    29.5786    98.9909    % 
UB: 29.57857142857143
branching on 2 with b.
171    99     10         14.8643    29.5786    98.9909    % 
UB: 29.57857142857143
branching on CartesianIndex(4, 1) with a.
172    100    11         14.8643    29.5786    98.9909    % 
UB: 29.57857142857143
branching on CartesianIndex(5, 1) with a.
173    101    12         14.8643    29.5786    98.9909    % 
UB: 29.57857142857143
branching on CartesianIndex(6, 1) with a.
174    102    12         14.8643    29.5786    98.9909    % 
UB: 29.57857142857143
branching on 3 with b.
175    103    13         14.8643    29.5786    98.9909    % 
UB: 29.57857142857143
branching on 1 with b.
176    104    14         14.8643    29.5786    98.9909    % 
UB: 29.57857142857143
branching on CartesianIndex(1, 2) with a.
177    105    15         14.8643    29.5786    98.9909    % 
UB: 29.57857142857143
branching on 2 with b.
178    106    16         14.8643    29.5786    98.9909    % 
LB close or above UB, fathomed
179    105    16         14.8643    29.5786    98.9909    % 
UB: 29.57857142857143
branching on CartesianIndex(2, 2) with a.
180    106    15         14.8643    29.5786    98.9909    % 
LB close or above UB, fathomed
181    105    14         14.8643    29.5786    98.9909    % 
LB close or above UB, fathomed
182    104    13         14.8643    29.5786    98.9909    % 
UB: 29.57857142857143
branching on 1 with b.
183    105    14         14.8643    29.5786    98.9909    % 
UB: 29.57857142857143
branching on CartesianIndex(1, 2) with a.
184    106    14         14.8643    29.5786    98.9909    % 
LB close or above UB, fathomed
185    105    11         14.8643    29.5786    98.9909    % 
UB: 29.57857142857143
branching on 3 with b.
186    106    10         14.8643    29.5786    98.9909    % 
LB close or above UB, fathomed
187    105    9          14.8643    29.5786    98.9909    % 
LB close or above UB, fathomed
188    104    8          14.8643    29.5786    98.9909    % 
LB close or above UB, fathomed
189    103    14         14.8643    29.5786    98.9909    % 
UB: 29.57857142857143
branching on CartesianIndex(6, 1) with a.
190    104    15         14.8643    29.5786    98.9909    % 
UB: 29.57857142857143
branching on CartesianIndex(1, 2) with a.
191    105    16         14.8643    29.5786    98.9909    % 
UB: 29.57857142857143
branching on CartesianIndex(2, 2) with a.
192    106    17         14.8643    29.5786    98.9909    % 
UB: 29.57857142857143
branching on CartesianIndex(3, 2) with a.
193    107    17         14.8643    29.5786    98.9909    % 
UB: 29.57857142857143
branching on CartesianIndex(1, 3) with a.
194    108    16         14.8643    29.5786    98.9909    % 
LB close or above UB, fathomed
195    107    15         14.8643    29.5786    98.9909    % 
LB close or above UB, fathomed
196    106    14         14.8643    29.5786    98.9909    % 
UB: 29.57857142857143
branching on CartesianIndex(1, 2) with a.
197    107    15         14.8643    29.5786    98.9909    % 
UB: 29.57857142857143
branching on CartesianIndex(2, 2) with a.
198    108    16         14.8643    29.5786    98.9909    % 
UB: 29.57857142857143
branching on 2 with b.
199    109    17         14.8643    29.5786    98.9909    % 
UB: 29.57857142857143
branching on CartesianIndex(3, 2) with a.
200    110    17         14.8643    29.5786    98.9909    % 
UB: 29.57857142857143
branching on CartesianIndex(3, 2) with a.
201    111    16         14.8643    29.5786    98.9909    % 
LB close or above UB, fathomed
202    110    15         14.8643    29.5786    98.9909    % 
LB close or above UB, fathomed
203    109    13         14.8643    29.5786    98.9909    % 
UB: 29.57857142857143
branching on 3 with b.
204    110    13         14.8643    29.5786    98.9909    % 
UB: 29.57857142857143
branching on 3 with b.
205    111    13         14.8643    29.5786    98.9909    % 
UB: 29.57857142857143
branching on CartesianIndex(2, 2) with a.
206    112    14         14.8643    29.5786    98.9909    % 
UB: 29.57857142857143
branching on CartesianIndex(3, 2) with a.
207    113    14         14.8643    29.5786    98.9909    % 
UB: 29.57857142857143
branching on 1 with b.
208    114    13         14.8643    29.5786    98.9909    % 
LB close or above UB, fathomed
209    113    10         14.8643    29.5786    98.9909    % 
UB: 29.57857142857143
branching on 2 with b.
210    114    10         14.8643    29.5786    98.9909    % 
LB close or above UB, fathomed
211    113    18         14.8643    29.5786    98.9909    % 
LB close or above UB, fathomed
212    112    18         14.8643    29.5786    98.9909    % 
UB: 29.57857142857143
branching on 1 with b.
213    113    18         14.8643    29.5786    98.9909    % 
UB: 29.57857142857143
branching on CartesianIndex(2, 3) with a.
214    114    18         14.8643    29.5786    98.9909    % 
UB: 29.57857142857143
branching on CartesianIndex(1, 4) with c.
215    115    24         14.8643    29.5786    98.9909    % 
UB: 29.57857142857143
branching on CartesianIndex(6, 3) with a.
216    116    25         14.8643    29.5786    98.9909    % 
UB: 29.57857142857143
branching on CartesianIndex(1, 4) with c.
217    117    26         14.8643    29.5786    98.9909    % 
LB close or above UB, fathomed
218    116    26         14.8643    29.5786    98.9909    % 
UB: 29.57857142857143
branching on CartesianIndex(1, 5) with c.
219    117    25         14.8643    29.5786    98.9909    % 
LB close or above UB, fathomed
220    116    24         14.8643    29.5786    98.9909    % 
LB close or above UB, fathomed
221    115    19         14.8643    29.5786    98.9909    % 
UB: 29.57857142857143
branching on CartesianIndex(3, 3) with a.
222    116    20         14.8643    29.5786    98.9909    % 
UB: 29.57857142857143
branching on CartesianIndex(4, 3) with a.
223    117    21         14.8643    29.5786    98.9909    % 
UB: 29.57857142857143
branching on CartesianIndex(5, 3) with a.
224    118    22         14.8643    29.5786    98.9909    % 
UB: 29.57857142857143
branching on CartesianIndex(6, 3) with a.
225    119    23         14.8643    29.5786    98.9909    % 
UB: 29.57857142857143
branching on 3 with b.
226    120    24         14.8643    29.5786    98.9909    % 
UB: 29.57857142857143
branching on CartesianIndex(1, 4) with c.
227    121    24         14.8643    29.5786    98.9909    % 
LB close or above UB, fathomed
228    120    23         14.8643    29.5786    98.9909    % 
LB close or above UB, fathomed
229    119    22         14.8643    29.5786    98.9909    % 
LB close or above UB, fathomed
230    118    21         14.8643    29.5786    98.9909    % 
UB: 29.57857142857143
branching on 3 with b.
231    119    20         14.8643    29.5786    98.9909    % 
LB close or above UB, fathomed
232    118    19         14.8643    29.5786    98.9909    % 
UB: 29.57857142857143
branching on CartesianIndex(1, 4) with c.
233    119    17         14.8643    29.5786    98.9909    % 
UB: 29.57857142857143
branching on 2 with b.
234    120    18         14.8643    29.5786    98.9909    % 
UB: 29.57857142857143
branching on CartesianIndex(2, 3) with a.
235    121    18         14.8643    29.5786    98.9909    % 
UB: 29.57857142857143
branching on CartesianIndex(2, 3) with a.
236    122    17         14.8643    29.5786    98.9909    % 
LB close or above UB, fathomed
237    121    25         14.8643    29.5786    98.9909    % 
LB close or above UB, fathomed
238    120    25         14.8643    29.5786    98.9909    % 
UB: 29.57857142857143
branching on 1 with b.
239    121    27         14.8643    29.5786    98.9909    % 
UB: 29.57857142857143
branching on CartesianIndex(2, 5) with c.
240    122    27         14.8643    29.5786    98.9909    % 
LB close or above UB, fathomed
241    121    28         14.8643    29.5786    98.9909    % 
UB: 29.57857142857143
branching on CartesianIndex(1, 6) with c.
242    122    29         14.8643    29.5786    98.9909    % 
LB close or above UB, fathomed
243    121    29         14.8643    29.5786    98.9909    % 
UB: 29.57857142857143
branching on CartesianIndex(1, 7) with c.
244    122    30         14.8643    29.5786    98.9909    % 
UB: 29.57857142857143
branching on CartesianIndex(2, 7) with c.
245    123    31         14.8643    29.5786    98.9909    % 
LB close or above UB, fathomed
246    122    31         14.8643    29.5786    98.9909    % 
UB: 29.57857142857143
branching on 1 with b.
247    123    32         14.8643    29.5786    98.9909    % 
UB: 29.57857142857143
branching on 2 with b.
248    124    33         14.8643    29.5786    98.9909    % 
UB: 29.57857142857143
branching on 3 with b.
249    125    33         14.8643    29.5786    98.9909    % 
UB: 29.57857142857143
branching on 3 with b.
250    126    34         14.8643    29.5786    98.9909    % 
UB: 29.57857142857143
branching on 1 with b.
251    127    35         14.8643    29.5786    98.9909    % 
UB: 29.57857142857143
branching on 2 with b.
252    128    35         14.8643    29.5786    98.9909    % 
UB: 29.57857142857143
branching on 2 with b.
253    129    34         14.8643    29.5786    98.9909    % 
LB close or above UB, fathomed
254    128    32         14.8643    29.5786    98.9909    % 
UB: 29.57857142857143
branching on 2 with b.
255    129    30         14.8643    29.5786    98.9909    % 
LB close or above UB, fathomed
256    128    28         14.8643    29.5786    98.9909    % 
LB close or above UB, fathomed
257    127    26         14.8643    29.5786    98.9909    % 
UB: 29.57857142857143
branching on CartesianIndex(1, 5) with c.
258    128    27         14.8643    29.5786    98.9909    % 
UB: 29.57857142857143
branching on CartesianIndex(2, 5) with c.
259    129    27         14.8643    29.5786    98.9909    % 
LB close or above UB, fathomed
260    128    26         14.8643    29.5786    98.9909    % 
LB close or above UB, fathomed
261    127    28         14.8643    29.5786    98.9909    % 
UB: 29.57857142857143
branching on CartesianIndex(1, 6) with c.
262    128    29         14.8643    29.5786    98.9909    % 
LB close or above UB, fathomed
263    127    29         14.8643    29.5786    98.9909    % 
UB: 29.57857142857143
branching on CartesianIndex(1, 7) with c.
264    128    30         14.8643    29.5786    98.9909    % 
UB: 29.57857142857143
branching on CartesianIndex(2, 7) with c.
265    129    31         14.8643    29.5786    98.9909    % 
LB close or above UB, fathomed
266    128    31         14.8643    29.5786    98.9909    % 
UB: 29.57857142857143
branching on 2 with b.
267    129    32         14.8643    29.5786    98.9909    % 
UB: 29.57857142857143
branching on 3 with b.
268    130    32         14.8643    29.5786    98.9909    % 
UB: 29.57857142857143
branching on 3 with b.
269    131    33         14.8643    29.5786    98.9909    % 
UB: 29.57857142857143
branching on 1 with b.
270    132    34         14.8643    29.5786    98.9909    % 
UB: 26.635714285714286
branching on 2 with b.
271    133    35         14.8643    26.6357    79.1927    % 
UB: 26.635714285714286
branching on 3 with b.
272    110    35         14.8643    26.6357    79.1927    % 
UB: 26.635714285714286
branching on 3 with b.
273    111    34         14.8643    26.6357    79.1927    % 
LB close or above UB, fathomed
274    110    33         14.8643    26.6357    79.1927    % 
LB close or above UB, fathomed
275    109    30         14.8643    26.6357    79.1927    % 
LB close or above UB, fathomed
276    108    28         14.8643    26.6357    79.1927    % 
LB close or above UB, fathomed
277    107    16         17.7935    26.6357    49.6934    % 
UB: 26.635714285714286
branching on 2 with b.
278    108    17         17.7935    26.6357    49.6934    % 
LB close or above UB, fathomed
279    107    17         17.7935    26.6357    49.6934    % 
LB close or above UB, fathomed
280    106    16         17.7935    26.6357    49.6934    % 
LB close or above UB, fathomed
281    105    30         17.8071    26.6357    49.5788    % 
UB: 26.635714285714286
branching on 1 with b.
282    106    30         17.8071    26.6357    49.5788    % 
LB close or above UB, fathomed
283    105    31         17.8071    26.6357    49.5788    % 
UB: 26.635714285714286
branching on 2 with b.
284    106    32         17.8071    26.6357    49.5788    % 
UB: 26.635714285714286
branching on 3 with b.
285    107    33         17.8071    26.6357    49.5788    % 
UB: 26.635714285714286
branching on 1 with b.
286    108    34         17.8071    26.6357    49.5788    % 
UB: 26.635714285714286
branching on 2 with b.
287    109    35         17.8071    26.6357    49.5788    % 
UB: 26.635714285714286
branching on 3 with b.
288    110    35         17.8071    26.6357    49.5788    % 
UB: 26.635714285714286
branching on 3 with b.
289    111    34         17.8071    26.6357    49.5788    % 
UB: 26.635714285714286
branching on 2 with b.
290    112    33         17.8071    26.6357    49.5788    % 
LB close or above UB, fathomed
291    111    32         17.8071    26.6357    49.5788    % 
LB close or above UB, fathomed
292    110    31         17.8071    26.6357    49.5788    % 
UB: 26.635714285714286
branching on 2 with b.
293    111    36         17.8071    26.6357    49.5788    % 
UB: 26.635714285714286
branching on 1 with b.
294    112    37         17.8071    26.6357    49.5788    % 
UB: 26.635714285714286
branching on 2 with b.
295    113    37         17.8071    26.6357    49.5788    % 
UB: 26.635714285714286
branching on 2 with b.
296    114    36         17.8071    26.6357    49.5788    % 
UB: 26.635714285714286
branching on 1 with b.
297    115    36         17.8071    26.6357    49.5788    % 
UB: 26.635714285714286
branching on 3 with b.
298    116    36         17.8071    26.6357    49.5788    % 
LB close or above UB, fathomed
299    115    19         17.8071    26.6357    49.5788    % 
UB: 26.635714285714286
branching on 2 with b.
300    116    20         17.8071    26.6357    49.5788    % 
UB: 26.635714285714286
branching on 3 with b.
301    117    20         17.8071    26.6357    49.5788    % 
UB: 26.635714285714286
branching on CartesianIndex(1, 4) with c.
302    118    19         17.8071    26.6357    49.5788    % 
LB close or above UB, fathomed
303    117    11         17.8071    26.6357    49.5788    % 
UB: 26.635714285714286
branching on 3 with b.
304    118    12         17.8071    26.6357    49.5788    % 
UB: 26.635714285714286
branching on CartesianIndex(4, 2) with a.
305    119    12         17.8071    26.6357    49.5788    % 
UB: 26.635714285714286
branching on 1 with b.
306    120    11         17.8071    26.6357    49.5788    % 
LB close or above UB, fathomed
307    119    15         17.8071    26.6357    49.5788    % 
UB: 26.635714285714286
branching on 1 with b.
308    120    16         17.8071    26.6357    49.5788    % 
UB: 26.635714285714286
branching on CartesianIndex(4, 2) with a.
309    121    17         17.8071    26.6357    49.5788    % 
UB: 26.635714285714286
branching on CartesianIndex(5, 2) with a.
310    122    18         17.8071    26.6357    49.5788    % 
UB: 26.635714285714286
branching on CartesianIndex(6, 2) with a.
311    123    18         17.8071    26.6357    49.5788    % 
UB: 26.635714285714286
branching on CartesianIndex(1, 3) with a.
312    124    17         17.8071    26.6357    49.5788    % 
LB close or above UB, fathomed
313    123    16         17.8071    26.6357    49.5788    % 
UB: 26.635714285714286
branching on 2 with b.
314    124    15         17.8071    26.6357    49.5788    % 
LB close or above UB, fathomed
315    123    14         17.8071    26.6357    49.5788    % 
LB close or above UB, fathomed
316    122    14         17.8071    26.6357    49.5788    % 
UB: 26.635714285714286
branching on CartesianIndex(4, 1) with a.
317    123    15         17.8071    26.6357    49.5788    % 
UB: 26.635714285714286
branching on CartesianIndex(5, 1) with a.
318    124    15         17.8071    26.6357    49.5788    % 
UB: 26.635714285714286
branching on CartesianIndex(1, 2) with a.
319    125    18         17.8071    26.6357    49.5788    % 
UB: 26.635714285714286
branching on CartesianIndex(4, 2) with a.
320    126    19         17.8071    26.6357    49.5788    % 
UB: 26.635714285714286
branching on CartesianIndex(5, 2) with a.
321    127    20         17.8071    26.6357    49.5788    % 
UB: 26.635714285714286
branching on CartesianIndex(6, 2) with a.
322    128    20         17.8071    26.6357    49.5788    % 
LB close or above UB, fathomed
323    127    19         17.8071    26.6357    49.5788    % 
LB close or above UB, fathomed
324    126    18         17.8071    26.6357    49.5788    % 
LB close or above UB, fathomed
325    125    15         17.8071    26.6357    49.5788    % 
UB: 26.635714285714286
branching on CartesianIndex(2, 2) with a.
326    126    16         17.8071    26.6357    49.5788    % 
UB: 26.635714285714286
branching on CartesianIndex(3, 2) with a.
327    127    16         17.8071    26.6357    49.5788    % 
LB close or above UB, fathomed
328    126    15         17.8071    26.6357    49.5788    % 
LB close or above UB, fathomed
329    125    17         17.8071    26.6357    49.5788    % 
UB: 26.635714285714286
branching on 3 with b.
330    126    18         17.8071    26.6357    49.5788    % 
LB close or above UB, fathomed
331    125    18         17.8071    26.6357    49.5788    % 
UB: 26.635714285714286
branching on 1 with b.
332    126    17         17.8071    26.6357    49.5788    % 
LB close or above UB, fathomed
333    125    13         17.8071    26.6357    49.5788    % 
UB: 26.635714285714286
branching on 3 with b.
334    126    14         17.8071    26.6357    49.5788    % 
UB: 26.635714285714286
branching on CartesianIndex(1, 2) with a.
335    127    15         17.8071    26.6357    49.5788    % 
UB: 26.635714285714286
branching on CartesianIndex(2, 2) with a.
336    128    16         17.8071    26.6357    49.5788    % 
UB: 26.635714285714286
branching on CartesianIndex(3, 2) with a.
337    129    16         17.8071    26.6357    49.5788    % 
LB close or above UB, fathomed
338    128    15         17.8071    26.6357    49.5788    % 
LB close or above UB, fathomed
339    127    14         17.8071    26.6357    49.5788    % 
UB: 26.635714285714286
branching on CartesianIndex(1, 2) with a.
340    128    13         17.8071    26.6357    49.5788    % 
LB close or above UB, fathomed
341    127    17         17.8071    26.6357    49.5788    % 
UB: 26.635714285714286
branching on CartesianIndex(3, 2) with a.
342    128    18         17.8071    26.6357    49.5788    % 
UB: 26.635714285714286
branching on 3 with b.
343    129    19         17.8071    26.6357    49.5788    % 
UB: 26.635714285714286
branching on 1 with b.
344    130    20         17.8071    26.6357    49.5788    % 
UB: 26.635714285714286
branching on CartesianIndex(4, 2) with a.
345    131    20         17.8071    26.6357    49.5788    % 
UB: 26.635714285714286
branching on CartesianIndex(4, 2) with a.
346    132    19         17.8071    26.6357    49.5788    % 
LB close or above UB, fathomed
347    131    18         17.8071    26.6357    49.5788    % 
LB close or above UB, fathomed
348    130    17         17.8071    26.6357    49.5788    % 
LB close or above UB, fathomed
349    129    17         17.8071    26.6357    49.5788    % 
UB: 26.635714285714286
branching on CartesianIndex(3, 2) with a.
350    130    17         17.8071    26.6357    49.5788    % 
LB close or above UB, fathomed
351    129    30         17.8071    26.6357    49.5788    % 
UB: 26.635714285714286
branching on 1 with b.
352    130    31         17.8071    26.6357    49.5788    % 
UB: 26.635714285714286
branching on 2 with b.
353    131    32         17.8071    26.6357    49.5788    % 
LB close or above UB, fathomed
354    130    32         17.8071    26.6357    49.5788    % 
UB: 26.635714285714286
branching on 3 with b.
355    131    31         17.8071    26.6357    49.5788    % 
LB close or above UB, fathomed
356    130    30         17.8071    26.6357    49.5788    % 
LB close or above UB, fathomed
357    129    28         17.8071    26.6357    49.5788    % 
LB close or above UB, fathomed
358    128    28         17.8071    26.6357    49.5788    % 
UB: 26.635714285714286
branching on CartesianIndex(1, 7) with c.
359    129    29         17.8071    26.6357    49.5788    % 
UB: 26.635714285714286
branching on CartesianIndex(2, 7) with c.
360    130    30         17.8071    26.6357    49.5788    % 
LB close or above UB, fathomed
361    129    30         17.8071    26.6357    49.5788    % 
UB: 26.635714285714286
branching on 3 with b.
362    130    31         17.8071    26.6357    49.5788    % 
UB: 26.635714285714286
branching on 1 with b.
363    131    32         17.8071    26.6357    49.5788    % 
UB: 26.635714285714286
branching on 2 with b.
364    132    33         17.8071    26.6357    49.5788    % 
UB: 26.635714285714286
branching on 3 with b.
365    133    34         17.8071    26.6357    49.5788    % 
UB: 26.635714285714286
branching on 1 with b.
366    134    35         17.8071    26.6357    49.5788    % 
LB close or above UB, fathomed
367    133    35         17.8071    26.6357    49.5788    % 
UB: 26.635714285714286
branching on 2 with b.
368    134    36         17.8071    26.6357    49.5788    % 
UB: 26.635714285714286
branching on 3 with b.
369    135    36         17.8071    26.6357    49.5788    % 
UB: 26.635714285714286
branching on 3 with b.
370    136    34         17.8071    26.6357    49.5788    % 
LB close or above UB, fathomed
371    135    33         17.8071    26.6357    49.5788    % 
LB close or above UB, fathomed
372    134    32         17.8071    26.6357    49.5788    % 
UB: 26.635714285714286
branching on 2 with b.
373    135    31         17.8071    26.6357    49.5788    % 
LB close or above UB, fathomed
374    134    29         17.8071    26.6357    49.5788    % 
LB close or above UB, fathomed
375    133    28         17.8071    26.6357    49.5788    % 
LB close or above UB, fathomed
376    132    28         17.8071    26.6357    49.5788    % 
UB: 26.635714285714286
branching on 3 with b.
377    133    29         17.8071    26.6357    49.5788    % 
UB: 26.635714285714286
branching on CartesianIndex(1, 7) with c.
378    134    30         17.8071    26.6357    49.5788    % 
UB: 26.635714285714286
branching on CartesianIndex(2, 7) with c.
379    135    31         17.8071    26.6357    49.5788    % 
LB close or above UB, fathomed
380    134    31         17.8071    26.6357    49.5788    % 
UB: 26.635714285714286
branching on 1 with b.
381    135    32         17.8071    26.6357    49.5788    % 
UB: 26.635714285714286
branching on 2 with b.
382    136    33         17.8071    26.6357    49.5788    % 
LB close or above UB, fathomed
383    135    33         17.8071    26.6357    49.5788    % 
UB: 26.635714285714286
branching on 3 with b.
384    136    32         17.8071    26.6357    49.5788    % 
LB close or above UB, fathomed
385    135    30         17.8071    26.6357    49.5788    % 
LB close or above UB, fathomed
386    134    29         17.8071    26.6357    49.5788    % 
LB close or above UB, fathomed
387    133    19         17.8071    26.6357    49.5788    % 
LB close or above UB, fathomed
388    132    19         17.8071    26.6357    49.5788    % 
UB: 26.635714285714286
branching on 1 with b.
389    133    20         17.8071    26.6357    49.5788    % 
UB: 26.635714285714286
branching on CartesianIndex(1, 5) with c.
390    134    21         17.8071    26.6357    49.5788    % 
UB: 26.635714285714286
branching on 2 with b.
391    135    22         17.8071    26.6357    49.5788    % 
UB: 26.635714285714286
branching on CartesianIndex(2, 5) with c.
392    136    22         17.8071    26.6357    49.5788    % 
LB close or above UB, fathomed
393    135    21         17.8071    26.6357    49.5788    % 
LB close or above UB, fathomed
394    134    20         17.8071    26.6357    49.5788    % 
LB close or above UB, fathomed
395    133    14         17.8071    26.6357    49.5788    % 
UB: 26.635714285714286
branching on CartesianIndex(1, 2) with a.
396    134    15         17.8071    26.6357    49.5788    % 
UB: 26.635714285714286
branching on CartesianIndex(2, 2) with a.
397    135    16         17.8071    26.6357    49.5788    % 
UB: 26.635714285714286
branching on 1 with b.
398    136    16         17.8071    26.6357    49.5788    % 
UB: 26.635714285714286
branching on CartesianIndex(1, 3) with a.
399    137    15         17.8071    26.6357    49.5788    % 
LB close or above UB, fathomed
400    136    14         17.8071    26.6357    49.5788    % 
LB close or above UB, fathomed
401    135    14         17.8071    26.6357    49.5788    % 
UB: 26.635714285714286
branching on 2 with b.
402    136    14         17.8071    26.6357    49.5788    % 
LB close or above UB, fathomed
403    135    19         17.8071    26.6357    49.5788    % 
UB: 26.635714285714286
branching on CartesianIndex(3, 3) with a.
404    136    19         17.8071    26.6357    49.5788    % 
LB close or above UB, fathomed
405    135    19         17.8071    26.6357    49.5788    % 
LB close or above UB, fathomed
406    134    19         17.8071    26.6357    49.5788    % 
UB: 26.635714285714286
branching on CartesianIndex(1, 5) with c.
407    135    20         17.8071    26.6357    49.5788    % 
UB: 26.635714285714286
branching on CartesianIndex(2, 5) with c.
408    136    21         17.8071    26.6357    49.5788    % 
UB: 26.635714285714286
branching on CartesianIndex(1, 6) with c.
409    137    22         17.8071    26.6357    49.5788    % 
LB close or above UB, fathomed
410    136    22         17.8071    26.6357    49.5788    % 
UB: 26.635714285714286
branching on CartesianIndex(1, 7) with c.
411    137    23         17.8071    26.6357    49.5788    % 
UB: 26.635714285714286
branching on 2 with b.
412    138    24         17.8071    26.6357    49.5788    % 
UB: 26.635714285714286
branching on CartesianIndex(2, 7) with c.
413    139    24         17.8071    26.6357    49.5788    % 
UB: 26.635714285714286
branching on 3 with b.
414    140    23         17.8071    26.6357    49.5788    % 
LB close or above UB, fathomed
415    139    21         17.8071    26.6357    49.5788    % 
LB close or above UB, fathomed
416    138    20         17.8071    26.6357    49.5788    % 
LB close or above UB, fathomed
417    137    19         17.8071    26.6357    49.5788    % 
LB close or above UB, fathomed
418    136    19         17.8071    26.6357    49.5788    % 
UB: 26.635714285714286
branching on CartesianIndex(2, 3) with a.
419    137    20         17.8071    26.6357    49.5788    % 
UB: 26.635714285714286
branching on CartesianIndex(3, 3) with a.
420    138    20         17.8071    26.6357    49.5788    % 
LB close or above UB, fathomed
421    137    15         18.4478    26.6357    44.3842    % 
UB: 26.635714285714286
branching on 1 with b.
422    138    15         18.4478    26.6357    44.3842    % 
LB close or above UB, fathomed
423    137    16         20.7357    26.6357    28.4531    % 
LB close or above UB, fathomed
424    136    16         20.7357    26.6357    28.4531    % 
UB: 26.635714285714286
branching on 2 with b.
425    137    17         20.7357    26.6357    28.4531    % 
UB: 26.635714285714286
branching on 3 with b.
426    138    18         20.7357    26.6357    28.4531    % 
LB close or above UB, fathomed
427    137    18         20.7357    26.6357    28.4531    % 
UB: 26.635714285714286
branching on CartesianIndex(1, 5) with c.
428    138    17         20.7357    26.6357    28.4531    % 
LB close or above UB, fathomed
429    137    19         20.7377    26.6357    28.4410    % 
UB: 26.635714285714286
branching on CartesianIndex(4, 3) with a.
430    138    20         20.7377    26.6357    28.4410    % 
UB: 26.635714285714286
branching on CartesianIndex(5, 3) with a.
431    139    21         20.7377    26.6357    28.4410    % 
UB: 26.635714285714286
branching on 1 with b.
432    140    22         20.7377    26.6357    28.4410    % 
UB: 26.635714285714286
branching on CartesianIndex(6, 3) with a.
433    141    23         20.7377    26.6357    28.4410    % 
UB: 26.635714285714286
branching on CartesianIndex(1, 4) with c.
434    142    23         20.7377    26.6357    28.4410    % 
LB close or above UB, fathomed
435    141    22         20.7377    26.6357    28.4410    % 
LB close or above UB, fathomed
436    140    21         20.7377    26.6357    28.4410    % 
LB close or above UB, fathomed
437    139    20         20.7377    26.6357    28.4410    % 
LB close or above UB, fathomed
438    138    19         20.7377    26.6357    28.4410    % 
LB close or above UB, fathomed
439    137    15         20.7500    26.6357    28.3649    % 
LB close or above UB, fathomed
440    136    15         20.7500    26.6357    28.3649    % 
UB: 26.635714285714286
branching on CartesianIndex(2, 2) with a.
441    137    34         20.7500    26.6357    28.3649    % 
UB: 26.635714285714286
branching on 1 with b.
442    138    35         20.7500    26.6357    28.3649    % 
LB close or above UB, fathomed
443    137    35         20.7500    26.6357    28.3649    % 
UB: 26.635714285714286
branching on 2 with b.
444    138    36         20.7500    26.6357    28.3649    % 
LB close or above UB, fathomed
445    137    36         20.7500    26.6357    28.3649    % 
UB: 26.635714285714286
branching on 3 with b.
446    138    37         20.7500    26.6357    28.3649    % 
UB: 26.635714285714286
branching on 1 with b.
447    139    38         20.7500    26.6357    28.3649    % 
UB: 26.635714285714286
branching on 2 with b.
448    140    38         20.7500    26.6357    28.3649    % 
LB close or above UB, fathomed
449    139    37         20.7500    26.6357    28.3649    % 
UB: 26.635714285714286
branching on 1 with b.
450    140    34         20.7500    26.6357    28.3649    % 
LB close or above UB, fathomed
451    139    37         20.7500    26.6357    28.3649    % 
UB: 26.635714285714286
branching on 1 with b.
452    140    38         20.7500    26.6357    28.3649    % 
LB close or above UB, fathomed
453    139    38         20.7500    26.6357    28.3649    % 
LB close or above UB, fathomed
454    138    37         20.7500    26.6357    28.3649    % 
UB: 26.635714285714286
branching on 1 with b.
455    139    37         20.7500    26.6357    28.3649    % 
UB: 26.635714285714286
branching on 1 with b.
456    140    38         20.7500    26.6357    28.3649    % 
UB: 26.635714285714286
branching on 2 with b.
457    141    38         20.7500    26.6357    28.3649    % 
LB close or above UB, fathomed
458    140    37         20.7500    26.6357    28.3649    % 
UB: 26.635714285714286
branching on 1 with b.
459    141    33         20.7500    26.6357    28.3649    % 
UB: 26.635714285714286
branching on 1 with b.
460    142    34         20.7500    26.6357    28.3649    % 
UB: 26.635714285714286
branching on 2 with b.
461    143    35         20.7500    26.6357    28.3649    % 
LB close or above UB, fathomed
462    142    35         20.7500    26.6357    28.3649    % 
UB: 26.635714285714286
branching on 3 with b.
463    143    36         20.7500    26.6357    28.3649    % 
UB: 26.635714285714286
branching on 1 with b.
464    144    37         20.7500    26.6357    28.3649    % 
UB: 26.635714285714286
branching on 2 with b.
465    145    37         20.7500    26.6357    28.3649    % 
UB: 26.635714285714286
branching on 2 with b.
466    146    36         20.7500    26.6357    28.3649    % 
UB: 26.635714285714286
branching on 1 with b.
467    147    34         20.7500    26.6357    28.3649    % 
LB close or above UB, fathomed
468    146    33         20.7500    26.6357    28.3649    % 
LB close or above UB, fathomed
469    145    21         20.7500    26.6357    28.3649    % 
UB: 26.635714285714286
branching on CartesianIndex(5, 2) with a.
470    146    22         20.7500    26.6357    28.3649    % 
LB close or above UB, fathomed
471    145    22         20.7500    26.6357    28.3649    % 
LB close or above UB, fathomed
472    144    21         20.7500    26.6357    28.3649    % 
LB close or above UB, fathomed
473    143    21         20.7500    26.6357    28.3649    % 
UB: 26.635714285714286
branching on CartesianIndex(5, 2) with a.
474    144    22         20.7500    26.6357    28.3649    % 
UB: 26.635714285714286
branching on CartesianIndex(6, 2) with a.
475    145    22         20.7500    26.6357    28.3649    % 
LB close or above UB, fathomed
476    144    21         20.7500    26.6357    28.3649    % 
LB close or above UB, fathomed
477    143    15         20.7500    26.6357    28.3649    % 
UB: 26.635714285714286
branching on CartesianIndex(2, 2) with a.
478    144    16         20.7500    26.6357    28.3649    % 
LB close or above UB, fathomed
479    143    16         20.7500    26.6357    28.3649    % 
LB close or above UB, fathomed
480    142    15         20.7500    26.6357    28.3649    % 
LB close or above UB, fathomed
481    141    17         20.7500    26.6357    28.3649    % 
UB: 26.635714285714286
branching on CartesianIndex(4, 2) with a.
482    142    17         20.7500    26.6357    28.3649    % 
LB close or above UB, fathomed
483    141    17         20.7500    26.6357    28.3649    % 
UB: 26.635714285714286
branching on CartesianIndex(4, 2) with a.
484    142    18         20.7500    26.6357    28.3649    % 
UB: 26.635714285714286
branching on CartesianIndex(5, 2) with a.
485    143    19         20.7500    26.6357    28.3649    % 
LB close or above UB, fathomed
486    142    19         20.7500    26.6357    28.3649    % 
LB close or above UB, fathomed
487    141    18         20.7500    26.6357    28.3649    % 
LB close or above UB, fathomed
488    140    17         20.7500    26.6357    28.3649    % 
LB close or above UB, fathomed
489    139    21         20.7500    26.6357    28.3649    % 
LB close or above UB, fathomed
490    138    21         20.7500    26.6357    28.3649    % 
UB: 26.635714285714286
branching on 3 with b.
491    139    16         20.7500    26.6357    28.3649    % 
LB close or above UB, fathomed
492    138    16         20.7500    26.6357    28.3649    % 
LB close or above UB, fathomed
493    137    17         20.7500    26.6357    28.3649    % 
LB close or above UB, fathomed
494    136    17         20.7500    26.6357    28.3649    % 
UB: 26.635714285714286
branching on CartesianIndex(4, 2) with a.
495    137    18         20.7500    26.6357    28.3649    % 
UB: 26.635714285714286
branching on CartesianIndex(5, 2) with a.
496    138    19         20.7500    26.6357    28.3649    % 
LB close or above UB, fathomed
497    137    19         20.7500    26.6357    28.3649    % 
LB close or above UB, fathomed
498    136    18         20.7500    26.6357    28.3649    % 
LB close or above UB, fathomed
499    135    19         20.7500    26.6357    28.3649    % 
LB close or above UB, fathomed
500    134    19         20.7500    26.6357    28.3649    % 
LB close or above UB, fathomed
501    133    13         20.7500    26.6357    28.3649    % 
LB close or above UB, fathomed
502    132    13         20.7500    26.6357    28.3649    % 
UB: 26.635714285714286
branching on CartesianIndex(4, 2) with a.
503    133    14         20.7500    26.6357    28.3649    % 
UB: 26.635714285714286
branching on CartesianIndex(5, 2) with a.
504    134    15         20.7500    26.6357    28.3649    % 
UB: 26.635714285714286
branching on CartesianIndex(6, 2) with a.
505    135    16         20.7500    26.6357    28.3649    % 
UB: 26.635714285714286
branching on CartesianIndex(1, 3) with a.
506    136    17         20.7500    26.6357    28.3649    % 
UB: 26.635714285714286
branching on CartesianIndex(2, 3) with a.
507    137    18         20.7500    26.6357    28.3649    % 
UB: 26.635714285714286
branching on CartesianIndex(3, 3) with a.
508    138    19         20.7500    26.6357    28.3649    % 
UB: 26.635714285714286
branching on CartesianIndex(4, 3) with a.
509    139    20         20.7500    26.6357    28.3649    % 
UB: 26.635714285714286
branching on CartesianIndex(5, 3) with a.
510    140    21         20.7500    26.6357    28.3649    % 
UB: 26.635714285714286
branching on CartesianIndex(6, 3) with a.
511    141    21         20.7500    26.6357    28.3649    % 
LB close or above UB, fathomed
512    140    20         20.7500    26.6357    28.3649    % 
LB close or above UB, fathomed
513    139    19         20.7500    26.6357    28.3649    % 
LB close or above UB, fathomed
514    138    18         20.7500    26.6357    28.3649    % 
LB close or above UB, fathomed
515    137    17         20.7500    26.6357    28.3649    % 
LB close or above UB, fathomed
516    136    16         20.7500    26.6357    28.3649    % 
UB: 26.635714285714286
branching on 2 with b.
517    137    17         20.7500    26.6357    28.3649    % 
LB close or above UB, fathomed
518    136    17         20.7500    26.6357    28.3649    % 
UB: 26.635714285714286
branching on 3 with b.
519    137    15         20.7500    26.6357    28.3649    % 
LB close or above UB, fathomed
520    136    14         20.7500    26.6357    28.3649    % 
LB close or above UB, fathomed
521    135    21         20.7500    26.6357    28.3649    % 
LB close or above UB, fathomed
522    134    21         20.7500    26.6357    28.3649    % 
UB: 26.635714285714286
branching on CartesianIndex(1, 5) with c.
523    135    37         20.7500    26.6357    28.3649    % 
UB: 26.635714285714286
branching on 1 with b.
524    136    38         20.7500    26.6357    28.3649    % 
LB close or above UB, fathomed
525    135    38         20.7500    26.6357    28.3649    % 
LB close or above UB, fathomed
526    134    37         20.7500    26.6357    28.3649    % 
UB: 26.635714285714286
branching on 1 with b.
527    135    37         20.7500    26.6357    28.3649    % 
UB: 26.635714285714286
branching on 2 with b.
528    136    37         20.7500    26.6357    28.3649    % 
UB: 26.635714285714286
branching on 2 with b.
529    137    38         20.7500    26.6357    28.3649    % 
UB: 26.635714285714286
branching on 3 with b.
530    138    38         20.7500    26.6357    28.3649    % 
UB: 26.635714285714286
branching on 3 with b.
531    139    39         20.7500    26.6357    28.3649    % 
UB: 26.635714285714286
branching on 1 with b.
532    140    39         20.7500    26.6357    28.3649    % 
UB: 26.635714285714286
branching on 1 with b.
533    141    40         20.7500    26.6357    28.3649    % 
UB: 26.635714285714286
branching on 2 with b.
534    142    41         20.7500    26.6357    28.3649    % 
UB: 26.635714285714286
branching on 3 with b.
535    143    41         20.7500    26.6357    28.3649    % 
UB: 26.635714285714286
branching on 3 with b.
536    144    40         20.7500    26.6357    28.3649    % 
UB: 26.635714285714286
branching on 2 with b.
537    145    38         20.7500    26.6357    28.3649    % 
UB: 26.635714285714286
branching on 3 with b.
538    146    38         20.7500    26.6357    28.3649    % 
UB: 26.635714285714286
branching on 3 with b.
539    147    39         20.7500    26.6357    28.3649    % 
UB: 26.635714285714286
branching on 1 with b.
540    148    39         20.7500    26.6357    28.3649    % 
UB: 26.635714285714286
branching on 1 with b.
541    149    40         20.7500    26.6357    28.3649    % 
LB close or above UB, fathomed
542    148    40         20.7500    26.6357    28.3649    % 
UB: 26.635714285714286
branching on 2 with b.
543    149    35         20.7500    26.6357    28.3649    % 
LB close or above UB, fathomed
544    148    35         20.7500    26.6357    28.3649    % 
UB: 26.635714285714286
branching on 3 with b.
545    149    36         20.7500    26.6357    28.3649    % 
UB: 26.635714285714286
branching on 1 with b.
546    150    37         20.7500    26.6357    28.3649    % 
UB: 26.635714285714286
branching on 2 with b.
547    151    37         20.7500    26.6357    28.3649    % 
UB: 26.635714285714286
branching on 2 with b.
548    152    36         20.7500    26.6357    28.3649    % 
UB: 26.635714285714286
branching on 1 with b.
549    153    36         20.7500    26.6357    28.3649    % 
UB: 26.635714285714286
branching on 1 with b.
550    154    37         20.7500    26.6357    28.3649    % 
UB: 26.635714285714286
branching on 2 with b.
551    155    37         20.7500    26.6357    28.3649    % 
UB: 26.635714285714286
branching on 2 with b.
552    156    36         20.7500    26.6357    28.3649    % 
UB: 26.635714285714286
branching on 1 with b.
553    157    14         20.7500    26.6357    28.3649    % 
LB close or above UB, fathomed
554    156    14         20.7500    26.6357    28.3649    % 
UB: 26.635714285714286
branching on CartesianIndex(4, 1) with a.
555    157    15         20.7500    26.6357    28.3649    % 
LB close or above UB, fathomed
556    156    15         20.7500    26.6357    28.3649    % 
UB: 26.635714285714286
branching on CartesianIndex(1, 2) with a.
557    157    16         20.7500    26.6357    28.3649    % 
UB: 26.635714285714286
branching on CartesianIndex(2, 2) with a.
558    158    16         20.7500    26.6357    28.3649    % 
LB close or above UB, fathomed
559    157    15         20.7500    26.6357    28.3649    % 
UB: 26.635714285714286
branching on 1 with b.
560    158    15         20.7500    26.6357    28.3649    % 
LB close or above UB, fathomed
561    157    19         20.7500    26.6357    28.3649    % 
UB: 26.635714285714286
branching on CartesianIndex(4, 3) with a.
562    158    19         20.7500    26.6357    28.3649    % 
LB close or above UB, fathomed
563    157    16         20.7500    26.6357    28.3649    % 
LB close or above UB, fathomed
564    156    16         20.7500    26.6357    28.3649    % 
UB: 26.635714285714286
branching on CartesianIndex(1, 5) with c.
565    157    17         20.7500    26.6357    28.3649    % 
UB: 26.635714285714286
branching on CartesianIndex(2, 5) with c.
566    158    18         20.7500    26.6357    28.3649    % 
UB: 26.635714285714286
branching on CartesianIndex(1, 6) with c.
567    159    19         20.7500    26.6357    28.3649    % 
LB close or above UB, fathomed
568    158    19         20.7500    26.6357    28.3649    % 
UB: 26.635714285714286
branching on CartesianIndex(1, 7) with c.
569    159    20         20.7500    26.6357    28.3649    % 
UB: 26.635714285714286
branching on 2 with b.
570    160    21         20.7500    26.6357    28.3649    % 
UB: 26.635714285714286
branching on 3 with b.
571    161    22         20.7500    26.6357    28.3649    % 
LB close or above UB, fathomed
572    160    22         20.7500    26.6357    28.3649    % 
UB: 26.635714285714286
branching on CartesianIndex(2, 7) with c.
573    161    21         20.7500    26.6357    28.3649    % 
LB close or above UB, fathomed
574    160    20         20.7500    26.6357    28.3649    % 
LB close or above UB, fathomed
575    159    18         20.7500    26.6357    28.3649    % 
LB close or above UB, fathomed
576    158    17         20.7500    26.6357    28.3649    % 
LB close or above UB, fathomed
577    157    20         20.7500    26.6357    28.3649    % 
UB: 26.635714285714286
branching on 1 with b.
578    158    21         20.7500    26.6357    28.3649    % 
UB: 26.635714285714286
branching on CartesianIndex(5, 3) with a.
579    159    22         20.7500    26.6357    28.3649    % 
UB: 26.635714285714286
branching on CartesianIndex(6, 3) with a.
580    160    23         20.7500    26.6357    28.3649    % 
UB: 26.635714285714286
branching on 2 with b.
581    161    23         20.7500    26.6357    28.3649    % 
LB close or above UB, fathomed
582    160    22         20.7500    26.6357    28.3649    % 
LB close or above UB, fathomed
583    159    21         20.7500    26.6357    28.3649    % 
LB close or above UB, fathomed
584    158    20         20.7500    26.6357    28.3649    % 
LB close or above UB, fathomed
585    157    22         20.7500    26.6357    28.3649    % 
UB: 26.635714285714286
branching on CartesianIndex(1, 4) with c.
586    158    23         20.7500    26.6357    28.3649    % 
LB close or above UB, fathomed
587    157    23         20.7500    26.6357    28.3649    % 
UB: 26.635714285714286
branching on 2 with b.
588    158    24         20.7500    26.6357    28.3649    % 
UB: 26.635714285714286
branching on CartesianIndex(1, 5) with c.
589    159    24         20.7500    26.6357    28.3649    % 
LB close or above UB, fathomed
590    158    22         20.7500    26.6357    28.3649    % 
LB close or above UB, fathomed
591    157    24         20.7500    26.6357    28.3649    % 
LB close or above UB, fathomed
592    156    24         20.7500    26.6357    28.3649    % 
UB: 26.635714285714286
branching on CartesianIndex(1, 5) with c.
593    157    25         20.7500    26.6357    28.3649    % 
UB: 26.635714285714286
branching on CartesianIndex(2, 5) with c.
594    158    25         20.7500    26.6357    28.3649    % 
LB close or above UB, fathomed
595    157    23         20.7500    26.6357    28.3649    % 
UB: 26.635714285714286
branching on CartesianIndex(1, 6) with c.
596    158    24         20.7500    26.6357    28.3649    % 
LB close or above UB, fathomed
597    157    24         20.7500    26.6357    28.3649    % 
UB: 26.635714285714286
branching on 3 with b.
598    158    25         20.7500    26.6357    28.3649    % 
UB: 26.635714285714286
branching on CartesianIndex(1, 7) with c.
599    159    26         20.7500    26.6357    28.3649    % 
UB: 26.635714285714286
branching on 1 with b.
600    160    27         20.7500    26.6357    28.3649    % 
UB: 26.635714285714286
branching on 2 with b.
601    161    28         20.7500    26.6357    28.3649    % 
LB close or above UB, fathomed
602    160    28         20.7500    26.6357    28.3649    % 
UB: 26.635714285714286
branching on 3 with b.
603    161    29         20.7500    26.6357    28.3649    % 
UB: 26.635714285714286
branching on CartesianIndex(2, 7) with c.
604    162    30         20.7500    26.6357    28.3649    % 
LB close or above UB, fathomed
605    161    30         20.7500    26.6357    28.3649    % 
UB: 26.635714285714286
branching on 1 with b.
606    162    31         20.7500    26.6357    28.3649    % 
LB close or above UB, fathomed
607    161    31         20.7500    26.6357    28.3649    % 
UB: 26.635714285714286
branching on 2 with b.
608    162    29         20.7500    26.6357    28.3649    % 
LB close or above UB, fathomed
609    161    27         20.7500    26.6357    28.3649    % 
LB close or above UB, fathomed
610    160    26         20.7500    26.6357    28.3649    % 
LB close or above UB, fathomed
611    159    25         20.7500    26.6357    28.3649    % 
LB close or above UB, fathomed
612    158    23         20.7500    26.6357    28.3649    % 
LB close or above UB, fathomed
613    157    20         20.7500    26.6357    28.3649    % 
LB close or above UB, fathomed
614    156    20         20.7500    26.6357    28.3649    % 
UB: 26.635714285714286
branching on CartesianIndex(1, 5) with c.
615    157    21         20.7500    26.6357    28.3649    % 
UB: 26.635714285714286
branching on CartesianIndex(2, 5) with c.
616    158    22         20.7500    26.6357    28.3649    % 
UB: 26.635714285714286
branching on CartesianIndex(1, 6) with c.
617    159    23         20.7500    26.6357    28.3649    % 
LB close or above UB, fathomed
618    158    23         20.7500    26.6357    28.3649    % 
UB: 26.635714285714286
branching on 3 with b.
619    159    24         20.7500    26.6357    28.3649    % 
UB: 26.635714285714286
branching on CartesianIndex(1, 7) with c.
620    160    24         20.7500    26.6357    28.3649    % 
LB close or above UB, fathomed
621    159    22         20.7500    26.6357    28.3649    % 
LB close or above UB, fathomed
622    158    21         20.7500    26.6357    28.3649    % 
LB close or above UB, fathomed
623    157    25         20.7500    26.6357    28.3649    % 
UB: 26.635714285714286
branching on CartesianIndex(2, 7) with c.
624    158    26         20.7500    26.6357    28.3649    % 
LB close or above UB, fathomed
625    157    26         20.7500    26.6357    28.3649    % 
UB: 26.635714285714286
branching on 1 with b.
626    158    27         20.7500    26.6357    28.3649    % 
UB: 26.635714285714286
branching on 2 with b.
627    159    28         20.7500    26.6357    28.3649    % 
LB close or above UB, fathomed
628    158    28         20.7500    26.6357    28.3649    % 
UB: 26.635714285714286
branching on 3 with b.
629    159    29         20.7500    26.6357    28.3649    % 
UB: 26.635714285714286
branching on 1 with b.
630    160    30         20.7500    26.6357    28.3649    % 
UB: 26.635714285714286
branching on 2 with b.
631    161    31         20.7500    26.6357    28.3649    % 
UB: 26.635714285714286
branching on 3 with b.
632    162    31         20.7500    26.6357    28.3649    % 
LB close or above UB, fathomed
633    161    30         20.7500    26.6357    28.3649    % 
LB close or above UB, fathomed
634    160    29         20.7500    26.6357    28.3649    % 
LB close or above UB, fathomed
635    159    27         20.7500    26.6357    28.3649    % 
LB close or above UB, fathomed
636    158    25         20.7500    26.6357    28.3649    % 
LB close or above UB, fathomed
637    157    26         20.7500    26.6357    28.3649    % 
UB: 26.635714285714286
branching on CartesianIndex(1, 6) with c.
638    158    27         20.7500    26.6357    28.3649    % 
LB close or above UB, fathomed
639    157    27         20.7500    26.6357    28.3649    % 
UB: 26.635714285714286
branching on CartesianIndex(1, 7) with c.
640    158    28         20.7500    26.6357    28.3649    % 
UB: 26.635714285714286
branching on CartesianIndex(2, 7) with c.
641    159    29         20.7500    26.6357    28.3649    % 
LB close or above UB, fathomed
642    158    29         20.7500    26.6357    28.3649    % 
UB: 26.635714285714286
branching on 2 with b.
643    159    30         20.7500    26.6357    28.3649    % 
UB: 26.635714285714286
branching on 3 with b.
644    160    30         20.7500    26.6357    28.3649    % 
LB close or above UB, fathomed
645    159    28         20.7500    26.6357    28.3649    % 
LB close or above UB, fathomed
646    158    26         20.7500    26.6357    28.3649    % 
LB close or above UB, fathomed
647    157    24         20.7500    26.6357    28.3649    % 
LB close or above UB, fathomed
648    156    24         20.7500    26.6357    28.3649    % 
UB: 26.635714285714286
branching on CartesianIndex(1, 4) with c.
649    157    19         20.7500    26.6357    28.3649    % 
LB close or above UB, fathomed
650    156    19         20.7500    26.6357    28.3649    % 
LB close or above UB, fathomed
651    155    16         21.3907    26.6357    24.5203    % 
LB close or above UB, fathomed
652    154    16         21.3907    26.6357    24.5203    % 
UB: 26.635714285714286
branching on 2 with b.
653    155    4          23.6039    26.6357    12.8446    % 
LB close or above UB, fathomed
654    154    4          23.6039    26.6357    12.8446    % 
UB: 26.635714285714286
branching on CartesianIndex(1, 1) with a.
655    155    5          23.6039    26.6357    12.8446    % 
UB: 26.635714285714286
branching on 1 with b.
656    156    6          23.6039    26.6357    12.8446    % 
UB: 26.635714285714286
branching on CartesianIndex(2, 1) with a.
657    157    7          23.6039    26.6357    12.8446    % 
LB close or above UB, fathomed
658    156    7          23.6039    26.6357    12.8446    % 
LB close or above UB, fathomed
659    155    6          23.6039    26.6357    12.8446    % 
LB close or above UB, fathomed
660    154    5          23.6039    26.6357    12.8446    % 
LB close or above UB, fathomed
661    153    5          23.6429    26.6357    12.6586    % 
UB: 26.635714285714286
branching on 1 with b.
662    154    6          23.6429    26.6357    12.6586    % 
UB: 26.635714285714286
branching on CartesianIndex(2, 1) with a.
663    155    7          23.6429    26.6357    12.6586    % 
LB close or above UB, fathomed
664    154    7          23.6429    26.6357    12.6586    % 
LB close or above UB, fathomed
665    153    6          23.6429    26.6357    12.6586    % 
UB: 26.635714285714286
branching on CartesianIndex(2, 1) with a.
666    154    7          23.6429    26.6357    12.6586    % 
UB: 26.635714285714286
branching on CartesianIndex(3, 1) with a.
667    155    8          23.6429    26.6357    12.6586    % 
UB: 26.635714285714286
branching on 1 with b.
668    156    9          23.6429    26.6357    12.6586    % 
UB: 26.635714285714286
branching on CartesianIndex(4, 1) with a.
669    157    10         23.6429    26.6357    12.6586    % 
UB: 26.635714285714286
branching on CartesianIndex(5, 1) with a.
670    158    11         23.6429    26.6357    12.6586    % 
UB: 26.635714285714286
branching on 2 with b.
671    159    12         23.6429    26.6357    12.6586    % 
UB: 26.635714285714286
branching on CartesianIndex(6, 1) with a.
672    160    13         23.6429    26.6357    12.6586    % 
UB: 26.635714285714286
branching on 1 with b.
673    161    14         23.6429    26.6357    12.6586    % 
UB: 26.635714285714286
branching on CartesianIndex(1, 2) with a.
674    162    14         23.6429    26.6357    12.6586    % 
LB close or above UB, fathomed
675    161    13         23.6429    26.6357    12.6586    % 
LB close or above UB, fathomed
676    160    12         23.6429    26.6357    12.6586    % 
LB close or above UB, fathomed
677    159    11         23.6429    26.6357    12.6586    % 
LB close or above UB, fathomed
678    158    10         23.6429    26.6357    12.6586    % 
LB close or above UB, fathomed
679    157    9          23.6429    26.6357    12.6586    % 
LB close or above UB, fathomed
680    156    8          23.6429    26.6357    12.6586    % 
LB close or above UB, fathomed
681    155    7          23.6429    26.6357    12.6586    % 
LB close or above UB, fathomed
682    154    5          23.6429    26.6357    12.6586    % 
LB close or above UB, fathomed
683    153    15         23.6429    26.6357    12.6586    % 
UB: 26.635714285714286
branching on 2 with b.
684    154    16         23.6429    26.6357    12.6586    % 
LB close or above UB, fathomed
685    153    16         23.6429    26.6357    12.6586    % 
LB close or above UB, fathomed
686    152    15         23.6429    26.6357    12.6586    % 
LB close or above UB, fathomed
687    151    19         23.6786    26.6357    12.4885    % 
UB: 26.635714285714286
branching on CartesianIndex(2, 5) with c.
688    152    20         23.6786    26.6357    12.4885    % 
UB: 26.635714285714286
branching on CartesianIndex(1, 6) with c.
689    153    21         23.6786    26.6357    12.4885    % 
LB close or above UB, fathomed
690    152    21         23.6786    26.6357    12.4885    % 
UB: 26.635714285714286
branching on CartesianIndex(1, 7) with c.
691    153    22         23.6786    26.6357    12.4885    % 
UB: 26.635714285714286
branching on 1 with b.
692    154    23         23.6786    26.6357    12.4885    % 
UB: 26.635714285714286
branching on CartesianIndex(2, 7) with c.
693    155    24         23.6786    26.6357    12.4885    % 
LB close or above UB, fathomed
694    154    24         23.6786    26.6357    12.4885    % 
UB: 26.635714285714286
branching on 2 with b.
695    155    25         23.6786    26.6357    12.4885    % 
LB close or above UB, fathomed
696    154    25         23.6786    26.6357    12.4885    % 
LB close or above UB, fathomed
697    153    23         23.6786    26.6357    12.4885    % 
LB close or above UB, fathomed
698    152    22         23.6786    26.6357    12.4885    % 
LB close or above UB, fathomed
699    151    20         23.6786    26.6357    12.4885    % 
LB close or above UB, fathomed
700    150    19         23.6786    26.6357    12.4885    % 
LB close or above UB, fathomed
701    149    25         23.6929    26.6357    12.4209    % 
UB: 26.635714285714286
branching on CartesianIndex(2, 7) with c.
702    150    25         23.6929    26.6357    12.4209    % 
LB close or above UB, fathomed
703    149    33         23.6929    26.6357    12.4209    % 
UB: 26.635714285714286
branching on 3 with b.
704    150    34         23.6929    26.6357    12.4209    % 
UB: 26.635714285714286
branching on 1 with b.
705    151    34         23.6929    26.6357    12.4209    % 
LB close or above UB, fathomed
706    150    33         23.6929    26.6357    12.4209    % 
LB close or above UB, fathomed
707    149    14         23.6929    26.6357    12.4209    % 
LB close or above UB, fathomed
708    148    14         23.6929    26.6357    12.4209    % 
LB close or above UB, fathomed
709    147    35         23.6929    26.6357    12.4209    % 
UB: 26.635714285714286
branching on 2 with b.
710    148    36         23.6929    26.6357    12.4209    % 
LB close or above UB, fathomed
711    147    36         23.6929    26.6357    12.4209    % 
LB close or above UB, fathomed
712    146    35         23.6929    26.6357    12.4209    % 
LB close or above UB, fathomed
713    145    26         23.6929    26.6357    12.4209    % 
LB close or above UB, fathomed
714    144    26         23.6929    26.6357    12.4209    % 
UB: 26.635714285714286
branching on 1 with b.
715    145    27         23.6929    26.6357    12.4209    % 
UB: 26.635714285714286
branching on 2 with b.
716    146    28         23.6929    26.6357    12.4209    % 
UB: 26.635714285714286
branching on 3 with b.
717    147    29         23.6929    26.6357    12.4209    % 
UB: 26.635714285714286
branching on 1 with b.
718    148    30         23.6929    26.6357    12.4209    % 
UB: 26.635714285714286
branching on 2 with b.
719    149    31         23.6929    26.6357    12.4209    % 
LB close or above UB, fathomed
720    148    31         23.6929    26.6357    12.4209    % 
LB close or above UB, fathomed
721    147    30         23.6929    26.6357    12.4209    % 
LB close or above UB, fathomed
722    146    29         23.6929    26.6357    12.4209    % 
LB close or above UB, fathomed
723    145    28         23.6929    26.6357    12.4209    % 
LB close or above UB, fathomed
724    144    27         23.6929    26.6357    12.4209    % 
LB close or above UB, fathomed
725    143    31         23.6929    26.6357    12.4209    % 
LB close or above UB, fathomed
726    142    31         23.6929    26.6357    12.4209    % 
UB: 26.635714285714286
branching on 1 with b.
727    143    32         23.6929    26.6357    12.4209    % 
UB: 26.635714285714286
branching on 2 with b.
728    144    33         23.6929    26.6357    12.4209    % 
LB close or above UB, fathomed
729    143    33         23.6929    26.6357    12.4209    % 
UB: 26.635714285714286
branching on 3 with b.
730    144    34         23.6929    26.6357    12.4209    % 
LB close or above UB, fathomed
731    143    34         23.6929    26.6357    12.4209    % 
UB: 26.635714285714286
branching on 1 with b.
732    144    35         23.6929    26.6357    12.4209    % 
LB close or above UB, fathomed
733    143    35         23.6929    26.6357    12.4209    % 
LB close or above UB, fathomed
734    142    32         23.6929    26.6357    12.4209    % 
LB close or above UB, fathomed
735    141    32         23.6929    26.6357    12.4209    % 
LB close or above UB, fathomed
736    140    32         23.6929    26.6357    12.4209    % 
LB close or above UB, fathomed
737    139    32         23.6929    26.6357    12.4209    % 
LB close or above UB, fathomed
738    138    32         23.6929    26.6357    12.4209    % 
LB close or above UB, fathomed
739    137    23         23.6929    26.6357    12.4209    % 
LB close or above UB, fathomed
740    136    23         23.6929    26.6357    12.4209    % 
UB: 26.635714285714286
branching on 1 with b.
741    137    24         23.6929    26.6357    12.4209    % 
UB: 26.635714285714286
branching on 2 with b.
742    138    25         23.6929    26.6357    12.4209    % 
LB close or above UB, fathomed
743    137    25         23.6929    26.6357    12.4209    % 
LB close or above UB, fathomed
744    136    24         23.6929    26.6357    12.4209    % 
LB close or above UB, fathomed
745    135    16         23.6929    26.6357    12.4209    % 
UB: 26.635714285714286
branching on CartesianIndex(4, 2) with a.
746    136    17         23.6929    26.6357    12.4209    % 
UB: 26.635714285714286
branching on 2 with b.
747    137    18         23.6929    26.6357    12.4209    % 
LB close or above UB, fathomed
748    136    18         23.6929    26.6357    12.4209    % 
LB close or above UB, fathomed
749    135    17         23.6929    26.6357    12.4209    % 
LB close or above UB, fathomed
750    134    16         23.6929    26.6357    12.4209    % 
UB: 26.635714285714286
branching on CartesianIndex(4, 2) with a.
751    135    17         23.6929    26.6357    12.4209    % 
UB: 26.635714285714286
branching on CartesianIndex(5, 2) with a.
752    136    18         23.6929    26.6357    12.4209    % 
LB close or above UB, fathomed
753    135    18         23.6929    26.6357    12.4209    % 
LB close or above UB, fathomed
754    134    17         23.6929    26.6357    12.4209    % 
LB close or above UB, fathomed
755    133    17         23.6929    26.6357    12.4209    % 
UB: 26.635714285714286
branching on CartesianIndex(3, 2) with a.
756    134    18         23.6929    26.6357    12.4209    % 
UB: 26.635714285714286
branching on CartesianIndex(4, 2) with a.
757    135    19         23.6929    26.6357    12.4209    % 
UB: 26.635714285714286
branching on CartesianIndex(5, 2) with a.
758    136    20         23.6929    26.6357    12.4209    % 
LB close or above UB, fathomed
759    135    20         23.6929    26.6357    12.4209    % 
LB close or above UB, fathomed
760    134    19         23.6929    26.6357    12.4209    % 
LB close or above UB, fathomed
761    133    18         23.6929    26.6357    12.4209    % 
LB close or above UB, fathomed
762    132    17         23.6929    26.6357    12.4209    % 
LB close or above UB, fathomed
763    131    37         23.6929    26.6357    12.4209    % 
LB close or above UB, fathomed
764    130    37         23.6929    26.6357    12.4209    % 
LB close or above UB, fathomed
765    129    38         23.6929    26.6357    12.4209    % 
UB: 26.635714285714286
branching on 3 with b.
766    130    39         23.6929    26.6357    12.4209    % 
LB close or above UB, fathomed
767    129    39         23.6929    26.6357    12.4209    % 
UB: 26.635714285714286
branching on 1 with b.
768    130    40         23.6929    26.6357    12.4209    % 
UB: 26.635714285714286
branching on 2 with b.
769    131    41         23.6929    26.6357    12.4209    % 
UB: 26.635714285714286
branching on 3 with b.
770    132    42         23.6929    26.6357    12.4209    % 
UB: 23.692857142857143
branching on 1 with b.
771    132    43         23.6929    23.6929    0.0000     % 
LB close or above UB, fathomed
all node solved
solved nodes:  772
772                                                   2.3693e+01     2.3693e+01     0.0000  % 
7×3 Matrix{Float64}:
 0.0  1.0  0.0
 0.0  0.0  0.0
 0.0  0.0  0.0
 0.0  0.0  0.0
 0.0  0.0  0.0
 0.0  0.0  1.0
 1.0  0.0  0.0
3-element Vector{Float64}:
 0.5423177416422333
 0.26807249342093953
 0.15948135161329977
3×7 Matrix{Float64}:
 0.0  0.0  0.0  0.0  1.0  0.0  0.0
 0.0  0.0  0.0  0.0  0.0  1.0  1.0
 0.0  0.0  0.0  1.0  0.0  0.0  0.0
3-element Vector{Float64}:
 1.0
 1.0
 1.0
7×3 Matrix{Float64}:
 1.0  0.0  0.0
 0.0  0.0  0.0
 0.0  0.0  0.0
 0.0  0.0  0.0
 0.0  0.0  0.0
 0.0  1.0  0.0
 0.0  0.0  1.0
3-element Vector{Float64}:
 0.268279178040548
 0.2649880140307638
 0.5468746795156791
3×7 Matrix{Float64}:
 0.0  0.0  0.0  1.0  0.0  1.0  0.0
 0.0  0.0  0.0  0.0  0.0  0.0  1.0
 0.0  0.0  0.0  0.0  1.0  0.0  0.0
3-element Vector{Float64}:
 1.0
 1.0
 1.0
comparison (CRT and Glb)on prediction: Dict{Bool, Int64}(0 => 3, 1 => 48)
Dataname	 time	 objv	 lb	 gap	 train_w	 train_g	 test_w	 test_g
seeds_574.seeds	 82.92	 23.692857142857143	 23.693	 0.0	 91.613	 94.839	 96.078	 94.118
