Running 6 processes.
Start training seeds_361.seeds with seed 1.
Any[]
(7, 206)
(7, 102)
(7, 51)
(7, 53)
dimension: 7, class: 3
cart cost: 38.96159420289857
size of X: (7, 153)
ngroups: 6
UB: 35.97608695652174
Iter	left	lev	LB	UB	gap	
0      0      1          6.0875     35.9761    490.9842   % 
UB: 35.97608695652174
branching on 1 with d.
1      1      2          6.0875     35.9761    490.9842   % 
LB close or above UB, fathomed
2      0      2          6.0875     35.9761    490.9842   % 
UB: 35.97608695652174
branching on 2 with d.
3      1      3          6.0875     35.9761    490.9842   % 
UB: 35.97608695652174
branching on 3 with d.
4      2      3          6.0875     35.9761    490.9842   % 
UB: 35.97608695652174
branching on 3 with d.
5      3      4          6.0875     35.9761    490.9842   % 
UB: 35.97608695652174
branching on CartesianIndex(1, 1) with a.
6      4      4          6.0875     35.9761    490.9842   % 
UB: 35.97608695652174
branching on CartesianIndex(1, 1) with a.
7      5      5          6.0950     35.9761    490.2554   % 
UB: 35.97608695652174
branching on 1 with b.
8      6      6          6.0950     35.9761    490.2554   % 
UB: 35.97608695652174
branching on CartesianIndex(2, 1) with a.
9      7      7          6.0950     35.9761    490.2554   % 
UB: 35.97608695652174
branching on 1 with b.
10     8      7          6.0950     35.9761    490.2554   % 
UB: 35.97608695652174
branching on CartesianIndex(1, 2) with a.
11     9      8          6.0950     35.9761    490.2554   % 
UB: 35.97608695652174
branching on 1 with b.
12     10     9          6.0950     35.9761    490.2554   % 
UB: 35.97608695652174
branching on 2 with b.
13     11     9          6.0950     35.9761    490.2554   % 
UB: 35.97608695652174
branching on CartesianIndex(2, 2) with a.
14     12     10         6.0950     35.9761    490.2554   % 
UB: 35.97608695652174
branching on CartesianIndex(3, 2) with a.
15     13     11         6.0950     35.9761    490.2554   % 
UB: 35.97608695652174
branching on CartesianIndex(4, 2) with a.
16     14     12         6.0950     35.9761    490.2554   % 
UB: 35.97608695652174
branching on 2 with b.
17     15     13         6.0950     35.9761    490.2554   % 
UB: 35.97608695652174
branching on 3 with b.
18     16     14         6.0950     35.9761    490.2554   % 
UB: 35.97608695652174
branching on 1 with b.
19     17     14         6.0950     35.9761    490.2554   % 
UB: 35.97608695652174
branching on CartesianIndex(5, 2) with a.
20     18     13         6.0950     35.9761    490.2554   % 
UB: 35.97608695652174
branching on 3 with b.
21     19     12         6.0950     35.9761    490.2554   % 
UB: 35.97608695652174
branching on CartesianIndex(1, 3) with a.
22     20     11         6.0950     35.9761    490.2554   % 
UB: 35.97608695652174
branching on CartesianIndex(1, 3) with a.
23     21     10         6.0950     35.9761    490.2554   % 
UB: 35.97608695652174
branching on 2 with b.
24     22     8          6.0950     35.9761    490.2554   % 
UB: 35.97608695652174
branching on CartesianIndex(1, 3) with a.
25     23     6          6.0950     35.9761    490.2554   % 
UB: 35.97608695652174
branching on 1 with b.
26     24     5          6.0950     35.9761    490.2554   % 
UB: 30.005072463768116
branching on 1 with b.
27     25     6          6.0950     30.0051    392.2897   % 
UB: 30.005072463768116
branching on CartesianIndex(1, 2) with a.
28     24     7          6.0950     30.0051    392.2897   % 
UB: 30.005072463768116
branching on 1 with b.
29     25     8          6.0950     30.0051    392.2897   % 
UB: 30.005072463768116
branching on CartesianIndex(2, 2) with a.
30     26     8          6.0950     30.0051    392.2897   % 
UB: 30.005072463768116
branching on CartesianIndex(2, 2) with a.
31     27     7          6.0950     30.0051    392.2897   % 
UB: 30.005072463768116
branching on CartesianIndex(1, 3) with a.
32     28     6          6.0950     30.0051    392.2897   % 
LB close or above UB, fathomed
33     27     15         6.1210     30.0051    390.1977   % 
UB: 30.005072463768116
branching on CartesianIndex(6, 2) with a.
34     28     16         6.1210     30.0051    390.1977   % 
UB: 30.005072463768116
branching on CartesianIndex(1, 3) with a.
35     29     16         6.1210     30.0051    390.1977   % 
UB: 24.03405797101449
branching on CartesianIndex(1, 3) with a.
36     30     15         6.1210     24.0341    292.6483   % 
LB close or above UB, fathomed
37     15     15         6.1210     24.0341    292.6483   % 
UB: 24.03405797101449
branching on CartesianIndex(5, 2) with a.
38     16     16         6.1210     24.0341    292.6483   % 
UB: 24.03405797101449
branching on CartesianIndex(6, 2) with a.
39     17     17         6.1210     24.0341    292.6483   % 
UB: 24.03405797101449
branching on CartesianIndex(1, 3) with a.
40     18     17         6.1210     24.0341    292.6483   % 
UB: 24.03405797101449
branching on CartesianIndex(1, 3) with a.
41     19     16         6.1210     24.0341    292.6483   % 
LB close or above UB, fathomed
42     18     15         6.1210     24.0341    292.6483   % 
UB: 24.03405797101449
branching on 2 with b.
43     19     8          9.0943     24.0341    164.2770   % 
LB close or above UB, fathomed
44     18     8          9.0943     24.0341    164.2770   % 
UB: 24.03405797101449
branching on 2 with b.
45     19     9          9.0943     24.0341    164.2770   % 
UB: 24.03405797101449
branching on CartesianIndex(3, 1) with a.
46     20     10         9.0943     24.0341    164.2770   % 
UB: 24.03405797101449
branching on 3 with b.
47     21     11         9.0943     24.0341    164.2770   % 
UB: 24.03405797101449
branching on CartesianIndex(4, 1) with a.
48     22     11         9.0943     24.0341    164.2770   % 
UB: 24.03405797101449
branching on 1 with b.
49     23     12         9.0943     24.0341    164.2770   % 
UB: 24.03405797101449
branching on CartesianIndex(4, 1) with a.
50     24     13         9.0943     24.0341    164.2770   % 
UB: 24.03405797101449
branching on CartesianIndex(5, 1) with a.
51     25     13         9.0943     24.0341    164.2770   % 
UB: 24.03405797101449
branching on CartesianIndex(1, 2) with a.
52     26     12         9.0943     24.0341    164.2770   % 
UB: 24.03405797101449
branching on CartesianIndex(4, 1) with a.
53     27     10         9.0943     24.0341    164.2770   % 
LB close or above UB, fathomed
54     26     9          9.0943     24.0341    164.2770   % 
LB close or above UB, fathomed
55     25     12         9.1065     24.0341    163.9214   % 
UB: 24.03405797101449
branching on CartesianIndex(5, 1) with a.
56     26     12         9.1065     24.0341    163.9214   % 
UB: 24.03405797101449
branching on CartesianIndex(1, 2) with a.
57     27     18         9.1065     24.0341    163.9214   % 
UB: 24.03405797101449
branching on CartesianIndex(2, 3) with a.
58     28     18         9.1065     24.0341    163.9214   % 
LB close or above UB, fathomed
59     27     17         9.1065     24.0341    163.9214   % 
UB: 24.03405797101449
branching on CartesianIndex(2, 3) with a.
60     28     18         9.1065     24.0341    163.9214   % 
UB: 24.03405797101449
branching on 1 with b.
61     29     19         9.1065     24.0341    163.9214   % 
UB: 24.03405797101449
branching on CartesianIndex(3, 3) with a.
62     30     20         9.1065     24.0341    163.9214   % 
UB: 24.03405797101449
branching on CartesianIndex(4, 3) with a.
63     31     21         9.1065     24.0341    163.9214   % 
UB: 24.03405797101449
branching on 2 with b.
64     32     22         9.1065     24.0341    163.9214   % 
UB: 24.03405797101449
branching on CartesianIndex(5, 3) with a.
65     33     23         9.1065     24.0341    163.9214   % 
UB: 24.03405797101449
branching on 3 with b.
66     34     23         9.1065     24.0341    163.9214   % 
LB close or above UB, fathomed
67     33     22         9.1065     24.0341    163.9214   % 
LB close or above UB, fathomed
68     32     21         9.1065     24.0341    163.9214   % 
LB close or above UB, fathomed
69     31     20         9.1065     24.0341    163.9214   % 
LB close or above UB, fathomed
70     30     19         9.1065     24.0341    163.9214   % 
LB close or above UB, fathomed
71     29     18         9.1065     24.0341    163.9214   % 
UB: 24.03405797101449
branching on CartesianIndex(1, 4) with c.
72     30     17         9.1065     24.0341    163.9214   % 
UB: 24.03405797101449
branching on CartesianIndex(1, 4) with c.
73     31     9          9.1065     24.0341    163.9214   % 
UB: 24.03405797101449
branching on CartesianIndex(3, 2) with a.
74     32     10         9.1065     24.0341    163.9214   % 
UB: 24.03405797101449
branching on CartesianIndex(4, 2) with a.
75     33     11         9.1065     24.0341    163.9214   % 
UB: 24.03405797101449
branching on 2 with b.
76     34     12         9.1065     24.0341    163.9214   % 
UB: 24.03405797101449
branching on 3 with b.
77     35     13         9.1065     24.0341    163.9214   % 
UB: 24.03405797101449
branching on CartesianIndex(5, 2) with a.
78     36     14         9.1065     24.0341    163.9214   % 
UB: 24.03405797101449
branching on CartesianIndex(6, 2) with a.
79     37     15         9.1065     24.0341    163.9214   % 
UB: 24.03405797101449
branching on 1 with b.
80     38     15         9.1065     24.0341    163.9214   % 
UB: 24.03405797101449
branching on CartesianIndex(1, 3) with a.
81     39     14         9.1065     24.0341    163.9214   % 
LB close or above UB, fathomed
82     38     13         9.1065     24.0341    163.9214   % 
UB: 24.03405797101449
branching on CartesianIndex(5, 2) with a.
83     39     14         9.1065     24.0341    163.9214   % 
UB: 24.03405797101449
branching on 1 with b.
84     40     15         9.1065     24.0341    163.9214   % 
UB: 24.03405797101449
branching on CartesianIndex(6, 2) with a.
85     41     16         9.1065     24.0341    163.9214   % 
UB: 24.03405797101449
branching on CartesianIndex(1, 3) with a.
86     42     16         9.1065     24.0341    163.9214   % 
UB: 24.03405797101449
branching on CartesianIndex(1, 3) with a.
87     43     15         9.1065     24.0341    163.9214   % 
UB: 24.03405797101449
branching on CartesianIndex(6, 2) with a.
88     44     14         9.1065     24.0341    163.9214   % 
LB close or above UB, fathomed
89     43     12         9.1065     24.0341    163.9214   % 
LB close or above UB, fathomed
90     42     11         9.1065     24.0341    163.9214   % 
LB close or above UB, fathomed
91     41     10         9.1065     24.0341    163.9214   % 
LB close or above UB, fathomed
92     40     9          9.1065     24.0341    163.9214   % 
LB close or above UB, fathomed
93     39     24         9.1065     24.0341    163.9214   % 
UB: 24.03405797101449
branching on CartesianIndex(6, 3) with a.
94     40     25         9.1065     24.0341    163.9214   % 
UB: 24.03405797101449
branching on CartesianIndex(1, 4) with c.
95     41     26         9.1065     24.0341    163.9214   % 
LB close or above UB, fathomed
96     40     26         9.1065     24.0341    163.9214   % 
UB: 24.03405797101449
branching on CartesianIndex(1, 5) with c.
97     41     27         9.1065     24.0341    163.9214   % 
UB: 24.03405797101449
branching on CartesianIndex(2, 5) with c.
98     42     28         9.1065     24.0341    163.9214   % 
UB: 24.03405797101449
branching on CartesianIndex(1, 6) with c.
99     43     29         9.1065     24.0341    163.9214   % 
LB close or above UB, fathomed
100    42     29         9.1065     24.0341    163.9214   % 
UB: 24.03405797101449
branching on CartesianIndex(1, 7) with c.
101    43     30         9.1065     24.0341    163.9214   % 
UB: 24.03405797101449
branching on CartesianIndex(2, 7) with c.
102    44     31         9.1065     24.0341    163.9214   % 
LB close or above UB, fathomed
103    43     31         9.1065     24.0341    163.9214   % 
UB: 24.03405797101449
branching on 1 with b.
104    44     32         9.1065     24.0341    163.9214   % 
UB: 24.03405797101449
branching on 2 with b.
105    45     32         9.1065     24.0341    163.9214   % 
UB: 24.03405797101449
branching on 2 with b.
106    46     30         9.1065     24.0341    163.9214   % 
LB close or above UB, fathomed
107    45     28         9.1065     24.0341    163.9214   % 
LB close or above UB, fathomed
108    44     27         9.1065     24.0341    163.9214   % 
LB close or above UB, fathomed
109    43     25         9.1065     24.0341    163.9214   % 
LB close or above UB, fathomed
110    42     24         9.1065     24.0341    163.9214   % 
LB close or above UB, fathomed
111    41     14         12.0798    24.0341    98.9612    % 
LB close or above UB, fathomed
112    40     14         12.0798    24.0341    98.9612    % 
UB: 24.03405797101449
branching on CartesianIndex(1, 2) with a.
113    41     15         12.0798    24.0341    98.9612    % 
UB: 24.03405797101449
branching on CartesianIndex(2, 2) with a.
114    42     16         12.0798    24.0341    98.9612    % 
UB: 24.03405797101449
branching on 2 with b.
115    43     17         12.0798    24.0341    98.9612    % 
UB: 24.03405797101449
branching on 3 with b.
116    44     17         12.0798    24.0341    98.9612    % 
UB: 24.03405797101449
branching on CartesianIndex(3, 2) with a.
117    45     16         12.0798    24.0341    98.9612    % 
UB: 24.03405797101449
branching on CartesianIndex(1, 3) with a.
118    46     15         12.0798    24.0341    98.9612    % 
LB close or above UB, fathomed
119    45     19         12.0920    24.0341    98.7595    % 
UB: 24.03405797101449
branching on CartesianIndex(3, 3) with a.
120    46     20         12.0920    24.0341    98.7595    % 
UB: 24.03405797101449
branching on CartesianIndex(4, 3) with a.
121    47     21         12.0920    24.0341    98.7595    % 
UB: 24.03405797101449
branching on CartesianIndex(5, 3) with a.
122    48     22         12.0920    24.0341    98.7595    % 
UB: 24.03405797101449
branching on 2 with b.
123    49     23         12.0920    24.0341    98.7595    % 
UB: 24.03405797101449
branching on CartesianIndex(6, 3) with a.
124    50     24         12.0920    24.0341    98.7595    % 
UB: 24.03405797101449
branching on 3 with b.
125    51     25         12.0920    24.0341    98.7595    % 
LB close or above UB, fathomed
126    50     25         12.0920    24.0341    98.7595    % 
UB: 24.03405797101449
branching on 1 with b.
127    51     26         12.0920    24.0341    98.7595    % 
UB: 24.03405797101449
branching on CartesianIndex(1, 4) with c.
128    52     26         12.0920    24.0341    98.7595    % 
LB close or above UB, fathomed
129    51     24         12.0920    24.0341    98.7595    % 
LB close or above UB, fathomed
130    50     23         12.0920    24.0341    98.7595    % 
LB close or above UB, fathomed
131    49     22         12.0920    24.0341    98.7595    % 
LB close or above UB, fathomed
132    48     21         12.0920    24.0341    98.7595    % 
LB close or above UB, fathomed
133    47     20         12.0920    24.0341    98.7595    % 
LB close or above UB, fathomed
134    46     19         12.0920    24.0341    98.7595    % 
LB close or above UB, fathomed
135    45     13         12.0920    24.0341    98.7595    % 
UB: 24.03405797101449
branching on CartesianIndex(2, 2) with a.
136    46     13         12.0920    24.0341    98.7595    % 
LB close or above UB, fathomed
137    45     13         12.0920    24.0341    98.7595    % 
UB: 24.03405797101449
branching on CartesianIndex(6, 1) with a.
138    46     13         12.0920    24.0341    98.7595    % 
UB: 24.03405797101449
branching on CartesianIndex(1, 2) with a.
139    47     14         12.0920    24.0341    98.7595    % 
UB: 24.03405797101449
branching on CartesianIndex(2, 2) with a.
140    48     15         12.0920    24.0341    98.7595    % 
UB: 24.03405797101449
branching on CartesianIndex(3, 2) with a.
141    49     16         12.0920    24.0341    98.7595    % 
UB: 24.03405797101449
branching on CartesianIndex(4, 2) with a.
142    50     17         12.0920    24.0341    98.7595    % 
UB: 24.03405797101449
branching on CartesianIndex(5, 2) with a.
143    51     18         12.0920    24.0341    98.7595    % 
UB: 24.03405797101449
branching on CartesianIndex(6, 2) with a.
144    52     19         12.0920    24.0341    98.7595    % 
UB: 24.03405797101449
branching on CartesianIndex(1, 3) with a.
145    53     19         12.0920    24.0341    98.7595    % 
UB: 24.03405797101449
branching on CartesianIndex(1, 3) with a.
146    54     18         12.0920    24.0341    98.7595    % 
LB close or above UB, fathomed
147    53     17         12.0920    24.0341    98.7595    % 
LB close or above UB, fathomed
148    52     16         12.0920    24.0341    98.7595    % 
LB close or above UB, fathomed
149    51     15         12.0920    24.0341    98.7595    % 
LB close or above UB, fathomed
150    50     14         12.0920    24.0341    98.7595    % 
LB close or above UB, fathomed
151    49     13         12.0920    24.0341    98.7595    % 
UB: 24.03405797101449
branching on CartesianIndex(5, 1) with a.
152    50     14         12.0920    24.0341    98.7595    % 
UB: 24.03405797101449
branching on CartesianIndex(6, 1) with a.
153    51     14         12.0920    24.0341    98.7595    % 
UB: 24.03405797101449
branching on 2 with b.
154    52     15         12.0920    24.0341    98.7595    % 
UB: 24.03405797101449
branching on 3 with b.
155    53     16         12.0920    24.0341    98.7595    % 
UB: 24.03405797101449
branching on CartesianIndex(1, 2) with a.
156    54     17         12.0920    24.0341    98.7595    % 
UB: 24.03405797101449
branching on 1 with b.
157    55     18         12.0920    24.0341    98.7595    % 
UB: 24.03405797101449
branching on CartesianIndex(2, 2) with a.
158    56     19         12.0920    24.0341    98.7595    % 
UB: 24.03405797101449
branching on CartesianIndex(3, 2) with a.
159    57     19         12.0920    24.0341    98.7595    % 
LB close or above UB, fathomed
160    56     18         12.0920    24.0341    98.7595    % 
LB close or above UB, fathomed
161    55     17         12.0920    24.0341    98.7595    % 
LB close or above UB, fathomed
162    54     16         12.0920    24.0341    98.7595    % 
LB close or above UB, fathomed
163    53     15         12.0920    24.0341    98.7595    % 
UB: 24.03405797101449
branching on CartesianIndex(1, 2) with a.
164    54     13         12.0920    24.0341    98.7595    % 
UB: 24.03405797101449
branching on CartesianIndex(1, 2) with a.
165    55     14         12.0920    24.0341    98.7595    % 
UB: 24.03405797101449
branching on CartesianIndex(2, 2) with a.
166    56     14         12.0920    24.0341    98.7595    % 
LB close or above UB, fathomed
167    55     17         12.0920    24.0341    98.7595    % 
UB: 24.03405797101449
branching on CartesianIndex(2, 3) with a.
168    56     18         12.0920    24.0341    98.7595    % 
UB: 24.03405797101449
branching on CartesianIndex(3, 3) with a.
169    57     19         12.0920    24.0341    98.7595    % 
UB: 24.03405797101449
branching on CartesianIndex(4, 3) with a.
170    58     20         12.0920    24.0341    98.7595    % 
UB: 24.03405797101449
branching on CartesianIndex(5, 3) with a.
171    59     21         12.0920    24.0341    98.7595    % 
UB: 24.03405797101449
branching on CartesianIndex(6, 3) with a.
172    60     22         12.0920    24.0341    98.7595    % 
UB: 24.03405797101449
branching on CartesianIndex(1, 4) with c.
173    61     23         12.0920    24.0341    98.7595    % 
LB close or above UB, fathomed
174    60     23         12.0920    24.0341    98.7595    % 
UB: 24.03405797101449
branching on CartesianIndex(1, 5) with c.
175    61     24         12.0920    24.0341    98.7595    % 
UB: 24.03405797101449
branching on 1 with b.
176    62     25         12.0920    24.0341    98.7595    % 
UB: 24.03405797101449
branching on CartesianIndex(2, 5) with c.
177    63     26         12.0920    24.0341    98.7595    % 
UB: 24.03405797101449
branching on 2 with b.
178    64     27         12.0920    24.0341    98.7595    % 
UB: 24.03405797101449
branching on CartesianIndex(1, 6) with c.
179    65     28         12.0920    24.0341    98.7595    % 
LB close or above UB, fathomed
180    64     28         12.0920    24.0341    98.7595    % 
UB: 24.03405797101449
branching on CartesianIndex(1, 7) with c.
181    65     29         12.0920    24.0341    98.7595    % 
UB: 24.03405797101449
branching on CartesianIndex(2, 7) with c.
182    66     30         12.0920    24.0341    98.7595    % 
LB close or above UB, fathomed
183    65     30         12.0920    24.0341    98.7595    % 
UB: 24.03405797101449
branching on 3 with b.
184    66     31         12.0920    24.0341    98.7595    % 
UB: 24.03405797101449
branching on 1 with b.
185    67     32         12.0920    24.0341    98.7595    % 
UB: 24.03405797101449
branching on 2 with b.
186    68     32         12.0920    24.0341    98.7595    % 
UB: 24.03405797101449
branching on 2 with b.
187    69     31         12.0920    24.0341    98.7595    % 
LB close or above UB, fathomed
188    68     29         12.0920    24.0341    98.7595    % 
LB close or above UB, fathomed
189    67     27         12.0920    24.0341    98.7595    % 
UB: 24.03405797101449
branching on CartesianIndex(1, 6) with c.
190    68     26         12.0920    24.0341    98.7595    % 
LB close or above UB, fathomed
191    67     25         12.0920    24.0341    98.7595    % 
UB: 24.03405797101449
branching on CartesianIndex(2, 5) with c.
192    68     24         12.0920    24.0341    98.7595    % 
LB close or above UB, fathomed
193    67     22         12.0920    24.0341    98.7595    % 
LB close or above UB, fathomed
194    66     21         12.0920    24.0341    98.7595    % 
LB close or above UB, fathomed
195    65     20         12.0920    24.0341    98.7595    % 
LB close or above UB, fathomed
196    64     19         12.0920    24.0341    98.7595    % 
LB close or above UB, fathomed
197    63     18         12.0920    24.0341    98.7595    % 
UB: 24.03405797101449
branching on CartesianIndex(1, 4) with c.
198    64     17         12.0920    24.0341    98.7595    % 
LB close or above UB, fathomed
199    63     28         12.0920    24.0341    98.7595    % 
LB close or above UB, fathomed
200    62     28         12.0920    24.0341    98.7595    % 
UB: 24.03405797101449
branching on CartesianIndex(1, 7) with c.
201    63     29         12.0920    24.0341    98.7595    % 
UB: 24.03405797101449
branching on CartesianIndex(2, 7) with c.
202    64     30         12.0920    24.0341    98.7595    % 
LB close or above UB, fathomed
203    63     30         12.0920    24.0341    98.7595    % 
UB: 24.03405797101449
branching on 3 with b.
204    64     31         12.0920    24.0341    98.7595    % 
UB: 24.03405797101449
branching on 1 with b.
205    65     32         12.0920    24.0341    98.7595    % 
UB: 24.03405797101449
branching on 2 with b.
206    66     32         12.0920    24.0341    98.7595    % 
UB: 24.03405797101449
branching on 2 with b.
207    67     31         12.0920    24.0341    98.7595    % 
LB close or above UB, fathomed
208    66     29         12.0920    24.0341    98.7595    % 
LB close or above UB, fathomed
209    65     18         12.0920    24.0341    98.7595    % 
UB: 24.03405797101449
branching on 2 with b.
210    66     18         12.0920    24.0341    98.7595    % 
LB close or above UB, fathomed
211    65     18         15.0653    24.0341    59.5328    % 
UB: 24.03405797101449
branching on CartesianIndex(3, 2) with a.
212    66     19         15.0653    24.0341    59.5328    % 
UB: 24.03405797101449
branching on 1 with b.
213    67     20         15.0653    24.0341    59.5328    % 
LB close or above UB, fathomed
214    66     20         15.0653    24.0341    59.5328    % 
UB: 24.03405797101449
branching on CartesianIndex(4, 2) with a.
215    67     21         15.0653    24.0341    59.5328    % 
UB: 24.03405797101449
branching on CartesianIndex(5, 2) with a.
216    68     22         15.0653    24.0341    59.5328    % 
UB: 24.03405797101449
branching on CartesianIndex(6, 2) with a.
217    69     22         15.0653    24.0341    59.5328    % 
LB close or above UB, fathomed
218    68     21         15.0653    24.0341    59.5328    % 
LB close or above UB, fathomed
219    67     19         15.0653    24.0341    59.5328    % 
LB close or above UB, fathomed
220    66     18         15.0653    24.0341    59.5328    % 
LB close or above UB, fathomed
221    65     23         15.0653    24.0341    59.5328    % 
UB: 24.03405797101449
branching on CartesianIndex(1, 3) with a.
222    66     23         15.0653    24.0341    59.5328    % 
UB: 24.03405797101449
branching on CartesianIndex(1, 3) with a.
223    67     16         15.0775    24.0341    59.4031    % 
UB: 24.03405797101449
branching on CartesianIndex(2, 2) with a.
224    68     16         15.0775    24.0341    59.4031    % 
LB close or above UB, fathomed
225    67     20         15.0775    24.0341    59.4031    % 
UB: 24.03405797101449
branching on 2 with b.
226    68     21         15.0775    24.0341    59.4031    % 
LB close or above UB, fathomed
227    67     21         15.0775    24.0341    59.4031    % 
UB: 24.03405797101449
branching on 3 with b.
228    68     22         15.0775    24.0341    59.4031    % 
UB: 24.03405797101449
branching on CartesianIndex(4, 2) with a.
229    69     23         15.0775    24.0341    59.4031    % 
UB: 24.03405797101449
branching on CartesianIndex(5, 2) with a.
230    70     23         15.0775    24.0341    59.4031    % 
LB close or above UB, fathomed
231    69     22         15.0775    24.0341    59.4031    % 
LB close or above UB, fathomed
232    68     20         15.0775    24.0341    59.4031    % 
LB close or above UB, fathomed
233    67     14         15.0775    24.0341    59.4031    % 
UB: 24.03405797101449
branching on 1 with b.
234    68     14         15.0775    24.0341    59.4031    % 
LB close or above UB, fathomed
235    67     33         15.0775    24.0341    59.4031    % 
LB close or above UB, fathomed
236    66     33         15.0775    24.0341    59.4031    % 
UB: 24.03405797101449
branching on 3 with b.
237    67     17         15.0775    24.0341    59.4031    % 
UB: 24.03405797101449
branching on CartesianIndex(2, 3) with a.
238    68     18         15.0775    24.0341    59.4031    % 
UB: 24.03405797101449
branching on 2 with b.
239    69     19         15.0775    24.0341    59.4031    % 
UB: 24.03405797101449
branching on CartesianIndex(3, 3) with a.
240    70     19         15.0775    24.0341    59.4031    % 
LB close or above UB, fathomed
241    69     18         15.0775    24.0341    59.4031    % 
UB: 24.03405797101449
branching on CartesianIndex(1, 4) with c.
242    70     17         15.0775    24.0341    59.4031    % 
LB close or above UB, fathomed
243    69     16         15.0775    24.0341    59.4031    % 
UB: 24.03405797101449
branching on CartesianIndex(1, 3) with a.
244    70     17         15.0775    24.0341    59.4031    % 
UB: 24.03405797101449
branching on CartesianIndex(2, 3) with a.
245    71     17         15.0775    24.0341    59.4031    % 
LB close or above UB, fathomed
246    70     16         15.0775    24.0341    59.4031    % 
LB close or above UB, fathomed
247    69     19         15.0775    24.0341    59.4031    % 
LB close or above UB, fathomed
248    68     19         15.0775    24.0341    59.4031    % 
UB: 24.03405797101449
branching on CartesianIndex(1, 5) with c.
249    69     20         15.0775    24.0341    59.4031    % 
UB: 24.03405797101449
branching on CartesianIndex(2, 5) with c.
250    70     20         15.0775    24.0341    59.4031    % 
LB close or above UB, fathomed
251    69     16         15.0775    24.0341    59.4031    % 
UB: 24.03405797101449
branching on CartesianIndex(5, 2) with a.
252    70     16         15.0775    24.0341    59.4031    % 
UB: 24.03405797101449
branching on CartesianIndex(5, 2) with a.
253    71     20         15.0775    24.0341    59.4031    % 
UB: 24.03405797101449
branching on CartesianIndex(4, 3) with a.
254    72     21         15.0775    24.0341    59.4031    % 
UB: 24.03405797101449
branching on 3 with b.
255    73     21         15.0775    24.0341    59.4031    % 
LB close or above UB, fathomed
256    72     20         15.0775    24.0341    59.4031    % 
LB close or above UB, fathomed
257    71     22         15.0775    24.0341    59.4031    % 
UB: 24.03405797101449
branching on CartesianIndex(5, 3) with a.
258    72     23         15.0775    24.0341    59.4031    % 
UB: 24.03405797101449
branching on CartesianIndex(6, 3) with a.
259    73     23         15.0775    24.0341    59.4031    % 
LB close or above UB, fathomed
260    72     22         15.0775    24.0341    59.4031    % 
LB close or above UB, fathomed
261    71     21         15.0775    24.0341    59.4031    % 
UB: 24.03405797101449
branching on CartesianIndex(1, 6) with c.
262    72     22         15.0775    24.0341    59.4031    % 
LB close or above UB, fathomed
263    71     22         15.0775    24.0341    59.4031    % 
UB: 24.03405797101449
branching on CartesianIndex(1, 7) with c.
264    72     23         15.0775    24.0341    59.4031    % 
UB: 24.03405797101449
branching on CartesianIndex(2, 7) with c.
265    73     24         15.0775    24.0341    59.4031    % 
LB close or above UB, fathomed
266    72     24         15.0775    24.0341    59.4031    % 
UB: 24.03405797101449
branching on 1 with b.
267    73     25         15.0775    24.0341    59.4031    % 
UB: 24.03405797101449
branching on 2 with b.
268    74     26         15.0775    24.0341    59.4031    % 
UB: 24.03405797101449
branching on 3 with b.
269    75     27         15.0775    24.0341    59.4031    % 
UB: 24.03405797101449
branching on 1 with b.
270    76     28         15.0775    24.0341    59.4031    % 
UB: 24.03405797101449
branching on 2 with b.
271    77     28         15.0775    24.0341    59.4031    % 
LB close or above UB, fathomed
272    76     27         15.0775    24.0341    59.4031    % 
LB close or above UB, fathomed
273    75     26         15.0775    24.0341    59.4031    % 
LB close or above UB, fathomed
274    74     25         15.0775    24.0341    59.4031    % 
LB close or above UB, fathomed
275    73     23         15.0775    24.0341    59.4031    % 
LB close or above UB, fathomed
276    72     21         15.0775    24.0341    59.4031    % 
LB close or above UB, fathomed
277    71     24         15.0775    24.0341    59.4031    % 
UB: 24.03405797101449
branching on CartesianIndex(6, 2) with a.
278    72     24         15.0775    24.0341    59.4031    % 
LB close or above UB, fathomed
279    71     19         15.0775    24.0341    59.4031    % 
UB: 24.03405797101449
branching on CartesianIndex(2, 3) with a.
280    72     19         15.0775    24.0341    59.4031    % 
UB: 24.03405797101449
branching on CartesianIndex(2, 3) with a.
281    73     20         15.0775    24.0341    59.4031    % 
UB: 24.03405797101449
branching on CartesianIndex(3, 3) with a.
282    74     21         15.0775    24.0341    59.4031    % 
UB: 24.03405797101449
branching on CartesianIndex(4, 3) with a.
283    75     22         15.0775    24.0341    59.4031    % 
UB: 24.03405797101449
branching on CartesianIndex(5, 3) with a.
284    76     23         15.0775    24.0341    59.4031    % 
UB: 24.03405797101449
branching on CartesianIndex(6, 3) with a.
285    77     23         15.0775    24.0341    59.4031    % 
LB close or above UB, fathomed
286    76     22         15.0775    24.0341    59.4031    % 
LB close or above UB, fathomed
287    75     21         15.0775    24.0341    59.4031    % 
LB close or above UB, fathomed
288    74     20         15.0775    24.0341    59.4031    % 
LB close or above UB, fathomed
289    73     16         15.0775    24.0341    59.4031    % 
UB: 24.03405797101449
branching on 1 with b.
290    74     17         15.0775    24.0341    59.4031    % 
UB: 24.03405797101449
branching on 2 with b.
291    75     17         15.0775    24.0341    59.4031    % 
LB close or above UB, fathomed
292    74     16         15.0775    24.0341    59.4031    % 
LB close or above UB, fathomed
293    73     24         15.0775    24.0341    59.4031    % 
UB: 24.03405797101449
branching on CartesianIndex(1, 4) with c.
294    74     24         15.0775    24.0341    59.4031    % 
LB close or above UB, fathomed
295    73     20         15.0775    24.0341    59.4031    % 
UB: 24.03405797101449
branching on CartesianIndex(3, 3) with a.
296    74     21         15.0775    24.0341    59.4031    % 
UB: 24.03405797101449
branching on CartesianIndex(4, 3) with a.
297    75     22         15.0775    24.0341    59.4031    % 
UB: 24.03405797101449
branching on 3 with b.
298    76     23         15.0775    24.0341    59.4031    % 
LB close or above UB, fathomed
299    75     23         15.0775    24.0341    59.4031    % 
UB: 24.03405797101449
branching on CartesianIndex(5, 3) with a.
300    76     24         15.0775    24.0341    59.4031    % 
UB: 24.03405797101449
branching on CartesianIndex(6, 3) with a.
301    77     24         15.0775    24.0341    59.4031    % 
LB close or above UB, fathomed
302    76     22         15.0775    24.0341    59.4031    % 
LB close or above UB, fathomed
303    75     21         15.0775    24.0341    59.4031    % 
LB close or above UB, fathomed
304    74     20         15.0775    24.0341    59.4031    % 
LB close or above UB, fathomed
305    73     24         15.0775    24.0341    59.4031    % 
UB: 24.03405797101449
branching on CartesianIndex(1, 4) with c.
306    74     25         15.0775    24.0341    59.4031    % 
LB close or above UB, fathomed
307    73     25         15.0775    24.0341    59.4031    % 
UB: 24.03405797101449
branching on CartesianIndex(1, 5) with c.
308    74     26         15.0775    24.0341    59.4031    % 
UB: 24.03405797101449
branching on CartesianIndex(2, 5) with c.
309    75     27         15.0775    24.0341    59.4031    % 
UB: 24.03405797101449
branching on CartesianIndex(1, 6) with c.
310    76     28         15.0775    24.0341    59.4031    % 
LB close or above UB, fathomed
311    75     28         15.0775    24.0341    59.4031    % 
UB: 24.03405797101449
branching on CartesianIndex(1, 7) with c.
312    76     29         15.0775    24.0341    59.4031    % 
UB: 24.03405797101449
branching on CartesianIndex(2, 7) with c.
313    77     30         15.0775    24.0341    59.4031    % 
LB close or above UB, fathomed
314    76     30         15.0775    24.0341    59.4031    % 
UB: 24.03405797101449
branching on 1 with b.
315    77     31         15.0775    24.0341    59.4031    % 
UB: 24.03405797101449
branching on 2 with b.
316    78     32         15.0775    24.0341    59.4031    % 
LB close or above UB, fathomed
317    77     32         15.0775    24.0341    59.4031    % 
UB: 24.03405797101449
branching on 3 with b.
318    78     31         15.0775    24.0341    59.4031    % 
LB close or above UB, fathomed
319    77     29         15.0775    24.0341    59.4031    % 
LB close or above UB, fathomed
320    76     27         15.0775    24.0341    59.4031    % 
LB close or above UB, fathomed
321    75     26         15.0775    24.0341    59.4031    % 
LB close or above UB, fathomed
322    74     24         15.0775    24.0341    59.4031    % 
LB close or above UB, fathomed
323    73     33         15.0775    24.0341    59.4031    % 
UB: 24.03405797101449
branching on 3 with b.
324    74     34         15.0775    24.0341    59.4031    % 
UB: 24.03405797101449
branching on 1 with b.
325    75     35         15.0775    24.0341    59.4031    % 
UB: 24.03405797101449
branching on 2 with b.
326    76     36         15.0775    24.0341    59.4031    % 
UB: 24.03405797101449
branching on 3 with b.
327    77     36         15.0775    24.0341    59.4031    % 
UB: 24.03405797101449
branching on 3 with b.
328    78     37         15.0775    24.0341    59.4031    % 
UB: 24.03405797101449
branching on 1 with b.
329    79     38         15.0775    24.0341    59.4031    % 
UB: 24.03405797101449
branching on 2 with b.
330    80     38         15.0775    24.0341    59.4031    % 
UB: 24.03405797101449
branching on 2 with b.
331    81     39         15.0775    24.0341    59.4031    % 
UB: 24.03405797101449
branching on 3 with b.
332    82     39         15.0775    24.0341    59.4031    % 
LB close or above UB, fathomed
333    81     37         15.0775    24.0341    59.4031    % 
UB: 24.03405797101449
branching on 1 with b.
334    82     35         15.0775    24.0341    59.4031    % 
UB: 24.03405797101449
branching on 2 with b.
335    83     34         15.0775    24.0341    59.4031    % 
LB close or above UB, fathomed
336    82     33         15.0775    24.0341    59.4031    % 
LB close or above UB, fathomed
337    81     17         15.0775    24.0341    59.4031    % 
UB: 24.03405797101449
branching on CartesianIndex(2, 3) with a.
338    82     18         15.0775    24.0341    59.4031    % 
UB: 24.03405797101449
branching on CartesianIndex(3, 3) with a.
339    83     19         15.0775    24.0341    59.4031    % 
UB: 24.03405797101449
branching on CartesianIndex(4, 3) with a.
340    84     20         15.0775    24.0341    59.4031    % 
UB: 24.03405797101449
branching on CartesianIndex(5, 3) with a.
341    85     21         15.0775    24.0341    59.4031    % 
UB: 24.03405797101449
branching on CartesianIndex(6, 3) with a.
342    86     21         15.0775    24.0341    59.4031    % 
LB close or above UB, fathomed
343    85     20         15.0775    24.0341    59.4031    % 
LB close or above UB, fathomed
344    84     19         15.0775    24.0341    59.4031    % 
LB close or above UB, fathomed
345    83     18         15.0775    24.0341    59.4031    % 
UB: 24.03405797101449
branching on CartesianIndex(1, 4) with c.
346    84     17         15.0775    24.0341    59.4031    % 
LB close or above UB, fathomed
347    83     25         15.0775    24.0341    59.4031    % 
UB: 24.03405797101449
branching on CartesianIndex(1, 4) with c.
348    84     25         15.0775    24.0341    59.4031    % 
LB close or above UB, fathomed
349    83     25         15.0775    24.0341    59.4031    % 
LB close or above UB, fathomed
350    82     25         15.0775    24.0341    59.4031    % 
UB: 24.03405797101449
branching on 3 with b.
351    83     26         15.0775    24.0341    59.4031    % 
LB close or above UB, fathomed
352    82     26         15.0775    24.0341    59.4031    % 
UB: 24.03405797101449
branching on CartesianIndex(1, 5) with c.
353    83     27         15.0775    24.0341    59.4031    % 
UB: 24.03405797101449
branching on CartesianIndex(2, 5) with c.
354    84     28         15.0775    24.0341    59.4031    % 
UB: 24.03405797101449
branching on CartesianIndex(1, 6) with c.
355    85     29         15.0775    24.0341    59.4031    % 
LB close or above UB, fathomed
356    84     29         15.0775    24.0341    59.4031    % 
UB: 24.03405797101449
branching on CartesianIndex(1, 7) with c.
357    85     30         15.0775    24.0341    59.4031    % 
UB: 24.03405797101449
branching on CartesianIndex(2, 7) with c.
358    86     31         15.0775    24.0341    59.4031    % 
LB close or above UB, fathomed
359    85     31         15.0775    24.0341    59.4031    % 
UB: 24.03405797101449
branching on 1 with b.
360    86     32         15.0775    24.0341    59.4031    % 
LB close or above UB, fathomed
361    85     32         15.0775    24.0341    59.4031    % 
UB: 24.03405797101449
branching on 2 with b.
362    86     30         15.0775    24.0341    59.4031    % 
LB close or above UB, fathomed
363    85     28         15.0775    24.0341    59.4031    % 
LB close or above UB, fathomed
364    84     27         15.0775    24.0341    59.4031    % 
LB close or above UB, fathomed
365    83     26         15.0775    24.0341    59.4031    % 
LB close or above UB, fathomed
366    82     26         15.0775    24.0341    59.4031    % 
UB: 24.03405797101449
branching on 1 with b.
367    83     27         15.0775    24.0341    59.4031    % 
LB close or above UB, fathomed
368    82     27         15.0775    24.0341    59.4031    % 
UB: 24.03405797101449
branching on CartesianIndex(1, 5) with c.
369    83     22         15.0775    24.0341    59.4031    % 
UB: 24.03405797101449
branching on 2 with b.
370    84     23         15.0775    24.0341    59.4031    % 
UB: 24.03405797101449
branching on CartesianIndex(1, 4) with c.
371    85     23         15.0775    24.0341    59.4031    % 
UB: 24.03405797101449
branching on CartesianIndex(1, 4) with c.
372    86     24         15.0775    24.0341    59.4031    % 
LB close or above UB, fathomed
373    85     24         15.0775    24.0341    59.4031    % 
UB: 24.03405797101449
branching on CartesianIndex(1, 5) with c.
374    86     25         15.0775    24.0341    59.4031    % 
UB: 24.03405797101449
branching on CartesianIndex(2, 5) with c.
375    87     26         15.0775    24.0341    59.4031    % 
UB: 24.03405797101449
branching on 3 with b.
376    88     27         15.0775    24.0341    59.4031    % 
UB: 24.03405797101449
branching on 1 with b.
377    89     28         15.0775    24.0341    59.4031    % 
UB: 24.03405797101449
branching on CartesianIndex(1, 6) with c.
378    90     28         15.0775    24.0341    59.4031    % 
UB: 24.03405797101449
branching on CartesianIndex(1, 6) with c.
379    91     27         15.0775    24.0341    59.4031    % 
LB close or above UB, fathomed
380    90     26         15.0775    24.0341    59.4031    % 
LB close or above UB, fathomed
381    89     25         15.0775    24.0341    59.4031    % 
LB close or above UB, fathomed
382    88     22         15.0775    24.0341    59.4031    % 
LB close or above UB, fathomed
383    87     29         15.0775    24.0341    59.4031    % 
LB close or above UB, fathomed
384    86     29         15.0775    24.0341    59.4031    % 
UB: 24.03405797101449
branching on CartesianIndex(1, 7) with c.
385    87     30         15.0775    24.0341    59.4031    % 
UB: 24.03405797101449
branching on CartesianIndex(2, 7) with c.
386    88     31         15.0775    24.0341    59.4031    % 
LB close or above UB, fathomed
387    87     31         15.0775    24.0341    59.4031    % 
UB: 24.03405797101449
branching on 2 with b.
388    88     32         15.0775    24.0341    59.4031    % 
UB: 24.03405797101449
branching on 3 with b.
389    89     33         15.0775    24.0341    59.4031    % 
UB: 24.03405797101449
branching on 1 with b.
390    90     34         15.0775    24.0341    59.4031    % 
UB: 24.03405797101449
branching on 2 with b.
391    91     35         15.0775    24.0341    59.4031    % 
UB: 24.03405797101449
branching on 3 with b.
392    92     35         15.0775    24.0341    59.4031    % 
UB: 24.03405797101449
branching on 3 with b.
393    93     36         15.0775    24.0341    59.4031    % 
UB: 24.03405797101449
branching on 1 with b.
394    94     37         15.0775    24.0341    59.4031    % 
UB: 24.03405797101449
branching on 2 with b.
395    95     38         15.0775    24.0341    59.4031    % 
UB: 24.03405797101449
branching on 3 with b.
396    96     38         15.0775    24.0341    59.4031    % 
LB close or above UB, fathomed
397    95     37         15.0775    24.0341    59.4031    % 
UB: 24.03405797101449
branching on 2 with b.
398    96     38         15.0775    24.0341    59.4031    % 
branching on 3 with b.
399    97     38         15.0775    21.0486    39.6021    % 
LB close or above UB, fathomed
400    58     36         15.0775    21.0486    39.6021    % 
UB: 21.04855072463768
branching on 1 with b.
401    59     34         15.0775    21.0486    39.6021    % 
UB: 21.04855072463768
branching on 2 with b.
402    60     35         15.0775    21.0486    39.6021    % 
LB close or above UB, fathomed
403    59     35         15.0775    21.0486    39.6021    % 
UB: 21.04855072463768
branching on 3 with b.
404    60     36         15.0775    21.0486    39.6021    % 
UB: 21.04855072463768
branching on 1 with b.
405    60     37         15.0775    21.0486    39.6021    % 
UB: 21.04855072463768
branching on 2 with b.
406    61     38         15.0775    21.0486    39.6021    % 
LB close or above UB, fathomed
407    60     38         15.0775    21.0486    39.6021    % 
LB close or above UB, fathomed
408    59     36         15.0775    21.0486    39.6021    % 
UB: 21.04855072463768
branching on 1 with b.
409    59     33         15.0775    21.0486    39.6021    % 
LB close or above UB, fathomed
410    58     32         15.0775    21.0486    39.6021    % 
LB close or above UB, fathomed
411    57     30         15.0775    21.0486    39.6021    % 
LB close or above UB, fathomed
412    56     24         18.0508    21.0486    16.6074    % 
UB: 21.04855072463768
branching on CartesianIndex(2, 3) with a.
413    57     24         18.0508    21.0486    16.6074    % 
LB close or above UB, fathomed
414    56     25         18.0508    21.0486    16.6074    % 
UB: 21.04855072463768
branching on CartesianIndex(3, 3) with a.
415    57     26         18.0508    21.0486    16.6074    % 
UB: 21.04855072463768
branching on CartesianIndex(4, 3) with a.
416    58     26         18.0508    21.0486    16.6074    % 
LB close or above UB, fathomed
417    57     25         18.0508    21.0486    16.6074    % 
LB close or above UB, fathomed
418    56     27         18.0508    21.0486    16.6074    % 
UB: 21.04855072463768
branching on CartesianIndex(5, 3) with a.
419    57     28         18.0508    21.0486    16.6074    % 
UB: 21.04855072463768
branching on CartesianIndex(6, 3) with a.
420    58     29         18.0508    21.0486    16.6074    % 
UB: 21.04855072463768
branching on CartesianIndex(1, 4) with c.
421    59     30         18.0508    21.0486    16.6074    % 
LB close or above UB, fathomed
422    58     30         18.0508    21.0486    16.6074    % 
UB: 21.04855072463768
branching on CartesianIndex(1, 5) with c.
423    59     31         18.0508    21.0486    16.6074    % 
UB: 21.04855072463768
branching on CartesianIndex(2, 5) with c.
424    60     31         18.0508    21.0486    16.6074    % 
LB close or above UB, fathomed
425    59     29         18.0508    21.0486    16.6074    % 
LB close or above UB, fathomed
426    58     28         18.0508    21.0486    16.6074    % 
LB close or above UB, fathomed
427    57     27         18.0508    21.0486    16.6074    % 
LB close or above UB, fathomed
428    56     32         18.0508    21.0486    16.6074    % 
UB: 21.04855072463768
branching on 2 with b.
429    57     33         18.0508    21.0486    16.6074    % 
LB close or above UB, fathomed
430    56     33         18.0508    21.0486    16.6074    % 
LB close or above UB, fathomed
431    55     32         18.0508    21.0486    16.6074    % 
LB close or above UB, fathomed
432    54     37         18.0630    21.0486    16.5283    % 
UB: 21.04855072463768
branching on 2 with b.
433    55     38         18.0630    21.0486    16.5283    % 
LB close or above UB, fathomed
434    54     38         18.0630    21.0486    16.5283    % 
LB close or above UB, fathomed
435    53     37         18.0630    21.0486    16.5283    % 
UB: 21.04855072463768
branching on 2 with b.
436    54     38         18.0630    21.0486    16.5283    % 
LB close or above UB, fathomed
437    53     38         18.0630    21.0486    16.5283    % 
LB close or above UB, fathomed
438    52     38         18.0630    21.0486    16.5283    % 
LB close or above UB, fathomed
439    51     38         18.0630    21.0486    16.5283    % 
UB: 21.04855072463768
branching on 2 with b.
440    52     39         18.0630    21.0486    16.5283    % 
LB close or above UB, fathomed
441    51     39         18.0630    21.0486    16.5283    % 
LB close or above UB, fathomed
442    50     39         18.0630    21.0486    16.5283    % 
LB close or above UB, fathomed
443    49     39         18.0630    21.0486    16.5283    % 
LB close or above UB, fathomed
444    48     17         18.0630    21.0486    16.5283    % 
LB close or above UB, fathomed
445    47     17         18.0630    21.0486    16.5283    % 
LB close or above UB, fathomed
446    46     15         18.0630    21.0486    16.5283    % 
LB close or above UB, fathomed
447    45     15         18.0630    21.0486    16.5283    % 
UB: 21.04855072463768
branching on CartesianIndex(1, 2) with a.
448    46     16         18.0630    21.0486    16.5283    % 
UB: 21.04855072463768
branching on 2 with b.
449    47     17         18.0630    21.0486    16.5283    % 
LB close or above UB, fathomed
450    46     17         18.0630    21.0486    16.5283    % 
UB: 21.04855072463768
branching on CartesianIndex(2, 2) with a.
451    47     18         18.0630    21.0486    16.5283    % 
LB close or above UB, fathomed
452    46     18         18.0630    21.0486    16.5283    % 
LB close or above UB, fathomed
453    45     16         18.0630    21.0486    16.5283    % 
LB close or above UB, fathomed
454    44     17         18.0630    21.0486    16.5283    % 
UB: 21.04855072463768
branching on CartesianIndex(3, 2) with a.
455    45     18         18.0630    21.0486    16.5283    % 
UB: 21.04855072463768
branching on CartesianIndex(4, 2) with a.
456    46     19         18.0630    21.0486    16.5283    % 
UB: 21.04855072463768
branching on CartesianIndex(5, 2) with a.
457    47     20         18.0630    21.0486    16.5283    % 
UB: 21.04855072463768
branching on 3 with b.
458    48     21         18.0630    21.0486    16.5283    % 
UB: 21.04855072463768
branching on CartesianIndex(6, 2) with a.
459    49     22         18.0630    21.0486    16.5283    % 
LB close or above UB, fathomed
460    48     22         18.0630    21.0486    16.5283    % 
UB: 21.04855072463768
branching on CartesianIndex(1, 3) with a.
461    49     21         18.0630    21.0486    16.5283    % 
LB close or above UB, fathomed
462    48     20         18.0630    21.0486    16.5283    % 
LB close or above UB, fathomed
463    47     19         18.0630    21.0486    16.5283    % 
LB close or above UB, fathomed
464    46     18         18.0630    21.0486    16.5283    % 
LB close or above UB, fathomed
465    45     17         18.0630    21.0486    16.5283    % 
LB close or above UB, fathomed
466    44     14         18.0630    21.0486    16.5283    % 
LB close or above UB, fathomed
467    43     14         18.0630    21.0486    16.5283    % 
LB close or above UB, fathomed
468    42     18         18.0630    21.0486    16.5283    % 
UB: 21.04855072463768
branching on CartesianIndex(4, 2) with a.
469    43     19         18.0630    21.0486    16.5283    % 
UB: 21.04855072463768
branching on CartesianIndex(5, 2) with a.
470    44     20         18.0630    21.0486    16.5283    % 
UB: 21.04855072463768
branching on CartesianIndex(6, 2) with a.
471    45     21         18.0630    21.0486    16.5283    % 
LB close or above UB, fathomed
472    44     21         18.0630    21.0486    16.5283    % 
UB: 21.04855072463768
branching on CartesianIndex(1, 3) with a.
473    45     20         18.0630    21.0486    16.5283    % 
LB close or above UB, fathomed
474    44     19         18.0630    21.0486    16.5283    % 
LB close or above UB, fathomed
475    43     18         18.0630    21.0486    16.5283    % 
LB close or above UB, fathomed
476    42     22         18.0630    21.0486    16.5283    % 
UB: 21.04855072463768
branching on 3 with b.
477    43     22         18.0630    21.0486    16.5283    % 
LB close or above UB, fathomed
478    42     37         18.0630    21.0486    16.5283    % 
UB: 21.04855072463768
branching on 2 with b.
479    43     38         18.0630    21.0486    16.5283    % 
LB close or above UB, fathomed
480    42     38         18.0630    21.0486    16.5283    % 
LB close or above UB, fathomed
481    41     36         18.0630    21.0486    16.5283    % 
LB close or above UB, fathomed
482    40     36         18.0630    21.0486    16.5283    % 
UB: 21.04855072463768
branching on 3 with b.
483    41     37         18.0630    21.0486    16.5283    % 
UB: 21.04855072463768
branching on 1 with b.
484    42     38         18.0630    21.0486    16.5283    % 
UB: 21.04855072463768
branching on 2 with b.
485    43     39         18.0630    21.0486    16.5283    % 
LB close or above UB, fathomed
486    42     39         18.0630    21.0486    16.5283    % 
LB close or above UB, fathomed
487    41     38         18.0630    21.0486    16.5283    % 
UB: 21.04855072463768
branching on 2 with b.
488    42     39         18.0630    21.0486    16.5283    % 
LB close or above UB, fathomed
489    41     39         18.0630    21.0486    16.5283    % 
LB close or above UB, fathomed
490    40     37         18.0630    21.0486    16.5283    % 
LB close or above UB, fathomed
491    39     33         18.0630    21.0486    16.5283    % 
UB: 21.04855072463768
branching on 1 with b.
492    40     34         18.0630    21.0486    16.5283    % 
UB: 21.04855072463768
branching on 2 with b.
493    41     35         18.0630    21.0486    16.5283    % 
UB: 21.04855072463768
branching on 3 with b.
494    42     36         18.0630    21.0486    16.5283    % 
UB: 21.04855072463768
branching on 1 with b.
495    43     37         18.0630    21.0486    16.5283    % 
UB: 21.04855072463768
branching on 2 with b.
496    44     38         18.0630    21.0486    16.5283    % 
LB close or above UB, fathomed
497    43     38         18.0630    21.0486    16.5283    % 
LB close or above UB, fathomed
498    42     37         18.0630    21.0486    16.5283    % 
UB: 21.04855072463768
branching on 2 with b.
499    43     38         18.0630    21.0486    16.5283    % 
LB close or above UB, fathomed
500    42     38         18.0630    21.0486    16.5283    % 
LB close or above UB, fathomed
501    41     36         18.0630    21.0486    16.5283    % 
LB close or above UB, fathomed
502    40     35         18.0630    21.0486    16.5283    % 
LB close or above UB, fathomed
503    39     34         18.0630    21.0486    16.5283    % 
LB close or above UB, fathomed
504    38     33         18.0630    21.0486    16.5283    % 
LB close or above UB, fathomed
505    37     18         18.0630    21.0486    16.5283    % 
UB: 21.04855072463768
branching on CartesianIndex(3, 3) with a.
506    38     19         18.0630    21.0486    16.5283    % 
UB: 21.04855072463768
branching on CartesianIndex(4, 3) with a.
507    39     20         18.0630    21.0486    16.5283    % 
UB: 21.04855072463768
branching on CartesianIndex(5, 3) with a.
508    40     21         18.0630    21.0486    16.5283    % 
UB: 21.04855072463768
branching on CartesianIndex(6, 3) with a.
509    41     22         18.0630    21.0486    16.5283    % 
UB: 21.04855072463768
branching on CartesianIndex(1, 4) with c.
510    42     23         18.0630    21.0486    16.5283    % 
LB close or above UB, fathomed
511    41     23         18.0630    21.0486    16.5283    % 
UB: 21.04855072463768
branching on 2 with b.
512    42     24         18.0630    21.0486    16.5283    % 
UB: 21.04855072463768
branching on CartesianIndex(1, 5) with c.
513    43     25         18.0630    21.0486    16.5283    % 
UB: 21.04855072463768
branching on CartesianIndex(2, 5) with c.
514    44     26         18.0630    21.0486    16.5283    % 
UB: 21.04855072463768
branching on CartesianIndex(1, 6) with c.
515    45     27         18.0630    21.0486    16.5283    % 
LB close or above UB, fathomed
516    44     27         18.0630    21.0486    16.5283    % 
UB: 21.04855072463768
branching on 3 with b.
517    45     28         18.0630    21.0486    16.5283    % 
LB close or above UB, fathomed
518    44     28         18.0630    21.0486    16.5283    % 
UB: 21.04855072463768
branching on CartesianIndex(1, 7) with c.
519    45     29         18.0630    21.0486    16.5283    % 
UB: 21.04855072463768
branching on CartesianIndex(2, 7) with c.
520    46     30         18.0630    21.0486    16.5283    % 
LB close or above UB, fathomed
521    45     30         18.0630    21.0486    16.5283    % 
UB: 21.04855072463768
branching on 1 with b.
522    46     31         18.0630    21.0486    16.5283    % 
UB: 21.04855072463768
branching on 2 with b.
523    47     32         18.0630    21.0486    16.5283    % 
LB close or above UB, fathomed
524    46     32         18.0630    21.0486    16.5283    % 
LB close or above UB, fathomed
525    45     31         18.0630    21.0486    16.5283    % 
LB close or above UB, fathomed
526    44     29         18.0630    21.0486    16.5283    % 
LB close or above UB, fathomed
527    43     26         18.0630    21.0486    16.5283    % 
LB close or above UB, fathomed
528    42     25         18.0630    21.0486    16.5283    % 
LB close or above UB, fathomed
529    41     24         18.0630    21.0486    16.5283    % 
LB close or above UB, fathomed
530    40     22         18.0630    21.0486    16.5283    % 
LB close or above UB, fathomed
531    39     21         18.0630    21.0486    16.5283    % 
LB close or above UB, fathomed
532    38     20         18.0630    21.0486    16.5283    % 
LB close or above UB, fathomed
533    37     19         18.0630    21.0486    16.5283    % 
LB close or above UB, fathomed
534    36     18         18.0630    21.0486    16.5283    % 
LB close or above UB, fathomed
535    35     34         18.0630    21.0486    16.5283    % 
UB: 21.04855072463768
branching on 1 with b.
536    36     35         18.0630    21.0486    16.5283    % 
LB close or above UB, fathomed
537    35     35         18.0630    21.0486    16.5283    % 
LB close or above UB, fathomed
538    34     34         18.0630    21.0486    16.5283    % 
LB close or above UB, fathomed
539    33     33         18.0630    21.0486    16.5283    % 
LB close or above UB, fathomed
540    32     33         18.0630    21.0486    16.5283    % 
UB: 21.04855072463768
branching on 3 with b.
541    33     34         18.0630    21.0486    16.5283    % 
UB: 21.04855072463768
branching on 1 with b.
542    34     34         18.0630    21.0486    16.5283    % 
LB close or above UB, fathomed
543    33     15         18.0630    21.0486    16.5283    % 
UB: 21.04855072463768
branching on CartesianIndex(3, 2) with a.
544    34     16         18.0630    21.0486    16.5283    % 
UB: 21.04855072463768
branching on CartesianIndex(4, 2) with a.
545    35     17         18.0630    21.0486    16.5283    % 
UB: 21.04855072463768
branching on CartesianIndex(5, 2) with a.
546    36     18         18.0630    21.0486    16.5283    % 
UB: 21.04855072463768
branching on CartesianIndex(6, 2) with a.
547    37     19         18.0630    21.0486    16.5283    % 
LB close or above UB, fathomed
548    36     19         18.0630    21.0486    16.5283    % 
LB close or above UB, fathomed
549    35     18         18.0630    21.0486    16.5283    % 
LB close or above UB, fathomed
550    34     17         18.0630    21.0486    16.5283    % 
LB close or above UB, fathomed
551    33     16         18.0630    21.0486    16.5283    % 
LB close or above UB, fathomed
552    32     15         18.0630    21.0486    16.5283    % 
LB close or above UB, fathomed
553    31     20         18.0630    21.0486    16.5283    % 
LB close or above UB, fathomed
554    30     20         18.0630    21.0486    16.5283    % 
LB close or above UB, fathomed
555    29     14         18.0630    21.0486    16.5283    % 
UB: 21.04855072463768
branching on CartesianIndex(3, 2) with a.
556    30     15         18.0630    21.0486    16.5283    % 
UB: 21.04855072463768
branching on CartesianIndex(4, 2) with a.
557    31     16         18.0630    21.0486    16.5283    % 
UB: 21.04855072463768
branching on CartesianIndex(5, 2) with a.
558    32     17         18.0630    21.0486    16.5283    % 
UB: 21.04855072463768
branching on CartesianIndex(6, 2) with a.
559    33     18         18.0630    21.0486    16.5283    % 
LB close or above UB, fathomed
560    32     18         18.0630    21.0486    16.5283    % 
LB close or above UB, fathomed
561    31     17         18.0630    21.0486    16.5283    % 
LB close or above UB, fathomed
562    30     16         18.0630    21.0486    16.5283    % 
LB close or above UB, fathomed
563    29     15         18.0630    21.0486    16.5283    % 
LB close or above UB, fathomed
564    28     14         18.0630    21.0486    16.5283    % 
LB close or above UB, fathomed
565    27     9          18.0630    21.0486    16.5283    % 
UB: 21.04855072463768
branching on CartesianIndex(3, 2) with a.
566    28     10         18.0630    21.0486    16.5283    % 
UB: 21.04855072463768
branching on CartesianIndex(4, 2) with a.
567    29     11         18.0630    21.0486    16.5283    % 
UB: 21.04855072463768
branching on 2 with b.
568    30     12         18.0630    21.0486    16.5283    % 
UB: 21.04855072463768
branching on CartesianIndex(5, 2) with a.
569    31     13         18.0630    21.0486    16.5283    % 
UB: 21.04855072463768
branching on 3 with b.
570    32     14         18.0630    21.0486    16.5283    % 
UB: 21.04855072463768
branching on 1 with b.
571    33     15         18.0630    21.0486    16.5283    % 
LB close or above UB, fathomed
572    32     15         18.0630    21.0486    16.5283    % 
UB: 21.04855072463768
branching on CartesianIndex(6, 2) with a.
573    33     16         18.0630    21.0486    16.5283    % 
UB: 21.04855072463768
branching on CartesianIndex(1, 3) with a.
574    34     17         18.0630    21.0486    16.5283    % 
LB close or above UB, fathomed
575    33     17         18.0630    21.0486    16.5283    % 
LB close or above UB, fathomed
576    32     16         18.0630    21.0486    16.5283    % 
LB close or above UB, fathomed
577    31     14         18.0630    21.0486    16.5283    % 
UB: 21.04855072463768
branching on 1 with b.
578    32     15         18.0630    21.0486    16.5283    % 
LB close or above UB, fathomed
579    31     15         18.0630    21.0486    16.5283    % 
UB: 21.04855072463768
branching on CartesianIndex(6, 2) with a.
580    32     16         18.0630    21.0486    16.5283    % 
UB: 21.04855072463768
branching on 2 with b.
581    33     17         18.0630    21.0486    16.5283    % 
UB: 21.04855072463768
branching on 3 with b.
582    34     17         18.0630    21.0486    16.5283    % 
LB close or above UB, fathomed
583    33     16         18.0630    21.0486    16.5283    % 
LB close or above UB, fathomed
584    32     13         18.0630    21.0486    16.5283    % 
LB close or above UB, fathomed
585    31     12         18.0630    21.0486    16.5283    % 
LB close or above UB, fathomed
586    30     11         18.0630    21.0486    16.5283    % 
LB close or above UB, fathomed
587    29     10         18.0630    21.0486    16.5283    % 
LB close or above UB, fathomed
588    28     9          18.0630    21.0486    16.5283    % 
LB close or above UB, fathomed
589    27     18         18.0630    21.0486    16.5283    % 
UB: 21.04855072463768
branching on CartesianIndex(1, 3) with a.
590    28     19         18.0630    21.0486    16.5283    % 
UB: 21.04855072463768
branching on CartesianIndex(2, 3) with a.
591    29     19         18.0630    21.0486    16.5283    % 
LB close or above UB, fathomed
592    28     18         18.0630    21.0486    16.5283    % 
LB close or above UB, fathomed
593    27     35         18.0630    21.0486    16.5283    % 
UB: 21.04855072463768
branching on 2 with b.
594    28     36         18.0630    21.0486    16.5283    % 
LB close or above UB, fathomed
595    27     36         18.0630    21.0486    16.5283    % 
LB close or above UB, fathomed
596    26     35         18.0630    21.0486    16.5283    % 
LB close or above UB, fathomed
597    25     23         18.0630    21.0486    16.5283    % 
UB: 21.04855072463768
branching on CartesianIndex(2, 3) with a.
598    26     24         18.0630    21.0486    16.5283    % 
UB: 21.04855072463768
branching on CartesianIndex(3, 3) with a.
599    27     24         18.0630    21.0486    16.5283    % 
LB close or above UB, fathomed
600    26     23         18.0630    21.0486    16.5283    % 
LB close or above UB, fathomed
601    25     23         18.0630    21.0486    16.5283    % 
UB: 21.04855072463768
branching on CartesianIndex(2, 3) with a.
602    26     24         18.0630    21.0486    16.5283    % 
UB: 21.04855072463768
branching on 1 with b.
603    27     25         18.0630    21.0486    16.5283    % 
UB: 21.04855072463768
branching on CartesianIndex(3, 3) with a.
604    28     25         18.0630    21.0486    16.5283    % 
LB close or above UB, fathomed
605    27     24         18.0630    21.0486    16.5283    % 
LB close or above UB, fathomed
606    26     23         18.0630    21.0486    16.5283    % 
LB close or above UB, fathomed
607    25     18         18.0630    21.0486    16.5283    % 
LB close or above UB, fathomed
608    24     18         18.0630    21.0486    16.5283    % 
UB: 21.04855072463768
branching on CartesianIndex(2, 3) with a.
609    25     19         18.0630    21.0486    16.5283    % 
UB: 21.04855072463768
branching on 3 with b.
610    26     20         18.0630    21.0486    16.5283    % 
LB close or above UB, fathomed
611    25     20         18.0630    21.0486    16.5283    % 
UB: 21.04855072463768
branching on CartesianIndex(3, 3) with a.
612    26     21         18.0630    21.0486    16.5283    % 
UB: 21.04855072463768
branching on CartesianIndex(4, 3) with a.
613    27     22         18.0630    21.0486    16.5283    % 
UB: 21.04855072463768
branching on CartesianIndex(5, 3) with a.
614    28     23         18.0630    21.0486    16.5283    % 
UB: 21.04855072463768
branching on CartesianIndex(6, 3) with a.
615    29     24         18.0630    21.0486    16.5283    % 
UB: 21.04855072463768
branching on CartesianIndex(1, 4) with c.
616    30     25         18.0630    21.0486    16.5283    % 
LB close or above UB, fathomed
617    29     25         18.0630    21.0486    16.5283    % 
UB: 21.04855072463768
branching on 1 with b.
618    30     26         18.0630    21.0486    16.5283    % 
UB: 21.04855072463768
branching on CartesianIndex(1, 5) with c.
619    31     27         18.0630    21.0486    16.5283    % 
UB: 21.04855072463768
branching on CartesianIndex(2, 5) with c.
620    32     28         18.0630    21.0486    16.5283    % 
UB: 21.04855072463768
branching on CartesianIndex(1, 6) with c.
621    33     29         18.0630    21.0486    16.5283    % 
LB close or above UB, fathomed
622    32     29         18.0630    21.0486    16.5283    % 
UB: 21.04855072463768
branching on CartesianIndex(1, 7) with c.
623    33     30         18.0630    21.0486    16.5283    % 
UB: 21.04855072463768
branching on CartesianIndex(2, 7) with c.
624    34     31         18.0630    21.0486    16.5283    % 
LB close or above UB, fathomed
625    33     31         18.0630    21.0486    16.5283    % 
UB: 21.04855072463768
branching on 2 with b.
626    34     32         18.0630    21.0486    16.5283    % 
UB: 21.04855072463768
branching on 3 with b.
627    35     33         18.0630    21.0486    16.5283    % 
LB close or above UB, fathomed
628    34     33         18.0630    21.0486    16.5283    % 
UB: 21.04855072463768
branching on 1 with b.
629    35     34         18.0630    21.0486    16.5283    % 
UB: 21.04855072463768
branching on 2 with b.
630    36     35         18.0630    21.0486    16.5283    % 
LB close or above UB, fathomed
631    35     35         18.0630    21.0486    16.5283    % 
UB: 21.04855072463768
branching on 3 with b.
632    36     36         18.0630    21.0486    16.5283    % 
LB close or above UB, fathomed
633    35     36         18.0630    21.0486    16.5283    % 
UB: 21.04855072463768
branching on 1 with b.
634    36     37         18.0630    21.0486    16.5283    % 
UB: 21.04855072463768
branching on 2 with b.
635    37     38         18.0630    21.0486    16.5283    % 
LB close or above UB, fathomed
636    36     38         18.0630    21.0486    16.5283    % 
LB close or above UB, fathomed
637    35     37         18.0630    21.0486    16.5283    % 
UB: 21.04855072463768
branching on 2 with b.
638    36     38         18.0630    21.0486    16.5283    % 
LB close or above UB, fathomed
639    35     38         18.0630    21.0486    16.5283    % 
LB close or above UB, fathomed
640    34     34         18.0630    21.0486    16.5283    % 
UB: 21.04855072463768
branching on 2 with b.
641    35     35         18.0630    21.0486    16.5283    % 
LB close or above UB, fathomed
642    34     35         18.0630    21.0486    16.5283    % 
UB: 21.04855072463768
branching on 3 with b.
643    35     36         18.0630    21.0486    16.5283    % 
LB close or above UB, fathomed
644    34     36         18.0630    21.0486    16.5283    % 
UB: 21.04855072463768
branching on 1 with b.
645    34     37         18.0630    21.0486    16.5283    % 
UB: 21.04855072463768
branching on 2 with b.
646    35     38         18.0630    21.0486    16.5283    % 
LB close or above UB, fathomed
647    34     38         18.0630    21.0486    16.5283    % 
LB close or above UB, fathomed
648    33     32         18.0630    21.0486    16.5283    % 
LB close or above UB, fathomed
649    32     30         18.0630    21.0486    16.5283    % 
LB close or above UB, fathomed
650    31     28         18.0630    21.0486    16.5283    % 
LB close or above UB, fathomed
651    30     27         18.0630    21.0486    16.5283    % 
LB close or above UB, fathomed
652    29     26         18.0630    21.0486    16.5283    % 
LB close or above UB, fathomed
653    28     24         18.0630    21.0486    16.5283    % 
LB close or above UB, fathomed
654    27     23         18.0630    21.0486    16.5283    % 
LB close or above UB, fathomed
655    26     22         18.0630    21.0486    16.5283    % 
LB close or above UB, fathomed
656    25     21         18.0630    21.0486    16.5283    % 
LB close or above UB, fathomed
657    24     19         18.0630    21.0486    16.5283    % 
LB close or above UB, fathomed
658    23     19         18.0630    21.0486    16.5283    % 
LB close or above UB, fathomed
659    22     19         18.0630    21.0486    16.5283    % 
UB: 21.04855072463768
branching on CartesianIndex(1, 5) with c.
660    23     20         18.0630    21.0486    16.5283    % 
UB: 21.04855072463768
branching on 1 with b.
661    24     21         18.0630    21.0486    16.5283    % 
UB: 21.04855072463768
branching on CartesianIndex(2, 5) with c.
662    25     22         18.0630    21.0486    16.5283    % 
UB: 21.04855072463768
branching on CartesianIndex(1, 6) with c.
663    26     23         18.0630    21.0486    16.5283    % 
LB close or above UB, fathomed
664    25     23         18.0630    21.0486    16.5283    % 
UB: 21.04855072463768
branching on 2 with b.
665    26     24         18.0630    21.0486    16.5283    % 
UB: 21.04855072463768
branching on CartesianIndex(1, 7) with c.
666    27     25         18.0630    21.0486    16.5283    % 
UB: 21.04855072463768
branching on CartesianIndex(2, 7) with c.
667    28     26         18.0630    21.0486    16.5283    % 
LB close or above UB, fathomed
668    27     26         18.0630    21.0486    16.5283    % 
UB: 21.04855072463768
branching on 3 with b.
669    28     27         18.0630    21.0486    16.5283    % 
UB: 21.04855072463768
branching on 1 with b.
670    29     28         18.0630    21.0486    16.5283    % 
LB close or above UB, fathomed
671    28     28         18.0630    21.0486    16.5283    % 
LB close or above UB, fathomed
672    27     27         18.0630    21.0486    16.5283    % 
LB close or above UB, fathomed
673    26     25         18.0630    21.0486    16.5283    % 
LB close or above UB, fathomed
674    25     24         18.0630    21.0486    16.5283    % 
UB: 21.04855072463768
branching on CartesianIndex(1, 7) with c.
675    26     25         18.0630    21.0486    16.5283    % 
UB: 21.04855072463768
branching on CartesianIndex(2, 7) with c.
676    27     26         18.0630    21.0486    16.5283    % 
LB close or above UB, fathomed
677    26     26         18.0630    21.0486    16.5283    % 
UB: 21.04855072463768
branching on 3 with b.
678    27     27         18.0630    21.0486    16.5283    % 
UB: 21.04855072463768
branching on 1 with b.
679    28     28         18.0630    21.0486    16.5283    % 
LB close or above UB, fathomed
680    27     28         18.0630    21.0486    16.5283    % 
LB close or above UB, fathomed
681    26     27         18.0630    21.0486    16.5283    % 
LB close or above UB, fathomed
682    25     25         18.0630    21.0486    16.5283    % 
LB close or above UB, fathomed
683    24     22         18.0630    21.0486    16.5283    % 
LB close or above UB, fathomed
684    23     21         18.0630    21.0486    16.5283    % 
LB close or above UB, fathomed
685    22     20         18.0630    21.0486    16.5283    % 
LB close or above UB, fathomed
686    21     20         18.0630    21.0486    16.5283    % 
LB close or above UB, fathomed
687    20     20         18.0630    21.0486    16.5283    % 
LB close or above UB, fathomed
688    19     26         18.0630    21.0486    16.5283    % 
UB: 21.04855072463768
branching on CartesianIndex(4, 3) with a.
689    20     26         18.0630    21.0486    16.5283    % 
LB close or above UB, fathomed
690    19     25         18.0630    21.0486    16.5283    % 
UB: 21.04855072463768
branching on CartesianIndex(4, 3) with a.
691    20     25         18.0630    21.0486    16.5283    % 
LB close or above UB, fathomed
692    19     20         18.0630    21.0486    16.5283    % 
UB: 21.04855072463768
branching on CartesianIndex(3, 3) with a.
693    20     20         18.0630    21.0486    16.5283    % 
LB close or above UB, fathomed
694    19     33         18.0630    21.0486    16.5283    % 
UB: 21.04855072463768
branching on 3 with b.
695    20     34         18.0630    21.0486    16.5283    % 
LB close or above UB, fathomed
696    19     34         18.0630    21.0486    16.5283    % 
UB: 21.04855072463768
branching on 1 with b.
697    20     35         18.0630    21.0486    16.5283    % 
UB: 21.04855072463768
branching on 2 with b.
698    21     36         18.0630    21.0486    16.5283    % 
LB close or above UB, fathomed
699    20     36         18.0630    21.0486    16.5283    % 
UB: 21.04855072463768
branching on 3 with b.
700    21     37         18.0630    21.0486    16.5283    % 
LB close or above UB, fathomed
701    20     37         18.0630    21.0486    16.5283    % 
UB: 21.04855072463768
branching on 1 with b.
702    21     38         18.0630    21.0486    16.5283    % 
LB close or above UB, fathomed
703    20     38         18.0630    21.0486    16.5283    % 
UB: 21.04855072463768
branching on 2 with b.
704    21     39         18.0630    21.0486    16.5283    % 
LB close or above UB, fathomed
705    20     39         18.0630    21.0486    16.5283    % 
LB close or above UB, fathomed
706    19     35         18.0630    21.0486    16.5283    % 
LB close or above UB, fathomed
707    18     33         18.0630    21.0486    16.5283    % 
LB close or above UB, fathomed
708    17     25         18.0630    21.0486    16.5283    % 
LB close or above UB, fathomed
709    16     25         18.0630    21.0486    16.5283    % 
LB close or above UB, fathomed
710    15     21         18.0630    21.0486    16.5283    % 
UB: 21.04855072463768
branching on CartesianIndex(4, 3) with a.
711    16     22         18.0630    21.0486    16.5283    % 
UB: 21.04855072463768
branching on CartesianIndex(5, 3) with a.
712    17     23         18.0630    21.0486    16.5283    % 
UB: 21.04855072463768
branching on CartesianIndex(6, 3) with a.
713    18     23         18.0630    21.0486    16.5283    % 
LB close or above UB, fathomed
714    17     22         18.0630    21.0486    16.5283    % 
LB close or above UB, fathomed
715    16     21         18.0630    21.0486    16.5283    % 
LB close or above UB, fathomed
716    15     26         18.0630    21.0486    16.5283    % 
UB: 21.04855072463768
branching on CartesianIndex(5, 3) with a.
717    16     27         18.0630    21.0486    16.5283    % 
UB: 21.04855072463768
branching on CartesianIndex(6, 3) with a.
718    17     27         18.0630    21.0486    16.5283    % 
LB close or above UB, fathomed
719    16     26         18.0630    21.0486    16.5283    % 
LB close or above UB, fathomed
720    15     27         18.0630    21.0486    16.5283    % 
UB: 21.04855072463768
branching on CartesianIndex(5, 3) with a.
721    16     28         18.0630    21.0486    16.5283    % 
UB: 21.04855072463768
branching on CartesianIndex(6, 3) with a.
722    17     29         18.0630    21.0486    16.5283    % 
UB: 21.04855072463768
branching on CartesianIndex(1, 4) with c.
723    18     29         18.0630    21.0486    16.5283    % 
LB close or above UB, fathomed
724    17     28         18.0630    21.0486    16.5283    % 
LB close or above UB, fathomed
725    16     27         18.0630    21.0486    16.5283    % 
LB close or above UB, fathomed
726    15     30         18.0630    21.0486    16.5283    % 
LB close or above UB, fathomed
727    14     30         18.0630    21.0486    16.5283    % 
UB: 21.04855072463768
branching on CartesianIndex(1, 5) with c.
728    15     28         18.0630    21.0486    16.5283    % 
UB: 21.04855072463768
branching on CartesianIndex(1, 4) with c.
729    16     29         18.0630    21.0486    16.5283    % 
LB close or above UB, fathomed
730    15     29         18.0630    21.0486    16.5283    % 
UB: 21.04855072463768
branching on CartesianIndex(1, 5) with c.
731    16     30         18.0630    21.0486    16.5283    % 
UB: 21.04855072463768
branching on CartesianIndex(2, 5) with c.
732    17     31         18.0630    21.0486    16.5283    % 
UB: 21.04855072463768
branching on CartesianIndex(1, 6) with c.
733    18     32         18.0630    21.0486    16.5283    % 
LB close or above UB, fathomed
734    17     32         18.0630    21.0486    16.5283    % 
UB: 21.04855072463768
branching on 1 with b.
735    18     33         18.0630    21.0486    16.5283    % 
LB close or above UB, fathomed
736    17     33         18.0630    21.0486    16.5283    % 
UB: 21.04855072463768
branching on CartesianIndex(1, 7) with c.
737    18     34         18.0630    21.0486    16.5283    % 
UB: 21.04855072463768
branching on CartesianIndex(2, 7) with c.
738    19     35         18.0630    21.0486    16.5283    % 
LB close or above UB, fathomed
739    18     35         18.0630    21.0486    16.5283    % 
UB: 21.04855072463768
branching on 2 with b.
740    19     36         18.0630    21.0486    16.5283    % 
UB: 21.04855072463768
branching on 3 with b.
741    20     37         18.0630    21.0486    16.5283    % 
UB: 21.04855072463768
branching on 1 with b.
742    21     38         18.0630    21.0486    16.5283    % 
LB close or above UB, fathomed
743    20     38         18.0630    21.0486    16.5283    % 
UB: 21.04855072463768
branching on 2 with b.
744    21     39         18.0630    21.0486    16.5283    % 
LB close or above UB, fathomed
745    20     39         18.0630    21.0486    16.5283    % 
UB: 21.04855072463768
branching on 3 with b.
746    21     40         18.0630    21.0486    16.5283    % 
UB: 21.04855072463768
branching on 1 with b.
747    22     41         18.0630    21.0486    16.5283    % 
LB close or above UB, fathomed
748    21     41         18.0630    21.0486    16.5283    % 
UB: 21.04855072463768
branching on 2 with b.
749    22     42         18.0630    21.0486    16.5283    % 
LB close or above UB, fathomed
750    21     42         18.0630    21.0486    16.5283    % 
LB close or above UB, fathomed
751    20     40         18.0630    21.0486    16.5283    % 
LB close or above UB, fathomed
752    19     37         18.0630    21.0486    16.5283    % 
LB close or above UB, fathomed
753    18     36         18.0630    21.0486    16.5283    % 
LB close or above UB, fathomed
754    17     34         18.0630    21.0486    16.5283    % 
LB close or above UB, fathomed
755    16     31         18.0630    21.0486    16.5283    % 
LB close or above UB, fathomed
756    15     30         18.0630    21.0486    16.5283    % 
LB close or above UB, fathomed
757    14     28         18.0630    21.0486    16.5283    % 
LB close or above UB, fathomed
758    13     24         18.0630    21.0486    16.5283    % 
UB: 21.04855072463768
branching on CartesianIndex(1, 4) with c.
759    14     25         18.0630    21.0486    16.5283    % 
LB close or above UB, fathomed
760    13     25         18.0630    21.0486    16.5283    % 
UB: 21.04855072463768
branching on CartesianIndex(1, 5) with c.
761    14     26         18.0630    21.0486    16.5283    % 
UB: 21.04855072463768
branching on CartesianIndex(2, 5) with c.
762    15     27         18.0630    21.0486    16.5283    % 
UB: 21.04855072463768
branching on CartesianIndex(1, 6) with c.
763    16     28         18.0630    21.0486    16.5283    % 
LB close or above UB, fathomed
764    15     28         18.0630    21.0486    16.5283    % 
UB: 21.04855072463768
branching on CartesianIndex(1, 7) with c.
765    16     29         18.0630    21.0486    16.5283    % 
UB: 21.04855072463768
branching on CartesianIndex(2, 7) with c.
766    17     30         18.0630    21.0486    16.5283    % 
LB close or above UB, fathomed
767    16     30         18.0630    21.0486    16.5283    % 
UB: 21.04855072463768
branching on 1 with b.
768    17     31         18.0630    21.0486    16.5283    % 
LB close or above UB, fathomed
769    16     31         18.0630    21.0486    16.5283    % 
UB: 21.04855072463768
branching on 2 with b.
770    17     32         18.0630    21.0486    16.5283    % 
LB close or above UB, fathomed
771    16     32         18.0630    21.0486    16.5283    % 
LB close or above UB, fathomed
772    15     29         18.0630    21.0486    16.5283    % 
LB close or above UB, fathomed
773    14     27         18.0630    21.0486    16.5283    % 
LB close or above UB, fathomed
774    13     26         18.0630    21.0486    16.5283    % 
LB close or above UB, fathomed
775    12     24         18.0630    21.0486    16.5283    % 
LB close or above UB, fathomed
776    11     29         18.0630    21.0486    16.5283    % 
LB close or above UB, fathomed
777    10     29         18.0630    21.0486    16.5283    % 
UB: 21.04855072463768
branching on CartesianIndex(1, 7) with c.
778    11     30         18.0630    21.0486    16.5283    % 
UB: 21.04855072463768
branching on CartesianIndex(2, 7) with c.
779    12     31         18.0630    21.0486    16.5283    % 
LB close or above UB, fathomed
780    11     31         18.0630    21.0486    16.5283    % 
UB: 21.04855072463768
branching on 2 with b.
781    12     32         18.0630    21.0486    16.5283    % 
UB: 21.04855072463768
branching on 3 with b.
782    13     33         18.0630    21.0486    16.5283    % 
UB: 21.04855072463768
branching on 1 with b.
783    14     34         18.0630    21.0486    16.5283    % 
UB: 21.04855072463768
branching on 2 with b.
784    15     35         18.0630    21.0486    16.5283    % 
LB close or above UB, fathomed
785    14     35         18.0630    21.0486    16.5283    % 
UB: 21.04855072463768
branching on 3 with b.
786    15     36         18.0630    21.0486    16.5283    % 
UB: 21.04855072463768
branching on 1 with b.
787    16     37         18.0630    21.0486    16.5283    % 
UB: 21.04855072463768
branching on 2 with b.
788    17     38         18.0630    21.0486    16.5283    % 
LB close or above UB, fathomed
789    16     38         18.0630    21.0486    16.5283    % 
LB close or above UB, fathomed
790    15     37         18.0630    21.0486    16.5283    % 
LB close or above UB, fathomed
791    14     36         18.0630    21.0486    16.5283    % 
LB close or above UB, fathomed
792    13     34         18.0630    21.0486    16.5283    % 
LB close or above UB, fathomed
793    12     33         18.0630    21.0486    16.5283    % 
LB close or above UB, fathomed
794    11     32         18.0630    21.0486    16.5283    % 
LB close or above UB, fathomed
795    10     30         18.0630    21.0486    16.5283    % 
LB close or above UB, fathomed
796    9      24         18.0630    21.0486    16.5283    % 
LB close or above UB, fathomed
797    8      24         18.0630    21.0486    16.5283    % 
UB: 21.04855072463768
branching on CartesianIndex(1, 5) with c.
798    9      25         18.0630    21.0486    16.5283    % 
UB: 21.04855072463768
branching on CartesianIndex(2, 5) with c.
799    10     26         18.0630    21.0486    16.5283    % 
UB: 21.04855072463768
branching on CartesianIndex(1, 6) with c.
800    11     27         18.0630    21.0486    16.5283    % 
LB close or above UB, fathomed
801    10     27         18.0630    21.0486    16.5283    % 
UB: 21.04855072463768
branching on CartesianIndex(1, 7) with c.
802    11     28         18.0630    21.0486    16.5283    % 
UB: 21.04855072463768
branching on CartesianIndex(2, 7) with c.
803    12     29         18.0630    21.0486    16.5283    % 
LB close or above UB, fathomed
804    11     29         18.0630    21.0486    16.5283    % 
UB: 21.04855072463768
branching on 3 with b.
805    12     30         18.0630    21.0486    16.5283    % 
UB: 21.04855072463768
branching on 1 with b.
806    13     31         18.0630    21.0486    16.5283    % 
UB: 21.04855072463768
branching on 2 with b.
807    14     32         18.0630    21.0486    16.5283    % 
LB close or above UB, fathomed
808    13     32         18.0630    21.0486    16.5283    % 
UB: 21.04855072463768
branching on 3 with b.
809    14     33         18.0630    21.0486    16.5283    % 
UB: 21.04855072463768
branching on 1 with b.
810    15     34         18.0630    21.0486    16.5283    % 
UB: 21.04855072463768
branching on 2 with b.
811    16     35         18.0630    21.0486    16.5283    % 
LB close or above UB, fathomed
812    15     35         18.0630    21.0486    16.5283    % 
LB close or above UB, fathomed
813    14     34         18.0630    21.0486    16.5283    % 
UB: 21.04855072463768
branching on 2 with b.
814    15     35         18.0630    21.0486    16.5283    % 
LB close or above UB, fathomed
815    14     35         18.0630    21.0486    16.5283    % 
LB close or above UB, fathomed
816    13     33         18.0630    21.0486    16.5283    % 
LB close or above UB, fathomed
817    12     31         18.0630    21.0486    16.5283    % 
LB close or above UB, fathomed
818    11     30         18.0630    21.0486    16.5283    % 
LB close or above UB, fathomed
819    10     28         18.0630    21.0486    16.5283    % 
LB close or above UB, fathomed
820    9      26         18.0630    21.0486    16.5283    % 
LB close or above UB, fathomed
821    8      25         18.0630    21.0486    16.5283    % 
LB close or above UB, fathomed
822    7      31         18.0630    21.0486    16.5283    % 
UB: 21.04855072463768
branching on CartesianIndex(2, 5) with c.
823    8      31         18.0630    21.0486    16.5283    % 
LB close or above UB, fathomed
824    7      27         18.0630    21.0486    16.5283    % 
LB close or above UB, fathomed
825    6      27         18.0630    21.0486    16.5283    % 
UB: 21.04855072463768
branching on CartesianIndex(1, 5) with c.
826    7      28         18.0630    21.0486    16.5283    % 
UB: 21.04855072463768
branching on CartesianIndex(2, 5) with c.
827    8      28         18.0630    21.0486    16.5283    % 
LB close or above UB, fathomed
828    7      29         18.0630    21.0486    16.5283    % 
UB: 21.04855072463768
branching on CartesianIndex(1, 6) with c.
829    8      30         18.0630    21.0486    16.5283    % 
LB close or above UB, fathomed
830    7      30         18.0630    21.0486    16.5283    % 
UB: 21.04855072463768
branching on CartesianIndex(1, 7) with c.
831    8      31         18.0630    21.0486    16.5283    % 
UB: 21.04855072463768
branching on CartesianIndex(2, 7) with c.
832    9      32         18.0630    21.0486    16.5283    % 
LB close or above UB, fathomed
833    8      32         18.0630    21.0486    16.5283    % 
UB: 21.04855072463768
branching on 2 with b.
834    9      33         18.0630    21.0486    16.5283    % 
LB close or above UB, fathomed
835    8      33         18.0630    21.0486    16.5283    % 
LB close or above UB, fathomed
836    7      31         18.0630    21.0486    16.5283    % 
LB close or above UB, fathomed
837    6      29         18.0630    21.0486    16.5283    % 
LB close or above UB, fathomed
838    5      32         18.0630    21.0486    16.5283    % 
UB: 21.04855072463768
branching on CartesianIndex(1, 6) with c.
839    6      33         18.0630    21.0486    16.5283    % 
LB close or above UB, fathomed
840    5      33         18.0630    21.0486    16.5283    % 
UB: 21.04855072463768
branching on CartesianIndex(1, 7) with c.
841    6      34         18.0630    21.0486    16.5283    % 
UB: 21.04855072463768
branching on CartesianIndex(2, 7) with c.
842    7      35         18.0630    21.0486    16.5283    % 
LB close or above UB, fathomed
843    6      35         18.0630    21.0486    16.5283    % 
UB: 21.04855072463768
branching on 2 with b.
844    7      36         18.0630    21.0486    16.5283    % 
UB: 21.04855072463768
branching on 3 with b.
845    8      37         18.0630    21.0486    16.5283    % 
UB: 21.04855072463768
branching on 1 with b.
846    9      38         18.0630    21.0486    16.5283    % 
UB: 21.04855072463768
branching on 2 with b.
847    10     39         18.0630    21.0486    16.5283    % 
LB close or above UB, fathomed
848    9      39         18.0630    21.0486    16.5283    % 
UB: 21.04855072463768
branching on 3 with b.
849    10     40         18.0630    21.0486    16.5283    % 
UB: 21.04855072463768
branching on 1 with b.
850    11     41         18.0630    21.0486    16.5283    % 
UB: 21.04855072463768
branching on 2 with b.
851    12     42         18.0630    21.0486    16.5283    % 
LB close or above UB, fathomed
852    11     42         18.0630    21.0486    16.5283    % 
LB close or above UB, fathomed
853    10     41         18.0630    21.0486    16.5283    % 
UB: 21.04855072463768
branching on 2 with b.
854    11     42         18.0630    21.0486    16.5283    % 
LB close or above UB, fathomed
855    10     42         18.0630    21.0486    16.5283    % 
LB close or above UB, fathomed
856    9      40         18.0630    21.0486    16.5283    % 
LB close or above UB, fathomed
857    8      38         18.0630    21.0486    16.5283    % 
LB close or above UB, fathomed
858    7      37         18.0630    21.0486    16.5283    % 
LB close or above UB, fathomed
859    6      36         18.0630    21.0486    16.5283    % 
LB close or above UB, fathomed
860    5      34         18.0630    21.0486    16.5283    % 
LB close or above UB, fathomed
861    4      32         18.0630    21.0486    16.5283    % 
LB close or above UB, fathomed
862    3      9          18.2737    21.0486    15.1849    % 
LB close or above UB, fathomed
863    2      9          18.2737    21.0486    15.1849    % 
LB close or above UB, fathomed
864    1      17         20.1897    21.0486    4.2540     % 
LB close or above UB, fathomed
865    0      17         20.1897    21.0486    4.2540     % 
LB close or above UB, fathomed
all node solved
solved nodes:  866
866                                                   2.1036e+01     2.1049e+01     0.0583  % 
7×3 Matrix{Float64}:
 0.0  1.0  0.0
 0.0  0.0  0.0
 0.0  0.0  0.0
 0.0  0.0  0.0
 0.0  0.0  0.0
 0.0  0.0  1.0
 1.0  0.0  0.0
3-element Vector{Float64}:
 0.5326496015147113
 0.261088717847639
 0.17119986036646073
3×7 Matrix{Float64}:
 0.0  0.0  0.0  0.0  1.0  0.0  0.0
 0.0  0.0  0.0  0.0  0.0  1.0  1.0
 0.0  0.0  0.0  1.0  0.0  0.0  0.0
3-element Vector{Float64}:
 1.0
 1.0
 1.0
7×3 Matrix{Float64}:
 1.0  0.0  0.0
 0.0  0.0  0.0
 0.0  0.0  0.0
 0.0  0.0  0.0
 0.0  0.0  0.0
 0.0  1.0  0.0
 0.0  0.0  1.0
3-element Vector{Float64}:
 0.265625
 0.3261826760639739
 0.515635631933925
3×7 Matrix{Float64}:
 0.0  0.0  0.0  1.0  0.0  1.0  0.0
 0.0  0.0  0.0  0.0  0.0  0.0  1.0
 0.0  0.0  0.0  0.0  1.0  0.0  0.0
3-element Vector{Float64}:
 1.0
 1.0
 1.0
comparison (CRT and Glb)on prediction: Dict{Bool, Int64}(0 => 5, 1 => 48)
Dataname	 time	 objv	 lb	 gap	 train_w	 train_g	 test_w	 test_g
seeds_361.seeds	 80.7	 21.04855072463768	 21.036	 0.0006	 91.503	 95.425	 90.566	 84.906
