Running 6 processes.
Start training seeds_903.seeds with seed 1.
Any[]
(7, 206)
(7, 102)
(7, 51)
(7, 53)
dimension: 7, class: 3
cart cost: 38.96159420289857
size of X: (7, 153)
ngroups: 6
UB: 38.96159420289855
Iter	left	lev	LB	UB	gap	
0      0      1          6.0866     38.9616    540.1195   % 
UB: 38.96159420289855
branching on 1 with d.
1      1      2          6.0866     38.9616    540.1195   % 
LB close or above UB, fathomed
2      0      2          6.0866     38.9616    540.1195   % 
UB: 38.96159420289855
branching on 2 with d.
3      1      3          6.0866     38.9616    540.1195   % 
UB: 38.96159420289855
branching on 3 with d.
4      2      3          6.0866     38.9616    540.1195   % 
UB: 38.96159420289855
branching on 3 with d.
5      3      4          6.0866     38.9616    540.1195   % 
UB: 38.96159420289855
branching on CartesianIndex(1, 1) with a.
6      4      4          6.0866     38.9616    540.1195   % 
UB: 38.96159420289855
branching on CartesianIndex(1, 1) with a.
7      5      5          6.1079     38.9616    537.8841   % 
UB: 38.96159420289855
branching on 1 with b.
8      6      6          6.1079     38.9616    537.8841   % 
UB: 38.96159420289855
branching on CartesianIndex(2, 1) with a.
9      7      7          6.1079     38.9616    537.8841   % 
UB: 38.96159420289855
branching on 1 with b.
10     8      8          6.1079     38.9616    537.8841   % 
LB close or above UB, fathomed
11     7      8          6.1079     38.9616    537.8841   % 
UB: 38.96159420289855
branching on 2 with b.
12     8      9          6.1079     38.9616    537.8841   % 
UB: 38.96159420289855
branching on 3 with b.
13     9      9          6.1079     38.9616    537.8841   % 
UB: 38.96159420289855
branching on CartesianIndex(3, 1) with a.
14     10     7          6.1079     38.9616    537.8841   % 
UB: 38.96159420289855
branching on CartesianIndex(1, 2) with a.
15     11     6          6.1079     38.9616    537.8841   % 
UB: 38.96159420289855
branching on CartesianIndex(2, 1) with a.
16     12     5          6.1079     38.9616    537.8841   % 
UB: 38.96159420289855
branching on 1 with b.
17     13     10         6.1210     38.9616    536.5218   % 
UB: 38.96159420289855
branching on 1 with b.
18     14     10         6.1210     38.9616    536.5218   % 
UB: 38.96159420289855
branching on 1 with b.
19     15     11         9.1065     38.9616    327.8428   % 
UB: 38.96159420289855
branching on CartesianIndex(3, 1) with a.
20     16     12         9.1065     38.9616    327.8428   % 
UB: 38.96159420289855
branching on CartesianIndex(4, 1) with a.
21     17     13         9.1065     38.9616    327.8428   % 
UB: 38.96159420289855
branching on CartesianIndex(5, 1) with a.
22     18     13         9.1065     38.9616    327.8428   % 
UB: 38.96159420289855
branching on CartesianIndex(1, 2) with a.
23     19     12         9.1065     38.9616    327.8428   % 
LB close or above UB, fathomed
24     18     11         9.1065     38.9616    327.8428   % 
UB: 38.96159420289855
branching on CartesianIndex(3, 1) with a.
25     19     6          9.1065     38.9616    327.8428   % 
UB: 38.96159420289855
branching on 1 with b.
26     20     7          9.1065     38.9616    327.8428   % 
UB: 38.96159420289855
branching on 2 with b.
27     21     7          9.1065     38.9616    327.8428   % 
UB: 38.961594202898546
branching on CartesianIndex(1, 2) with a.
28     22     8          9.1065     38.9616    327.8428   % 
UB: 38.961594202898546
branching on 2 with b.
29     23     8          9.1065     38.9616    327.8428   % 
UB: 38.961594202898546
branching on CartesianIndex(1, 3) with a.
30     24     6          9.1065     38.9616    327.8428   % 
UB: 38.961594202898546
branching on CartesianIndex(1, 2) with a.
31     25     9          12.0920    38.9616    222.2089   % 
UB: 38.961594202898546
branching on CartesianIndex(2, 2) with a.
32     26     10         12.0920    38.9616    222.2089   % 
UB: 38.961594202898546
branching on 3 with b.
33     27     11         12.0920    38.9616    222.2089   % 
UB: 38.961594202898546
branching on CartesianIndex(3, 2) with a.
34     28     12         12.0920    38.9616    222.2089   % 
UB: 38.961594202898546
branching on CartesianIndex(4, 2) with a.
35     29     12         12.0920    38.9616    222.2089   % 
LB close or above UB, fathomed
36     28     11         12.0920    38.9616    222.2089   % 
UB: 38.961594202898546
branching on CartesianIndex(3, 2) with a.
37     29     10         12.0920    38.9616    222.2089   % 
UB: 38.961594202898546
branching on 3 with b.
38     30     9          12.0920    38.9616    222.2089   % 
UB: 38.961594202898546
branching on CartesianIndex(2, 2) with a.
39     31     8          12.0920    38.9616    222.2089   % 
UB: 38.961594202898546
branching on 3 with b.
40     32     9          12.0920    38.9616    222.2089   % 
UB: 38.961594202898546
branching on CartesianIndex(1, 2) with a.
41     33     9          12.0920    38.9616    222.2089   % 
UB: 38.961594202898546
branching on 1 with b.
42     34     10         12.0920    38.9616    222.2089   % 
LB close or above UB, fathomed
43     33     10         12.0920    38.9616    222.2089   % 
UB: 38.961594202898546
branching on CartesianIndex(1, 2) with a.
44     34     11         12.0920    38.9616    222.2089   % 
UB: 38.961594202898546
branching on CartesianIndex(2, 2) with a.
45     35     12         12.0920    38.9616    222.2089   % 
UB: 38.961594202898546
branching on CartesianIndex(3, 2) with a.
46     36     13         12.0920    38.9616    222.2089   % 
UB: 38.961594202898546
branching on CartesianIndex(4, 2) with a.
47     37     14         12.0920    38.9616    222.2089   % 
UB: 38.961594202898546
branching on CartesianIndex(5, 2) with a.
48     38     15         12.0920    38.9616    222.2089   % 
UB: 38.961594202898546
branching on 2 with b.
49     39     16         12.0920    38.9616    222.2089   % 
UB: 38.961594202898546
branching on CartesianIndex(6, 2) with a.
50     40     17         12.0920    38.9616    222.2089   % 
UB: 32.99057971014493
branching on CartesianIndex(1, 3) with a.
51     41     17         12.0920    32.9906    172.8291   % 
UB: 32.99057971014493
branching on CartesianIndex(1, 3) with a.
52     40     16         12.0920    32.9906    172.8291   % 
UB: 32.99057971014493
branching on CartesianIndex(6, 2) with a.
53     41     15         12.0920    32.9906    172.8291   % 
UB: 32.99057971014493
branching on CartesianIndex(1, 3) with a.
54     42     14         12.0920    32.9906    172.8291   % 
UB: 32.99057971014493
branching on CartesianIndex(1, 3) with a.
55     43     13         12.0920    32.9906    172.8291   % 
LB close or above UB, fathomed
56     42     12         12.0920    32.9906    172.8291   % 
UB: 32.99057971014493
branching on CartesianIndex(1, 3) with a.
57     43     11         12.0920    32.9906    172.8291   % 
LB close or above UB, fathomed
58     42     8          12.0920    32.9906    172.8291   % 
UB: 32.99057971014493
branching on CartesianIndex(1, 2) with a.
59     43     12         12.0920    32.9906    172.8291   % 
UB: 32.99057971014493
branching on CartesianIndex(4, 1) with a.
60     44     12         12.0920    32.9906    172.8291   % 
LB close or above UB, fathomed
61     43     14         12.0920    32.9906    172.8291   % 
LB close or above UB, fathomed
62     42     14         12.0920    32.9906    172.8291   % 
UB: 32.99057971014493
branching on CartesianIndex(1, 2) with a.
63     43     11         12.0920    32.9906    172.8291   % 
UB: 32.99057971014493
branching on 2 with b.
64     44     12         12.0920    32.9906    172.8291   % 
UB: 32.99057971014493
branching on CartesianIndex(3, 1) with a.
65     45     12         12.0920    32.9906    172.8291   % 
UB: 32.99057971014493
branching on 3 with b.
66     46     11         12.0920    32.9906    172.8291   % 
UB: 32.99057971014493
branching on CartesianIndex(3, 1) with a.
67     47     8          12.0920    32.9906    172.8291   % 
UB: 32.99057971014493
branching on 1 with b.
68     48     9          12.0920    32.9906    172.8291   % 
LB close or above UB, fathomed
69     47     9          12.0920    32.9906    172.8291   % 
UB: 32.99057971014493
branching on CartesianIndex(2, 2) with a.
70     48     10         12.0920    32.9906    172.8291   % 
UB: 32.99057971014493
branching on CartesianIndex(3, 2) with a.
71     49     11         12.0920    32.9906    172.8291   % 
UB: 32.99057971014493
branching on CartesianIndex(4, 2) with a.
72     50     12         12.0920    32.9906    172.8291   % 
UB: 32.99057971014493
branching on 2 with b.
73     51     13         12.0920    32.9906    172.8291   % 
UB: 32.99057971014493
branching on CartesianIndex(5, 2) with a.
74     52     14         12.0920    32.9906    172.8291   % 
UB: 32.99057971014493
branching on CartesianIndex(6, 2) with a.
75     53     15         12.0920    32.9906    172.8291   % 
UB: 32.99057971014493
branching on 3 with b.
76     54     15         12.0920    32.9906    172.8291   % 
UB: 32.99057971014493
branching on 3 with b.
77     55     14         12.0920    32.9906    172.8291   % 
UB: 32.99057971014493
branching on CartesianIndex(1, 3) with a.
78     56     13         12.0920    32.9906    172.8291   % 
UB: 32.99057971014493
branching on CartesianIndex(5, 2) with a.
79     57     12         12.0920    32.9906    172.8291   % 
UB: 32.99057971014493
branching on 2 with b.
80     58     11         12.0920    32.9906    172.8291   % 
UB: 32.99057971014493
branching on CartesianIndex(1, 3) with a.
81     59     10         12.0920    32.9906    172.8291   % 
UB: 32.99057971014493
branching on 2 with b.
82     60     8          12.0920    32.9906    172.8291   % 
LB close or above UB, fathomed
83     59     13         12.8714    32.9906    156.3084   % 
UB: 32.99057971014493
branching on 1 with b.
84     60     13         12.8714    32.9906    156.3084   % 
LB close or above UB, fathomed
85     59     14         15.0775    32.9906    118.8062   % 
UB: 32.99057971014493
branching on CartesianIndex(5, 2) with a.
86     60     14         15.0775    32.9906    118.8062   % 
UB: 32.99057971014493
branching on CartesianIndex(5, 2) with a.
87     61     16         15.0775    32.9906    118.8062   % 
UB: 32.99057971014493
branching on CartesianIndex(1, 3) with a.
88     62     16         15.0775    32.9906    118.8062   % 
UB: 32.99057971014493
branching on 1 with b.
89     63     12         15.0775    32.9906    118.8062   % 
UB: 32.99057971014493
branching on 2 with b.
90     64     12         15.0775    32.9906    118.8062   % 
LB close or above UB, fathomed
91     63     13         15.0775    32.9906    118.8062   % 
UB: 32.99057971014493
branching on CartesianIndex(3, 1) with a.
92     64     13         15.0775    32.9906    118.8062   % 
UB: 32.99057971014493
branching on CartesianIndex(3, 1) with a.
93     65     14         15.0775    32.9906    118.8062   % 
UB: 32.99057971014493
branching on CartesianIndex(4, 1) with a.
94     66     15         15.0775    32.9906    118.8062   % 
UB: 32.99057971014493
branching on CartesianIndex(5, 1) with a.
95     67     15         15.0775    32.9906    118.8062   % 
UB: 32.99057971014493
branching on CartesianIndex(1, 2) with a.
96     68     14         15.0775    32.9906    118.8062   % 
LB close or above UB, fathomed
97     67     13         15.0775    32.9906    118.8062   % 
UB: 32.99057971014493
branching on CartesianIndex(5, 1) with a.
98     68     14         15.0775    32.9906    118.8062   % 
UB: 32.99057971014493
branching on CartesianIndex(6, 1) with a.
99     69     14         15.0775    32.9906    118.8062   % 
UB: 32.99057971014493
branching on CartesianIndex(1, 2) with a.
100    70     13         15.0775    32.9906    118.8062   % 
UB: 32.99057971014493
branching on CartesianIndex(1, 2) with a.
101    71     14         15.0775    32.9906    118.8062   % 
UB: 32.99057971014493
branching on CartesianIndex(2, 2) with a.
102    72     14         15.0775    32.9906    118.8062   % 
LB close or above UB, fathomed
103    71     12         15.0775    32.9906    118.8062   % 
UB: 32.99057971014493
branching on CartesianIndex(4, 2) with a.
104    72     13         15.0775    32.9906    118.8062   % 
UB: 32.99057971014493
branching on CartesianIndex(5, 2) with a.
105    73     14         15.0775    32.9906    118.8062   % 
UB: 32.99057971014493
branching on CartesianIndex(6, 2) with a.
106    74     15         15.0775    32.9906    118.8062   % 
UB: 27.019565217391303
branching on CartesianIndex(1, 3) with a.
107    75     15         15.0775    27.0196    79.2041    % 
UB: 27.019565217391303
branching on CartesianIndex(1, 3) with a.
108    54     14         15.0775    27.0196    79.2041    % 
LB close or above UB, fathomed
109    53     13         15.0775    27.0196    79.2041    % 
LB close or above UB, fathomed
110    52     12         15.0775    27.0196    79.2041    % 
LB close or above UB, fathomed
111    51     18         15.0775    27.0196    79.2041    % 
UB: 27.019565217391303
branching on CartesianIndex(2, 3) with a.
112    52     18         15.0775    27.0196    79.2041    % 
LB close or above UB, fathomed
113    51     19         15.0775    27.0196    79.2041    % 
UB: 27.019565217391303
branching on CartesianIndex(3, 3) with a.
114    52     20         15.0775    27.0196    79.2041    % 
UB: 27.019565217391303
branching on 3 with b.
115    53     21         15.0775    27.0196    79.2041    % 
UB: 27.019565217391303
branching on 1 with b.
116    54     22         15.0775    27.0196    79.2041    % 
LB close or above UB, fathomed
117    53     22         15.0775    27.0196    79.2041    % 
UB: 27.019565217391303
branching on CartesianIndex(4, 3) with a.
118    54     21         15.0775    27.0196    79.2041    % 
LB close or above UB, fathomed
119    53     20         15.0775    27.0196    79.2041    % 
LB close or above UB, fathomed
120    52     19         15.0775    27.0196    79.2041    % 
UB: 27.019565217391303
branching on CartesianIndex(1, 4) with c.
121    53     23         15.0775    27.0196    79.2041    % 
UB: 27.019565217391303
branching on CartesianIndex(5, 3) with a.
122    54     24         15.0775    27.0196    79.2041    % 
UB: 27.019565217391303
branching on CartesianIndex(6, 3) with a.
123    55     25         15.0775    27.0196    79.2041    % 
UB: 27.019565217391303
branching on CartesianIndex(1, 4) with c.
124    56     26         15.0775    27.0196    79.2041    % 
LB close or above UB, fathomed
125    55     26         15.0775    27.0196    79.2041    % 
UB: 27.019565217391303
branching on 2 with b.
126    56     27         15.0775    27.0196    79.2041    % 
UB: 27.019565217391303
branching on 3 with b.
127    57     27         15.0775    27.0196    79.2041    % 
UB: 27.019565217391303
branching on CartesianIndex(1, 5) with c.
128    58     28         15.0775    27.0196    79.2041    % 
UB: 27.019565217391303
branching on 3 with b.
129    59     29         15.0775    27.0196    79.2041    % 
UB: 27.019565217391303
branching on CartesianIndex(2, 5) with c.
130    60     30         15.0775    27.0196    79.2041    % 
UB: 27.019565217391303
branching on CartesianIndex(1, 6) with c.
131    61     31         15.0775    27.0196    79.2041    % 
LB close or above UB, fathomed
132    60     31         15.0775    27.0196    79.2041    % 
UB: 27.019565217391303
branching on CartesianIndex(1, 7) with c.
133    61     32         15.0775    27.0196    79.2041    % 
UB: 27.019565217391303
branching on CartesianIndex(2, 7) with c.
134    62     33         15.0775    27.0196    79.2041    % 
LB close or above UB, fathomed
135    61     33         15.0775    27.0196    79.2041    % 
UB: 27.019565217391303
branching on 1 with b.
136    62     34         15.0775    27.0196    79.2041    % 
UB: 27.019565217391303
branching on 2 with b.
137    63     34         15.0775    27.0196    79.2041    % 
UB: 27.019565217391303
branching on 2 with b.
138    64     32         15.0775    27.0196    79.2041    % 
LB close or above UB, fathomed
139    63     30         15.0775    27.0196    79.2041    % 
LB close or above UB, fathomed
140    62     29         15.0775    27.0196    79.2041    % 
UB: 27.019565217391303
branching on CartesianIndex(2, 5) with c.
141    63     28         15.0775    27.0196    79.2041    % 
LB close or above UB, fathomed
142    62     25         15.0775    27.0196    79.2041    % 
LB close or above UB, fathomed
143    61     24         15.0775    27.0196    79.2041    % 
LB close or above UB, fathomed
144    60     23         15.0775    27.0196    79.2041    % 
UB: 27.019565217391303
branching on CartesianIndex(1, 4) with c.
145    61     10         18.0500    27.0196    49.6931    % 
UB: 27.019565217391303
branching on CartesianIndex(4, 1) with a.
146    62     10         18.0500    27.0196    49.6931    % 
LB close or above UB, fathomed
147    61     15         18.0630    27.0196    49.5848    % 
UB: 27.019565217391303
branching on CartesianIndex(3, 2) with a.
148    62     15         18.0630    27.0196    49.5848    % 
LB close or above UB, fathomed
149    61     15         18.0630    27.0196    49.5848    % 
UB: 27.019565217391303
branching on CartesianIndex(1, 2) with a.
150    62     16         18.0630    27.0196    49.5848    % 
UB: 27.019565217391303
branching on CartesianIndex(2, 2) with a.
151    63     17         18.0630    27.0196    49.5848    % 
UB: 27.019565217391303
branching on CartesianIndex(3, 2) with a.
152    64     18         18.0630    27.0196    49.5848    % 
UB: 27.019565217391303
branching on CartesianIndex(4, 2) with a.
153    65     18         18.0630    27.0196    49.5848    % 
LB close or above UB, fathomed
154    64     17         18.0630    27.0196    49.5848    % 
UB: 27.019565217391303
branching on 2 with b.
155    65     16         18.0630    27.0196    49.5848    % 
LB close or above UB, fathomed
156    64     15         18.0630    27.0196    49.5848    % 
LB close or above UB, fathomed
157    63     16         18.0630    27.0196    49.5848    % 
LB close or above UB, fathomed
158    62     16         18.0630    27.0196    49.5848    % 
UB: 27.019565217391303
branching on CartesianIndex(1, 2) with a.
159    63     13         18.0630    27.0196    49.5848    % 
UB: 27.019565217391303
branching on 3 with b.
160    64     13         18.0630    27.0196    49.5848    % 
UB: 27.019565217391303
branching on 3 with b.
161    65     14         18.0630    27.0196    49.5848    % 
UB: 27.019565217391303
branching on CartesianIndex(4, 1) with a.
162    66     14         18.0630    27.0196    49.5848    % 
UB: 27.019565217391303
branching on CartesianIndex(4, 1) with a.
163    67     15         18.0630    27.0196    49.5848    % 
UB: 27.019565217391303
branching on CartesianIndex(5, 1) with a.
164    68     16         18.0630    27.0196    49.5848    % 
UB: 27.019565217391303
branching on CartesianIndex(6, 1) with a.
165    69     16         18.0630    27.0196    49.5848    % 
LB close or above UB, fathomed
166    68     15         18.0630    27.0196    49.5848    % 
UB: 27.019565217391303
branching on CartesianIndex(1, 2) with a.
167    69     15         18.0630    27.0196    49.5848    % 
UB: 27.019565217391303
branching on CartesianIndex(6, 2) with a.
168    70     16         18.0630    27.0196    49.5848    % 
UB: 27.019565217391303
branching on CartesianIndex(1, 3) with a.
169    71     16         18.0630    27.0196    49.5848    % 
UB: 27.019565217391303
branching on CartesianIndex(1, 3) with a.
170    72     15         18.0630    27.0196    49.5848    % 
LB close or above UB, fathomed
171    71     15         18.0630    27.0196    49.5848    % 
UB: 27.019565217391303
branching on CartesianIndex(2, 2) with a.
172    72     16         18.0630    27.0196    49.5848    % 
UB: 27.019565217391303
branching on CartesianIndex(3, 2) with a.
173    73     16         18.0630    27.0196    49.5848    % 
LB close or above UB, fathomed
174    72     15         18.0630    27.0196    49.5848    % 
UB: 27.019565217391303
branching on CartesianIndex(1, 3) with a.
175    73     10         18.0630    27.0196    49.5848    % 
UB: 27.019565217391303
branching on 1 with b.
176    74     11         18.0630    27.0196    49.5848    % 
LB close or above UB, fathomed
177    73     11         18.0630    27.0196    49.5848    % 
UB: 27.019565217391303
branching on 2 with b.
178    74     12         18.0630    27.0196    49.5848    % 
UB: 27.019565217391303
branching on CartesianIndex(2, 2) with a.
179    75     13         18.0630    27.0196    49.5848    % 
UB: 27.019565217391303
branching on CartesianIndex(3, 2) with a.
180    76     14         18.0630    27.0196    49.5848    % 
UB: 27.019565217391303
branching on CartesianIndex(4, 2) with a.
181    77     15         18.0630    27.0196    49.5848    % 
UB: 27.019565217391303
branching on CartesianIndex(5, 2) with a.
182    78     16         18.0630    27.0196    49.5848    % 
UB: 27.019565217391303
branching on 3 with b.
183    79     17         18.0630    27.0196    49.5848    % 
LB close or above UB, fathomed
184    78     17         18.0630    27.0196    49.5848    % 
UB: 27.019565217391303
branching on CartesianIndex(6, 2) with a.
185    79     18         18.0630    27.0196    49.5848    % 
UB: 27.019565217391303
branching on 1 with b.
186    80     18         18.0630    27.0196    49.5848    % 
UB: 27.019565217391303
branching on CartesianIndex(1, 3) with a.
187    81     16         18.0630    27.0196    49.5848    % 
LB close or above UB, fathomed
188    80     15         18.0630    27.0196    49.5848    % 
LB close or above UB, fathomed
189    79     14         18.0630    27.0196    49.5848    % 
LB close or above UB, fathomed
190    78     13         18.0630    27.0196    49.5848    % 
LB close or above UB, fathomed
191    77     12         18.0630    27.0196    49.5848    % 
UB: 27.019565217391303
branching on CartesianIndex(2, 2) with a.
192    78     10         18.0630    27.0196    49.5848    % 
LB close or above UB, fathomed
193    77     15         18.0630    27.0196    49.5848    % 
UB: 27.019565217391303
branching on CartesianIndex(5, 1) with a.
194    78     15         18.0630    27.0196    49.5848    % 
LB close or above UB, fathomed
195    77     35         18.0630    27.0196    49.5848    % 
UB: 27.019565217391303
branching on 3 with b.
196    78     36         18.0630    27.0196    49.5848    % 
UB: 27.019565217391303
branching on 1 with b.
197    79     37         18.0630    27.0196    49.5848    % 
UB: 27.019565217391303
branching on 2 with b.
198    80     37         18.0630    27.0196    49.5848    % 
UB: 27.019565217391303
branching on 2 with b.
199    81     36         18.0630    27.0196    49.5848    % 
UB: 27.019565217391303
branching on 1 with b.
200    82     37         18.0630    27.0196    49.5848    % 
UB: 27.019565217391303
branching on 2 with b.
201    83     37         18.0630    27.0196    49.5848    % 
UB: 27.019565217391303
branching on 2 with b.
202    84     35         18.0630    27.0196    49.5848    % 
UB: 27.019565217391303
branching on 3 with b.
203    85     16         18.0630    27.0196    49.5848    % 
UB: 27.019565217391303
branching on 1 with b.
204    86     17         18.0630    27.0196    49.5848    % 
UB: 27.019565217391303
branching on 2 with b.
205    87     18         18.0630    27.0196    49.5848    % 
UB: 27.019565217391303
branching on CartesianIndex(2, 3) with a.
206    88     18         18.0630    27.0196    49.5848    % 
LB close or above UB, fathomed
207    87     17         18.0630    27.0196    49.5848    % 
LB close or above UB, fathomed
208    86     16         18.0630    27.0196    49.5848    % 
LB close or above UB, fathomed
209    85     15         18.0630    27.0196    49.5848    % 
UB: 27.019565217391303
branching on 2 with b.
210    86     15         18.0630    27.0196    49.5848    % 
LB close or above UB, fathomed
211    85     16         18.0630    27.0196    49.5848    % 
UB: 27.019565217391303
branching on CartesianIndex(1, 3) with a.
212    86     16         18.0630    27.0196    49.5848    % 
UB: 27.019565217391303
branching on 1 with b.
213    87     17         18.0630    27.0196    49.5848    % 
UB: 27.019565217391303
branching on CartesianIndex(1, 3) with a.
214    88     18         18.0630    27.0196    49.5848    % 
UB: 27.019565217391303
branching on CartesianIndex(2, 3) with a.
215    89     19         18.0630    27.0196    49.5848    % 
UB: 27.019565217391303
branching on 2 with b.
216    90     20         18.0630    27.0196    49.5848    % 
UB: 27.019565217391303
branching on CartesianIndex(3, 3) with a.
217    91     21         18.0630    27.0196    49.5848    % 
UB: 27.019565217391303
branching on 3 with b.
218    92     21         18.0630    27.0196    49.5848    % 
LB close or above UB, fathomed
219    91     20         18.0630    27.0196    49.5848    % 
LB close or above UB, fathomed
220    90     19         18.0630    27.0196    49.5848    % 
UB: 27.019565217391303
branching on CartesianIndex(1, 4) with c.
221    91     18         18.0630    27.0196    49.5848    % 
LB close or above UB, fathomed
222    90     17         18.0630    27.0196    49.5848    % 
LB close or above UB, fathomed
223    89     13         18.0630    27.0196    49.5848    % 
UB: 27.019565217391303
branching on CartesianIndex(4, 1) with a.
224    90     14         18.0630    27.0196    49.5848    % 
UB: 27.019565217391303
branching on CartesianIndex(5, 1) with a.
225    91     14         18.0630    27.0196    49.5848    % 
LB close or above UB, fathomed
226    90     13         18.0630    27.0196    49.5848    % 
LB close or above UB, fathomed
227    89     17         18.0630    27.0196    49.5848    % 
LB close or above UB, fathomed
228    88     17         18.0630    27.0196    49.5848    % 
UB: 27.019565217391303
branching on CartesianIndex(1, 3) with a.
229    89     14         18.0630    27.0196    49.5848    % 
UB: 27.019565217391303
branching on CartesianIndex(2, 2) with a.
230    90     15         18.0630    27.0196    49.5848    % 
UB: 27.019565217391303
branching on 2 with b.
231    91     16         18.0630    27.0196    49.5848    % 
UB: 27.019565217391303
branching on CartesianIndex(3, 2) with a.
232    92     16         18.0630    27.0196    49.5848    % 
UB: 27.019565217391303
branching on CartesianIndex(3, 2) with a.
233    93     15         18.0630    27.0196    49.5848    % 
LB close or above UB, fathomed
234    92     14         18.0630    27.0196    49.5848    % 
LB close or above UB, fathomed
235    91     7          18.0630    27.0196    49.5848    % 
UB: 27.019565217391303
branching on CartesianIndex(3, 1) with a.
236    92     8          18.0630    27.0196    49.5848    % 
UB: 27.019565217391303
branching on CartesianIndex(4, 1) with a.
237    93     9          18.0630    27.0196    49.5848    % 
UB: 27.019565217391303
branching on 1 with b.
238    94     10         18.0630    27.0196    49.5848    % 
UB: 27.019565217391303
branching on 2 with b.
239    95     11         18.0630    27.0196    49.5848    % 
UB: 27.019565217391303
branching on CartesianIndex(5, 1) with a.
240    96     12         18.0630    27.0196    49.5848    % 
UB: 27.019565217391303
branching on 3 with b.
241    97     13         18.0630    27.0196    49.5848    % 
UB: 27.019565217391303
branching on CartesianIndex(6, 1) with a.
242    98     14         18.0630    27.0196    49.5848    % 
UB: 27.019565217391303
branching on CartesianIndex(1, 2) with a.
243    99     15         18.0630    27.0196    49.5848    % 
UB: 27.019565217391303
branching on CartesianIndex(2, 2) with a.
244    100    16         18.0630    27.0196    49.5848    % 
UB: 27.019565217391303
branching on CartesianIndex(3, 2) with a.
245    101    16         18.0630    27.0196    49.5848    % 
LB close or above UB, fathomed
246    100    15         18.0630    27.0196    49.5848    % 
LB close or above UB, fathomed
247    99     14         18.0630    27.0196    49.5848    % 
LB close or above UB, fathomed
248    98     13         18.0630    27.0196    49.5848    % 
UB: 27.019565217391303
branching on CartesianIndex(6, 1) with a.
249    99     14         18.0630    27.0196    49.5848    % 
UB: 27.019565217391303
branching on CartesianIndex(1, 2) with a.
250    100    14         18.0630    27.0196    49.5848    % 
LB close or above UB, fathomed
251    99     12         18.0630    27.0196    49.5848    % 
LB close or above UB, fathomed
252    98     11         18.0630    27.0196    49.5848    % 
LB close or above UB, fathomed
253    97     10         18.0630    27.0196    49.5848    % 
LB close or above UB, fathomed
254    96     9          18.0630    27.0196    49.5848    % 
UB: 27.019565217391303
branching on 1 with b.
255    97     10         18.0630    27.0196    49.5848    % 
UB: 27.019565217391303
branching on CartesianIndex(1, 2) with a.
256    98     11         18.0630    27.0196    49.5848    % 
UB: 27.019565217391303
branching on 2 with b.
257    99     12         18.0630    27.0196    49.5848    % 
UB: 27.019565217391303
branching on 3 with b.
258    100    13         18.0630    27.0196    49.5848    % 
UB: 27.019565217391303
branching on CartesianIndex(2, 2) with a.
259    101    14         18.0630    27.0196    49.5848    % 
UB: 27.019565217391303
branching on 1 with b.
260    102    14         18.0630    27.0196    49.5848    % 
LB close or above UB, fathomed
261    101    13         18.0630    27.0196    49.5848    % 
UB: 27.019565217391303
branching on CartesianIndex(2, 2) with a.
262    102    12         18.0630    27.0196    49.5848    % 
LB close or above UB, fathomed
263    101    11         18.0630    27.0196    49.5848    % 
LB close or above UB, fathomed
264    100    10         18.0630    27.0196    49.5848    % 
LB close or above UB, fathomed
265    99     8          18.0630    27.0196    49.5848    % 
LB close or above UB, fathomed
266    98     7          18.0630    27.0196    49.5848    % 
UB: 27.019565217391303
branching on 1 with b.
267    99     8          18.0630    27.0196    49.5848    % 
UB: 27.019565217391303
branching on 2 with b.
268    100    9          18.0630    27.0196    49.5848    % 
UB: 27.019565217391303
branching on 3 with b.
269    101    10         18.0630    27.0196    49.5848    % 
UB: 27.019565217391303
branching on CartesianIndex(1, 2) with a.
270    102    11         18.0630    27.0196    49.5848    % 
UB: 27.019565217391303
branching on CartesianIndex(2, 2) with a.
271    103    12         18.0630    27.0196    49.5848    % 
UB: 27.019565217391303
branching on CartesianIndex(3, 2) with a.
272    104    12         18.0630    27.0196    49.5848    % 
LB close or above UB, fathomed
273    103    11         18.0630    27.0196    49.5848    % 
LB close or above UB, fathomed
274    102    10         18.0630    27.0196    49.5848    % 
UB: 27.019565217391303
branching on CartesianIndex(1, 2) with a.
275    103    11         18.0630    27.0196    49.5848    % 
UB: 27.019565217391303
branching on CartesianIndex(2, 2) with a.
276    104    11         18.0630    27.0196    49.5848    % 
LB close or above UB, fathomed
277    103    9          18.0630    27.0196    49.5848    % 
LB close or above UB, fathomed
278    102    8          18.0630    27.0196    49.5848    % 
LB close or above UB, fathomed
279    101    22         18.0630    27.0196    49.5848    % 
UB: 27.019565217391303
branching on CartesianIndex(4, 3) with a.
280    102    23         18.0630    27.0196    49.5848    % 
UB: 27.019565217391303
branching on CartesianIndex(5, 3) with a.
281    103    24         18.0630    27.0196    49.5848    % 
UB: 27.019565217391303
branching on CartesianIndex(6, 3) with a.
282    104    25         18.0630    27.0196    49.5848    % 
UB: 27.019565217391303
branching on CartesianIndex(1, 4) with c.
283    105    26         18.0630    27.0196    49.5848    % 
LB close or above UB, fathomed
284    104    26         18.0630    27.0196    49.5848    % 
UB: 27.019565217391303
branching on CartesianIndex(1, 5) with c.
285    105    27         18.0630    27.0196    49.5848    % 
UB: 27.019565217391303
branching on CartesianIndex(2, 5) with c.
286    106    28         18.0630    27.0196    49.5848    % 
UB: 27.019565217391303
branching on CartesianIndex(1, 6) with c.
287    107    29         18.0630    27.0196    49.5848    % 
LB close or above UB, fathomed
288    106    29         18.0630    27.0196    49.5848    % 
UB: 27.019565217391303
branching on CartesianIndex(1, 7) with c.
289    107    30         18.0630    27.0196    49.5848    % 
UB: 27.019565217391303
branching on 1 with b.
290    108    31         18.0630    27.0196    49.5848    % 
UB: 27.019565217391303
branching on CartesianIndex(2, 7) with c.
291    109    31         18.0630    27.0196    49.5848    % 
UB: 27.019565217391303
branching on 2 with b.
292    110    32         18.0630    27.0196    49.5848    % 
LB close or above UB, fathomed
293    109    32         18.0630    27.0196    49.5848    % 
UB: 27.019565217391303
branching on CartesianIndex(2, 7) with c.
294    110    33         18.0630    27.0196    49.5848    % 
LB close or above UB, fathomed
295    109    33         18.0630    27.0196    49.5848    % 
UB: 27.019565217391303
branching on 3 with b.
296    110    34         18.0630    27.0196    49.5848    % 
UB: 27.019565217391303
branching on 1 with b.
297    111    35         18.0630    27.0196    49.5848    % 
UB: 27.019565217391303
branching on 2 with b.
298    112    36         18.0630    27.0196    49.5848    % 
UB: 27.019565217391303
branching on 3 with b.
299    113    37         18.0630    27.0196    49.5848    % 
UB: 27.019565217391303
branching on 1 with b.
300    114    38         18.0630    27.0196    49.5848    % 
UB: 27.019565217391303
branching on 2 with b.
301    115    39         18.0630    27.0196    49.5848    % 
UB: 27.019565217391303
branching on 3 with b.
302    116    40         18.0630    27.0196    49.5848    % 
UB: 27.019565217391303
branching on 1 with b.
303    117    40         18.0630    27.0196    49.5848    % 
UB: 24.03405797101449
branching on 1 with b.
304    118    41         18.0630    24.0341    33.0565    % 
LB close or above UB, fathomed
305    85     41         18.0630    24.0341    33.0565    % 
LB close or above UB, fathomed
306    84     39         18.0630    24.0341    33.0565    % 
UB: 24.03405797101449
branching on 3 with b.
307    85     40         18.0630    24.0341    33.0565    % 
UB: 24.03405797101449
branching on 1 with b.
308    86     40         18.0630    24.0341    33.0565    % 
UB: 24.03405797101449
branching on 1 with b.
309    87     41         18.0630    24.0341    33.0565    % 
LB close or above UB, fathomed
310    86     41         18.0630    24.0341    33.0565    % 
LB close or above UB, fathomed
311    85     38         18.0630    24.0341    33.0565    % 
LB close or above UB, fathomed
312    84     37         18.0630    24.0341    33.0565    % 
UB: 24.03405797101449
branching on 1 with b.
313    85     38         18.0630    24.0341    33.0565    % 
UB: 24.03405797101449
branching on 2 with b.
314    86     39         18.0630    24.0341    33.0565    % 
UB: 24.03405797101449
branching on 3 with b.
315    86     40         18.0630    24.0341    33.0565    % 
UB: 24.03405797101449
branching on 1 with b.
316    87     41         18.0630    24.0341    33.0565    % 
LB close or above UB, fathomed
317    86     41         18.0630    24.0341    33.0565    % 
LB close or above UB, fathomed
318    85     39         18.0630    24.0341    33.0565    % 
UB: 24.03405797101449
branching on 3 with b.
319    85     40         18.0630    24.0341    33.0565    % 
UB: 24.03405797101449
branching on 1 with b.
320    86     41         18.0630    24.0341    33.0565    % 
LB close or above UB, fathomed
321    85     41         18.0630    24.0341    33.0565    % 
LB close or above UB, fathomed
322    84     38         18.0630    24.0341    33.0565    % 
LB close or above UB, fathomed
323    83     36         18.0630    24.0341    33.0565    % 
LB close or above UB, fathomed
324    82     35         18.0630    24.0341    33.0565    % 
LB close or above UB, fathomed
325    81     34         18.0630    24.0341    33.0565    % 
LB close or above UB, fathomed
326    80     30         18.0630    24.0341    33.0565    % 
LB close or above UB, fathomed
327    79     28         18.0630    24.0341    33.0565    % 
LB close or above UB, fathomed
328    78     27         18.0630    24.0341    33.0565    % 
LB close or above UB, fathomed
329    77     25         18.0630    24.0341    33.0565    % 
LB close or above UB, fathomed
330    76     24         18.0630    24.0341    33.0565    % 
LB close or above UB, fathomed
331    75     23         18.0630    24.0341    33.0565    % 
LB close or above UB, fathomed
332    74     22         18.0630    24.0341    33.0565    % 
LB close or above UB, fathomed
333    73     19         18.0630    24.0341    33.0565    % 
UB: 24.03405797101449
branching on CartesianIndex(3, 3) with a.
334    74     19         18.0630    24.0341    33.0565    % 
LB close or above UB, fathomed
335    73     16         18.0630    24.0341    33.0565    % 
UB: 24.03405797101449
branching on CartesianIndex(2, 3) with a.
336    74     17         18.0630    24.0341    33.0565    % 
UB: 24.03405797101449
branching on CartesianIndex(3, 3) with a.
337    75     18         18.0630    24.0341    33.0565    % 
UB: 24.03405797101449
branching on CartesianIndex(4, 3) with a.
338    76     19         18.0630    24.0341    33.0565    % 
UB: 24.03405797101449
branching on CartesianIndex(5, 3) with a.
339    77     20         18.0630    24.0341    33.0565    % 
UB: 24.03405797101449
branching on CartesianIndex(6, 3) with a.
340    78     20         18.0630    24.0341    33.0565    % 
LB close or above UB, fathomed
341    77     19         18.0630    24.0341    33.0565    % 
LB close or above UB, fathomed
342    76     18         18.0630    24.0341    33.0565    % 
LB close or above UB, fathomed
343    75     17         18.0630    24.0341    33.0565    % 
LB close or above UB, fathomed
344    74     16         18.0630    24.0341    33.0565    % 
LB close or above UB, fathomed
345    73     17         18.0630    24.0341    33.0565    % 
UB: 24.03405797101449
branching on CartesianIndex(1, 3) with a.
346    74     18         18.0630    24.0341    33.0565    % 
UB: 24.03405797101449
branching on CartesianIndex(2, 3) with a.
347    75     19         18.0630    24.0341    33.0565    % 
UB: 24.03405797101449
branching on CartesianIndex(3, 3) with a.
348    76     20         18.0630    24.0341    33.0565    % 
UB: 24.03405797101449
branching on CartesianIndex(4, 3) with a.
349    77     21         18.0630    24.0341    33.0565    % 
UB: 24.03405797101449
branching on CartesianIndex(5, 3) with a.
350    78     22         18.0630    24.0341    33.0565    % 
UB: 24.03405797101449
branching on 2 with b.
351    79     22         18.0630    24.0341    33.0565    % 
LB close or above UB, fathomed
352    78     21         18.0630    24.0341    33.0565    % 
LB close or above UB, fathomed
353    77     20         18.0630    24.0341    33.0565    % 
LB close or above UB, fathomed
354    76     19         18.0630    24.0341    33.0565    % 
LB close or above UB, fathomed
355    75     18         18.0630    24.0341    33.0565    % 
LB close or above UB, fathomed
356    74     17         18.0630    24.0341    33.0565    % 
LB close or above UB, fathomed
357    73     18         18.0630    24.0341    33.0565    % 
UB: 24.03405797101449
branching on CartesianIndex(2, 3) with a.
358    74     19         18.0630    24.0341    33.0565    % 
UB: 24.03405797101449
branching on CartesianIndex(3, 3) with a.
359    75     20         18.0630    24.0341    33.0565    % 
UB: 24.03405797101449
branching on CartesianIndex(4, 3) with a.
360    76     21         18.0630    24.0341    33.0565    % 
UB: 24.03405797101449
branching on CartesianIndex(5, 3) with a.
361    77     22         18.0630    24.0341    33.0565    % 
UB: 24.03405797101449
branching on CartesianIndex(6, 3) with a.
362    78     23         18.0630    24.0341    33.0565    % 
UB: 24.03405797101449
branching on CartesianIndex(1, 4) with c.
363    79     24         18.0630    24.0341    33.0565    % 
LB close or above UB, fathomed
364    78     24         18.0630    24.0341    33.0565    % 
UB: 24.03405797101449
branching on 3 with b.
365    79     25         18.0630    24.0341    33.0565    % 
UB: 24.03405797101449
branching on 1 with b.
366    80     26         18.0630    24.0341    33.0565    % 
LB close or above UB, fathomed
367    79     26         18.0630    24.0341    33.0565    % 
UB: 24.03405797101449
branching on CartesianIndex(1, 5) with c.
368    80     27         18.0630    24.0341    33.0565    % 
UB: 24.03405797101449
branching on CartesianIndex(2, 5) with c.
369    81     28         18.0630    24.0341    33.0565    % 
UB: 24.03405797101449
branching on 2 with b.
370    82     29         18.0630    24.0341    33.0565    % 
LB close or above UB, fathomed
371    81     29         18.0630    24.0341    33.0565    % 
UB: 24.03405797101449
branching on CartesianIndex(1, 6) with c.
372    82     28         18.0630    24.0341    33.0565    % 
LB close or above UB, fathomed
373    81     27         18.0630    24.0341    33.0565    % 
LB close or above UB, fathomed
374    80     25         18.0630    24.0341    33.0565    % 
LB close or above UB, fathomed
375    79     23         18.0630    24.0341    33.0565    % 
LB close or above UB, fathomed
376    78     22         18.0630    24.0341    33.0565    % 
LB close or above UB, fathomed
377    77     21         18.0630    24.0341    33.0565    % 
LB close or above UB, fathomed
378    76     20         18.0630    24.0341    33.0565    % 
LB close or above UB, fathomed
379    75     19         18.0630    24.0341    33.0565    % 
LB close or above UB, fathomed
380    74     18         18.0630    24.0341    33.0565    % 
LB close or above UB, fathomed
381    73     21         18.0630    24.0341    33.0565    % 
UB: 24.03405797101449
branching on 1 with b.
382    74     22         18.0630    24.0341    33.0565    % 
UB: 24.03405797101449
branching on CartesianIndex(1, 4) with c.
383    75     23         18.0630    24.0341    33.0565    % 
LB close or above UB, fathomed
384    74     23         18.0630    24.0341    33.0565    % 
UB: 24.03405797101449
branching on 2 with b.
385    75     24         18.0630    24.0341    33.0565    % 
UB: 24.03405797101449
branching on CartesianIndex(1, 5) with c.
386    76     24         18.0630    24.0341    33.0565    % 
LB close or above UB, fathomed
387    75     22         18.0630    24.0341    33.0565    % 
LB close or above UB, fathomed
388    74     21         18.0630    24.0341    33.0565    % 
LB close or above UB, fathomed
389    73     20         18.0630    24.0341    33.0565    % 
UB: 24.03405797101449
branching on CartesianIndex(4, 3) with a.
390    74     20         18.0630    24.0341    33.0565    % 
LB close or above UB, fathomed
391    73     21         18.0630    24.0341    33.0565    % 
UB: 24.03405797101449
branching on CartesianIndex(5, 3) with a.
392    74     22         18.0630    24.0341    33.0565    % 
UB: 24.03405797101449
branching on CartesianIndex(6, 3) with a.
393    75     22         18.0630    24.0341    33.0565    % 
LB close or above UB, fathomed
394    74     21         18.0630    24.0341    33.0565    % 
LB close or above UB, fathomed
395    73     23         18.0630    24.0341    33.0565    % 
UB: 24.03405797101449
branching on CartesianIndex(6, 3) with a.
396    74     23         18.0630    24.0341    33.0565    % 
LB close or above UB, fathomed
397    73     23         18.0630    24.0341    33.0565    % 
UB: 24.03405797101449
branching on 3 with b.
398    74     24         18.0630    24.0341    33.0565    % 
UB: 24.03405797101449
branching on CartesianIndex(1, 4) with c.
399    75     24         18.0630    24.0341    33.0565    % 
LB close or above UB, fathomed
400    74     23         18.0630    24.0341    33.0565    % 
LB close or above UB, fathomed
401    73     25         18.0630    24.0341    33.0565    % 
LB close or above UB, fathomed
402    72     25         18.0630    24.0341    33.0565    % 
UB: 24.03405797101449
branching on CartesianIndex(1, 5) with c.
403    73     26         18.0630    24.0341    33.0565    % 
UB: 24.03405797101449
branching on CartesianIndex(2, 5) with c.
404    74     26         18.0630    24.0341    33.0565    % 
LB close or above UB, fathomed
405    73     27         18.0630    24.0341    33.0565    % 
UB: 24.03405797101449
branching on CartesianIndex(1, 6) with c.
406    74     28         18.0630    24.0341    33.0565    % 
LB close or above UB, fathomed
407    73     28         18.0630    24.0341    33.0565    % 
UB: 24.03405797101449
branching on CartesianIndex(1, 7) with c.
408    74     29         18.0630    24.0341    33.0565    % 
UB: 24.03405797101449
branching on CartesianIndex(2, 7) with c.
409    75     30         18.0630    24.0341    33.0565    % 
LB close or above UB, fathomed
410    74     30         18.0630    24.0341    33.0565    % 
UB: 24.03405797101449
branching on 1 with b.
411    75     31         18.0630    24.0341    33.0565    % 
UB: 24.03405797101449
branching on 2 with b.
412    76     32         18.0630    24.0341    33.0565    % 
LB close or above UB, fathomed
413    75     32         18.0630    24.0341    33.0565    % 
UB: 24.03405797101449
branching on 3 with b.
414    76     33         18.0630    24.0341    33.0565    % 
UB: 24.03405797101449
branching on 1 with b.
415    77     34         18.0630    24.0341    33.0565    % 
UB: 24.03405797101449
branching on 2 with b.
416    78     35         18.0630    24.0341    33.0565    % 
UB: 24.03405797101449
branching on 3 with b.
417    79     36         18.0630    24.0341    33.0565    % 
UB: 24.03405797101449
branching on 1 with b.
418    80     37         18.0630    24.0341    33.0565    % 
UB: 24.03405797101449
branching on 2 with b.
419    81     38         18.0630    24.0341    33.0565    % 
UB: 21.04855072463768
branching on 3 with b.
420    82     39         18.0630    21.0486    16.5283    % 
LB close or above UB, fathomed
421    11     39         18.0630    21.0486    16.5283    % 
UB: 18.06304347826087
branching on 1 with b.
422    12     40         18.0630    18.0630    -0.0000    % 
LB close or above UB, fathomed
all node solved
solved nodes:  423
423                                                   2.1049e+01     1.8063e+01     -16.5283 % 
7×3 Matrix{Float64}:
 0.0  1.0  0.0
 0.0  0.0  0.0
 0.0  0.0  0.0
 0.0  0.0  0.0
 0.0  0.0  0.0
 0.0  0.0  1.0
 1.0  0.0  0.0
3-element Vector{Float64}:
 0.573840781801985
 0.26454409177206906
 0.17517372891015576
3×7 Matrix{Float64}:
 0.0  0.0  0.0  0.0  1.0  0.0  0.0
 0.0  0.0  0.0  0.0  0.0  1.0  1.0
 0.0  0.0  0.0  1.0  0.0  0.0  0.0
3-element Vector{Float64}:
 1.0
 1.0
 1.0
7×3 Matrix{Float64}:
 1.0  0.0  0.0
 0.0  0.0  0.0
 0.0  0.0  0.0
 0.0  0.0  0.0
 0.0  0.0  0.0
 0.0  0.0  0.0
 0.0  1.0  1.0
3-element Vector{Float64}:
 0.26335130493031
 0.15415842585079104
 0.5524122089016066
3×7 Matrix{Float64}:
 0.0  0.0  0.0  1.0  0.0  1.0  0.0
 0.0  0.0  0.0  0.0  0.0  0.0  1.0
 0.0  0.0  0.0  0.0  1.0  0.0  0.0
3-element Vector{Float64}:
 1.0
 1.0
 1.0
comparison (CRT and Glb)on prediction: Dict{Bool, Int64}(0 => 3, 1 => 50)
Dataname	 time	 objv	 lb	 gap	 train_w	 train_g	 test_w	 test_g
seeds_903.seeds	 76.74	 18.06304347826087	 21.049	 -0.1653	 91.503	 96.078	 92.453	 90.566
