Running 6 processes.
Start training seeds_281.seeds with seed 1.
Any[]
(7, 206)
(7, 103)
(7, 52)
(7, 51)
dimension: 7, class: 3
cart cost: 35.4642857142857
size of X: (7, 155)
ngroups: 6
UB: 26.635714285714286
Iter	left	lev	LB	UB	gap	
0      0      1          0.1413     26.6357    18751.7613 % 
UB: 26.635714285714286
branching on 1 with d.
1      1      2          0.1413     26.6357    18751.7613 % 
LB close or above UB, fathomed
2      0      2          0.1413     26.6357    18751.7613 % 
UB: 26.635714285714286
branching on 2 with d.
3      1      3          0.1413     26.6357    18751.7613 % 
UB: 26.635714285714286
branching on 3 with d.
4      2      3          0.1413     26.6357    18751.7613 % 
UB: 26.635714285714286
branching on 3 with d.
5      3      4          0.1413     26.6357    18751.7613 % 
UB: 26.635714285714286
branching on CartesianIndex(1, 1) with a.
6      4      4          0.1413     26.6357    18751.7613 % 
UB: 26.635714285714286
branching on CartesianIndex(1, 1) with a.
7      5      5          0.1500     26.6357    17657.1429 % 
UB: 26.635714285714286
branching on 1 with b.
8      6      6          0.1500     26.6357    17657.1429 % 
UB: 26.635714285714286
branching on CartesianIndex(2, 1) with a.
9      7      6          0.1500     26.6357    17657.1429 % 
UB: 26.635714285714286
branching on 1 with b.
10     8      5          0.1500     26.6357    17657.1429 % 
UB: 26.635714285714286
branching on CartesianIndex(1, 2) with a.
11     9      6          3.0929     26.6357    761.2009   % 
UB: 26.635714285714286
branching on 1 with b.
12     10     7          3.0929     26.6357    761.2009   % 
UB: 26.635714285714286
branching on 1 with b.
13     11     8          3.0929     26.6357    761.2009   % 
UB: 26.635714285714286
branching on CartesianIndex(2, 2) with a.
14     12     8          3.0929     26.6357    761.2009   % 
UB: 26.635714285714286
branching on CartesianIndex(2, 2) with a.
15     13     9          3.0929     26.6357    761.2009   % 
UB: 26.635714285714286
branching on CartesianIndex(3, 2) with a.
16     14     10         3.0929     26.6357    761.2009   % 
UB: 26.635714285714286
branching on 2 with b.
17     15     11         3.0929     26.6357    761.2009   % 
UB: 26.635714285714286
branching on 3 with b.
18     16     12         3.0929     26.6357    761.2009   % 
UB: 26.635714285714286
branching on 1 with b.
19     17     12         3.0929     26.6357    761.2009   % 
UB: 26.635714285714286
branching on CartesianIndex(4, 2) with a.
20     18     11         3.0929     26.6357    761.2009   % 
LB close or above UB, fathomed
21     17     10         3.0929     26.6357    761.2009   % 
LB close or above UB, fathomed
22     16     9          3.0929     26.6357    761.2009   % 
UB: 26.635714285714286
branching on CartesianIndex(1, 3) with a.
23     17     7          3.0929     26.6357    761.2009   % 
LB close or above UB, fathomed
24     16     6          3.0929     26.6357    761.2009   % 
UB: 26.635714285714286
branching on CartesianIndex(1, 3) with a.
25     17     7          3.0929     26.6357    761.2009   % 
UB: 26.635714285714286
branching on 1 with b.
26     18     7          3.0929     26.6357    761.2009   % 
UB: 26.635714285714286
branching on 1 with b.
27     19     8          3.0929     26.6357    761.2009   % 
UB: 26.635714285714286
branching on CartesianIndex(1, 2) with a.
28     20     8          3.0929     26.6357    761.2009   % 
UB: 26.635714285714286
branching on 2 with b.
29     21     9          3.0929     26.6357    761.2009   % 
UB: 26.635714285714286
branching on CartesianIndex(1, 2) with a.
30     22     9          3.0929     26.6357    761.2009   % 
UB: 26.635714285714286
branching on CartesianIndex(1, 2) with a.
31     23     10         6.0357     26.6357    341.3018   % 
UB: 26.635714285714286
branching on CartesianIndex(2, 2) with a.
32     24     11         6.0357     26.6357    341.3018   % 
UB: 26.635714285714286
branching on 3 with b.
33     25     12         6.0357     26.6357    341.3018   % 
UB: 26.635714285714286
branching on CartesianIndex(3, 2) with a.
34     26     12         6.0357     26.6357    341.3018   % 
UB: 26.635714285714286
branching on CartesianIndex(3, 2) with a.
35     27     13         6.0357     26.6357    341.3018   % 
UB: 26.635714285714286
branching on CartesianIndex(4, 2) with a.
36     28     14         6.0357     26.6357    341.3018   % 
UB: 26.635714285714286
branching on CartesianIndex(5, 2) with a.
37     29     15         6.0357     26.6357    341.3018   % 
UB: 26.635714285714286
branching on CartesianIndex(6, 2) with a.
38     30     16         6.0357     26.6357    341.3018   % 
UB: 26.635714285714286
branching on CartesianIndex(1, 3) with a.
39     31     16         6.0357     26.6357    341.3018   % 
UB: 26.635714285714286
branching on CartesianIndex(1, 3) with a.
40     32     15         6.0357     26.6357    341.3018   % 
UB: 26.635714285714286
branching on CartesianIndex(1, 3) with a.
41     33     14         6.0357     26.6357    341.3018   % 
UB: 26.635714285714286
branching on 1 with b.
42     34     13         6.0357     26.6357    341.3018   % 
LB close or above UB, fathomed
43     33     11         6.0357     26.6357    341.3018   % 
UB: 26.635714285714286
branching on 3 with b.
44     34     10         6.0357     26.6357    341.3018   % 
UB: 26.635714285714286
branching on 3 with b.
45     35     8          6.0357     26.6357    341.3018   % 
LB close or above UB, fathomed
46     34     8          6.0357     26.6357    341.3018   % 
UB: 26.635714285714286
branching on 2 with b.
47     35     9          6.0357     26.6357    341.3018   % 
UB: 26.635714285714286
branching on 3 with b.
48     36     10         6.0357     26.6357    341.3018   % 
UB: 26.635714285714286
branching on 1 with b.
49     37     11         6.0357     26.6357    341.3018   % 
UB: 26.635714285714286
branching on CartesianIndex(3, 1) with a.
50     38     11         6.0357     26.6357    341.3018   % 
UB: 26.635714285714286
branching on CartesianIndex(3, 1) with a.
51     39     12         6.0357     26.6357    341.3018   % 
UB: 26.635714285714286
branching on CartesianIndex(4, 1) with a.
52     40     13         6.0357     26.6357    341.3018   % 
UB: 26.635714285714286
branching on CartesianIndex(5, 1) with a.
53     41     13         6.0357     26.6357    341.3018   % 
UB: 26.635714285714286
branching on CartesianIndex(1, 2) with a.
54     42     14         6.0357     26.6357    341.3018   % 
UB: 26.635714285714286
branching on CartesianIndex(2, 2) with a.
55     43     14         6.0357     26.6357    341.3018   % 
LB close or above UB, fathomed
56     42     12         6.0357     26.6357    341.3018   % 
LB close or above UB, fathomed
57     41     10         6.0357     26.6357    341.3018   % 
UB: 26.635714285714286
branching on CartesianIndex(3, 1) with a.
58     42     11         6.0357     26.6357    341.3018   % 
UB: 26.635714285714286
branching on CartesianIndex(4, 1) with a.
59     43     12         6.0357     26.6357    341.3018   % 
UB: 26.635714285714286
branching on CartesianIndex(5, 1) with a.
60     44     12         6.0357     26.6357    341.3018   % 
UB: 26.635714285714286
branching on 1 with b.
61     45     13         6.0357     26.6357    341.3018   % 
UB: 26.635714285714286
branching on CartesianIndex(1, 2) with a.
62     46     13         6.0357     26.6357    341.3018   % 
UB: 26.635714285714286
branching on CartesianIndex(1, 2) with a.
63     47     11         6.0357     26.6357    341.3018   % 
LB close or above UB, fathomed
64     46     9          6.0357     26.6357    341.3018   % 
UB: 26.635714285714286
branching on 3 with b.
65     47     13         6.0357     26.6357    341.3018   % 
UB: 26.635714285714286
branching on 1 with b.
66     48     14         6.0357     26.6357    341.3018   % 
UB: 26.635714285714286
branching on CartesianIndex(5, 2) with a.
67     49     15         6.0357     26.6357    341.3018   % 
UB: 26.635714285714286
branching on CartesianIndex(6, 2) with a.
68     50     16         6.0357     26.6357    341.3018   % 
UB: 26.635714285714286
branching on 2 with b.
69     51     16         6.0357     26.6357    341.3018   % 
UB: 26.635714285714286
branching on CartesianIndex(1, 3) with a.
70     52     15         6.0357     26.6357    341.3018   % 
UB: 26.635714285714286
branching on CartesianIndex(1, 3) with a.
71     53     14         6.0357     26.6357    341.3018   % 
LB close or above UB, fathomed
72     52     13         6.0357     26.6357    341.3018   % 
UB: 26.635714285714286
branching on CartesianIndex(1, 3) with a.
73     53     14         8.9786     26.6357    196.6587   % 
UB: 26.635714285714286
branching on CartesianIndex(2, 2) with a.
74     54     14         8.9786     26.6357    196.6587   % 
UB: 26.635714285714286
branching on CartesianIndex(1, 3) with a.
75     55     13         8.9786     26.6357    196.6587   % 
UB: 26.635714285714286
branching on 1 with b.
76     56     14         8.9786     26.6357    196.6587   % 
UB: 26.635714285714286
branching on CartesianIndex(4, 2) with a.
77     57     15         8.9786     26.6357    196.6587   % 
UB: 26.635714285714286
branching on CartesianIndex(5, 2) with a.
78     58     16         8.9786     26.6357    196.6587   % 
UB: 26.635714285714286
branching on CartesianIndex(6, 2) with a.
79     59     17         8.9786     26.6357    196.6587   % 
UB: 26.635714285714286
branching on 2 with b.
80     60     17         8.9786     26.6357    196.6587   % 
UB: 26.635714285714286
branching on CartesianIndex(1, 3) with a.
81     61     16         8.9786     26.6357    196.6587   % 
UB: 26.635714285714286
branching on CartesianIndex(1, 3) with a.
82     62     15         8.9786     26.6357    196.6587   % 
UB: 26.635714285714286
branching on CartesianIndex(1, 3) with a.
83     63     14         8.9786     26.6357    196.6587   % 
LB close or above UB, fathomed
84     62     13         8.9786     26.6357    196.6587   % 
LB close or above UB, fathomed
85     61     13         8.9786     26.6357    196.6587   % 
UB: 26.635714285714286
branching on CartesianIndex(4, 2) with a.
86     62     14         8.9786     26.6357    196.6587   % 
UB: 26.635714285714286
branching on CartesianIndex(5, 2) with a.
87     63     15         8.9786     26.6357    196.6587   % 
UB: 26.635714285714286
branching on CartesianIndex(6, 2) with a.
88     64     16         8.9786     26.6357    196.6587   % 
UB: 26.635714285714286
branching on 2 with b.
89     65     16         8.9786     26.6357    196.6587   % 
UB: 26.635714285714286
branching on 2 with b.
90     66     15         8.9786     26.6357    196.6587   % 
LB close or above UB, fathomed
91     65     14         8.9786     26.6357    196.6587   % 
LB close or above UB, fathomed
92     64     13         8.9786     26.6357    196.6587   % 
UB: 26.635714285714286
branching on CartesianIndex(4, 2) with a.
93     65     13         8.9786     26.6357    196.6587   % 
UB: 26.635714285714286
branching on CartesianIndex(6, 1) with a.
94     66     13         8.9786     26.6357    196.6587   % 
UB: 26.635714285714286
branching on CartesianIndex(1, 2) with a.
95     67     14         8.9786     26.6357    196.6587   % 
UB: 26.635714285714286
branching on 1 with b.
96     68     14         8.9786     26.6357    196.6587   % 
UB: 26.635714285714286
branching on CartesianIndex(1, 3) with a.
97     69     14         8.9786     26.6357    196.6587   % 
UB: 26.635714285714286
branching on CartesianIndex(6, 1) with a.
98     70     14         8.9786     26.6357    196.6587   % 
UB: 26.635714285714286
branching on CartesianIndex(1, 2) with a.
99     71     15         8.9786     26.6357    196.6587   % 
UB: 26.635714285714286
branching on CartesianIndex(2, 2) with a.
100    72     15         8.9786     26.6357    196.6587   % 
LB close or above UB, fathomed
101    71     17         8.9786     26.6357    196.6587   % 
UB: 26.635714285714286
branching on CartesianIndex(2, 3) with a.
102    72     18         8.9786     26.6357    196.6587   % 
UB: 26.635714285714286
branching on 1 with b.
103    73     19         8.9786     26.6357    196.6587   % 
UB: 26.635714285714286
branching on CartesianIndex(3, 3) with a.
104    74     20         8.9786     26.6357    196.6587   % 
UB: 26.635714285714286
branching on CartesianIndex(4, 3) with a.
105    75     21         8.9786     26.6357    196.6587   % 
UB: 26.635714285714286
branching on CartesianIndex(5, 3) with a.
106    76     22         8.9786     26.6357    196.6587   % 
UB: 26.635714285714286
branching on CartesianIndex(6, 3) with a.
107    77     23         8.9786     26.6357    196.6587   % 
UB: 26.635714285714286
branching on CartesianIndex(1, 4) with c.
108    78     24         8.9786     26.6357    196.6587   % 
LB close or above UB, fathomed
109    77     24         8.9786     26.6357    196.6587   % 
UB: 26.635714285714286
branching on CartesianIndex(1, 5) with c.
110    78     25         8.9786     26.6357    196.6587   % 
UB: 26.635714285714286
branching on CartesianIndex(2, 5) with c.
111    79     26         8.9786     26.6357    196.6587   % 
UB: 26.635714285714286
branching on CartesianIndex(1, 6) with c.
112    80     27         8.9786     26.6357    196.6587   % 
LB close or above UB, fathomed
113    79     27         8.9786     26.6357    196.6587   % 
UB: 26.635714285714286
branching on CartesianIndex(1, 7) with c.
114    80     28         8.9786     26.6357    196.6587   % 
UB: 26.635714285714286
branching on 2 with b.
115    81     29         8.9786     26.6357    196.6587   % 
UB: 26.635714285714286
branching on 3 with b.
116    82     30         8.9786     26.6357    196.6587   % 
UB: 26.635714285714286
branching on CartesianIndex(2, 7) with c.
117    83     31         8.9786     26.6357    196.6587   % 
LB close or above UB, fathomed
118    82     31         8.9786     26.6357    196.6587   % 
UB: 26.635714285714286
branching on 1 with b.
119    83     32         8.9786     26.6357    196.6587   % 
UB: 26.635714285714286
branching on 2 with b.
120    84     32         8.9786     26.6357    196.6587   % 
UB: 26.635714285714286
branching on 2 with b.
121    85     30         8.9786     26.6357    196.6587   % 
LB close or above UB, fathomed
122    84     29         8.9786     26.6357    196.6587   % 
LB close or above UB, fathomed
123    83     28         8.9786     26.6357    196.6587   % 
LB close or above UB, fathomed
124    82     26         8.9786     26.6357    196.6587   % 
LB close or above UB, fathomed
125    81     25         8.9786     26.6357    196.6587   % 
LB close or above UB, fathomed
126    80     23         8.9786     26.6357    196.6587   % 
LB close or above UB, fathomed
127    79     22         8.9786     26.6357    196.6587   % 
LB close or above UB, fathomed
128    78     21         8.9786     26.6357    196.6587   % 
UB: 26.635714285714286
branching on 2 with b.
129    79     20         8.9786     26.6357    196.6587   % 
LB close or above UB, fathomed
130    78     19         8.9786     26.6357    196.6587   % 
LB close or above UB, fathomed
131    77     18         8.9786     26.6357    196.6587   % 
UB: 26.635714285714286
branching on CartesianIndex(1, 4) with c.
132    78     17         8.9786     26.6357    196.6587   % 
UB: 26.635714285714286
branching on CartesianIndex(1, 4) with c.
133    79     19         11.9214    26.6357    123.4272   % 
LB close or above UB, fathomed
134    78     19         11.9214    26.6357    123.4272   % 
UB: 26.635714285714286
branching on CartesianIndex(1, 5) with c.
135    79     20         11.9214    26.6357    123.4272   % 
UB: 26.635714285714286
branching on CartesianIndex(2, 5) with c.
136    80     21         11.9214    26.6357    123.4272   % 
UB: 26.635714285714286
branching on CartesianIndex(1, 6) with c.
137    81     22         11.9214    26.6357    123.4272   % 
LB close or above UB, fathomed
138    80     22         11.9214    26.6357    123.4272   % 
UB: 26.635714285714286
branching on CartesianIndex(1, 7) with c.
139    81     23         11.9214    26.6357    123.4272   % 
UB: 26.635714285714286
branching on CartesianIndex(2, 7) with c.
140    82     24         11.9214    26.6357    123.4272   % 
LB close or above UB, fathomed
141    81     24         11.9214    26.6357    123.4272   % 
UB: 26.635714285714286
branching on 1 with b.
142    82     25         11.9214    26.6357    123.4272   % 
UB: 26.635714285714286
branching on 2 with b.
143    83     26         11.9214    26.6357    123.4272   % 
UB: 26.635714285714286
branching on 3 with b.
144    84     27         11.9214    26.6357    123.4272   % 
UB: 26.635714285714286
branching on 1 with b.
145    85     28         11.9214    26.6357    123.4272   % 
UB: 26.635714285714286
branching on 2 with b.
146    86     28         11.9214    26.6357    123.4272   % 
UB: 26.635714285714286
branching on 2 with b.
147    87     27         11.9214    26.6357    123.4272   % 
LB close or above UB, fathomed
148    86     26         11.9214    26.6357    123.4272   % 
LB close or above UB, fathomed
149    85     25         11.9214    26.6357    123.4272   % 
LB close or above UB, fathomed
150    84     23         11.9214    26.6357    123.4272   % 
LB close or above UB, fathomed
151    83     21         11.9214    26.6357    123.4272   % 
LB close or above UB, fathomed
152    82     20         11.9214    26.6357    123.4272   % 
LB close or above UB, fathomed
153    81     33         11.9214    26.6357    123.4272   % 
UB: 26.635714285714286
branching on 3 with b.
154    82     33         11.9214    26.6357    123.4272   % 
UB: 26.635714285714286
branching on 3 with b.
155    83     34         11.9214    26.6357    123.4272   % 
UB: 26.635714285714286
branching on 1 with b.
156    84     35         11.9214    26.6357    123.4272   % 
UB: 26.635714285714286
branching on 2 with b.
157    85     35         11.9214    26.6357    123.4272   % 
UB: 26.635714285714286
branching on 2 with b.
158    86     36         11.9214    26.6357    123.4272   % 
UB: 26.635714285714286
branching on 3 with b.
159    87     36         11.9214    26.6357    123.4272   % 
UB: 26.635714285714286
branching on 3 with b.
160    88     34         11.9214    26.6357    123.4272   % 
UB: 26.635714285714286
branching on 1 with b.
161    89     15         11.9214    26.6357    123.4272   % 
UB: 26.635714285714286
branching on CartesianIndex(2, 2) with a.
162    90     16         11.9214    26.6357    123.4272   % 
UB: 26.635714285714286
branching on CartesianIndex(3, 2) with a.
163    91     16         11.9214    26.6357    123.4272   % 
UB: 26.635714285714286
branching on CartesianIndex(1, 3) with a.
164    92     15         11.9214    26.6357    123.4272   % 
UB: 26.635714285714286
branching on CartesianIndex(2, 2) with a.
165    93     16         11.9214    26.6357    123.4272   % 
UB: 26.635714285714286
branching on CartesianIndex(3, 2) with a.
166    94     17         11.9214    26.6357    123.4272   % 
UB: 26.635714285714286
branching on 2 with b.
167    95     17         11.9214    26.6357    123.4272   % 
LB close or above UB, fathomed
168    94     16         11.9214    26.6357    123.4272   % 
UB: 26.635714285714286
branching on CartesianIndex(1, 3) with a.
169    95     18         11.9214    26.6357    123.4272   % 
UB: 26.635714285714286
branching on CartesianIndex(1, 3) with a.
170    96     18         11.9214    26.6357    123.4272   % 
LB close or above UB, fathomed
171    95     15         11.9214    26.6357    123.4272   % 
UB: 26.635714285714286
branching on CartesianIndex(3, 2) with a.
172    96     15         11.9214    26.6357    123.4272   % 
UB: 26.635714285714286
branching on CartesianIndex(1, 3) with a.
173    97     17         11.9214    26.6357    123.4272   % 
UB: 26.635714285714286
branching on CartesianIndex(1, 3) with a.
174    98     18         11.9214    26.6357    123.4272   % 
UB: 26.635714285714286
branching on CartesianIndex(2, 3) with a.
175    99     18         11.9214    26.6357    123.4272   % 
UB: 26.635714285714286
branching on 3 with b.
176    100    17         11.9214    26.6357    123.4272   % 
LB close or above UB, fathomed
177    99     12         11.9214    26.6357    123.4272   % 
UB: 26.635714285714286
branching on 2 with b.
178    100    13         11.9214    26.6357    123.4272   % 
UB: 26.635714285714286
branching on CartesianIndex(4, 1) with a.
179    101    14         11.9214    26.6357    123.4272   % 
UB: 26.635714285714286
branching on CartesianIndex(5, 1) with a.
180    102    15         11.9214    26.6357    123.4272   % 
LB close or above UB, fathomed
181    101    15         11.9214    26.6357    123.4272   % 
UB: 26.635714285714286
branching on CartesianIndex(1, 2) with a.
182    102    14         11.9214    26.6357    123.4272   % 
UB: 26.635714285714286
branching on 3 with b.
183    103    13         11.9214    26.6357    123.4272   % 
UB: 26.635714285714286
branching on CartesianIndex(4, 1) with a.
184    104    12         11.9214    26.6357    123.4272   % 
LB close or above UB, fathomed
185    103    7          11.9214    26.6357    123.4272   % 
UB: 26.635714285714286
branching on 2 with b.
186    104    8          11.9214    26.6357    123.4272   % 
UB: 26.635714285714286
branching on 3 with b.
187    105    9          11.9214    26.6357    123.4272   % 
UB: 26.635714285714286
branching on CartesianIndex(2, 1) with a.
188    106    10         11.9214    26.6357    123.4272   % 
UB: 26.635714285714286
branching on CartesianIndex(3, 1) with a.
189    107    11         11.9214    26.6357    123.4272   % 
UB: 26.635714285714286
branching on CartesianIndex(4, 1) with a.
190    108    12         11.9214    26.6357    123.4272   % 
UB: 26.635714285714286
branching on CartesianIndex(5, 1) with a.
191    109    13         11.9214    26.6357    123.4272   % 
UB: 26.635714285714286
branching on CartesianIndex(6, 1) with a.
192    110    13         11.9214    26.6357    123.4272   % 
UB: 26.635714285714286
branching on CartesianIndex(1, 2) with a.
193    111    12         11.9214    26.6357    123.4272   % 
UB: 26.635714285714286
branching on CartesianIndex(1, 2) with a.
194    112    11         11.9214    26.6357    123.4272   % 
LB close or above UB, fathomed
195    111    10         11.9214    26.6357    123.4272   % 
UB: 26.635714285714286
branching on 1 with b.
196    112    9          11.9214    26.6357    123.4272   % 
UB: 26.635714285714286
branching on CartesianIndex(2, 1) with a.
197    113    8          11.9214    26.6357    123.4272   % 
LB close or above UB, fathomed
198    112    7          11.9214    26.6357    123.4272   % 
LB close or above UB, fathomed
199    111    19         11.9214    26.6357    123.4272   % 
UB: 26.635714285714286
branching on CartesianIndex(2, 3) with a.
200    112    19         11.9214    26.6357    123.4272   % 
LB close or above UB, fathomed
201    111    20         11.9214    26.6357    123.4272   % 
UB: 26.635714285714286
branching on CartesianIndex(3, 3) with a.
202    112    21         11.9214    26.6357    123.4272   % 
UB: 26.635714285714286
branching on CartesianIndex(4, 3) with a.
203    113    22         11.9214    26.6357    123.4272   % 
UB: 26.635714285714286
branching on 3 with b.
204    114    23         11.9214    26.6357    123.4272   % 
LB close or above UB, fathomed
205    113    23         11.9214    26.6357    123.4272   % 
UB: 26.635714285714286
branching on CartesianIndex(5, 3) with a.
206    114    24         11.9214    26.6357    123.4272   % 
UB: 26.635714285714286
branching on CartesianIndex(6, 3) with a.
207    115    25         11.9214    26.6357    123.4272   % 
UB: 26.635714285714286
branching on 1 with b.
208    116    26         11.9214    26.6357    123.4272   % 
UB: 26.635714285714286
branching on CartesianIndex(1, 4) with c.
209    117    26         11.9214    26.6357    123.4272   % 
UB: 26.635714285714286
branching on CartesianIndex(1, 4) with c.
210    118    25         11.9214    26.6357    123.4272   % 
LB close or above UB, fathomed
211    117    24         11.9214    26.6357    123.4272   % 
LB close or above UB, fathomed
212    116    22         11.9214    26.6357    123.4272   % 
LB close or above UB, fathomed
213    115    21         11.9214    26.6357    123.4272   % 
LB close or above UB, fathomed
214    114    20         11.9214    26.6357    123.4272   % 
LB close or above UB, fathomed
215    113    19         11.9214    26.6357    123.4272   % 
UB: 26.635714285714286
branching on 3 with b.
216    114    20         11.9214    26.6357    123.4272   % 
UB: 26.635714285714286
branching on CartesianIndex(3, 3) with a.
217    115    21         11.9214    26.6357    123.4272   % 
UB: 26.635714285714286
branching on 1 with b.
218    116    22         11.9214    26.6357    123.4272   % 
UB: 26.635714285714286
branching on CartesianIndex(4, 3) with a.
219    117    23         11.9214    26.6357    123.4272   % 
UB: 26.635714285714286
branching on CartesianIndex(5, 3) with a.
220    118    24         11.9214    26.6357    123.4272   % 
UB: 26.635714285714286
branching on CartesianIndex(6, 3) with a.
221    119    25         11.9214    26.6357    123.4272   % 
UB: 26.635714285714286
branching on CartesianIndex(1, 4) with c.
222    120    26         11.9214    26.6357    123.4272   % 
LB close or above UB, fathomed
223    119    26         11.9214    26.6357    123.4272   % 
UB: 26.635714285714286
branching on CartesianIndex(1, 5) with c.
224    120    27         11.9214    26.6357    123.4272   % 
UB: 26.635714285714286
branching on CartesianIndex(2, 5) with c.
225    121    28         11.9214    26.6357    123.4272   % 
UB: 26.635714285714286
branching on 2 with b.
226    122    29         11.9214    26.6357    123.4272   % 
UB: 26.635714285714286
branching on CartesianIndex(1, 6) with c.
227    123    29         11.9214    26.6357    123.4272   % 
UB: 26.635714285714286
branching on 3 with b.
228    124    30         11.9214    26.6357    123.4272   % 
UB: 26.635714285714286
branching on CartesianIndex(1, 6) with c.
229    125    30         11.9214    26.6357    123.4272   % 
UB: 26.635714285714286
branching on CartesianIndex(1, 6) with c.
230    126    28         11.9214    26.6357    123.4272   % 
LB close or above UB, fathomed
231    125    27         11.9214    26.6357    123.4272   % 
LB close or above UB, fathomed
232    124    25         11.9214    26.6357    123.4272   % 
LB close or above UB, fathomed
233    123    24         11.9214    26.6357    123.4272   % 
LB close or above UB, fathomed
234    122    23         11.9214    26.6357    123.4272   % 
LB close or above UB, fathomed
235    121    22         11.9214    26.6357    123.4272   % 
UB: 26.635714285714286
branching on CartesianIndex(4, 3) with a.
236    122    21         11.9214    26.6357    123.4272   % 
LB close or above UB, fathomed
237    121    20         11.9214    26.6357    123.4272   % 
LB close or above UB, fathomed
238    120    19         11.9214    26.6357    123.4272   % 
UB: 26.635714285714286
branching on 3 with b.
239    121    31         11.9214    26.6357    123.4272   % 
LB close or above UB, fathomed
240    120    31         11.9214    26.6357    123.4272   % 
UB: 26.635714285714286
branching on CartesianIndex(1, 7) with c.
241    121    32         11.9214    26.6357    123.4272   % 
UB: 26.635714285714286
branching on CartesianIndex(2, 7) with c.
242    122    33         11.9214    26.6357    123.4272   % 
LB close or above UB, fathomed
243    121    33         11.9214    26.6357    123.4272   % 
UB: 26.635714285714286
branching on 1 with b.
244    122    34         11.9214    26.6357    123.4272   % 
UB: 26.635714285714286
branching on 2 with b.
245    123    35         11.9214    26.6357    123.4272   % 
UB: 26.635714285714286
branching on 3 with b.
246    124    35         11.9214    26.6357    123.4272   % 
UB: 26.635714285714286
branching on 3 with b.
247    125    34         11.9214    26.6357    123.4272   % 
UB: 26.635714285714286
branching on 2 with b.
248    126    32         11.9214    26.6357    123.4272   % 
LB close or above UB, fathomed
249    125    10         14.8643    26.6357    79.1927    % 
UB: 26.635714285714286
branching on CartesianIndex(3, 1) with a.
250    126    11         14.8643    26.6357    79.1927    % 
UB: 26.635714285714286
branching on CartesianIndex(4, 1) with a.
251    127    12         14.8643    26.6357    79.1927    % 
UB: 26.635714285714286
branching on CartesianIndex(5, 1) with a.
252    128    13         14.8643    26.6357    79.1927    % 
UB: 26.635714285714286
branching on CartesianIndex(6, 1) with a.
253    129    13         14.8643    26.6357    79.1927    % 
UB: 26.635714285714286
branching on CartesianIndex(1, 2) with a.
254    130    14         14.8643    26.6357    79.1927    % 
UB: 26.635714285714286
branching on 1 with b.
255    131    14         14.8643    26.6357    79.1927    % 
LB close or above UB, fathomed
256    130    12         14.8643    26.6357    79.1927    % 
UB: 26.635714285714286
branching on 1 with b.
257    131    11         14.8643    26.6357    79.1927    % 
LB close or above UB, fathomed
258    130    10         14.8643    26.6357    79.1927    % 
UB: 26.635714285714286
branching on CartesianIndex(1, 2) with a.
259    131    13         14.8643    26.6357    79.1927    % 
UB: 26.635714285714286
branching on 1 with b.
260    132    13         14.8643    26.6357    79.1927    % 
UB: 26.635714285714286
branching on CartesianIndex(1, 3) with a.
261    133    14         14.8643    26.6357    79.1927    % 
UB: 26.635714285714286
branching on CartesianIndex(1, 2) with a.
262    134    15         14.8643    26.6357    79.1927    % 
UB: 26.635714285714286
branching on CartesianIndex(2, 2) with a.
263    135    16         14.8643    26.6357    79.1927    % 
LB close or above UB, fathomed
264    134    16         14.8643    26.6357    79.1927    % 
UB: 26.635714285714286
branching on CartesianIndex(1, 3) with a.
265    135    15         14.8643    26.6357    79.1927    % 
UB: 26.635714285714286
branching on 1 with b.
266    136    14         14.8643    26.6357    79.1927    % 
LB close or above UB, fathomed
267    135    16         14.8643    26.6357    79.1927    % 
UB: 26.635714285714286
branching on CartesianIndex(2, 2) with a.
268    136    17         14.8643    26.6357    79.1927    % 
UB: 26.635714285714286
branching on 3 with b.
269    137    17         14.8643    26.6357    79.1927    % 
LB close or above UB, fathomed
270    136    16         14.8643    26.6357    79.1927    % 
LB close or above UB, fathomed
271    135    37         14.8643    26.6357    79.1927    % 
UB: 26.635714285714286
branching on 1 with b.
272    136    38         14.8643    26.6357    79.1927    % 
UB: 26.635714285714286
branching on 2 with b.
273    137    39         14.8643    26.6357    79.1927    % 
UB: 26.635714285714286
branching on 3 with b.
274    137    39         14.8643    26.6357    79.1927    % 
LB close or above UB, fathomed
275    136    38         14.8643    26.6357    79.1927    % 
UB: 26.635714285714286
branching on 2 with b.
276    137    37         14.8643    26.6357    79.1927    % 
UB: 23.692857142857143
branching on 1 with b.
277    138    38         14.8643    23.6929    59.3945    % 
UB: 23.692857142857143
branching on 2 with b.
278    103    39         14.8643    23.6929    59.3945    % 
UB: 23.692857142857143
branching on 3 with b.
279    104    39         14.8643    23.6929    59.3945    % 
LB close or above UB, fathomed
280    103    38         14.8643    23.6929    59.3945    % 
UB: 23.692857142857143
branching on 2 with b.
281    104    36         14.8643    23.6929    59.3945    % 
LB close or above UB, fathomed
282    103    36         14.8643    23.6929    59.3945    % 
UB: 23.692857142857143
branching on 3 with b.
283    104    29         14.8643    23.6929    59.3945    % 
LB close or above UB, fathomed
284    103    29         14.8643    23.6929    59.3945    % 
UB: 23.692857142857143
branching on 3 with b.
285    104    30         14.8643    23.6929    59.3945    % 
UB: 23.692857142857143
branching on 1 with b.
286    105    31         14.8643    23.6929    59.3945    % 
UB: 23.692857142857143
branching on 2 with b.
287    106    31         14.8643    23.6929    59.3945    % 
UB: 23.692857142857143
branching on 2 with b.
288    107    32         14.8643    23.6929    59.3945    % 
LB close or above UB, fathomed
289    106    32         14.8643    23.6929    59.3945    % 
UB: 23.692857142857143
branching on 3 with b.
290    107    30         14.8643    23.6929    59.3945    % 
LB close or above UB, fathomed
291    106    14         14.8643    23.6929    59.3945    % 
UB: 23.692857142857143
branching on 1 with b.
292    107    14         14.8643    23.6929    59.3945    % 
LB close or above UB, fathomed
293    106    17         14.8643    23.6929    59.3945    % 
UB: 23.692857142857143
branching on CartesianIndex(1, 3) with a.
294    107    18         14.8643    23.6929    59.3945    % 
UB: 23.692857142857143
branching on CartesianIndex(2, 3) with a.
295    108    19         14.8643    23.6929    59.3945    % 
UB: 23.692857142857143
branching on CartesianIndex(3, 3) with a.
296    109    20         14.8643    23.6929    59.3945    % 
UB: 23.692857142857143
branching on CartesianIndex(4, 3) with a.
297    110    21         14.8643    23.6929    59.3945    % 
UB: 23.692857142857143
branching on 3 with b.
298    111    22         14.8643    23.6929    59.3945    % 
LB close or above UB, fathomed
299    110    22         14.8643    23.6929    59.3945    % 
UB: 23.692857142857143
branching on CartesianIndex(5, 3) with a.
300    111    23         14.8643    23.6929    59.3945    % 
UB: 23.692857142857143
branching on CartesianIndex(6, 3) with a.
301    112    24         14.8643    23.6929    59.3945    % 
UB: 23.692857142857143
branching on CartesianIndex(1, 4) with c.
302    113    24         14.8643    23.6929    59.3945    % 
LB close or above UB, fathomed
303    112    23         14.8643    23.6929    59.3945    % 
LB close or above UB, fathomed
304    111    21         14.8643    23.6929    59.3945    % 
LB close or above UB, fathomed
305    110    20         14.8643    23.6929    59.3945    % 
LB close or above UB, fathomed
306    109    19         14.8643    23.6929    59.3945    % 
LB close or above UB, fathomed
307    108    18         14.8643    23.6929    59.3945    % 
LB close or above UB, fathomed
308    107    17         14.8643    23.6929    59.3945    % 
LB close or above UB, fathomed
309    106    15         14.8643    23.6929    59.3945    % 
LB close or above UB, fathomed
310    105    15         14.8643    23.6929    59.3945    % 
LB close or above UB, fathomed
311    104    9          14.8643    23.6929    59.3945    % 
UB: 23.692857142857143
branching on CartesianIndex(3, 2) with a.
312    105    10         14.8643    23.6929    59.3945    % 
UB: 23.692857142857143
branching on 2 with b.
313    106    11         14.8643    23.6929    59.3945    % 
UB: 23.692857142857143
branching on 3 with b.
314    107    12         14.8643    23.6929    59.3945    % 
UB: 23.692857142857143
branching on 1 with b.
315    108    13         14.8643    23.6929    59.3945    % 
LB close or above UB, fathomed
316    107    13         14.8643    23.6929    59.3945    % 
UB: 23.692857142857143
branching on CartesianIndex(4, 2) with a.
317    108    12         14.8643    23.6929    59.3945    % 
UB: 23.692857142857143
branching on CartesianIndex(4, 2) with a.
318    109    13         14.8643    23.6929    59.3945    % 
UB: 23.692857142857143
branching on CartesianIndex(5, 2) with a.
319    110    13         14.8643    23.6929    59.3945    % 
LB close or above UB, fathomed
320    109    11         14.8643    23.6929    59.3945    % 
LB close or above UB, fathomed
321    108    10         14.8643    23.6929    59.3945    % 
LB close or above UB, fathomed
322    107    9          14.8643    23.6929    59.3945    % 
LB close or above UB, fathomed
323    106    17         14.8643    23.6929    59.3945    % 
UB: 23.692857142857143
branching on CartesianIndex(4, 2) with a.
324    107    18         14.8643    23.6929    59.3945    % 
UB: 23.692857142857143
branching on CartesianIndex(5, 2) with a.
325    108    19         14.8643    23.6929    59.3945    % 
UB: 23.692857142857143
branching on CartesianIndex(6, 2) with a.
326    109    20         14.8643    23.6929    59.3945    % 
UB: 23.692857142857143
branching on CartesianIndex(1, 3) with a.
327    110    20         14.8643    23.6929    59.3945    % 
LB close or above UB, fathomed
328    109    19         14.8643    23.6929    59.3945    % 
LB close or above UB, fathomed
329    108    18         14.8643    23.6929    59.3945    % 
LB close or above UB, fathomed
330    107    17         14.8643    23.6929    59.3945    % 
LB close or above UB, fathomed
331    106    16         14.8643    23.6929    59.3945    % 
UB: 23.692857142857143
branching on 1 with b.
332    107    16         14.8643    23.6929    59.3945    % 
LB close or above UB, fathomed
333    106    25         14.8643    23.6929    59.3945    % 
LB close or above UB, fathomed
334    105    25         14.8643    23.6929    59.3945    % 
UB: 23.692857142857143
branching on CartesianIndex(1, 5) with c.
335    106    26         14.8643    23.6929    59.3945    % 
UB: 23.692857142857143
branching on CartesianIndex(2, 5) with c.
336    107    26         14.8643    23.6929    59.3945    % 
LB close or above UB, fathomed
337    106    36         14.8643    23.6929    59.3945    % 
UB: 23.692857142857143
branching on 1 with b.
338    107    37         14.8643    23.6929    59.3945    % 
UB: 23.692857142857143
branching on 2 with b.
339    108    37         14.8643    23.6929    59.3945    % 
UB: 23.692857142857143
branching on 2 with b.
340    109    38         14.8643    23.6929    59.3945    % 
UB: 23.692857142857143
branching on 3 with b.
341    109    38         14.8643    23.6929    59.3945    % 
LB close or above UB, fathomed
342    108    36         14.8643    23.6929    59.3945    % 
UB: 23.692857142857143
branching on 1 with b.
343    109    37         14.8643    23.6929    59.3945    % 
UB: 23.692857142857143
branching on 2 with b.
344    110    37         14.8643    23.6929    59.3945    % 
UB: 23.692857142857143
branching on 2 with b.
345    111    38         14.8643    23.6929    59.3945    % 
UB: 23.692857142857143
branching on 3 with b.
346    112    38         14.8643    23.6929    59.3945    % 
LB close or above UB, fathomed
347    111    27         14.8643    23.6929    59.3945    % 
LB close or above UB, fathomed
348    110    27         14.8643    23.6929    59.3945    % 
UB: 23.692857142857143
branching on CartesianIndex(1, 5) with c.
349    111    28         14.8643    23.6929    59.3945    % 
UB: 23.692857142857143
branching on CartesianIndex(2, 5) with c.
350    112    29         14.8643    23.6929    59.3945    % 
UB: 23.692857142857143
branching on 2 with b.
351    113    30         14.8643    23.6929    59.3945    % 
LB close or above UB, fathomed
352    112    30         14.8643    23.6929    59.3945    % 
UB: 23.692857142857143
branching on CartesianIndex(1, 6) with c.
353    113    31         14.8643    23.6929    59.3945    % 
LB close or above UB, fathomed
354    112    31         14.8643    23.6929    59.3945    % 
UB: 23.692857142857143
branching on CartesianIndex(1, 7) with c.
355    113    32         14.8643    23.6929    59.3945    % 
UB: 23.692857142857143
branching on CartesianIndex(2, 7) with c.
356    114    33         14.8643    23.6929    59.3945    % 
LB close or above UB, fathomed
357    113    33         14.8643    23.6929    59.3945    % 
UB: 23.692857142857143
branching on 3 with b.
358    114    34         14.8643    23.6929    59.3945    % 
LB close or above UB, fathomed
359    113    34         14.8643    23.6929    59.3945    % 
UB: 23.692857142857143
branching on 1 with b.
360    114    35         14.8643    23.6929    59.3945    % 
UB: 23.692857142857143
branching on 2 with b.
361    115    35         14.8643    23.6929    59.3945    % 
UB: 23.692857142857143
branching on 2 with b.
362    116    36         14.8643    23.6929    59.3945    % 
LB close or above UB, fathomed
363    115    36         14.8643    23.6929    59.3945    % 
UB: 23.692857142857143
branching on 3 with b.
364    116    32         14.8643    23.6929    59.3945    % 
LB close or above UB, fathomed
365    115    29         14.8643    23.6929    59.3945    % 
LB close or above UB, fathomed
366    114    28         14.8643    23.6929    59.3945    % 
LB close or above UB, fathomed
367    113    27         14.8643    23.6929    59.3945    % 
UB: 23.692857142857143
branching on CartesianIndex(1, 6) with c.
368    114    28         14.8643    23.6929    59.3945    % 
LB close or above UB, fathomed
369    113    28         14.8643    23.6929    59.3945    % 
UB: 23.692857142857143
branching on 1 with b.
370    114    29         14.8643    23.6929    59.3945    % 
UB: 23.692857142857143
branching on CartesianIndex(1, 7) with c.
371    115    30         14.8643    23.6929    59.3945    % 
UB: 23.692857142857143
branching on CartesianIndex(2, 7) with c.
372    116    31         14.8643    23.6929    59.3945    % 
LB close or above UB, fathomed
373    115    31         14.8643    23.6929    59.3945    % 
UB: 23.692857142857143
branching on 2 with b.
374    116    32         14.8643    23.6929    59.3945    % 
LB close or above UB, fathomed
375    115    32         14.8643    23.6929    59.3945    % 
UB: 23.692857142857143
branching on 3 with b.
376    116    33         14.8643    23.6929    59.3945    % 
LB close or above UB, fathomed
377    115    33         14.8643    23.6929    59.3945    % 
UB: 23.692857142857143
branching on 1 with b.
378    116    34         14.8643    23.6929    59.3945    % 
UB: 23.692857142857143
branching on 2 with b.
379    117    35         14.8643    23.6929    59.3945    % 
LB close or above UB, fathomed
380    116    35         14.8643    23.6929    59.3945    % 
UB: 23.692857142857143
branching on 3 with b.
381    117    34         14.8643    23.6929    59.3945    % 
UB: 23.692857142857143
branching on 2 with b.
382    118    30         14.8643    23.6929    59.3945    % 
LB close or above UB, fathomed
383    117    29         14.8643    23.6929    59.3945    % 
LB close or above UB, fathomed
384    116    27         14.8643    23.6929    59.3945    % 
LB close or above UB, fathomed
385    115    20         14.8643    23.6929    59.3945    % 
UB: 23.692857142857143
branching on CartesianIndex(1, 4) with c.
386    116    21         14.8643    23.6929    59.3945    % 
LB close or above UB, fathomed
387    115    21         14.8643    23.6929    59.3945    % 
UB: 23.692857142857143
branching on CartesianIndex(1, 5) with c.
388    116    22         14.8643    23.6929    59.3945    % 
UB: 23.692857142857143
branching on 1 with b.
389    117    23         14.8643    23.6929    59.3945    % 
UB: 23.692857142857143
branching on CartesianIndex(2, 5) with c.
390    118    23         14.8643    23.6929    59.3945    % 
LB close or above UB, fathomed
391    117    22         14.8643    23.6929    59.3945    % 
LB close or above UB, fathomed
392    116    20         14.8643    23.6929    59.3945    % 
LB close or above UB, fathomed
393    115    24         14.8643    23.6929    59.3945    % 
UB: 23.692857142857143
branching on CartesianIndex(1, 6) with c.
394    116    25         14.8643    23.6929    59.3945    % 
LB close or above UB, fathomed
395    115    25         14.8643    23.6929    59.3945    % 
UB: 23.692857142857143
branching on CartesianIndex(1, 7) with c.
396    116    24         14.8643    23.6929    59.3945    % 
LB close or above UB, fathomed
397    115    26         14.8643    23.6929    59.3945    % 
UB: 23.692857142857143
branching on CartesianIndex(2, 7) with c.
398    116    27         14.8643    23.6929    59.3945    % 
LB close or above UB, fathomed
399    115    27         14.8643    23.6929    59.3945    % 
UB: 23.692857142857143
branching on 2 with b.
400    116    28         14.8643    23.6929    59.3945    % 
LB close or above UB, fathomed
401    115    28         14.8643    23.6929    59.3945    % 
UB: 23.692857142857143
branching on 3 with b.
402    116    29         14.8643    23.6929    59.3945    % 
UB: 23.692857142857143
branching on 1 with b.
403    117    30         14.8643    23.6929    59.3945    % 
UB: 23.692857142857143
branching on 2 with b.
404    118    31         14.8643    23.6929    59.3945    % 
LB close or above UB, fathomed
405    117    31         14.8643    23.6929    59.3945    % 
UB: 23.692857142857143
branching on 3 with b.
406    118    30         14.8643    23.6929    59.3945    % 
UB: 23.692857142857143
branching on 2 with b.
407    119    29         14.8643    23.6929    59.3945    % 
LB close or above UB, fathomed
408    118    26         14.8643    23.6929    59.3945    % 
LB close or above UB, fathomed
409    117    15         15.8452    23.6929    49.5267    % 
UB: 23.692857142857143
branching on CartesianIndex(2, 3) with a.
410    118    16         15.8452    23.6929    49.5267    % 
UB: 23.692857142857143
branching on CartesianIndex(3, 3) with a.
411    119    16         15.8452    23.6929    49.5267    % 
LB close or above UB, fathomed
412    118    15         15.8452    23.6929    49.5267    % 
LB close or above UB, fathomed
413    117    15         16.3357    23.6929    45.0372    % 
UB: 23.692857142857143
branching on 2 with b.
414    118    15         16.3357    23.6929    45.0372    % 
LB close or above UB, fathomed
415    117    4          17.7447    23.6929    33.5210    % 
LB close or above UB, fathomed
416    116    4          17.7447    23.6929    33.5210    % 
UB: 23.692857142857143
branching on 1 with b.
417    117    5          17.7447    23.6929    33.5210    % 
UB: 23.692857142857143
branching on CartesianIndex(1, 1) with a.
418    118    6          17.7447    23.6929    33.5210    % 
UB: 23.692857142857143
branching on 1 with b.
419    119    6          17.7447    23.6929    33.5210    % 
LB close or above UB, fathomed
420    118    5          17.7447    23.6929    33.5210    % 
LB close or above UB, fathomed
421    117    5          17.7571    23.6929    33.4272    % 
UB: 23.692857142857143
branching on 1 with b.
422    118    6          17.7571    23.6929    33.4272    % 
UB: 23.692857142857143
branching on 1 with b.
423    119    6          17.7571    23.6929    33.4272    % 
UB: 23.692857142857143
branching on CartesianIndex(2, 1) with a.
424    120    7          17.7571    23.6929    33.4272    % 
UB: 23.692857142857143
branching on 1 with b.
425    121    8          17.7571    23.6929    33.4272    % 
UB: 23.692857142857143
branching on 2 with b.
426    122    9          17.7571    23.6929    33.4272    % 
UB: 23.692857142857143
branching on 1 with b.
427    123    10         17.7571    23.6929    33.4272    % 
UB: 23.692857142857143
branching on CartesianIndex(3, 1) with a.
428    124    11         17.7571    23.6929    33.4272    % 
UB: 23.692857142857143
branching on 2 with b.
429    125    12         17.7571    23.6929    33.4272    % 
LB close or above UB, fathomed
430    124    12         17.7571    23.6929    33.4272    % 
LB close or above UB, fathomed
431    123    11         17.7571    23.6929    33.4272    % 
LB close or above UB, fathomed
432    122    10         17.7571    23.6929    33.4272    % 
LB close or above UB, fathomed
433    121    9          17.7571    23.6929    33.4272    % 
LB close or above UB, fathomed
434    120    8          17.7571    23.6929    33.4272    % 
LB close or above UB, fathomed
435    119    7          17.7571    23.6929    33.4272    % 
UB: 23.692857142857143
branching on CartesianIndex(1, 2) with a.
436    120    8          17.7571    23.6929    33.4272    % 
UB: 23.692857142857143
branching on 1 with b.
437    121    8          17.7571    23.6929    33.4272    % 
LB close or above UB, fathomed
438    120    5          17.7571    23.6929    33.4272    % 
LB close or above UB, fathomed
439    119    37         17.8071    23.6929    33.0525    % 
LB close or above UB, fathomed
440    118    37         17.8071    23.6929    33.0525    % 
UB: 23.692857142857143
branching on 1 with b.
441    119    38         17.8071    23.6929    33.0525    % 
UB: 23.692857142857143
branching on 2 with b.
442    120    39         17.8071    23.6929    33.0525    % 
UB: 23.692857142857143
branching on 3 with b.
443    121    39         17.8071    23.6929    33.0525    % 
LB close or above UB, fathomed
444    120    38         17.8071    23.6929    33.0525    % 
UB: 23.692857142857143
branching on 2 with b.
445    121    39         17.8071    23.6929    33.0525    % 
UB: 23.692857142857143
branching on 1 with b.
446    122    40         17.8071    23.6929    33.0525    % 
UB: 23.692857142857143
branching on 2 with b.
447    123    41         17.8071    23.6929    33.0525    % 
UB: 23.692857142857143
branching on 3 with b.
448    124    42         17.8071    23.6929    33.0525    % 
UB: 23.692857142857143
branching on 1 with b.
449    125    43         17.8071    23.6929    33.0525    % 
UB: 23.692857142857143
branching on 2 with b.
450    126    43         17.8071    23.6929    33.0525    % 
UB: 23.692857142857143
branching on 2 with b.
451    127    44         17.8071    23.6929    33.0525    % 
UB: 23.692857142857143
branching on 3 with b.
452    127    44         17.8071    23.6929    33.0525    % 
LB close or above UB, fathomed
453    126    42         17.8071    23.6929    33.0525    % 
UB: 23.692857142857143
branching on 1 with b.
454    127    41         17.8071    23.6929    33.0525    % 
LB close or above UB, fathomed
455    126    40         17.8071    23.6929    33.0525    % 
UB: 20.75
branching on 2 with b.
456    127    41         17.8071    20.7500    16.5263    % 
UB: 20.75
branching on 3 with b.
457    63     42         17.8071    20.7500    16.5263    % 
UB: 20.75
branching on 1 with b.
458    63     43         17.8071    20.7500    16.5263    % 
UB: 20.75
branching on 2 with b.
459    64     44         17.8071    20.7500    16.5263    % 
LB close or above UB, fathomed
460    63     44         17.8071    20.7500    16.5263    % 
LB close or above UB, fathomed
461    62     42         17.8071    20.7500    16.5263    % 
LB close or above UB, fathomed
462    61     41         17.8071    20.7500    16.5263    % 
LB close or above UB, fathomed
463    60     39         17.8071    20.7500    16.5263    % 
LB close or above UB, fathomed
464    59     39         17.8071    20.7500    16.5263    % 
UB: 20.75
branching on 1 with b.
465    60     40         17.8071    20.7500    16.5263    % 
UB: 20.75
branching on 2 with b.
466    61     41         17.8071    20.7500    16.5263    % 
UB: 20.75
branching on 3 with b.
467    61     42         17.8071    20.7500    16.5263    % 
UB: 20.75
branching on 1 with b.
468    62     43         17.8071    20.7500    16.5263    % 
LB close or above UB, fathomed
469    61     43         17.8071    20.7500    16.5263    % 
UB: 20.75
branching on 2 with b.
470    62     44         17.8071    20.7500    16.5263    % 
LB close or above UB, fathomed
471    61     44         17.8071    20.7500    16.5263    % 
LB close or above UB, fathomed
472    60     41         17.8071    20.7500    16.5263    % 
LB close or above UB, fathomed
473    59     40         17.8071    20.7500    16.5263    % 
UB: 20.75
branching on 2 with b.
474    60     41         17.8071    20.7500    16.5263    % 
UB: 20.75
branching on 3 with b.
475    60     42         17.8071    20.7500    16.5263    % 
UB: 20.75
branching on 1 with b.
476    60     43         17.8071    20.7500    16.5263    % 
UB: 20.75
branching on 2 with b.
477    61     44         17.8071    20.7500    16.5263    % 
LB close or above UB, fathomed
478    60     44         17.8071    20.7500    16.5263    % 
LB close or above UB, fathomed
479    59     41         17.8071    20.7500    16.5263    % 
LB close or above UB, fathomed
480    58     21         17.8071    20.7500    16.5263    % 
UB: 20.75
branching on CartesianIndex(2, 3) with a.
481    59     22         17.8071    20.7500    16.5263    % 
UB: 20.75
branching on CartesianIndex(3, 3) with a.
482    60     23         17.8071    20.7500    16.5263    % 
UB: 20.75
branching on CartesianIndex(4, 3) with a.
483    61     24         17.8071    20.7500    16.5263    % 
UB: 20.75
branching on CartesianIndex(5, 3) with a.
484    62     25         17.8071    20.7500    16.5263    % 
UB: 20.75
branching on CartesianIndex(6, 3) with a.
485    63     26         17.8071    20.7500    16.5263    % 
UB: 20.75
branching on 2 with b.
486    64     27         17.8071    20.7500    16.5263    % 
UB: 20.75
branching on CartesianIndex(1, 4) with c.
487    65     28         17.8071    20.7500    16.5263    % 
LB close or above UB, fathomed
488    64     28         17.8071    20.7500    16.5263    % 
UB: 20.75
branching on CartesianIndex(1, 5) with c.
489    65     27         17.8071    20.7500    16.5263    % 
LB close or above UB, fathomed
490    64     26         17.8071    20.7500    16.5263    % 
LB close or above UB, fathomed
491    63     25         17.8071    20.7500    16.5263    % 
LB close or above UB, fathomed
492    62     24         17.8071    20.7500    16.5263    % 
LB close or above UB, fathomed
493    61     23         17.8071    20.7500    16.5263    % 
LB close or above UB, fathomed
494    60     22         17.8071    20.7500    16.5263    % 
LB close or above UB, fathomed
495    59     21         17.8071    20.7500    16.5263    % 
LB close or above UB, fathomed
496    58     14         17.8071    20.7500    16.5263    % 
UB: 20.75
branching on CartesianIndex(6, 2) with a.
497    59     15         17.8071    20.7500    16.5263    % 
LB close or above UB, fathomed
498    58     15         17.8071    20.7500    16.5263    % 
LB close or above UB, fathomed
499    57     14         17.8071    20.7500    16.5263    % 
LB close or above UB, fathomed
500    56     14         17.8071    20.7500    16.5263    % 
UB: 20.75
branching on CartesianIndex(5, 2) with a.
501    57     15         17.8071    20.7500    16.5263    % 
UB: 20.75
branching on CartesianIndex(6, 2) with a.
502    58     16         17.8071    20.7500    16.5263    % 
LB close or above UB, fathomed
503    57     16         17.8071    20.7500    16.5263    % 
LB close or above UB, fathomed
504    56     15         17.8071    20.7500    16.5263    % 
LB close or above UB, fathomed
505    55     14         17.8071    20.7500    16.5263    % 
LB close or above UB, fathomed
506    54     15         17.8071    20.7500    16.5263    % 
LB close or above UB, fathomed
507    53     15         17.8071    20.7500    16.5263    % 
UB: 20.75
branching on CartesianIndex(1, 2) with a.
508    54     16         17.8071    20.7500    16.5263    % 
UB: 20.75
branching on CartesianIndex(2, 2) with a.
509    55     17         17.8071    20.7500    16.5263    % 
LB close or above UB, fathomed
510    54     17         17.8071    20.7500    16.5263    % 
LB close or above UB, fathomed
511    53     16         17.8071    20.7500    16.5263    % 
LB close or above UB, fathomed
512    52     33         17.8071    20.7500    16.5263    % 
LB close or above UB, fathomed
513    51     33         17.8071    20.7500    16.5263    % 
LB close or above UB, fathomed
514    50     32         17.8071    20.7500    16.5263    % 
LB close or above UB, fathomed
515    49     32         17.8071    20.7500    16.5263    % 
LB close or above UB, fathomed
516    48     37         17.8071    20.7500    16.5263    % 
UB: 20.75
branching on 1 with b.
517    49     38         17.8071    20.7500    16.5263    % 
LB close or above UB, fathomed
518    48     38         17.8071    20.7500    16.5263    % 
UB: 20.75
branching on 2 with b.
519    49     39         17.8071    20.7500    16.5263    % 
LB close or above UB, fathomed
520    48     39         17.8071    20.7500    16.5263    % 
LB close or above UB, fathomed
521    47     37         17.8071    20.7500    16.5263    % 
UB: 20.75
branching on 1 with b.
522    48     38         17.8071    20.7500    16.5263    % 
LB close or above UB, fathomed
523    47     38         17.8071    20.7500    16.5263    % 
UB: 20.75
branching on 2 with b.
524    48     39         17.8071    20.7500    16.5263    % 
LB close or above UB, fathomed
525    47     39         17.8071    20.7500    16.5263    % 
LB close or above UB, fathomed
526    46     39         17.8071    20.7500    16.5263    % 
LB close or above UB, fathomed
527    45     39         17.8071    20.7500    16.5263    % 
LB close or above UB, fathomed
528    44     40         17.8071    20.7500    16.5263    % 
UB: 20.75
branching on 1 with b.
529    45     41         17.8071    20.7500    16.5263    % 
UB: 20.75
branching on 2 with b.
530    46     42         17.8071    20.7500    16.5263    % 
UB: 20.75
branching on 3 with b.
531    47     43         17.8071    20.7500    16.5263    % 
UB: 20.75
branching on 1 with b.
532    47     44         17.8071    20.7500    16.5263    % 
UB: 20.75
branching on 2 with b.
533    48     45         17.8071    20.7500    16.5263    % 
LB close or above UB, fathomed
534    47     45         17.8071    20.7500    16.5263    % 
LB close or above UB, fathomed
535    46     43         17.8071    20.7500    16.5263    % 
LB close or above UB, fathomed
536    45     42         17.8071    20.7500    16.5263    % 
LB close or above UB, fathomed
537    44     41         17.8071    20.7500    16.5263    % 
LB close or above UB, fathomed
538    43     40         17.8071    20.7500    16.5263    % 
LB close or above UB, fathomed
539    42     39         17.8071    20.7500    16.5263    % 
LB close or above UB, fathomed
540    41     39         17.8071    20.7500    16.5263    % 
LB close or above UB, fathomed
541    40     40         17.8071    20.7500    16.5263    % 
UB: 20.75
branching on 1 with b.
542    41     41         17.8071    20.7500    16.5263    % 
UB: 20.75
branching on 2 with b.
543    42     42         17.8071    20.7500    16.5263    % 
UB: 20.75
branching on 3 with b.
544    42     43         17.8071    20.7500    16.5263    % 
UB: 20.75
branching on 1 with b.
545    42     44         17.8071    20.7500    16.5263    % 
UB: 20.75
branching on 2 with b.
546    43     45         17.8071    20.7500    16.5263    % 
LB close or above UB, fathomed
547    42     45         17.8071    20.7500    16.5263    % 
LB close or above UB, fathomed
548    41     42         17.8071    20.7500    16.5263    % 
LB close or above UB, fathomed
549    40     41         17.8071    20.7500    16.5263    % 
LB close or above UB, fathomed
550    39     18         17.8071    20.7500    16.5263    % 
LB close or above UB, fathomed
551    38     18         17.8071    20.7500    16.5263    % 
UB: 20.75
branching on CartesianIndex(3, 2) with a.
552    39     19         17.8071    20.7500    16.5263    % 
UB: 20.75
branching on CartesianIndex(4, 2) with a.
553    40     20         17.8071    20.7500    16.5263    % 
UB: 20.75
branching on CartesianIndex(5, 2) with a.
554    41     21         17.8071    20.7500    16.5263    % 
UB: 20.75
branching on CartesianIndex(6, 2) with a.
555    42     21         17.8071    20.7500    16.5263    % 
LB close or above UB, fathomed
556    41     20         17.8071    20.7500    16.5263    % 
LB close or above UB, fathomed
557    40     19         17.8071    20.7500    16.5263    % 
LB close or above UB, fathomed
558    39     14         17.8071    20.7500    16.5263    % 
LB close or above UB, fathomed
559    38     14         17.8071    20.7500    16.5263    % 
LB close or above UB, fathomed
560    37     11         17.8071    20.7500    16.5263    % 
UB: 20.75
branching on CartesianIndex(2, 2) with a.
561    38     12         17.8071    20.7500    16.5263    % 
LB close or above UB, fathomed
562    37     12         17.8071    20.7500    16.5263    % 
LB close or above UB, fathomed
563    36     11         17.8071    20.7500    16.5263    % 
LB close or above UB, fathomed
564    35     13         17.8071    20.7500    16.5263    % 
UB: 20.75
branching on CartesianIndex(1, 2) with a.
565    36     14         17.8071    20.7500    16.5263    % 
UB: 20.75
branching on CartesianIndex(2, 2) with a.
566    37     15         17.8071    20.7500    16.5263    % 
LB close or above UB, fathomed
567    36     15         17.8071    20.7500    16.5263    % 
LB close or above UB, fathomed
568    35     14         17.8071    20.7500    16.5263    % 
LB close or above UB, fathomed
569    34     13         17.8071    20.7500    16.5263    % 
LB close or above UB, fathomed
570    33     14         17.8071    20.7500    16.5263    % 
UB: 20.75
branching on 1 with b.
571    34     15         17.8071    20.7500    16.5263    % 
UB: 20.75
branching on CartesianIndex(1, 2) with a.
572    35     16         17.8071    20.7500    16.5263    % 
UB: 20.75
branching on CartesianIndex(2, 2) with a.
573    36     17         17.8071    20.7500    16.5263    % 
LB close or above UB, fathomed
574    35     17         17.8071    20.7500    16.5263    % 
LB close or above UB, fathomed
575    34     16         17.8071    20.7500    16.5263    % 
LB close or above UB, fathomed
576    33     15         17.8071    20.7500    16.5263    % 
LB close or above UB, fathomed
577    32     14         17.8071    20.7500    16.5263    % 
LB close or above UB, fathomed
578    31     35         17.8071    20.7500    16.5263    % 
LB close or above UB, fathomed
579    30     35         17.8071    20.7500    16.5263    % 
LB close or above UB, fathomed
580    29     11         17.8071    20.7500    16.5263    % 
UB: 20.75
branching on 2 with b.
581    30     12         17.8071    20.7500    16.5263    % 
LB close or above UB, fathomed
582    29     12         17.8071    20.7500    16.5263    % 
LB close or above UB, fathomed
583    28     11         17.8071    20.7500    16.5263    % 
LB close or above UB, fathomed
584    27     14         17.8071    20.7500    16.5263    % 
LB close or above UB, fathomed
585    26     14         17.8071    20.7500    16.5263    % 
LB close or above UB, fathomed
586    25     14         17.8071    20.7500    16.5263    % 
LB close or above UB, fathomed
587    24     14         17.8071    20.7500    16.5263    % 
LB close or above UB, fathomed
588    23     18         17.8071    20.7500    16.5263    % 
LB close or above UB, fathomed
589    22     18         17.8071    20.7500    16.5263    % 
LB close or above UB, fathomed
590    21     16         17.8071    20.7500    16.5263    % 
LB close or above UB, fathomed
591    20     16         17.8071    20.7500    16.5263    % 
LB close or above UB, fathomed
592    19     15         17.8071    20.7500    16.5263    % 
UB: 20.75
branching on CartesianIndex(1, 2) with a.
593    20     16         17.8071    20.7500    16.5263    % 
UB: 20.75
branching on CartesianIndex(2, 2) with a.
594    21     17         17.8071    20.7500    16.5263    % 
LB close or above UB, fathomed
595    20     17         17.8071    20.7500    16.5263    % 
LB close or above UB, fathomed
596    19     16         17.8071    20.7500    16.5263    % 
UB: 20.75
branching on CartesianIndex(1, 3) with a.
597    20     15         17.8071    20.7500    16.5263    % 
LB close or above UB, fathomed
598    19     11         17.8071    20.7500    16.5263    % 
LB close or above UB, fathomed
599    18     11         17.8071    20.7500    16.5263    % 
LB close or above UB, fathomed
600    17     17         17.8071    20.7500    16.5263    % 
UB: 20.75
branching on 1 with b.
601    18     18         17.8071    20.7500    16.5263    % 
UB: 20.75
branching on CartesianIndex(2, 3) with a.
602    19     18         17.8071    20.7500    16.5263    % 
LB close or above UB, fathomed
603    18     17         17.8071    20.7500    16.5263    % 
LB close or above UB, fathomed
604    17     10         17.8071    20.7500    16.5263    % 
LB close or above UB, fathomed
605    16     10         17.8071    20.7500    16.5263    % 
LB close or above UB, fathomed
606    15     19         17.8071    20.7500    16.5263    % 
UB: 20.75
branching on CartesianIndex(3, 3) with a.
607    16     20         17.8071    20.7500    16.5263    % 
UB: 20.75
branching on CartesianIndex(4, 3) with a.
608    17     21         17.8071    20.7500    16.5263    % 
UB: 20.75
branching on CartesianIndex(5, 3) with a.
609    18     22         17.8071    20.7500    16.5263    % 
UB: 20.75
branching on 2 with b.
610    19     23         17.8071    20.7500    16.5263    % 
LB close or above UB, fathomed
611    18     23         17.8071    20.7500    16.5263    % 
UB: 20.75
branching on CartesianIndex(6, 3) with a.
612    19     24         17.8071    20.7500    16.5263    % 
UB: 20.75
branching on CartesianIndex(1, 4) with c.
613    20     25         17.8071    20.7500    16.5263    % 
LB close or above UB, fathomed
614    19     25         17.8071    20.7500    16.5263    % 
UB: 20.75
branching on CartesianIndex(1, 5) with c.
615    20     24         17.8071    20.7500    16.5263    % 
LB close or above UB, fathomed
616    19     22         17.8071    20.7500    16.5263    % 
LB close or above UB, fathomed
617    18     21         17.8071    20.7500    16.5263    % 
LB close or above UB, fathomed
618    17     20         17.8071    20.7500    16.5263    % 
LB close or above UB, fathomed
619    16     19         17.8071    20.7500    16.5263    % 
LB close or above UB, fathomed
620    15     22         17.8071    20.7500    16.5263    % 
LB close or above UB, fathomed
621    14     22         17.8071    20.7500    16.5263    % 
LB close or above UB, fathomed
622    13     29         17.8071    20.7500    16.5263    % 
UB: 20.75
branching on CartesianIndex(2, 5) with c.
623    14     30         17.8071    20.7500    16.5263    % 
UB: 20.75
branching on CartesianIndex(1, 6) with c.
624    15     31         17.8071    20.7500    16.5263    % 
LB close or above UB, fathomed
625    14     31         17.8071    20.7500    16.5263    % 
UB: 20.75
branching on CartesianIndex(1, 7) with c.
626    15     32         17.8071    20.7500    16.5263    % 
UB: 20.75
branching on 3 with b.
627    16     33         17.8071    20.7500    16.5263    % 
UB: 20.75
branching on CartesianIndex(2, 7) with c.
628    17     34         17.8071    20.7500    16.5263    % 
LB close or above UB, fathomed
629    16     34         17.8071    20.7500    16.5263    % 
UB: 20.75
branching on 1 with b.
630    17     35         17.8071    20.7500    16.5263    % 
LB close or above UB, fathomed
631    16     35         17.8071    20.7500    16.5263    % 
UB: 20.75
branching on 2 with b.
632    17     36         17.8071    20.7500    16.5263    % 
LB close or above UB, fathomed
633    16     36         17.8071    20.7500    16.5263    % 
UB: 20.75
branching on 3 with b.
634    17     37         17.8071    20.7500    16.5263    % 
UB: 20.75
branching on 1 with b.
635    18     38         17.8071    20.7500    16.5263    % 
LB close or above UB, fathomed
636    17     38         17.8071    20.7500    16.5263    % 
UB: 20.75
branching on 2 with b.
637    18     39         17.8071    20.7500    16.5263    % 
LB close or above UB, fathomed
638    17     39         17.8071    20.7500    16.5263    % 
LB close or above UB, fathomed
639    16     37         17.8071    20.7500    16.5263    % 
LB close or above UB, fathomed
640    15     33         17.8071    20.7500    16.5263    % 
LB close or above UB, fathomed
641    14     32         17.8071    20.7500    16.5263    % 
LB close or above UB, fathomed
642    13     30         17.8071    20.7500    16.5263    % 
LB close or above UB, fathomed
643    12     29         17.8071    20.7500    16.5263    % 
LB close or above UB, fathomed
644    11     36         17.8071    20.7500    16.5263    % 
LB close or above UB, fathomed
645    10     36         17.8071    20.7500    16.5263    % 
UB: 20.75
branching on 1 with b.
646    11     37         17.8071    20.7500    16.5263    % 
LB close or above UB, fathomed
647    10     37         17.8071    20.7500    16.5263    % 
UB: 20.75
branching on 2 with b.
648    11     38         17.8071    20.7500    16.5263    % 
LB close or above UB, fathomed
649    10     38         17.8071    20.7500    16.5263    % 
LB close or above UB, fathomed
650    9      36         17.8071    20.7500    16.5263    % 
LB close or above UB, fathomed
651    8      36         17.8071    20.7500    16.5263    % 
LB close or above UB, fathomed
652    7      26         17.8071    20.7500    16.5263    % 
UB: 20.75
branching on 3 with b.
653    8      27         17.8071    20.7500    16.5263    % 
UB: 20.75
branching on CartesianIndex(2, 5) with c.
654    9      28         17.8071    20.7500    16.5263    % 
UB: 20.75
branching on CartesianIndex(1, 6) with c.
655    10     29         17.8071    20.7500    16.5263    % 
LB close or above UB, fathomed
656    9      29         17.8071    20.7500    16.5263    % 
UB: 20.75
branching on CartesianIndex(1, 7) with c.
657    10     30         17.8071    20.7500    16.5263    % 
UB: 20.75
branching on CartesianIndex(2, 7) with c.
658    11     31         17.8071    20.7500    16.5263    % 
LB close or above UB, fathomed
659    10     31         17.8071    20.7500    16.5263    % 
UB: 20.75
branching on 1 with b.
660    11     32         17.8071    20.7500    16.5263    % 
LB close or above UB, fathomed
661    10     32         17.8071    20.7500    16.5263    % 
LB close or above UB, fathomed
662    9      30         17.8071    20.7500    16.5263    % 
LB close or above UB, fathomed
663    8      28         17.8071    20.7500    16.5263    % 
LB close or above UB, fathomed
664    7      27         17.8071    20.7500    16.5263    % 
LB close or above UB, fathomed
665    6      26         17.8071    20.7500    16.5263    % 
LB close or above UB, fathomed
666    5      32         17.8071    20.7500    16.5263    % 
LB close or above UB, fathomed
667    4      32         17.8071    20.7500    16.5263    % 
LB close or above UB, fathomed
668    3      16         18.2250    20.7500    13.8543    % 
UB: 20.75
branching on CartesianIndex(2, 3) with a.
669    4      17         18.2250    20.7500    13.8543    % 
LB close or above UB, fathomed
670    3      17         18.2250    20.7500    13.8543    % 
LB close or above UB, fathomed
671    2      16         18.2250    20.7500    13.8543    % 
LB close or above UB, fathomed
672    1      17         19.2786    20.7500    7.6325     % 
UB: 20.75
branching on 2 with b.
673    2      18         19.2786    20.7500    7.6325     % 
LB close or above UB, fathomed
674    1      18         19.2786    20.7500    7.6325     % 
LB close or above UB, fathomed
675    0      17         19.2786    20.7500    7.6325     % 
LB close or above UB, fathomed
all node solved
solved nodes:  676
676                                                   2.0746e+01     2.0750e+01     0.0187  % 
7×3 Matrix{Float64}:
 0.0  1.0  0.0
 0.0  0.0  0.0
 0.0  0.0  0.0
 0.0  0.0  0.0
 0.0  0.0  0.0
 0.0  0.0  1.0
 1.0  0.0  0.0
3-element Vector{Float64}:
 0.5533801802062637
 0.2735204866686493
 0.1798602381699986
3×7 Matrix{Float64}:
 0.0  0.0  0.0  0.0  1.0  0.0  0.0
 0.0  0.0  0.0  0.0  0.0  1.0  1.0
 0.0  0.0  0.0  1.0  0.0  0.0  0.0
3-element Vector{Float64}:
 1.0
 1.0
 1.0
7×3 Matrix{Float64}:
 1.0  0.0  0.0
 0.0  0.0  0.0
 0.0  0.0  0.0
 0.0  0.0  0.0
 0.0  0.0  0.0
 0.0  0.0  0.0
 0.0  1.0  1.0
3-element Vector{Float64}:
 0.2734375
 0.19057799094905514
 0.5625
3×7 Matrix{Float64}:
 0.0  0.0  0.0  1.0  0.0  1.0  0.0
 0.0  0.0  0.0  0.0  0.0  0.0  1.0
 0.0  0.0  0.0  0.0  1.0  0.0  0.0
3-element Vector{Float64}:
 1.0
 1.0
 1.0
comparison (CRT and Glb)on prediction: Dict{Bool, Int64}(0 => 4, 1 => 47)
Dataname	 time	 objv	 lb	 gap	 train_w	 train_g	 test_w	 test_g
seeds_281.seeds	 83.22	 20.75	 20.746	 0.0002	 92.258	 95.484	 90.196	 90.196
