Running 6 processes.
Start training seeds_474.seeds with seed 1.
Any[]
(7, 206)
(7, 102)
(7, 51)
(7, 53)
dimension: 7, class: 3
cart cost: 41.947101449275365
size of X: (7, 153)
ngroups: 6
UB: 35.97608695652174
Iter	left	lev	LB	UB	gap	
0      0      1          6.0951     35.9761    490.2470   % 
UB: 35.97608695652174
branching on 1 with d.
1      1      2          6.0951     35.9761    490.2470   % 
LB close or above UB, fathomed
2      0      2          6.0951     35.9761    490.2470   % 
UB: 35.97608695652174
branching on 2 with d.
3      1      3          6.0951     35.9761    490.2470   % 
UB: 35.97608695652174
branching on 3 with d.
4      2      3          6.0951     35.9761    490.2470   % 
UB: 35.97608695652174
branching on 3 with d.
5      3      4          6.0951     35.9761    490.2470   % 
UB: 35.97608695652174
branching on CartesianIndex(1, 1) with a.
6      4      4          6.0951     35.9761    490.2470   % 
UB: 35.97608695652174
branching on CartesianIndex(1, 1) with a.
7      5      5          6.0951     35.9761    490.2470   % 
UB: 35.97608695652174
branching on 1 with b.
8      6      5          6.0951     35.9761    490.2470   % 
UB: 35.97608695652174
branching on CartesianIndex(1, 2) with a.
9      7      6          6.1073     35.9761    489.0647   % 
UB: 35.97608695652174
branching on 1 with b.
10     8      7          6.1073     35.9761    489.0647   % 
UB: 35.97608695652174
branching on CartesianIndex(2, 1) with a.
11     9      7          6.1073     35.9761    489.0647   % 
UB: 35.97608695652174
branching on 2 with b.
12     10     6          6.1073     35.9761    489.0647   % 
UB: 35.97608695652174
branching on 1 with b.
13     11     8          9.0928     35.9761    295.6533   % 
UB: 35.97608695652174
branching on CartesianIndex(2, 1) with a.
14     12     9          9.0928     35.9761    295.6533   % 
UB: 35.97608695652174
branching on CartesianIndex(3, 1) with a.
15     13     9          9.0928     35.9761    295.6533   % 
UB: 35.97608695652174
branching on CartesianIndex(1, 2) with a.
16     14     10         9.0928     35.9761    295.6533   % 
UB: 35.97608695652174
branching on 3 with b.
17     15     10         9.0928     35.9761    295.6533   % 
UB: 35.97608695652174
branching on 3 with b.
18     16     8          9.0928     35.9761    295.6533   % 
UB: 35.97608695652174
branching on 3 with b.
19     17     6          9.0943     35.9761    295.5899   % 
UB: 35.97608695652174
branching on CartesianIndex(2, 2) with a.
20     18     6          9.0943     35.9761    295.5899   % 
UB: 35.97608695652174
branching on 1 with b.
21     19     7          9.1065     35.9761    295.0585   % 
UB: 35.97608695652174
branching on CartesianIndex(3, 2) with a.
22     20     7          9.1065     35.9761    295.0585   % 
UB: 35.97608695652174
branching on CartesianIndex(1, 3) with a.
23     21     11         9.1065     35.9761    295.0585   % 
UB: 35.97608695652174
branching on CartesianIndex(2, 2) with a.
24     22     11         9.1065     35.9761    295.0585   % 
UB: 35.97608695652174
branching on CartesianIndex(2, 2) with a.
25     23     12         9.1065     35.9761    295.0585   % 
UB: 35.97608695652174
branching on CartesianIndex(3, 2) with a.
26     24     12         9.1065     35.9761    295.0585   % 
UB: 35.97608695652174
branching on 1 with b.
27     25     10         12.0783    35.9761    197.8563   % 
UB: 35.97608695652174
branching on CartesianIndex(4, 1) with a.
28     26     11         12.0783    35.9761    197.8563   % 
UB: 35.97608695652174
branching on 3 with b.
29     27     11         12.0783    35.9761    197.8563   % 
UB: 35.97608695652174
branching on CartesianIndex(1, 2) with a.
30     28     12         12.0783    35.9761    197.8563   % 
UB: 35.97608695652174
branching on CartesianIndex(2, 2) with a.
31     29     13         12.0783    35.9761    197.8563   % 
UB: 35.97608695652174
branching on CartesianIndex(3, 2) with a.
32     30     14         12.0783    35.9761    197.8563   % 
UB: 35.97608695652174
branching on 3 with b.
33     31     15         12.0783    35.9761    197.8563   % 
UB: 35.97608695652174
branching on CartesianIndex(4, 2) with a.
34     32     15         12.0783    35.9761    197.8563   % 
UB: 35.97608695652174
branching on CartesianIndex(4, 2) with a.
35     33     14         12.0783    35.9761    197.8563   % 
LB close or above UB, fathomed
36     32     13         12.0783    35.9761    197.8563   % 
UB: 35.97608695652174
branching on CartesianIndex(1, 3) with a.
37     33     12         12.0783    35.9761    197.8563   % 
UB: 35.97608695652174
branching on 3 with b.
38     34     10         12.0783    35.9761    197.8563   % 
LB close or above UB, fathomed
39     33     16         12.0920    35.9761    197.5190   % 
UB: 35.97608695652174
branching on CartesianIndex(5, 2) with a.
40     34     17         12.0920    35.9761    197.5190   % 
UB: 35.97608695652174
branching on CartesianIndex(6, 2) with a.
41     35     18         12.0920    35.9761    197.5190   % 
UB: 35.97608695652174
branching on 1 with b.
42     36     18         12.0920    35.9761    197.5190   % 
UB: 35.97608695652174
branching on 1 with b.
43     37     17         12.0920    35.9761    197.5190   % 
UB: 35.97608695652174
branching on CartesianIndex(1, 3) with a.
44     38     16         12.0920    35.9761    197.5190   % 
LB close or above UB, fathomed
45     37     12         12.0920    35.9761    197.5190   % 
UB: 35.97608695652174
branching on CartesianIndex(5, 1) with a.
46     38     12         12.0920    35.9761    197.5190   % 
UB: 35.97608695652174
branching on CartesianIndex(5, 1) with a.
47     39     13         12.0920    35.9761    197.5190   % 
UB: 35.97608695652174
branching on CartesianIndex(4, 2) with a.
48     40     14         12.0920    35.9761    197.5190   % 
UB: 35.97608695652174
branching on 1 with b.
49     41     15         12.0920    35.9761    197.5190   % 
UB: 35.97608695652174
branching on CartesianIndex(5, 2) with a.
50     42     16         12.0920    35.9761    197.5190   % 
UB: 35.97608695652174
branching on CartesianIndex(6, 2) with a.
51     43     17         12.0920    35.9761    197.5190   % 
UB: 35.97608695652174
branching on CartesianIndex(1, 3) with a.
52     44     17         12.0920    35.9761    197.5190   % 
UB: 35.97608695652174
branching on CartesianIndex(1, 3) with a.
53     45     16         12.0920    35.9761    197.5190   % 
UB: 35.97608695652174
branching on CartesianIndex(1, 3) with a.
54     46     15         12.0920    35.9761    197.5190   % 
UB: 35.97608695652174
branching on CartesianIndex(5, 2) with a.
55     47     14         12.0920    35.9761    197.5190   % 
UB: 35.97608695652174
branching on CartesianIndex(1, 3) with a.
56     48     13         12.0920    35.9761    197.5190   % 
UB: 35.97608695652174
branching on CartesianIndex(1, 3) with a.
57     49     8          12.0920    35.9761    197.5190   % 
UB: 35.97608695652174
branching on CartesianIndex(4, 2) with a.
58     50     9          12.0920    35.9761    197.5190   % 
UB: 35.97608695652174
branching on CartesianIndex(5, 2) with a.
59     51     10         12.0920    35.9761    197.5190   % 
UB: 35.97608695652174
branching on CartesianIndex(6, 2) with a.
60     52     11         12.0920    35.9761    197.5190   % 
UB: 35.97608695652174
branching on 1 with b.
61     53     11         12.0920    35.9761    197.5190   % 
UB: 35.97608695652174
branching on CartesianIndex(1, 3) with a.
62     54     10         12.0920    35.9761    197.5190   % 
UB: 35.97608695652174
branching on CartesianIndex(1, 3) with a.
63     55     9          12.0920    35.9761    197.5190   % 
UB: 35.97608695652174
branching on 1 with b.
64     56     8          12.0920    35.9761    197.5190   % 
UB: 35.97608695652174
branching on 1 with b.
65     57     12         12.0920    35.9761    197.5190   % 
UB: 35.97608695652174
branching on 1 with b.
66     58     13         12.0920    35.9761    197.5190   % 
UB: 35.97608695652174
branching on CartesianIndex(3, 2) with a.
67     59     14         12.0920    35.9761    197.5190   % 
UB: 35.97608695652174
branching on CartesianIndex(4, 2) with a.
68     60     15         12.0920    35.9761    197.5190   % 
UB: 35.97608695652174
branching on 2 with b.
69     61     15         12.0920    35.9761    197.5190   % 
LB close or above UB, fathomed
70     60     14         12.0920    35.9761    197.5190   % 
LB close or above UB, fathomed
71     59     13         12.0920    35.9761    197.5190   % 
UB: 35.97608695652174
branching on CartesianIndex(3, 2) with a.
72     60     12         12.0920    35.9761    197.5190   % 
LB close or above UB, fathomed
73     59     16         15.0638    35.9761    138.8241   % 
UB: 35.97608695652174
branching on CartesianIndex(5, 2) with a.
74     60     16         15.0638    35.9761    138.8241   % 
LB close or above UB, fathomed
75     59     16         15.0775    35.9761    138.6072   % 
UB: 35.97608695652174
branching on 3 with b.
76     60     16         15.0775    35.9761    138.6072   % 
UB: 35.97608695652174
branching on CartesianIndex(5, 2) with a.
77     61     12         15.0775    35.9761    138.6072   % 
UB: 35.97608695652174
branching on CartesianIndex(2, 3) with a.
78     62     13         15.0775    35.9761    138.6072   % 
UB: 35.97608695652174
branching on CartesianIndex(3, 3) with a.
79     63     14         15.0775    35.9761    138.6072   % 
UB: 35.97608695652174
branching on 1 with b.
80     64     15         15.0775    35.9761    138.6072   % 
UB: 35.97608695652174
branching on CartesianIndex(4, 3) with a.
81     65     16         15.0775    35.9761    138.6072   % 
UB: 35.97608695652174
branching on 1 with b.
82     66     17         15.0775    35.9761    138.6072   % 
UB: 35.97608695652174
branching on CartesianIndex(5, 3) with a.
83     67     17         15.0775    35.9761    138.6072   % 
UB: 35.97608695652174
branching on 2 with b.
84     68     18         15.0775    35.9761    138.6072   % 
UB: 35.97608695652174
branching on 3 with b.
85     69     18         15.0775    35.9761    138.6072   % 
LB close or above UB, fathomed
86     68     16         15.0775    35.9761    138.6072   % 
UB: 35.97608695652174
branching on 1 with b.
87     69     15         15.0775    35.9761    138.6072   % 
LB close or above UB, fathomed
88     68     14         15.0775    35.9761    138.6072   % 
LB close or above UB, fathomed
89     67     13         15.0775    35.9761    138.6072   % 
UB: 35.97608695652174
branching on 1 with b.
90     68     12         15.0775    35.9761    138.6072   % 
UB: 35.97608695652174
branching on 1 with b.
91     69     16         15.0775    35.9761    138.6072   % 
UB: 35.97608695652174
branching on CartesianIndex(6, 2) with a.
92     70     17         15.0775    35.9761    138.6072   % 
UB: 35.97608695652174
branching on CartesianIndex(1, 3) with a.
93     71     17         15.0775    35.9761    138.6072   % 
UB: 35.97608695652174
branching on CartesianIndex(1, 3) with a.
94     72     16         15.0775    35.9761    138.6072   % 
UB: 35.97608695652174
branching on CartesianIndex(1, 3) with a.
95     73     18         15.0775    35.9761    138.6072   % 
UB: 35.97608695652174
branching on 2 with b.
96     74     19         15.0775    35.9761    138.6072   % 
UB: 35.97608695652174
branching on CartesianIndex(2, 3) with a.
97     75     19         15.0775    35.9761    138.6072   % 
UB: 35.97608695652174
branching on CartesianIndex(2, 3) with a.
98     76     18         15.0775    35.9761    138.6072   % 
UB: 35.97608695652174
branching on CartesianIndex(1, 4) with c.
99     77     13         15.0775    35.9761    138.6072   % 
UB: 35.97608695652174
branching on CartesianIndex(6, 1) with a.
100    78     13         15.0775    35.9761    138.6072   % 
UB: 35.97608695652174
branching on CartesianIndex(1, 2) with a.
101    79     14         15.0775    35.9761    138.6072   % 
UB: 35.97608695652174
branching on CartesianIndex(2, 2) with a.
102    80     15         15.0775    35.9761    138.6072   % 
UB: 35.97608695652174
branching on 1 with b.
103    81     16         15.0775    35.9761    138.6072   % 
UB: 35.97608695652174
branching on CartesianIndex(3, 2) with a.
104    82     16         15.0775    35.9761    138.6072   % 
UB: 35.97608695652174
branching on CartesianIndex(3, 2) with a.
105    83     17         15.0775    35.9761    138.6072   % 
UB: 35.97608695652174
branching on CartesianIndex(4, 2) with a.
106    84     18         15.0775    35.9761    138.6072   % 
UB: 35.97608695652174
branching on CartesianIndex(5, 2) with a.
107    85     19         15.0775    35.9761    138.6072   % 
UB: 35.97608695652174
branching on CartesianIndex(6, 2) with a.
108    86     20         15.0775    35.9761    138.6072   % 
UB: 35.97608695652174
branching on CartesianIndex(1, 3) with a.
109    87     20         15.0775    35.9761    138.6072   % 
UB: 35.97608695652174
branching on CartesianIndex(1, 3) with a.
110    88     19         15.0775    35.9761    138.6072   % 
LB close or above UB, fathomed
111    87     18         15.0775    35.9761    138.6072   % 
UB: 35.97608695652174
branching on CartesianIndex(1, 3) with a.
112    88     17         15.0775    35.9761    138.6072   % 
LB close or above UB, fathomed
113    87     15         15.0775    35.9761    138.6072   % 
UB: 35.97608695652174
branching on CartesianIndex(1, 3) with a.
114    88     14         15.0775    35.9761    138.6072   % 
UB: 35.97608695652174
branching on 1 with b.
115    89     7          15.0775    35.9761    138.6072   % 
UB: 35.97608695652174
branching on 2 with b.
116    90     8          15.0775    35.9761    138.6072   % 
UB: 35.97608695652174
branching on CartesianIndex(2, 1) with a.
117    91     8          15.0775    35.9761    138.6072   % 
LB close or above UB, fathomed
118    90     7          15.0775    35.9761    138.6072   % 
LB close or above UB, fathomed
119    89     20         15.0775    35.9761    138.6072   % 
UB: 35.97608695652174
branching on CartesianIndex(3, 3) with a.
120    90     21         15.0775    35.9761    138.6072   % 
UB: 35.97608695652174
branching on CartesianIndex(4, 3) with a.
121    91     21         15.0775    35.9761    138.6072   % 
LB close or above UB, fathomed
122    90     20         15.0775    35.9761    138.6072   % 
UB: 35.97608695652174
branching on 3 with b.
123    91     22         15.0775    35.9761    138.6072   % 
UB: 35.97608695652174
branching on CartesianIndex(5, 3) with a.
124    92     22         15.0775    35.9761    138.6072   % 
UB: 35.97608695652174
branching on 3 with b.
125    93     23         15.0775    35.9761    138.6072   % 
UB: 35.97608695652174
branching on 3 with b.
126    94     23         15.0775    35.9761    138.6072   % 
LB close or above UB, fathomed
127    93     17         18.0494    35.9761    99.3207    % 
UB: 35.97608695652174
branching on CartesianIndex(6, 2) with a.
128    94     18         18.0494    35.9761    99.3207    % 
LB close or above UB, fathomed
129    93     18         18.0494    35.9761    99.3207    % 
UB: 35.97608695652174
branching on CartesianIndex(1, 3) with a.
130    94     17         18.0494    35.9761    99.3207    % 
UB: 35.97608695652174
branching on CartesianIndex(1, 3) with a.
131    95     21         18.0630    35.9761    99.1696    % 
UB: 35.97608695652174
branching on CartesianIndex(2, 3) with a.
132    96     22         18.0630    35.9761    99.1696    % 
UB: 35.97608695652174
branching on CartesianIndex(3, 3) with a.
133    97     23         18.0630    35.9761    99.1696    % 
UB: 35.97608695652174
branching on CartesianIndex(4, 3) with a.
134    98     23         18.0630    35.9761    99.1696    % 
LB close or above UB, fathomed
135    97     22         18.0630    35.9761    99.1696    % 
UB: 35.97608695652174
branching on CartesianIndex(1, 4) with c.
136    98     21         18.0630    35.9761    99.1696    % 
UB: 35.97608695652174
branching on CartesianIndex(1, 4) with c.
137    99     17         18.0630    35.9761    99.1696    % 
UB: 35.97608695652174
branching on CartesianIndex(4, 2) with a.
138    100    18         18.0630    35.9761    99.1696    % 
UB: 35.97608695652174
branching on CartesianIndex(5, 2) with a.
139    101    19         18.0630    35.9761    99.1696    % 
UB: 35.97608695652174
branching on CartesianIndex(6, 2) with a.
140    102    20         18.0630    35.9761    99.1696    % 
UB: 35.97608695652174
branching on CartesianIndex(1, 3) with a.
141    103    20         18.0630    35.9761    99.1696    % 
UB: 35.97608695652174
branching on CartesianIndex(1, 3) with a.
142    104    19         18.0630    35.9761    99.1696    % 
LB close or above UB, fathomed
143    103    18         18.0630    35.9761    99.1696    % 
UB: 35.97608695652174
branching on CartesianIndex(1, 3) with a.
144    104    17         18.0630    35.9761    99.1696    % 
LB close or above UB, fathomed
145    103    19         18.0630    35.9761    99.1696    % 
UB: 35.97608695652174
branching on CartesianIndex(5, 3) with a.
146    104    19         18.0630    35.9761    99.1696    % 
UB: 35.97608695652174
branching on CartesianIndex(5, 3) with a.
147    105    20         18.0630    35.9761    99.1696    % 
UB: 35.97608695652174
branching on CartesianIndex(6, 3) with a.
148    106    20         18.0630    35.9761    99.1696    % 
LB close or above UB, fathomed
149    105    17         18.0630    35.9761    99.1696    % 
UB: 35.97608695652174
branching on CartesianIndex(6, 2) with a.
150    106    18         18.0630    35.9761    99.1696    % 
UB: 35.97608695652174
branching on CartesianIndex(1, 3) with a.
151    107    18         18.0630    35.9761    99.1696    % 
UB: 35.97608695652174
branching on CartesianIndex(1, 3) with a.
152    108    17         18.0630    35.9761    99.1696    % 
LB close or above UB, fathomed
153    107    14         18.0630    35.9761    99.1696    % 
UB: 35.97608695652174
branching on 2 with b.
154    108    15         18.0630    35.9761    99.1696    % 
UB: 35.97608695652174
branching on 3 with b.
155    109    15         18.0630    35.9761    99.1696    % 
UB: 35.97608695652174
branching on CartesianIndex(4, 2) with a.
156    110    14         18.0630    35.9761    99.1696    % 
LB close or above UB, fathomed
157    109    12         18.0630    35.9761    99.1696    % 
UB: 35.97608695652174
branching on CartesianIndex(1, 3) with a.
158    110    13         18.0630    35.9761    99.1696    % 
UB: 35.97608695652174
branching on 1 with b.
159    111    14         18.0630    35.9761    99.1696    % 
UB: 35.97608695652174
branching on 2 with b.
160    112    14         18.0630    35.9761    99.1696    % 
UB: 35.97608695652174
branching on 2 with b.
161    113    15         18.0630    35.9761    99.1696    % 
UB: 35.97608695652174
branching on 3 with b.
162    114    16         18.0630    35.9761    99.1696    % 
UB: 35.97608695652174
branching on CartesianIndex(2, 3) with a.
163    115    16         18.0630    35.9761    99.1696    % 
UB: 35.97608695652174
branching on CartesianIndex(2, 3) with a.
164    116    17         18.0630    35.9761    99.1696    % 
UB: 35.97608695652174
branching on CartesianIndex(3, 3) with a.
165    117    18         18.0630    35.9761    99.1696    % 
UB: 35.97608695652174
branching on CartesianIndex(4, 3) with a.
166    118    18         18.0630    35.9761    99.1696    % 
LB close or above UB, fathomed
167    117    17         18.0630    35.9761    99.1696    % 
UB: 35.97608695652174
branching on CartesianIndex(1, 4) with c.
168    118    15         18.0630    35.9761    99.1696    % 
LB close or above UB, fathomed
169    117    13         18.0630    35.9761    99.1696    % 
UB: 35.97608695652174
branching on CartesianIndex(1, 4) with c.
170    118    14         18.0630    35.9761    99.1696    % 
LB close or above UB, fathomed
171    117    14         18.0630    35.9761    99.1696    % 
UB: 35.97608695652174
branching on CartesianIndex(1, 5) with c.
172    118    12         18.0630    35.9761    99.1696    % 
LB close or above UB, fathomed
173    117    13         18.0630    35.9761    99.1696    % 
UB: 35.97608695652174
branching on CartesianIndex(6, 1) with a.
174    118    14         18.0630    35.9761    99.1696    % 
UB: 35.97608695652174
branching on CartesianIndex(1, 2) with a.
175    119    14         18.0630    35.9761    99.1696    % 
LB close or above UB, fathomed
176    118    13         18.0630    35.9761    99.1696    % 
UB: 35.97608695652174
branching on CartesianIndex(1, 2) with a.
177    119    14         18.0630    35.9761    99.1696    % 
UB: 35.97608695652174
branching on 1 with b.
178    120    14         18.0630    35.9761    99.1696    % 
LB close or above UB, fathomed
179    119    24         18.0630    35.9761    99.1696    % 
UB: 35.97608695652174
branching on CartesianIndex(5, 3) with a.
180    120    25         18.0630    35.9761    99.1696    % 
UB: 35.97608695652174
branching on CartesianIndex(6, 3) with a.
181    121    25         18.0630    35.9761    99.1696    % 
LB close or above UB, fathomed
182    120    24         18.0630    35.9761    99.1696    % 
UB: 35.97608695652174
branching on 2 with b.
183    121    9          18.0630    35.9761    99.1696    % 
UB: 35.97608695652174
branching on 3 with b.
184    122    9          18.0630    35.9761    99.1696    % 
UB: 35.97608695652174
branching on CartesianIndex(1, 2) with a.
185    123    10         18.0630    35.9761    99.1696    % 
UB: 35.97608695652174
branching on 3 with b.
186    124    11         18.0630    35.9761    99.1696    % 
UB: 35.97608695652174
branching on 1 with b.
187    125    11         18.0630    35.9761    99.1696    % 
UB: 35.97608695652174
branching on CartesianIndex(2, 2) with a.
188    126    12         18.0630    35.9761    99.1696    % 
UB: 35.97608695652174
branching on CartesianIndex(3, 2) with a.
189    127    12         18.0630    35.9761    99.1696    % 
UB: 35.97608695652174
branching on CartesianIndex(1, 3) with a.
190    128    10         18.0630    35.9761    99.1696    % 
UB: 35.97608695652174
branching on CartesianIndex(1, 3) with a.
191    129    13         18.0630    35.9761    99.1696    % 
UB: 35.97608695652174
branching on 1 with b.
192    130    13         18.0630    35.9761    99.1696    % 
LB close or above UB, fathomed
193    129    17         18.0630    35.9761    99.1696    % 
LB close or above UB, fathomed
194    128    17         18.0630    35.9761    99.1696    % 
UB: 35.97608695652174
branching on CartesianIndex(5, 2) with a.
195    129    24         18.0630    35.9761    99.1696    % 
UB: 35.97608695652174
branching on CartesianIndex(6, 3) with a.
196    130    25         18.0630    35.9761    99.1696    % 
UB: 35.97608695652174
branching on CartesianIndex(1, 4) with c.
197    131    26         18.0630    35.9761    99.1696    % 
LB close or above UB, fathomed
198    130    26         18.0630    35.9761    99.1696    % 
UB: 35.97608695652174
branching on 1 with b.
199    131    27         18.0630    35.9761    99.1696    % 
UB: 35.97608695652174
branching on CartesianIndex(1, 5) with c.
200    132    27         18.0630    35.9761    99.1696    % 
UB: 35.97608695652174
branching on CartesianIndex(1, 5) with c.
201    133    25         18.0630    35.9761    99.1696    % 
LB close or above UB, fathomed
202    132    24         18.0630    35.9761    99.1696    % 
LB close or above UB, fathomed
203    131    18         21.0486    35.9761    70.9195    % 
UB: 35.97608695652174
branching on CartesianIndex(6, 2) with a.
204    132    19         21.0486    35.9761    70.9195    % 
UB: 35.97608695652174
branching on CartesianIndex(1, 3) with a.
205    133    19         21.0486    35.9761    70.9195    % 
UB: 35.97608695652174
branching on CartesianIndex(1, 3) with a.
206    134    18         21.0486    35.9761    70.9195    % 
LB close or above UB, fathomed
207    133    14         21.0486    35.9761    70.9195    % 
UB: 35.97608695652174
branching on 2 with b.
208    134    14         21.0486    35.9761    70.9195    % 
UB: 35.97608695652174
branching on CartesianIndex(1, 4) with c.
209    135    13         21.0486    35.9761    70.9195    % 
UB: 35.97608695652174
branching on 1 with b.
210    136    14         21.0486    35.9761    70.9195    % 
UB: 35.97608695652174
branching on CartesianIndex(4, 2) with a.
211    137    15         21.0486    35.9761    70.9195    % 
UB: 35.97608695652174
branching on CartesianIndex(5, 2) with a.
212    138    16         21.0486    35.9761    70.9195    % 
UB: 35.97608695652174
branching on 2 with b.
213    139    16         21.0486    35.9761    70.9195    % 
UB: 35.97608695652174
branching on CartesianIndex(1, 3) with a.
214    140    15         21.0486    35.9761    70.9195    % 
LB close or above UB, fathomed
215    139    14         21.0486    35.9761    70.9195    % 
LB close or above UB, fathomed
216    138    13         21.0486    35.9761    70.9195    % 
LB close or above UB, fathomed
217    137    15         21.0486    35.9761    70.9195    % 
UB: 35.97608695652174
branching on 2 with b.
218    138    16         21.0486    35.9761    70.9195    % 
UB: 35.97608695652174
branching on CartesianIndex(2, 2) with a.
219    139    16         21.0486    35.9761    70.9195    % 
UB: 35.97608695652174
branching on CartesianIndex(2, 2) with a.
220    140    15         21.0486    35.9761    70.9195    % 
UB: 35.97608695652174
branching on CartesianIndex(2, 2) with a.
221    141    16         21.0486    35.9761    70.9195    % 
UB: 35.97608695652174
branching on CartesianIndex(3, 2) with a.
222    142    17         21.0486    35.9761    70.9195    % 
UB: 35.97608695652174
branching on CartesianIndex(4, 2) with a.
223    143    18         21.0486    35.9761    70.9195    % 
UB: 35.97608695652174
branching on CartesianIndex(5, 2) with a.
224    144    19         21.0486    35.9761    70.9195    % 
UB: 35.97608695652174
branching on CartesianIndex(6, 2) with a.
225    145    20         21.0486    35.9761    70.9195    % 
LB close or above UB, fathomed
226    144    20         21.0486    35.9761    70.9195    % 
UB: 35.97608695652174
branching on CartesianIndex(1, 3) with a.
227    145    19         21.0486    35.9761    70.9195    % 
LB close or above UB, fathomed
228    144    18         21.0486    35.9761    70.9195    % 
LB close or above UB, fathomed
229    143    17         21.0486    35.9761    70.9195    % 
LB close or above UB, fathomed
230    142    16         21.0486    35.9761    70.9195    % 
LB close or above UB, fathomed
231    141    15         21.0486    35.9761    70.9195    % 
UB: 35.97608695652174
branching on CartesianIndex(2, 2) with a.
232    142    15         21.0486    35.9761    70.9195    % 
UB: 35.97608695652174
branching on CartesianIndex(1, 3) with a.
233    143    19         21.0486    35.9761    70.9195    % 
UB: 35.97608695652174
branching on 1 with b.
234    144    20         21.0486    35.9761    70.9195    % 
UB: 35.97608695652174
branching on CartesianIndex(5, 3) with a.
235    145    21         21.0486    35.9761    70.9195    % 
UB: 35.97608695652174
branching on CartesianIndex(6, 3) with a.
236    146    21         21.0486    35.9761    70.9195    % 
LB close or above UB, fathomed
237    145    20         21.0486    35.9761    70.9195    % 
LB close or above UB, fathomed
238    144    19         21.0486    35.9761    70.9195    % 
UB: 35.97608695652174
branching on 1 with b.
239    145    16         21.0486    35.9761    70.9195    % 
UB: 35.97608695652174
branching on CartesianIndex(5, 2) with a.
240    146    17         21.0486    35.9761    70.9195    % 
UB: 35.97608695652174
branching on 3 with b.
241    147    17         21.0486    35.9761    70.9195    % 
LB close or above UB, fathomed
242    146    16         21.0486    35.9761    70.9195    % 
LB close or above UB, fathomed
243    145    21         21.0486    35.9761    70.9195    % 
UB: 35.97608695652174
branching on CartesianIndex(1, 4) with c.
244    146    22         21.0486    35.9761    70.9195    % 
LB close or above UB, fathomed
245    145    22         21.0486    35.9761    70.9195    % 
UB: 35.97608695652174
branching on 1 with b.
246    146    23         21.0486    35.9761    70.9195    % 
UB: 35.97608695652174
branching on 2 with b.
247    147    23         21.0486    35.9761    70.9195    % 
UB: 35.97608695652174
branching on 2 with b.
248    148    21         21.0486    35.9761    70.9195    % 
LB close or above UB, fathomed
249    147    21         21.0486    35.9761    70.9195    % 
UB: 35.97608695652174
branching on CartesianIndex(2, 3) with a.
250    148    21         21.0486    35.9761    70.9195    % 
UB: 35.97608695652174
branching on CartesianIndex(1, 4) with c.
251    149    14         21.0486    35.9761    70.9195    % 
UB: 35.97608695652174
branching on 1 with b.
252    150    14         21.0486    35.9761    70.9195    % 
LB close or above UB, fathomed
253    149    18         21.0486    35.9761    70.9195    % 
UB: 35.97608695652174
branching on CartesianIndex(2, 3) with a.
254    150    19         21.0486    35.9761    70.9195    % 
UB: 35.97608695652174
branching on 2 with b.
255    151    20         21.0486    35.9761    70.9195    % 
UB: 35.97608695652174
branching on CartesianIndex(3, 3) with a.
256    152    20         21.0486    35.9761    70.9195    % 
UB: 35.97608695652174
branching on 3 with b.
257    153    19         21.0486    35.9761    70.9195    % 
UB: 35.97608695652174
branching on CartesianIndex(1, 4) with c.
258    154    18         21.0486    35.9761    70.9195    % 
UB: 35.97608695652174
branching on CartesianIndex(1, 4) with c.
259    155    19         21.0486    35.9761    70.9195    % 
UB: 35.97608695652174
branching on 2 with b.
260    156    19         21.0486    35.9761    70.9195    % 
UB: 35.97608695652174
branching on CartesianIndex(1, 3) with a.
261    157    20         21.0486    35.9761    70.9195    % 
UB: 35.97608695652174
branching on CartesianIndex(1, 3) with a.
262    158    20         21.0486    35.9761    70.9195    % 
UB: 35.97608695652174
branching on CartesianIndex(1, 3) with a.
263    159    21         21.0486    35.9761    70.9195    % 
UB: 35.97608695652174
branching on CartesianIndex(2, 3) with a.
264    160    21         21.0486    35.9761    70.9195    % 
UB: 35.97608695652174
branching on CartesianIndex(1, 4) with c.
265    161    21         21.0486    35.9761    70.9195    % 
UB: 35.97608695652174
branching on 3 with b.
266    162    21         21.0486    35.9761    70.9195    % 
LB close or above UB, fathomed
267    161    22         21.0486    35.9761    70.9195    % 
UB: 35.97608695652174
branching on CartesianIndex(3, 3) with a.
268    162    23         21.0486    35.9761    70.9195    % 
UB: 35.97608695652174
branching on 2 with b.
269    163    23         21.0486    35.9761    70.9195    % 
LB close or above UB, fathomed
270    162    22         21.0486    35.9761    70.9195    % 
UB: 35.97608695652174
branching on CartesianIndex(1, 4) with c.
271    163    20         21.0486    35.9761    70.9195    % 
UB: 35.97608695652174
branching on CartesianIndex(6, 3) with a.
272    164    20         21.0486    35.9761    70.9195    % 
LB close or above UB, fathomed
273    163    20         21.0486    35.9761    70.9195    % 
UB: 35.97608695652174
branching on CartesianIndex(3, 3) with a.
274    164    20         21.0486    35.9761    70.9195    % 
UB: 35.97608695652174
branching on CartesianIndex(1, 4) with c.
275    165    21         21.0486    35.9761    70.9195    % 
UB: 35.97608695652174
branching on CartesianIndex(4, 3) with a.
276    166    22         21.0486    35.9761    70.9195    % 
UB: 35.97608695652174
branching on CartesianIndex(5, 3) with a.
277    167    23         21.0486    35.9761    70.9195    % 
UB: 35.97608695652174
branching on 3 with b.
278    168    23         21.0486    35.9761    70.9195    % 
LB close or above UB, fathomed
279    167    22         21.0486    35.9761    70.9195    % 
UB: 35.97608695652174
branching on CartesianIndex(1, 4) with c.
280    168    21         21.0486    35.9761    70.9195    % 
LB close or above UB, fathomed
281    167    24         21.0486    35.9761    70.9195    % 
UB: 35.97608695652174
branching on CartesianIndex(4, 3) with a.
282    168    24         21.0486    35.9761    70.9195    % 
UB: 35.97608695652174
branching on CartesianIndex(4, 3) with a.
283    169    22         21.0486    35.9761    70.9195    % 
UB: 35.97608695652174
branching on CartesianIndex(4, 3) with a.
284    170    23         21.0486    35.9761    70.9195    % 
UB: 35.97608695652174
branching on CartesianIndex(5, 3) with a.
285    171    24         21.0486    35.9761    70.9195    % 
UB: 35.97608695652174
branching on CartesianIndex(6, 3) with a.
286    172    24         21.0486    35.9761    70.9195    % 
LB close or above UB, fathomed
287    171    23         21.0486    35.9761    70.9195    % 
UB: 35.97608695652174
branching on CartesianIndex(1, 4) with c.
288    172    22         21.0486    35.9761    70.9195    % 
LB close or above UB, fathomed
289    171    22         21.0486    35.9761    70.9195    % 
UB: 35.97608695652174
branching on 3 with b.
290    172    23         21.0486    35.9761    70.9195    % 
UB: 35.97608695652174
branching on CartesianIndex(3, 3) with a.
291    173    24         21.0486    35.9761    70.9195    % 
UB: 35.97608695652174
branching on 1 with b.
292    174    25         21.0486    35.9761    70.9195    % 
UB: 35.97608695652174
branching on 2 with b.
293    175    25         21.0486    35.9761    70.9195    % 
UB: 35.97608695652174
branching on CartesianIndex(4, 3) with a.
294    176    24         21.0486    35.9761    70.9195    % 
LB close or above UB, fathomed
295    175    23         21.0486    35.9761    70.9195    % 
LB close or above UB, fathomed
296    174    22         21.0486    35.9761    70.9195    % 
UB: 35.97608695652174
branching on CartesianIndex(1, 4) with c.
297    175    24         21.0486    35.9761    70.9195    % 
UB: 35.97608695652174
branching on 3 with b.
298    176    24         21.0486    35.9761    70.9195    % 
UB: 35.97608695652174
branching on CartesianIndex(1, 5) with c.
299    177    28         21.0486    35.9761    70.9195    % 
UB: 35.97608695652174
branching on CartesianIndex(2, 5) with c.
300    178    28         21.0486    35.9761    70.9195    % 
LB close or above UB, fathomed
301    177    26         21.0486    35.9761    70.9195    % 
UB: 35.97608695652174
branching on CartesianIndex(1, 4) with c.
302    178    27         21.0486    35.9761    70.9195    % 
LB close or above UB, fathomed
303    177    27         21.0486    35.9761    70.9195    % 
UB: 35.97608695652174
branching on CartesianIndex(1, 5) with c.
304    178    28         21.0486    35.9761    70.9195    % 
UB: 35.97608695652174
branching on CartesianIndex(2, 5) with c.
305    179    29         21.0486    35.9761    70.9195    % 
UB: 35.97608695652174
branching on 2 with b.
306    180    30         21.0486    35.9761    70.9195    % 
LB close or above UB, fathomed
307    179    30         21.0486    35.9761    70.9195    % 
UB: 35.97608695652174
branching on 3 with b.
308    180    31         21.0486    35.9761    70.9195    % 
UB: 35.97608695652174
branching on CartesianIndex(1, 6) with c.
309    181    32         21.0486    35.9761    70.9195    % 
LB close or above UB, fathomed
310    180    32         21.0486    35.9761    70.9195    % 
UB: 35.97608695652174
branching on CartesianIndex(1, 7) with c.
311    181    33         21.0486    35.9761    70.9195    % 
UB: 35.97608695652174
branching on CartesianIndex(2, 7) with c.
312    182    34         21.0486    35.9761    70.9195    % 
LB close or above UB, fathomed
313    181    34         21.0486    35.9761    70.9195    % 
UB: 35.97608695652174
branching on 1 with b.
314    182    35         21.0486    35.9761    70.9195    % 
UB: 35.97608695652174
branching on 2 with b.
315    183    36         21.0486    35.9761    70.9195    % 
UB: 35.97608695652174
branching on 3 with b.
316    184    37         21.0486    35.9761    70.9195    % 
UB: 35.97608695652174
branching on 1 with b.
317    185    38         21.0486    35.9761    70.9195    % 
UB: 35.97608695652174
branching on 2 with b.
318    186    39         21.0486    35.9761    70.9195    % 
UB: 35.97608695652174
branching on 3 with b.
319    187    39         21.0486    35.9761    70.9195    % 
UB: 35.97608695652174
branching on 3 with b.
320    188    38         21.0486    35.9761    70.9195    % 
UB: 35.97608695652174
branching on 2 with b.
321    189    39         21.0486    35.9761    70.9195    % 
UB: 35.97608695652174
branching on 3 with b.
322    190    39         21.0486    35.9761    70.9195    % 
UB: 35.97608695652174
branching on 3 with b.
323    191    37         21.0486    35.9761    70.9195    % 
LB close or above UB, fathomed
324    190    36         21.0486    35.9761    70.9195    % 
LB close or above UB, fathomed
325    189    35         21.0486    35.9761    70.9195    % 
UB: 35.97608695652174
branching on 2 with b.
326    190    33         21.0486    35.9761    70.9195    % 
LB close or above UB, fathomed
327    189    31         21.0486    35.9761    70.9195    % 
LB close or above UB, fathomed
328    188    29         21.0486    35.9761    70.9195    % 
LB close or above UB, fathomed
329    187    28         21.0486    35.9761    70.9195    % 
LB close or above UB, fathomed
330    186    26         21.0486    35.9761    70.9195    % 
LB close or above UB, fathomed
331    185    19         21.0486    35.9761    70.9195    % 
UB: 35.97608695652174
branching on 3 with b.
332    186    20         21.0486    35.9761    70.9195    % 
LB close or above UB, fathomed
333    185    20         21.0486    35.9761    70.9195    % 
UB: 35.97608695652174
branching on CartesianIndex(2, 3) with a.
334    186    21         21.0486    35.9761    70.9195    % 
UB: 35.97608695652174
branching on CartesianIndex(3, 3) with a.
335    187    22         21.0486    35.9761    70.9195    % 
UB: 35.97608695652174
branching on CartesianIndex(4, 3) with a.
336    188    23         21.0486    35.9761    70.9195    % 
UB: 35.97608695652174
branching on CartesianIndex(5, 3) with a.
337    189    24         21.0486    35.9761    70.9195    % 
UB: 35.97608695652174
branching on CartesianIndex(6, 3) with a.
338    190    25         21.0486    35.9761    70.9195    % 
UB: 35.97608695652174
branching on CartesianIndex(1, 4) with c.
339    191    26         21.0486    35.9761    70.9195    % 
LB close or above UB, fathomed
340    190    26         21.0486    35.9761    70.9195    % 
UB: 35.97608695652174
branching on CartesianIndex(1, 5) with c.
341    191    27         21.0486    35.9761    70.9195    % 
UB: 35.97608695652174
branching on CartesianIndex(2, 5) with c.
342    192    28         21.0486    35.9761    70.9195    % 
UB: 35.97608695652174
branching on CartesianIndex(1, 6) with c.
343    193    29         21.0486    35.9761    70.9195    % 
LB close or above UB, fathomed
344    192    29         21.0486    35.9761    70.9195    % 
UB: 35.97608695652174
branching on CartesianIndex(1, 7) with c.
345    193    30         21.0486    35.9761    70.9195    % 
UB: 35.97608695652174
branching on CartesianIndex(2, 7) with c.
346    194    31         21.0486    35.9761    70.9195    % 
LB close or above UB, fathomed
347    193    31         21.0486    35.9761    70.9195    % 
UB: 35.97608695652174
branching on 1 with b.
348    194    32         21.0486    35.9761    70.9195    % 
UB: 35.97608695652174
branching on 2 with b.
349    195    32         21.0486    35.9761    70.9195    % 
UB: 35.97608695652174
branching on 2 with b.
350    196    30         21.0486    35.9761    70.9195    % 
LB close or above UB, fathomed
351    195    28         21.0486    35.9761    70.9195    % 
LB close or above UB, fathomed
352    194    27         21.0486    35.9761    70.9195    % 
LB close or above UB, fathomed
353    193    25         21.0486    35.9761    70.9195    % 
LB close or above UB, fathomed
354    192    24         21.0486    35.9761    70.9195    % 
LB close or above UB, fathomed
355    191    23         21.0486    35.9761    70.9195    % 
UB: 35.97608695652174
branching on CartesianIndex(1, 4) with c.
356    192    22         21.0486    35.9761    70.9195    % 
LB close or above UB, fathomed
357    191    21         21.0486    35.9761    70.9195    % 
LB close or above UB, fathomed
358    190    19         21.0486    35.9761    70.9195    % 
UB: 35.97608695652174
branching on CartesianIndex(1, 4) with c.
359    191    29         21.0486    35.9761    70.9195    % 
UB: 35.97608695652174
branching on CartesianIndex(1, 6) with c.
360    192    30         21.0486    35.9761    70.9195    % 
LB close or above UB, fathomed
361    191    30         21.0486    35.9761    70.9195    % 
UB: 35.97608695652174
branching on CartesianIndex(1, 7) with c.
362    192    31         21.0486    35.9761    70.9195    % 
UB: 35.97608695652174
branching on CartesianIndex(2, 7) with c.
363    193    32         21.0486    35.9761    70.9195    % 
LB close or above UB, fathomed
364    192    32         21.0486    35.9761    70.9195    % 
UB: 35.97608695652174
branching on 2 with b.
365    193    33         21.0486    35.9761    70.9195    % 
UB: 35.97608695652174
branching on 3 with b.
366    194    34         21.0486    35.9761    70.9195    % 
UB: 35.97608695652174
branching on 1 with b.
367    195    35         21.0486    35.9761    70.9195    % 
UB: 35.97608695652174
branching on 2 with b.
368    196    36         21.0486    35.9761    70.9195    % 
UB: 35.97608695652174
branching on 3 with b.
369    197    36         21.0486    35.9761    70.9195    % 
UB: 35.97608695652174
branching on 3 with b.
370    198    35         21.0486    35.9761    70.9195    % 
UB: 35.97608695652174
branching on 2 with b.
371    199    34         21.0486    35.9761    70.9195    % 
LB close or above UB, fathomed
372    198    33         21.0486    35.9761    70.9195    % 
LB close or above UB, fathomed
373    197    31         21.0486    35.9761    70.9195    % 
LB close or above UB, fathomed
374    196    29         21.0486    35.9761    70.9195    % 
LB close or above UB, fathomed
375    195    25         21.0486    35.9761    70.9195    % 
UB: 35.97608695652174
branching on 3 with b.
376    196    26         21.0486    35.9761    70.9195    % 
UB: 35.97608695652174
branching on 1 with b.
377    197    27         21.0486    35.9761    70.9195    % 
UB: 35.97608695652174
branching on CartesianIndex(2, 5) with c.
378    198    27         21.0486    35.9761    70.9195    % 
UB: 35.97608695652174
branching on CartesianIndex(2, 5) with c.
379    199    26         21.0486    35.9761    70.9195    % 
LB close or above UB, fathomed
380    198    25         21.0486    35.9761    70.9195    % 
LB close or above UB, fathomed
381    197    25         21.0486    35.9761    70.9195    % 
UB: 35.97608695652174
branching on 3 with b.
382    198    25         21.0486    35.9761    70.9195    % 
UB: 35.97608695652174
branching on CartesianIndex(1, 4) with c.
383    199    28         21.0486    35.9761    70.9195    % 
UB: 35.97608695652174
branching on CartesianIndex(1, 6) with c.
384    200    29         21.0486    35.9761    70.9195    % 
LB close or above UB, fathomed
385    199    29         21.0486    35.9761    70.9195    % 
UB: 35.97608695652174
branching on CartesianIndex(1, 7) with c.
386    200    30         21.0486    35.9761    70.9195    % 
UB: 35.97608695652174
branching on 2 with b.
387    201    31         21.0486    35.9761    70.9195    % 
UB: 35.97608695652174
branching on CartesianIndex(2, 7) with c.
388    202    31         21.0486    35.9761    70.9195    % 
LB close or above UB, fathomed
389    201    30         21.0486    35.9761    70.9195    % 
LB close or above UB, fathomed
390    200    28         21.0486    35.9761    70.9195    % 
LB close or above UB, fathomed
391    199    32         21.0486    35.9761    70.9195    % 
LB close or above UB, fathomed
392    198    32         21.0486    35.9761    70.9195    % 
UB: 35.97608695652174
branching on 3 with b.
393    199    33         21.0486    35.9761    70.9195    % 
UB: 35.97608695652174
branching on 1 with b.
394    200    34         21.0486    35.9761    70.9195    % 
UB: 35.97608695652174
branching on 2 with b.
395    201    35         21.0486    35.9761    70.9195    % 
UB: 35.97608695652174
branching on 3 with b.
396    202    35         21.0486    35.9761    70.9195    % 
UB: 35.97608695652174
branching on 3 with b.
397    203    34         21.0486    35.9761    70.9195    % 
UB: 35.97608695652174
branching on 2 with b.
398    204    35         21.0486    35.9761    70.9195    % 
UB: 32.99057971014493
branching on 3 with b.
399    205    35         21.0486    32.9906    56.7356    % 
UB: 32.99057971014493
branching on 3 with b.
400    164    33         21.0486    32.9906    56.7356    % 
LB close or above UB, fathomed
401    163    26         21.0486    32.9906    56.7356    % 
UB: 32.99057971014493
branching on CartesianIndex(5, 3) with a.
402    164    27         21.0486    32.9906    56.7356    % 
UB: 32.99057971014493
branching on CartesianIndex(6, 3) with a.
403    165    27         21.0486    32.9906    56.7356    % 
LB close or above UB, fathomed
404    164    26         21.0486    32.9906    56.7356    % 
LB close or above UB, fathomed
405    163    17         21.4008    32.9906    54.1558    % 
LB close or above UB, fathomed
406    162    17         21.4008    32.9906    54.1558    % 
UB: 32.99057971014493
branching on CartesianIndex(1, 4) with c.
407    163    17         23.0389    32.9906    43.1952    % 
LB close or above UB, fathomed
408    162    17         23.0389    32.9906    43.1952    % 
UB: 32.99057971014493
branching on CartesianIndex(6, 2) with a.
409    163    5          23.9841    32.9906    37.5521    % 
UB: 32.99057971014493
branching on CartesianIndex(2, 1) with a.
410    164    6          23.9841    32.9906    37.5521    % 
UB: 32.99057971014493
branching on CartesianIndex(3, 1) with a.
411    165    7          23.9841    32.9906    37.5521    % 
UB: 32.99057971014493
branching on 1 with b.
412    166    8          23.9841    32.9906    37.5521    % 
LB close or above UB, fathomed
413    165    8          23.9841    32.9906    37.5521    % 
UB: 32.99057971014493
branching on 1 with b.
414    166    9          23.9841    32.9906    37.5521    % 
UB: 32.99057971014493
branching on 2 with b.
415    167    10         23.9841    32.9906    37.5521    % 
UB: 32.99057971014493
branching on CartesianIndex(4, 1) with a.
416    168    11         23.9841    32.9906    37.5521    % 
UB: 32.99057971014493
branching on 1 with b.
417    169    12         23.9841    32.9906    37.5521    % 
UB: 32.99057971014493
branching on CartesianIndex(5, 1) with a.
418    170    12         23.9841    32.9906    37.5521    % 
LB close or above UB, fathomed
419    169    11         23.9841    32.9906    37.5521    % 
LB close or above UB, fathomed
420    168    10         23.9841    32.9906    37.5521    % 
LB close or above UB, fathomed
421    167    9          23.9841    32.9906    37.5521    % 
LB close or above UB, fathomed
422    166    7          23.9841    32.9906    37.5521    % 
LB close or above UB, fathomed
423    165    6          23.9841    32.9906    37.5521    % 
LB close or above UB, fathomed
424    164    5          23.9841    32.9906    37.5521    % 
UB: 32.99057971014493
branching on 1 with b.
425    165    18         24.0341    32.9906    37.2660    % 
LB close or above UB, fathomed
426    164    18         24.0341    32.9906    37.2660    % 
UB: 32.99057971014493
branching on 2 with b.
427    165    36         24.0341    32.9906    37.2660    % 
UB: 32.99057971014493
branching on 1 with b.
428    166    37         24.0341    32.9906    37.2660    % 
UB: 32.99057971014493
branching on 2 with b.
429    167    38         24.0341    32.9906    37.2660    % 
UB: 32.99057971014493
branching on 3 with b.
430    168    38         24.0341    32.9906    37.2660    % 
LB close or above UB, fathomed
431    167    37         24.0341    32.9906    37.2660    % 
UB: 32.99057971014493
branching on 2 with b.
432    168    38         24.0341    32.9906    37.2660    % 
UB: 32.99057971014493
branching on 3 with b.
433    169    38         24.0341    32.9906    37.2660    % 
LB close or above UB, fathomed
434    168    36         24.0341    32.9906    37.2660    % 
UB: 32.99057971014493
branching on 1 with b.
435    169    37         24.0341    32.9906    37.2660    % 
UB: 32.99057971014493
branching on 1 with b.
436    170    38         24.0341    32.9906    37.2660    % 
UB: 32.99057971014493
branching on 2 with b.
437    171    39         24.0341    32.9906    37.2660    % 
UB: 32.99057971014493
branching on 3 with b.
438    172    39         24.0341    32.9906    37.2660    % 
LB close or above UB, fathomed
439    171    38         24.0341    32.9906    37.2660    % 
UB: 32.99057971014493
branching on 2 with b.
440    172    37         24.0341    32.9906    37.2660    % 
UB: 32.99057971014493
branching on 1 with b.
441    173    33         24.0341    32.9906    37.2660    % 
UB: 32.99057971014493
branching on 3 with b.
442    174    34         24.0341    32.9906    37.2660    % 
LB close or above UB, fathomed
443    173    34         24.0341    32.9906    37.2660    % 
UB: 32.99057971014493
branching on 1 with b.
444    174    35         24.0341    32.9906    37.2660    % 
UB: 32.99057971014493
branching on 2 with b.
445    175    36         24.0341    32.9906    37.2660    % 
UB: 32.99057971014493
branching on 3 with b.
446    176    36         24.0341    32.9906    37.2660    % 
UB: 32.99057971014493
branching on 3 with b.
447    177    35         24.0341    32.9906    37.2660    % 
UB: 32.99057971014493
branching on 2 with b.
448    178    33         24.0341    32.9906    37.2660    % 
LB close or above UB, fathomed
449    177    36         24.0341    32.9906    37.2660    % 
UB: 32.99057971014493
branching on 3 with b.
450    178    37         24.0341    32.9906    37.2660    % 
UB: 32.99057971014493
branching on 1 with b.
451    179    38         24.0341    32.9906    37.2660    % 
UB: 32.99057971014493
branching on 2 with b.
452    180    39         24.0341    32.9906    37.2660    % 
LB close or above UB, fathomed
453    179    39         24.0341    32.9906    37.2660    % 
UB: 32.99057971014493
branching on 3 with b.
454    180    38         24.0341    32.9906    37.2660    % 
LB close or above UB, fathomed
455    179    37         24.0341    32.9906    37.2660    % 
LB close or above UB, fathomed
456    178    36         24.0341    32.9906    37.2660    % 
LB close or above UB, fathomed
457    177    40         24.0341    32.9906    37.2660    % 
UB: 32.99057971014493
branching on 1 with b.
458    178    41         24.0341    32.9906    37.2660    % 
UB: 32.99057971014493
branching on 2 with b.
459    179    42         24.0341    32.9906    37.2660    % 
UB: 32.99057971014493
branching on 3 with b.
460    180    42         24.0341    32.9906    37.2660    % 
LB close or above UB, fathomed
461    179    41         24.0341    32.9906    37.2660    % 
UB: 32.99057971014493
branching on 2 with b.
462    180    42         24.0341    32.9906    37.2660    % 
UB: 32.99057971014493
branching on 3 with b.
463    181    42         24.0341    32.9906    37.2660    % 
LB close or above UB, fathomed
464    180    40         24.0341    32.9906    37.2660    % 
UB: 32.99057971014493
branching on 1 with b.
465    181    40         24.0341    32.9906    37.2660    % 
UB: 32.99057971014493
branching on 1 with b.
466    182    41         24.0341    32.9906    37.2660    % 
UB: 32.99057971014493
branching on 2 with b.
467    183    41         24.0341    32.9906    37.2660    % 
UB: 32.99057971014493
branching on 2 with b.
468    184    42         24.0341    32.9906    37.2660    % 
UB: 32.99057971014493
branching on 3 with b.
469    185    42         24.0341    32.9906    37.2660    % 
LB close or above UB, fathomed
470    184    40         24.0341    32.9906    37.2660    % 
UB: 32.99057971014493
branching on 1 with b.
471    185    15         24.0341    32.9906    37.2660    % 
LB close or above UB, fathomed
472    184    15         24.0341    32.9906    37.2660    % 
UB: 32.99057971014493
branching on CartesianIndex(1, 4) with c.
473    185    16         24.0341    32.9906    37.2660    % 
LB close or above UB, fathomed
474    184    16         24.0341    32.9906    37.2660    % 
UB: 32.99057971014493
branching on CartesianIndex(1, 5) with c.
475    185    17         24.0341    32.9906    37.2660    % 
UB: 32.99057971014493
branching on CartesianIndex(2, 5) with c.
476    186    17         24.0341    32.9906    37.2660    % 
LB close or above UB, fathomed
477    185    18         24.0341    32.9906    37.2660    % 
LB close or above UB, fathomed
478    184    18         24.0341    32.9906    37.2660    % 
UB: 32.99057971014493
branching on CartesianIndex(6, 2) with a.
479    185    19         24.0341    32.9906    37.2660    % 
LB close or above UB, fathomed
480    184    19         24.0341    32.9906    37.2660    % 
LB close or above UB, fathomed
481    183    22         24.0341    32.9906    37.2660    % 
UB: 32.99057971014493
branching on CartesianIndex(1, 4) with c.
482    184    23         24.0341    32.9906    37.2660    % 
LB close or above UB, fathomed
483    183    23         24.0341    32.9906    37.2660    % 
UB: 32.99057971014493
branching on CartesianIndex(1, 5) with c.
484    184    24         24.0341    32.9906    37.2660    % 
UB: 32.99057971014493
branching on CartesianIndex(2, 5) with c.
485    185    24         24.0341    32.9906    37.2660    % 
LB close or above UB, fathomed
486    184    22         24.0341    32.9906    37.2660    % 
LB close or above UB, fathomed
487    183    16         24.0341    32.9906    37.2660    % 
UB: 32.99057971014493
branching on CartesianIndex(3, 2) with a.
488    184    17         24.0341    32.9906    37.2660    % 
UB: 32.99057971014493
branching on CartesianIndex(4, 2) with a.
489    185    17         24.0341    32.9906    37.2660    % 
LB close or above UB, fathomed
490    184    16         24.0341    32.9906    37.2660    % 
UB: 32.99057971014493
branching on 1 with b.
491    185    17         24.0341    32.9906    37.2660    % 
UB: 32.99057971014493
branching on 3 with b.
492    186    18         24.0341    32.9906    37.2660    % 
LB close or above UB, fathomed
493    185    18         24.0341    32.9906    37.2660    % 
UB: 32.99057971014493
branching on CartesianIndex(3, 2) with a.
494    186    19         24.0341    32.9906    37.2660    % 
UB: 32.99057971014493
branching on CartesianIndex(4, 2) with a.
495    187    20         24.0341    32.9906    37.2660    % 
UB: 32.99057971014493
branching on CartesianIndex(5, 2) with a.
496    188    21         24.0341    32.9906    37.2660    % 
UB: 32.99057971014493
branching on CartesianIndex(6, 2) with a.
497    189    22         24.0341    32.9906    37.2660    % 
LB close or above UB, fathomed
498    188    22         24.0341    32.9906    37.2660    % 
UB: 32.99057971014493
branching on CartesianIndex(1, 3) with a.
499    189    21         24.0341    32.9906    37.2660    % 
LB close or above UB, fathomed
500    188    20         24.0341    32.9906    37.2660    % 
LB close or above UB, fathomed
501    187    19         24.0341    32.9906    37.2660    % 
LB close or above UB, fathomed
502    186    17         24.0341    32.9906    37.2660    % 
LB close or above UB, fathomed
503    185    15         24.0341    32.9906    37.2660    % 
LB close or above UB, fathomed
504    184    15         24.0341    32.9906    37.2660    % 
UB: 32.99057971014493
branching on CartesianIndex(1, 5) with c.
505    185    16         24.0341    32.9906    37.2660    % 
UB: 32.99057971014493
branching on CartesianIndex(2, 5) with c.
506    186    16         24.0341    32.9906    37.2660    % 
LB close or above UB, fathomed
507    185    12         24.0341    32.9906    37.2660    % 
UB: 32.99057971014493
branching on CartesianIndex(2, 2) with a.
508    186    13         24.0341    32.9906    37.2660    % 
UB: 32.99057971014493
branching on CartesianIndex(3, 2) with a.
509    187    13         24.0341    32.9906    37.2660    % 
LB close or above UB, fathomed
510    186    12         24.0341    32.9906    37.2660    % 
LB close or above UB, fathomed
511    185    10         24.0341    32.9906    37.2660    % 
UB: 32.99057971014493
branching on 1 with b.
512    186    11         24.0341    32.9906    37.2660    % 
UB: 32.99057971014493
branching on CartesianIndex(3, 1) with a.
513    187    12         24.0341    32.9906    37.2660    % 
UB: 32.99057971014493
branching on CartesianIndex(4, 1) with a.
514    188    13         24.0341    32.9906    37.2660    % 
UB: 32.99057971014493
branching on CartesianIndex(5, 1) with a.
515    189    14         24.0341    32.9906    37.2660    % 
UB: 32.99057971014493
branching on CartesianIndex(6, 1) with a.
516    190    14         24.0341    32.9906    37.2660    % 
UB: 32.99057971014493
branching on 2 with b.
517    191    13         24.0341    32.9906    37.2660    % 
UB: 32.99057971014493
branching on CartesianIndex(1, 2) with a.
518    192    12         24.0341    32.9906    37.2660    % 
LB close or above UB, fathomed
519    191    11         24.0341    32.9906    37.2660    % 
UB: 32.99057971014493
branching on CartesianIndex(3, 1) with a.
520    192    10         24.0341    32.9906    37.2660    % 
UB: 32.99057971014493
branching on CartesianIndex(3, 1) with a.
521    193    11         24.0341    32.9906    37.2660    % 
UB: 32.99057971014493
branching on CartesianIndex(4, 1) with a.
522    194    12         24.0341    32.9906    37.2660    % 
UB: 32.99057971014493
branching on CartesianIndex(5, 1) with a.
523    195    13         24.0341    32.9906    37.2660    % 
UB: 32.99057971014493
branching on CartesianIndex(6, 1) with a.
524    196    14         24.0341    32.9906    37.2660    % 
UB: 32.99057971014493
branching on 1 with b.
525    197    15         24.0341    32.9906    37.2660    % 
UB: 32.99057971014493
branching on CartesianIndex(1, 2) with a.
526    198    16         24.0341    32.9906    37.2660    % 
UB: 32.99057971014493
branching on CartesianIndex(2, 2) with a.
527    199    17         24.0341    32.9906    37.2660    % 
UB: 32.99057971014493
branching on CartesianIndex(3, 2) with a.
528    200    18         24.0341    32.9906    37.2660    % 
UB: 32.99057971014493
branching on CartesianIndex(4, 2) with a.
529    201    18         24.0341    32.9906    37.2660    % 
LB close or above UB, fathomed
530    200    17         24.0341    32.9906    37.2660    % 
LB close or above UB, fathomed
531    199    16         24.0341    32.9906    37.2660    % 
LB close or above UB, fathomed
532    198    15         24.0341    32.9906    37.2660    % 
LB close or above UB, fathomed
533    197    14         24.0341    32.9906    37.2660    % 
LB close or above UB, fathomed
534    196    13         24.0341    32.9906    37.2660    % 
UB: 32.99057971014493
branching on CartesianIndex(1, 2) with a.
535    197    12         24.0341    32.9906    37.2660    % 
UB: 32.99057971014493
branching on CartesianIndex(1, 2) with a.
536    198    13         24.0341    32.9906    37.2660    % 
UB: 32.99057971014493
branching on CartesianIndex(2, 2) with a.
537    199    13         24.0341    32.9906    37.2660    % 
LB close or above UB, fathomed
538    198    11         24.0341    32.9906    37.2660    % 
LB close or above UB, fathomed
539    197    15         24.0341    32.9906    37.2660    % 
UB: 32.99057971014493
branching on 1 with b.
540    198    16         24.0341    32.9906    37.2660    % 
UB: 32.99057971014493
branching on CartesianIndex(2, 5) with c.
541    199    16         24.0341    32.9906    37.2660    % 
UB: 32.99057971014493
branching on 2 with b.
542    200    15         24.0341    32.9906    37.2660    % 
LB close or above UB, fathomed
543    199    15         24.0341    32.9906    37.2660    % 
UB: 32.99057971014493
branching on CartesianIndex(2, 3) with a.
544    200    16         24.0341    32.9906    37.2660    % 
UB: 32.99057971014493
branching on CartesianIndex(3, 3) with a.
545    201    17         24.0341    32.9906    37.2660    % 
UB: 32.99057971014493
branching on CartesianIndex(4, 3) with a.
546    202    18         24.0341    32.9906    37.2660    % 
UB: 32.99057971014493
branching on 3 with b.
547    203    19         24.0341    32.9906    37.2660    % 
UB: 32.99057971014493
branching on CartesianIndex(5, 3) with a.
548    204    19         24.0341    32.9906    37.2660    % 
UB: 32.99057971014493
branching on CartesianIndex(5, 3) with a.
549    205    20         24.0341    32.9906    37.2660    % 
UB: 32.99057971014493
branching on CartesianIndex(6, 3) with a.
550    206    20         24.0341    32.9906    37.2660    % 
LB close or above UB, fathomed
551    205    18         24.0341    32.9906    37.2660    % 
LB close or above UB, fathomed
552    204    17         24.0341    32.9906    37.2660    % 
LB close or above UB, fathomed
553    203    16         24.0341    32.9906    37.2660    % 
LB close or above UB, fathomed
554    202    15         24.0341    32.9906    37.2660    % 
UB: 32.99057971014493
branching on CartesianIndex(2, 3) with a.
555    203    21         24.0341    32.9906    37.2660    % 
UB: 32.99057971014493
branching on CartesianIndex(2, 3) with a.
556    204    22         24.0341    32.9906    37.2660    % 
UB: 32.99057971014493
branching on CartesianIndex(3, 3) with a.
557    205    23         24.0341    32.9906    37.2660    % 
UB: 32.99057971014493
branching on CartesianIndex(4, 3) with a.
558    206    24         24.0341    32.9906    37.2660    % 
UB: 32.99057971014493
branching on CartesianIndex(5, 3) with a.
559    207    25         24.0341    32.9906    37.2660    % 
UB: 32.99057971014493
branching on 2 with b.
560    208    25         24.0341    32.9906    37.2660    % 
LB close or above UB, fathomed
561    207    24         24.0341    32.9906    37.2660    % 
LB close or above UB, fathomed
562    206    23         24.0341    32.9906    37.2660    % 
LB close or above UB, fathomed
563    205    22         24.0341    32.9906    37.2660    % 
LB close or above UB, fathomed
564    204    21         24.0341    32.9906    37.2660    % 
LB close or above UB, fathomed
565    203    14         24.0341    32.9906    37.2660    % 
UB: 32.99057971014493
branching on CartesianIndex(1, 2) with a.
566    204    15         24.0341    32.9906    37.2660    % 
UB: 32.99057971014493
branching on CartesianIndex(2, 2) with a.
567    205    16         24.0341    32.9906    37.2660    % 
UB: 32.99057971014493
branching on CartesianIndex(3, 2) with a.
568    206    17         24.0341    32.9906    37.2660    % 
UB: 32.99057971014493
branching on CartesianIndex(4, 2) with a.
569    207    17         24.0341    32.9906    37.2660    % 
LB close or above UB, fathomed
570    206    16         24.0341    32.9906    37.2660    % 
UB: 32.99057971014493
branching on 1 with b.
571    207    17         24.0341    32.9906    37.2660    % 
LB close or above UB, fathomed
572    206    17         24.0341    32.9906    37.2660    % 
UB: 32.99057971014493
branching on CartesianIndex(1, 3) with a.
573    207    15         24.0341    32.9906    37.2660    % 
UB: 32.99057971014493
branching on CartesianIndex(1, 3) with a.
574    208    14         24.0341    32.9906    37.2660    % 
LB close or above UB, fathomed
575    207    18         24.0341    32.9906    37.2660    % 
UB: 32.99057971014493
branching on CartesianIndex(2, 3) with a.
576    208    19         24.0341    32.9906    37.2660    % 
UB: 32.99057971014493
branching on CartesianIndex(3, 3) with a.
577    209    20         24.0341    32.9906    37.2660    % 
UB: 32.99057971014493
branching on 2 with b.
578    210    20         24.0341    32.9906    37.2660    % 
LB close or above UB, fathomed
579    209    19         24.0341    32.9906    37.2660    % 
LB close or above UB, fathomed
580    208    18         24.0341    32.9906    37.2660    % 
LB close or above UB, fathomed
581    207    18         24.0341    32.9906    37.2660    % 
UB: 32.99057971014493
branching on 2 with b.
582    208    18         24.0341    32.9906    37.2660    % 
LB close or above UB, fathomed
583    207    10         24.0341    32.9906    37.2660    % 
UB: 32.99057971014493
branching on 1 with b.
584    208    11         24.0341    32.9906    37.2660    % 
UB: 32.99057971014493
branching on CartesianIndex(1, 3) with a.
585    209    11         24.0341    32.9906    37.2660    % 
UB: 32.99057971014493
branching on CartesianIndex(1, 3) with a.
586    210    12         24.0341    32.9906    37.2660    % 
UB: 32.99057971014493
branching on 2 with b.
587    211    13         24.0341    32.9906    37.2660    % 
UB: 32.99057971014493
branching on 3 with b.
588    212    14         24.0341    32.9906    37.2660    % 
UB: 32.99057971014493
branching on CartesianIndex(2, 3) with a.
589    213    14         24.0341    32.9906    37.2660    % 
UB: 32.99057971014493
branching on CartesianIndex(2, 3) with a.
590    214    15         24.0341    32.9906    37.2660    % 
UB: 32.99057971014493
branching on CartesianIndex(3, 3) with a.
591    215    16         24.0341    32.9906    37.2660    % 
UB: 32.99057971014493
branching on CartesianIndex(4, 3) with a.
592    216    16         24.0341    32.9906    37.2660    % 
LB close or above UB, fathomed
593    215    15         24.0341    32.9906    37.2660    % 
LB close or above UB, fathomed
594    214    13         24.0341    32.9906    37.2660    % 
LB close or above UB, fathomed
595    213    12         24.0341    32.9906    37.2660    % 
LB close or above UB, fathomed
596    212    10         24.0341    32.9906    37.2660    % 
LB close or above UB, fathomed
597    211    15         24.0341    32.9906    37.2660    % 
UB: 32.99057971014493
branching on 1 with b.
598    212    15         24.0341    32.9906    37.2660    % 
LB close or above UB, fathomed
599    211    9          24.0341    32.9906    37.2660    % 
UB: 32.99057971014493
branching on 1 with b.
600    212    9          24.0341    32.9906    37.2660    % 
UB: 32.99057971014493
branching on 1 with b.
601    213    10         24.0341    32.9906    37.2660    % 
UB: 32.99057971014493
branching on CartesianIndex(2, 1) with a.
602    214    11         24.0341    32.9906    37.2660    % 
UB: 32.99057971014493
branching on 2 with b.
603    215    12         24.0341    32.9906    37.2660    % 
UB: 32.99057971014493
branching on CartesianIndex(3, 1) with a.
604    216    13         24.0341    32.9906    37.2660    % 
UB: 32.99057971014493
branching on CartesianIndex(4, 1) with a.
605    217    14         24.0341    32.9906    37.2660    % 
UB: 32.99057971014493
branching on CartesianIndex(5, 1) with a.
606    218    15         24.0341    32.9906    37.2660    % 
UB: 32.99057971014493
branching on CartesianIndex(6, 1) with a.
607    219    15         24.0341    32.9906    37.2660    % 
LB close or above UB, fathomed
608    218    14         24.0341    32.9906    37.2660    % 
LB close or above UB, fathomed
609    217    13         24.0341    32.9906    37.2660    % 
LB close or above UB, fathomed
610    216    12         24.0341    32.9906    37.2660    % 
LB close or above UB, fathomed
611    215    11         24.0341    32.9906    37.2660    % 
LB close or above UB, fathomed
612    214    10         24.0341    32.9906    37.2660    % 
UB: 32.99057971014493
branching on CartesianIndex(2, 1) with a.
613    215    14         24.0341    32.9906    37.2660    % 
UB: 32.99057971014493
branching on CartesianIndex(2, 2) with a.
614    216    14         24.0341    32.9906    37.2660    % 
LB close or above UB, fathomed
615    215    21         24.0341    32.9906    37.2660    % 
UB: 32.99057971014493
branching on CartesianIndex(1, 4) with c.
616    216    22         24.0341    32.9906    37.2660    % 
LB close or above UB, fathomed
617    215    22         24.0341    32.9906    37.2660    % 
UB: 32.99057971014493
branching on 1 with b.
618    216    23         24.0341    32.9906    37.2660    % 
UB: 32.99057971014493
branching on 2 with b.
619    217    23         24.0341    32.9906    37.2660    % 
LB close or above UB, fathomed
620    216    21         24.0341    32.9906    37.2660    % 
LB close or above UB, fathomed
621    215    21         24.0341    32.9906    37.2660    % 
UB: 32.99057971014493
branching on 2 with b.
622    216    22         24.0341    32.9906    37.2660    % 
LB close or above UB, fathomed
623    215    22         24.0341    32.9906    37.2660    % 
UB: 32.99057971014493
branching on CartesianIndex(2, 3) with a.
624    216    23         24.0341    32.9906    37.2660    % 
UB: 32.99057971014493
branching on 3 with b.
625    217    24         24.0341    32.9906    37.2660    % 
LB close or above UB, fathomed
626    216    24         24.0341    32.9906    37.2660    % 
UB: 32.99057971014493
branching on CartesianIndex(3, 3) with a.
627    217    25         24.0341    32.9906    37.2660    % 
UB: 32.99057971014493
branching on CartesianIndex(4, 3) with a.
628    218    26         24.0341    32.9906    37.2660    % 
UB: 32.99057971014493
branching on CartesianIndex(5, 3) with a.
629    219    27         24.0341    32.9906    37.2660    % 
UB: 32.99057971014493
branching on CartesianIndex(6, 3) with a.
630    220    28         24.0341    32.9906    37.2660    % 
UB: 32.99057971014493
branching on CartesianIndex(1, 4) with c.
631    221    29         24.0341    32.9906    37.2660    % 
LB close or above UB, fathomed
632    220    29         24.0341    32.9906    37.2660    % 
UB: 32.99057971014493
branching on CartesianIndex(1, 5) with c.
633    221    30         24.0341    32.9906    37.2660    % 
UB: 32.99057971014493
branching on 1 with b.
634    222    31         24.0341    32.9906    37.2660    % 
UB: 32.99057971014493
branching on CartesianIndex(2, 5) with c.
635    223    32         24.0341    32.9906    37.2660    % 
UB: 32.99057971014493
branching on CartesianIndex(1, 6) with c.
636    224    33         24.0341    32.9906    37.2660    % 
LB close or above UB, fathomed
637    223    33         24.0341    32.9906    37.2660    % 
UB: 32.99057971014493
branching on CartesianIndex(1, 7) with c.
638    224    34         24.0341    32.9906    37.2660    % 
UB: 32.99057971014493
branching on CartesianIndex(2, 7) with c.
639    225    35         24.0341    32.9906    37.2660    % 
LB close or above UB, fathomed
640    224    35         24.0341    32.9906    37.2660    % 
UB: 32.99057971014493
branching on 2 with b.
641    225    36         24.0341    32.9906    37.2660    % 
UB: 32.99057971014493
branching on 3 with b.
642    226    37         24.0341    32.9906    37.2660    % 
LB close or above UB, fathomed
643    225    37         24.0341    32.9906    37.2660    % 
UB: 32.99057971014493
branching on 1 with b.
644    226    38         24.0341    32.9906    37.2660    % 
UB: 32.99057971014493
branching on 2 with b.
645    227    39         24.0341    32.9906    37.2660    % 
LB close or above UB, fathomed
646    226    39         24.0341    32.9906    37.2660    % 
UB: 32.99057971014493
branching on 3 with b.
647    227    38         24.0341    32.9906    37.2660    % 
UB: 32.99057971014493
branching on 2 with b.
648    228    39         24.0341    32.9906    37.2660    % 
LB close or above UB, fathomed
649    227    39         24.0341    32.9906    37.2660    % 
UB: 32.99057971014493
branching on 3 with b.
650    228    36         24.0341    32.9906    37.2660    % 
LB close or above UB, fathomed
651    227    34         24.0341    32.9906    37.2660    % 
LB close or above UB, fathomed
652    226    32         24.0341    32.9906    37.2660    % 
LB close or above UB, fathomed
653    225    31         24.0341    32.9906    37.2660    % 
UB: 32.99057971014493
branching on CartesianIndex(2, 5) with c.
654    226    30         24.0341    32.9906    37.2660    % 
LB close or above UB, fathomed
655    225    28         24.0341    32.9906    37.2660    % 
LB close or above UB, fathomed
656    224    27         24.0341    32.9906    37.2660    % 
LB close or above UB, fathomed
657    223    26         24.0341    32.9906    37.2660    % 
LB close or above UB, fathomed
658    222    25         24.0341    32.9906    37.2660    % 
LB close or above UB, fathomed
659    221    23         24.0341    32.9906    37.2660    % 
LB close or above UB, fathomed
660    220    21         24.0341    32.9906    37.2660    % 
LB close or above UB, fathomed
661    219    24         24.0341    32.9906    37.2660    % 
LB close or above UB, fathomed
662    218    24         24.0341    32.9906    37.2660    % 
UB: 32.99057971014493
branching on CartesianIndex(1, 5) with c.
663    219    25         24.0341    32.9906    37.2660    % 
UB: 32.99057971014493
branching on 3 with b.
664    220    26         24.0341    32.9906    37.2660    % 
LB close or above UB, fathomed
665    219    26         24.0341    32.9906    37.2660    % 
UB: 32.99057971014493
branching on CartesianIndex(2, 5) with c.
666    220    27         24.0341    32.9906    37.2660    % 
UB: 32.99057971014493
branching on CartesianIndex(1, 6) with c.
667    221    28         24.0341    32.9906    37.2660    % 
LB close or above UB, fathomed
668    220    28         24.0341    32.9906    37.2660    % 
UB: 32.99057971014493
branching on CartesianIndex(1, 7) with c.
669    221    29         24.0341    32.9906    37.2660    % 
UB: 32.99057971014493
branching on CartesianIndex(2, 7) with c.
670    222    30         24.0341    32.9906    37.2660    % 
LB close or above UB, fathomed
671    221    30         24.0341    32.9906    37.2660    % 
UB: 32.99057971014493
branching on 1 with b.
672    222    31         24.0341    32.9906    37.2660    % 
UB: 32.99057971014493
branching on 2 with b.
673    223    32         24.0341    32.9906    37.2660    % 
UB: 32.99057971014493
branching on 3 with b.
674    224    33         24.0341    32.9906    37.2660    % 
LB close or above UB, fathomed
675    223    33         24.0341    32.9906    37.2660    % 
UB: 32.99057971014493
branching on 1 with b.
676    224    34         24.0341    32.9906    37.2660    % 
UB: 32.99057971014493
branching on 2 with b.
677    225    35         24.0341    32.9906    37.2660    % 
UB: 32.99057971014493
branching on 3 with b.
678    226    35         24.0341    32.9906    37.2660    % 
UB: 32.99057971014493
branching on 3 with b.
679    227    34         24.0341    32.9906    37.2660    % 
UB: 32.99057971014493
branching on 2 with b.
680    228    35         24.0341    32.9906    37.2660    % 
LB close or above UB, fathomed
681    227    35         24.0341    32.9906    37.2660    % 
UB: 32.99057971014493
branching on 3 with b.
682    228    32         24.0341    32.9906    37.2660    % 
LB close or above UB, fathomed
683    227    31         24.0341    32.9906    37.2660    % 
UB: 32.99057971014493
branching on 2 with b.
684    228    29         24.0341    32.9906    37.2660    % 
LB close or above UB, fathomed
685    227    27         24.0341    32.9906    37.2660    % 
LB close or above UB, fathomed
686    226    25         24.0341    32.9906    37.2660    % 
LB close or above UB, fathomed
687    225    17         24.0341    32.9906    37.2660    % 
UB: 32.99057971014493
branching on CartesianIndex(1, 6) with c.
688    226    18         24.0341    32.9906    37.2660    % 
LB close or above UB, fathomed
689    225    18         24.0341    32.9906    37.2660    % 
UB: 32.99057971014493
branching on CartesianIndex(1, 7) with c.
690    226    19         24.0341    32.9906    37.2660    % 
UB: 32.99057971014493
branching on CartesianIndex(2, 7) with c.
691    227    20         24.0341    32.9906    37.2660    % 
LB close or above UB, fathomed
692    226    20         24.0341    32.9906    37.2660    % 
UB: 32.99057971014493
branching on 2 with b.
693    227    19         24.0341    32.9906    37.2660    % 
LB close or above UB, fathomed
694    226    17         24.0341    32.9906    37.2660    % 
LB close or above UB, fathomed
695    225    25         24.0341    32.9906    37.2660    % 
UB: 32.99057971014493
branching on CartesianIndex(1, 6) with c.
696    226    26         24.0341    32.9906    37.2660    % 
LB close or above UB, fathomed
697    225    26         24.0341    32.9906    37.2660    % 
UB: 32.99057971014493
branching on CartesianIndex(1, 7) with c.
698    226    27         24.0341    32.9906    37.2660    % 
UB: 32.99057971014493
branching on CartesianIndex(2, 7) with c.
699    227    28         24.0341    32.9906    37.2660    % 
LB close or above UB, fathomed
700    226    28         24.0341    32.9906    37.2660    % 
UB: 32.99057971014493
branching on 2 with b.
701    227    29         24.0341    32.9906    37.2660    % 
UB: 32.99057971014493
branching on 3 with b.
702    228    30         24.0341    32.9906    37.2660    % 
UB: 32.99057971014493
branching on 1 with b.
703    229    31         24.0341    32.9906    37.2660    % 
UB: 32.99057971014493
branching on 2 with b.
704    230    32         24.0341    32.9906    37.2660    % 
UB: 32.99057971014493
branching on 3 with b.
705    231    32         24.0341    32.9906    37.2660    % 
UB: 32.99057971014493
branching on 3 with b.
706    232    33         24.0341    32.9906    37.2660    % 
UB: 32.99057971014493
branching on 1 with b.
707    233    34         24.0341    32.9906    37.2660    % 
UB: 32.99057971014493
branching on 2 with b.
708    234    35         24.0341    32.9906    37.2660    % 
UB: 30.005072463768116
branching on 3 with b.
709    235    36         24.0341    30.0051    24.8440    % 
UB: 30.005072463768116
branching on 1 with b.
710    150    37         24.0341    30.0051    24.8440    % 
UB: 30.005072463768112
branching on 2 with b.
711    151    38         24.0341    30.0051    24.8440    % 
UB: 30.005072463768112
branching on 3 with b.
712    152    38         24.0341    30.0051    24.8440    % 
UB: 30.005072463768112
branching on 3 with b.
713    153    39         24.0341    30.0051    24.8440    % 
UB: 30.005072463768112
branching on 1 with b.
714    154    40         24.0341    30.0051    24.8440    % 
UB: 30.005072463768112
branching on 2 with b.
715    155    40         24.0341    30.0051    24.8440    % 
UB: 30.005072463768112
branching on 2 with b.
716    156    41         24.0341    30.0051    24.8440    % 
UB: 27.019565217391303
branching on 3 with b.
717    157    42         24.0341    27.0196    12.4220    % 
LB close or above UB, fathomed
718    30     42         24.0341    27.0196    12.4220    % 
UB: 27.019565217391303
branching on 1 with b.
719    31     43         24.0341    27.0196    12.4220    % 
UB: 27.019565217391303
branching on 2 with b.
720    32     44         24.0341    27.0196    12.4220    % 
UB: 24.03405797101449
branching on 3 with b.
721    32     45         24.0341    24.0341    -0.0000    % 
LB close or above UB, fathomed
all node solved
solved nodes:  722
722                                                   2.4034e+01     2.4034e+01     -0.0000 % 
7×3 Matrix{Float64}:
 0.0  1.0  0.0
 0.0  0.0  1.0
 0.0  0.0  0.0
 0.0  0.0  0.0
 0.0  0.0  0.0
 0.0  0.0  0.0
 1.0  0.0  0.0
3-element Vector{Float64}:
 0.5446742558412715
 0.2604700654793855
 0.6367184699782791
3×7 Matrix{Float64}:
 0.0  0.0  0.0  0.0  1.0  0.0  0.0
 0.0  0.0  0.0  0.0  0.0  1.0  1.0
 0.0  0.0  0.0  1.0  0.0  0.0  0.0
3-element Vector{Float64}:
 1.0
 1.0
 1.0
7×3 Matrix{Float64}:
 1.0  0.0  0.0
 0.0  0.0  0.0
 0.0  0.0  0.0
 0.0  0.0  0.0
 0.0  0.0  0.0
 0.0  0.0  0.0
 0.0  1.0  1.0
3-element Vector{Float64}:
 0.259139589020274
 0.1637440070153819
 0.5312496795156791
3×7 Matrix{Float64}:
 0.0  0.0  0.0  1.0  0.0  1.0  0.0
 0.0  0.0  0.0  0.0  0.0  0.0  1.0
 0.0  0.0  0.0  0.0  1.0  0.0  0.0
3-element Vector{Float64}:
 1.0
 1.0
 1.0
comparison (CRT and Glb)on prediction: Dict{Bool, Int64}(0 => 2, 1 => 51)
Dataname	 time	 objv	 lb	 gap	 train_w	 train_g	 test_w	 test_g
seeds_474.seeds	 89.36	 24.03405797101449	 24.034	 -0.0	 90.85	 94.771	 96.226	 96.226
