Running 6 processes.
Start training seeds_14.seeds with seed 1.
Any[]
(7, 206)
(7, 102)
(7, 51)
(7, 53)
dimension: 7, class: 3
cart cost: 41.947101449275365
size of X: (7, 153)
ngroups: 6
UB: 35.97608695652174
Iter	left	lev	LB	UB	gap	
0      0      1          9.0591     35.9761    297.1273   % 
UB: 35.97608695652174
branching on 1 with d.
1      1      2          9.0591     35.9761    297.1273   % 
LB close or above UB, fathomed
2      0      2          9.0591     35.9761    297.1273   % 
UB: 35.97608695652174
branching on 2 with d.
3      1      3          9.0591     35.9761    297.1273   % 
UB: 35.97608695652174
branching on 3 with d.
4      2      3          9.0591     35.9761    297.1273   % 
UB: 35.97608695652174
branching on 3 with d.
5      3      4          9.0591     35.9761    297.1273   % 
UB: 35.97608695652174
branching on CartesianIndex(1, 1) with a.
6      4      4          9.0591     35.9761    297.1273   % 
UB: 35.97608695652174
branching on CartesianIndex(1, 1) with a.
7      5      5          9.0679     35.9761    296.7409   % 
UB: 35.97608695652174
branching on 1 with b.
8      6      6          9.0679     35.9761    296.7409   % 
UB: 35.97608695652174
branching on CartesianIndex(2, 1) with a.
9      7      6          9.0679     35.9761    296.7409   % 
UB: 35.97608695652174
branching on 1 with b.
10     8      5          9.0679     35.9761    296.7409   % 
UB: 35.97608695652174
branching on CartesianIndex(1, 2) with a.
11     9      7          9.0802     35.9761    296.2024   % 
UB: 35.97608695652174
branching on 1 with b.
12     10     7          9.0802     35.9761    296.2024   % 
UB: 35.97608695652174
branching on 1 with b.
13     11     8          9.0935     35.9761    295.6258   % 
UB: 35.97608695652174
branching on CartesianIndex(1, 2) with a.
14     12     8          9.0935     35.9761    295.6258   % 
UB: 35.97608695652174
branching on CartesianIndex(1, 2) with a.
15     13     8          12.0788    35.9761    197.8450   % 
LB close or above UB, fathomed
16     12     8          12.0788    35.9761    197.8450   % 
UB: 35.97608695652174
branching on 2 with b.
17     13     9          12.0788    35.9761    197.8450   % 
UB: 35.97608695652174
branching on 3 with b.
18     14     10         12.0788    35.9761    197.8450   % 
UB: 35.97608695652174
branching on 1 with b.
19     15     10         12.0788    35.9761    197.8450   % 
UB: 35.97608695652174
branching on CartesianIndex(3, 1) with a.
20     16     11         12.0788    35.9761    197.8450   % 
UB: 35.97608695652174
branching on CartesianIndex(4, 1) with a.
21     17     12         12.0788    35.9761    197.8450   % 
UB: 35.97608695652174
branching on CartesianIndex(5, 1) with a.
22     18     12         12.0788    35.9761    197.8450   % 
UB: 35.97608695652174
branching on CartesianIndex(1, 2) with a.
23     19     13         12.0788    35.9761    197.8450   % 
UB: 35.97608695652174
branching on CartesianIndex(2, 2) with a.
24     20     13         12.0788    35.9761    197.8450   % 
LB close or above UB, fathomed
25     19     11         12.0788    35.9761    197.8450   % 
LB close or above UB, fathomed
26     18     9          12.0788    35.9761    197.8450   % 
UB: 35.97608695652174
branching on 3 with b.
27     19     9          12.0790    35.9761    197.8407   % 
UB: 35.97608695652174
branching on CartesianIndex(2, 2) with a.
28     20     10         12.0790    35.9761    197.8407   % 
UB: 35.97608695652174
branching on 2 with b.
29     21     11         12.0790    35.9761    197.8407   % 
UB: 35.97608695652174
branching on CartesianIndex(3, 2) with a.
30     22     12         12.0790    35.9761    197.8407   % 
UB: 35.97608695652174
branching on CartesianIndex(4, 2) with a.
31     23     13         12.0790    35.9761    197.8407   % 
UB: 35.97608695652174
branching on CartesianIndex(5, 2) with a.
32     24     14         12.0790    35.9761    197.8407   % 
UB: 30.005072463768116
branching on 3 with b.
33     25     15         12.0790    30.0051    148.4075   % 
UB: 30.005072463768116
branching on CartesianIndex(6, 2) with a.
34     24     15         12.0790    30.0051    148.4075   % 
UB: 30.005072463768116
branching on CartesianIndex(6, 2) with a.
35     25     16         12.0790    30.0051    148.4075   % 
UB: 30.005072463768116
branching on CartesianIndex(1, 3) with a.
36     26     16         12.0790    30.0051    148.4075   % 
UB: 30.005072463768116
branching on CartesianIndex(1, 3) with a.
37     27     14         12.0790    30.0051    148.4075   % 
LB close or above UB, fathomed
38     26     13         12.0790    30.0051    148.4075   % 
LB close or above UB, fathomed
39     25     12         12.0790    30.0051    148.4075   % 
LB close or above UB, fathomed
40     24     11         12.0790    30.0051    148.4075   % 
UB: 30.005072463768116
branching on CartesianIndex(3, 2) with a.
41     25     10         12.0790    30.0051    148.4075   % 
LB close or above UB, fathomed
42     24     9          12.0790    30.0051    148.4075   % 
LB close or above UB, fathomed
43     23     6          12.0920    30.0051    148.1393   % 
UB: 30.005072463768116
branching on 1 with b.
44     24     7          12.0920    30.0051    148.1393   % 
UB: 30.005072463768116
branching on 1 with b.
45     25     8          12.0920    30.0051    148.1393   % 
UB: 30.005072463768116
branching on CartesianIndex(2, 2) with a.
46     26     8          12.0920    30.0051    148.1393   % 
UB: 30.005072463768116
branching on 2 with b.
47     27     9          12.0920    30.0051    148.1393   % 
UB: 30.005072463768116
branching on 3 with b.
48     28     9          12.0920    30.0051    148.1393   % 
UB: 30.005072463768116
branching on 3 with b.
49     29     7          12.0920    30.0051    148.1393   % 
LB close or above UB, fathomed
50     28     6          12.0920    30.0051    148.1393   % 
LB close or above UB, fathomed
51     27     11         12.0920    30.0051    148.1393   % 
UB: 30.005072463768116
branching on CartesianIndex(3, 1) with a.
52     28     12         12.0920    30.0051    148.1393   % 
UB: 30.005072463768116
branching on CartesianIndex(4, 1) with a.
53     29     12         12.0920    30.0051    148.1393   % 
LB close or above UB, fathomed
54     28     11         12.0920    30.0051    148.1393   % 
UB: 30.005072463768116
branching on CartesianIndex(3, 1) with a.
55     29     12         12.0920    30.0051    148.1393   % 
UB: 30.005072463768116
branching on CartesianIndex(4, 1) with a.
56     30     12         12.0920    30.0051    148.1393   % 
LB close or above UB, fathomed
57     29     13         15.0643    30.0051    99.1800    % 
UB: 30.005072463768116
branching on CartesianIndex(6, 1) with a.
58     30     13         15.0643    30.0051    99.1800    % 
UB: 30.005072463768116
branching on CartesianIndex(1, 2) with a.
59     31     14         15.0643    30.0051    99.1800    % 
UB: 30.005072463768116
branching on CartesianIndex(2, 2) with a.
60     32     15         15.0643    30.0051    99.1800    % 
UB: 30.005072463768116
branching on 1 with b.
61     33     16         15.0643    30.0051    99.1800    % 
UB: 30.005072463768116
branching on CartesianIndex(3, 2) with a.
62     34     16         15.0643    30.0051    99.1800    % 
UB: 30.005072463768116
branching on CartesianIndex(3, 2) with a.
63     35     15         15.0643    30.0051    99.1800    % 
UB: 30.005072463768116
branching on 1 with b.
64     36     14         15.0643    30.0051    99.1800    % 
UB: 30.005072463768116
branching on CartesianIndex(1, 3) with a.
65     37     17         15.0645    30.0051    99.1776    % 
UB: 30.005072463768116
branching on 1 with b.
66     38     18         15.0645    30.0051    99.1776    % 
UB: 30.005072463768116
branching on CartesianIndex(2, 3) with a.
67     39     19         15.0645    30.0051    99.1776    % 
UB: 30.005072463768116
branching on CartesianIndex(3, 3) with a.
68     40     20         15.0645    30.0051    99.1776    % 
UB: 30.005072463768116
branching on 2 with b.
69     41     21         15.0645    30.0051    99.1776    % 
UB: 30.005072463768116
branching on CartesianIndex(4, 3) with a.
70     42     21         15.0645    30.0051    99.1776    % 
UB: 30.005072463768116
branching on CartesianIndex(4, 3) with a.
71     43     20         15.0645    30.0051    99.1776    % 
LB close or above UB, fathomed
72     42     19         15.0645    30.0051    99.1776    % 
UB: 30.005072463768116
branching on CartesianIndex(1, 4) with c.
73     43     18         15.0645    30.0051    99.1776    % 
LB close or above UB, fathomed
74     42     17         15.0645    30.0051    99.1776    % 
UB: 30.005072463768116
branching on CartesianIndex(1, 4) with c.
75     43     22         15.0645    30.0051    99.1776    % 
UB: 30.005072463768116
branching on 3 with b.
76     44     23         15.0645    30.0051    99.1776    % 
UB: 30.005072463768116
branching on CartesianIndex(5, 3) with a.
77     45     24         15.0645    30.0051    99.1776    % 
UB: 30.005072463768116
branching on CartesianIndex(6, 3) with a.
78     46     25         15.0645    30.0051    99.1776    % 
UB: 30.005072463768116
branching on CartesianIndex(1, 4) with c.
79     47     25         15.0645    30.0051    99.1776    % 
LB close or above UB, fathomed
80     46     24         15.0645    30.0051    99.1776    % 
LB close or above UB, fathomed
81     45     23         15.0645    30.0051    99.1776    % 
LB close or above UB, fathomed
82     44     22         15.0645    30.0051    99.1776    % 
UB: 30.005072463768116
branching on CartesianIndex(1, 4) with c.
83     45     26         15.0645    30.0051    99.1776    % 
LB close or above UB, fathomed
84     44     26         15.0645    30.0051    99.1776    % 
UB: 30.005072463768116
branching on CartesianIndex(1, 5) with c.
85     45     27         15.0645    30.0051    99.1776    % 
UB: 30.005072463768116
branching on CartesianIndex(2, 5) with c.
86     46     28         15.0645    30.0051    99.1776    % 
UB: 30.005072463768116
branching on CartesianIndex(1, 6) with c.
87     47     29         15.0645    30.0051    99.1776    % 
LB close or above UB, fathomed
88     46     29         15.0645    30.0051    99.1776    % 
UB: 30.005072463768116
branching on CartesianIndex(1, 7) with c.
89     47     30         15.0645    30.0051    99.1776    % 
UB: 30.005072463768116
branching on CartesianIndex(2, 7) with c.
90     48     31         15.0645    30.0051    99.1776    % 
LB close or above UB, fathomed
91     47     31         15.0645    30.0051    99.1776    % 
UB: 30.005072463768116
branching on 1 with b.
92     48     32         15.0645    30.0051    99.1776    % 
UB: 30.005072463768116
branching on 2 with b.
93     49     32         15.0645    30.0051    99.1776    % 
UB: 30.005072463768116
branching on 2 with b.
94     50     30         15.0645    30.0051    99.1776    % 
LB close or above UB, fathomed
95     49     28         15.0645    30.0051    99.1776    % 
LB close or above UB, fathomed
96     48     27         15.0645    30.0051    99.1776    % 
LB close or above UB, fathomed
97     47     7          15.0652    30.0051    99.1679    % 
UB: 30.005072463768116
branching on CartesianIndex(2, 1) with a.
98     48     8          15.0652    30.0051    99.1679    % 
UB: 30.005072463768116
branching on CartesianIndex(3, 1) with a.
99     49     9          15.0652    30.0051    99.1679    % 
UB: 30.005072463768116
branching on CartesianIndex(4, 1) with a.
100    50     10         15.0652    30.0051    99.1679    % 
UB: 30.005072463768116
branching on 2 with b.
101    51     11         15.0652    30.0051    99.1679    % 
UB: 30.005072463768116
branching on CartesianIndex(5, 1) with a.
102    52     12         15.0652    30.0051    99.1679    % 
UB: 30.005072463768116
branching on 3 with b.
103    53     12         15.0652    30.0051    99.1679    % 
UB: 30.005072463768116
branching on CartesianIndex(1, 2) with a.
104    54     11         15.0652    30.0051    99.1679    % 
LB close or above UB, fathomed
105    53     10         15.0652    30.0051    99.1679    % 
LB close or above UB, fathomed
106    52     9          15.0652    30.0051    99.1679    % 
LB close or above UB, fathomed
107    51     8          15.0652    30.0051    99.1679    % 
UB: 30.005072463768116
branching on CartesianIndex(1, 2) with a.
108    52     7          15.0652    30.0051    99.1679    % 
LB close or above UB, fathomed
109    51     10         15.0775    30.0051    99.0051    % 
UB: 30.005072463768116
branching on CartesianIndex(2, 2) with a.
110    52     11         15.0775    30.0051    99.0051    % 
UB: 30.005072463768116
branching on CartesianIndex(3, 2) with a.
111    53     12         15.0775    30.0051    99.0051    % 
UB: 30.005072463768116
branching on CartesianIndex(4, 2) with a.
112    54     13         15.0775    30.0051    99.0051    % 
UB: 30.005072463768116
branching on CartesianIndex(5, 2) with a.
113    55     14         15.0775    30.0051    99.0051    % 
UB: 30.005072463768116
branching on CartesianIndex(6, 2) with a.
114    56     14         15.0775    30.0051    99.0051    % 
LB close or above UB, fathomed
115    55     13         15.0775    30.0051    99.0051    % 
LB close or above UB, fathomed
116    54     12         15.0775    30.0051    99.0051    % 
LB close or above UB, fathomed
117    53     11         15.0775    30.0051    99.0051    % 
LB close or above UB, fathomed
118    52     10         15.0775    30.0051    99.0051    % 
UB: 30.005072463768116
branching on 1 with b.
119    53     11         15.0775    30.0051    99.0051    % 
UB: 30.005072463768116
branching on CartesianIndex(2, 2) with a.
120    54     12         15.0775    30.0051    99.0051    % 
UB: 30.005072463768116
branching on CartesianIndex(3, 2) with a.
121    55     13         15.0775    30.0051    99.0051    % 
UB: 30.005072463768116
branching on CartesianIndex(4, 2) with a.
122    56     14         15.0775    30.0051    99.0051    % 
UB: 30.005072463768116
branching on 2 with b.
123    57     15         15.0775    30.0051    99.0051    % 
UB: 30.005072463768116
branching on CartesianIndex(5, 2) with a.
124    58     16         15.0775    30.0051    99.0051    % 
UB: 30.005072463768116
branching on 3 with b.
125    59     17         15.0775    30.0051    99.0051    % 
UB: 30.005072463768116
branching on 1 with b.
126    60     18         15.0775    30.0051    99.0051    % 
UB: 30.005072463768116
branching on 2 with b.
127    61     18         15.0775    30.0051    99.0051    % 
UB: 30.005072463768116
branching on CartesianIndex(6, 2) with a.
128    62     17         15.0775    30.0051    99.0051    % 
LB close or above UB, fathomed
129    61     16         15.0775    30.0051    99.0051    % 
LB close or above UB, fathomed
130    60     15         15.0775    30.0051    99.0051    % 
UB: 30.005072463768116
branching on CartesianIndex(5, 2) with a.
131    61     16         15.0775    30.0051    99.0051    % 
UB: 30.005072463768116
branching on CartesianIndex(6, 2) with a.
132    62     16         15.0775    30.0051    99.0051    % 
LB close or above UB, fathomed
133    61     14         15.0775    30.0051    99.0051    % 
LB close or above UB, fathomed
134    60     13         15.0775    30.0051    99.0051    % 
LB close or above UB, fathomed
135    59     12         15.0775    30.0051    99.0051    % 
LB close or above UB, fathomed
136    58     11         15.0775    30.0051    99.0051    % 
UB: 30.005072463768116
branching on CartesianIndex(2, 2) with a.
137    59     12         15.0775    30.0051    99.0051    % 
UB: 30.005072463768116
branching on CartesianIndex(3, 2) with a.
138    60     13         15.0775    30.0051    99.0051    % 
UB: 30.005072463768116
branching on CartesianIndex(4, 2) with a.
139    61     14         15.0775    30.0051    99.0051    % 
UB: 30.005072463768116
branching on CartesianIndex(5, 2) with a.
140    62     15         15.0775    30.0051    99.0051    % 
UB: 30.005072463768116
branching on CartesianIndex(6, 2) with a.
141    63     15         15.0775    30.0051    99.0051    % 
LB close or above UB, fathomed
142    62     14         15.0775    30.0051    99.0051    % 
LB close or above UB, fathomed
143    61     13         15.0775    30.0051    99.0051    % 
LB close or above UB, fathomed
144    60     12         15.0775    30.0051    99.0051    % 
LB close or above UB, fathomed
145    59     16         15.0775    30.0051    99.0051    % 
UB: 30.005072463768116
branching on CartesianIndex(1, 3) with a.
146    60     16         15.0775    30.0051    99.0051    % 
UB: 30.005072463768116
branching on CartesianIndex(1, 3) with a.
147    61     14         15.0775    30.0051    99.0051    % 
UB: 30.005072463768116
branching on CartesianIndex(3, 2) with a.
148    62     15         15.0775    30.0051    99.0051    % 
UB: 30.005072463768116
branching on 1 with b.
149    63     16         15.0775    30.0051    99.0051    % 
UB: 30.005072463768116
branching on CartesianIndex(4, 2) with a.
150    64     17         15.0775    30.0051    99.0051    % 
UB: 30.005072463768116
branching on CartesianIndex(5, 2) with a.
151    65     18         15.0775    30.0051    99.0051    % 
UB: 30.005072463768116
branching on CartesianIndex(6, 2) with a.
152    66     18         15.0775    30.0051    99.0051    % 
LB close or above UB, fathomed
153    65     17         15.0775    30.0051    99.0051    % 
LB close or above UB, fathomed
154    64     16         15.0775    30.0051    99.0051    % 
UB: 30.005072463768116
branching on 2 with b.
155    65     17         15.0775    30.0051    99.0051    % 
LB close or above UB, fathomed
156    64     17         15.0775    30.0051    99.0051    % 
UB: 30.005072463768116
branching on 3 with b.
157    65     18         15.0775    30.0051    99.0051    % 
UB: 30.005072463768116
branching on CartesianIndex(4, 2) with a.
158    66     19         15.0775    30.0051    99.0051    % 
UB: 30.005072463768116
branching on CartesianIndex(5, 2) with a.
159    67     20         15.0775    30.0051    99.0051    % 
UB: 30.005072463768116
branching on CartesianIndex(6, 2) with a.
160    68     20         15.0775    30.0051    99.0051    % 
LB close or above UB, fathomed
161    67     19         15.0775    30.0051    99.0051    % 
LB close or above UB, fathomed
162    66     18         15.0775    30.0051    99.0051    % 
LB close or above UB, fathomed
163    65     15         15.0775    30.0051    99.0051    % 
LB close or above UB, fathomed
164    64     14         15.0775    30.0051    99.0051    % 
LB close or above UB, fathomed
165    63     13         15.0775    30.0051    99.0051    % 
UB: 30.005072463768116
branching on CartesianIndex(5, 1) with a.
166    64     13         15.0775    30.0051    99.0051    % 
UB: 30.005072463768116
branching on 2 with b.
167    65     19         15.0775    30.0051    99.0051    % 
UB: 30.005072463768116
branching on CartesianIndex(6, 2) with a.
168    66     19         15.0775    30.0051    99.0051    % 
UB: 30.005072463768116
branching on CartesianIndex(6, 2) with a.
169    67     20         15.0775    30.0051    99.0051    % 
UB: 30.005072463768116
branching on CartesianIndex(1, 3) with a.
170    68     21         15.0775    30.0051    99.0051    % 
UB: 30.005072463768116
branching on CartesianIndex(2, 3) with a.
171    69     21         15.0775    30.0051    99.0051    % 
UB: 30.005072463768116
branching on CartesianIndex(1, 4) with c.
172    70     20         15.0775    30.0051    99.0051    % 
UB: 30.005072463768116
branching on CartesianIndex(1, 3) with a.
173    71     22         15.0775    30.0051    99.0051    % 
UB: 30.005072463768116
branching on CartesianIndex(3, 3) with a.
174    72     23         15.0775    30.0051    99.0051    % 
UB: 30.005072463768116
branching on CartesianIndex(4, 3) with a.
175    73     24         15.0775    30.0051    99.0051    % 
UB: 30.005072463768116
branching on 3 with b.
176    74     24         15.0775    30.0051    99.0051    % 
UB: 30.005072463768116
branching on CartesianIndex(1, 4) with c.
177    75     23         15.0775    30.0051    99.0051    % 
LB close or above UB, fathomed
178    74     22         15.0775    30.0051    99.0051    % 
UB: 30.005072463768116
branching on CartesianIndex(1, 4) with c.
179    75     25         15.0775    30.0051    99.0051    % 
UB: 30.005072463768116
branching on CartesianIndex(5, 3) with a.
180    76     26         15.0775    30.0051    99.0051    % 
UB: 24.03405797101449
branching on CartesianIndex(6, 3) with a.
181    77     26         15.0775    24.0341    59.4031    % 
LB close or above UB, fathomed
182    38     25         15.0775    24.0341    59.4031    % 
UB: 24.03405797101449
branching on CartesianIndex(5, 3) with a.
183    39     27         15.0775    24.0341    59.4031    % 
UB: 24.03405797101449
branching on CartesianIndex(1, 4) with c.
184    40     27         15.0775    24.0341    59.4031    % 
LB close or above UB, fathomed
185    39     28         15.0775    24.0341    59.4031    % 
LB close or above UB, fathomed
186    38     28         15.0775    24.0341    59.4031    % 
UB: 24.03405797101449
branching on CartesianIndex(1, 5) with c.
187    39     29         15.0775    24.0341    59.4031    % 
UB: 24.03405797101449
branching on CartesianIndex(2, 5) with c.
188    40     30         15.0775    24.0341    59.4031    % 
UB: 24.03405797101449
branching on CartesianIndex(1, 6) with c.
189    41     31         15.0775    24.0341    59.4031    % 
LB close or above UB, fathomed
190    40     31         15.0775    24.0341    59.4031    % 
UB: 24.03405797101449
branching on CartesianIndex(1, 7) with c.
191    41     32         15.0775    24.0341    59.4031    % 
UB: 24.03405797101449
branching on CartesianIndex(2, 7) with c.
192    42     33         15.0775    24.0341    59.4031    % 
LB close or above UB, fathomed
193    41     33         15.0775    24.0341    59.4031    % 
UB: 24.03405797101449
branching on 1 with b.
194    42     34         15.0775    24.0341    59.4031    % 
UB: 24.03405797101449
branching on 2 with b.
195    43     35         15.0775    24.0341    59.4031    % 
UB: 24.03405797101449
branching on 3 with b.
196    44     35         15.0775    24.0341    59.4031    % 
UB: 24.03405797101449
branching on 3 with b.
197    45     34         15.0775    24.0341    59.4031    % 
UB: 24.03405797101449
branching on 2 with b.
198    46     32         15.0775    24.0341    59.4031    % 
LB close or above UB, fathomed
199    45     30         15.0775    24.0341    59.4031    % 
LB close or above UB, fathomed
200    44     29         15.0775    24.0341    59.4031    % 
LB close or above UB, fathomed
201    43     17         18.0498    24.0341    33.1541    % 
UB: 24.03405797101449
branching on CartesianIndex(4, 2) with a.
202    44     18         18.0498    24.0341    33.1541    % 
UB: 24.03405797101449
branching on CartesianIndex(5, 2) with a.
203    45     19         18.0498    24.0341    33.1541    % 
UB: 24.03405797101449
branching on 2 with b.
204    46     20         18.0498    24.0341    33.1541    % 
UB: 24.03405797101449
branching on 3 with b.
205    47     20         18.0498    24.0341    33.1541    % 
UB: 24.03405797101449
branching on CartesianIndex(6, 2) with a.
206    48     19         18.0498    24.0341    33.1541    % 
LB close or above UB, fathomed
207    47     18         18.0498    24.0341    33.1541    % 
LB close or above UB, fathomed
208    46     17         18.0498    24.0341    33.1541    % 
LB close or above UB, fathomed
209    45     33         18.0500    24.0341    33.1528    % 
LB close or above UB, fathomed
210    44     33         18.0500    24.0341    33.1528    % 
UB: 24.03405797101449
branching on 3 with b.
211    45     34         18.0500    24.0341    33.1528    % 
UB: 24.03405797101449
branching on 1 with b.
212    46     35         18.0500    24.0341    33.1528    % 
UB: 24.03405797101449
branching on 2 with b.
213    47     35         18.0500    24.0341    33.1528    % 
UB: 24.03405797101449
branching on 2 with b.
214    48     34         18.0500    24.0341    33.1528    % 
LB close or above UB, fathomed
215    47     19         18.0630    24.0341    33.0565    % 
LB close or above UB, fathomed
216    46     19         18.0630    24.0341    33.0565    % 
LB close or above UB, fathomed
217    45     16         18.0630    24.0341    33.0565    % 
LB close or above UB, fathomed
218    44     16         18.0630    24.0341    33.0565    % 
LB close or above UB, fathomed
219    43     36         18.0630    24.0341    33.0565    % 
UB: 24.03405797101449
branching on 3 with b.
220    44     36         18.0630    24.0341    33.0565    % 
UB: 24.03405797101449
branching on 3 with b.
221    45     14         18.0630    24.0341    33.0565    % 
LB close or above UB, fathomed
222    44     14         18.0630    24.0341    33.0565    % 
UB: 24.03405797101449
branching on CartesianIndex(1, 2) with a.
223    45     15         18.0630    24.0341    33.0565    % 
UB: 24.03405797101449
branching on CartesianIndex(2, 2) with a.
224    46     16         18.0630    24.0341    33.0565    % 
UB: 24.03405797101449
branching on CartesianIndex(3, 2) with a.
225    47     17         18.0630    24.0341    33.0565    % 
UB: 24.03405797101449
branching on 3 with b.
226    48     18         18.0630    24.0341    33.0565    % 
LB close or above UB, fathomed
227    47     18         18.0630    24.0341    33.0565    % 
UB: 24.03405797101449
branching on 1 with b.
228    48     19         18.0630    24.0341    33.0565    % 
LB close or above UB, fathomed
229    47     19         18.0630    24.0341    33.0565    % 
UB: 24.03405797101449
branching on CartesianIndex(4, 2) with a.
230    48     20         18.0630    24.0341    33.0565    % 
UB: 24.03405797101449
branching on 2 with b.
231    49     21         18.0630    24.0341    33.0565    % 
UB: 24.03405797101449
branching on CartesianIndex(5, 2) with a.
232    50     22         18.0630    24.0341    33.0565    % 
LB close or above UB, fathomed
233    49     22         18.0630    24.0341    33.0565    % 
LB close or above UB, fathomed
234    48     21         18.0630    24.0341    33.0565    % 
LB close or above UB, fathomed
235    47     20         18.0630    24.0341    33.0565    % 
LB close or above UB, fathomed
236    46     17         18.0630    24.0341    33.0565    % 
LB close or above UB, fathomed
237    45     16         18.0630    24.0341    33.0565    % 
LB close or above UB, fathomed
238    44     15         18.0630    24.0341    33.0565    % 
LB close or above UB, fathomed
239    43     17         18.0630    24.0341    33.0565    % 
UB: 24.03405797101449
branching on CartesianIndex(2, 3) with a.
240    44     18         18.0630    24.0341    33.0565    % 
UB: 24.03405797101449
branching on 1 with b.
241    45     19         18.0630    24.0341    33.0565    % 
UB: 24.03405797101449
branching on CartesianIndex(3, 3) with a.
242    46     20         18.0630    24.0341    33.0565    % 
UB: 24.03405797101449
branching on CartesianIndex(4, 3) with a.
243    47     21         18.0630    24.0341    33.0565    % 
UB: 24.03405797101449
branching on CartesianIndex(5, 3) with a.
244    48     22         18.0630    24.0341    33.0565    % 
UB: 24.03405797101449
branching on CartesianIndex(6, 3) with a.
245    49     23         18.0630    24.0341    33.0565    % 
UB: 24.03405797101449
branching on 2 with b.
246    50     23         18.0630    24.0341    33.0565    % 
LB close or above UB, fathomed
247    49     22         18.0630    24.0341    33.0565    % 
LB close or above UB, fathomed
248    48     21         18.0630    24.0341    33.0565    % 
LB close or above UB, fathomed
249    47     20         18.0630    24.0341    33.0565    % 
LB close or above UB, fathomed
250    46     19         18.0630    24.0341    33.0565    % 
LB close or above UB, fathomed
251    45     18         18.0630    24.0341    33.0565    % 
LB close or above UB, fathomed
252    44     17         18.0630    24.0341    33.0565    % 
LB close or above UB, fathomed
253    43     17         18.0630    24.0341    33.0565    % 
LB close or above UB, fathomed
254    42     17         18.0630    24.0341    33.0565    % 
LB close or above UB, fathomed
255    41     15         18.0630    24.0341    33.0565    % 
UB: 24.03405797101449
branching on CartesianIndex(1, 3) with a.
256    42     16         18.0630    24.0341    33.0565    % 
UB: 24.03405797101449
branching on 1 with b.
257    43     17         18.0630    24.0341    33.0565    % 
UB: 24.03405797101449
branching on CartesianIndex(2, 3) with a.
258    44     18         18.0630    24.0341    33.0565    % 
UB: 24.03405797101449
branching on CartesianIndex(3, 3) with a.
259    45     19         18.0630    24.0341    33.0565    % 
UB: 24.03405797101449
branching on 2 with b.
260    46     20         18.0630    24.0341    33.0565    % 
UB: 24.03405797101449
branching on CartesianIndex(4, 3) with a.
261    47     20         18.0630    24.0341    33.0565    % 
LB close or above UB, fathomed
262    46     19         18.0630    24.0341    33.0565    % 
LB close or above UB, fathomed
263    45     18         18.0630    24.0341    33.0565    % 
LB close or above UB, fathomed
264    44     17         18.0630    24.0341    33.0565    % 
LB close or above UB, fathomed
265    43     16         18.0630    24.0341    33.0565    % 
LB close or above UB, fathomed
266    42     15         18.0630    24.0341    33.0565    % 
LB close or above UB, fathomed
267    41     9          18.0630    24.0341    33.0565    % 
LB close or above UB, fathomed
268    40     9          18.0630    24.0341    33.0565    % 
LB close or above UB, fathomed
269    39     17         18.0630    24.0341    33.0565    % 
UB: 24.03405797101449
branching on CartesianIndex(4, 2) with a.
270    40     17         18.0630    24.0341    33.0565    % 
LB close or above UB, fathomed
271    39     13         18.0630    24.0341    33.0565    % 
UB: 24.03405797101449
branching on CartesianIndex(5, 1) with a.
272    40     14         18.0630    24.0341    33.0565    % 
LB close or above UB, fathomed
273    39     14         18.0630    24.0341    33.0565    % 
UB: 24.03405797101449
branching on CartesianIndex(1, 2) with a.
274    40     15         18.0630    24.0341    33.0565    % 
UB: 24.03405797101449
branching on CartesianIndex(2, 2) with a.
275    41     15         18.0630    24.0341    33.0565    % 
LB close or above UB, fathomed
276    40     13         18.0630    24.0341    33.0565    % 
UB: 24.03405797101449
branching on CartesianIndex(1, 2) with a.
277    41     9          18.0630    24.0341    33.0565    % 
UB: 24.03405797101449
branching on 2 with b.
278    42     10         18.0630    24.0341    33.0565    % 
UB: 24.03405797101449
branching on 3 with b.
279    43     11         18.0630    24.0341    33.0565    % 
UB: 24.03405797101449
branching on CartesianIndex(3, 2) with a.
280    44     11         18.0630    24.0341    33.0565    % 
UB: 24.03405797101449
branching on CartesianIndex(3, 2) with a.
281    45     12         18.0630    24.0341    33.0565    % 
UB: 24.03405797101449
branching on CartesianIndex(4, 2) with a.
282    46     13         18.0630    24.0341    33.0565    % 
UB: 24.03405797101449
branching on CartesianIndex(5, 2) with a.
283    47     14         18.0630    24.0341    33.0565    % 
UB: 24.03405797101449
branching on CartesianIndex(6, 2) with a.
284    48     14         18.0630    24.0341    33.0565    % 
LB close or above UB, fathomed
285    47     13         18.0630    24.0341    33.0565    % 
LB close or above UB, fathomed
286    46     12         18.0630    24.0341    33.0565    % 
LB close or above UB, fathomed
287    45     10         18.0630    24.0341    33.0565    % 
LB close or above UB, fathomed
288    44     9          18.0630    24.0341    33.0565    % 
LB close or above UB, fathomed
289    43     21         18.0630    24.0341    33.0565    % 
UB: 24.03405797101449
branching on 1 with b.
290    44     22         18.0630    24.0341    33.0565    % 
UB: 24.03405797101449
branching on CartesianIndex(6, 2) with a.
291    45     22         18.0630    24.0341    33.0565    % 
LB close or above UB, fathomed
292    44     21         18.0630    24.0341    33.0565    % 
LB close or above UB, fathomed
293    43     35         18.0630    24.0341    33.0565    % 
UB: 24.03405797101449
branching on 3 with b.
294    44     35         18.0630    24.0341    33.0565    % 
UB: 24.03405797101449
branching on 3 with b.
295    45     36         18.0630    24.0341    33.0565    % 
UB: 24.03405797101449
branching on 1 with b.
296    46     37         18.0630    24.0341    33.0565    % 
LB close or above UB, fathomed
297    45     37         18.0630    24.0341    33.0565    % 
UB: 24.03405797101449
branching on 2 with b.
298    46     38         18.0630    24.0341    33.0565    % 
UB: 24.03405797101449
branching on 3 with b.
299    47     38         18.0630    24.0341    33.0565    % 
LB close or above UB, fathomed
300    46     36         18.0630    24.0341    33.0565    % 
UB: 21.04855072463768
branching on 1 with b.
301    47     37         18.0630    21.0486    16.5283    % 
LB close or above UB, fathomed
302    6      37         18.0630    21.0486    16.5283    % 
UB: 21.04855072463768
branching on 2 with b.
303    7      38         18.0630    21.0486    16.5283    % 
LB close or above UB, fathomed
304    6      38         18.0630    21.0486    16.5283    % 
LB close or above UB, fathomed
305    5      36         18.0630    21.0486    16.5283    % 
UB: 21.04855072463768
branching on 1 with b.
306    6      37         18.0630    21.0486    16.5283    % 
LB close or above UB, fathomed
307    5      37         18.0630    21.0486    16.5283    % 
UB: 21.04855072463768
branching on 2 with b.
308    6      38         18.0630    21.0486    16.5283    % 
LB close or above UB, fathomed
309    5      38         18.0630    21.0486    16.5283    % 
UB: 21.04855072463768
branching on 3 with b.
310    6      39         18.0630    21.0486    16.5283    % 
LB close or above UB, fathomed
311    5      39         18.0630    21.0486    16.5283    % 
UB: 21.04855072463768
branching on 1 with b.
312    6      40         18.0630    21.0486    16.5283    % 
UB: 21.04855072463768
branching on 2 with b.
313    7      41         18.0630    21.0486    16.5283    % 
LB close or above UB, fathomed
314    6      41         18.0630    21.0486    16.5283    % 
LB close or above UB, fathomed
315    5      40         18.0630    21.0486    16.5283    % 
UB: 21.04855072463768
branching on 2 with b.
316    6      41         18.0630    21.0486    16.5283    % 
LB close or above UB, fathomed
317    5      41         18.0630    21.0486    16.5283    % 
LB close or above UB, fathomed
318    4      36         18.0630    21.0486    16.5283    % 
UB: 21.04855072463768
branching on 1 with b.
319    5      37         18.0630    21.0486    16.5283    % 
LB close or above UB, fathomed
320    4      37         18.0630    21.0486    16.5283    % 
UB: 21.04855072463768
branching on 2 with b.
321    5      38         18.0630    21.0486    16.5283    % 
LB close or above UB, fathomed
322    4      38         18.0630    21.0486    16.5283    % 
UB: 21.04855072463768
branching on 3 with b.
323    5      39         18.0630    21.0486    16.5283    % 
UB: 21.04855072463768
branching on 1 with b.
324    6      40         18.0630    21.0486    16.5283    % 
UB: 21.04855072463768
branching on 2 with b.
325    7      41         18.0630    21.0486    16.5283    % 
LB close or above UB, fathomed
326    6      41         18.0630    21.0486    16.5283    % 
LB close or above UB, fathomed
327    5      40         18.0630    21.0486    16.5283    % 
UB: 21.04855072463768
branching on 2 with b.
328    6      41         18.0630    21.0486    16.5283    % 
LB close or above UB, fathomed
329    5      41         18.0630    21.0486    16.5283    % 
LB close or above UB, fathomed
330    4      39         18.0630    21.0486    16.5283    % 
LB close or above UB, fathomed
331    3      19         18.0630    21.0486    16.5283    % 
LB close or above UB, fathomed
332    2      19         18.0630    21.0486    16.5283    % 
LB close or above UB, fathomed
333    1      26         18.0630    21.0486    16.5283    % 
LB close or above UB, fathomed
334    0      26         18.0630    21.0486    16.5283    % 
LB close or above UB, fathomed
all node solved
solved nodes:  335
335                                                   2.1049e+01     2.1049e+01     0.0000  % 
7×3 Matrix{Float64}:
 0.0  1.0  0.0
 0.0  0.0  0.0
 0.0  0.0  0.0
 0.0  0.0  0.0
 0.0  0.0  0.0
 0.0  0.0  1.0
 1.0  0.0  0.0
3-element Vector{Float64}:
 0.5612043008917159
 0.2705540851619095
 0.15984186597663239
3×7 Matrix{Float64}:
 0.0  0.0  0.0  0.0  1.0  0.0  0.0
 0.0  0.0  0.0  0.0  0.0  1.0  1.0
 0.0  0.0  0.0  1.0  0.0  0.0  0.0
3-element Vector{Float64}:
 1.0
 1.0
 1.0
7×3 Matrix{Float64}:
 1.0  0.0  0.0
 0.0  0.0  0.0
 0.0  0.0  0.0
 0.0  0.0  0.0
 0.0  0.0  0.0
 0.0  0.0  0.0
 0.0  1.0  1.0
3-element Vector{Float64}:
 0.2658992819841486
 0.1875
 0.5625
3×7 Matrix{Float64}:
 0.0  0.0  0.0  1.0  0.0  1.0  0.0
 0.0  0.0  0.0  0.0  0.0  0.0  1.0
 0.0  0.0  0.0  0.0  1.0  0.0  0.0
3-element Vector{Float64}:
 1.0
 1.0
 1.0
comparison (CRT and Glb)on prediction: Dict{Bool, Int64}(0 => 2, 1 => 51)
Dataname	 time	 objv	 lb	 gap	 train_w	 train_g	 test_w	 test_g
seeds_14.seeds	 80.04	 21.04855072463768	 21.049	 0.0	 90.85	 95.425	 98.113	 98.113
