Running 6 processes.
Start training seeds_216.seeds with seed 1.
Any[]
(7, 206)
(7, 102)
(7, 51)
(7, 53)
dimension: 7, class: 3
cart cost: 44.93260869565216
size of X: (7, 153)
ngroups: 6
UB: 32.99057971014493
Iter	left	lev	LB	UB	gap	
0      0      1          3.1139     32.9906    959.4600   % 
UB: 32.99057971014493
branching on 1 with d.
1      1      2          3.1139     32.9906    959.4600   % 
LB close or above UB, fathomed
2      0      2          3.1139     32.9906    959.4600   % 
UB: 32.99057971014493
branching on 2 with d.
3      1      3          3.1139     32.9906    959.4600   % 
UB: 32.99057971014493
branching on 3 with d.
4      2      3          3.1139     32.9906    959.4600   % 
UB: 32.99057971014493
branching on 3 with d.
5      3      4          3.1139     32.9906    959.4600   % 
UB: 32.99057971014493
branching on CartesianIndex(1, 1) with a.
6      4      4          3.1139     32.9906    959.4600   % 
UB: 32.99057971014493
branching on CartesianIndex(1, 1) with a.
7      5      5          3.1224     32.9906    956.5770   % 
UB: 32.99057971014493
branching on 1 with b.
8      6      5          3.1224     32.9906    956.5770   % 
UB: 32.99057971014493
branching on CartesianIndex(1, 2) with a.
9      7      6          3.1224     32.9906    956.5770   % 
UB: 32.99057971014493
branching on 1 with b.
10     8      7          3.1224     32.9906    956.5770   % 
UB: 32.99057971014493
branching on CartesianIndex(2, 2) with a.
11     9      8          3.1224     32.9906    956.5770   % 
UB: 32.99057971014493
branching on 1 with b.
12     10     9          3.1224     32.9906    956.5770   % 
UB: 32.99057971014493
branching on 2 with b.
13     11     9          3.1224     32.9906    956.5770   % 
UB: 32.99057971014493
branching on CartesianIndex(3, 2) with a.
14     12     10         3.1224     32.9906    956.5770   % 
UB: 32.99057971014493
branching on CartesianIndex(4, 2) with a.
15     13     10         3.1224     32.9906    956.5770   % 
LB close or above UB, fathomed
16     12     8          3.1224     32.9906    956.5770   % 
UB: 32.99057971014493
branching on 1 with b.
17     13     7          3.1224     32.9906    956.5770   % 
LB close or above UB, fathomed
18     12     6          3.1224     32.9906    956.5770   % 
UB: 32.99057971014493
branching on 1 with b.
19     13     6          3.1355     32.9906    952.1609   % 
UB: 32.99057971014493
branching on CartesianIndex(2, 1) with a.
20     14     7          3.1355     32.9906    952.1609   % 
UB: 32.99057971014493
branching on 1 with b.
21     15     8          3.1355     32.9906    952.1609   % 
UB: 32.99057971014493
branching on CartesianIndex(3, 1) with a.
22     16     8          3.1355     32.9906    952.1609   % 
UB: 32.99057971014493
branching on CartesianIndex(3, 1) with a.
23     17     9          3.1355     32.9906    952.1609   % 
UB: 32.99057971014493
branching on 2 with b.
24     18     10         3.1355     32.9906    952.1609   % 
UB: 32.99057971014493
branching on CartesianIndex(4, 1) with a.
25     19     11         3.1355     32.9906    952.1609   % 
UB: 32.99057971014493
branching on 3 with b.
26     20     11         3.1355     32.9906    952.1609   % 
UB: 32.99057971014493
branching on 3 with b.
27     21     10         3.1355     32.9906    952.1609   % 
UB: 32.99057971014493
branching on CartesianIndex(4, 1) with a.
28     22     9          3.1355     32.9906    952.1609   % 
LB close or above UB, fathomed
29     21     7          3.1355     32.9906    952.1609   % 
UB: 32.99057971014493
branching on CartesianIndex(1, 2) with a.
30     22     8          3.1355     32.9906    952.1609   % 
UB: 32.99057971014493
branching on CartesianIndex(2, 2) with a.
31     23     9          3.1355     32.9906    952.1609   % 
UB: 32.99057971014493
branching on CartesianIndex(3, 2) with a.
32     24     10         3.1355     32.9906    952.1609   % 
UB: 32.99057971014493
branching on 1 with b.
33     25     11         3.1355     32.9906    952.1609   % 
UB: 32.99057971014493
branching on 2 with b.
34     26     11         3.1355     32.9906    952.1609   % 
UB: 32.99057971014493
branching on CartesianIndex(4, 2) with a.
35     27     10         3.1355     32.9906    952.1609   % 
UB: 32.99057971014493
branching on CartesianIndex(1, 3) with a.
36     28     9          3.1355     32.9906    952.1609   % 
UB: 32.99057971014493
branching on CartesianIndex(1, 3) with a.
37     29     8          3.1355     32.9906    952.1609   % 
UB: 32.99057971014493
branching on 1 with b.
38     30     6          3.1355     32.9906    952.1609   % 
UB: 32.99057971014493
branching on CartesianIndex(2, 1) with a.
39     31     12         6.1210     32.9906    438.9724   % 
UB: 32.99057971014493
branching on 2 with b.
40     32     13         6.1210     32.9906    438.9724   % 
UB: 32.99057971014493
branching on CartesianIndex(5, 2) with a.
41     33     14         6.1210     32.9906    438.9724   % 
UB: 32.99057971014493
branching on 3 with b.
42     34     15         6.1210     32.9906    438.9724   % 
UB: 32.99057971014493
branching on 1 with b.
43     35     15         6.1210     32.9906    438.9724   % 
UB: 32.99057971014493
branching on CartesianIndex(6, 2) with a.
44     36     16         6.1210     32.9906    438.9724   % 
UB: 32.99057971014493
branching on CartesianIndex(1, 3) with a.
45     37     16         6.1210     32.9906    438.9724   % 
UB: 32.99057971014493
branching on CartesianIndex(1, 3) with a.
46     38     14         6.1210     32.9906    438.9724   % 
UB: 32.99057971014493
branching on 3 with b.
47     39     13         6.1210     32.9906    438.9724   % 
LB close or above UB, fathomed
48     38     12         6.1210     32.9906    438.9724   % 
UB: 32.99057971014493
branching on 2 with b.
49     39     12         6.1210     32.9906    438.9724   % 
UB: 32.99057971014493
branching on CartesianIndex(5, 1) with a.
50     40     12         6.1210     32.9906    438.9724   % 
UB: 32.99057971014493
branching on CartesianIndex(5, 1) with a.
51     41     13         9.1065     32.9906    262.2742   % 
UB: 32.99057971014493
branching on CartesianIndex(6, 1) with a.
52     42     13         9.1065     32.9906    262.2742   % 
UB: 32.99057971014493
branching on CartesianIndex(1, 2) with a.
53     43     14         9.1065     32.9906    262.2742   % 
UB: 32.99057971014493
branching on CartesianIndex(2, 2) with a.
54     44     15         9.1065     32.9906    262.2742   % 
UB: 32.99057971014493
branching on CartesianIndex(3, 2) with a.
55     45     16         9.1065     32.9906    262.2742   % 
UB: 32.99057971014493
branching on CartesianIndex(4, 2) with a.
56     46     17         9.1065     32.9906    262.2742   % 
UB: 32.99057971014493
branching on CartesianIndex(5, 2) with a.
57     47     18         9.1065     32.9906    262.2742   % 
UB: 32.99057971014493
branching on CartesianIndex(6, 2) with a.
58     48     18         9.1065     32.9906    262.2742   % 
LB close or above UB, fathomed
59     47     17         9.1065     32.9906    262.2742   % 
UB: 32.99057971014493
branching on CartesianIndex(1, 3) with a.
60     48     16         9.1065     32.9906    262.2742   % 
LB close or above UB, fathomed
61     47     15         9.1065     32.9906    262.2742   % 
UB: 32.99057971014493
branching on CartesianIndex(1, 3) with a.
62     48     14         9.1065     32.9906    262.2742   % 
UB: 32.99057971014493
branching on CartesianIndex(1, 3) with a.
63     49     12         9.1065     32.9906    262.2742   % 
UB: 32.99057971014493
branching on 1 with b.
64     50     12         9.1065     32.9906    262.2742   % 
UB: 32.99057971014493
branching on CartesianIndex(1, 2) with a.
65     51     11         9.1065     32.9906    262.2742   % 
UB: 32.99057971014493
branching on 2 with b.
66     52     12         9.1065     32.9906    262.2742   % 
UB: 32.99057971014493
branching on CartesianIndex(5, 2) with a.
67     53     13         9.1065     32.9906    262.2742   % 
UB: 32.99057971014493
branching on 3 with b.
68     54     14         9.1065     32.9906    262.2742   % 
UB: 32.99057971014493
branching on 1 with b.
69     55     14         9.1065     32.9906    262.2742   % 
UB: 32.99057971014493
branching on CartesianIndex(6, 2) with a.
70     56     13         9.1065     32.9906    262.2742   % 
UB: 32.99057971014493
branching on CartesianIndex(1, 3) with a.
71     57     12         9.1065     32.9906    262.2742   % 
LB close or above UB, fathomed
72     56     11         9.1065     32.9906    262.2742   % 
LB close or above UB, fathomed
73     55     17         9.1065     32.9906    262.2742   % 
UB: 32.99057971014493
branching on CartesianIndex(2, 3) with a.
74     56     17         9.1065     32.9906    262.2742   % 
UB: 32.99057971014493
branching on CartesianIndex(1, 4) with c.
75     57     18         9.1065     32.9906    262.2742   % 
UB: 32.99057971014493
branching on 1 with b.
76     58     19         9.1065     32.9906    262.2742   % 
UB: 32.99057971014493
branching on CartesianIndex(3, 3) with a.
77     59     19         9.1065     32.9906    262.2742   % 
UB: 32.99057971014493
branching on CartesianIndex(3, 3) with a.
78     60     18         9.1065     32.9906    262.2742   % 
UB: 32.99057971014493
branching on CartesianIndex(1, 4) with c.
79     61     20         9.1065     32.9906    262.2742   % 
UB: 32.99057971014493
branching on 2 with b.
80     62     21         9.1065     32.9906    262.2742   % 
UB: 30.005072463768116
branching on CartesianIndex(4, 3) with a.
81     63     21         9.1065     30.0051    229.4899   % 
UB: 30.005072463768116
branching on CartesianIndex(4, 3) with a.
82     62     20         9.1065     30.0051    229.4899   % 
LB close or above UB, fathomed
83     61     22         9.1065     30.0051    229.4899   % 
UB: 30.005072463768116
branching on 3 with b.
84     62     22         9.1065     30.0051    229.4899   % 
UB: 30.005072463768116
branching on CartesianIndex(1, 4) with c.
85     63     23         9.1065     30.0051    229.4899   % 
UB: 30.005072463768116
branching on CartesianIndex(5, 3) with a.
86     64     24         9.1065     30.0051    229.4899   % 
UB: 30.005072463768116
branching on CartesianIndex(6, 3) with a.
87     65     24         9.1065     30.0051    229.4899   % 
UB: 30.005072463768116
branching on CartesianIndex(1, 4) with c.
88     66     23         9.1065     30.0051    229.4899   % 
LB close or above UB, fathomed
89     65     10         12.0789    30.0051    148.4085   % 
UB: 30.005072463768116
branching on 3 with b.
90     66     11         12.0789    30.0051    148.4085   % 
UB: 30.005072463768116
branching on 1 with b.
91     67     11         12.0789    30.0051    148.4085   % 
UB: 30.005072463768116
branching on CartesianIndex(3, 2) with a.
92     68     10         12.0789    30.0051    148.4085   % 
UB: 30.005072463768116
branching on 3 with b.
93     69     12         12.0789    30.0051    148.4085   % 
UB: 30.005072463768116
branching on CartesianIndex(4, 2) with a.
94     70     13         12.0789    30.0051    148.4085   % 
UB: 30.005072463768116
branching on CartesianIndex(5, 2) with a.
95     71     14         12.0789    30.0051    148.4085   % 
UB: 30.005072463768116
branching on 1 with b.
96     72     15         12.0789    30.0051    148.4085   % 
LB close or above UB, fathomed
97     71     15         12.0789    30.0051    148.4085   % 
UB: 30.005072463768116
branching on CartesianIndex(6, 2) with a.
98     72     16         12.0789    30.0051    148.4085   % 
UB: 30.005072463768116
branching on CartesianIndex(1, 3) with a.
99     73     16         12.0789    30.0051    148.4085   % 
UB: 30.005072463768116
branching on CartesianIndex(1, 3) with a.
100    74     14         12.0789    30.0051    148.4085   % 
UB: 30.005072463768116
branching on CartesianIndex(1, 3) with a.
101    75     13         12.0789    30.0051    148.4085   % 
UB: 30.005072463768116
branching on CartesianIndex(1, 3) with a.
102    76     12         12.0789    30.0051    148.4085   % 
UB: 30.005072463768116
branching on 1 with b.
103    77     15         12.0920    30.0051    148.1393   % 
UB: 30.005072463768116
branching on CartesianIndex(1, 3) with a.
104    78     15         12.0920    30.0051    148.1393   % 
UB: 30.005072463768116
branching on CartesianIndex(1, 3) with a.
105    79     19         12.0920    30.0051    148.1393   % 
UB: 30.005072463768116
branching on CartesianIndex(1, 3) with a.
106    80     19         12.0920    30.0051    148.1393   % 
UB: 30.005072463768116
branching on CartesianIndex(1, 3) with a.
107    81     13         12.0920    30.0051    148.1393   % 
UB: 30.005072463768116
branching on CartesianIndex(6, 1) with a.
108    82     13         12.0920    30.0051    148.1393   % 
UB: 30.005072463768116
branching on CartesianIndex(1, 2) with a.
109    83     13         12.0920    30.0051    148.1393   % 
UB: 30.005072463768116
branching on CartesianIndex(2, 2) with a.
110    84     14         12.0920    30.0051    148.1393   % 
UB: 30.005072463768116
branching on CartesianIndex(3, 2) with a.
111    85     15         12.0920    30.0051    148.1393   % 
UB: 30.005072463768116
branching on CartesianIndex(4, 2) with a.
112    86     16         12.0920    30.0051    148.1393   % 
UB: 30.005072463768116
branching on CartesianIndex(5, 2) with a.
113    87     17         12.0920    30.0051    148.1393   % 
UB: 30.005072463768116
branching on CartesianIndex(6, 2) with a.
114    88     18         12.0920    30.0051    148.1393   % 
UB: 30.005072463768116
branching on 1 with b.
115    89     18         12.0920    30.0051    148.1393   % 
UB: 30.005072463768116
branching on 1 with b.
116    90     17         12.0920    30.0051    148.1393   % 
UB: 30.005072463768116
branching on CartesianIndex(1, 3) with a.
117    91     16         12.0920    30.0051    148.1393   % 
LB close or above UB, fathomed
118    90     15         12.0920    30.0051    148.1393   % 
LB close or above UB, fathomed
119    89     14         12.0920    30.0051    148.1393   % 
LB close or above UB, fathomed
120    88     13         12.0920    30.0051    148.1393   % 
UB: 30.005072463768116
branching on CartesianIndex(1, 3) with a.
121    89     13         12.0920    30.0051    148.1393   % 
UB: 30.005072463768116
branching on CartesianIndex(1, 2) with a.
122    90     13         12.0920    30.0051    148.1393   % 
UB: 30.005072463768116
branching on 2 with b.
123    91     16         12.0920    30.0051    148.1393   % 
UB: 30.005072463768116
branching on CartesianIndex(6, 2) with a.
124    92     16         12.0920    30.0051    148.1393   % 
UB: 30.005072463768116
branching on 2 with b.
125    93     22         12.0920    30.0051    148.1393   % 
UB: 30.005072463768116
branching on 3 with b.
126    94     22         12.0920    30.0051    148.1393   % 
UB: 30.005072463768116
branching on 3 with b.
127    95     23         12.0920    30.0051    148.1393   % 
UB: 30.005072463768116
branching on CartesianIndex(5, 3) with a.
128    96     24         12.0920    30.0051    148.1393   % 
UB: 27.0195652173913
branching on 1 with b.
129    97     24         12.0920    27.0196    123.4494   % 
UB: 27.0195652173913
branching on CartesianIndex(1, 4) with c.
130    90     23         12.0920    27.0196    123.4494   % 
LB close or above UB, fathomed
131    89     25         12.0920    27.0196    123.4494   % 
UB: 27.0195652173913
branching on CartesianIndex(1, 4) with c.
132    90     26         12.0920    27.0196    123.4494   % 
LB close or above UB, fathomed
133    89     26         12.0920    27.0196    123.4494   % 
UB: 27.0195652173913
branching on CartesianIndex(1, 5) with c.
134    90     25         12.0920    27.0196    123.4494   % 
LB close or above UB, fathomed
135    89     27         12.0920    27.0196    123.4494   % 
UB: 27.0195652173913
branching on CartesianIndex(2, 5) with c.
136    90     28         12.0920    27.0196    123.4494   % 
UB: 27.0195652173913
branching on CartesianIndex(1, 6) with c.
137    91     29         12.0920    27.0196    123.4494   % 
LB close or above UB, fathomed
138    90     29         12.0920    27.0196    123.4494   % 
UB: 27.0195652173913
branching on CartesianIndex(1, 7) with c.
139    91     30         12.0920    27.0196    123.4494   % 
UB: 27.0195652173913
branching on CartesianIndex(2, 7) with c.
140    92     31         12.0920    27.0196    123.4494   % 
LB close or above UB, fathomed
141    91     31         12.0920    27.0196    123.4494   % 
UB: 27.0195652173913
branching on 1 with b.
142    92     32         12.0920    27.0196    123.4494   % 
UB: 27.0195652173913
branching on 2 with b.
143    93     33         12.0920    27.0196    123.4494   % 
UB: 27.0195652173913
branching on 3 with b.
144    94     34         12.0920    27.0196    123.4494   % 
UB: 27.0195652173913
branching on 1 with b.
145    95     35         12.0920    27.0196    123.4494   % 
UB: 27.0195652173913
branching on 2 with b.
146    96     35         12.0920    27.0196    123.4494   % 
UB: 27.0195652173913
branching on 2 with b.
147    97     34         12.0920    27.0196    123.4494   % 
LB close or above UB, fathomed
148    96     33         12.0920    27.0196    123.4494   % 
LB close or above UB, fathomed
149    95     32         12.0920    27.0196    123.4494   % 
UB: 27.0195652173913
branching on 2 with b.
150    96     30         12.0920    27.0196    123.4494   % 
LB close or above UB, fathomed
151    95     28         12.0920    27.0196    123.4494   % 
LB close or above UB, fathomed
152    94     27         12.0920    27.0196    123.4494   % 
LB close or above UB, fathomed
153    93     17         15.0644    27.0196    79.3600    % 
UB: 27.0195652173913
branching on 2 with b.
154    94     18         15.0644    27.0196    79.3600    % 
UB: 27.0195652173913
branching on 3 with b.
155    95     18         15.0644    27.0196    79.3600    % 
UB: 27.0195652173913
branching on CartesianIndex(2, 3) with a.
156    96     17         15.0644    27.0196    79.3600    % 
LB close or above UB, fathomed
157    95     17         15.0775    27.0196    79.2041    % 
LB close or above UB, fathomed
158    94     17         15.0775    27.0196    79.2041    % 
UB: 27.0195652173913
branching on CartesianIndex(1, 3) with a.
159    95     15         15.0775    27.0196    79.2041    % 
UB: 27.0195652173913
branching on 2 with b.
160    96     15         15.0775    27.0196    79.2041    % 
LB close or above UB, fathomed
161    95     20         15.0775    27.0196    79.2041    % 
UB: 27.0195652173913
branching on CartesianIndex(2, 3) with a.
162    96     21         15.0775    27.0196    79.2041    % 
UB: 27.0195652173913
branching on CartesianIndex(3, 3) with a.
163    97     22         15.0775    27.0196    79.2041    % 
UB: 27.0195652173913
branching on CartesianIndex(4, 3) with a.
164    98     23         15.0775    27.0196    79.2041    % 
UB: 27.0195652173913
branching on CartesianIndex(5, 3) with a.
165    99     24         15.0775    27.0196    79.2041    % 
UB: 27.0195652173913
branching on CartesianIndex(6, 3) with a.
166    100    24         15.0775    27.0196    79.2041    % 
LB close or above UB, fathomed
167    99     23         15.0775    27.0196    79.2041    % 
LB close or above UB, fathomed
168    98     22         15.0775    27.0196    79.2041    % 
LB close or above UB, fathomed
169    97     21         15.0775    27.0196    79.2041    % 
LB close or above UB, fathomed
170    96     20         15.0775    27.0196    79.2041    % 
LB close or above UB, fathomed
171    95     19         15.0775    27.0196    79.2041    % 
UB: 27.0195652173913
branching on CartesianIndex(1, 3) with a.
172    96     19         15.0775    27.0196    79.2041    % 
UB: 27.0195652173913
branching on CartesianIndex(1, 3) with a.
173    97     17         15.0775    27.0196    79.2041    % 
UB: 27.0195652173913
branching on CartesianIndex(2, 3) with a.
174    98     18         15.0775    27.0196    79.2041    % 
UB: 27.0195652173913
branching on CartesianIndex(3, 3) with a.
175    99     19         15.0775    27.0196    79.2041    % 
UB: 27.0195652173913
branching on 2 with b.
176    100    20         15.0775    27.0196    79.2041    % 
UB: 27.0195652173913
branching on CartesianIndex(4, 3) with a.
177    101    20         15.0775    27.0196    79.2041    % 
UB: 27.0195652173913
branching on 3 with b.
178    102    19         15.0775    27.0196    79.2041    % 
LB close or above UB, fathomed
179    101    18         15.0775    27.0196    79.2041    % 
LB close or above UB, fathomed
180    100    17         15.0775    27.0196    79.2041    % 
LB close or above UB, fathomed
181    99     16         15.0775    27.0196    79.2041    % 
UB: 27.0195652173913
branching on CartesianIndex(2, 3) with a.
182    100    17         15.0775    27.0196    79.2041    % 
UB: 27.0195652173913
branching on 1 with b.
183    101    18         15.0775    27.0196    79.2041    % 
UB: 27.0195652173913
branching on CartesianIndex(3, 3) with a.
184    102    19         15.0775    27.0196    79.2041    % 
UB: 27.0195652173913
branching on CartesianIndex(4, 3) with a.
185    103    20         15.0775    27.0196    79.2041    % 
UB: 27.0195652173913
branching on 2 with b.
186    104    21         15.0775    27.0196    79.2041    % 
UB: 27.0195652173913
branching on 3 with b.
187    105    21         15.0775    27.0196    79.2041    % 
UB: 27.0195652173913
branching on CartesianIndex(5, 3) with a.
188    106    20         15.0775    27.0196    79.2041    % 
LB close or above UB, fathomed
189    105    19         15.0775    27.0196    79.2041    % 
LB close or above UB, fathomed
190    104    18         15.0775    27.0196    79.2041    % 
UB: 27.0195652173913
branching on CartesianIndex(3, 3) with a.
191    105    17         15.0775    27.0196    79.2041    % 
LB close or above UB, fathomed
192    104    16         15.0775    27.0196    79.2041    % 
LB close or above UB, fathomed
193    103    22         15.0775    27.0196    79.2041    % 
UB: 27.0195652173913
branching on CartesianIndex(6, 3) with a.
194    104    22         15.0775    27.0196    79.2041    % 
LB close or above UB, fathomed
195    103    21         15.0775    27.0196    79.2041    % 
UB: 27.0195652173913
branching on 3 with b.
196    104    21         15.0775    27.0196    79.2041    % 
LB close or above UB, fathomed
197    103    19         15.0775    27.0196    79.2041    % 
UB: 27.0195652173913
branching on CartesianIndex(3, 3) with a.
198    104    20         15.0775    27.0196    79.2041    % 
UB: 27.0195652173913
branching on 3 with b.
199    105    21         15.0775    27.0196    79.2041    % 
UB: 27.0195652173913
branching on CartesianIndex(4, 3) with a.
200    106    21         15.0775    27.0196    79.2041    % 
LB close or above UB, fathomed
201    105    20         15.0775    27.0196    79.2041    % 
LB close or above UB, fathomed
202    104    19         15.0775    27.0196    79.2041    % 
LB close or above UB, fathomed
203    103    22         15.0775    27.0196    79.2041    % 
UB: 27.0195652173913
branching on CartesianIndex(5, 3) with a.
204    104    23         15.0775    27.0196    79.2041    % 
UB: 27.0195652173913
branching on CartesianIndex(6, 3) with a.
205    105    23         15.0775    27.0196    79.2041    % 
LB close or above UB, fathomed
206    104    22         15.0775    27.0196    79.2041    % 
LB close or above UB, fathomed
207    103    22         15.0775    27.0196    79.2041    % 
UB: 27.0195652173913
branching on 1 with b.
208    104    22         15.0775    27.0196    79.2041    % 
LB close or above UB, fathomed
209    103    25         15.0775    27.0196    79.2041    % 
UB: 27.0195652173913
branching on CartesianIndex(6, 3) with a.
210    104    26         15.0775    27.0196    79.2041    % 
UB: 27.0195652173913
branching on CartesianIndex(1, 4) with c.
211    105    27         15.0775    27.0196    79.2041    % 
LB close or above UB, fathomed
212    104    27         15.0775    27.0196    79.2041    % 
UB: 27.0195652173913
branching on 2 with b.
213    105    26         15.0775    27.0196    79.2041    % 
LB close or above UB, fathomed
214    104    25         15.0775    27.0196    79.2041    % 
UB: 27.0195652173913
branching on CartesianIndex(6, 3) with a.
215    105    28         15.0775    27.0196    79.2041    % 
LB close or above UB, fathomed
216    104    28         15.0775    27.0196    79.2041    % 
UB: 27.0195652173913
branching on CartesianIndex(1, 5) with c.
217    105    23         15.0775    27.0196    79.2041    % 
LB close or above UB, fathomed
218    104    23         15.0775    27.0196    79.2041    % 
UB: 27.0195652173913
branching on CartesianIndex(5, 3) with a.
219    105    24         15.0775    27.0196    79.2041    % 
UB: 27.0195652173913
branching on CartesianIndex(6, 3) with a.
220    106    24         15.0775    27.0196    79.2041    % 
LB close or above UB, fathomed
221    105    29         15.0775    27.0196    79.2041    % 
UB: 27.0195652173913
branching on CartesianIndex(2, 5) with c.
222    106    30         15.0775    27.0196    79.2041    % 
UB: 27.0195652173913
branching on CartesianIndex(1, 6) with c.
223    107    31         15.0775    27.0196    79.2041    % 
LB close or above UB, fathomed
224    106    31         15.0775    27.0196    79.2041    % 
UB: 27.0195652173913
branching on CartesianIndex(1, 7) with c.
225    107    32         15.0775    27.0196    79.2041    % 
UB: 27.0195652173913
branching on 3 with b.
226    108    33         15.0775    27.0196    79.2041    % 
UB: 27.0195652173913
branching on CartesianIndex(2, 7) with c.
227    109    34         15.0775    27.0196    79.2041    % 
LB close or above UB, fathomed
228    108    34         15.0775    27.0196    79.2041    % 
UB: 27.0195652173913
branching on 1 with b.
229    109    35         15.0775    27.0196    79.2041    % 
UB: 27.0195652173913
branching on 2 with b.
230    110    35         15.0775    27.0196    79.2041    % 
UB: 27.0195652173913
branching on 2 with b.
231    111    33         15.0775    27.0196    79.2041    % 
LB close or above UB, fathomed
232    110    32         15.0775    27.0196    79.2041    % 
LB close or above UB, fathomed
233    109    30         15.0775    27.0196    79.2041    % 
LB close or above UB, fathomed
234    108    29         15.0775    27.0196    79.2041    % 
LB close or above UB, fathomed
235    107    9          16.6851    27.0196    61.9381    % 
UB: 27.0195652173913
branching on CartesianIndex(1, 3) with a.
236    108    9          16.6851    27.0196    61.9381    % 
LB close or above UB, fathomed
237    107    19         18.0499    27.0196    49.6934    % 
UB: 27.0195652173913
branching on CartesianIndex(2, 3) with a.
238    108    20         18.0499    27.0196    49.6934    % 
UB: 27.0195652173913
branching on 1 with b.
239    109    21         18.0499    27.0196    49.6934    % 
LB close or above UB, fathomed
240    108    21         18.0499    27.0196    49.6934    % 
UB: 27.0195652173913
branching on CartesianIndex(3, 3) with a.
241    109    22         18.0499    27.0196    49.6934    % 
UB: 27.0195652173913
branching on CartesianIndex(4, 3) with a.
242    110    23         18.0499    27.0196    49.6934    % 
UB: 27.0195652173913
branching on CartesianIndex(5, 3) with a.
243    111    24         18.0499    27.0196    49.6934    % 
UB: 27.0195652173913
branching on CartesianIndex(6, 3) with a.
244    112    24         18.0499    27.0196    49.6934    % 
LB close or above UB, fathomed
245    111    23         18.0499    27.0196    49.6934    % 
LB close or above UB, fathomed
246    110    22         18.0499    27.0196    49.6934    % 
LB close or above UB, fathomed
247    109    20         18.0499    27.0196    49.6934    % 
LB close or above UB, fathomed
248    108    19         18.0499    27.0196    49.6934    % 
LB close or above UB, fathomed
249    107    16         18.0630    27.0196    49.5848    % 
UB: 27.0195652173913
branching on CartesianIndex(2, 3) with a.
250    108    16         18.0630    27.0196    49.5848    % 
LB close or above UB, fathomed
251    107    17         18.0630    27.0196    49.5848    % 
UB: 27.0195652173913
branching on CartesianIndex(2, 3) with a.
252    108    18         18.0630    27.0196    49.5848    % 
UB: 27.0195652173913
branching on CartesianIndex(3, 3) with a.
253    109    19         18.0630    27.0196    49.5848    % 
UB: 27.0195652173913
branching on CartesianIndex(4, 3) with a.
254    110    20         18.0630    27.0196    49.5848    % 
UB: 27.0195652173913
branching on 1 with b.
255    111    21         18.0630    27.0196    49.5848    % 
UB: 27.0195652173913
branching on CartesianIndex(5, 3) with a.
256    112    22         18.0630    27.0196    49.5848    % 
UB: 27.0195652173913
branching on 2 with b.
257    113    22         18.0630    27.0196    49.5848    % 
LB close or above UB, fathomed
258    112    21         18.0630    27.0196    49.5848    % 
UB: 27.0195652173913
branching on CartesianIndex(5, 3) with a.
259    113    20         18.0630    27.0196    49.5848    % 
LB close or above UB, fathomed
260    112    19         18.0630    27.0196    49.5848    % 
LB close or above UB, fathomed
261    111    18         18.0630    27.0196    49.5848    % 
LB close or above UB, fathomed
262    110    17         18.0630    27.0196    49.5848    % 
LB close or above UB, fathomed
263    109    11         18.0630    27.0196    49.5848    % 
LB close or above UB, fathomed
264    108    11         18.0630    27.0196    49.5848    % 
LB close or above UB, fathomed
265    107    36         18.0630    27.0196    49.5848    % 
UB: 27.0195652173913
branching on 3 with b.
266    108    36         18.0630    27.0196    49.5848    % 
UB: 27.0195652173913
branching on 3 with b.
267    109    14         18.0630    27.0196    49.5848    % 
UB: 27.0195652173913
branching on CartesianIndex(2, 2) with a.
268    110    15         18.0630    27.0196    49.5848    % 
UB: 27.0195652173913
branching on 2 with b.
269    111    16         18.0630    27.0196    49.5848    % 
UB: 27.0195652173913
branching on CartesianIndex(3, 2) with a.
270    112    16         18.0630    27.0196    49.5848    % 
UB: 27.0195652173913
branching on CartesianIndex(3, 2) with a.
271    113    17         18.0630    27.0196    49.5848    % 
UB: 27.0195652173913
branching on CartesianIndex(4, 2) with a.
272    114    17         18.0630    27.0196    49.5848    % 
LB close or above UB, fathomed
273    113    15         18.0630    27.0196    49.5848    % 
LB close or above UB, fathomed
274    112    14         18.0630    27.0196    49.5848    % 
LB close or above UB, fathomed
275    111    14         18.0630    27.0196    49.5848    % 
UB: 27.0195652173913
branching on CartesianIndex(2, 2) with a.
276    112    15         18.0630    27.0196    49.5848    % 
UB: 27.0195652173913
branching on CartesianIndex(3, 2) with a.
277    113    16         18.0630    27.0196    49.5848    % 
UB: 27.0195652173913
branching on 1 with b.
278    114    17         18.0630    27.0196    49.5848    % 
UB: 27.0195652173913
branching on 2 with b.
279    115    18         18.0630    27.0196    49.5848    % 
UB: 27.0195652173913
branching on CartesianIndex(4, 2) with a.
280    116    18         18.0630    27.0196    49.5848    % 
UB: 27.0195652173913
branching on CartesianIndex(4, 2) with a.
281    117    19         18.0630    27.0196    49.5848    % 
UB: 27.0195652173913
branching on CartesianIndex(5, 2) with a.
282    118    19         18.0630    27.0196    49.5848    % 
LB close or above UB, fathomed
283    117    17         18.0630    27.0196    49.5848    % 
UB: 27.0195652173913
branching on CartesianIndex(4, 2) with a.
284    118    16         18.0630    27.0196    49.5848    % 
LB close or above UB, fathomed
285    117    15         18.0630    27.0196    49.5848    % 
LB close or above UB, fathomed
286    116    14         18.0630    27.0196    49.5848    % 
LB close or above UB, fathomed
287    115    20         18.0630    27.0196    49.5848    % 
UB: 27.0195652173913
branching on CartesianIndex(2, 3) with a.
288    116    21         18.0630    27.0196    49.5848    % 
UB: 27.0195652173913
branching on CartesianIndex(3, 3) with a.
289    117    22         18.0630    27.0196    49.5848    % 
UB: 27.0195652173913
branching on 2 with b.
290    118    22         18.0630    27.0196    49.5848    % 
LB close or above UB, fathomed
291    117    21         18.0630    27.0196    49.5848    % 
LB close or above UB, fathomed
292    116    20         18.0630    27.0196    49.5848    % 
LB close or above UB, fathomed
293    115    18         18.0630    27.0196    49.5848    % 
UB: 27.0195652173913
branching on CartesianIndex(2, 3) with a.
294    116    19         18.0630    27.0196    49.5848    % 
UB: 27.0195652173913
branching on CartesianIndex(3, 3) with a.
295    117    19         18.0630    27.0196    49.5848    % 
LB close or above UB, fathomed
296    116    18         18.0630    27.0196    49.5848    % 
LB close or above UB, fathomed
297    115    25         18.0630    27.0196    49.5848    % 
UB: 27.0195652173913
branching on 1 with b.
298    116    26         18.0630    27.0196    49.5848    % 
UB: 27.0195652173913
branching on CartesianIndex(1, 4) with c.
299    117    27         18.0630    27.0196    49.5848    % 
LB close or above UB, fathomed
300    116    27         18.0630    27.0196    49.5848    % 
UB: 27.0195652173913
branching on 2 with b.
301    117    28         18.0630    27.0196    49.5848    % 
LB close or above UB, fathomed
302    116    28         18.0630    27.0196    49.5848    % 
UB: 27.0195652173913
branching on CartesianIndex(1, 5) with c.
303    117    26         18.0630    27.0196    49.5848    % 
LB close or above UB, fathomed
304    116    25         18.0630    27.0196    49.5848    % 
LB close or above UB, fathomed
305    115    20         18.0630    27.0196    49.5848    % 
UB: 27.0195652173913
branching on 2 with b.
306    116    21         18.0630    27.0196    49.5848    % 
UB: 27.0195652173913
branching on CartesianIndex(4, 3) with a.
307    117    21         18.0630    27.0196    49.5848    % 
UB: 27.0195652173913
branching on 3 with b.
308    118    22         18.0630    27.0196    49.5848    % 
LB close or above UB, fathomed
309    117    22         18.0630    27.0196    49.5848    % 
UB: 27.0195652173913
branching on CartesianIndex(4, 3) with a.
310    118    23         18.0630    27.0196    49.5848    % 
UB: 27.0195652173913
branching on CartesianIndex(5, 3) with a.
311    119    23         18.0630    27.0196    49.5848    % 
LB close or above UB, fathomed
312    118    20         18.0630    27.0196    49.5848    % 
LB close or above UB, fathomed
313    117    23         18.0630    27.0196    49.5848    % 
UB: 27.0195652173913
branching on 3 with b.
314    118    23         18.0630    27.0196    49.5848    % 
UB: 27.0195652173913
branching on 3 with b.
315    119    24         18.0630    27.0196    49.5848    % 
UB: 27.0195652173913
branching on 1 with b.
316    120    25         18.0630    27.0196    49.5848    % 
UB: 27.0195652173913
branching on CartesianIndex(4, 3) with a.
317    121    25         18.0630    27.0196    49.5848    % 
UB: 27.0195652173913
branching on CartesianIndex(4, 3) with a.
318    122    24         18.0630    27.0196    49.5848    % 
LB close or above UB, fathomed
319    121    25         18.0630    27.0196    49.5848    % 
UB: 27.0195652173913
branching on CartesianIndex(1, 4) with c.
320    122    26         18.0630    27.0196    49.5848    % 
LB close or above UB, fathomed
321    121    26         18.0630    27.0196    49.5848    % 
UB: 27.0195652173913
branching on CartesianIndex(1, 5) with c.
322    122    25         18.0630    27.0196    49.5848    % 
LB close or above UB, fathomed
323    121    33         18.0630    27.0196    49.5848    % 
UB: 27.0195652173913
branching on 3 with b.
324    122    34         18.0630    27.0196    49.5848    % 
UB: 27.0195652173913
branching on 1 with b.
325    123    35         18.0630    27.0196    49.5848    % 
UB: 24.03405797101449
branching on 2 with b.
326    124    36         18.0630    24.0341    33.0565    % 
LB close or above UB, fathomed
327    57     36         18.0630    24.0341    33.0565    % 
UB: 24.03405797101449
branching on 3 with b.
328    58     35         18.0630    24.0341    33.0565    % 
UB: 24.03405797101449
branching on 2 with b.
329    59     34         18.0630    24.0341    33.0565    % 
LB close or above UB, fathomed
330    58     33         18.0630    24.0341    33.0565    % 
LB close or above UB, fathomed
331    57     24         18.0630    24.0341    33.0565    % 
UB: 24.03405797101449
branching on 1 with b.
332    58     25         18.0630    24.0341    33.0565    % 
UB: 24.03405797101449
branching on CartesianIndex(6, 3) with a.
333    59     25         18.0630    24.0341    33.0565    % 
LB close or above UB, fathomed
334    58     24         18.0630    24.0341    33.0565    % 
LB close or above UB, fathomed
335    57     29         18.0630    24.0341    33.0565    % 
UB: 24.03405797101449
branching on CartesianIndex(2, 5) with c.
336    58     30         18.0630    24.0341    33.0565    % 
UB: 24.03405797101449
branching on CartesianIndex(1, 6) with c.
337    59     31         18.0630    24.0341    33.0565    % 
LB close or above UB, fathomed
338    58     31         18.0630    24.0341    33.0565    % 
UB: 24.03405797101449
branching on CartesianIndex(1, 7) with c.
339    59     32         18.0630    24.0341    33.0565    % 
UB: 24.03405797101449
branching on CartesianIndex(2, 7) with c.
340    60     33         18.0630    24.0341    33.0565    % 
LB close or above UB, fathomed
341    59     33         18.0630    24.0341    33.0565    % 
UB: 24.03405797101449
branching on 3 with b.
342    60     34         18.0630    24.0341    33.0565    % 
UB: 24.03405797101449
branching on 1 with b.
343    61     35         18.0630    24.0341    33.0565    % 
LB close or above UB, fathomed
344    60     35         18.0630    24.0341    33.0565    % 
UB: 24.03405797101449
branching on 2 with b.
345    61     34         18.0630    24.0341    33.0565    % 
LB close or above UB, fathomed
346    60     32         18.0630    24.0341    33.0565    % 
LB close or above UB, fathomed
347    59     30         18.0630    24.0341    33.0565    % 
LB close or above UB, fathomed
348    58     29         18.0630    24.0341    33.0565    % 
LB close or above UB, fathomed
349    57     24         18.0630    24.0341    33.0565    % 
UB: 24.03405797101449
branching on CartesianIndex(1, 4) with c.
350    58     25         18.0630    24.0341    33.0565    % 
LB close or above UB, fathomed
351    57     25         18.0630    24.0341    33.0565    % 
UB: 24.03405797101449
branching on CartesianIndex(1, 5) with c.
352    58     24         18.0630    24.0341    33.0565    % 
LB close or above UB, fathomed
353    57     26         18.0630    24.0341    33.0565    % 
UB: 24.03405797101449
branching on CartesianIndex(2, 5) with c.
354    58     27         18.0630    24.0341    33.0565    % 
UB: 24.03405797101449
branching on CartesianIndex(1, 6) with c.
355    59     28         18.0630    24.0341    33.0565    % 
LB close or above UB, fathomed
356    58     28         18.0630    24.0341    33.0565    % 
UB: 24.03405797101449
branching on CartesianIndex(1, 7) with c.
357    59     29         18.0630    24.0341    33.0565    % 
UB: 24.03405797101449
branching on CartesianIndex(2, 7) with c.
358    60     30         18.0630    24.0341    33.0565    % 
LB close or above UB, fathomed
359    59     30         18.0630    24.0341    33.0565    % 
UB: 24.03405797101449
branching on 1 with b.
360    60     31         18.0630    24.0341    33.0565    % 
LB close or above UB, fathomed
361    59     31         18.0630    24.0341    33.0565    % 
UB: 24.03405797101449
branching on 2 with b.
362    60     32         18.0630    24.0341    33.0565    % 
UB: 24.03405797101449
branching on 3 with b.
363    61     32         18.0630    24.0341    33.0565    % 
UB: 24.03405797101449
branching on 3 with b.
364    62     33         18.0630    24.0341    33.0565    % 
UB: 24.03405797101449
branching on 1 with b.
365    63     34         18.0630    24.0341    33.0565    % 
LB close or above UB, fathomed
366    62     34         18.0630    24.0341    33.0565    % 
LB close or above UB, fathomed
367    61     33         18.0630    24.0341    33.0565    % 
LB close or above UB, fathomed
368    60     29         18.0630    24.0341    33.0565    % 
LB close or above UB, fathomed
369    59     27         18.0630    24.0341    33.0565    % 
LB close or above UB, fathomed
370    58     26         18.0630    24.0341    33.0565    % 
LB close or above UB, fathomed
371    57     26         18.0630    24.0341    33.0565    % 
UB: 24.03405797101449
branching on CartesianIndex(1, 4) with c.
372    58     26         18.0630    24.0341    33.0565    % 
LB close or above UB, fathomed
373    57     23         18.0630    24.0341    33.0565    % 
UB: 24.03405797101449
branching on CartesianIndex(1, 4) with c.
374    58     24         18.0630    24.0341    33.0565    % 
LB close or above UB, fathomed
375    57     24         18.0630    24.0341    33.0565    % 
UB: 24.03405797101449
branching on 3 with b.
376    58     25         18.0630    24.0341    33.0565    % 
UB: 24.03405797101449
branching on 1 with b.
377    59     26         18.0630    24.0341    33.0565    % 
UB: 24.03405797101449
branching on CartesianIndex(1, 5) with c.
378    60     27         18.0630    24.0341    33.0565    % 
UB: 24.03405797101449
branching on CartesianIndex(2, 5) with c.
379    61     28         18.0630    24.0341    33.0565    % 
UB: 24.03405797101449
branching on CartesianIndex(1, 6) with c.
380    62     29         18.0630    24.0341    33.0565    % 
LB close or above UB, fathomed
381    61     29         18.0630    24.0341    33.0565    % 
UB: 24.03405797101449
branching on 2 with b.
382    62     30         18.0630    24.0341    33.0565    % 
UB: 24.03405797101449
branching on CartesianIndex(1, 7) with c.
383    63     31         18.0630    24.0341    33.0565    % 
UB: 24.03405797101449
branching on CartesianIndex(2, 7) with c.
384    64     32         18.0630    24.0341    33.0565    % 
LB close or above UB, fathomed
385    63     32         18.0630    24.0341    33.0565    % 
UB: 24.03405797101449
branching on 3 with b.
386    64     33         18.0630    24.0341    33.0565    % 
UB: 24.03405797101449
branching on 1 with b.
387    65     34         18.0630    24.0341    33.0565    % 
UB: 24.03405797101449
branching on 2 with b.
388    66     35         18.0630    24.0341    33.0565    % 
LB close or above UB, fathomed
389    65     35         18.0630    24.0341    33.0565    % 
UB: 24.03405797101449
branching on 3 with b.
390    66     34         18.0630    24.0341    33.0565    % 
UB: 24.03405797101449
branching on 2 with b.
391    67     35         18.0630    24.0341    33.0565    % 
LB close or above UB, fathomed
392    66     35         18.0630    24.0341    33.0565    % 
UB: 24.03405797101449
branching on 3 with b.
393    67     33         18.0630    24.0341    33.0565    % 
LB close or above UB, fathomed
394    66     31         18.0630    24.0341    33.0565    % 
LB close or above UB, fathomed
395    65     30         18.0630    24.0341    33.0565    % 
LB close or above UB, fathomed
396    64     28         18.0630    24.0341    33.0565    % 
LB close or above UB, fathomed
397    63     27         18.0630    24.0341    33.0565    % 
LB close or above UB, fathomed
398    62     26         18.0630    24.0341    33.0565    % 
UB: 24.03405797101449
branching on CartesianIndex(1, 5) with c.
399    63     25         18.0630    24.0341    33.0565    % 
LB close or above UB, fathomed
400    62     23         18.0630    24.0341    33.0565    % 
LB close or above UB, fathomed
401    61     27         18.0630    24.0341    33.0565    % 
LB close or above UB, fathomed
402    60     27         18.0630    24.0341    33.0565    % 
UB: 24.03405797101449
branching on CartesianIndex(1, 5) with c.
403    61     28         18.0630    24.0341    33.0565    % 
UB: 24.03405797101449
branching on CartesianIndex(2, 5) with c.
404    62     29         18.0630    24.0341    33.0565    % 
UB: 24.03405797101449
branching on CartesianIndex(1, 6) with c.
405    63     30         18.0630    24.0341    33.0565    % 
LB close or above UB, fathomed
406    62     30         18.0630    24.0341    33.0565    % 
UB: 24.03405797101449
branching on CartesianIndex(1, 7) with c.
407    63     31         18.0630    24.0341    33.0565    % 
UB: 24.03405797101449
branching on CartesianIndex(2, 7) with c.
408    64     32         18.0630    24.0341    33.0565    % 
LB close or above UB, fathomed
409    63     32         18.0630    24.0341    33.0565    % 
UB: 24.03405797101449
branching on 2 with b.
410    64     33         18.0630    24.0341    33.0565    % 
UB: 24.03405797101449
branching on 3 with b.
411    65     34         18.0630    24.0341    33.0565    % 
LB close or above UB, fathomed
412    64     34         18.0630    24.0341    33.0565    % 
UB: 24.03405797101449
branching on 1 with b.
413    65     35         18.0630    24.0341    33.0565    % 
LB close or above UB, fathomed
414    64     35         18.0630    24.0341    33.0565    % 
LB close or above UB, fathomed
415    63     33         18.0630    24.0341    33.0565    % 
LB close or above UB, fathomed
416    62     31         18.0630    24.0341    33.0565    % 
LB close or above UB, fathomed
417    61     29         18.0630    24.0341    33.0565    % 
LB close or above UB, fathomed
418    60     28         18.0630    24.0341    33.0565    % 
LB close or above UB, fathomed
419    59     25         21.0354    24.0341    14.2550    % 
UB: 24.03405797101449
branching on CartesianIndex(1, 4) with c.
420    60     26         21.0354    24.0341    14.2550    % 
LB close or above UB, fathomed
421    59     26         21.0354    24.0341    14.2550    % 
UB: 24.03405797101449
branching on 2 with b.
422    60     25         21.0354    24.0341    14.2550    % 
LB close or above UB, fathomed
423    59     27         21.0354    24.0341    14.2550    % 
LB close or above UB, fathomed
424    58     27         21.0354    24.0341    14.2550    % 
UB: 24.03405797101449
branching on 3 with b.
425    59     36         21.0486    24.0341    14.1839    % 
UB: 24.03405797101449
branching on 1 with b.
426    60     37         21.0486    24.0341    14.1839    % 
UB: 24.03405797101449
branching on 2 with b.
427    61     38         21.0486    24.0341    14.1839    % 
LB close or above UB, fathomed
428    60     38         21.0486    24.0341    14.1839    % 
LB close or above UB, fathomed
429    59     37         21.0486    24.0341    14.1839    % 
UB: 24.03405797101449
branching on 2 with b.
430    60     38         21.0486    24.0341    14.1839    % 
LB close or above UB, fathomed
431    59     38         21.0486    24.0341    14.1839    % 
LB close or above UB, fathomed
432    58     36         21.0486    24.0341    14.1839    % 
LB close or above UB, fathomed
433    57     36         21.0486    24.0341    14.1839    % 
UB: 24.03405797101449
branching on 1 with b.
434    58     37         21.0486    24.0341    14.1839    % 
LB close or above UB, fathomed
435    57     37         21.0486    24.0341    14.1839    % 
UB: 24.03405797101449
branching on 2 with b.
436    58     38         21.0486    24.0341    14.1839    % 
LB close or above UB, fathomed
437    57     38         21.0486    24.0341    14.1839    % 
LB close or above UB, fathomed
438    56     36         21.0486    24.0341    14.1839    % 
LB close or above UB, fathomed
439    55     36         21.0486    24.0341    14.1839    % 
UB: 24.03405797101449
branching on 3 with b.
440    56     37         21.0486    24.0341    14.1839    % 
UB: 24.03405797101449
branching on 1 with b.
441    57     37         21.0486    24.0341    14.1839    % 
LB close or above UB, fathomed
442    56     36         21.0486    24.0341    14.1839    % 
LB close or above UB, fathomed
443    55     20         21.0486    24.0341    14.1839    % 
UB: 24.03405797101449
branching on CartesianIndex(6, 2) with a.
444    56     21         21.0486    24.0341    14.1839    % 
LB close or above UB, fathomed
445    55     21         21.0486    24.0341    14.1839    % 
LB close or above UB, fathomed
446    54     20         21.0486    24.0341    14.1839    % 
LB close or above UB, fathomed
447    53     17         21.0486    24.0341    14.1839    % 
UB: 24.03405797101449
branching on CartesianIndex(3, 3) with a.
448    54     18         21.0486    24.0341    14.1839    % 
UB: 24.03405797101449
branching on 1 with b.
449    55     19         21.0486    24.0341    14.1839    % 
UB: 24.03405797101449
branching on 2 with b.
450    56     20         21.0486    24.0341    14.1839    % 
LB close or above UB, fathomed
451    55     20         21.0486    24.0341    14.1839    % 
LB close or above UB, fathomed
452    54     19         21.0486    24.0341    14.1839    % 
LB close or above UB, fathomed
453    53     18         21.0486    24.0341    14.1839    % 
LB close or above UB, fathomed
454    52     17         21.0486    24.0341    14.1839    % 
LB close or above UB, fathomed
455    51     16         21.0486    24.0341    14.1839    % 
LB close or above UB, fathomed
456    50     16         21.0486    24.0341    14.1839    % 
UB: 24.03405797101449
branching on CartesianIndex(6, 2) with a.
457    51     16         21.0486    24.0341    14.1839    % 
UB: 24.03405797101449
branching on 1 with b.
458    52     17         21.0486    24.0341    14.1839    % 
UB: 24.03405797101449
branching on CartesianIndex(2, 3) with a.
459    53     18         21.0486    24.0341    14.1839    % 
UB: 24.03405797101449
branching on 2 with b.
460    54     19         21.0486    24.0341    14.1839    % 
UB: 24.03405797101449
branching on 3 with b.
461    55     19         21.0486    24.0341    14.1839    % 
LB close or above UB, fathomed
462    54     18         21.0486    24.0341    14.1839    % 
LB close or above UB, fathomed
463    53     17         21.0486    24.0341    14.1839    % 
LB close or above UB, fathomed
464    52     16         21.0486    24.0341    14.1839    % 
LB close or above UB, fathomed
465    51     12         21.0486    24.0341    14.1839    % 
LB close or above UB, fathomed
466    50     12         21.0486    24.0341    14.1839    % 
UB: 24.03405797101449
branching on CartesianIndex(3, 2) with a.
467    51     13         21.0486    24.0341    14.1839    % 
UB: 24.03405797101449
branching on 2 with b.
468    52     14         21.0486    24.0341    14.1839    % 
UB: 24.03405797101449
branching on CartesianIndex(4, 2) with a.
469    53     15         21.0486    24.0341    14.1839    % 
UB: 24.03405797101449
branching on CartesianIndex(5, 2) with a.
470    54     16         21.0486    24.0341    14.1839    % 
UB: 24.03405797101449
branching on CartesianIndex(6, 2) with a.
471    55     16         21.0486    24.0341    14.1839    % 
LB close or above UB, fathomed
472    54     15         21.0486    24.0341    14.1839    % 
LB close or above UB, fathomed
473    53     14         21.0486    24.0341    14.1839    % 
UB: 24.03405797101449
branching on 3 with b.
474    54     15         21.0486    24.0341    14.1839    % 
LB close or above UB, fathomed
475    53     15         21.0486    24.0341    14.1839    % 
UB: 24.03405797101449
branching on CartesianIndex(4, 2) with a.
476    54     16         21.0486    24.0341    14.1839    % 
UB: 24.03405797101449
branching on 1 with b.
477    55     17         21.0486    24.0341    14.1839    % 
LB close or above UB, fathomed
478    54     17         21.0486    24.0341    14.1839    % 
UB: 24.03405797101449
branching on CartesianIndex(5, 2) with a.
479    55     18         21.0486    24.0341    14.1839    % 
UB: 24.03405797101449
branching on CartesianIndex(6, 2) with a.
480    56     19         21.0486    24.0341    14.1839    % 
LB close or above UB, fathomed
481    55     19         21.0486    24.0341    14.1839    % 
LB close or above UB, fathomed
482    54     18         21.0486    24.0341    14.1839    % 
LB close or above UB, fathomed
483    53     16         21.0486    24.0341    14.1839    % 
LB close or above UB, fathomed
484    52     13         21.0486    24.0341    14.1839    % 
LB close or above UB, fathomed
485    51     38         21.0486    24.0341    14.1839    % 
LB close or above UB, fathomed
486    50     38         21.0486    24.0341    14.1839    % 
UB: 24.03405797101449
branching on 2 with b.
487    51     39         21.0486    24.0341    14.1839    % 
LB close or above UB, fathomed
488    50     39         21.0486    24.0341    14.1839    % 
LB close or above UB, fathomed
489    49     33         21.0486    24.0341    14.1839    % 
UB: 24.03405797101449
branching on 1 with b.
490    50     34         21.0486    24.0341    14.1839    % 
LB close or above UB, fathomed
491    49     34         21.0486    24.0341    14.1839    % 
LB close or above UB, fathomed
492    48     33         21.0486    24.0341    14.1839    % 
LB close or above UB, fathomed
493    47     37         21.0486    24.0341    14.1839    % 
UB: 24.03405797101449
branching on 1 with b.
494    48     38         21.0486    24.0341    14.1839    % 
UB: 24.03405797101449
branching on 2 with b.
495    49     39         21.0486    24.0341    14.1839    % 
LB close or above UB, fathomed
496    48     39         21.0486    24.0341    14.1839    % 
LB close or above UB, fathomed
497    47     38         21.0486    24.0341    14.1839    % 
LB close or above UB, fathomed
498    46     37         21.0486    24.0341    14.1839    % 
LB close or above UB, fathomed
499    45     18         21.0486    24.0341    14.1839    % 
UB: 24.03405797101449
branching on CartesianIndex(5, 2) with a.
500    46     19         21.0486    24.0341    14.1839    % 
LB close or above UB, fathomed
501    45     19         21.0486    24.0341    14.1839    % 
LB close or above UB, fathomed
502    44     18         21.0486    24.0341    14.1839    % 
LB close or above UB, fathomed
503    43     37         21.0486    24.0341    14.1839    % 
UB: 24.03405797101449
branching on 1 with b.
504    44     38         21.0486    24.0341    14.1839    % 
LB close or above UB, fathomed
505    43     38         21.0486    24.0341    14.1839    % 
UB: 24.03405797101449
branching on 2 with b.
506    44     39         21.0486    24.0341    14.1839    % 
LB close or above UB, fathomed
507    43     39         21.0486    24.0341    14.1839    % 
LB close or above UB, fathomed
508    42     37         21.0486    24.0341    14.1839    % 
LB close or above UB, fathomed
509    41     23         21.0486    24.0341    14.1839    % 
UB: 24.03405797101449
branching on CartesianIndex(6, 3) with a.
510    42     23         21.0486    24.0341    14.1839    % 
LB close or above UB, fathomed
511    41     11         21.0486    24.0341    14.1839    % 
LB close or above UB, fathomed
512    40     11         21.0486    24.0341    14.1839    % 
UB: 24.03405797101449
branching on CartesianIndex(3, 2) with a.
513    41     12         21.0486    24.0341    14.1839    % 
LB close or above UB, fathomed
514    40     12         21.0486    24.0341    14.1839    % 
UB: 24.03405797101449
branching on CartesianIndex(1, 3) with a.
515    41     13         21.0486    24.0341    14.1839    % 
UB: 24.03405797101449
branching on CartesianIndex(2, 3) with a.
516    42     14         21.0486    24.0341    14.1839    % 
UB: 24.03405797101449
branching on 1 with b.
517    43     15         21.0486    24.0341    14.1839    % 
LB close or above UB, fathomed
518    42     15         21.0486    24.0341    14.1839    % 
UB: 24.03405797101449
branching on 2 with b.
519    43     16         21.0486    24.0341    14.1839    % 
UB: 24.03405797101449
branching on CartesianIndex(3, 3) with a.
520    44     16         21.0486    24.0341    14.1839    % 
UB: 24.03405797101449
branching on CartesianIndex(3, 3) with a.
521    45     14         21.0486    24.0341    14.1839    % 
LB close or above UB, fathomed
522    44     13         21.0486    24.0341    14.1839    % 
LB close or above UB, fathomed
523    43     7          21.0486    24.0341    14.1839    % 
UB: 24.03405797101449
branching on 1 with b.
524    44     8          21.0486    24.0341    14.1839    % 
UB: 24.03405797101449
branching on 2 with b.
525    45     9          21.0486    24.0341    14.1839    % 
UB: 24.03405797101449
branching on CartesianIndex(3, 1) with a.
526    46     10         21.0486    24.0341    14.1839    % 
UB: 24.03405797101449
branching on 3 with b.
527    47     11         21.0486    24.0341    14.1839    % 
UB: 24.03405797101449
branching on CartesianIndex(4, 1) with a.
528    48     12         21.0486    24.0341    14.1839    % 
UB: 24.03405797101449
branching on CartesianIndex(5, 1) with a.
529    49     13         21.0486    24.0341    14.1839    % 
LB close or above UB, fathomed
530    48     13         21.0486    24.0341    14.1839    % 
LB close or above UB, fathomed
531    47     12         21.0486    24.0341    14.1839    % 
LB close or above UB, fathomed
532    46     11         21.0486    24.0341    14.1839    % 
LB close or above UB, fathomed
533    45     10         21.0486    24.0341    14.1839    % 
LB close or above UB, fathomed
534    44     9          21.0486    24.0341    14.1839    % 
LB close or above UB, fathomed
535    43     8          21.0486    24.0341    14.1839    % 
LB close or above UB, fathomed
536    42     7          21.0486    24.0341    14.1839    % 
LB close or above UB, fathomed
537    41     9          21.0486    24.0341    14.1839    % 
LB close or above UB, fathomed
538    40     9          21.0486    24.0341    14.1839    % 
UB: 24.03405797101449
branching on CartesianIndex(1, 3) with a.
539    41     10         21.0486    24.0341    14.1839    % 
UB: 24.03405797101449
branching on 2 with b.
540    42     11         21.0486    24.0341    14.1839    % 
UB: 24.03405797101449
branching on CartesianIndex(2, 3) with a.
541    43     12         21.0486    24.0341    14.1839    % 
UB: 24.03405797101449
branching on 3 with b.
542    44     13         21.0486    24.0341    14.1839    % 
LB close or above UB, fathomed
543    43     13         21.0486    24.0341    14.1839    % 
UB: 24.03405797101449
branching on CartesianIndex(3, 3) with a.
544    44     14         21.0486    24.0341    14.1839    % 
UB: 24.03405797101449
branching on CartesianIndex(4, 3) with a.
545    45     15         21.0486    24.0341    14.1839    % 
LB close or above UB, fathomed
546    44     15         21.0486    24.0341    14.1839    % 
LB close or above UB, fathomed
547    43     14         21.0486    24.0341    14.1839    % 
LB close or above UB, fathomed
548    42     12         21.0486    24.0341    14.1839    % 
LB close or above UB, fathomed
549    41     11         21.0486    24.0341    14.1839    % 
LB close or above UB, fathomed
550    40     10         21.0486    24.0341    14.1839    % 
LB close or above UB, fathomed
551    39     12         21.0486    24.0341    14.1839    % 
UB: 24.03405797101449
branching on 3 with b.
552    40     13         21.0486    24.0341    14.1839    % 
LB close or above UB, fathomed
553    39     13         21.0486    24.0341    14.1839    % 
UB: 24.03405797101449
branching on CartesianIndex(4, 2) with a.
554    40     12         21.0486    24.0341    14.1839    % 
LB close or above UB, fathomed
555    39     7          21.0486    24.0341    14.1839    % 
UB: 24.03405797101449
branching on CartesianIndex(1, 3) with a.
556    40     8          21.0486    24.0341    14.1839    % 
UB: 24.03405797101449
branching on CartesianIndex(2, 3) with a.
557    41     9          21.0486    24.0341    14.1839    % 
UB: 24.03405797101449
branching on CartesianIndex(3, 3) with a.
558    42     10         21.0486    24.0341    14.1839    % 
UB: 24.03405797101449
branching on CartesianIndex(4, 3) with a.
559    43     11         21.0486    24.0341    14.1839    % 
UB: 24.03405797101449
branching on 1 with b.
560    44     12         21.0486    24.0341    14.1839    % 
LB close or above UB, fathomed
561    43     12         21.0486    24.0341    14.1839    % 
UB: 24.03405797101449
branching on 2 with b.
562    44     13         21.0486    24.0341    14.1839    % 
UB: 24.03405797101449
branching on 3 with b.
563    45     14         21.0486    24.0341    14.1839    % 
LB close or above UB, fathomed
564    44     14         21.0486    24.0341    14.1839    % 
LB close or above UB, fathomed
565    43     13         21.0486    24.0341    14.1839    % 
LB close or above UB, fathomed
566    42     11         21.0486    24.0341    14.1839    % 
LB close or above UB, fathomed
567    41     10         21.0486    24.0341    14.1839    % 
LB close or above UB, fathomed
568    40     9          21.0486    24.0341    14.1839    % 
LB close or above UB, fathomed
569    39     8          21.0486    24.0341    14.1839    % 
LB close or above UB, fathomed
570    38     7          21.0486    24.0341    14.1839    % 
LB close or above UB, fathomed
571    37     14         21.0486    24.0341    14.1839    % 
UB: 24.03405797101449
branching on CartesianIndex(5, 2) with a.
572    38     15         21.0486    24.0341    14.1839    % 
UB: 24.03405797101449
branching on CartesianIndex(6, 2) with a.
573    39     16         21.0486    24.0341    14.1839    % 
LB close or above UB, fathomed
574    38     16         21.0486    24.0341    14.1839    % 
LB close or above UB, fathomed
575    37     15         21.0486    24.0341    14.1839    % 
LB close or above UB, fathomed
576    36     14         21.0486    24.0341    14.1839    % 
LB close or above UB, fathomed
577    35     17         21.0486    24.0341    14.1839    % 
UB: 24.03405797101449
branching on 3 with b.
578    36     18         21.0486    24.0341    14.1839    % 
UB: 24.03405797101449
branching on CartesianIndex(4, 3) with a.
579    37     19         21.0486    24.0341    14.1839    % 
UB: 24.03405797101449
branching on CartesianIndex(5, 3) with a.
580    38     20         21.0486    24.0341    14.1839    % 
LB close or above UB, fathomed
581    37     20         21.0486    24.0341    14.1839    % 
LB close or above UB, fathomed
582    36     19         21.0486    24.0341    14.1839    % 
LB close or above UB, fathomed
583    35     18         21.0486    24.0341    14.1839    % 
LB close or above UB, fathomed
584    34     17         21.0486    24.0341    14.1839    % 
LB close or above UB, fathomed
585    33     24         21.0486    24.0341    14.1839    % 
UB: 24.03405797101449
branching on CartesianIndex(1, 4) with c.
586    34     25         21.0486    24.0341    14.1839    % 
LB close or above UB, fathomed
587    33     25         21.0486    24.0341    14.1839    % 
UB: 24.03405797101449
branching on 3 with b.
588    34     26         21.0486    24.0341    14.1839    % 
UB: 24.03405797101449
branching on CartesianIndex(1, 5) with c.
589    35     27         21.0486    24.0341    14.1839    % 
UB: 24.03405797101449
branching on CartesianIndex(2, 5) with c.
590    36     28         21.0486    24.0341    14.1839    % 
UB: 24.03405797101449
branching on CartesianIndex(1, 6) with c.
591    37     29         21.0486    24.0341    14.1839    % 
LB close or above UB, fathomed
592    36     29         21.0486    24.0341    14.1839    % 
UB: 24.03405797101449
branching on CartesianIndex(1, 7) with c.
593    37     30         21.0486    24.0341    14.1839    % 
UB: 24.03405797101449
branching on CartesianIndex(2, 7) with c.
594    38     31         21.0486    24.0341    14.1839    % 
LB close or above UB, fathomed
595    37     31         21.0486    24.0341    14.1839    % 
UB: 24.03405797101449
branching on 1 with b.
596    38     32         21.0486    24.0341    14.1839    % 
UB: 24.03405797101449
branching on 2 with b.
597    39     32         21.0486    24.0341    14.1839    % 
LB close or above UB, fathomed
598    38     30         21.0486    24.0341    14.1839    % 
LB close or above UB, fathomed
599    37     28         21.0486    24.0341    14.1839    % 
LB close or above UB, fathomed
600    36     27         21.0486    24.0341    14.1839    % 
LB close or above UB, fathomed
601    35     26         21.0486    24.0341    14.1839    % 
LB close or above UB, fathomed
602    34     24         21.0486    24.0341    14.1839    % 
LB close or above UB, fathomed
603    33     17         21.0486    24.0341    14.1839    % 
LB close or above UB, fathomed
604    32     17         21.0486    24.0341    14.1839    % 
LB close or above UB, fathomed
605    31     20         21.0486    24.0341    14.1839    % 
UB: 24.03405797101449
branching on CartesianIndex(3, 3) with a.
606    32     21         21.0486    24.0341    14.1839    % 
UB: 24.03405797101449
branching on CartesianIndex(4, 3) with a.
607    33     22         21.0486    24.0341    14.1839    % 
UB: 24.03405797101449
branching on CartesianIndex(5, 3) with a.
608    34     23         21.0486    24.0341    14.1839    % 
LB close or above UB, fathomed
609    33     23         21.0486    24.0341    14.1839    % 
LB close or above UB, fathomed
610    32     22         21.0486    24.0341    14.1839    % 
LB close or above UB, fathomed
611    31     21         21.0486    24.0341    14.1839    % 
LB close or above UB, fathomed
612    30     20         21.0486    24.0341    14.1839    % 
LB close or above UB, fathomed
613    29     17         21.0486    24.0341    14.1839    % 
LB close or above UB, fathomed
614    28     17         21.0486    24.0341    14.1839    % 
LB close or above UB, fathomed
615    27     36         21.0486    24.0341    14.1839    % 
LB close or above UB, fathomed
616    26     36         21.0486    24.0341    14.1839    % 
LB close or above UB, fathomed
617    25     20         21.0486    24.0341    14.1839    % 
UB: 24.03405797101449
branching on 2 with b.
618    26     21         21.0486    24.0341    14.1839    % 
LB close or above UB, fathomed
619    25     21         21.0486    24.0341    14.1839    % 
UB: 24.03405797101449
branching on CartesianIndex(4, 3) with a.
620    26     22         21.0486    24.0341    14.1839    % 
UB: 24.03405797101449
branching on CartesianIndex(5, 3) with a.
621    27     22         21.0486    24.0341    14.1839    % 
LB close or above UB, fathomed
622    26     20         21.0486    24.0341    14.1839    % 
LB close or above UB, fathomed
623    25     33         21.0486    24.0341    14.1839    % 
LB close or above UB, fathomed
624    24     33         21.0486    24.0341    14.1839    % 
UB: 24.03405797101449
branching on 3 with b.
625    25     34         21.0486    24.0341    14.1839    % 
UB: 24.03405797101449
branching on 1 with b.
626    26     35         21.0486    24.0341    14.1839    % 
LB close or above UB, fathomed
627    25     35         21.0486    24.0341    14.1839    % 
LB close or above UB, fathomed
628    24     34         21.0486    24.0341    14.1839    % 
LB close or above UB, fathomed
629    23     22         21.0486    24.0341    14.1839    % 
UB: 24.03405797101449
branching on CartesianIndex(5, 3) with a.
630    24     22         21.0486    24.0341    14.1839    % 
LB close or above UB, fathomed
631    23     23         21.0486    24.0341    14.1839    % 
UB: 24.03405797101449
branching on 3 with b.
632    24     24         21.0486    24.0341    14.1839    % 
LB close or above UB, fathomed
633    23     24         21.0486    24.0341    14.1839    % 
UB: 24.03405797101449
branching on 1 with b.
634    24     25         21.0486    24.0341    14.1839    % 
UB: 24.03405797101449
branching on CartesianIndex(6, 3) with a.
635    25     25         21.0486    24.0341    14.1839    % 
LB close or above UB, fathomed
636    24     23         21.0486    24.0341    14.1839    % 
LB close or above UB, fathomed
637    23     23         21.0486    24.0341    14.1839    % 
LB close or above UB, fathomed
638    22     23         21.0486    24.0341    14.1839    % 
LB close or above UB, fathomed
639    21     21         21.0486    24.0341    14.1839    % 
UB: 24.03405797101449
branching on CartesianIndex(4, 3) with a.
640    22     22         21.0486    24.0341    14.1839    % 
UB: 24.03405797101449
branching on CartesianIndex(5, 3) with a.
641    23     23         21.0486    24.0341    14.1839    % 
LB close or above UB, fathomed
642    22     23         21.0486    24.0341    14.1839    % 
LB close or above UB, fathomed
643    21     22         21.0486    24.0341    14.1839    % 
LB close or above UB, fathomed
644    20     21         21.0486    24.0341    14.1839    % 
LB close or above UB, fathomed
645    19     26         21.0486    24.0341    14.1839    % 
UB: 24.03405797101449
branching on CartesianIndex(1, 4) with c.
646    20     26         21.0486    24.0341    14.1839    % 
LB close or above UB, fathomed
647    19     17         21.0486    24.0341    14.1839    % 
UB: 24.03405797101449
branching on 3 with b.
648    20     18         21.0486    24.0341    14.1839    % 
UB: 24.03405797101449
branching on CartesianIndex(4, 3) with a.
649    21     19         21.0486    24.0341    14.1839    % 
UB: 24.03405797101449
branching on CartesianIndex(5, 3) with a.
650    22     20         21.0486    24.0341    14.1839    % 
LB close or above UB, fathomed
651    21     20         21.0486    24.0341    14.1839    % 
LB close or above UB, fathomed
652    20     19         21.0486    24.0341    14.1839    % 
LB close or above UB, fathomed
653    19     18         21.0486    24.0341    14.1839    % 
LB close or above UB, fathomed
654    18     17         21.0486    24.0341    14.1839    % 
LB close or above UB, fathomed
655    17     27         21.0486    24.0341    14.1839    % 
UB: 24.03405797101449
branching on CartesianIndex(2, 5) with c.
656    18     28         21.0486    24.0341    14.1839    % 
UB: 24.03405797101449
branching on CartesianIndex(1, 6) with c.
657    19     29         21.0486    24.0341    14.1839    % 
LB close or above UB, fathomed
658    18     29         21.0486    24.0341    14.1839    % 
UB: 24.03405797101449
branching on CartesianIndex(1, 7) with c.
659    19     30         21.0486    24.0341    14.1839    % 
UB: 24.03405797101449
branching on CartesianIndex(2, 7) with c.
660    20     31         21.0486    24.0341    14.1839    % 
LB close or above UB, fathomed
661    19     31         21.0486    24.0341    14.1839    % 
UB: 24.03405797101449
branching on 2 with b.
662    20     32         21.0486    24.0341    14.1839    % 
UB: 24.03405797101449
branching on 3 with b.
663    21     33         21.0486    24.0341    14.1839    % 
UB: 24.03405797101449
branching on 1 with b.
664    22     34         21.0486    24.0341    14.1839    % 
LB close or above UB, fathomed
665    21     34         21.0486    24.0341    14.1839    % 
LB close or above UB, fathomed
666    20     33         21.0486    24.0341    14.1839    % 
LB close or above UB, fathomed
667    19     32         21.0486    24.0341    14.1839    % 
LB close or above UB, fathomed
668    18     30         21.0486    24.0341    14.1839    % 
LB close or above UB, fathomed
669    17     28         21.0486    24.0341    14.1839    % 
LB close or above UB, fathomed
670    16     27         21.0486    24.0341    14.1839    % 
LB close or above UB, fathomed
671    15     26         21.0486    24.0341    14.1839    % 
UB: 24.03405797101449
branching on CartesianIndex(5, 3) with a.
672    16     27         21.0486    24.0341    14.1839    % 
LB close or above UB, fathomed
673    15     27         21.0486    24.0341    14.1839    % 
LB close or above UB, fathomed
674    14     26         21.0486    24.0341    14.1839    % 
LB close or above UB, fathomed
675    13     22         21.0486    24.0341    14.1839    % 
UB: 24.03405797101449
branching on CartesianIndex(5, 3) with a.
676    14     23         21.0486    24.0341    14.1839    % 
LB close or above UB, fathomed
677    13     23         21.0486    24.0341    14.1839    % 
LB close or above UB, fathomed
678    12     22         21.0486    24.0341    14.1839    % 
LB close or above UB, fathomed
679    11     36         21.0486    24.0341    14.1839    % 
LB close or above UB, fathomed
680    10     36         21.0486    24.0341    14.1839    % 
LB close or above UB, fathomed
681    9      27         21.0486    24.0341    14.1839    % 
LB close or above UB, fathomed
682    8      27         21.0486    24.0341    14.1839    % 
UB: 24.03405797101449
branching on CartesianIndex(1, 5) with c.
683    9      28         21.0486    24.0341    14.1839    % 
UB: 24.03405797101449
branching on 2 with b.
684    10     29         21.0486    24.0341    14.1839    % 
LB close or above UB, fathomed
685    9      29         21.0486    24.0341    14.1839    % 
UB: 24.03405797101449
branching on CartesianIndex(2, 5) with c.
686    10     30         21.0486    24.0341    14.1839    % 
UB: 24.03405797101449
branching on CartesianIndex(1, 6) with c.
687    11     31         21.0486    24.0341    14.1839    % 
LB close or above UB, fathomed
688    10     31         21.0486    24.0341    14.1839    % 
UB: 24.03405797101449
branching on CartesianIndex(1, 7) with c.
689    11     32         21.0486    24.0341    14.1839    % 
UB: 24.03405797101449
branching on CartesianIndex(2, 7) with c.
690    12     33         21.0486    24.0341    14.1839    % 
LB close or above UB, fathomed
691    11     33         21.0486    24.0341    14.1839    % 
UB: 24.03405797101449
branching on 3 with b.
692    12     34         21.0486    24.0341    14.1839    % 
LB close or above UB, fathomed
693    11     34         21.0486    24.0341    14.1839    % 
UB: 24.03405797101449
branching on 1 with b.
694    12     35         21.0486    24.0341    14.1839    % 
LB close or above UB, fathomed
695    11     35         21.0486    24.0341    14.1839    % 
LB close or above UB, fathomed
696    10     32         21.0486    24.0341    14.1839    % 
LB close or above UB, fathomed
697    9      30         21.0486    24.0341    14.1839    % 
LB close or above UB, fathomed
698    8      28         21.0486    24.0341    14.1839    % 
LB close or above UB, fathomed
699    7      27         21.0486    24.0341    14.1839    % 
UB: 24.03405797101449
branching on CartesianIndex(2, 5) with c.
700    8      27         21.0486    24.0341    14.1839    % 
LB close or above UB, fathomed
701    7      28         21.0486    24.0341    14.1839    % 
UB: 24.03405797101449
branching on CartesianIndex(1, 6) with c.
702    8      29         21.0486    24.0341    14.1839    % 
LB close or above UB, fathomed
703    7      29         21.0486    24.0341    14.1839    % 
UB: 24.03405797101449
branching on CartesianIndex(1, 7) with c.
704    8      30         21.0486    24.0341    14.1839    % 
UB: 24.03405797101449
branching on CartesianIndex(2, 7) with c.
705    9      31         21.0486    24.0341    14.1839    % 
LB close or above UB, fathomed
706    8      31         21.0486    24.0341    14.1839    % 
UB: 24.03405797101449
branching on 2 with b.
707    9      32         21.0486    24.0341    14.1839    % 
UB: 24.03405797101449
branching on 3 with b.
708    10     33         21.0486    24.0341    14.1839    % 
UB: 24.03405797101449
branching on 1 with b.
709    11     34         21.0486    24.0341    14.1839    % 
UB: 24.03405797101449
branching on 2 with b.
710    12     35         21.0486    24.0341    14.1839    % 
LB close or above UB, fathomed
711    11     35         21.0486    24.0341    14.1839    % 
LB close or above UB, fathomed
712    10     34         21.0486    24.0341    14.1839    % 
LB close or above UB, fathomed
713    9      33         21.0486    24.0341    14.1839    % 
LB close or above UB, fathomed
714    8      32         21.0486    24.0341    14.1839    % 
LB close or above UB, fathomed
715    7      30         21.0486    24.0341    14.1839    % 
LB close or above UB, fathomed
716    6      28         21.0486    24.0341    14.1839    % 
LB close or above UB, fathomed
717    5      25         21.0486    24.0341    14.1839    % 
LB close or above UB, fathomed
718    4      25         21.0486    24.0341    14.1839    % 
UB: 24.03405797101449
branching on CartesianIndex(1, 5) with c.
719    5      26         21.0486    24.0341    14.1839    % 
UB: 24.03405797101449
branching on 1 with b.
720    6      27         21.0486    24.0341    14.1839    % 
UB: 24.03405797101449
branching on CartesianIndex(2, 5) with c.
721    7      28         21.0486    24.0341    14.1839    % 
UB: 24.03405797101449
branching on CartesianIndex(1, 6) with c.
722    8      29         21.0486    24.0341    14.1839    % 
LB close or above UB, fathomed
723    7      29         21.0486    24.0341    14.1839    % 
UB: 24.03405797101449
branching on CartesianIndex(1, 7) with c.
724    8      30         21.0486    24.0341    14.1839    % 
UB: 24.03405797101449
branching on CartesianIndex(2, 7) with c.
725    9      31         21.0486    24.0341    14.1839    % 
LB close or above UB, fathomed
726    8      31         21.0486    24.0341    14.1839    % 
UB: 24.03405797101449
branching on 2 with b.
727    9      32         21.0486    24.0341    14.1839    % 
UB: 24.03405797101449
branching on 3 with b.
728    10     33         21.0486    24.0341    14.1839    % 
UB: 24.03405797101449
branching on 1 with b.
729    11     34         21.0486    24.0341    14.1839    % 
LB close or above UB, fathomed
730    10     34         21.0486    24.0341    14.1839    % 
LB close or above UB, fathomed
731    9      33         21.0486    24.0341    14.1839    % 
LB close or above UB, fathomed
732    8      32         21.0486    24.0341    14.1839    % 
LB close or above UB, fathomed
733    7      30         21.0486    24.0341    14.1839    % 
LB close or above UB, fathomed
734    6      28         21.0486    24.0341    14.1839    % 
LB close or above UB, fathomed
735    5      27         21.0486    24.0341    14.1839    % 
LB close or above UB, fathomed
736    4      26         21.0486    24.0341    14.1839    % 
LB close or above UB, fathomed
737    3      28         21.0486    24.0341    14.1839    % 
UB: 24.03405797101449
branching on CartesianIndex(1, 5) with c.
738    4      28         21.0486    24.0341    14.1839    % 
LB close or above UB, fathomed
739    3      29         21.0486    24.0341    14.1839    % 
UB: 24.03405797101449
branching on CartesianIndex(2, 5) with c.
740    4      30         21.0486    24.0341    14.1839    % 
UB: 24.03405797101449
branching on CartesianIndex(1, 6) with c.
741    5      31         21.0486    24.0341    14.1839    % 
LB close or above UB, fathomed
742    4      31         21.0486    24.0341    14.1839    % 
UB: 24.03405797101449
branching on CartesianIndex(1, 7) with c.
743    5      32         21.0486    24.0341    14.1839    % 
UB: 24.03405797101449
branching on CartesianIndex(2, 7) with c.
744    6      33         21.0486    24.0341    14.1839    % 
LB close or above UB, fathomed
745    5      33         21.0486    24.0341    14.1839    % 
UB: 24.03405797101449
branching on 1 with b.
746    6      34         21.0486    24.0341    14.1839    % 
LB close or above UB, fathomed
747    5      34         21.0486    24.0341    14.1839    % 
LB close or above UB, fathomed
748    4      32         21.0486    24.0341    14.1839    % 
LB close or above UB, fathomed
749    3      30         21.0486    24.0341    14.1839    % 
LB close or above UB, fathomed
750    2      29         21.0486    24.0341    14.1839    % 
LB close or above UB, fathomed
751    1      18         22.8354    24.0341    5.2491     % 
LB close or above UB, fathomed
752    0      18         22.8354    24.0341    5.2491     % 
LB close or above UB, fathomed
all node solved
solved nodes:  753
753                                                   2.4021e+01     2.4034e+01     0.0546  % 
7×3 Matrix{Float64}:
 0.0  1.0  0.0
 0.0  0.0  0.0
 0.0  0.0  0.0
 0.0  0.0  0.0
 0.0  0.0  0.0
 0.0  0.0  1.0
 1.0  0.0  0.0
3-element Vector{Float64}:
 0.5485319122519831
 0.2761442251337419
 0.1694094393942938
3×7 Matrix{Float64}:
 0.0  0.0  0.0  0.0  1.0  0.0  0.0
 0.0  0.0  0.0  0.0  0.0  1.0  1.0
 0.0  0.0  0.0  1.0  0.0  0.0  0.0
3-element Vector{Float64}:
 1.0
 1.0
 1.0
7×3 Matrix{Float64}:
 0.0  0.0  0.0
 1.0  0.0  0.0
 0.0  0.0  0.0
 0.0  0.0  0.0
 0.0  0.0  0.0
 0.0  1.0  0.0
 0.0  0.0  1.0
3-element Vector{Float64}:
 0.3125
 0.25
 0.5461271188915728
3×7 Matrix{Float64}:
 0.0  0.0  0.0  1.0  0.0  1.0  0.0
 0.0  0.0  0.0  0.0  0.0  0.0  1.0
 0.0  0.0  0.0  0.0  1.0  0.0  0.0
3-element Vector{Float64}:
 1.0
 1.0
 1.0
comparison (CRT and Glb)on prediction: Dict{Bool, Int64}(0 => 3, 1 => 50)
Dataname	 time	 objv	 lb	 gap	 train_w	 train_g	 test_w	 test_g
seeds_216.seeds	 89.54	 24.03405797101449	 24.021	 0.0005	 90.196	 94.771	 92.453	 90.566
