Running 6 processes.
Start training seeds_318.seeds with seed 1.
Any[]
(7, 206)
(7, 103)
(7, 52)
(7, 51)
dimension: 7, class: 3
cart cost: 35.4642857142857
size of X: (7, 155)
ngroups: 6
UB: 35.4642857142857
Iter	left	lev	LB	UB	gap	
0      0      1          3.0630     35.4643    1057.8427  % 
UB: 35.4642857142857
branching on 1 with d.
1      1      2          3.0630     35.4643    1057.8427  % 
LB close or above UB, fathomed
2      0      2          3.0630     35.4643    1057.8427  % 
UB: 35.4642857142857
branching on 2 with d.
3      1      3          3.0630     35.4643    1057.8427  % 
UB: 35.4642857142857
branching on 3 with d.
4      2      3          3.0630     35.4643    1057.8427  % 
UB: 35.4642857142857
branching on 3 with d.
5      3      4          3.0760     35.4643    1052.9244  % 
UB: 35.4642857142857
branching on CartesianIndex(1, 1) with a.
6      4      4          3.0760     35.4643    1052.9244  % 
UB: 35.4642857142857
branching on CartesianIndex(1, 1) with a.
7      5      5          3.0928     35.4643    1046.6714  % 
UB: 35.4642857142857
branching on 1 with b.
8      6      5          3.0928     35.4643    1046.6714  % 
UB: 35.4642857142857
branching on CartesianIndex(1, 2) with a.
9      7      6          3.0928     35.4643    1046.6714  % 
UB: 35.4642857142857
branching on 1 with b.
10     8      7          3.0928     35.4643    1046.6714  % 
UB: 35.4642857142857
branching on CartesianIndex(2, 2) with a.
11     9      8          3.0928     35.4643    1046.6714  % 
UB: 35.4642857142857
branching on 1 with b.
12     10     9          3.0928     35.4643    1046.6714  % 
UB: 35.4642857142857
branching on 2 with b.
13     11     9          3.0928     35.4643    1046.6714  % 
UB: 35.4642857142857
branching on CartesianIndex(3, 2) with a.
14     12     10         3.0928     35.4643    1046.6714  % 
UB: 35.4642857142857
branching on CartesianIndex(4, 2) with a.
15     13     11         3.0928     35.4643    1046.6714  % 
UB: 35.4642857142857
branching on CartesianIndex(5, 2) with a.
16     14     12         3.0928     35.4643    1046.6714  % 
UB: 35.4642857142857
branching on 2 with b.
17     15     12         3.0928     35.4643    1046.6714  % 
UB: 35.4642857142857
branching on 2 with b.
18     16     11         3.0928     35.4643    1046.6714  % 
UB: 35.4642857142857
branching on 2 with b.
19     17     10         3.0928     35.4643    1046.6714  % 
UB: 35.4642857142857
branching on CartesianIndex(1, 3) with a.
20     18     8          3.0928     35.4643    1046.6714  % 
UB: 35.4642857142857
branching on 1 with b.
21     19     7          3.0928     35.4643    1046.6714  % 
UB: 35.4642857142857
branching on CartesianIndex(2, 2) with a.
22     20     6          3.0928     35.4643    1046.6714  % 
UB: 35.4642857142857
branching on CartesianIndex(1, 3) with a.
23     21     6          3.0929     35.4643    1046.6513  % 
UB: 35.4642857142857
branching on 1 with b.
24     22     7          3.0929     35.4643    1046.6513  % 
UB: 35.4642857142857
branching on CartesianIndex(2, 1) with a.
25     23     7          3.0929     35.4643    1046.6513  % 
UB: 35.4642857142857
branching on 2 with b.
26     24     8          3.0929     35.4643    1046.6513  % 
UB: 35.4642857142857
branching on 3 with b.
27     25     9          3.0929     35.4643    1046.6513  % 
UB: 35.4642857142857
branching on CartesianIndex(2, 1) with a.
28     26     9          3.0929     35.4643    1046.6513  % 
UB: 35.4642857142857
branching on 1 with b.
29     27     10         3.0929     35.4643    1046.6513  % 
UB: 35.4642857142857
branching on CartesianIndex(2, 1) with a.
30     28     10         3.0929     35.4643    1046.6513  % 
UB: 35.4642857142857
branching on CartesianIndex(2, 1) with a.
31     29     8          3.0929     35.4643    1046.6513  % 
UB: 35.4642857142857
branching on CartesianIndex(2, 1) with a.
32     30     6          3.0929     35.4643    1046.6513  % 
UB: 35.4642857142857
branching on 1 with b.
33     31     13         6.0357     35.4643    487.5793   % 
UB: 35.4642857142857
branching on 3 with b.
34     32     14         6.0357     35.4643    487.5793   % 
UB: 26.63571428571428
branching on CartesianIndex(6, 2) with a.
35     33     14         6.0357     26.6357    341.3057   % 
UB: 26.63571428571428
branching on CartesianIndex(6, 2) with a.
36     30     13         6.0357     26.6357    341.3057   % 
LB close or above UB, fathomed
37     29     10         6.0357     26.6357    341.3018   % 
UB: 26.63571428571428
branching on CartesianIndex(3, 1) with a.
38     30     11         6.0357     26.6357    341.3018   % 
UB: 26.63571428571428
branching on CartesianIndex(4, 1) with a.
39     31     11         6.0357     26.6357    341.3018   % 
LB close or above UB, fathomed
40     30     10         6.0357     26.6357    341.3018   % 
UB: 26.63571428571428
branching on CartesianIndex(1, 2) with a.
41     31     11         6.0357     26.6357    341.3018   % 
UB: 26.63571428571428
branching on 1 with b.
42     32     11         6.0357     26.6357    341.3018   % 
UB: 26.63571428571428
branching on 1 with b.
43     33     11         6.0357     26.6357    341.3018   % 
UB: 26.63571428571428
branching on CartesianIndex(3, 1) with a.
44     34     11         6.0357     26.6357    341.3018   % 
UB: 26.63571428571428
branching on CartesianIndex(1, 2) with a.
45     35     12         6.0357     26.6357    341.3018   % 
UB: 26.63571428571428
branching on CartesianIndex(2, 2) with a.
46     36     13         6.0357     26.6357    341.3018   % 
UB: 26.63571428571428
branching on CartesianIndex(3, 2) with a.
47     37     14         6.0357     26.6357    341.3018   % 
UB: 26.63571428571428
branching on CartesianIndex(4, 2) with a.
48     38     15         6.0357     26.6357    341.3018   % 
UB: 26.63571428571428
branching on 2 with b.
49     39     16         6.0357     26.6357    341.3018   % 
UB: 26.63571428571428
branching on CartesianIndex(5, 2) with a.
50     40     17         6.0357     26.6357    341.3018   % 
UB: 26.63571428571428
branching on CartesianIndex(6, 2) with a.
51     41     17         6.0357     26.6357    341.3018   % 
LB close or above UB, fathomed
52     40     16         6.0357     26.6357    341.3018   % 
UB: 26.63571428571428
branching on CartesianIndex(5, 2) with a.
53     41     15         6.0357     26.6357    341.3018   % 
LB close or above UB, fathomed
54     40     14         6.0357     26.6357    341.3018   % 
LB close or above UB, fathomed
55     39     13         6.0357     26.6357    341.3018   % 
LB close or above UB, fathomed
56     38     12         6.0357     26.6357    341.3018   % 
UB: 26.63571428571428
branching on CartesianIndex(1, 3) with a.
57     39     18         6.0357     26.6357    341.3018   % 
UB: 26.63571428571428
branching on CartesianIndex(1, 3) with a.
58     40     18         6.0357     26.6357    341.3018   % 
UB: 26.63571428571428
branching on CartesianIndex(1, 3) with a.
59     41     15         8.9785     26.6357    196.6605   % 
UB: 26.63571428571428
branching on CartesianIndex(1, 3) with a.
60     42     15         8.9785     26.6357    196.6605   % 
UB: 26.63571428571428
branching on 1 with b.
61     43     12         8.9786     26.6357    196.6587   % 
UB: 26.63571428571428
branching on CartesianIndex(4, 1) with a.
62     44     13         8.9786     26.6357    196.6587   % 
UB: 26.63571428571428
branching on CartesianIndex(5, 1) with a.
63     45     13         8.9786     26.6357    196.6587   % 
UB: 26.63571428571428
branching on 2 with b.
64     46     12         8.9786     26.6357    196.6587   % 
LB close or above UB, fathomed
65     45     12         8.9786     26.6357    196.6587   % 
UB: 26.63571428571428
branching on 2 with b.
66     46     13         8.9786     26.6357    196.6587   % 
UB: 26.63571428571428
branching on CartesianIndex(2, 2) with a.
67     47     14         8.9786     26.6357    196.6587   % 
UB: 26.63571428571428
branching on CartesianIndex(3, 2) with a.
68     48     15         8.9786     26.6357    196.6587   % 
UB: 26.63571428571428
branching on 3 with b.
69     49     16         8.9786     26.6357    196.6587   % 
LB close or above UB, fathomed
70     48     16         8.9786     26.6357    196.6587   % 
UB: 26.63571428571428
branching on CartesianIndex(4, 2) with a.
71     49     17         8.9786     26.6357    196.6587   % 
UB: 26.63571428571428
branching on CartesianIndex(5, 2) with a.
72     50     17         8.9786     26.6357    196.6587   % 
LB close or above UB, fathomed
73     49     15         8.9786     26.6357    196.6587   % 
LB close or above UB, fathomed
74     48     14         8.9786     26.6357    196.6587   % 
LB close or above UB, fathomed
75     47     13         8.9786     26.6357    196.6587   % 
UB: 26.63571428571428
branching on 3 with b.
76     48     12         8.9786     26.6357    196.6587   % 
UB: 26.63571428571428
branching on CartesianIndex(2, 2) with a.
77     49     12         8.9786     26.6357    196.6587   % 
UB: 26.63571428571428
branching on CartesianIndex(5, 1) with a.
78     50     12         8.9786     26.6357    196.6587   % 
UB: 26.63571428571428
branching on CartesianIndex(1, 2) with a.
79     51     15         8.9786     26.6357    196.6587   % 
UB: 26.63571428571428
branching on 1 with b.
80     52     15         8.9786     26.6357    196.6587   % 
UB: 26.63571428571428
branching on CartesianIndex(1, 3) with a.
81     53     11         8.9786     26.6357    196.6587   % 
UB: 26.63571428571428
branching on CartesianIndex(3, 1) with a.
82     54     12         8.9786     26.6357    196.6587   % 
UB: 26.63571428571428
branching on CartesianIndex(4, 1) with a.
83     55     12         8.9786     26.6357    196.6587   % 
LB close or above UB, fathomed
84     54     11         8.9786     26.6357    196.6587   % 
UB: 26.63571428571428
branching on CartesianIndex(1, 2) with a.
85     55     10         8.9786     26.6357    196.6587   % 
UB: 26.63571428571428
branching on CartesianIndex(3, 2) with a.
86     56     11         8.9786     26.6357    196.6587   % 
UB: 26.63571428571428
branching on 3 with b.
87     57     12         8.9786     26.6357    196.6587   % 
UB: 26.63571428571428
branching on CartesianIndex(4, 2) with a.
88     58     12         8.9786     26.6357    196.6587   % 
UB: 26.63571428571428
branching on 1 with b.
89     59     11         8.9786     26.6357    196.6587   % 
UB: 26.63571428571428
branching on 3 with b.
90     60     10         8.9786     26.6357    196.6587   % 
UB: 26.63571428571428
branching on 3 with b.
91     61     18         8.9786     26.6357    196.6587   % 
UB: 26.63571428571428
branching on CartesianIndex(6, 2) with a.
92     62     18         8.9786     26.6357    196.6587   % 
LB close or above UB, fathomed
93     61     17         8.9786     26.6357    196.6587   % 
UB: 26.63571428571428
branching on CartesianIndex(6, 2) with a.
94     62     17         8.9786     26.6357    196.6587   % 
UB: 26.63571428571428
branching on CartesianIndex(1, 3) with a.
95     63     19         8.9786     26.6357    196.6587   % 
UB: 26.63571428571428
branching on CartesianIndex(1, 3) with a.
96     64     19         8.9786     26.6357    196.6587   % 
UB: 26.63571428571428
branching on CartesianIndex(1, 3) with a.
97     65     13         11.9214    26.6357    123.4272   % 
LB close or above UB, fathomed
98     64     13         11.9214    26.6357    123.4272   % 
UB: 26.63571428571428
branching on CartesianIndex(4, 2) with a.
99     65     14         11.9214    26.6357    123.4272   % 
UB: 26.63571428571428
branching on CartesianIndex(5, 2) with a.
100    66     14         11.9214    26.6357    123.4272   % 
UB: 26.63571428571428
branching on CartesianIndex(1, 3) with a.
101    67     15         11.9214    26.6357    123.4272   % 
UB: 26.63571428571428
branching on CartesianIndex(6, 2) with a.
102    68     16         11.9214    26.6357    123.4272   % 
UB: 26.63571428571428
branching on 2 with b.
103    69     16         11.9214    26.6357    123.4272   % 
UB: 26.63571428571428
branching on CartesianIndex(1, 3) with a.
104    70     15         11.9214    26.6357    123.4272   % 
UB: 26.63571428571428
branching on CartesianIndex(1, 3) with a.
105    71     12         11.9214    26.6357    123.4272   % 
UB: 26.63571428571428
branching on CartesianIndex(2, 2) with a.
106    72     13         11.9214    26.6357    123.4272   % 
UB: 26.63571428571428
branching on CartesianIndex(3, 2) with a.
107    73     14         11.9214    26.6357    123.4272   % 
UB: 26.63571428571428
branching on CartesianIndex(4, 2) with a.
108    74     14         11.9214    26.6357    123.4272   % 
LB close or above UB, fathomed
109    73     13         11.9214    26.6357    123.4272   % 
LB close or above UB, fathomed
110    72     12         11.9214    26.6357    123.4272   % 
UB: 26.63571428571428
branching on CartesianIndex(1, 3) with a.
111    73     13         11.9214    26.6357    123.4272   % 
UB: 26.63571428571428
branching on CartesianIndex(5, 1) with a.
112    74     14         11.9214    26.6357    123.4272   % 
UB: 26.63571428571428
branching on CartesianIndex(6, 1) with a.
113    75     14         11.9214    26.6357    123.4272   % 
UB: 26.63571428571428
branching on CartesianIndex(1, 2) with a.
114    76     15         11.9214    26.6357    123.4272   % 
UB: 26.63571428571428
branching on 2 with b.
115    77     16         11.9214    26.6357    123.4272   % 
UB: 26.63571428571428
branching on 3 with b.
116    78     16         11.9214    26.6357    123.4272   % 
UB: 26.63571428571428
branching on CartesianIndex(2, 2) with a.
117    79     15         11.9214    26.6357    123.4272   % 
UB: 26.63571428571428
branching on CartesianIndex(1, 3) with a.
118    80     13         11.9214    26.6357    123.4272   % 
UB: 26.63571428571428
branching on 2 with b.
119    81     13         11.9214    26.6357    123.4272   % 
UB: 26.63571428571428
branching on CartesianIndex(6, 1) with a.
120    82     13         11.9214    26.6357    123.4272   % 
UB: 26.63571428571428
branching on CartesianIndex(1, 2) with a.
121    83     14         11.9214    26.6357    123.4272   % 
UB: 26.63571428571428
branching on CartesianIndex(2, 2) with a.
122    84     15         11.9214    26.6357    123.4272   % 
UB: 26.63571428571428
branching on 1 with b.
123    85     16         11.9214    26.6357    123.4272   % 
UB: 26.63571428571428
branching on CartesianIndex(3, 2) with a.
124    86     16         11.9214    26.6357    123.4272   % 
UB: 26.63571428571428
branching on 2 with b.
125    87     17         11.9214    26.6357    123.4272   % 
UB: 26.63571428571428
branching on 3 with b.
126    88     17         11.9214    26.6357    123.4272   % 
UB: 26.63571428571428
branching on 3 with b.
127    89     15         11.9214    26.6357    123.4272   % 
UB: 26.63571428571428
branching on CartesianIndex(1, 3) with a.
128    90     14         11.9214    26.6357    123.4272   % 
UB: 26.63571428571428
branching on 1 with b.
129    91     13         11.9214    26.6357    123.4272   % 
UB: 26.63571428571428
branching on CartesianIndex(3, 2) with a.
130    92     13         11.9214    26.6357    123.4272   % 
LB close or above UB, fathomed
131    91     14         11.9214    26.6357    123.4272   % 
LB close or above UB, fathomed
132    90     14         11.9214    26.6357    123.4272   % 
UB: 26.63571428571428
branching on CartesianIndex(2, 2) with a.
133    91     15         11.9214    26.6357    123.4272   % 
UB: 26.63571428571428
branching on CartesianIndex(3, 2) with a.
134    92     16         11.9214    26.6357    123.4272   % 
UB: 26.63571428571428
branching on CartesianIndex(4, 2) with a.
135    93     17         11.9214    26.6357    123.4272   % 
UB: 26.63571428571428
branching on CartesianIndex(5, 2) with a.
136    94     18         11.9214    26.6357    123.4272   % 
UB: 26.63571428571428
branching on CartesianIndex(6, 2) with a.
137    95     18         11.9214    26.6357    123.4272   % 
UB: 26.63571428571428
branching on CartesianIndex(1, 3) with a.
138    96     17         11.9214    26.6357    123.4272   % 
LB close or above UB, fathomed
139    95     16         11.9214    26.6357    123.4272   % 
LB close or above UB, fathomed
140    94     15         11.9214    26.6357    123.4272   % 
LB close or above UB, fathomed
141    93     14         11.9214    26.6357    123.4272   % 
LB close or above UB, fathomed
142    92     14         11.9214    26.6357    123.4272   % 
UB: 26.63571428571428
branching on CartesianIndex(1, 2) with a.
143    93     19         11.9214    26.6357    123.4272   % 
UB: 26.63571428571428
branching on CartesianIndex(2, 3) with a.
144    94     20         11.9214    26.6357    123.4272   % 
UB: 26.63571428571428
branching on CartesianIndex(3, 3) with a.
145    95     20         11.9214    26.6357    123.4272   % 
UB: 26.63571428571428
branching on CartesianIndex(1, 4) with c.
146    96     19         11.9214    26.6357    123.4272   % 
LB close or above UB, fathomed
147    95     16         14.8642    26.6357    79.1934    % 
UB: 26.63571428571428
branching on CartesianIndex(1, 3) with a.
148    96     17         14.8642    26.6357    79.1934    % 
UB: 26.63571428571428
branching on 2 with b.
149    97     17         14.8642    26.6357    79.1934    % 
LB close or above UB, fathomed
150    96     16         14.8642    26.6357    79.1934    % 
LB close or above UB, fathomed
151    95     18         14.8642    26.6357    79.1934    % 
UB: 26.63571428571428
branching on CartesianIndex(2, 3) with a.
152    96     18         14.8642    26.6357    79.1934    % 
UB: 26.63571428571428
branching on CartesianIndex(2, 3) with a.
153    97     14         14.8643    26.6357    79.1927    % 
LB close or above UB, fathomed
154    96     14         14.8643    26.6357    79.1927    % 
UB: 26.63571428571428
branching on 3 with b.
155    97     16         14.8643    26.6357    79.1927    % 
UB: 26.63571428571428
branching on CartesianIndex(2, 3) with a.
156    98     17         14.8643    26.6357    79.1927    % 
UB: 26.63571428571428
branching on 1 with b.
157    99     17         14.8643    26.6357    79.1927    % 
UB: 26.63571428571428
branching on CartesianIndex(1, 4) with c.
158    100    16         14.8643    26.6357    79.1927    % 
LB close or above UB, fathomed
159    99     11         14.8643    26.6357    79.1927    % 
UB: 26.63571428571428
branching on 2 with b.
160    100    11         14.8643    26.6357    79.1927    % 
LB close or above UB, fathomed
161    99     15         14.8643    26.6357    79.1927    % 
UB: 26.63571428571428
branching on CartesianIndex(2, 2) with a.
162    100    16         14.8643    26.6357    79.1927    % 
UB: 26.63571428571428
branching on CartesianIndex(3, 2) with a.
163    101    17         14.8643    26.6357    79.1927    % 
UB: 26.63571428571428
branching on CartesianIndex(4, 2) with a.
164    102    17         14.8643    26.6357    79.1927    % 
LB close or above UB, fathomed
165    101    16         14.8643    26.6357    79.1927    % 
UB: 26.63571428571428
branching on CartesianIndex(1, 3) with a.
166    102    15         14.8643    26.6357    79.1927    % 
UB: 26.63571428571428
branching on 2 with b.
167    103    14         14.8643    26.6357    79.1927    % 
UB: 26.63571428571428
branching on CartesianIndex(4, 2) with a.
168    104    15         14.8643    26.6357    79.1927    % 
UB: 26.63571428571428
branching on CartesianIndex(5, 2) with a.
169    105    16         14.8643    26.6357    79.1927    % 
UB: 26.63571428571428
branching on CartesianIndex(6, 2) with a.
170    106    16         14.8643    26.6357    79.1927    % 
LB close or above UB, fathomed
171    105    15         14.8643    26.6357    79.1927    % 
LB close or above UB, fathomed
172    104    14         14.8643    26.6357    79.1927    % 
LB close or above UB, fathomed
173    103    18         14.8643    26.6357    79.1927    % 
LB close or above UB, fathomed
174    102    18         14.8643    26.6357    79.1927    % 
UB: 26.63571428571428
branching on CartesianIndex(3, 2) with a.
175    103    17         14.8643    26.6357    79.1927    % 
UB: 26.63571428571428
branching on 3 with b.
176    104    18         14.8643    26.6357    79.1927    % 
UB: 26.63571428571428
branching on CartesianIndex(3, 2) with a.
177    105    19         14.8643    26.6357    79.1927    % 
UB: 26.63571428571428
branching on CartesianIndex(4, 2) with a.
178    106    20         14.8643    26.6357    79.1927    % 
UB: 26.63571428571428
branching on CartesianIndex(5, 2) with a.
179    107    21         14.8643    26.6357    79.1927    % 
UB: 26.63571428571428
branching on CartesianIndex(6, 2) with a.
180    108    21         14.8643    26.6357    79.1927    % 
LB close or above UB, fathomed
181    107    20         14.8643    26.6357    79.1927    % 
LB close or above UB, fathomed
182    106    19         14.8643    26.6357    79.1927    % 
LB close or above UB, fathomed
183    105    18         14.8643    26.6357    79.1927    % 
LB close or above UB, fathomed
184    104    17         14.8643    26.6357    79.1927    % 
UB: 26.63571428571428
branching on CartesianIndex(1, 3) with a.
185    105    15         14.8643    26.6357    79.1927    % 
UB: 26.63571428571428
branching on 2 with b.
186    106    16         14.8643    26.6357    79.1927    % 
UB: 26.63571428571428
branching on 3 with b.
187    107    16         14.8643    26.6357    79.1927    % 
UB: 26.63571428571428
branching on CartesianIndex(5, 2) with a.
188    108    17         14.8643    26.6357    79.1927    % 
LB close or above UB, fathomed
189    107    17         14.8643    26.6357    79.1927    % 
LB close or above UB, fathomed
190    106    15         14.8643    26.6357    79.1927    % 
LB close or above UB, fathomed
191    105    13         14.8643    26.6357    79.1927    % 
UB: 26.63571428571428
branching on CartesianIndex(5, 2) with a.
192    106    14         14.8643    26.6357    79.1927    % 
UB: 26.63571428571428
branching on CartesianIndex(6, 2) with a.
193    107    15         14.8643    26.6357    79.1927    % 
UB: 26.63571428571428
branching on CartesianIndex(1, 3) with a.
194    108    15         14.8643    26.6357    79.1927    % 
UB: 26.63571428571428
branching on 1 with b.
195    109    14         14.8643    26.6357    79.1927    % 
UB: 26.63571428571428
branching on 1 with b.
196    110    13         14.8643    26.6357    79.1927    % 
LB close or above UB, fathomed
197    109    19         14.8643    26.6357    79.1927    % 
UB: 26.63571428571428
branching on CartesianIndex(2, 3) with a.
198    110    19         14.8643    26.6357    79.1927    % 
LB close or above UB, fathomed
199    109    21         14.8643    26.6357    79.1927    % 
UB: 26.63571428571428
branching on CartesianIndex(4, 3) with a.
200    110    22         14.8643    26.6357    79.1927    % 
UB: 26.63571428571428
branching on CartesianIndex(5, 3) with a.
201    111    23         14.8643    26.6357    79.1927    % 
UB: 26.63571428571428
branching on CartesianIndex(6, 3) with a.
202    112    23         14.8643    26.6357    79.1927    % 
LB close or above UB, fathomed
203    111    22         14.8643    26.6357    79.1927    % 
LB close or above UB, fathomed
204    110    21         14.8643    26.6357    79.1927    % 
LB close or above UB, fathomed
205    109    19         14.8643    26.6357    79.1927    % 
UB: 26.63571428571428
branching on CartesianIndex(3, 3) with a.
206    110    19         14.8643    26.6357    79.1927    % 
UB: 26.63571428571428
branching on CartesianIndex(1, 4) with c.
207    111    20         14.8643    26.6357    79.1927    % 
UB: 26.63571428571428
branching on 1 with b.
208    112    20         14.8643    26.6357    79.1927    % 
UB: 26.63571428571428
branching on CartesianIndex(1, 4) with c.
209    113    20         14.8643    26.6357    79.1927    % 
UB: 26.63571428571428
branching on 3 with b.
210    114    20         14.8643    26.6357    79.1927    % 
UB: 26.63571428571428
branching on CartesianIndex(1, 4) with c.
211    115    4          17.7242    26.6357    50.2784    % 
LB close or above UB, fathomed
212    114    4          17.7242    26.6357    50.2784    % 
UB: 26.63571428571428
branching on 1 with b.
213    115    5          17.7491    26.6357    50.0682    % 
UB: 26.63571428571428
branching on CartesianIndex(1, 1) with a.
214    116    6          17.7491    26.6357    50.0682    % 
UB: 26.63571428571428
branching on CartesianIndex(2, 1) with a.
215    117    6          17.7491    26.6357    50.0682    % 
UB: 26.63571428571428
branching on 1 with b.
216    118    5          17.7491    26.6357    50.0682    % 
LB close or above UB, fathomed
217    117    5          17.7571    26.6357    50.0000    % 
UB: 26.63571428571428
branching on 1 with b.
218    118    5          17.7571    26.6357    50.0000    % 
LB close or above UB, fathomed
219    117    19         17.8071    26.6357    49.5793    % 
UB: 26.63571428571428
branching on CartesianIndex(3, 3) with a.
220    118    19         17.8071    26.6357    49.5793    % 
UB: 26.63571428571428
branching on CartesianIndex(1, 4) with c.
221    119    17         17.8071    26.6357    49.5788    % 
UB: 26.63571428571428
branching on CartesianIndex(1, 3) with a.
222    120    17         17.8071    26.6357    49.5788    % 
LB close or above UB, fathomed
223    119    19         17.8071    26.6357    49.5788    % 
UB: 26.63571428571428
branching on CartesianIndex(4, 2) with a.
224    120    20         17.8071    26.6357    49.5788    % 
UB: 26.63571428571428
branching on CartesianIndex(5, 2) with a.
225    121    21         17.8071    26.6357    49.5788    % 
UB: 26.63571428571428
branching on 1 with b.
226    122    21         17.8071    26.6357    49.5788    % 
LB close or above UB, fathomed
227    121    20         17.8071    26.6357    49.5788    % 
LB close or above UB, fathomed
228    120    19         17.8071    26.6357    49.5788    % 
LB close or above UB, fathomed
229    119    18         17.8071    26.6357    49.5788    % 
UB: 26.63571428571428
branching on CartesianIndex(5, 2) with a.
230    120    19         17.8071    26.6357    49.5788    % 
UB: 26.63571428571428
branching on 2 with b.
231    121    20         17.8071    26.6357    49.5788    % 
UB: 26.63571428571428
branching on CartesianIndex(6, 2) with a.
232    122    21         17.8071    26.6357    49.5788    % 
LB close or above UB, fathomed
233    121    21         17.8071    26.6357    49.5788    % 
UB: 26.63571428571428
branching on 3 with b.
234    122    20         17.8071    26.6357    49.5788    % 
UB: 26.63571428571428
branching on CartesianIndex(6, 2) with a.
235    123    19         17.8071    26.6357    49.5788    % 
LB close or above UB, fathomed
236    122    18         17.8071    26.6357    49.5788    % 
LB close or above UB, fathomed
237    121    12         17.8071    26.6357    49.5788    % 
UB: 26.63571428571428
branching on 3 with b.
238    122    12         17.8071    26.6357    49.5788    % 
UB: 26.63571428571428
branching on 3 with b.
239    123    18         17.8071    26.6357    49.5788    % 
UB: 26.63571428571428
branching on CartesianIndex(3, 3) with a.
240    124    19         17.8071    26.6357    49.5788    % 
UB: 26.63571428571428
branching on 2 with b.
241    125    20         17.8071    26.6357    49.5788    % 
UB: 26.63571428571428
branching on CartesianIndex(4, 3) with a.
242    126    21         17.8071    26.6357    49.5788    % 
UB: 26.63571428571428
branching on CartesianIndex(5, 3) with a.
243    127    22         17.8071    26.6357    49.5788    % 
UB: 26.63571428571428
branching on CartesianIndex(6, 3) with a.
244    128    22         17.8071    26.6357    49.5788    % 
LB close or above UB, fathomed
245    127    21         17.8071    26.6357    49.5788    % 
LB close or above UB, fathomed
246    126    20         17.8071    26.6357    49.5788    % 
LB close or above UB, fathomed
247    125    19         17.8071    26.6357    49.5788    % 
LB close or above UB, fathomed
248    124    18         17.8071    26.6357    49.5788    % 
LB close or above UB, fathomed
249    123    15         17.8071    26.6357    49.5788    % 
UB: 26.63571428571428
branching on CartesianIndex(1, 2) with a.
250    124    15         17.8071    26.6357    49.5788    % 
LB close or above UB, fathomed
251    123    15         17.8071    26.6357    49.5788    % 
LB close or above UB, fathomed
252    122    15         17.8071    26.6357    49.5788    % 
UB: 26.63571428571428
branching on CartesianIndex(1, 3) with a.
253    123    17         17.8071    26.6357    49.5788    % 
UB: 26.63571428571428
branching on CartesianIndex(4, 2) with a.
254    124    17         17.8071    26.6357    49.5788    % 
LB close or above UB, fathomed
255    123    14         17.8071    26.6357    49.5788    % 
UB: 26.63571428571428
branching on CartesianIndex(1, 2) with a.
256    124    14         17.8071    26.6357    49.5788    % 
LB close or above UB, fathomed
257    123    14         17.8071    26.6357    49.5788    % 
LB close or above UB, fathomed
258    122    14         17.8071    26.6357    49.5788    % 
UB: 26.63571428571428
branching on CartesianIndex(1, 2) with a.
259    123    17         17.8071    26.6357    49.5788    % 
UB: 26.63571428571428
branching on 2 with b.
260    124    18         17.8071    26.6357    49.5788    % 
UB: 26.63571428571428
branching on CartesianIndex(2, 3) with a.
261    125    19         17.8071    26.6357    49.5788    % 
UB: 26.63571428571428
branching on CartesianIndex(3, 3) with a.
262    126    19         17.8071    26.6357    49.5788    % 
UB: 26.63571428571428
branching on CartesianIndex(1, 4) with c.
263    127    18         17.8071    26.6357    49.5788    % 
UB: 26.63571428571428
branching on CartesianIndex(2, 3) with a.
264    128    17         17.8071    26.6357    49.5788    % 
LB close or above UB, fathomed
265    127    18         17.8071    26.6357    49.5788    % 
LB close or above UB, fathomed
266    126    18         17.8071    26.6357    49.5788    % 
UB: 26.63571428571428
branching on 3 with b.
267    127    16         17.8071    26.6357    49.5788    % 
UB: 26.63571428571428
branching on CartesianIndex(1, 3) with a.
268    128    17         17.8071    26.6357    49.5788    % 
UB: 26.63571428571428
branching on 2 with b.
269    129    17         17.8071    26.6357    49.5788    % 
LB close or above UB, fathomed
270    128    16         17.8071    26.6357    49.5788    % 
LB close or above UB, fathomed
271    127    13         17.8071    26.6357    49.5788    % 
UB: 26.63571428571428
branching on CartesianIndex(2, 2) with a.
272    128    13         17.8071    26.6357    49.5788    % 
LB close or above UB, fathomed
273    127    7          17.8071    26.6357    49.5788    % 
UB: 26.63571428571428
branching on CartesianIndex(2, 1) with a.
274    128    8          17.8071    26.6357    49.5788    % 
UB: 26.63571428571428
branching on CartesianIndex(3, 1) with a.
275    129    9          17.8071    26.6357    49.5788    % 
UB: 26.63571428571428
branching on CartesianIndex(4, 1) with a.
276    130    10         17.8071    26.6357    49.5788    % 
UB: 26.63571428571428
branching on CartesianIndex(5, 1) with a.
277    131    11         17.8071    26.6357    49.5788    % 
UB: 26.63571428571428
branching on 2 with b.
278    132    11         17.8071    26.6357    49.5788    % 
UB: 26.63571428571428
branching on 2 with b.
279    133    12         17.8071    26.6357    49.5788    % 
UB: 26.63571428571428
branching on 3 with b.
280    134    12         17.8071    26.6357    49.5788    % 
LB close or above UB, fathomed
281    133    10         17.8071    26.6357    49.5788    % 
LB close or above UB, fathomed
282    132    9          17.8071    26.6357    49.5788    % 
LB close or above UB, fathomed
283    131    8          17.8071    26.6357    49.5788    % 
UB: 26.63571428571428
branching on CartesianIndex(1, 2) with a.
284    132    9          17.8071    26.6357    49.5788    % 
UB: 26.63571428571428
branching on 2 with b.
285    133    10         17.8071    26.6357    49.5788    % 
UB: 26.63571428571428
branching on 3 with b.
286    134    10         17.8071    26.6357    49.5788    % 
LB close or above UB, fathomed
287    133    9          17.8071    26.6357    49.5788    % 
UB: 26.63571428571428
branching on CartesianIndex(1, 3) with a.
288    134    7          17.8071    26.6357    49.5788    % 
LB close or above UB, fathomed
289    133    9          17.8071    26.6357    49.5788    % 
UB: 26.63571428571428
branching on 3 with b.
290    134    9          17.8071    26.6357    49.5788    % 
UB: 26.63571428571428
branching on 3 with b.
291    135    7          17.8071    26.6357    49.5788    % 
UB: 26.63571428571428
branching on 1 with b.
292    136    7          17.8071    26.6357    49.5788    % 
LB close or above UB, fathomed
293    135    9          17.8071    26.6357    49.5788    % 
UB: 26.63571428571428
branching on CartesianIndex(1, 3) with a.
294    136    9          17.8071    26.6357    49.5788    % 
UB: 26.63571428571428
branching on 2 with b.
295    137    13         17.8071    26.6357    49.5788    % 
UB: 26.63571428571428
branching on CartesianIndex(1, 3) with a.
296    138    14         17.8071    26.6357    49.5788    % 
UB: 26.63571428571428
branching on CartesianIndex(2, 3) with a.
297    139    15         17.8071    26.6357    49.5788    % 
UB: 26.63571428571428
branching on 3 with b.
298    140    15         17.8071    26.6357    49.5788    % 
UB: 26.63571428571428
branching on CartesianIndex(1, 4) with c.
299    141    14         17.8071    26.6357    49.5788    % 
UB: 26.63571428571428
branching on 3 with b.
300    142    13         17.8071    26.6357    49.5788    % 
LB close or above UB, fathomed
301    141    19         17.8071    26.6357    49.5788    % 
UB: 26.63571428571428
branching on CartesianIndex(1, 3) with a.
302    142    20         17.8071    26.6357    49.5788    % 
UB: 26.63571428571428
branching on CartesianIndex(2, 3) with a.
303    143    21         17.8071    26.6357    49.5788    % 
UB: 26.63571428571428
branching on CartesianIndex(3, 3) with a.
304    144    21         17.8071    26.6357    49.5788    % 
UB: 26.63571428571428
branching on CartesianIndex(1, 4) with c.
305    145    20         17.8071    26.6357    49.5788    % 
LB close or above UB, fathomed
306    144    19         17.8071    26.6357    49.5788    % 
LB close or above UB, fathomed
307    143    18         17.8071    26.6357    49.5788    % 
UB: 26.63571428571428
branching on 3 with b.
308    144    19         17.8071    26.6357    49.5788    % 
UB: 26.63571428571428
branching on CartesianIndex(2, 3) with a.
309    145    20         17.8071    26.6357    49.5788    % 
UB: 26.63571428571428
branching on CartesianIndex(3, 3) with a.
310    146    20         17.8071    26.6357    49.5788    % 
UB: 26.63571428571428
branching on CartesianIndex(1, 4) with c.
311    147    19         17.8071    26.6357    49.5788    % 
LB close or above UB, fathomed
312    146    18         17.8071    26.6357    49.5788    % 
LB close or above UB, fathomed
313    145    21         17.8071    26.6357    49.5788    % 
UB: 26.63571428571428
branching on CartesianIndex(2, 3) with a.
314    146    21         17.8071    26.6357    49.5788    % 
LB close or above UB, fathomed
315    145    21         17.8071    26.6357    49.5788    % 
LB close or above UB, fathomed
316    144    21         17.8071    26.6357    49.5788    % 
UB: 26.63571428571428
branching on CartesianIndex(1, 5) with c.
317    145    22         17.8071    26.6357    49.5788    % 
UB: 26.63571428571428
branching on CartesianIndex(2, 5) with c.
318    146    23         17.8071    26.6357    49.5788    % 
UB: 26.63571428571428
branching on CartesianIndex(1, 6) with c.
319    147    24         17.8071    26.6357    49.5788    % 
LB close or above UB, fathomed
320    146    24         17.8071    26.6357    49.5788    % 
UB: 26.63571428571428
branching on CartesianIndex(1, 7) with c.
321    147    25         17.8071    26.6357    49.5788    % 
UB: 26.63571428571428
branching on CartesianIndex(2, 7) with c.
322    148    26         17.8071    26.6357    49.5788    % 
LB close or above UB, fathomed
323    147    26         17.8071    26.6357    49.5788    % 
UB: 26.63571428571428
branching on 3 with b.
324    148    27         17.8071    26.6357    49.5788    % 
UB: 26.63571428571428
branching on 1 with b.
325    149    28         17.8071    26.6357    49.5788    % 
UB: 26.63571428571428
branching on 2 with b.
326    150    28         17.8071    26.6357    49.5788    % 
LB close or above UB, fathomed
327    149    27         17.8071    26.6357    49.5788    % 
LB close or above UB, fathomed
328    148    25         17.8071    26.6357    49.5788    % 
LB close or above UB, fathomed
329    147    23         17.8071    26.6357    49.5788    % 
LB close or above UB, fathomed
330    146    22         17.8071    26.6357    49.5788    % 
LB close or above UB, fathomed
331    145    16         17.8071    26.6357    49.5788    % 
UB: 26.63571428571428
branching on 1 with b.
332    146    17         17.8071    26.6357    49.5788    % 
UB: 26.63571428571428
branching on CartesianIndex(2, 3) with a.
333    147    17         17.8071    26.6357    49.5788    % 
LB close or above UB, fathomed
334    146    16         17.8071    26.6357    49.5788    % 
LB close or above UB, fathomed
335    145    20         17.8071    26.6357    49.5788    % 
UB: 26.63571428571428
branching on CartesianIndex(4, 3) with a.
336    146    21         17.8071    26.6357    49.5788    % 
UB: 26.63571428571428
branching on CartesianIndex(5, 3) with a.
337    147    22         17.8071    26.6357    49.5788    % 
UB: 26.63571428571428
branching on CartesianIndex(6, 3) with a.
338    148    22         17.8071    26.6357    49.5788    % 
LB close or above UB, fathomed
339    147    21         17.8071    26.6357    49.5788    % 
LB close or above UB, fathomed
340    146    20         17.8071    26.6357    49.5788    % 
LB close or above UB, fathomed
341    145    24         17.8071    26.6357    49.5788    % 
UB: 26.63571428571428
branching on CartesianIndex(1, 4) with c.
342    146    25         17.8071    26.6357    49.5788    % 
LB close or above UB, fathomed
343    145    25         17.8071    26.6357    49.5788    % 
UB: 26.63571428571428
branching on 3 with b.
344    146    26         17.8071    26.6357    49.5788    % 
UB: 26.63571428571428
branching on CartesianIndex(1, 5) with c.
345    147    27         17.8071    26.6357    49.5788    % 
UB: 26.63571428571428
branching on CartesianIndex(2, 5) with c.
346    148    28         17.8071    26.6357    49.5788    % 
UB: 26.63571428571428
branching on CartesianIndex(1, 6) with c.
347    149    29         17.8071    26.6357    49.5788    % 
LB close or above UB, fathomed
348    148    29         17.8071    26.6357    49.5788    % 
UB: 26.63571428571428
branching on CartesianIndex(1, 7) with c.
349    149    30         17.8071    26.6357    49.5788    % 
UB: 26.63571428571428
branching on CartesianIndex(2, 7) with c.
350    150    31         17.8071    26.6357    49.5788    % 
LB close or above UB, fathomed
351    149    31         17.8071    26.6357    49.5788    % 
UB: 26.63571428571428
branching on 1 with b.
352    150    32         17.8071    26.6357    49.5788    % 
UB: 26.63571428571428
branching on 2 with b.
353    151    32         17.8071    26.6357    49.5788    % 
LB close or above UB, fathomed
354    150    30         17.8071    26.6357    49.5788    % 
LB close or above UB, fathomed
355    149    28         17.8071    26.6357    49.5788    % 
LB close or above UB, fathomed
356    148    27         17.8071    26.6357    49.5788    % 
LB close or above UB, fathomed
357    147    26         17.8071    26.6357    49.5788    % 
LB close or above UB, fathomed
358    146    24         17.8071    26.6357    49.5788    % 
LB close or above UB, fathomed
359    145    20         17.8071    26.6357    49.5788    % 
UB: 26.63571428571428
branching on CartesianIndex(2, 3) with a.
360    146    20         17.8071    26.6357    49.5788    % 
LB close or above UB, fathomed
361    145    21         17.8071    26.6357    49.5788    % 
UB: 26.63571428571428
branching on CartesianIndex(3, 3) with a.
362    146    22         17.8071    26.6357    49.5788    % 
UB: 26.63571428571428
branching on CartesianIndex(4, 3) with a.
363    147    23         17.8071    26.6357    49.5788    % 
UB: 26.63571428571428
branching on 1 with b.
364    148    24         17.8071    26.6357    49.5788    % 
UB: 26.63571428571428
branching on 2 with b.
365    149    24         17.8071    26.6357    49.5788    % 
LB close or above UB, fathomed
366    148    23         17.8071    26.6357    49.5788    % 
LB close or above UB, fathomed
367    147    22         17.8071    26.6357    49.5788    % 
LB close or above UB, fathomed
368    146    21         17.8071    26.6357    49.5788    % 
LB close or above UB, fathomed
369    145    7          20.6919    26.6357    28.7251    % 
UB: 26.63571428571428
branching on 3 with b.
370    146    7          20.6919    26.6357    28.7251    % 
LB close or above UB, fathomed
371    145    6          20.7000    26.6357    28.6749    % 
UB: 26.63571428571428
branching on 1 with b.
372    146    7          20.7000    26.6357    28.6749    % 
LB close or above UB, fathomed
373    145    7          20.7000    26.6357    28.6749    % 
UB: 26.63571428571428
branching on CartesianIndex(2, 1) with a.
374    146    6          20.7000    26.6357    28.6749    % 
UB: 26.63571428571428
branching on 1 with b.
375    147    7          20.7000    26.6357    28.6749    % 
UB: 26.63571428571428
branching on 2 with b.
376    148    8          20.7000    26.6357    28.6749    % 
UB: 26.63571428571428
branching on 1 with b.
377    149    9          20.7000    26.6357    28.6749    % 
UB: 26.63571428571428
branching on 2 with b.
378    150    10         20.7000    26.6357    28.6749    % 
LB close or above UB, fathomed
379    149    10         20.7000    26.6357    28.6749    % 
UB: 26.63571428571428
branching on CartesianIndex(2, 1) with a.
380    150    9          20.7000    26.6357    28.6749    % 
LB close or above UB, fathomed
381    149    8          20.7000    26.6357    28.6749    % 
LB close or above UB, fathomed
382    148    7          20.7000    26.6357    28.6749    % 
LB close or above UB, fathomed
383    147    7          20.7000    26.6357    28.6749    % 
LB close or above UB, fathomed
384    146    7          20.7000    26.6357    28.6749    % 
LB close or above UB, fathomed
385    145    18         20.7500    26.6357    28.3649    % 
LB close or above UB, fathomed
386    144    18         20.7500    26.6357    28.3649    % 
UB: 26.63571428571428
branching on 1 with b.
387    145    19         20.7500    26.6357    28.3649    % 
UB: 26.63571428571428
branching on CartesianIndex(1, 5) with c.
388    146    20         20.7500    26.6357    28.3649    % 
UB: 26.63571428571428
branching on 2 with b.
389    147    21         20.7500    26.6357    28.3649    % 
UB: 26.63571428571428
branching on CartesianIndex(2, 5) with c.
390    148    22         20.7500    26.6357    28.3649    % 
UB: 26.63571428571428
branching on 3 with b.
391    149    23         20.7500    26.6357    28.3649    % 
UB: 26.63571428571428
branching on CartesianIndex(1, 6) with c.
392    150    24         20.7500    26.6357    28.3649    % 
LB close or above UB, fathomed
393    149    24         20.7500    26.6357    28.3649    % 
UB: 26.63571428571428
branching on CartesianIndex(1, 7) with c.
394    150    25         20.7500    26.6357    28.3649    % 
UB: 26.63571428571428
branching on CartesianIndex(2, 7) with c.
395    151    26         20.7500    26.6357    28.3649    % 
LB close or above UB, fathomed
396    150    26         20.7500    26.6357    28.3649    % 
UB: 26.63571428571428
branching on 1 with b.
397    151    27         20.7500    26.6357    28.3649    % 
UB: 26.63571428571428
branching on 2 with b.
398    152    28         20.7500    26.6357    28.3649    % 
UB: 26.63571428571428
branching on 3 with b.
399    153    29         20.7500    26.6357    28.3649    % 
UB: 26.63571428571428
branching on 1 with b.
400    154    30         20.7500    26.6357    28.3649    % 
UB: 26.63571428571428
branching on 2 with b.
401    155    31         20.7500    26.6357    28.3649    % 
LB close or above UB, fathomed
402    154    31         20.7500    26.6357    28.3649    % 
UB: 26.63571428571428
branching on 3 with b.
403    155    32         20.7500    26.6357    28.3649    % 
LB close or above UB, fathomed
404    154    32         20.7500    26.6357    28.3649    % 
LB close or above UB, fathomed
405    153    30         20.7500    26.6357    28.3649    % 
LB close or above UB, fathomed
406    152    29         20.7500    26.6357    28.3649    % 
LB close or above UB, fathomed
407    151    28         20.7500    26.6357    28.3649    % 
UB: 26.63571428571428
branching on 3 with b.
408    152    27         20.7500    26.6357    28.3649    % 
LB close or above UB, fathomed
409    151    25         20.7500    26.6357    28.3649    % 
LB close or above UB, fathomed
410    150    23         20.7500    26.6357    28.3649    % 
LB close or above UB, fathomed
411    149    22         20.7500    26.6357    28.3649    % 
LB close or above UB, fathomed
412    148    21         20.7500    26.6357    28.3649    % 
LB close or above UB, fathomed
413    147    20         20.7500    26.6357    28.3649    % 
LB close or above UB, fathomed
414    146    19         20.7500    26.6357    28.3649    % 
LB close or above UB, fathomed
415    145    16         20.7500    26.6357    28.3649    % 
UB: 26.63571428571428
branching on CartesianIndex(2, 3) with a.
416    146    17         20.7500    26.6357    28.3649    % 
UB: 26.63571428571428
branching on 2 with b.
417    147    17         20.7500    26.6357    28.3649    % 
LB close or above UB, fathomed
418    146    16         20.7500    26.6357    28.3649    % 
LB close or above UB, fathomed
419    145    18         20.7500    26.6357    28.3649    % 
UB: 26.63571428571428
branching on CartesianIndex(3, 3) with a.
420    146    19         20.7500    26.6357    28.3649    % 
UB: 26.63571428571428
branching on 2 with b.
421    147    20         20.7500    26.6357    28.3649    % 
UB: 26.63571428571428
branching on 3 with b.
422    148    20         20.7500    26.6357    28.3649    % 
UB: 26.63571428571428
branching on CartesianIndex(4, 3) with a.
423    149    19         20.7500    26.6357    28.3649    % 
LB close or above UB, fathomed
424    148    18         20.7500    26.6357    28.3649    % 
LB close or above UB, fathomed
425    147    16         20.7500    26.6357    28.3649    % 
UB: 26.63571428571428
branching on CartesianIndex(3, 3) with a.
426    148    16         20.7500    26.6357    28.3649    % 
UB: 26.63571428571428
branching on 1 with b.
427    149    17         20.7500    26.6357    28.3649    % 
UB: 26.63571428571428
branching on CartesianIndex(3, 3) with a.
428    150    17         20.7500    26.6357    28.3649    % 
LB close or above UB, fathomed
429    149    10         20.7500    26.6357    28.3649    % 
UB: 26.63571428571428
branching on 3 with b.
430    150    11         20.7500    26.6357    28.3649    % 
UB: 26.63571428571428
branching on CartesianIndex(1, 3) with a.
431    151    12         20.7500    26.6357    28.3649    % 
UB: 26.63571428571428
branching on 1 with b.
432    152    13         20.7500    26.6357    28.3649    % 
LB close or above UB, fathomed
433    151    13         20.7500    26.6357    28.3649    % 
LB close or above UB, fathomed
434    150    12         20.7500    26.6357    28.3649    % 
LB close or above UB, fathomed
435    149    11         20.7500    26.6357    28.3649    % 
UB: 26.63571428571428
branching on CartesianIndex(1, 3) with a.
436    150    12         20.7500    26.6357    28.3649    % 
UB: 26.63571428571428
branching on CartesianIndex(2, 3) with a.
437    151    13         20.7500    26.6357    28.3649    % 
UB: 26.63571428571428
branching on CartesianIndex(3, 3) with a.
438    152    13         20.7500    26.6357    28.3649    % 
LB close or above UB, fathomed
439    151    12         20.7500    26.6357    28.3649    % 
LB close or above UB, fathomed
440    150    10         20.7500    26.6357    28.3649    % 
LB close or above UB, fathomed
441    149    10         20.7500    26.6357    28.3649    % 
UB: 26.63571428571428
branching on 2 with b.
442    150    10         20.7500    26.6357    28.3649    % 
LB close or above UB, fathomed
443    149    8          20.7500    26.6357    28.3649    % 
UB: 26.63571428571428
branching on CartesianIndex(2, 3) with a.
444    150    9          20.7500    26.6357    28.3649    % 
UB: 26.63571428571428
branching on CartesianIndex(3, 3) with a.
445    151    10         20.7500    26.6357    28.3649    % 
UB: 26.63571428571428
branching on CartesianIndex(4, 3) with a.
446    152    11         20.7500    26.6357    28.3649    % 
UB: 26.63571428571428
branching on 1 with b.
447    153    12         20.7500    26.6357    28.3649    % 
LB close or above UB, fathomed
448    152    12         20.7500    26.6357    28.3649    % 
UB: 26.63571428571428
branching on 2 with b.
449    153    13         20.7500    26.6357    28.3649    % 
UB: 26.63571428571428
branching on 3 with b.
450    154    14         20.7500    26.6357    28.3649    % 
UB: 26.63571428571428
branching on CartesianIndex(5, 3) with a.
451    155    15         20.7500    26.6357    28.3649    % 
UB: 26.63571428571428
branching on CartesianIndex(6, 3) with a.
452    156    16         20.7500    26.6357    28.3649    % 
UB: 26.63571428571428
branching on CartesianIndex(1, 4) with c.
453    157    16         20.7500    26.6357    28.3649    % 
LB close or above UB, fathomed
454    156    15         20.7500    26.6357    28.3649    % 
LB close or above UB, fathomed
455    155    14         20.7500    26.6357    28.3649    % 
UB: 26.63571428571428
branching on CartesianIndex(5, 3) with a.
456    156    13         20.7500    26.6357    28.3649    % 
LB close or above UB, fathomed
457    155    11         20.7500    26.6357    28.3649    % 
LB close or above UB, fathomed
458    154    10         20.7500    26.6357    28.3649    % 
LB close or above UB, fathomed
459    153    9          20.7500    26.6357    28.3649    % 
UB: 26.63571428571428
branching on 1 with b.
460    154    8          20.7500    26.6357    28.3649    % 
LB close or above UB, fathomed
461    153    10         20.7500    26.6357    28.3649    % 
LB close or above UB, fathomed
462    152    10         20.7500    26.6357    28.3649    % 
UB: 26.63571428571428
branching on CartesianIndex(1, 2) with a.
463    153    10         20.7500    26.6357    28.3649    % 
UB: 26.63571428571428
branching on CartesianIndex(3, 1) with a.
464    154    10         20.7500    26.6357    28.3649    % 
UB: 26.63571428571428
branching on CartesianIndex(3, 1) with a.
465    155    11         20.7500    26.6357    28.3649    % 
UB: 26.63571428571428
branching on CartesianIndex(2, 2) with a.
466    156    12         20.7500    26.6357    28.3649    % 
UB: 26.63571428571428
branching on CartesianIndex(3, 2) with a.
467    157    13         20.7500    26.6357    28.3649    % 
LB close or above UB, fathomed
468    156    13         20.7500    26.6357    28.3649    % 
LB close or above UB, fathomed
469    155    12         20.7500    26.6357    28.3649    % 
LB close or above UB, fathomed
470    154    11         20.7500    26.6357    28.3649    % 
UB: 26.63571428571428
branching on CartesianIndex(2, 2) with a.
471    155    12         20.7500    26.6357    28.3649    % 
UB: 26.63571428571428
branching on CartesianIndex(3, 2) with a.
472    156    12         20.7500    26.6357    28.3649    % 
LB close or above UB, fathomed
473    155    13         20.7500    26.6357    28.3649    % 
UB: 26.63571428571428
branching on 1 with b.
474    156    14         20.7500    26.6357    28.3649    % 
UB: 26.63571428571428
branching on CartesianIndex(1, 2) with a.
475    157    15         20.7500    26.6357    28.3649    % 
UB: 26.63571428571428
branching on CartesianIndex(2, 2) with a.
476    158    15         20.7500    26.6357    28.3649    % 
LB close or above UB, fathomed
477    157    14         20.7500    26.6357    28.3649    % 
LB close or above UB, fathomed
478    156    13         20.7500    26.6357    28.3649    % 
UB: 26.63571428571428
branching on 1 with b.
479    157    14         20.7500    26.6357    28.3649    % 
UB: 26.63571428571428
branching on CartesianIndex(3, 2) with a.
480    158    15         20.7500    26.6357    28.3649    % 
UB: 26.63571428571428
branching on CartesianIndex(4, 2) with a.
481    159    16         20.7500    26.6357    28.3649    % 
UB: 26.63571428571428
branching on CartesianIndex(5, 2) with a.
482    160    17         20.7500    26.6357    28.3649    % 
LB close or above UB, fathomed
483    159    17         20.7500    26.6357    28.3649    % 
UB: 26.63571428571428
branching on CartesianIndex(1, 3) with a.
484    160    16         20.7500    26.6357    28.3649    % 
LB close or above UB, fathomed
485    159    15         20.7500    26.6357    28.3649    % 
LB close or above UB, fathomed
486    158    14         20.7500    26.6357    28.3649    % 
LB close or above UB, fathomed
487    157    18         20.7500    26.6357    28.3649    % 
UB: 26.63571428571428
branching on CartesianIndex(2, 3) with a.
488    158    19         20.7500    26.6357    28.3649    % 
UB: 26.63571428571428
branching on CartesianIndex(3, 3) with a.
489    159    20         20.7500    26.6357    28.3649    % 
UB: 26.63571428571428
branching on 3 with b.
490    160    21         20.7500    26.6357    28.3649    % 
LB close or above UB, fathomed
491    159    21         20.7500    26.6357    28.3649    % 
UB: 26.63571428571428
branching on 1 with b.
492    160    22         20.7500    26.6357    28.3649    % 
UB: 26.63571428571428
branching on CartesianIndex(4, 3) with a.
493    161    22         20.7500    26.6357    28.3649    % 
LB close or above UB, fathomed
494    160    20         20.7500    26.6357    28.3649    % 
LB close or above UB, fathomed
495    159    19         20.7500    26.6357    28.3649    % 
LB close or above UB, fathomed
496    158    18         20.7500    26.6357    28.3649    % 
LB close or above UB, fathomed
497    157    19         20.7500    26.6357    28.3649    % 
UB: 26.63571428571428
branching on CartesianIndex(3, 3) with a.
498    158    19         20.7500    26.6357    28.3649    % 
LB close or above UB, fathomed
499    157    20         20.7500    26.6357    28.3649    % 
UB: 26.63571428571428
branching on CartesianIndex(4, 3) with a.
500    158    21         20.7500    26.6357    28.3649    % 
UB: 26.63571428571428
branching on CartesianIndex(5, 3) with a.
501    159    22         20.7500    26.6357    28.3649    % 
UB: 26.63571428571428
branching on CartesianIndex(6, 3) with a.
502    160    22         20.7500    26.6357    28.3649    % 
LB close or above UB, fathomed
503    159    21         20.7500    26.6357    28.3649    % 
LB close or above UB, fathomed
504    158    20         20.7500    26.6357    28.3649    % 
LB close or above UB, fathomed
505    157    15         20.7500    26.6357    28.3649    % 
UB: 26.63571428571428
branching on CartesianIndex(2, 2) with a.
506    158    16         20.7500    26.6357    28.3649    % 
UB: 26.63571428571428
branching on CartesianIndex(3, 2) with a.
507    159    16         20.7500    26.6357    28.3649    % 
LB close or above UB, fathomed
508    158    15         20.7500    26.6357    28.3649    % 
LB close or above UB, fathomed
509    157    15         20.7500    26.6357    28.3649    % 
UB: 26.63571428571428
branching on CartesianIndex(2, 2) with a.
510    158    16         20.7500    26.6357    28.3649    % 
UB: 26.63571428571428
branching on CartesianIndex(3, 2) with a.
511    159    17         20.7500    26.6357    28.3649    % 
UB: 26.63571428571428
branching on 1 with b.
512    160    17         20.7500    26.6357    28.3649    % 
LB close or above UB, fathomed
513    159    16         20.7500    26.6357    28.3649    % 
LB close or above UB, fathomed
514    158    15         20.7500    26.6357    28.3649    % 
UB: 26.63571428571428
branching on CartesianIndex(1, 3) with a.
515    159    16         20.7500    26.6357    28.3649    % 
UB: 26.63571428571428
branching on CartesianIndex(2, 3) with a.
516    160    17         20.7500    26.6357    28.3649    % 
UB: 26.63571428571428
branching on 1 with b.
517    161    18         20.7500    26.6357    28.3649    % 
LB close or above UB, fathomed
518    160    18         20.7500    26.6357    28.3649    % 
LB close or above UB, fathomed
519    159    17         20.7500    26.6357    28.3649    % 
UB: 26.63571428571428
branching on CartesianIndex(1, 4) with c.
520    160    16         20.7500    26.6357    28.3649    % 
UB: 26.63571428571428
branching on CartesianIndex(1, 4) with c.
521    161    18         20.7500    26.6357    28.3649    % 
UB: 26.63571428571428
branching on CartesianIndex(5, 2) with a.
522    162    19         20.7500    26.6357    28.3649    % 
UB: 26.63571428571428
branching on CartesianIndex(6, 2) with a.
523    163    20         20.7500    26.6357    28.3649    % 
LB close or above UB, fathomed
524    162    20         20.7500    26.6357    28.3649    % 
UB: 26.63571428571428
branching on 2 with b.
525    163    19         20.7500    26.6357    28.3649    % 
LB close or above UB, fathomed
526    162    18         20.7500    26.6357    28.3649    % 
LB close or above UB, fathomed
527    161    16         20.7500    26.6357    28.3649    % 
UB: 26.63571428571428
branching on CartesianIndex(2, 3) with a.
528    162    16         20.7500    26.6357    28.3649    % 
LB close or above UB, fathomed
529    161    16         20.7500    26.6357    28.3649    % 
UB: 26.63571428571428
branching on CartesianIndex(2, 2) with a.
530    162    17         20.7500    26.6357    28.3649    % 
UB: 26.63571428571428
branching on CartesianIndex(3, 2) with a.
531    163    18         20.7500    26.6357    28.3649    % 
UB: 26.63571428571428
branching on CartesianIndex(4, 2) with a.
532    164    19         20.7500    26.6357    28.3649    % 
UB: 26.63571428571428
branching on CartesianIndex(5, 2) with a.
533    165    20         20.7500    26.6357    28.3649    % 
LB close or above UB, fathomed
534    164    20         20.7500    26.6357    28.3649    % 
UB: 26.63571428571428
branching on CartesianIndex(1, 3) with a.
535    165    19         20.7500    26.6357    28.3649    % 
LB close or above UB, fathomed
536    164    18         20.7500    26.6357    28.3649    % 
LB close or above UB, fathomed
537    163    17         20.7500    26.6357    28.3649    % 
LB close or above UB, fathomed
538    162    16         20.7500    26.6357    28.3649    % 
LB close or above UB, fathomed
539    161    23         20.7500    26.6357    28.3649    % 
UB: 26.63571428571428
branching on 3 with b.
540    162    24         20.7500    26.6357    28.3649    % 
UB: 26.63571428571428
branching on CartesianIndex(1, 4) with c.
541    163    25         20.7500    26.6357    28.3649    % 
LB close or above UB, fathomed
542    162    25         20.7500    26.6357    28.3649    % 
UB: 26.63571428571428
branching on CartesianIndex(1, 5) with c.
543    163    24         20.7500    26.6357    28.3649    % 
LB close or above UB, fathomed
544    162    23         20.7500    26.6357    28.3649    % 
LB close or above UB, fathomed
545    161    13         20.7500    26.6357    28.3649    % 
LB close or above UB, fathomed
546    160    13         20.7500    26.6357    28.3649    % 
UB: 26.63571428571428
branching on CartesianIndex(2, 3) with a.
547    161    21         20.7500    26.6357    28.3649    % 
LB close or above UB, fathomed
548    160    21         20.7500    26.6357    28.3649    % 
UB: 26.63571428571428
branching on CartesianIndex(1, 3) with a.
549    161    22         20.7500    26.6357    28.3649    % 
UB: 26.63571428571428
branching on CartesianIndex(2, 3) with a.
550    162    23         20.7500    26.6357    28.3649    % 
UB: 26.63571428571428
branching on CartesianIndex(3, 3) with a.
551    163    23         20.7500    26.6357    28.3649    % 
LB close or above UB, fathomed
552    162    22         20.7500    26.6357    28.3649    % 
LB close or above UB, fathomed
553    161    22         20.7500    26.6357    28.3649    % 
UB: 26.63571428571428
branching on CartesianIndex(1, 3) with a.
554    162    23         20.7500    26.6357    28.3649    % 
UB: 26.63571428571428
branching on CartesianIndex(2, 3) with a.
555    163    24         20.7500    26.6357    28.3649    % 
UB: 26.63571428571428
branching on CartesianIndex(3, 3) with a.
556    164    24         20.7500    26.6357    28.3649    % 
LB close or above UB, fathomed
557    163    23         20.7500    26.6357    28.3649    % 
LB close or above UB, fathomed
558    162    22         20.7500    26.6357    28.3649    % 
LB close or above UB, fathomed
559    161    16         20.7500    26.6357    28.3649    % 
LB close or above UB, fathomed
560    160    16         20.7500    26.6357    28.3649    % 
UB: 26.63571428571428
branching on CartesianIndex(1, 3) with a.
561    161    17         20.7500    26.6357    28.3649    % 
UB: 26.63571428571428
branching on CartesianIndex(2, 3) with a.
562    162    17         20.7500    26.6357    28.3649    % 
LB close or above UB, fathomed
563    161    16         20.7500    26.6357    28.3649    % 
UB: 26.63571428571428
branching on CartesianIndex(2, 3) with a.
564    162    16         20.7500    26.6357    28.3649    % 
LB close or above UB, fathomed
565    161    22         20.7500    26.6357    28.3649    % 
LB close or above UB, fathomed
566    160    22         20.7500    26.6357    28.3649    % 
UB: 26.63571428571428
branching on CartesianIndex(1, 3) with a.
567    161    23         20.7500    26.6357    28.3649    % 
UB: 26.63571428571428
branching on CartesianIndex(2, 3) with a.
568    162    24         20.7500    26.6357    28.3649    % 
UB: 26.63571428571428
branching on CartesianIndex(3, 3) with a.
569    163    24         20.7500    26.6357    28.3649    % 
LB close or above UB, fathomed
570    162    23         20.7500    26.6357    28.3649    % 
LB close or above UB, fathomed
571    161    17         20.7500    26.6357    28.3649    % 
LB close or above UB, fathomed
572    160    17         20.7500    26.6357    28.3649    % 
LB close or above UB, fathomed
573    159    19         20.7500    26.6357    28.3649    % 
LB close or above UB, fathomed
574    158    19         20.7500    26.6357    28.3649    % 
UB: 26.63571428571428
branching on CartesianIndex(1, 3) with a.
575    159    16         20.7500    26.6357    28.3649    % 
UB: 26.63571428571428
branching on CartesianIndex(2, 3) with a.
576    160    17         20.7500    26.6357    28.3649    % 
UB: 26.63571428571428
branching on CartesianIndex(3, 3) with a.
577    161    18         20.7500    26.6357    28.3649    % 
UB: 26.63571428571428
branching on 1 with b.
578    162    19         20.7500    26.6357    28.3649    % 
LB close or above UB, fathomed
579    161    19         20.7500    26.6357    28.3649    % 
UB: 26.63571428571428
branching on CartesianIndex(4, 3) with a.
580    162    20         20.7500    26.6357    28.3649    % 
UB: 26.63571428571428
branching on 2 with b.
581    163    21         20.7500    26.6357    28.3649    % 
LB close or above UB, fathomed
582    162    21         20.7500    26.6357    28.3649    % 
LB close or above UB, fathomed
583    161    20         20.7500    26.6357    28.3649    % 
LB close or above UB, fathomed
584    160    18         20.7500    26.6357    28.3649    % 
LB close or above UB, fathomed
585    159    17         20.7500    26.6357    28.3649    % 
LB close or above UB, fathomed
586    158    16         20.7500    26.6357    28.3649    % 
LB close or above UB, fathomed
587    157    17         20.7500    26.6357    28.3649    % 
UB: 26.63571428571428
branching on 1 with b.
588    158    18         20.7500    26.6357    28.3649    % 
UB: 26.63571428571428
branching on CartesianIndex(2, 2) with a.
589    159    19         20.7500    26.6357    28.3649    % 
UB: 26.63571428571428
branching on CartesianIndex(3, 2) with a.
590    160    20         20.7500    26.6357    28.3649    % 
UB: 26.63571428571428
branching on CartesianIndex(4, 2) with a.
591    161    21         20.7500    26.6357    28.3649    % 
UB: 26.63571428571428
branching on CartesianIndex(5, 2) with a.
592    162    22         20.7500    26.6357    28.3649    % 
UB: 26.63571428571428
branching on CartesianIndex(6, 2) with a.
593    163    22         20.7500    26.6357    28.3649    % 
LB close or above UB, fathomed
594    162    21         20.7500    26.6357    28.3649    % 
LB close or above UB, fathomed
595    161    20         20.7500    26.6357    28.3649    % 
LB close or above UB, fathomed
596    160    19         20.7500    26.6357    28.3649    % 
LB close or above UB, fathomed
597    159    18         20.7500    26.6357    28.3649    % 
UB: 26.63571428571428
branching on CartesianIndex(2, 2) with a.
598    160    19         20.7500    26.6357    28.3649    % 
UB: 26.63571428571428
branching on CartesianIndex(3, 2) with a.
599    161    20         20.7500    26.6357    28.3649    % 
UB: 26.63571428571428
branching on 2 with b.
600    162    21         20.7500    26.6357    28.3649    % 
LB close or above UB, fathomed
601    161    21         20.7500    26.6357    28.3649    % 
UB: 26.63571428571428
branching on CartesianIndex(4, 2) with a.
602    162    22         20.7500    26.6357    28.3649    % 
UB: 26.63571428571428
branching on 3 with b.
603    163    23         20.7500    26.6357    28.3649    % 
UB: 26.63571428571428
branching on CartesianIndex(5, 2) with a.
604    164    24         20.7500    26.6357    28.3649    % 
LB close or above UB, fathomed
605    163    24         20.7500    26.6357    28.3649    % 
LB close or above UB, fathomed
606    162    23         20.7500    26.6357    28.3649    % 
LB close or above UB, fathomed
607    161    22         20.7500    26.6357    28.3649    % 
LB close or above UB, fathomed
608    160    20         20.7500    26.6357    28.3649    % 
LB close or above UB, fathomed
609    159    19         20.7500    26.6357    28.3649    % 
LB close or above UB, fathomed
610    158    17         20.7500    26.6357    28.3649    % 
LB close or above UB, fathomed
611    157    15         20.7500    26.6357    28.3649    % 
UB: 26.63571428571428
branching on CartesianIndex(2, 3) with a.
612    158    15         20.7500    26.6357    28.3649    % 
LB close or above UB, fathomed
613    157    18         20.7500    26.6357    28.3649    % 
UB: 26.63571428571428
branching on CartesianIndex(2, 3) with a.
614    158    19         20.7500    26.6357    28.3649    % 
UB: 26.63571428571428
branching on CartesianIndex(3, 3) with a.
615    159    19         20.7500    26.6357    28.3649    % 
LB close or above UB, fathomed
616    158    18         20.7500    26.6357    28.3649    % 
LB close or above UB, fathomed
617    157    23         20.7500    26.6357    28.3649    % 
UB: 26.63571428571428
branching on 2 with b.
618    158    24         20.7500    26.6357    28.3649    % 
UB: 26.63571428571428
branching on CartesianIndex(5, 3) with a.
619    159    24         20.7500    26.6357    28.3649    % 
UB: 26.63571428571428
branching on CartesianIndex(5, 3) with a.
620    160    23         20.7500    26.6357    28.3649    % 
LB close or above UB, fathomed
621    159    21         20.7500    26.6357    28.3649    % 
UB: 26.63571428571428
branching on CartesianIndex(4, 3) with a.
622    160    22         20.7500    26.6357    28.3649    % 
UB: 26.63571428571428
branching on CartesianIndex(5, 3) with a.
623    161    23         20.7500    26.6357    28.3649    % 
UB: 26.63571428571428
branching on CartesianIndex(6, 3) with a.
624    162    23         20.7500    26.6357    28.3649    % 
LB close or above UB, fathomed
625    161    22         20.7500    26.6357    28.3649    % 
LB close or above UB, fathomed
626    160    21         20.7500    26.6357    28.3649    % 
LB close or above UB, fathomed
627    159    22         20.7500    26.6357    28.3649    % 
UB: 26.63571428571428
branching on CartesianIndex(4, 3) with a.
628    160    23         20.7500    26.6357    28.3649    % 
UB: 26.63571428571428
branching on CartesianIndex(5, 3) with a.
629    161    24         20.7500    26.6357    28.3649    % 
UB: 26.63571428571428
branching on CartesianIndex(6, 3) with a.
630    162    24         20.7500    26.6357    28.3649    % 
LB close or above UB, fathomed
631    161    23         20.7500    26.6357    28.3649    % 
LB close or above UB, fathomed
632    160    22         20.7500    26.6357    28.3649    % 
LB close or above UB, fathomed
633    159    25         20.7500    26.6357    28.3649    % 
UB: 26.63571428571428
branching on 3 with b.
634    160    26         20.7500    26.6357    28.3649    % 
LB close or above UB, fathomed
635    159    26         20.7500    26.6357    28.3649    % 
UB: 26.63571428571428
branching on CartesianIndex(6, 3) with a.
636    160    25         20.7500    26.6357    28.3649    % 
LB close or above UB, fathomed
637    159    20         20.7500    26.6357    28.3649    % 
UB: 26.63571428571428
branching on CartesianIndex(2, 3) with a.
638    160    20         20.7500    26.6357    28.3649    % 
LB close or above UB, fathomed
639    159    26         20.7500    26.6357    28.3649    % 
UB: 26.63571428571428
branching on CartesianIndex(2, 5) with c.
640    160    27         20.7500    26.6357    28.3649    % 
UB: 26.63571428571428
branching on CartesianIndex(1, 6) with c.
641    161    28         20.7500    26.6357    28.3649    % 
LB close or above UB, fathomed
642    160    28         20.7500    26.6357    28.3649    % 
UB: 26.63571428571428
branching on CartesianIndex(1, 7) with c.
643    161    29         20.7500    26.6357    28.3649    % 
UB: 26.63571428571428
branching on CartesianIndex(2, 7) with c.
644    162    30         20.7500    26.6357    28.3649    % 
LB close or above UB, fathomed
645    161    30         20.7500    26.6357    28.3649    % 
UB: 26.63571428571428
branching on 1 with b.
646    162    31         20.7500    26.6357    28.3649    % 
UB: 26.63571428571428
branching on 2 with b.
647    163    32         20.7500    26.6357    28.3649    % 
UB: 26.63571428571428
branching on 3 with b.
648    164    33         20.7500    26.6357    28.3649    % 
UB: 26.63571428571428
branching on 1 with b.
649    165    34         20.7500    26.6357    28.3649    % 
UB: 26.63571428571428
branching on 2 with b.
650    166    35         20.7500    26.6357    28.3649    % 
LB close or above UB, fathomed
651    165    35         20.7500    26.6357    28.3649    % 
UB: 26.63571428571428
branching on 3 with b.
652    166    36         20.7500    26.6357    28.3649    % 
UB: 26.63571428571428
branching on 1 with b.
653    167    37         20.7500    26.6357    28.3649    % 
UB: 26.63571428571428
branching on 2 with b.
654    168    38         20.7500    26.6357    28.3649    % 
LB close or above UB, fathomed
655    167    38         20.7500    26.6357    28.3649    % 
UB: 26.63571428571428
branching on 3 with b.
656    168    37         20.7500    26.6357    28.3649    % 
UB: 26.63571428571428
branching on 2 with b.
657    169    36         20.7500    26.6357    28.3649    % 
LB close or above UB, fathomed
658    168    34         20.7500    26.6357    28.3649    % 
LB close or above UB, fathomed
659    167    33         20.7500    26.6357    28.3649    % 
LB close or above UB, fathomed
660    166    32         20.7500    26.6357    28.3649    % 
LB close or above UB, fathomed
661    165    31         20.7500    23.6929    14.1824    % 
LB close or above UB, fathomed
662    20     29         20.7500    23.6929    14.1824    % 
LB close or above UB, fathomed
663    19     27         20.7500    23.6929    14.1824    % 
LB close or above UB, fathomed
664    18     26         20.7500    23.6929    14.1824    % 
LB close or above UB, fathomed
665    17     21         20.7500    23.6929    14.1824    % 
LB close or above UB, fathomed
666    16     21         20.7500    23.6929    14.1824    % 
UB: 23.692857142857136
branching on CartesianIndex(4, 3) with a.
667    17     22         20.7500    23.6929    14.1824    % 
UB: 23.692857142857136
branching on CartesianIndex(5, 3) with a.
668    18     23         20.7500    23.6929    14.1824    % 
UB: 23.692857142857136
branching on CartesianIndex(6, 3) with a.
669    19     24         20.7500    23.6929    14.1824    % 
UB: 23.692857142857136
branching on CartesianIndex(1, 4) with c.
670    20     24         20.7500    23.6929    14.1824    % 
LB close or above UB, fathomed
671    19     23         20.7500    23.6929    14.1824    % 
LB close or above UB, fathomed
672    18     22         20.7500    23.6929    14.1824    % 
LB close or above UB, fathomed
673    17     21         20.7500    23.6929    14.1824    % 
UB: 23.692857142857136
branching on CartesianIndex(3, 3) with a.
674    18     22         20.7500    23.6929    14.1824    % 
UB: 23.692857142857136
branching on CartesianIndex(4, 3) with a.
675    19     23         20.7500    23.6929    14.1824    % 
UB: 23.692857142857136
branching on CartesianIndex(5, 3) with a.
676    20     23         20.7500    23.6929    14.1824    % 
LB close or above UB, fathomed
677    19     22         20.7500    23.6929    14.1824    % 
LB close or above UB, fathomed
678    18     21         20.7500    23.6929    14.1824    % 
LB close or above UB, fathomed
679    17     20         20.7500    23.6929    14.1824    % 
UB: 23.692857142857136
branching on CartesianIndex(4, 3) with a.
680    18     21         20.7500    23.6929    14.1824    % 
UB: 23.692857142857136
branching on 3 with b.
681    19     22         20.7500    23.6929    14.1824    % 
UB: 23.692857142857136
branching on 1 with b.
682    20     23         20.7500    23.6929    14.1824    % 
UB: 23.692857142857136
branching on CartesianIndex(5, 3) with a.
683    21     24         20.7500    23.6929    14.1824    % 
LB close or above UB, fathomed
684    20     24         20.7500    23.6929    14.1824    % 
LB close or above UB, fathomed
685    19     23         20.7500    23.6929    14.1824    % 
LB close or above UB, fathomed
686    18     22         20.7500    23.6929    14.1824    % 
LB close or above UB, fathomed
687    17     21         20.7500    23.6929    14.1824    % 
LB close or above UB, fathomed
688    16     20         20.7500    23.6929    14.1824    % 
LB close or above UB, fathomed
689    15     24         20.7500    23.6929    14.1824    % 
UB: 23.692857142857136
branching on CartesianIndex(6, 3) with a.
690    16     25         20.7500    23.6929    14.1824    % 
UB: 23.692857142857136
branching on CartesianIndex(1, 4) with c.
691    17     25         20.7500    23.6929    14.1824    % 
LB close or above UB, fathomed
692    16     24         20.7500    23.6929    14.1824    % 
LB close or above UB, fathomed
693    15     27         20.7500    23.6929    14.1824    % 
UB: 23.692857142857136
branching on CartesianIndex(1, 4) with c.
694    16     27         20.7500    23.6929    14.1824    % 
LB close or above UB, fathomed
695    15     25         20.7500    23.6929    14.1824    % 
LB close or above UB, fathomed
696    14     25         20.7500    23.6929    14.1824    % 
UB: 23.692857142857136
branching on CartesianIndex(5, 3) with a.
697    15     26         20.7500    23.6929    14.1824    % 
LB close or above UB, fathomed
698    14     26         20.7500    23.6929    14.1824    % 
LB close or above UB, fathomed
699    13     23         20.7500    23.6929    14.1824    % 
UB: 23.692857142857136
branching on CartesianIndex(1, 4) with c.
700    14     24         20.7500    23.6929    14.1824    % 
LB close or above UB, fathomed
701    13     24         20.7500    23.6929    14.1824    % 
UB: 23.692857142857136
branching on CartesianIndex(1, 5) with c.
702    14     25         20.7500    23.6929    14.1824    % 
UB: 23.692857142857136
branching on CartesianIndex(2, 5) with c.
703    15     26         20.7500    23.6929    14.1824    % 
UB: 23.692857142857136
branching on CartesianIndex(1, 6) with c.
704    16     27         20.7500    23.6929    14.1824    % 
LB close or above UB, fathomed
705    15     27         20.7500    23.6929    14.1824    % 
UB: 23.692857142857136
branching on CartesianIndex(1, 7) with c.
706    16     28         20.7500    23.6929    14.1824    % 
UB: 23.692857142857136
branching on CartesianIndex(2, 7) with c.
707    17     29         20.7500    23.6929    14.1824    % 
LB close or above UB, fathomed
708    16     29         20.7500    23.6929    14.1824    % 
UB: 23.692857142857136
branching on 3 with b.
709    17     30         20.7500    23.6929    14.1824    % 
UB: 23.692857142857136
branching on 1 with b.
710    18     31         20.7500    23.6929    14.1824    % 
UB: 23.692857142857136
branching on 2 with b.
711    19     32         20.7500    23.6929    14.1824    % 
LB close or above UB, fathomed
712    18     32         20.7500    23.6929    14.1824    % 
LB close or above UB, fathomed
713    17     31         20.7500    23.6929    14.1824    % 
LB close or above UB, fathomed
714    16     30         20.7500    23.6929    14.1824    % 
LB close or above UB, fathomed
715    15     28         20.7500    23.6929    14.1824    % 
LB close or above UB, fathomed
716    14     26         20.7500    23.6929    14.1824    % 
LB close or above UB, fathomed
717    13     25         20.7500    23.6929    14.1824    % 
LB close or above UB, fathomed
718    12     23         20.7500    23.6929    14.1824    % 
LB close or above UB, fathomed
719    11     20         20.7500    23.6929    14.1824    % 
LB close or above UB, fathomed
720    10     20         20.7500    23.6929    14.1824    % 
UB: 23.692857142857136
branching on CartesianIndex(1, 5) with c.
721    11     21         20.7500    23.6929    14.1824    % 
UB: 23.692857142857136
branching on CartesianIndex(2, 5) with c.
722    12     22         20.7500    23.6929    14.1824    % 
UB: 23.692857142857136
branching on CartesianIndex(1, 6) with c.
723    13     23         20.7500    23.6929    14.1824    % 
LB close or above UB, fathomed
724    12     23         20.7500    23.6929    14.1824    % 
UB: 23.692857142857136
branching on CartesianIndex(1, 7) with c.
725    13     24         20.7500    23.6929    14.1824    % 
UB: 23.692857142857136
branching on CartesianIndex(2, 7) with c.
726    14     25         20.7500    23.6929    14.1824    % 
LB close or above UB, fathomed
727    13     25         20.7500    23.6929    14.1824    % 
UB: 23.692857142857136
branching on 3 with b.
728    14     26         20.7500    23.6929    14.1824    % 
UB: 23.692857142857136
branching on 1 with b.
729    15     27         20.7500    23.6929    14.1824    % 
UB: 23.692857142857136
branching on 2 with b.
730    16     28         20.7500    23.6929    14.1824    % 
LB close or above UB, fathomed
731    15     28         20.7500    23.6929    14.1824    % 
LB close or above UB, fathomed
732    14     27         20.7500    23.6929    14.1824    % 
LB close or above UB, fathomed
733    13     26         20.7500    23.6929    14.1824    % 
LB close or above UB, fathomed
734    12     24         20.7500    23.6929    14.1824    % 
LB close or above UB, fathomed
735    11     22         20.7500    23.6929    14.1824    % 
LB close or above UB, fathomed
736    10     21         20.7500    23.6929    14.1824    % 
LB close or above UB, fathomed
737    9      28         20.7500    23.6929    14.1824    % 
LB close or above UB, fathomed
738    8      28         20.7500    23.6929    14.1824    % 
UB: 23.692857142857136
branching on CartesianIndex(1, 5) with c.
739    9      29         20.7500    23.6929    14.1824    % 
UB: 23.692857142857136
branching on CartesianIndex(2, 5) with c.
740    10     30         20.7500    23.6929    14.1824    % 
UB: 23.692857142857136
branching on CartesianIndex(1, 6) with c.
741    11     31         20.7500    23.6929    14.1824    % 
LB close or above UB, fathomed
742    10     31         20.7500    23.6929    14.1824    % 
UB: 23.692857142857136
branching on CartesianIndex(1, 7) with c.
743    11     32         20.7500    23.6929    14.1824    % 
UB: 23.692857142857136
branching on CartesianIndex(2, 7) with c.
744    12     33         20.7500    23.6929    14.1824    % 
LB close or above UB, fathomed
745    11     33         20.7500    23.6929    14.1824    % 
UB: 23.692857142857136
branching on 1 with b.
746    12     34         20.7500    23.6929    14.1824    % 
UB: 23.692857142857136
branching on 2 with b.
747    13     35         20.7500    23.6929    14.1824    % 
LB close or above UB, fathomed
748    12     35         20.7500    23.6929    14.1824    % 
UB: 23.692857142857136
branching on 3 with b.
749    13     36         20.7500    23.6929    14.1824    % 
LB close or above UB, fathomed
750    12     36         20.7500    23.6929    14.1824    % 
UB: 23.692857142857136
branching on 1 with b.
751    13     37         20.7500    23.6929    14.1824    % 
UB: 23.692857142857136
branching on 2 with b.
752    14     38         20.7500    23.6929    14.1824    % 
LB close or above UB, fathomed
753    13     38         20.7500    23.6929    14.1824    % 
LB close or above UB, fathomed
754    12     37         20.7500    23.6929    14.1824    % 
LB close or above UB, fathomed
755    11     34         20.7500    23.6929    14.1824    % 
LB close or above UB, fathomed
756    10     32         20.7500    23.6929    14.1824    % 
LB close or above UB, fathomed
757    9      30         20.7500    23.6929    14.1824    % 
LB close or above UB, fathomed
758    8      29         20.7500    23.6929    14.1824    % 
LB close or above UB, fathomed
759    7      26         20.7500    23.6929    14.1824    % 
LB close or above UB, fathomed
760    6      26         20.7500    23.6929    14.1824    % 
UB: 23.692857142857136
branching on CartesianIndex(1, 5) with c.
761    7      27         20.7500    23.6929    14.1824    % 
UB: 23.692857142857136
branching on CartesianIndex(2, 5) with c.
762    8      28         20.7500    23.6929    14.1824    % 
UB: 23.692857142857136
branching on CartesianIndex(1, 6) with c.
763    9      29         20.7500    23.6929    14.1824    % 
LB close or above UB, fathomed
764    8      29         20.7500    23.6929    14.1824    % 
UB: 23.692857142857136
branching on CartesianIndex(1, 7) with c.
765    9      30         20.7500    23.6929    14.1824    % 
UB: 23.692857142857136
branching on CartesianIndex(2, 7) with c.
766    10     31         20.7500    23.6929    14.1824    % 
LB close or above UB, fathomed
767    9      31         20.7500    23.6929    14.1824    % 
UB: 23.692857142857136
branching on 1 with b.
768    10     32         20.7500    23.6929    14.1824    % 
LB close or above UB, fathomed
769    9      32         20.7500    23.6929    14.1824    % 
LB close or above UB, fathomed
770    8      30         20.7500    23.6929    14.1824    % 
LB close or above UB, fathomed
771    7      28         20.7500    23.6929    14.1824    % 
LB close or above UB, fathomed
772    6      27         20.7500    23.6929    14.1824    % 
LB close or above UB, fathomed
773    5      25         20.7500    23.6929    14.1824    % 
LB close or above UB, fathomed
774    4      25         20.7500    23.6929    14.1824    % 
UB: 23.692857142857136
branching on CartesianIndex(1, 5) with c.
775    5      26         20.7500    23.6929    14.1824    % 
UB: 23.692857142857136
branching on CartesianIndex(2, 5) with c.
776    6      27         20.7500    23.6929    14.1824    % 
UB: 23.692857142857136
branching on CartesianIndex(1, 6) with c.
777    7      28         20.7500    23.6929    14.1824    % 
LB close or above UB, fathomed
778    6      28         20.7500    23.6929    14.1824    % 
UB: 23.692857142857136
branching on CartesianIndex(1, 7) with c.
779    7      29         20.7500    23.6929    14.1824    % 
UB: 23.692857142857136
branching on CartesianIndex(2, 7) with c.
780    8      30         20.7500    23.6929    14.1824    % 
LB close or above UB, fathomed
781    7      30         20.7500    23.6929    14.1824    % 
UB: 23.692857142857136
branching on 1 with b.
782    8      31         20.7500    23.6929    14.1824    % 
UB: 23.692857142857136
branching on 2 with b.
783    9      32         20.7500    23.6929    14.1824    % 
LB close or above UB, fathomed
784    8      32         20.7500    23.6929    14.1824    % 
LB close or above UB, fathomed
785    7      31         20.7500    23.6929    14.1824    % 
LB close or above UB, fathomed
786    6      29         20.7500    23.6929    14.1824    % 
LB close or above UB, fathomed
787    5      27         20.7500    23.6929    14.1824    % 
LB close or above UB, fathomed
788    4      26         20.7500    23.6929    14.1824    % 
LB close or above UB, fathomed
789    3      21         20.7500    23.6929    14.1824    % 
LB close or above UB, fathomed
790    2      21         20.7500    23.6929    14.1824    % 
UB: 23.692857142857136
branching on CartesianIndex(1, 5) with c.
791    3      22         20.7500    23.6929    14.1824    % 
UB: 23.692857142857136
branching on CartesianIndex(2, 5) with c.
792    4      23         20.7500    23.6929    14.1824    % 
UB: 23.692857142857136
branching on CartesianIndex(1, 6) with c.
793    5      24         20.7500    23.6929    14.1824    % 
LB close or above UB, fathomed
794    4      24         20.7500    23.6929    14.1824    % 
UB: 23.692857142857136
branching on CartesianIndex(1, 7) with c.
795    5      25         20.7500    23.6929    14.1824    % 
UB: 23.692857142857136
branching on 3 with b.
796    6      26         20.7500    23.6929    14.1824    % 
UB: 23.692857142857136
branching on CartesianIndex(2, 7) with c.
797    7      27         20.7500    23.6929    14.1824    % 
LB close or above UB, fathomed
798    6      27         20.7500    23.6929    14.1824    % 
UB: 23.692857142857136
branching on 1 with b.
799    7      28         20.7500    23.6929    14.1824    % 
LB close or above UB, fathomed
800    6      28         20.7500    23.6929    14.1824    % 
LB close or above UB, fathomed
801    5      26         20.7500    23.6929    14.1824    % 
LB close or above UB, fathomed
802    4      25         20.7500    23.6929    14.1824    % 
LB close or above UB, fathomed
803    3      23         20.7500    23.6929    14.1824    % 
LB close or above UB, fathomed
804    2      22         20.7500    23.6929    14.1824    % 
LB close or above UB, fathomed
805    1      10         20.7504    23.6929    14.1803    % 
LB close or above UB, fathomed
806    0      10         20.7504    23.6929    14.1803    % 
LB close or above UB, fathomed
all node solved
solved nodes:  807
807                                                   2.3693e+01     2.3693e+01     0.0000  % 
7×3 Matrix{Float64}:
 0.0  1.0  0.0
 0.0  0.0  0.0
 0.0  0.0  0.0
 0.0  0.0  0.0
 0.0  0.0  0.0
 0.0  0.0  1.0
 1.0  0.0  0.0
3-element Vector{Float64}:
 0.508350718263651
 0.259818849936717
 0.16221045356602654
3×7 Matrix{Float64}:
 0.0  0.0  0.0  0.0  1.0  0.0  0.0
 0.0  0.0  0.0  0.0  0.0  1.0  1.0
 0.0  0.0  0.0  1.0  0.0  0.0  0.0
3-element Vector{Float64}:
 1.0
 1.0
 1.0
7×3 Matrix{Float64}:
 1.0  0.0  0.0
 0.0  0.0  0.0
 0.0  0.0  0.0
 0.0  0.0  0.0
 0.0  0.0  0.0
 0.0  0.0  0.0
 0.0  1.0  1.0
3-element Vector{Float64}:
 0.2573515866754046
 0.125
 0.5
3×7 Matrix{Float64}:
 0.0  0.0  0.0  1.0  0.0  1.0  0.0
 0.0  0.0  0.0  0.0  0.0  0.0  1.0
 0.0  0.0  0.0  0.0  1.0  0.0  0.0
3-element Vector{Float64}:
 1.0
 1.0
 1.0
comparison (CRT and Glb)on prediction: Dict{Bool, Int64}(0 => 3, 1 => 48)
Dataname	 time	 objv	 lb	 gap	 train_w	 train_g	 test_w	 test_g
seeds_318.seeds	 93.23	 23.692857142857136	 23.693	 0.0	 92.258	 94.839	 94.118	 92.157
