Running 6 processes.
Start training seeds_655.seeds with seed 1.
Any[]
(7, 206)
(7, 103)
(7, 52)
(7, 51)
dimension: 7, class: 3
cart cost: 38.40714285714285
size of X: (7, 155)
ngroups: 6
UB: 35.46428571428571
Iter	left	lev	LB	UB	gap	
0      0      1          3.0713     35.4643    1054.6844  % 
UB: 35.46428571428571
branching on 1 with d.
1      1      2          3.0713     35.4643    1054.6844  % 
LB close or above UB, fathomed
2      0      2          3.0713     35.4643    1054.6844  % 
UB: 35.46428571428571
branching on 2 with d.
3      1      3          3.0713     35.4643    1054.6844  % 
UB: 35.46428571428571
branching on 3 with d.
4      2      3          3.0713     35.4643    1054.6844  % 
UB: 35.46428571428571
branching on 3 with d.
5      3      4          3.0713     35.4643    1054.6844  % 
UB: 35.46428571428571
branching on CartesianIndex(1, 1) with a.
6      4      4          3.0713     35.4643    1054.6844  % 
UB: 35.46428571428571
branching on CartesianIndex(1, 1) with a.
7      5      5          3.0791     35.4643    1051.7811  % 
UB: 35.46428571428571
branching on 1 with b.
8      6      6          3.0791     35.4643    1051.7811  % 
UB: 35.46428571428571
branching on CartesianIndex(2, 1) with a.
9      7      6          3.0791     35.4643    1051.7811  % 
UB: 35.46428571428571
branching on 1 with b.
10     8      5          3.0791     35.4643    1051.7811  % 
UB: 35.46428571428571
branching on CartesianIndex(1, 2) with a.
11     9      7          3.0929     35.4643    1046.6513  % 
UB: 35.46428571428571
branching on 1 with b.
12     10     7          3.0929     35.4643    1046.6513  % 
UB: 35.46428571428571
branching on 1 with b.
13     11     8          6.0357     35.4643    487.5740   % 
LB close or above UB, fathomed
14     10     8          6.0357     35.4643    487.5740   % 
UB: 35.46428571428571
branching on CartesianIndex(1, 2) with a.
15     11     9          6.0357     35.4643    487.5740   % 
UB: 35.46428571428571
branching on CartesianIndex(2, 2) with a.
16     12     10         6.0357     35.4643    487.5740   % 
UB: 35.46428571428571
branching on 2 with b.
17     13     11         6.0357     35.4643    487.5740   % 
UB: 35.46428571428571
branching on 3 with b.
18     14     12         6.0357     35.4643    487.5740   % 
UB: 35.46428571428571
branching on 1 with b.
19     15     12         6.0357     35.4643    487.5740   % 
UB: 35.46428571428571
branching on CartesianIndex(3, 2) with a.
20     16     13         6.0357     35.4643    487.5740   % 
UB: 35.46428571428571
branching on CartesianIndex(4, 2) with a.
21     17     14         6.0357     35.4643    487.5740   % 
UB: 35.46428571428571
branching on CartesianIndex(5, 2) with a.
22     18     15         6.0357     35.4643    487.5740   % 
UB: 35.46428571428571
branching on CartesianIndex(6, 2) with a.
23     19     16         6.0357     35.4643    487.5740   % 
UB: 35.46428571428571
branching on CartesianIndex(1, 3) with a.
24     20     16         6.0357     35.4643    487.5740   % 
UB: 35.46428571428571
branching on CartesianIndex(1, 3) with a.
25     21     15         6.0357     35.4643    487.5740   % 
UB: 35.46428571428571
branching on CartesianIndex(1, 3) with a.
26     22     14         6.0357     35.4643    487.5740   % 
UB: 35.46428571428571
branching on 1 with b.
27     23     13         6.0357     35.4643    487.5740   % 
UB: 35.46428571428571
branching on CartesianIndex(1, 3) with a.
28     24     11         6.0357     35.4643    487.5740   % 
UB: 35.46428571428571
branching on 3 with b.
29     25     10         6.0357     35.4643    487.5740   % 
UB: 35.46428571428571
branching on CartesianIndex(1, 3) with a.
30     26     9          6.0357     35.4643    487.5740   % 
UB: 35.46428571428571
branching on CartesianIndex(1, 3) with a.
31     27     6          8.9786     35.4643    294.9881   % 
UB: 35.46428571428571
branching on CartesianIndex(2, 2) with a.
32     28     7          8.9786     35.4643    294.9881   % 
UB: 35.46428571428571
branching on 1 with b.
33     29     8          8.9786     35.4643    294.9881   % 
UB: 35.46428571428571
branching on 1 with b.
34     30     9          8.9786     35.4643    294.9881   % 
UB: 35.46428571428571
branching on CartesianIndex(3, 2) with a.
35     31     9          8.9786     35.4643    294.9881   % 
UB: 35.46428571428571
branching on CartesianIndex(3, 2) with a.
36     32     8          8.9786     35.4643    294.9881   % 
LB close or above UB, fathomed
37     31     7          8.9786     35.4643    294.9881   % 
UB: 35.46428571428571
branching on 1 with b.
38     32     6          8.9786     35.4643    294.9881   % 
UB: 35.46428571428571
branching on CartesianIndex(1, 3) with a.
39     33     10         11.9214    35.4643    197.4835   % 
UB: 35.46428571428571
branching on 2 with b.
40     34     11         11.9214    35.4643    197.4835   % 
UB: 35.46428571428571
branching on CartesianIndex(4, 2) with a.
41     35     12         11.9214    35.4643    197.4835   % 
UB: 35.46428571428571
branching on 3 with b.
42     36     13         11.9214    35.4643    197.4835   % 
UB: 35.46428571428571
branching on 1 with b.
43     37     13         11.9214    35.4643    197.4835   % 
UB: 35.46428571428571
branching on CartesianIndex(5, 2) with a.
44     38     14         11.9214    35.4643    197.4835   % 
UB: 35.46428571428571
branching on CartesianIndex(6, 2) with a.
45     39     15         11.9214    35.4643    197.4835   % 
UB: 35.46428571428571
branching on CartesianIndex(1, 3) with a.
46     40     15         11.9214    35.4643    197.4835   % 
UB: 35.46428571428571
branching on CartesianIndex(1, 3) with a.
47     41     14         11.9214    35.4643    197.4835   % 
UB: 35.46428571428571
branching on CartesianIndex(1, 3) with a.
48     42     12         11.9214    35.4643    197.4835   % 
UB: 35.46428571428571
branching on 3 with b.
49     43     11         11.9214    35.4643    197.4835   % 
UB: 35.46428571428571
branching on CartesianIndex(4, 2) with a.
50     44     10         11.9214    35.4643    197.4835   % 
UB: 35.46428571428571
branching on 2 with b.
51     45     17         11.9214    35.4643    197.4835   % 
UB: 35.46428571428571
branching on CartesianIndex(2, 3) with a.
52     46     18         11.9214    35.4643    197.4835   % 
UB: 35.46428571428571
branching on CartesianIndex(3, 3) with a.
53     47     18         11.9214    35.4643    197.4835   % 
UB: 35.46428571428571
branching on CartesianIndex(1, 4) with c.
54     48     17         11.9214    35.4643    197.4835   % 
UB: 35.46428571428571
branching on CartesianIndex(1, 4) with c.
55     49     13         11.9214    35.4643    197.4835   % 
UB: 35.46428571428571
branching on CartesianIndex(3, 2) with a.
56     50     14         11.9214    35.4643    197.4835   % 
UB: 35.46428571428571
branching on CartesianIndex(4, 2) with a.
57     51     15         11.9214    35.4643    197.4835   % 
UB: 35.46428571428571
branching on CartesianIndex(5, 2) with a.
58     52     16         11.9214    35.4643    197.4835   % 
UB: 35.46428571428571
branching on CartesianIndex(6, 2) with a.
59     53     17         11.9214    35.4643    197.4835   % 
UB: 35.46428571428571
branching on CartesianIndex(1, 3) with a.
60     54     17         11.9214    35.4643    197.4835   % 
UB: 35.46428571428571
branching on 2 with b.
61     55     16         11.9214    35.4643    197.4835   % 
UB: 35.46428571428571
branching on CartesianIndex(1, 3) with a.
62     56     15         11.9214    35.4643    197.4835   % 
UB: 35.46428571428571
branching on CartesianIndex(1, 3) with a.
63     57     14         11.9214    35.4643    197.4835   % 
LB close or above UB, fathomed
64     56     13         11.9214    35.4643    197.4835   % 
UB: 35.46428571428571
branching on CartesianIndex(3, 2) with a.
65     57     8          11.9214    35.4643    197.4835   % 
LB close or above UB, fathomed
66     56     8          11.9214    35.4643    197.4835   % 
UB: 35.46428571428571
branching on CartesianIndex(3, 1) with a.
67     57     9          11.9214    35.4643    197.4835   % 
UB: 35.46428571428571
branching on 2 with b.
68     58     10         11.9214    35.4643    197.4835   % 
UB: 35.46428571428571
branching on 3 with b.
69     59     11         11.9214    35.4643    197.4835   % 
UB: 35.46428571428571
branching on CartesianIndex(4, 1) with a.
70     60     11         11.9214    35.4643    197.4835   % 
UB: 35.46428571428571
branching on CartesianIndex(4, 1) with a.
71     61     10         11.9214    35.4643    197.4835   % 
UB: 35.46428571428571
branching on CartesianIndex(4, 1) with a.
72     62     9          11.9214    35.4643    197.4835   % 
LB close or above UB, fathomed
73     61     19         11.9214    35.4643    197.4835   % 
UB: 35.46428571428571
branching on CartesianIndex(4, 3) with a.
74     62     20         11.9214    35.4643    197.4835   % 
UB: 35.46428571428571
branching on CartesianIndex(5, 3) with a.
75     63     21         11.9214    35.4643    197.4835   % 
UB: 35.46428571428571
branching on 1 with b.
76     64     22         11.9214    35.4643    197.4835   % 
UB: 35.46428571428571
branching on CartesianIndex(6, 3) with a.
77     65     22         11.9214    35.4643    197.4835   % 
UB: 35.46428571428571
branching on CartesianIndex(6, 3) with a.
78     66     21         11.9214    35.4643    197.4835   % 
UB: 35.46428571428571
branching on CartesianIndex(1, 4) with c.
79     67     20         11.9214    35.4643    197.4835   % 
UB: 35.46428571428571
branching on 1 with b.
80     68     19         11.9214    35.4643    197.4835   % 
LB close or above UB, fathomed
81     67     23         11.9214    35.4643    197.4835   % 
UB: 35.46428571428571
branching on CartesianIndex(1, 4) with c.
82     68     24         11.9214    35.4643    197.4835   % 
LB close or above UB, fathomed
83     67     24         11.9214    35.4643    197.4835   % 
UB: 35.46428571428571
branching on 2 with b.
84     68     25         11.9214    35.4643    197.4835   % 
UB: 32.52142857142857
branching on CartesianIndex(1, 5) with c.
85     69     25         11.9214    32.5214    172.7981   % 
UB: 32.52142857142857
branching on CartesianIndex(1, 5) with c.
86     62     23         11.9214    32.5214    172.7981   % 
LB close or above UB, fathomed
87     61     7          14.8505    32.5214    118.9920   % 
UB: 32.52142857142857
branching on CartesianIndex(2, 1) with a.
88     62     8          14.8505    32.5214    118.9920   % 
UB: 32.52142857142857
branching on 2 with b.
89     63     9          14.8505    32.5214    118.9920   % 
UB: 32.52142857142857
branching on 3 with b.
90     64     10         14.8505    32.5214    118.9920   % 
UB: 32.52142857142857
branching on 1 with b.
91     65     11         14.8505    32.5214    118.9920   % 
UB: 32.52142857142857
branching on CartesianIndex(3, 1) with a.
92     66     11         14.8505    32.5214    118.9920   % 
UB: 32.52142857142857
branching on CartesianIndex(3, 1) with a.
93     67     10         14.8505    32.5214    118.9920   % 
UB: 32.52142857142857
branching on CartesianIndex(3, 1) with a.
94     68     9          14.8505    32.5214    118.9920   % 
LB close or above UB, fathomed
95     67     8          14.8505    32.5214    118.9920   % 
UB: 32.52142857142857
branching on 2 with b.
96     68     7          14.8505    32.5214    118.9920   % 
LB close or above UB, fathomed
97     67     12         14.8643    32.5214    118.7890   % 
UB: 32.52142857142857
branching on CartesianIndex(4, 1) with a.
98     68     13         14.8643    32.5214    118.7890   % 
UB: 32.52142857142857
branching on CartesianIndex(5, 1) with a.
99     69     14         14.8643    32.5214    118.7890   % 
UB: 32.52142857142857
branching on CartesianIndex(6, 1) with a.
100    70     15         14.8643    32.5214    118.7890   % 
UB: 32.52142857142857
branching on CartesianIndex(1, 2) with a.
101    71     16         14.8643    32.5214    118.7890   % 
UB: 32.52142857142857
branching on CartesianIndex(2, 2) with a.
102    72     16         14.8643    32.5214    118.7890   % 
UB: 32.52142857142857
branching on 2 with b.
103    73     15         14.8643    32.5214    118.7890   % 
LB close or above UB, fathomed
104    72     14         14.8643    32.5214    118.7890   % 
UB: 32.52142857142857
branching on CartesianIndex(1, 2) with a.
105    73     13         14.8643    32.5214    118.7890   % 
UB: 32.52142857142857
branching on CartesianIndex(1, 2) with a.
106    74     12         14.8643    32.5214    118.7890   % 
LB close or above UB, fathomed
107    73     12         14.8643    32.5214    118.7890   % 
UB: 32.52142857142857
branching on CartesianIndex(5, 1) with a.
108    74     13         14.8643    32.5214    118.7890   % 
UB: 32.52142857142857
branching on CartesianIndex(6, 1) with a.
109    75     14         14.8643    32.5214    118.7890   % 
UB: 32.52142857142857
branching on CartesianIndex(1, 2) with a.
110    76     14         14.8643    32.5214    118.7890   % 
LB close or above UB, fathomed
111    75     13         14.8643    32.5214    118.7890   % 
UB: 32.52142857142857
branching on CartesianIndex(1, 2) with a.
112    76     14         14.8643    32.5214    118.7890   % 
UB: 32.52142857142857
branching on CartesianIndex(2, 2) with a.
113    77     15         14.8643    32.5214    118.7890   % 
UB: 32.52142857142857
branching on CartesianIndex(3, 2) with a.
114    78     15         14.8643    32.5214    118.7890   % 
UB: 32.52142857142857
branching on 1 with b.
115    79     14         14.8643    32.5214    118.7890   % 
UB: 32.52142857142857
branching on 1 with b.
116    80     12         14.8643    32.5214    118.7890   % 
UB: 32.52142857142857
branching on CartesianIndex(1, 2) with a.
117    81     13         14.8643    32.5214    118.7890   % 
UB: 32.52142857142857
branching on CartesianIndex(2, 2) with a.
118    82     14         14.8643    32.5214    118.7890   % 
UB: 32.52142857142857
branching on 1 with b.
119    83     14         14.8643    32.5214    118.7890   % 
UB: 32.52142857142857
branching on CartesianIndex(1, 3) with a.
120    84     13         14.8643    32.5214    118.7890   % 
UB: 32.52142857142857
branching on CartesianIndex(1, 3) with a.
121    85     12         14.8643    32.5214    118.7890   % 
UB: 32.52142857142857
branching on CartesianIndex(5, 1) with a.
122    86     13         14.8643    32.5214    118.7890   % 
UB: 32.52142857142857
branching on 1 with b.
123    87     13         14.8643    32.5214    118.7890   % 
UB: 32.52142857142857
branching on CartesianIndex(1, 2) with a.
124    88     14         14.8643    32.5214    118.7890   % 
UB: 32.52142857142857
branching on 1 with b.
125    89     14         14.8643    32.5214    118.7890   % 
UB: 32.52142857142857
branching on 1 with b.
126    90     12         14.8643    32.5214    118.7890   % 
UB: 32.52142857142857
branching on 1 with b.
127    91     16         14.8643    32.5214    118.7890   % 
UB: 32.52142857142857
branching on CartesianIndex(2, 3) with a.
128    92     17         14.8643    32.5214    118.7890   % 
UB: 32.52142857142857
branching on 1 with b.
129    93     17         14.8643    32.5214    118.7890   % 
UB: 32.52142857142857
branching on CartesianIndex(1, 4) with c.
130    94     16         14.8643    32.5214    118.7890   % 
UB: 32.52142857142857
branching on CartesianIndex(1, 4) with c.
131    95     17         14.8643    32.5214    118.7890   % 
UB: 32.52142857142857
branching on CartesianIndex(2, 3) with a.
132    96     18         14.8643    32.5214    118.7890   % 
UB: 32.52142857142857
branching on CartesianIndex(3, 3) with a.
133    97     19         14.8643    32.5214    118.7890   % 
UB: 32.52142857142857
branching on CartesianIndex(4, 3) with a.
134    98     20         14.8643    32.5214    118.7890   % 
UB: 32.52142857142857
branching on CartesianIndex(5, 3) with a.
135    99     21         14.8643    32.5214    118.7890   % 
UB: 32.52142857142857
branching on CartesianIndex(6, 3) with a.
136    100    22         14.8643    32.5214    118.7890   % 
UB: 32.52142857142857
branching on CartesianIndex(1, 4) with c.
137    101    23         14.8643    32.5214    118.7890   % 
LB close or above UB, fathomed
138    100    23         14.8643    32.5214    118.7890   % 
UB: 32.52142857142857
branching on CartesianIndex(1, 5) with c.
139    101    24         14.8643    32.5214    118.7890   % 
UB: 32.52142857142857
branching on CartesianIndex(2, 5) with c.
140    102    25         14.8643    32.5214    118.7890   % 
UB: 32.52142857142857
branching on CartesianIndex(1, 6) with c.
141    103    26         14.8643    32.5214    118.7890   % 
LB close or above UB, fathomed
142    102    26         14.8643    32.5214    118.7890   % 
UB: 32.52142857142857
branching on CartesianIndex(1, 7) with c.
143    103    27         14.8643    32.5214    118.7890   % 
UB: 32.52142857142857
branching on CartesianIndex(2, 7) with c.
144    104    28         14.8643    32.5214    118.7890   % 
LB close or above UB, fathomed
145    103    28         14.8643    32.5214    118.7890   % 
UB: 32.52142857142857
branching on 1 with b.
146    104    29         14.8643    32.5214    118.7890   % 
UB: 32.52142857142857
branching on 2 with b.
147    105    30         14.8643    32.5214    118.7890   % 
UB: 32.52142857142857
branching on 3 with b.
148    106    31         14.8643    32.5214    118.7890   % 
UB: 32.52142857142857
branching on 1 with b.
149    107    32         14.8643    32.5214    118.7890   % 
UB: 32.52142857142857
branching on 2 with b.
150    108    32         14.8643    32.5214    118.7890   % 
UB: 32.52142857142857
branching on 2 with b.
151    109    31         14.8643    32.5214    118.7890   % 
LB close or above UB, fathomed
152    108    30         14.8643    32.5214    118.7890   % 
UB: 32.52142857142857
branching on 3 with b.
153    109    29         14.8643    32.5214    118.7890   % 
LB close or above UB, fathomed
154    108    27         14.8643    32.5214    118.7890   % 
LB close or above UB, fathomed
155    107    25         14.8643    32.5214    118.7890   % 
LB close or above UB, fathomed
156    106    24         14.8643    32.5214    118.7890   % 
LB close or above UB, fathomed
157    105    22         14.8643    32.5214    118.7890   % 
LB close or above UB, fathomed
158    104    21         14.8643    32.5214    118.7890   % 
UB: 32.52142857142857
branching on CartesianIndex(1, 4) with c.
159    105    20         14.8643    32.5214    118.7890   % 
UB: 32.52142857142857
branching on 1 with b.
160    106    19         14.8643    32.5214    118.7890   % 
LB close or above UB, fathomed
161    105    18         14.8643    32.5214    118.7890   % 
UB: 32.52142857142857
branching on CartesianIndex(1, 4) with c.
162    106    17         14.8643    32.5214    118.7890   % 
UB: 32.52142857142857
branching on CartesianIndex(1, 4) with c.
163    107    18         14.8643    32.5214    118.7890   % 
UB: 32.52142857142857
branching on CartesianIndex(3, 3) with a.
164    108    19         14.8643    32.5214    118.7890   % 
UB: 32.52142857142857
branching on CartesianIndex(4, 3) with a.
165    109    20         14.8643    32.5214    118.7890   % 
UB: 32.52142857142857
branching on CartesianIndex(5, 3) with a.
166    110    21         14.8643    32.5214    118.7890   % 
UB: 32.52142857142857
branching on 2 with b.
167    111    22         14.8643    32.5214    118.7890   % 
UB: 23.692857142857143
branching on CartesianIndex(6, 3) with a.
168    112    22         14.8643    23.6929    59.3945    % 
UB: 23.692857142857143
branching on CartesianIndex(6, 3) with a.
169    49     21         14.8643    23.6929    59.3945    % 
LB close or above UB, fathomed
170    48     20         14.8643    23.6929    59.3945    % 
LB close or above UB, fathomed
171    47     19         14.8643    23.6929    59.3945    % 
LB close or above UB, fathomed
172    46     18         14.8643    23.6929    59.3945    % 
LB close or above UB, fathomed
173    45     9          14.8643    23.6929    59.3945    % 
UB: 23.692857142857143
branching on CartesianIndex(1, 2) with a.
174    46     10         14.8643    23.6929    59.3945    % 
UB: 23.692857142857143
branching on 3 with b.
175    47     11         14.8643    23.6929    59.3945    % 
LB close or above UB, fathomed
176    46     11         14.8643    23.6929    59.3945    % 
UB: 23.692857142857143
branching on CartesianIndex(2, 2) with a.
177    47     10         14.8643    23.6929    59.3945    % 
LB close or above UB, fathomed
178    46     9          14.8643    23.6929    59.3945    % 
LB close or above UB, fathomed
179    45     26         14.8643    23.6929    59.3945    % 
UB: 23.692857142857143
branching on CartesianIndex(2, 5) with c.
180    46     27         14.8643    23.6929    59.3945    % 
UB: 23.692857142857143
branching on CartesianIndex(1, 6) with c.
181    47     28         14.8643    23.6929    59.3945    % 
LB close or above UB, fathomed
182    46     28         14.8643    23.6929    59.3945    % 
UB: 23.692857142857143
branching on 3 with b.
183    47     29         14.8643    23.6929    59.3945    % 
UB: 23.692857142857143
branching on CartesianIndex(1, 7) with c.
184    48     30         14.8643    23.6929    59.3945    % 
UB: 23.692857142857143
branching on CartesianIndex(2, 7) with c.
185    49     31         14.8643    23.6929    59.3945    % 
LB close or above UB, fathomed
186    48     31         14.8643    23.6929    59.3945    % 
UB: 23.692857142857143
branching on 1 with b.
187    49     32         14.8643    23.6929    59.3945    % 
UB: 23.692857142857143
branching on 2 with b.
188    50     32         14.8643    23.6929    59.3945    % 
UB: 23.692857142857143
branching on 2 with b.
189    51     30         14.8643    23.6929    59.3945    % 
LB close or above UB, fathomed
190    50     29         14.8643    23.6929    59.3945    % 
LB close or above UB, fathomed
191    49     27         14.8643    23.6929    59.3945    % 
LB close or above UB, fathomed
192    48     26         14.8643    23.6929    59.3945    % 
LB close or above UB, fathomed
193    47     26         14.8643    23.6929    59.3945    % 
UB: 23.692857142857143
branching on CartesianIndex(2, 5) with c.
194    48     27         14.8643    23.6929    59.3945    % 
UB: 23.692857142857143
branching on 3 with b.
195    49     28         14.8643    23.6929    59.3945    % 
UB: 23.692857142857143
branching on CartesianIndex(1, 6) with c.
196    50     29         14.8643    23.6929    59.3945    % 
LB close or above UB, fathomed
197    49     29         14.8643    23.6929    59.3945    % 
UB: 23.692857142857143
branching on CartesianIndex(1, 7) with c.
198    50     30         14.8643    23.6929    59.3945    % 
UB: 23.692857142857143
branching on 1 with b.
199    51     31         14.8643    23.6929    59.3945    % 
UB: 23.692857142857143
branching on CartesianIndex(2, 7) with c.
200    52     31         14.8643    23.6929    59.3945    % 
LB close or above UB, fathomed
201    51     30         14.8643    23.6929    59.3945    % 
LB close or above UB, fathomed
202    50     28         14.8643    23.6929    59.3945    % 
LB close or above UB, fathomed
203    49     27         14.8643    23.6929    59.3945    % 
LB close or above UB, fathomed
204    48     26         14.8643    23.6929    59.3945    % 
LB close or above UB, fathomed
205    47     13         14.8643    23.6929    59.3945    % 
UB: 23.692857142857143
branching on CartesianIndex(1, 2) with a.
206    48     13         14.8643    23.6929    59.3945    % 
LB close or above UB, fathomed
207    47     14         16.8262    23.6929    40.8094    % 
UB: 23.692857142857143
branching on 2 with b.
208    48     14         16.8262    23.6929    40.8094    % 
LB close or above UB, fathomed
209    47     5          17.7571    23.6929    33.4272    % 
UB: 23.692857142857143
branching on 1 with b.
210    48     6          17.7571    23.6929    33.4272    % 
LB close or above UB, fathomed
211    47     6          17.7571    23.6929    33.4272    % 
UB: 23.692857142857143
branching on 1 with b.
212    48     7          17.7571    23.6929    33.4272    % 
UB: 23.692857142857143
branching on 2 with b.
213    49     8          17.7571    23.6929    33.4272    % 
UB: 23.692857142857143
branching on CartesianIndex(2, 1) with a.
214    50     9          17.7571    23.6929    33.4272    % 
UB: 23.692857142857143
branching on CartesianIndex(3, 1) with a.
215    51     10         17.7571    23.6929    33.4272    % 
UB: 23.692857142857143
branching on 1 with b.
216    52     11         17.7571    23.6929    33.4272    % 
UB: 23.692857142857143
branching on CartesianIndex(4, 1) with a.
217    53     12         17.7571    23.6929    33.4272    % 
UB: 23.692857142857143
branching on 2 with b.
218    54     13         17.7571    23.6929    33.4272    % 
LB close or above UB, fathomed
219    53     13         17.7571    23.6929    33.4272    % 
UB: 23.692857142857143
branching on CartesianIndex(5, 1) with a.
220    54     14         17.7571    23.6929    33.4272    % 
UB: 23.692857142857143
branching on CartesianIndex(6, 1) with a.
221    55     15         17.7571    23.6929    33.4272    % 
UB: 23.692857142857143
branching on CartesianIndex(1, 2) with a.
222    56     16         17.7571    23.6929    33.4272    % 
UB: 23.692857142857143
branching on CartesianIndex(2, 2) with a.
223    57     17         17.7571    23.6929    33.4272    % 
LB close or above UB, fathomed
224    56     17         17.7571    23.6929    33.4272    % 
LB close or above UB, fathomed
225    55     16         17.7571    23.6929    33.4272    % 
LB close or above UB, fathomed
226    54     15         17.7571    23.6929    33.4272    % 
LB close or above UB, fathomed
227    53     14         17.7571    23.6929    33.4272    % 
LB close or above UB, fathomed
228    52     12         17.7571    23.6929    33.4272    % 
LB close or above UB, fathomed
229    51     11         17.7571    23.6929    33.4272    % 
LB close or above UB, fathomed
230    50     10         17.7571    23.6929    33.4272    % 
LB close or above UB, fathomed
231    49     9          17.7571    23.6929    33.4272    % 
LB close or above UB, fathomed
232    48     8          17.7571    23.6929    33.4272    % 
LB close or above UB, fathomed
233    47     7          17.7571    23.6929    33.4272    % 
LB close or above UB, fathomed
234    46     5          17.7571    23.6929    33.4272    % 
LB close or above UB, fathomed
235    45     33         17.8071    23.6929    33.0525    % 
LB close or above UB, fathomed
236    44     33         17.8071    23.6929    33.0525    % 
UB: 23.692857142857143
branching on 3 with b.
237    45     34         17.8071    23.6929    33.0525    % 
UB: 23.692857142857143
branching on 1 with b.
238    46     35         17.8071    23.6929    33.0525    % 
LB close or above UB, fathomed
239    45     35         17.8071    23.6929    33.0525    % 
LB close or above UB, fathomed
240    44     34         17.8071    23.6929    33.0525    % 
LB close or above UB, fathomed
241    43     23         17.8071    23.6929    33.0525    % 
UB: 23.692857142857143
branching on CartesianIndex(1, 4) with c.
242    44     24         17.8071    23.6929    33.0525    % 
LB close or above UB, fathomed
243    43     24         17.8071    23.6929    33.0525    % 
UB: 23.692857142857143
branching on CartesianIndex(1, 5) with c.
244    44     25         17.8071    23.6929    33.0525    % 
UB: 23.692857142857143
branching on CartesianIndex(2, 5) with c.
245    45     26         17.8071    23.6929    33.0525    % 
UB: 23.692857142857143
branching on 3 with b.
246    46     27         17.8071    23.6929    33.0525    % 
UB: 23.692857142857143
branching on CartesianIndex(1, 6) with c.
247    47     28         17.8071    23.6929    33.0525    % 
LB close or above UB, fathomed
248    46     28         17.8071    23.6929    33.0525    % 
UB: 23.692857142857143
branching on CartesianIndex(1, 7) with c.
249    47     29         17.8071    23.6929    33.0525    % 
UB: 23.692857142857143
branching on CartesianIndex(2, 7) with c.
250    48     30         17.8071    23.6929    33.0525    % 
LB close or above UB, fathomed
251    47     30         17.8071    23.6929    33.0525    % 
UB: 23.692857142857143
branching on 1 with b.
252    48     31         17.8071    23.6929    33.0525    % 
UB: 23.692857142857143
branching on 2 with b.
253    49     32         17.8071    23.6929    33.0525    % 
UB: 23.692857142857143
branching on 3 with b.
254    50     33         17.8071    23.6929    33.0525    % 
UB: 23.692857142857143
branching on 1 with b.
255    51     34         17.8071    23.6929    33.0525    % 
UB: 23.692857142857143
branching on 2 with b.
256    52     35         17.8071    23.6929    33.0525    % 
LB close or above UB, fathomed
257    51     35         17.8071    23.6929    33.0525    % 
UB: 23.692857142857143
branching on 3 with b.
258    52     34         17.8071    23.6929    33.0525    % 
UB: 23.692857142857143
branching on 2 with b.
259    53     35         17.8071    23.6929    33.0525    % 
LB close or above UB, fathomed
260    52     35         17.8071    23.6929    33.0525    % 
UB: 23.692857142857143
branching on 3 with b.
261    53     33         17.8071    23.6929    33.0525    % 
LB close or above UB, fathomed
262    52     32         17.8071    23.6929    33.0525    % 
LB close or above UB, fathomed
263    51     31         17.8071    23.6929    33.0525    % 
UB: 23.692857142857143
branching on 2 with b.
264    52     32         17.8071    23.6929    33.0525    % 
UB: 23.692857142857143
branching on 3 with b.
265    53     33         17.8071    23.6929    33.0525    % 
UB: 23.692857142857143
branching on 1 with b.
266    54     34         17.8071    23.6929    33.0525    % 
UB: 23.692857142857143
branching on 2 with b.
267    55     35         17.8071    23.6929    33.0525    % 
LB close or above UB, fathomed
268    54     35         17.8071    23.6929    33.0525    % 
UB: 23.692857142857143
branching on 3 with b.
269    55     34         17.8071    23.6929    33.0525    % 
LB close or above UB, fathomed
270    54     33         17.8071    23.6929    33.0525    % 
LB close or above UB, fathomed
271    53     32         17.8071    23.6929    33.0525    % 
LB close or above UB, fathomed
272    52     29         17.8071    23.6929    33.0525    % 
LB close or above UB, fathomed
273    51     27         17.8071    23.6929    33.0525    % 
LB close or above UB, fathomed
274    50     26         17.8071    23.6929    33.0525    % 
LB close or above UB, fathomed
275    49     25         17.8071    23.6929    33.0525    % 
LB close or above UB, fathomed
276    48     23         17.8071    23.6929    33.0525    % 
LB close or above UB, fathomed
277    47     15         17.8071    23.6929    33.0525    % 
UB: 23.692857142857143
branching on 2 with b.
278    48     15         17.8071    23.6929    33.0525    % 
UB: 23.692857142857143
branching on 2 with b.
279    49     16         17.8071    23.6929    33.0525    % 
LB close or above UB, fathomed
280    48     16         17.8071    23.6929    33.0525    % 
UB: 23.692857142857143
branching on CartesianIndex(2, 2) with a.
281    49     16         17.8071    23.6929    33.0525    % 
UB: 23.692857142857143
branching on CartesianIndex(4, 2) with a.
282    50     17         17.8071    23.6929    33.0525    % 
UB: 23.692857142857143
branching on CartesianIndex(5, 2) with a.
283    51     18         17.8071    23.6929    33.0525    % 
UB: 23.692857142857143
branching on CartesianIndex(6, 2) with a.
284    52     19         17.8071    23.6929    33.0525    % 
UB: 23.692857142857143
branching on CartesianIndex(1, 3) with a.
285    53     19         17.8071    23.6929    33.0525    % 
UB: 23.692857142857143
branching on CartesianIndex(1, 3) with a.
286    54     18         17.8071    23.6929    33.0525    % 
LB close or above UB, fathomed
287    53     17         17.8071    23.6929    33.0525    % 
LB close or above UB, fathomed
288    52     16         17.8071    23.6929    33.0525    % 
LB close or above UB, fathomed
289    51     15         17.8071    23.6929    33.0525    % 
UB: 23.692857142857143
branching on 1 with b.
290    52     15         17.8071    23.6929    33.0525    % 
LB close or above UB, fathomed
291    51     17         17.8071    23.6929    33.0525    % 
LB close or above UB, fathomed
292    50     17         17.8071    23.6929    33.0525    % 
LB close or above UB, fathomed
293    49     11         17.8071    23.6929    33.0525    % 
UB: 23.692857142857143
branching on CartesianIndex(4, 1) with a.
294    50     12         17.8071    23.6929    33.0525    % 
UB: 23.692857142857143
branching on CartesianIndex(5, 1) with a.
295    51     13         17.8071    23.6929    33.0525    % 
UB: 23.692857142857143
branching on CartesianIndex(6, 1) with a.
296    52     14         17.8071    23.6929    33.0525    % 
UB: 23.692857142857143
branching on CartesianIndex(1, 2) with a.
297    53     15         17.8071    23.6929    33.0525    % 
UB: 23.692857142857143
branching on 1 with b.
298    54     15         17.8071    23.6929    33.0525    % 
LB close or above UB, fathomed
299    53     14         17.8071    23.6929    33.0525    % 
LB close or above UB, fathomed
300    52     13         17.8071    23.6929    33.0525    % 
UB: 23.692857142857143
branching on 1 with b.
301    53     14         17.8071    23.6929    33.0525    % 
LB close or above UB, fathomed
302    52     14         17.8071    23.6929    33.0525    % 
LB close or above UB, fathomed
303    51     12         17.8071    23.6929    33.0525    % 
UB: 23.692857142857143
branching on CartesianIndex(1, 2) with a.
304    52     11         17.8071    23.6929    33.0525    % 
LB close or above UB, fathomed
305    51     18         17.8071    23.6929    33.0525    % 
UB: 23.692857142857143
branching on 2 with b.
306    52     18         17.8071    23.6929    33.0525    % 
LB close or above UB, fathomed
307    51     19         17.8071    23.6929    33.0525    % 
LB close or above UB, fathomed
308    50     19         17.8071    23.6929    33.0525    % 
UB: 23.692857142857143
branching on CartesianIndex(1, 5) with c.
309    51     20         17.8071    23.6929    33.0525    % 
UB: 23.692857142857143
branching on CartesianIndex(2, 5) with c.
310    52     21         17.8071    23.6929    33.0525    % 
UB: 23.692857142857143
branching on CartesianIndex(1, 6) with c.
311    53     22         17.8071    23.6929    33.0525    % 
LB close or above UB, fathomed
312    52     22         17.8071    23.6929    33.0525    % 
UB: 23.692857142857143
branching on CartesianIndex(1, 7) with c.
313    53     23         17.8071    23.6929    33.0525    % 
UB: 23.692857142857143
branching on 1 with b.
314    54     24         17.8071    23.6929    33.0525    % 
UB: 23.692857142857143
branching on 2 with b.
315    55     25         17.8071    23.6929    33.0525    % 
UB: 23.692857142857143
branching on 3 with b.
316    56     25         17.8071    23.6929    33.0525    % 
UB: 23.692857142857143
branching on CartesianIndex(2, 7) with c.
317    57     24         17.8071    23.6929    33.0525    % 
LB close or above UB, fathomed
318    56     23         17.8071    23.6929    33.0525    % 
LB close or above UB, fathomed
319    55     21         17.8071    23.6929    33.0525    % 
LB close or above UB, fathomed
320    54     20         17.8071    23.6929    33.0525    % 
LB close or above UB, fathomed
321    53     16         17.8071    23.6929    33.0525    % 
UB: 23.692857142857143
branching on CartesianIndex(2, 3) with a.
322    54     17         17.8071    23.6929    33.0525    % 
UB: 23.692857142857143
branching on CartesianIndex(3, 3) with a.
323    55     18         17.8071    23.6929    33.0525    % 
UB: 23.692857142857143
branching on CartesianIndex(4, 3) with a.
324    56     19         17.8071    23.6929    33.0525    % 
UB: 23.692857142857143
branching on CartesianIndex(5, 3) with a.
325    57     20         17.8071    23.6929    33.0525    % 
UB: 23.692857142857143
branching on CartesianIndex(6, 3) with a.
326    58     21         17.8071    23.6929    33.0525    % 
UB: 23.692857142857143
branching on CartesianIndex(1, 4) with c.
327    59     22         17.8071    23.6929    33.0525    % 
LB close or above UB, fathomed
328    58     22         17.8071    23.6929    33.0525    % 
UB: 23.692857142857143
branching on 1 with b.
329    59     23         17.8071    23.6929    33.0525    % 
UB: 23.692857142857143
branching on 2 with b.
330    60     24         17.8071    23.6929    33.0525    % 
UB: 23.692857142857143
branching on CartesianIndex(1, 5) with c.
331    61     24         17.8071    23.6929    33.0525    % 
LB close or above UB, fathomed
332    60     23         17.8071    23.6929    33.0525    % 
LB close or above UB, fathomed
333    59     21         17.8071    23.6929    33.0525    % 
LB close or above UB, fathomed
334    58     20         17.8071    23.6929    33.0525    % 
LB close or above UB, fathomed
335    57     19         17.8071    23.6929    33.0525    % 
LB close or above UB, fathomed
336    56     18         17.8071    23.6929    33.0525    % 
LB close or above UB, fathomed
337    55     17         17.8071    23.6929    33.0525    % 
LB close or above UB, fathomed
338    54     16         17.8071    23.6929    33.0525    % 
LB close or above UB, fathomed
339    53     14         17.8071    23.6929    33.0525    % 
UB: 23.692857142857143
branching on CartesianIndex(5, 2) with a.
340    54     15         17.8071    23.6929    33.0525    % 
UB: 23.692857142857143
branching on CartesianIndex(6, 2) with a.
341    55     16         17.8071    23.6929    33.0525    % 
LB close or above UB, fathomed
342    54     16         17.8071    23.6929    33.0525    % 
UB: 23.692857142857143
branching on 2 with b.
343    55     15         17.8071    23.6929    33.0525    % 
LB close or above UB, fathomed
344    54     14         17.8071    23.6929    33.0525    % 
LB close or above UB, fathomed
345    53     10         17.8071    23.6929    33.0525    % 
UB: 23.692857142857143
branching on CartesianIndex(4, 2) with a.
346    54     11         17.8071    23.6929    33.0525    % 
UB: 23.692857142857143
branching on CartesianIndex(5, 2) with a.
347    55     12         17.8071    23.6929    33.0525    % 
UB: 23.692857142857143
branching on CartesianIndex(6, 2) with a.
348    56     13         17.8071    23.6929    33.0525    % 
UB: 23.692857142857143
branching on CartesianIndex(1, 3) with a.
349    57     13         17.8071    23.6929    33.0525    % 
UB: 23.692857142857143
branching on 2 with b.
350    58     12         17.8071    23.6929    33.0525    % 
LB close or above UB, fathomed
351    57     11         17.8071    23.6929    33.0525    % 
LB close or above UB, fathomed
352    56     10         17.8071    23.6929    33.0525    % 
LB close or above UB, fathomed
353    55     25         17.8071    23.6929    33.0525    % 
UB: 23.692857142857143
branching on 3 with b.
354    56     26         17.8071    23.6929    33.0525    % 
UB: 23.692857142857143
branching on CartesianIndex(2, 5) with c.
355    57     27         17.8071    23.6929    33.0525    % 
UB: 23.692857142857143
branching on CartesianIndex(1, 6) with c.
356    58     28         17.8071    23.6929    33.0525    % 
LB close or above UB, fathomed
357    57     28         17.8071    23.6929    33.0525    % 
UB: 23.692857142857143
branching on CartesianIndex(1, 7) with c.
358    58     29         17.8071    23.6929    33.0525    % 
UB: 23.692857142857143
branching on CartesianIndex(2, 7) with c.
359    59     30         17.8071    23.6929    33.0525    % 
LB close or above UB, fathomed
360    58     30         17.8071    23.6929    33.0525    % 
UB: 23.692857142857143
branching on 1 with b.
361    59     31         17.8071    23.6929    33.0525    % 
UB: 23.692857142857143
branching on 2 with b.
362    60     32         17.8071    23.6929    33.0525    % 
LB close or above UB, fathomed
363    59     32         17.8071    23.6929    33.0525    % 
UB: 23.692857142857143
branching on 3 with b.
364    60     33         17.8071    23.6929    33.0525    % 
UB: 23.692857142857143
branching on 1 with b.
365    61     34         17.8071    23.6929    33.0525    % 
UB: 23.692857142857143
branching on 2 with b.
366    62     35         17.8071    23.6929    33.0525    % 
UB: 23.692857142857143
branching on 3 with b.
367    63     35         17.8071    23.6929    33.0525    % 
UB: 23.692857142857143
branching on 3 with b.
368    64     34         17.8071    23.6929    33.0525    % 
UB: 23.692857142857143
branching on 2 with b.
369    65     33         17.8071    23.6929    33.0525    % 
LB close or above UB, fathomed
370    64     31         17.8071    23.6929    33.0525    % 
LB close or above UB, fathomed
371    63     29         17.8071    23.6929    33.0525    % 
LB close or above UB, fathomed
372    62     27         17.8071    23.6929    33.0525    % 
LB close or above UB, fathomed
373    61     26         17.8071    23.6929    33.0525    % 
LB close or above UB, fathomed
374    60     25         17.8071    23.6929    33.0525    % 
LB close or above UB, fathomed
375    59     23         17.8071    23.6929    33.0525    % 
UB: 23.692857142857143
branching on 3 with b.
376    60     24         17.8071    23.6929    33.0525    % 
UB: 23.692857142857143
branching on 1 with b.
377    61     25         17.8071    23.6929    33.0525    % 
UB: 23.692857142857143
branching on CartesianIndex(1, 4) with c.
378    62     25         17.8071    23.6929    33.0525    % 
LB close or above UB, fathomed
379    61     24         17.8071    23.6929    33.0525    % 
LB close or above UB, fathomed
380    60     23         17.8071    23.6929    33.0525    % 
LB close or above UB, fathomed
381    59     18         17.8071    23.6929    33.0525    % 
UB: 23.692857142857143
branching on 3 with b.
382    60     18         17.8071    23.6929    33.0525    % 
UB: 23.692857142857143
branching on CartesianIndex(1, 3) with a.
383    61     26         17.8071    23.6929    33.0525    % 
LB close or above UB, fathomed
384    60     26         17.8071    23.6929    33.0525    % 
UB: 23.692857142857143
branching on CartesianIndex(1, 5) with c.
385    61     27         17.8071    23.6929    33.0525    % 
UB: 23.692857142857143
branching on CartesianIndex(2, 5) with c.
386    62     28         17.8071    23.6929    33.0525    % 
UB: 23.692857142857143
branching on 2 with b.
387    63     29         17.8071    23.6929    33.0525    % 
LB close or above UB, fathomed
388    62     29         17.8071    23.6929    33.0525    % 
UB: 23.692857142857143
branching on 3 with b.
389    63     28         17.8071    23.6929    33.0525    % 
LB close or above UB, fathomed
390    62     27         17.8071    23.6929    33.0525    % 
LB close or above UB, fathomed
391    61     15         19.0274    23.6929    24.5199    % 
LB close or above UB, fathomed
392    60     15         19.0274    23.6929    24.5199    % 
LB close or above UB, fathomed
393    59     4          20.6923    23.6929    14.5011    % 
LB close or above UB, fathomed
394    58     4          20.6923    23.6929    14.5011    % 
UB: 23.692857142857143
branching on CartesianIndex(1, 1) with a.
395    59     5          20.6923    23.6929    14.5011    % 
LB close or above UB, fathomed
396    58     5          20.6923    23.6929    14.5011    % 
LB close or above UB, fathomed
397    57     26         20.7500    23.6929    14.1824    % 
LB close or above UB, fathomed
398    56     26         20.7500    23.6929    14.1824    % 
UB: 23.692857142857143
branching on 3 with b.
399    57     27         20.7500    23.6929    14.1824    % 
UB: 23.692857142857143
branching on 1 with b.
400    58     28         20.7500    23.6929    14.1824    % 
LB close or above UB, fathomed
401    57     28         20.7500    23.6929    14.1824    % 
LB close or above UB, fathomed
402    56     27         20.7500    23.6929    14.1824    % 
LB close or above UB, fathomed
403    55     32         20.7500    23.6929    14.1824    % 
LB close or above UB, fathomed
404    54     32         20.7500    23.6929    14.1824    % 
UB: 23.692857142857143
branching on 2 with b.
405    55     33         20.7500    23.6929    14.1824    % 
LB close or above UB, fathomed
406    54     33         20.7500    23.6929    14.1824    % 
LB close or above UB, fathomed
407    53     19         20.7500    23.6929    14.1824    % 
UB: 23.692857142857143
branching on CartesianIndex(2, 3) with a.
408    54     20         20.7500    23.6929    14.1824    % 
UB: 23.692857142857143
branching on CartesianIndex(3, 3) with a.
409    55     21         20.7500    23.6929    14.1824    % 
UB: 23.692857142857143
branching on CartesianIndex(4, 3) with a.
410    56     22         20.7500    23.6929    14.1824    % 
UB: 23.692857142857143
branching on CartesianIndex(5, 3) with a.
411    57     23         20.7500    23.6929    14.1824    % 
UB: 23.692857142857143
branching on 3 with b.
412    58     23         20.7500    23.6929    14.1824    % 
LB close or above UB, fathomed
413    57     22         20.7500    23.6929    14.1824    % 
LB close or above UB, fathomed
414    56     21         20.7500    23.6929    14.1824    % 
LB close or above UB, fathomed
415    55     20         20.7500    23.6929    14.1824    % 
LB close or above UB, fathomed
416    54     19         20.7500    23.6929    14.1824    % 
LB close or above UB, fathomed
417    53     19         20.7500    23.6929    14.1824    % 
LB close or above UB, fathomed
418    52     19         20.7500    23.6929    14.1824    % 
UB: 23.692857142857143
branching on CartesianIndex(1, 3) with a.
419    53     20         20.7500    23.6929    14.1824    % 
UB: 23.692857142857143
branching on CartesianIndex(2, 3) with a.
420    54     21         20.7500    23.6929    14.1824    % 
UB: 23.692857142857143
branching on CartesianIndex(3, 3) with a.
421    55     22         20.7500    23.6929    14.1824    % 
UB: 23.692857142857143
branching on 1 with b.
422    56     23         20.7500    23.6929    14.1824    % 
LB close or above UB, fathomed
423    55     23         20.7500    23.6929    14.1824    % 
LB close or above UB, fathomed
424    54     22         20.7500    23.6929    14.1824    % 
LB close or above UB, fathomed
425    53     21         20.7500    23.6929    14.1824    % 
LB close or above UB, fathomed
426    52     20         20.7500    23.6929    14.1824    % 
LB close or above UB, fathomed
427    51     36         20.7500    23.6929    14.1824    % 
UB: 23.692857142857143
branching on 1 with b.
428    52     37         20.7500    23.6929    14.1824    % 
UB: 23.692857142857143
branching on 2 with b.
429    53     38         20.7500    23.6929    14.1824    % 
LB close or above UB, fathomed
430    52     38         20.7500    23.6929    14.1824    % 
LB close or above UB, fathomed
431    51     37         20.7500    23.6929    14.1824    % 
UB: 23.692857142857143
branching on 2 with b.
432    52     38         20.7500    23.6929    14.1824    % 
LB close or above UB, fathomed
433    51     38         20.7500    23.6929    14.1824    % 
LB close or above UB, fathomed
434    50     36         20.7500    23.6929    14.1824    % 
UB: 23.692857142857143
branching on 1 with b.
435    51     37         20.7500    23.6929    14.1824    % 
UB: 23.692857142857143
branching on 2 with b.
436    52     38         20.7500    23.6929    14.1824    % 
LB close or above UB, fathomed
437    51     38         20.7500    23.6929    14.1824    % 
LB close or above UB, fathomed
438    50     37         20.7500    23.6929    14.1824    % 
UB: 23.692857142857143
branching on 2 with b.
439    51     38         20.7500    23.6929    14.1824    % 
LB close or above UB, fathomed
440    50     38         20.7500    23.6929    14.1824    % 
LB close or above UB, fathomed
441    49     36         20.7500    23.6929    14.1824    % 
UB: 23.692857142857143
branching on 1 with b.
442    50     37         20.7500    23.6929    14.1824    % 
UB: 23.692857142857143
branching on 2 with b.
443    51     38         20.7500    23.6929    14.1824    % 
LB close or above UB, fathomed
444    50     38         20.7500    23.6929    14.1824    % 
UB: 23.692857142857143
branching on 3 with b.
445    51     39         20.7500    23.6929    14.1824    % 
LB close or above UB, fathomed
446    50     39         20.7500    23.6929    14.1824    % 
UB: 23.692857142857143
branching on 1 with b.
447    51     40         20.7500    23.6929    14.1824    % 
LB close or above UB, fathomed
448    50     40         20.7500    23.6929    14.1824    % 
UB: 23.692857142857143
branching on 2 with b.
449    51     41         20.7500    23.6929    14.1824    % 
LB close or above UB, fathomed
450    50     41         20.7500    23.6929    14.1824    % 
UB: 23.692857142857143
branching on 3 with b.
451    50     42         20.7500    23.6929    14.1824    % 
UB: 23.692857142857143
branching on 1 with b.
452    50     43         20.7500    23.6929    14.1824    % 
UB: 23.692857142857143
branching on 2 with b.
453    50     44         20.7500    23.6929    14.1824    % 
UB: 23.692857142857143
branching on 3 with b.
454    50     45         20.7500    23.6929    14.1824    % 
UB: 23.692857142857143
branching on 1 with b.
455    51     46         20.7500    23.6929    14.1824    % 
LB close or above UB, fathomed
456    50     46         20.7500    23.6929    14.1824    % 
UB: 23.692857142857143
branching on 2 with b.
457    51     47         20.7500    23.6929    14.1824    % 
UB: 23.692857142857143
branching on 3 with b.
458    52     48         20.7500    23.6929    14.1824    % 
LB close or above UB, fathomed
459    51     48         20.7500    23.6929    14.1824    % 
UB: 23.692857142857143
branching on 1 with b.
460    51     49         20.7500    23.6929    14.1824    % 
UB: 23.692857142857143
branching on 2 with b.
461    51     50         20.7500    23.6929    14.1824    % 
UB: 23.692857142857143
branching on 3 with b.
462    51     51         20.7500    23.6929    14.1824    % 
UB: 23.692857142857143
branching on 1 with b.
463    51     52         20.7500    23.6929    14.1824    % 
UB: 23.692857142857143
branching on 2 with b.
464    52     53         20.7500    23.6929    14.1824    % 
LB close or above UB, fathomed
465    51     53         20.7500    23.6929    14.1824    % 
LB close or above UB, fathomed
466    50     47         20.7500    23.6929    14.1824    % 
LB close or above UB, fathomed
467    49     37         20.7500    23.6929    14.1824    % 
UB: 23.692857142857143
branching on 2 with b.
468    50     38         20.7500    23.6929    14.1824    % 
LB close or above UB, fathomed
469    49     38         20.7500    23.6929    14.1824    % 
UB: 23.692857142857143
branching on 3 with b.
470    50     39         20.7500    23.6929    14.1824    % 
LB close or above UB, fathomed
471    49     39         20.7500    23.6929    14.1824    % 
UB: 23.692857142857143
branching on 1 with b.
472    49     40         20.7500    23.6929    14.1824    % 
UB: 23.692857142857143
branching on 2 with b.
473    50     41         20.7500    23.6929    14.1824    % 
LB close or above UB, fathomed
474    49     41         20.7500    23.6929    14.1824    % 
UB: 23.692857142857143
branching on 3 with b.
475    49     42         20.7500    23.6929    14.1824    % 
UB: 23.692857142857143
branching on 1 with b.
476    49     43         20.7500    23.6929    14.1824    % 
UB: 23.692857142857143
branching on 2 with b.
477    49     44         20.7500    23.6929    14.1824    % 
UB: 23.692857142857143
branching on 3 with b.
478    49     45         20.7500    23.6929    14.1824    % 
UB: 23.692857142857143
branching on 1 with b.
479    49     46         20.7500    23.6929    14.1824    % 
UB: 23.692857142857143
branching on 2 with b.
480    50     47         20.7500    23.6929    14.1824    % 
UB: 23.692857142857143
branching on 3 with b.
481    51     48         20.7500    23.6929    14.1824    % 
LB close or above UB, fathomed
482    50     48         20.7500    23.6929    14.1824    % 
UB: 23.692857142857143
branching on 1 with b.
483    50     49         20.7500    23.6929    14.1824    % 
UB: 23.692857142857143
branching on 2 with b.
484    50     50         20.7500    23.6929    14.1824    % 
UB: 23.692857142857143
branching on 3 with b.
485    50     51         20.7500    23.6929    14.1824    % 
UB: 23.692857142857143
branching on 1 with b.
486    50     52         20.7500    23.6929    14.1824    % 
UB: 23.692857142857143
branching on 2 with b.
487    51     53         20.7500    23.6929    14.1824    % 
LB close or above UB, fathomed
488    50     53         20.7500    23.6929    14.1824    % 
LB close or above UB, fathomed
489    49     47         20.7500    23.6929    14.1824    % 
LB close or above UB, fathomed
490    48     36         20.7500    23.6929    14.1824    % 
UB: 23.692857142857143
branching on 1 with b.
491    49     37         20.7500    23.6929    14.1824    % 
UB: 23.692857142857143
branching on 2 with b.
492    50     38         20.7500    23.6929    14.1824    % 
LB close or above UB, fathomed
493    49     38         20.7500    23.6929    14.1824    % 
UB: 23.692857142857143
branching on 3 with b.
494    50     39         20.7500    23.6929    14.1824    % 
UB: 23.692857142857143
branching on 1 with b.
495    51     40         20.7500    23.6929    14.1824    % 
LB close or above UB, fathomed
496    50     40         20.7500    23.6929    14.1824    % 
UB: 23.692857142857143
branching on 2 with b.
497    51     41         20.7500    23.6929    14.1824    % 
LB close or above UB, fathomed
498    50     41         20.7500    23.6929    14.1824    % 
UB: 23.692857142857143
branching on 3 with b.
499    51     42         20.7500    23.6929    14.1824    % 
UB: 23.692857142857143
branching on 1 with b.
500    51     43         20.7500    23.6929    14.1824    % 
UB: 23.692857142857143
branching on 2 with b.
501    51     44         20.7500    23.6929    14.1824    % 
UB: 23.692857142857143
branching on 3 with b.
502    51     45         20.7500    23.6929    14.1824    % 
UB: 23.692857142857143
branching on 1 with b.
503    52     46         20.7500    23.6929    14.1824    % 
LB close or above UB, fathomed
504    51     46         20.7500    23.6929    14.1824    % 
UB: 23.692857142857143
branching on 2 with b.
505    52     47         20.7500    23.6929    14.1824    % 
UB: 23.692857142857143
branching on 3 with b.
506    52     48         20.7500    23.6929    14.1824    % 
UB: 23.692857142857143
branching on 1 with b.
507    52     49         20.7500    23.6929    14.1824    % 
UB: 23.692857142857143
branching on 2 with b.
508    52     50         20.7500    23.6929    14.1824    % 
UB: 23.692857142857143
branching on 3 with b.
509    52     51         20.7500    23.6929    14.1824    % 
UB: 23.692857142857143
branching on 1 with b.
510    52     52         20.7500    23.6929    14.1824    % 
UB: 23.692857142857143
branching on 2 with b.
511    53     53         20.7500    23.6929    14.1824    % 
LB close or above UB, fathomed
512    52     53         20.7500    23.6929    14.1824    % 
LB close or above UB, fathomed
513    51     47         20.7500    23.6929    14.1824    % 
LB close or above UB, fathomed
514    50     42         20.7500    23.6929    14.1824    % 
LB close or above UB, fathomed
515    49     39         20.7500    23.6929    14.1824    % 
LB close or above UB, fathomed
516    48     37         20.7500    23.6929    14.1824    % 
UB: 23.692857142857143
branching on 2 with b.
517    49     38         20.7500    23.6929    14.1824    % 
LB close or above UB, fathomed
518    48     38         20.7500    23.6929    14.1824    % 
UB: 23.692857142857143
branching on 3 with b.
519    49     39         20.7500    23.6929    14.1824    % 
UB: 23.692857142857143
branching on 1 with b.
520    49     40         20.7500    23.6929    14.1824    % 
UB: 23.692857142857143
branching on 2 with b.
521    50     41         20.7500    23.6929    14.1824    % 
LB close or above UB, fathomed
522    49     41         20.7500    23.6929    14.1824    % 
UB: 23.692857142857143
branching on 3 with b.
523    50     42         20.7500    23.6929    14.1824    % 
UB: 23.692857142857143
branching on 1 with b.
524    50     43         20.7500    23.6929    14.1824    % 
UB: 23.692857142857143
branching on 2 with b.
525    50     44         20.7500    23.6929    14.1824    % 
UB: 23.692857142857143
branching on 3 with b.
526    50     45         20.7500    23.6929    14.1824    % 
UB: 23.692857142857143
branching on 1 with b.
527    50     46         20.7500    23.6929    14.1824    % 
UB: 23.692857142857143
branching on 2 with b.
528    51     47         20.7500    23.6929    14.1824    % 
UB: 23.692857142857143
branching on 3 with b.
529    51     48         20.7500    23.6929    14.1824    % 
UB: 23.692857142857143
branching on 1 with b.
530    51     49         20.7500    23.6929    14.1824    % 
UB: 23.692857142857143
branching on 2 with b.
531    51     50         20.7500    23.6929    14.1824    % 
UB: 23.692857142857143
branching on 3 with b.
532    51     51         20.7500    23.6929    14.1824    % 
UB: 23.692857142857143
branching on 1 with b.
533    51     52         20.7500    23.6929    14.1824    % 
UB: 23.692857142857143
branching on 2 with b.
534    52     53         20.7500    23.6929    14.1824    % 
LB close or above UB, fathomed
535    51     53         20.7500    23.6929    14.1824    % 
LB close or above UB, fathomed
536    50     47         20.7500    23.6929    14.1824    % 
LB close or above UB, fathomed
537    49     42         20.7500    23.6929    14.1824    % 
LB close or above UB, fathomed
538    48     39         20.7500    23.6929    14.1824    % 
LB close or above UB, fathomed
539    47     14         20.7500    23.6929    14.1824    % 
UB: 23.692857142857143
branching on 3 with b.
540    48     15         20.7500    23.6929    14.1824    % 
LB close or above UB, fathomed
541    47     15         20.7500    23.6929    14.1824    % 
UB: 23.692857142857143
branching on 1 with b.
542    48     16         20.7500    23.6929    14.1824    % 
LB close or above UB, fathomed
543    47     16         20.7500    23.6929    14.1824    % 
UB: 23.692857142857143
branching on CartesianIndex(1, 3) with a.
544    48     17         20.7500    23.6929    14.1824    % 
UB: 23.692857142857143
branching on CartesianIndex(2, 3) with a.
545    49     18         20.7500    23.6929    14.1824    % 
UB: 23.692857142857143
branching on CartesianIndex(3, 3) with a.
546    50     19         20.7500    23.6929    14.1824    % 
UB: 23.692857142857143
branching on CartesianIndex(4, 3) with a.
547    51     20         20.7500    23.6929    14.1824    % 
UB: 23.692857142857143
branching on CartesianIndex(5, 3) with a.
548    52     21         20.7500    23.6929    14.1824    % 
UB: 23.692857142857143
branching on CartesianIndex(6, 3) with a.
549    53     22         20.7500    23.6929    14.1824    % 
UB: 23.692857142857143
branching on CartesianIndex(1, 4) with c.
550    54     23         20.7500    23.6929    14.1824    % 
LB close or above UB, fathomed
551    53     23         20.7500    23.6929    14.1824    % 
UB: 23.692857142857143
branching on CartesianIndex(1, 5) with c.
552    54     24         20.7500    23.6929    14.1824    % 
UB: 23.692857142857143
branching on CartesianIndex(2, 5) with c.
553    55     25         20.7500    23.6929    14.1824    % 
UB: 23.692857142857143
branching on CartesianIndex(1, 6) with c.
554    56     26         20.7500    23.6929    14.1824    % 
LB close or above UB, fathomed
555    55     26         20.7500    23.6929    14.1824    % 
UB: 23.692857142857143
branching on CartesianIndex(1, 7) with c.
556    56     27         20.7500    23.6929    14.1824    % 
UB: 23.692857142857143
branching on CartesianIndex(2, 7) with c.
557    57     28         20.7500    23.6929    14.1824    % 
LB close or above UB, fathomed
558    56     28         20.7500    23.6929    14.1824    % 
UB: 23.692857142857143
branching on 2 with b.
559    57     29         20.7500    23.6929    14.1824    % 
UB: 23.692857142857143
branching on 3 with b.
560    58     29         20.7500    23.6929    14.1824    % 
LB close or above UB, fathomed
561    57     27         20.7500    23.6929    14.1824    % 
LB close or above UB, fathomed
562    56     25         20.7500    23.6929    14.1824    % 
LB close or above UB, fathomed
563    55     24         20.7500    23.6929    14.1824    % 
LB close or above UB, fathomed
564    54     22         20.7500    23.6929    14.1824    % 
LB close or above UB, fathomed
565    53     21         20.7500    23.6929    14.1824    % 
LB close or above UB, fathomed
566    52     20         20.7500    23.6929    14.1824    % 
LB close or above UB, fathomed
567    51     19         20.7500    23.6929    14.1824    % 
LB close or above UB, fathomed
568    50     18         20.7500    23.6929    14.1824    % 
LB close or above UB, fathomed
569    49     17         20.7500    23.6929    14.1824    % 
LB close or above UB, fathomed
570    48     14         20.7500    23.6929    14.1824    % 
LB close or above UB, fathomed
571    47     14         20.7500    23.6929    14.1824    % 
UB: 23.692857142857143
branching on CartesianIndex(2, 3) with a.
572    48     15         20.7500    23.6929    14.1824    % 
UB: 23.692857142857143
branching on CartesianIndex(3, 3) with a.
573    49     16         20.7500    23.6929    14.1824    % 
UB: 23.692857142857143
branching on CartesianIndex(4, 3) with a.
574    50     17         20.7500    23.6929    14.1824    % 
UB: 23.692857142857143
branching on CartesianIndex(5, 3) with a.
575    51     18         20.7500    23.6929    14.1824    % 
UB: 23.692857142857143
branching on 2 with b.
576    52     19         20.7500    23.6929    14.1824    % 
UB: 23.692857142857143
branching on CartesianIndex(6, 3) with a.
577    53     20         20.7500    23.6929    14.1824    % 
UB: 23.692857142857143
branching on 3 with b.
578    54     21         20.7500    23.6929    14.1824    % 
LB close or above UB, fathomed
579    53     21         20.7500    23.6929    14.1824    % 
UB: 23.692857142857143
branching on CartesianIndex(1, 4) with c.
580    54     22         20.7500    23.6929    14.1824    % 
LB close or above UB, fathomed
581    53     22         20.7500    23.6929    14.1824    % 
UB: 23.692857142857143
branching on 1 with b.
582    54     23         20.7500    23.6929    14.1824    % 
LB close or above UB, fathomed
583    53     23         20.7500    23.6929    14.1824    % 
UB: 23.692857142857143
branching on 2 with b.
584    54     24         20.7500    23.6929    14.1824    % 
UB: 23.692857142857143
branching on CartesianIndex(1, 5) with c.
585    55     25         20.7500    23.6929    14.1824    % 
UB: 23.692857142857143
branching on CartesianIndex(2, 5) with c.
586    56     26         20.7500    23.6929    14.1824    % 
UB: 23.692857142857143
branching on CartesianIndex(1, 6) with c.
587    57     27         20.7500    23.6929    14.1824    % 
LB close or above UB, fathomed
588    56     27         20.7500    23.6929    14.1824    % 
UB: 23.692857142857143
branching on CartesianIndex(1, 7) with c.
589    57     28         20.7500    23.6929    14.1824    % 
UB: 23.692857142857143
branching on CartesianIndex(2, 7) with c.
590    58     29         20.7500    23.6929    14.1824    % 
LB close or above UB, fathomed
591    57     29         20.7500    23.6929    14.1824    % 
UB: 23.692857142857143
branching on 3 with b.
592    58     30         20.7500    23.6929    14.1824    % 
UB: 23.692857142857143
branching on 1 with b.
593    59     31         20.7500    23.6929    14.1824    % 
LB close or above UB, fathomed
594    58     31         20.7500    23.6929    14.1824    % 
UB: 23.692857142857143
branching on 2 with b.
595    59     32         20.7500    23.6929    14.1824    % 
LB close or above UB, fathomed
596    58     32         20.7500    23.6929    14.1824    % 
UB: 23.692857142857143
branching on 3 with b.
597    59     33         20.7500    23.6929    14.1824    % 
UB: 23.692857142857143
branching on 1 with b.
598    60     34         20.7500    23.6929    14.1824    % 
LB close or above UB, fathomed
599    59     34         20.7500    23.6929    14.1824    % 
UB: 23.692857142857143
branching on 2 with b.
600    60     35         20.7500    23.6929    14.1824    % 
LB close or above UB, fathomed
601    59     35         20.7500    23.6929    14.1824    % 
LB close or above UB, fathomed
602    58     33         20.7500    23.6929    14.1824    % 
LB close or above UB, fathomed
603    57     30         20.7500    23.6929    14.1824    % 
LB close or above UB, fathomed
604    56     28         20.7500    23.6929    14.1824    % 
LB close or above UB, fathomed
605    55     26         20.7500    23.6929    14.1824    % 
LB close or above UB, fathomed
606    54     25         20.7500    23.6929    14.1824    % 
LB close or above UB, fathomed
607    53     24         20.7500    23.6929    14.1824    % 
LB close or above UB, fathomed
608    52     20         20.7500    23.6929    14.1824    % 
LB close or above UB, fathomed
609    51     19         20.7500    23.6929    14.1824    % 
LB close or above UB, fathomed
610    50     18         20.7500    23.6929    14.1824    % 
LB close or above UB, fathomed
611    49     17         20.7500    23.6929    14.1824    % 
LB close or above UB, fathomed
612    48     16         20.7500    23.6929    14.1824    % 
LB close or above UB, fathomed
613    47     15         20.7500    23.6929    14.1824    % 
UB: 23.692857142857143
branching on CartesianIndex(1, 4) with c.
614    48     14         20.7500    23.6929    14.1824    % 
LB close or above UB, fathomed
615    47     17         20.7500    23.6929    14.1824    % 
LB close or above UB, fathomed
616    46     17         20.7500    23.6929    14.1824    % 
LB close or above UB, fathomed
617    45     26         20.7500    23.6929    14.1824    % 
UB: 23.692857142857143
branching on 1 with b.
618    46     27         20.7500    23.6929    14.1824    % 
LB close or above UB, fathomed
619    45     27         20.7500    23.6929    14.1824    % 
LB close or above UB, fathomed
620    44     26         20.7500    23.6929    14.1824    % 
LB close or above UB, fathomed
621    43     19         20.7500    23.6929    14.1824    % 
UB: 23.692857142857143
branching on 3 with b.
622    44     19         20.7500    23.6929    14.1824    % 
LB close or above UB, fathomed
623    43     13         20.7500    23.6929    14.1824    % 
LB close or above UB, fathomed
624    42     13         20.7500    23.6929    14.1824    % 
LB close or above UB, fathomed
625    41     16         20.7500    23.6929    14.1824    % 
UB: 23.692857142857143
branching on CartesianIndex(2, 2) with a.
626    42     17         20.7500    23.6929    14.1824    % 
LB close or above UB, fathomed
627    41     17         20.7500    23.6929    14.1824    % 
LB close or above UB, fathomed
628    40     16         20.7500    23.6929    14.1824    % 
LB close or above UB, fathomed
629    39     16         20.7500    23.6929    14.1824    % 
LB close or above UB, fathomed
630    38     16         20.7500    23.6929    14.1824    % 
UB: 23.692857142857143
branching on CartesianIndex(2, 2) with a.
631    39     17         20.7500    23.6929    14.1824    % 
LB close or above UB, fathomed
632    38     17         20.7500    23.6929    14.1824    % 
LB close or above UB, fathomed
633    37     20         20.7500    23.6929    14.1824    % 
UB: 23.692857142857143
branching on 1 with b.
634    38     21         20.7500    23.6929    14.1824    % 
UB: 23.692857142857143
branching on CartesianIndex(2, 3) with a.
635    39     21         20.7500    23.6929    14.1824    % 
UB: 23.692857142857143
branching on CartesianIndex(2, 3) with a.
636    40     20         20.7500    23.6929    14.1824    % 
LB close or above UB, fathomed
637    39     20         20.7500    23.6929    14.1824    % 
UB: 23.692857142857143
branching on CartesianIndex(2, 3) with a.
638    40     21         20.7500    23.6929    14.1824    % 
UB: 23.692857142857143
branching on CartesianIndex(3, 3) with a.
639    41     22         20.7500    23.6929    14.1824    % 
UB: 23.692857142857143
branching on CartesianIndex(4, 3) with a.
640    42     23         20.7500    23.6929    14.1824    % 
UB: 23.692857142857143
branching on CartesianIndex(5, 3) with a.
641    43     24         20.7500    23.6929    14.1824    % 
UB: 23.692857142857143
branching on CartesianIndex(6, 3) with a.
642    44     25         20.7500    23.6929    14.1824    % 
UB: 23.692857142857143
branching on CartesianIndex(1, 4) with c.
643    45     26         20.7500    23.6929    14.1824    % 
LB close or above UB, fathomed
644    44     26         20.7500    23.6929    14.1824    % 
UB: 23.692857142857143
branching on CartesianIndex(1, 5) with c.
645    45     27         20.7500    23.6929    14.1824    % 
UB: 23.692857142857143
branching on CartesianIndex(2, 5) with c.
646    46     28         20.7500    23.6929    14.1824    % 
UB: 23.692857142857143
branching on CartesianIndex(1, 6) with c.
647    47     29         20.7500    23.6929    14.1824    % 
LB close or above UB, fathomed
648    46     29         20.7500    23.6929    14.1824    % 
UB: 23.692857142857143
branching on CartesianIndex(1, 7) with c.
649    47     30         20.7500    23.6929    14.1824    % 
UB: 23.692857142857143
branching on CartesianIndex(2, 7) with c.
650    48     31         20.7500    23.6929    14.1824    % 
LB close or above UB, fathomed
651    47     31         20.7500    23.6929    14.1824    % 
UB: 23.692857142857143
branching on 1 with b.
652    48     32         20.7500    23.6929    14.1824    % 
UB: 23.692857142857143
branching on 2 with b.
653    49     33         20.7500    23.6929    14.1824    % 
UB: 23.692857142857143
branching on 3 with b.
654    50     34         20.7500    23.6929    14.1824    % 
UB: 23.692857142857143
branching on 1 with b.
655    51     35         20.7500    23.6929    14.1824    % 
LB close or above UB, fathomed
656    50     35         20.7500    23.6929    14.1824    % 
LB close or above UB, fathomed
657    49     34         20.7500    23.6929    14.1824    % 
LB close or above UB, fathomed
658    48     33         20.7500    23.6929    14.1824    % 
LB close or above UB, fathomed
659    47     32         20.7500    23.6929    14.1824    % 
LB close or above UB, fathomed
660    46     30         20.7500    23.6929    14.1824    % 
LB close or above UB, fathomed
661    45     28         20.7500    23.6929    14.1824    % 
LB close or above UB, fathomed
662    44     27         20.7500    23.6929    14.1824    % 
LB close or above UB, fathomed
663    43     25         20.7500    23.6929    14.1824    % 
LB close or above UB, fathomed
664    42     24         20.7500    23.6929    14.1824    % 
LB close or above UB, fathomed
665    41     23         20.7500    23.6929    14.1824    % 
LB close or above UB, fathomed
666    40     22         20.7500    23.6929    14.1824    % 
LB close or above UB, fathomed
667    39     21         20.7500    23.6929    14.1824    % 
LB close or above UB, fathomed
668    38     20         20.7500    23.6929    14.1824    % 
LB close or above UB, fathomed
669    37     17         20.7500    23.6929    14.1824    % 
LB close or above UB, fathomed
670    36     17         20.7500    23.6929    14.1824    % 
LB close or above UB, fathomed
671    35     16         20.7500    23.6929    14.1824    % 
LB close or above UB, fathomed
672    34     16         20.7500    23.6929    14.1824    % 
LB close or above UB, fathomed
673    33     36         20.7500    23.6929    14.1824    % 
UB: 23.692857142857143
branching on 1 with b.
674    34     37         20.7500    23.6929    14.1824    % 
UB: 23.692857142857143
branching on 2 with b.
675    35     38         20.7500    23.6929    14.1824    % 
UB: 23.692857142857143
branching on 3 with b.
676    36     39         20.7500    23.6929    14.1824    % 
LB close or above UB, fathomed
677    35     39         20.7500    23.6929    14.1824    % 
UB: 23.692857142857143
branching on 1 with b.
678    35     40         20.7500    23.6929    14.1824    % 
UB: 23.692857142857143
branching on 2 with b.
679    36     41         20.7500    23.6929    14.1824    % 
LB close or above UB, fathomed
680    35     41         20.7500    23.6929    14.1824    % 
LB close or above UB, fathomed
681    34     38         20.7500    23.6929    14.1824    % 
LB close or above UB, fathomed
682    33     37         20.7500    23.6929    14.1824    % 
LB close or above UB, fathomed
683    32     36         20.7500    23.6929    14.1824    % 
UB: 23.692857142857143
branching on 1 with b.
684    33     37         20.7500    23.6929    14.1824    % 
UB: 23.692857142857143
branching on 2 with b.
685    34     38         20.7500    23.6929    14.1824    % 
UB: 23.692857142857143
branching on 3 with b.
686    35     39         20.7500    23.6929    14.1824    % 
UB: 23.692857142857143
branching on 1 with b.
687    35     40         20.7500    23.6929    14.1824    % 
UB: 23.692857142857143
branching on 2 with b.
688    36     41         20.7500    23.6929    14.1824    % 
LB close or above UB, fathomed
689    35     41         20.7500    23.6929    14.1824    % 
LB close or above UB, fathomed
690    34     39         20.7500    23.6929    14.1824    % 
LB close or above UB, fathomed
691    33     38         20.7500    23.6929    14.1824    % 
LB close or above UB, fathomed
692    32     37         20.7500    23.6929    14.1824    % 
LB close or above UB, fathomed
693    31     36         20.7500    23.6929    14.1824    % 
UB: 23.692857142857143
branching on 1 with b.
694    32     37         20.7500    23.6929    14.1824    % 
UB: 23.692857142857143
branching on 2 with b.
695    33     38         20.7500    23.6929    14.1824    % 
UB: 23.692857142857143
branching on 3 with b.
696    34     39         20.7500    23.6929    14.1824    % 
LB close or above UB, fathomed
697    33     39         20.7500    23.6929    14.1824    % 
UB: 23.692857142857143
branching on 1 with b.
698    34     40         20.7500    23.6929    14.1824    % 
UB: 23.692857142857143
branching on 2 with b.
699    35     41         20.7500    23.6929    14.1824    % 
LB close or above UB, fathomed
700    34     41         20.7500    23.6929    14.1824    % 
LB close or above UB, fathomed
701    33     40         20.7500    23.6929    14.1824    % 
UB: 23.692857142857143
branching on 2 with b.
702    34     41         20.7500    23.6929    14.1824    % 
LB close or above UB, fathomed
703    33     41         20.7500    23.6929    14.1824    % 
LB close or above UB, fathomed
704    32     38         20.7500    23.6929    14.1824    % 
LB close or above UB, fathomed
705    31     37         20.7500    23.6929    14.1824    % 
UB: 23.692857142857143
branching on 2 with b.
706    32     38         20.7500    23.6929    14.1824    % 
UB: 23.692857142857143
branching on 3 with b.
707    33     39         20.7500    23.6929    14.1824    % 
LB close or above UB, fathomed
708    32     39         20.7500    23.6929    14.1824    % 
UB: 23.692857142857143
branching on 1 with b.
709    32     40         20.7500    23.6929    14.1824    % 
UB: 23.692857142857143
branching on 2 with b.
710    33     41         20.7500    23.6929    14.1824    % 
LB close or above UB, fathomed
711    32     41         20.7500    23.6929    14.1824    % 
LB close or above UB, fathomed
712    31     38         20.7500    23.6929    14.1824    % 
LB close or above UB, fathomed
713    30     36         20.7500    23.6929    14.1824    % 
UB: 23.692857142857143
branching on 1 with b.
714    31     37         20.7500    23.6929    14.1824    % 
UB: 23.692857142857143
branching on 2 with b.
715    32     38         20.7500    23.6929    14.1824    % 
UB: 23.692857142857143
branching on 3 with b.
716    33     39         20.7500    23.6929    14.1824    % 
UB: 23.692857142857143
branching on 1 with b.
717    34     40         20.7500    23.6929    14.1824    % 
UB: 23.692857142857143
branching on 2 with b.
718    35     41         20.7500    23.6929    14.1824    % 
LB close or above UB, fathomed
719    34     41         20.7500    23.6929    14.1824    % 
LB close or above UB, fathomed
720    33     40         20.7500    23.6929    14.1824    % 
UB: 23.692857142857143
branching on 2 with b.
721    34     41         20.7500    23.6929    14.1824    % 
LB close or above UB, fathomed
722    33     41         20.7500    23.6929    14.1824    % 
LB close or above UB, fathomed
723    32     39         20.7500    23.6929    14.1824    % 
LB close or above UB, fathomed
724    31     38         20.7500    23.6929    14.1824    % 
LB close or above UB, fathomed
725    30     37         20.7500    23.6929    14.1824    % 
UB: 23.692857142857143
branching on 2 with b.
726    31     38         20.7500    23.6929    14.1824    % 
UB: 23.692857142857143
branching on 3 with b.
727    32     39         20.7500    23.6929    14.1824    % 
UB: 23.692857142857143
branching on 1 with b.
728    32     40         20.7500    23.6929    14.1824    % 
UB: 23.692857142857143
branching on 2 with b.
729    33     41         20.7500    23.6929    14.1824    % 
LB close or above UB, fathomed
730    32     41         20.7500    23.6929    14.1824    % 
LB close or above UB, fathomed
731    31     39         20.7500    23.6929    14.1824    % 
LB close or above UB, fathomed
732    30     38         20.7500    23.6929    14.1824    % 
LB close or above UB, fathomed
733    29     36         20.7500    23.6929    14.1824    % 
UB: 23.692857142857143
branching on 1 with b.
734    30     37         20.7500    23.6929    14.1824    % 
UB: 23.692857142857143
branching on 2 with b.
735    31     38         20.7500    23.6929    14.1824    % 
UB: 23.692857142857143
branching on 3 with b.
736    32     39         20.7500    23.6929    14.1824    % 
LB close or above UB, fathomed
737    31     39         20.7500    23.6929    14.1824    % 
UB: 23.692857142857143
branching on 1 with b.
738    32     40         20.7500    23.6929    14.1824    % 
LB close or above UB, fathomed
739    31     40         20.7500    23.6929    14.1824    % 
UB: 23.692857142857143
branching on 2 with b.
740    32     41         20.7500    23.6929    14.1824    % 
LB close or above UB, fathomed
741    31     41         20.7500    23.6929    14.1824    % 
LB close or above UB, fathomed
742    30     38         20.7500    23.6929    14.1824    % 
LB close or above UB, fathomed
743    29     37         20.7500    23.6929    14.1824    % 
UB: 23.692857142857143
branching on 2 with b.
744    30     38         20.7500    23.6929    14.1824    % 
UB: 23.692857142857143
branching on 3 with b.
745    31     39         20.7500    23.6929    14.1824    % 
LB close or above UB, fathomed
746    30     39         20.7500    23.6929    14.1824    % 
UB: 23.692857142857143
branching on 1 with b.
747    30     40         20.7500    23.6929    14.1824    % 
UB: 23.692857142857143
branching on 2 with b.
748    31     41         20.7500    23.6929    14.1824    % 
LB close or above UB, fathomed
749    30     41         20.7500    23.6929    14.1824    % 
LB close or above UB, fathomed
750    29     38         20.7500    23.6929    14.1824    % 
LB close or above UB, fathomed
751    28     36         20.7500    23.6929    14.1824    % 
UB: 23.692857142857143
branching on 1 with b.
752    29     37         20.7500    23.6929    14.1824    % 
UB: 23.692857142857143
branching on 2 with b.
753    30     38         20.7500    23.6929    14.1824    % 
UB: 23.692857142857143
branching on 3 with b.
754    31     39         20.7500    23.6929    14.1824    % 
UB: 23.692857142857143
branching on 1 with b.
755    32     40         20.7500    23.6929    14.1824    % 
LB close or above UB, fathomed
756    31     40         20.7500    23.6929    14.1824    % 
UB: 23.692857142857143
branching on 2 with b.
757    32     41         20.7500    23.6929    14.1824    % 
LB close or above UB, fathomed
758    31     41         20.7500    23.6929    14.1824    % 
LB close or above UB, fathomed
759    30     39         20.7500    23.6929    14.1824    % 
LB close or above UB, fathomed
760    29     38         20.7500    23.6929    14.1824    % 
LB close or above UB, fathomed
761    28     37         20.7500    23.6929    14.1824    % 
UB: 23.692857142857143
branching on 2 with b.
762    29     38         20.7500    23.6929    14.1824    % 
UB: 23.692857142857143
branching on 3 with b.
763    30     39         20.7500    23.6929    14.1824    % 
UB: 23.692857142857143
branching on 1 with b.
764    30     40         20.7500    23.6929    14.1824    % 
UB: 23.692857142857143
branching on 2 with b.
765    31     41         20.7500    23.6929    14.1824    % 
LB close or above UB, fathomed
766    30     41         20.7500    23.6929    14.1824    % 
LB close or above UB, fathomed
767    29     39         20.7500    23.6929    14.1824    % 
LB close or above UB, fathomed
768    28     38         20.7500    23.6929    14.1824    % 
LB close or above UB, fathomed
769    27     33         20.7500    23.6929    14.1824    % 
UB: 23.692857142857143
branching on 3 with b.
770    28     34         20.7500    23.6929    14.1824    % 
UB: 23.692857142857143
branching on 1 with b.
771    29     35         20.7500    23.6929    14.1824    % 
UB: 23.692857142857143
branching on 2 with b.
772    30     36         20.7500    23.6929    14.1824    % 
LB close or above UB, fathomed
773    29     36         20.7500    23.6929    14.1824    % 
LB close or above UB, fathomed
774    28     35         20.7500    23.6929    14.1824    % 
UB: 23.692857142857143
branching on 2 with b.
775    29     36         20.7500    23.6929    14.1824    % 
LB close or above UB, fathomed
776    28     36         20.7500    23.6929    14.1824    % 
LB close or above UB, fathomed
777    27     34         20.7500    23.6929    14.1824    % 
LB close or above UB, fathomed
778    26     33         20.7500    23.6929    14.1824    % 
LB close or above UB, fathomed
779    25     33         20.7500    23.6929    14.1824    % 
UB: 23.692857142857143
branching on 3 with b.
780    26     34         20.7500    23.6929    14.1824    % 
UB: 23.692857142857143
branching on 1 with b.
781    27     35         20.7500    23.6929    14.1824    % 
LB close or above UB, fathomed
782    26     35         20.7500    23.6929    14.1824    % 
LB close or above UB, fathomed
783    25     34         20.7500    23.6929    14.1824    % 
LB close or above UB, fathomed
784    24     33         20.7500    23.6929    14.1824    % 
LB close or above UB, fathomed
785    23     12         20.7500    23.6929    14.1824    % 
LB close or above UB, fathomed
786    22     12         20.7500    23.6929    14.1824    % 
LB close or above UB, fathomed
787    21     19         20.7500    23.6929    14.1824    % 
LB close or above UB, fathomed
788    20     19         20.7500    23.6929    14.1824    % 
UB: 23.692857142857143
branching on CartesianIndex(1, 5) with c.
789    21     20         20.7500    23.6929    14.1824    % 
UB: 23.692857142857143
branching on CartesianIndex(2, 5) with c.
790    22     21         20.7500    23.6929    14.1824    % 
UB: 23.692857142857143
branching on CartesianIndex(1, 6) with c.
791    23     22         20.7500    23.6929    14.1824    % 
LB close or above UB, fathomed
792    22     22         20.7500    23.6929    14.1824    % 
UB: 23.692857142857143
branching on CartesianIndex(1, 7) with c.
793    23     23         20.7500    23.6929    14.1824    % 
UB: 23.692857142857143
branching on CartesianIndex(2, 7) with c.
794    24     24         20.7500    23.6929    14.1824    % 
LB close or above UB, fathomed
795    23     24         20.7500    23.6929    14.1824    % 
UB: 23.692857142857143
branching on 1 with b.
796    24     25         20.7500    23.6929    14.1824    % 
UB: 23.692857142857143
branching on 2 with b.
797    25     26         20.7500    23.6929    14.1824    % 
UB: 23.692857142857143
branching on 3 with b.
798    26     27         20.7500    23.6929    14.1824    % 
UB: 23.692857142857143
branching on 1 with b.
799    27     28         20.7500    23.6929    14.1824    % 
LB close or above UB, fathomed
800    26     28         20.7500    23.6929    14.1824    % 
LB close or above UB, fathomed
801    25     27         20.7500    23.6929    14.1824    % 
LB close or above UB, fathomed
802    24     26         20.7500    23.6929    14.1824    % 
LB close or above UB, fathomed
803    23     25         20.7500    23.6929    14.1824    % 
LB close or above UB, fathomed
804    22     23         20.7500    23.6929    14.1824    % 
LB close or above UB, fathomed
805    21     21         20.7500    23.6929    14.1824    % 
LB close or above UB, fathomed
806    20     20         20.7500    23.6929    14.1824    % 
LB close or above UB, fathomed
807    19     18         20.7500    23.6929    14.1824    % 
LB close or above UB, fathomed
808    18     18         20.7500    23.6929    14.1824    % 
UB: 23.692857142857143
branching on CartesianIndex(1, 5) with c.
809    19     19         20.7500    23.6929    14.1824    % 
UB: 23.692857142857143
branching on CartesianIndex(2, 5) with c.
810    20     20         20.7500    23.6929    14.1824    % 
UB: 23.692857142857143
branching on CartesianIndex(1, 6) with c.
811    21     21         20.7500    23.6929    14.1824    % 
LB close or above UB, fathomed
812    20     21         20.7500    23.6929    14.1824    % 
UB: 23.692857142857143
branching on CartesianIndex(1, 7) with c.
813    21     22         20.7500    23.6929    14.1824    % 
UB: 23.692857142857143
branching on CartesianIndex(2, 7) with c.
814    22     23         20.7500    23.6929    14.1824    % 
LB close or above UB, fathomed
815    21     23         20.7500    23.6929    14.1824    % 
UB: 23.692857142857143
branching on 1 with b.
816    22     24         20.7500    23.6929    14.1824    % 
UB: 23.692857142857143
branching on 2 with b.
817    23     25         20.7500    23.6929    14.1824    % 
LB close or above UB, fathomed
818    22     25         20.7500    23.6929    14.1824    % 
LB close or above UB, fathomed
819    21     24         20.7500    23.6929    14.1824    % 
LB close or above UB, fathomed
820    20     22         20.7500    23.6929    14.1824    % 
LB close or above UB, fathomed
821    19     20         20.7500    23.6929    14.1824    % 
LB close or above UB, fathomed
822    18     19         20.7500    23.6929    14.1824    % 
LB close or above UB, fathomed
823    17     18         20.7500    23.6929    14.1824    % 
LB close or above UB, fathomed
824    16     18         20.7500    23.6929    14.1824    % 
UB: 23.692857142857143
branching on CartesianIndex(1, 5) with c.
825    17     19         20.7500    23.6929    14.1824    % 
UB: 23.692857142857143
branching on CartesianIndex(2, 5) with c.
826    18     20         20.7500    23.6929    14.1824    % 
UB: 23.692857142857143
branching on CartesianIndex(1, 6) with c.
827    19     21         20.7500    23.6929    14.1824    % 
LB close or above UB, fathomed
828    18     21         20.7500    23.6929    14.1824    % 
LB close or above UB, fathomed
829    17     20         20.7500    23.6929    14.1824    % 
LB close or above UB, fathomed
830    16     19         20.7500    23.6929    14.1824    % 
LB close or above UB, fathomed
831    15     22         20.7500    23.6929    14.1824    % 
UB: 23.692857142857143
branching on CartesianIndex(3, 3) with a.
832    16     23         20.7500    23.6929    14.1824    % 
UB: 23.692857142857143
branching on CartesianIndex(4, 3) with a.
833    17     23         20.7500    23.6929    14.1824    % 
LB close or above UB, fathomed
834    16     22         20.7500    23.6929    14.1824    % 
LB close or above UB, fathomed
835    15     20         20.7500    23.6929    14.1824    % 
LB close or above UB, fathomed
836    14     20         20.7500    23.6929    14.1824    % 
UB: 23.692857142857143
branching on CartesianIndex(2, 3) with a.
837    15     21         20.7500    23.6929    14.1824    % 
UB: 23.692857142857143
branching on CartesianIndex(3, 3) with a.
838    16     22         20.7500    23.6929    14.1824    % 
UB: 23.692857142857143
branching on CartesianIndex(4, 3) with a.
839    17     23         20.7500    23.6929    14.1824    % 
UB: 23.692857142857143
branching on CartesianIndex(5, 3) with a.
840    18     24         20.7500    23.6929    14.1824    % 
LB close or above UB, fathomed
841    17     24         20.7500    23.6929    14.1824    % 
LB close or above UB, fathomed
842    16     23         20.7500    23.6929    14.1824    % 
LB close or above UB, fathomed
843    15     22         20.7500    23.6929    14.1824    % 
LB close or above UB, fathomed
844    14     21         20.7500    23.6929    14.1824    % 
LB close or above UB, fathomed
845    13     30         20.7500    23.6929    14.1824    % 
UB: 23.692857142857143
branching on 1 with b.
846    14     31         20.7500    23.6929    14.1824    % 
LB close or above UB, fathomed
847    13     31         20.7500    23.6929    14.1824    % 
UB: 23.692857142857143
branching on 2 with b.
848    14     32         20.7500    23.6929    14.1824    % 
LB close or above UB, fathomed
849    13     32         20.7500    23.6929    14.1824    % 
LB close or above UB, fathomed
850    12     30         20.7500    23.6929    14.1824    % 
LB close or above UB, fathomed
851    11     24         20.7500    23.6929    14.1824    % 
LB close or above UB, fathomed
852    10     24         20.7500    23.6929    14.1824    % 
LB close or above UB, fathomed
853    9      35         20.7500    23.6929    14.1824    % 
LB close or above UB, fathomed
854    8      35         20.7500    23.6929    14.1824    % 
LB close or above UB, fathomed
855    7      24         20.7500    23.6929    14.1824    % 
UB: 23.692857142857143
branching on CartesianIndex(5, 3) with a.
856    8      25         20.7500    23.6929    14.1824    % 
UB: 23.692857142857143
branching on CartesianIndex(6, 3) with a.
857    9      26         20.7500    23.6929    14.1824    % 
UB: 23.692857142857143
branching on CartesianIndex(1, 4) with c.
858    10     27         20.7500    23.6929    14.1824    % 
LB close or above UB, fathomed
859    9      27         20.7500    23.6929    14.1824    % 
UB: 23.692857142857143
branching on CartesianIndex(1, 5) with c.
860    10     28         20.7500    23.6929    14.1824    % 
UB: 23.692857142857143
branching on CartesianIndex(2, 5) with c.
861    11     29         20.7500    23.6929    14.1824    % 
UB: 23.692857142857143
branching on CartesianIndex(1, 6) with c.
862    12     30         20.7500    23.6929    14.1824    % 
LB close or above UB, fathomed
863    11     30         20.7500    23.6929    14.1824    % 
UB: 23.692857142857143
branching on CartesianIndex(1, 7) with c.
864    12     31         20.7500    23.6929    14.1824    % 
UB: 23.692857142857143
branching on CartesianIndex(2, 7) with c.
865    13     32         20.7500    23.6929    14.1824    % 
LB close or above UB, fathomed
866    12     32         20.7500    23.6929    14.1824    % 
UB: 23.692857142857143
branching on 2 with b.
867    13     33         20.7500    23.6929    14.1824    % 
LB close or above UB, fathomed
868    12     33         20.7500    23.6929    14.1824    % 
LB close or above UB, fathomed
869    11     31         20.7500    23.6929    14.1824    % 
LB close or above UB, fathomed
870    10     29         20.7500    23.6929    14.1824    % 
LB close or above UB, fathomed
871    9      28         20.7500    23.6929    14.1824    % 
LB close or above UB, fathomed
872    8      26         20.7500    23.6929    14.1824    % 
LB close or above UB, fathomed
873    7      25         20.7500    23.6929    14.1824    % 
LB close or above UB, fathomed
874    6      24         20.7500    23.6929    14.1824    % 
LB close or above UB, fathomed
875    5      30         20.7500    23.6929    14.1824    % 
UB: 23.692857142857143
branching on CartesianIndex(1, 6) with c.
876    6      31         20.7500    23.6929    14.1824    % 
LB close or above UB, fathomed
877    5      31         20.7500    23.6929    14.1824    % 
UB: 23.692857142857143
branching on CartesianIndex(1, 7) with c.
878    6      32         20.7500    23.6929    14.1824    % 
UB: 23.692857142857143
branching on CartesianIndex(2, 7) with c.
879    7      33         20.7500    23.6929    14.1824    % 
LB close or above UB, fathomed
880    6      33         20.7500    23.6929    14.1824    % 
UB: 23.692857142857143
branching on 1 with b.
881    7      34         20.7500    23.6929    14.1824    % 
UB: 23.692857142857143
branching on 2 with b.
882    8      35         20.7500    23.6929    14.1824    % 
LB close or above UB, fathomed
883    7      35         20.7500    23.6929    14.1824    % 
UB: 23.692857142857143
branching on 3 with b.
884    8      36         20.7500    23.6929    14.1824    % 
UB: 23.692857142857143
branching on 1 with b.
885    9      37         20.7500    23.6929    14.1824    % 
UB: 23.692857142857143
branching on 2 with b.
886    10     38         20.7500    23.6929    14.1824    % 
LB close or above UB, fathomed
887    9      38         20.7500    23.6929    14.1824    % 
LB close or above UB, fathomed
888    8      37         20.7500    23.6929    14.1824    % 
UB: 23.692857142857143
branching on 2 with b.
889    9      38         20.7500    23.6929    14.1824    % 
LB close or above UB, fathomed
890    8      38         20.7500    23.6929    14.1824    % 
LB close or above UB, fathomed
891    7      36         20.7500    23.6929    14.1824    % 
UB: 23.692857142857143
branching on 1 with b.
892    8      37         20.7500    23.6929    14.1824    % 
UB: 23.692857142857143
branching on 2 with b.
893    9      38         20.7500    23.6929    14.1824    % 
LB close or above UB, fathomed
894    8      38         20.7500    23.6929    14.1824    % 
LB close or above UB, fathomed
895    7      37         20.7500    23.6929    14.1824    % 
UB: 23.692857142857143
branching on 2 with b.
896    8      38         20.7500    23.6929    14.1824    % 
LB close or above UB, fathomed
897    7      38         20.7500    23.6929    14.1824    % 
LB close or above UB, fathomed
898    6      34         20.7500    23.6929    14.1824    % 
UB: 23.692857142857143
branching on 2 with b.
899    7      35         20.7500    23.6929    14.1824    % 
LB close or above UB, fathomed
900    6      35         20.7500    23.6929    14.1824    % 
UB: 23.692857142857143
branching on 3 with b.
901    7      36         20.7500    23.6929    14.1824    % 
UB: 23.692857142857143
branching on 1 with b.
902    8      37         20.7500    23.6929    14.1824    % 
UB: 23.692857142857143
branching on 2 with b.
903    9      38         20.7500    23.6929    14.1824    % 
LB close or above UB, fathomed
904    8      38         20.7500    23.6929    14.1824    % 
LB close or above UB, fathomed
905    7      37         20.7500    23.6929    14.1824    % 
LB close or above UB, fathomed
906    6      36         20.7500    23.6929    14.1824    % 
UB: 23.692857142857143
branching on 1 with b.
907    7      37         20.7500    23.6929    14.1824    % 
UB: 23.692857142857143
branching on 2 with b.
908    8      38         20.7500    23.6929    14.1824    % 
LB close or above UB, fathomed
909    7      38         20.7500    23.6929    14.1824    % 
LB close or above UB, fathomed
910    6      37         20.7500    23.6929    14.1824    % 
LB close or above UB, fathomed
911    5      32         20.7500    23.6929    14.1824    % 
LB close or above UB, fathomed
912    4      30         20.7500    23.6929    14.1824    % 
LB close or above UB, fathomed
913    3      22         21.5763    23.6929    9.8098     % 
LB close or above UB, fathomed
914    2      22         21.5763    23.6929    9.8098     % 
LB close or above UB, fathomed
915    1      16         21.8789    23.6929    8.2909     % 
LB close or above UB, fathomed
916    0      16         21.8789    23.6929    8.2909     % 
UB: 23.692857142857143
branching on CartesianIndex(1, 5) with c.
917    1      17         22.2782    23.6929    6.3499     % 
UB: 23.692857142857143
branching on 2 with b.
918    2      17         22.2782    23.6929    6.3499     % 
LB close or above UB, fathomed
919    1      18         22.8219    23.6929    3.8162     % 
UB: 23.692857142857143
branching on CartesianIndex(2, 5) with c.
920    2      19         22.8219    23.6929    3.8162     % 
UB: 23.692857142857143
branching on 3 with b.
921    3      20         22.8219    23.6929    3.8162     % 
LB close or above UB, fathomed
922    2      20         22.8219    23.6929    3.8162     % 
LB close or above UB, fathomed
923    1      19         22.8219    23.6929    3.8162     % 
LB close or above UB, fathomed
924    0      18         22.8219    23.6929    3.8162     % 
LB close or above UB, fathomed
all node solved
solved nodes:  925
925                                                   2.3643e+01     2.3693e+01     0.2115  % 
7×3 Matrix{Float64}:
 0.0  1.0  0.0
 0.0  0.0  0.0
 0.0  0.0  0.0
 0.0  0.0  0.0
 0.0  0.0  0.0
 0.0  0.0  1.0
 1.0  0.0  0.0
3-element Vector{Float64}:
 0.5607594728008045
 0.26752989972758945
 0.1711496965493234
3×7 Matrix{Float64}:
 0.0  0.0  0.0  0.0  1.0  0.0  0.0
 0.0  0.0  0.0  0.0  0.0  1.0  1.0
 0.0  0.0  0.0  1.0  0.0  0.0  0.0
3-element Vector{Float64}:
 1.0
 1.0
 1.0
7×3 Matrix{Float64}:
 1.0  0.0  0.0
 0.0  0.0  0.0
 0.0  0.0  0.0
 0.0  0.0  0.0
 0.0  0.0  0.0
 0.0  1.0  0.0
 0.0  0.0  1.0
3-element Vector{Float64}:
 0.27065206947013265
 0.2363897703720147
 0.5450182602012941
3×7 Matrix{Float64}:
 0.0  0.0  0.0  1.0  0.0  1.0  0.0
 0.0  0.0  0.0  0.0  0.0  0.0  1.0
 0.0  0.0  0.0  0.0  1.0  0.0  0.0
3-element Vector{Float64}:
 1.0
 1.0
 1.0
comparison (CRT and Glb)on prediction: Dict{Bool, Int64}(0 => 2, 1 => 49)
Dataname	 time	 objv	 lb	 gap	 train_w	 train_g	 test_w	 test_g
seeds_655.seeds	 82.61	 23.692857142857143	 23.643	 0.0021	 91.613	 94.839	 92.157	 92.157
