Running 6 processes.
Start training seeds_848.seeds with seed 1.
Any[]
(7, 206)
(7, 103)
(7, 52)
(7, 51)
dimension: 7, class: 3
cart cost: 44.29285714285715
size of X: (7, 155)
ngroups: 6
UB: 29.578571428571426
Iter	left	lev	LB	UB	gap	
0      0      1          3.0696     29.5786    863.5871   % 
UB: 29.578571428571426
branching on 1 with d.
1      1      2          3.0696     29.5786    863.5871   % 
LB close or above UB, fathomed
2      0      2          3.0696     29.5786    863.5871   % 
UB: 29.578571428571426
branching on 2 with d.
3      1      3          3.0696     29.5786    863.5871   % 
UB: 29.578571428571426
branching on 3 with d.
4      2      3          3.0696     29.5786    863.5871   % 
UB: 29.578571428571426
branching on 3 with d.
5      3      4          3.0696     29.5786    863.5871   % 
UB: 29.578571428571426
branching on CartesianIndex(1, 1) with a.
6      4      4          3.0696     29.5786    863.5871   % 
UB: 29.578571428571426
branching on CartesianIndex(1, 1) with a.
7      5      5          3.0783     29.5786    860.8608   % 
UB: 29.578571428571426
branching on 1 with b.
8      6      5          3.0783     29.5786    860.8608   % 
UB: 29.578571428571426
branching on CartesianIndex(1, 2) with a.
9      7      6          6.0212     29.5786    391.2406   % 
UB: 29.578571428571426
branching on 1 with b.
10     8      7          6.0212     29.5786    391.2406   % 
UB: 29.578571428571426
branching on CartesianIndex(2, 1) with a.
11     9      7          6.0212     29.5786    391.2406   % 
UB: 29.578571428571426
branching on 2 with b.
12     10     6          6.0212     29.5786    391.2406   % 
UB: 29.578571428571426
branching on 1 with b.
13     11     8          6.0357     29.5786    390.0592   % 
UB: 29.578571428571426
branching on CartesianIndex(2, 1) with a.
14     12     9          6.0357     29.5786    390.0592   % 
UB: 29.578571428571426
branching on CartesianIndex(3, 1) with a.
15     13     10         6.0357     29.5786    390.0592   % 
UB: 29.578571428571426
branching on CartesianIndex(4, 1) with a.
16     14     11         6.0357     29.5786    390.0592   % 
UB: 29.578571428571426
branching on 3 with b.
17     15     11         6.0357     29.5786    390.0592   % 
UB: 29.578571428571426
branching on 3 with b.
18     16     10         6.0357     29.5786    390.0592   % 
LB close or above UB, fathomed
19     15     9          6.0357     29.5786    390.0592   % 
UB: 29.578571428571426
branching on CartesianIndex(1, 2) with a.
20     16     8          6.0357     29.5786    390.0592   % 
UB: 29.578571428571426
branching on 3 with b.
21     17     10         8.9786     29.5786    229.4352   % 
UB: 29.578571428571426
branching on CartesianIndex(2, 2) with a.
22     18     11         8.9786     29.5786    229.4352   % 
UB: 29.578571428571426
branching on CartesianIndex(3, 2) with a.
23     19     11         8.9786     29.5786    229.4352   % 
UB: 29.578571428571426
branching on 3 with b.
24     20     10         8.9786     29.5786    229.4352   % 
UB: 29.578571428571426
branching on CartesianIndex(1, 3) with a.
25     21     12         8.9786     29.5786    229.4352   % 
UB: 29.578571428571426
branching on CartesianIndex(5, 1) with a.
26     22     13         8.9786     29.5786    229.4352   % 
UB: 29.578571428571426
branching on 1 with b.
27     23     13         8.9786     29.5786    229.4352   % 
UB: 29.578571428571426
branching on CartesianIndex(1, 2) with a.
28     24     12         8.9786     29.5786    229.4352   % 
UB: 29.578571428571426
branching on 1 with b.
29     25     6          8.9786     29.5786    229.4352   % 
UB: 29.578571428571426
branching on CartesianIndex(2, 2) with a.
30     26     7          8.9786     29.5786    229.4352   % 
UB: 29.578571428571426
branching on CartesianIndex(3, 2) with a.
31     27     8          8.9786     29.5786    229.4352   % 
UB: 29.578571428571426
branching on CartesianIndex(4, 2) with a.
32     28     9          8.9786     29.5786    229.4352   % 
UB: 29.578571428571426
branching on 1 with b.
33     29     10         8.9786     29.5786    229.4352   % 
UB: 29.578571428571426
branching on 1 with b.
34     30     11         8.9786     29.5786    229.4352   % 
UB: 29.578571428571426
branching on CartesianIndex(5, 2) with a.
35     31     11         8.9786     29.5786    229.4352   % 
UB: 29.578571428571426
branching on CartesianIndex(5, 2) with a.
36     32     12         8.9786     29.5786    229.4352   % 
UB: 29.578571428571426
branching on CartesianIndex(6, 2) with a.
37     33     13         8.9786     29.5786    229.4352   % 
UB: 29.578571428571426
branching on 2 with b.
38     34     13         8.9786     29.5786    229.4352   % 
UB: 29.578571428571426
branching on CartesianIndex(1, 3) with a.
39     35     12         8.9786     29.5786    229.4352   % 
LB close or above UB, fathomed
40     34     10         8.9786     29.5786    229.4352   % 
LB close or above UB, fathomed
41     33     9          8.9786     29.5786    229.4352   % 
UB: 29.578571428571426
branching on 1 with b.
42     34     8          8.9786     29.5786    229.4352   % 
UB: 29.578571428571426
branching on 1 with b.
43     35     7          8.9786     29.5786    229.4352   % 
UB: 29.578571428571426
branching on 1 with b.
44     36     6          8.9786     29.5786    229.4352   % 
UB: 29.578571428571426
branching on 1 with b.
45     37     14         10.7894    29.5786    174.1453   % 
UB: 29.578571428571426
branching on CartesianIndex(2, 2) with a.
46     38     15         10.7894    29.5786    174.1453   % 
UB: 29.578571428571426
branching on CartesianIndex(3, 2) with a.
47     39     15         10.7894    29.5786    174.1453   % 
LB close or above UB, fathomed
48     38     14         10.7894    29.5786    174.1453   % 
LB close or above UB, fathomed
49     37     14         11.9214    29.5786    148.1126   % 
UB: 29.578571428571426
branching on CartesianIndex(1, 3) with a.
50     38     15         11.9214    29.5786    148.1126   % 
UB: 29.578571428571426
branching on 3 with b.
51     39     16         11.9214    29.5786    148.1126   % 
UB: 29.578571428571426
branching on CartesianIndex(2, 3) with a.
52     40     16         11.9214    29.5786    148.1126   % 
UB: 29.578571428571426
branching on CartesianIndex(2, 3) with a.
53     41     17         11.9214    29.5786    148.1126   % 
UB: 29.578571428571426
branching on CartesianIndex(3, 3) with a.
54     42     18         11.9214    29.5786    148.1126   % 
UB: 29.578571428571426
branching on CartesianIndex(4, 3) with a.
55     43     19         11.9214    29.5786    148.1126   % 
UB: 29.578571428571426
branching on CartesianIndex(5, 3) with a.
56     44     20         11.9214    29.5786    148.1126   % 
UB: 29.578571428571426
branching on CartesianIndex(6, 3) with a.
57     45     21         11.9214    29.5786    148.1126   % 
UB: 29.578571428571426
branching on CartesianIndex(1, 4) with c.
58     46     22         11.9214    29.5786    148.1126   % 
LB close or above UB, fathomed
59     45     22         11.9214    29.5786    148.1126   % 
UB: 29.578571428571426
branching on CartesianIndex(1, 5) with c.
60     46     23         11.9214    29.5786    148.1126   % 
UB: 29.578571428571426
branching on 1 with b.
61     47     24         11.9214    29.5786    148.1126   % 
UB: 29.578571428571426
branching on CartesianIndex(2, 5) with c.
62     48     25         11.9214    29.5786    148.1126   % 
UB: 29.578571428571426
branching on CartesianIndex(1, 6) with c.
63     49     26         11.9214    29.5786    148.1126   % 
LB close or above UB, fathomed
64     48     26         11.9214    29.5786    148.1126   % 
UB: 29.578571428571426
branching on CartesianIndex(1, 7) with c.
65     49     27         11.9214    29.5786    148.1126   % 
UB: 29.578571428571426
branching on 2 with b.
66     50     28         11.9214    29.5786    148.1126   % 
UB: 29.578571428571426
branching on CartesianIndex(2, 7) with c.
67     51     29         11.9214    29.5786    148.1126   % 
LB close or above UB, fathomed
68     50     29         11.9214    29.5786    148.1126   % 
UB: 29.578571428571426
branching on 3 with b.
69     51     30         11.9214    29.5786    148.1126   % 
UB: 29.578571428571426
branching on 1 with b.
70     52     31         11.9214    29.5786    148.1126   % 
UB: 29.578571428571426
branching on 2 with b.
71     53     32         11.9214    29.5786    148.1126   % 
UB: 29.578571428571426
branching on 3 with b.
72     54     32         11.9214    29.5786    148.1126   % 
UB: 29.578571428571426
branching on 3 with b.
73     55     33         11.9214    29.5786    148.1126   % 
UB: 29.578571428571426
branching on 1 with b.
74     56     34         11.9214    29.5786    148.1126   % 
UB: 29.578571428571426
branching on 2 with b.
75     57     35         11.9214    29.5786    148.1126   % 
UB: 29.578571428571426
branching on 3 with b.
76     58     35         11.9214    29.5786    148.1126   % 
UB: 29.578571428571426
branching on 3 with b.
77     59     34         11.9214    29.5786    148.1126   % 
UB: 29.578571428571426
branching on 2 with b.
78     60     33         11.9214    29.5786    148.1126   % 
LB close or above UB, fathomed
79     59     31         11.9214    29.5786    148.1126   % 
UB: 29.578571428571426
branching on 2 with b.
80     60     30         11.9214    29.5786    148.1126   % 
LB close or above UB, fathomed
81     59     28         11.9214    29.5786    148.1126   % 
LB close or above UB, fathomed
82     58     27         11.9214    29.5786    148.1126   % 
LB close or above UB, fathomed
83     57     25         11.9214    29.5786    148.1126   % 
LB close or above UB, fathomed
84     56     24         11.9214    29.5786    148.1126   % 
LB close or above UB, fathomed
85     55     23         11.9214    29.5786    148.1126   % 
LB close or above UB, fathomed
86     54     21         11.9214    29.5786    148.1126   % 
LB close or above UB, fathomed
87     53     20         11.9214    29.5786    148.1126   % 
LB close or above UB, fathomed
88     52     19         11.9214    29.5786    148.1126   % 
UB: 29.578571428571426
branching on 1 with b.
89     53     18         11.9214    29.5786    148.1126   % 
LB close or above UB, fathomed
90     52     17         11.9214    29.5786    148.1126   % 
UB: 29.578571428571426
branching on 1 with b.
91     53     15         11.9214    29.5786    148.1126   % 
UB: 29.578571428571426
branching on CartesianIndex(1, 4) with c.
92     54     14         11.9214    29.5786    148.1126   % 
LB close or above UB, fathomed
93     53     13         11.9214    29.5786    148.1126   % 
UB: 29.578571428571426
branching on CartesianIndex(5, 1) with a.
94     54     13         11.9214    29.5786    148.1126   % 
UB: 29.578571428571426
branching on CartesianIndex(5, 1) with a.
95     55     12         11.9214    29.5786    148.1126   % 
UB: 29.578571428571426
branching on 3 with b.
96     56     13         11.9214    29.5786    148.1126   % 
UB: 29.578571428571426
branching on CartesianIndex(4, 2) with a.
97     57     13         11.9214    29.5786    148.1126   % 
UB: 29.578571428571426
branching on CartesianIndex(4, 2) with a.
98     58     14         11.9214    29.5786    148.1126   % 
UB: 29.578571428571426
branching on CartesianIndex(5, 2) with a.
99     59     15         11.9214    29.5786    148.1126   % 
UB: 29.578571428571426
branching on CartesianIndex(6, 2) with a.
100    60     16         11.9214    29.5786    148.1126   % 
UB: 29.578571428571426
branching on CartesianIndex(1, 3) with a.
101    61     16         11.9214    29.5786    148.1126   % 
UB: 29.578571428571426
branching on CartesianIndex(1, 3) with a.
102    62     15         11.9214    29.5786    148.1126   % 
UB: 29.578571428571426
branching on 1 with b.
103    63     14         11.9214    29.5786    148.1126   % 
UB: 29.578571428571426
branching on CartesianIndex(1, 3) with a.
104    64     12         11.9214    29.5786    148.1126   % 
UB: 29.578571428571426
branching on CartesianIndex(1, 3) with a.
105    65     17         14.8643    29.5786    98.9909    % 
UB: 29.578571428571426
branching on CartesianIndex(2, 3) with a.
106    66     18         14.8643    29.5786    98.9909    % 
UB: 29.578571428571426
branching on CartesianIndex(3, 3) with a.
107    67     19         14.8643    29.5786    98.9909    % 
UB: 29.578571428571426
branching on CartesianIndex(4, 3) with a.
108    68     20         14.8643    29.5786    98.9909    % 
UB: 29.578571428571426
branching on CartesianIndex(5, 3) with a.
109    69     21         14.8643    29.5786    98.9909    % 
UB: 29.578571428571426
branching on CartesianIndex(6, 3) with a.
110    70     22         14.8643    29.5786    98.9909    % 
UB: 29.578571428571426
branching on CartesianIndex(1, 4) with c.
111    71     23         14.8643    29.5786    98.9909    % 
LB close or above UB, fathomed
112    70     23         14.8643    29.5786    98.9909    % 
UB: 29.578571428571426
branching on CartesianIndex(1, 5) with c.
113    71     24         14.8643    29.5786    98.9909    % 
UB: 29.578571428571426
branching on CartesianIndex(2, 5) with c.
114    72     25         14.8643    29.5786    98.9909    % 
UB: 29.578571428571426
branching on 1 with b.
115    73     26         14.8643    29.5786    98.9909    % 
UB: 29.578571428571426
branching on 2 with b.
116    74     26         14.8643    29.5786    98.9909    % 
LB close or above UB, fathomed
117    73     25         14.8643    29.5786    98.9909    % 
LB close or above UB, fathomed
118    72     24         14.8643    29.5786    98.9909    % 
LB close or above UB, fathomed
119    71     22         14.8643    29.5786    98.9909    % 
LB close or above UB, fathomed
120    70     21         14.8643    29.5786    98.9909    % 
LB close or above UB, fathomed
121    69     20         14.8643    29.5786    98.9909    % 
UB: 29.578571428571426
branching on CartesianIndex(1, 4) with c.
122    70     19         14.8643    29.5786    98.9909    % 
LB close or above UB, fathomed
123    69     18         14.8643    29.5786    98.9909    % 
UB: 29.578571428571426
branching on CartesianIndex(1, 4) with c.
124    70     17         14.8643    29.5786    98.9909    % 
LB close or above UB, fathomed
125    69     36         14.8643    29.5786    98.9909    % 
UB: 29.578571428571426
branching on 1 with b.
126    70     37         14.8643    29.5786    98.9909    % 
UB: 29.578571428571426
branching on 2 with b.
127    71     38         14.8643    29.5786    98.9909    % 
UB: 29.578571428571426
branching on 3 with b.
128    72     38         14.8643    29.5786    98.9909    % 
UB: 29.578571428571426
branching on 3 with b.
129    73     37         14.8643    29.5786    98.9909    % 
UB: 29.578571428571426
branching on 2 with b.
130    74     36         14.8643    29.5786    98.9909    % 
UB: 29.578571428571426
branching on 1 with b.
131    75     16         14.8643    29.5786    98.9909    % 
UB: 29.578571428571426
branching on CartesianIndex(4, 2) with a.
132    76     16         14.8643    29.5786    98.9909    % 
LB close or above UB, fathomed
133    75     14         14.8643    29.5786    98.9909    % 
UB: 29.578571428571426
branching on 2 with b.
134    76     15         14.8643    29.5786    98.9909    % 
UB: 29.578571428571426
branching on CartesianIndex(2, 3) with a.
135    77     15         14.8643    29.5786    98.9909    % 
LB close or above UB, fathomed
136    76     14         14.8643    29.5786    98.9909    % 
LB close or above UB, fathomed
137    75     9          14.8643    29.5786    98.9909    % 
UB: 29.578571428571426
branching on CartesianIndex(2, 1) with a.
138    76     9          14.8643    29.5786    98.9909    % 
UB: 29.578571428571426
branching on CartesianIndex(2, 1) with a.
139    77     16         14.8643    29.5786    98.9909    % 
UB: 29.578571428571426
branching on CartesianIndex(3, 3) with a.
140    78     16         14.8643    29.5786    98.9909    % 
UB: 29.578571428571426
branching on 3 with b.
141    79     17         14.8643    29.5786    98.9909    % 
UB: 29.578571428571426
branching on 3 with b.
142    80     18         14.8643    29.5786    98.9909    % 
UB: 29.578571428571426
branching on CartesianIndex(4, 3) with a.
143    81     18         14.8643    29.5786    98.9909    % 
UB: 29.578571428571426
branching on CartesianIndex(4, 3) with a.
144    82     17         14.8643    29.5786    98.9909    % 
LB close or above UB, fathomed
145    81     27         14.8643    29.5786    98.9909    % 
UB: 29.578571428571426
branching on CartesianIndex(1, 6) with c.
146    82     28         14.8643    29.5786    98.9909    % 
LB close or above UB, fathomed
147    81     28         14.8643    29.5786    98.9909    % 
UB: 29.578571428571426
branching on CartesianIndex(1, 7) with c.
148    82     29         14.8643    29.5786    98.9909    % 
UB: 29.578571428571426
branching on 3 with b.
149    83     30         14.8643    29.5786    98.9909    % 
UB: 29.578571428571426
branching on CartesianIndex(2, 7) with c.
150    84     31         14.8643    29.5786    98.9909    % 
LB close or above UB, fathomed
151    83     31         14.8643    29.5786    98.9909    % 
UB: 29.578571428571426
branching on 1 with b.
152    84     32         14.8643    29.5786    98.9909    % 
UB: 29.578571428571426
branching on 2 with b.
153    85     32         14.8643    29.5786    98.9909    % 
UB: 29.578571428571426
branching on 2 with b.
154    86     30         14.8643    29.5786    98.9909    % 
LB close or above UB, fathomed
155    85     29         14.8643    29.5786    98.9909    % 
LB close or above UB, fathomed
156    84     27         14.8643    29.5786    98.9909    % 
LB close or above UB, fathomed
157    83     33         17.8071    29.5786    66.1051    % 
UB: 29.578571428571426
branching on 3 with b.
158    84     33         17.8071    29.5786    66.1051    % 
UB: 29.578571428571426
branching on 3 with b.
159    85     34         17.8071    29.5786    66.1051    % 
UB: 29.578571428571426
branching on 1 with b.
160    86     34         17.8071    29.5786    66.1051    % 
LB close or above UB, fathomed
161    85     35         17.8071    29.5786    66.1051    % 
UB: 29.578571428571426
branching on 2 with b.
162    86     36         17.8071    29.5786    66.1051    % 
UB: 29.578571428571426
branching on 3 with b.
163    87     37         17.8071    29.5786    66.1051    % 
UB: 29.578571428571426
branching on 1 with b.
164    88     38         17.8071    29.5786    66.1051    % 
UB: 29.578571428571426
branching on 2 with b.
165    89     38         17.8071    29.5786    66.1051    % 
UB: 29.578571428571426
branching on 2 with b.
166    90     37         17.8071    29.5786    66.1051    % 
UB: 29.578571428571426
branching on 1 with b.
167    91     36         17.8071    29.5786    66.1051    % 
UB: 29.578571428571426
branching on 3 with b.
168    92     35         17.8071    29.5786    66.1051    % 
UB: 29.578571428571426
branching on 2 with b.
169    93     36         17.8071    29.5786    66.1051    % 
UB: 29.578571428571426
branching on 3 with b.
170    94     36         17.8071    29.5786    66.1051    % 
UB: 29.578571428571426
branching on 3 with b.
171    95     19         17.8071    29.5786    66.1051    % 
UB: 29.578571428571426
branching on CartesianIndex(5, 3) with a.
172    96     19         17.8071    29.5786    66.1051    % 
UB: 29.578571428571426
branching on CartesianIndex(1, 4) with c.
173    97     10         17.8071    29.5786    66.1051    % 
UB: 29.578571428571426
branching on CartesianIndex(3, 1) with a.
174    98     10         17.8071    29.5786    66.1051    % 
UB: 29.578571428571426
branching on CartesianIndex(1, 2) with a.
175    99     38         17.8071    29.5786    66.1051    % 
UB: 29.578571428571426
branching on 3 with b.
176    100    38         17.8071    29.5786    66.1051    % 
UB: 29.578571428571426
branching on 3 with b.
177    101    39         17.8071    29.5786    66.1051    % 
UB: 29.578571428571426
branching on 1 with b.
178    102    40         17.8071    29.5786    66.1051    % 
UB: 29.578571428571426
branching on 2 with b.
179    103    40         17.8071    29.5786    66.1051    % 
UB: 29.578571428571426
branching on 2 with b.
180    104    39         17.8071    29.5786    66.1051    % 
UB: 29.578571428571426
branching on 1 with b.
181    105    14         17.8071    29.5786    66.1051    % 
UB: 29.578571428571426
branching on CartesianIndex(6, 1) with a.
182    106    14         17.8071    29.5786    66.1051    % 
UB: 29.578571428571426
branching on 2 with b.
183    107    15         17.8071    29.5786    66.1051    % 
UB: 29.578571428571426
branching on CartesianIndex(1, 2) with a.
184    108    16         17.8071    29.5786    66.1051    % 
UB: 29.578571428571426
branching on CartesianIndex(2, 2) with a.
185    109    17         17.8071    29.5786    66.1051    % 
UB: 29.578571428571426
branching on 3 with b.
186    110    17         17.8071    29.5786    66.1051    % 
LB close or above UB, fathomed
187    109    16         17.8071    29.5786    66.1051    % 
LB close or above UB, fathomed
188    108    15         17.8071    29.5786    66.1051    % 
UB: 29.578571428571426
branching on CartesianIndex(1, 2) with a.
189    109    16         17.8071    29.5786    66.1051    % 
UB: 29.578571428571426
branching on CartesianIndex(2, 2) with a.
190    110    17         17.8071    29.5786    66.1051    % 
UB: 29.578571428571426
branching on CartesianIndex(3, 2) with a.
191    111    17         17.8071    29.5786    66.1051    % 
LB close or above UB, fathomed
192    110    16         17.8071    29.5786    66.1051    % 
LB close or above UB, fathomed
193    109    14         17.8071    29.5786    66.1051    % 
LB close or above UB, fathomed
194    108    14         17.8071    29.5786    66.1051    % 
UB: 29.578571428571426
branching on 2 with b.
195    109    15         17.8071    29.5786    66.1051    % 
UB: 29.578571428571426
branching on 3 with b.
196    110    16         17.8071    29.5786    66.1051    % 
UB: 29.578571428571426
branching on CartesianIndex(1, 2) with a.
197    111    17         17.8071    29.5786    66.1051    % 
UB: 29.578571428571426
branching on CartesianIndex(2, 2) with a.
198    112    18         17.8071    29.5786    66.1051    % 
UB: 29.578571428571426
branching on 1 with b.
199    113    19         17.8071    29.5786    66.1051    % 
LB close or above UB, fathomed
200    112    19         17.8071    29.5786    66.1051    % 
UB: 29.578571428571426
branching on CartesianIndex(3, 2) with a.
201    113    18         17.8071    29.5786    66.1051    % 
LB close or above UB, fathomed
202    112    17         17.8071    29.5786    66.1051    % 
LB close or above UB, fathomed
203    111    16         17.8071    29.5786    66.1051    % 
LB close or above UB, fathomed
204    110    15         17.8071    29.5786    66.1051    % 
UB: 29.578571428571426
branching on 3 with b.
205    111    36         17.8071    29.5786    66.1051    % 
UB: 29.578571428571426
branching on 1 with b.
206    112    37         17.8071    29.5786    66.1051    % 
UB: 29.578571428571426
branching on 2 with b.
207    113    38         17.8071    29.5786    66.1051    % 
UB: 29.578571428571426
branching on 3 with b.
208    114    38         17.8071    29.5786    66.1051    % 
UB: 29.578571428571426
branching on 3 with b.
209    115    37         17.8071    29.5786    66.1051    % 
UB: 29.578571428571426
branching on 2 with b.
210    116    36         17.8071    29.5786    66.1051    % 
UB: 29.578571428571426
branching on 1 with b.
211    117    9          17.8071    29.5786    66.1051    % 
UB: 29.578571428571426
branching on 1 with b.
212    118    10         17.8071    29.5786    66.1051    % 
UB: 29.578571428571426
branching on 2 with b.
213    119    10         17.8071    29.5786    66.1051    % 
UB: 29.578571428571426
branching on CartesianIndex(1, 3) with a.
214    120    9          17.8071    29.5786    66.1051    % 
LB close or above UB, fathomed
215    119    12         17.8071    29.5786    66.1051    % 
UB: 29.578571428571426
branching on 2 with b.
216    120    13         17.8071    29.5786    66.1051    % 
UB: 29.578571428571426
branching on CartesianIndex(6, 2) with a.
217    121    14         17.8071    29.5786    66.1051    % 
UB: 29.578571428571426
branching on 3 with b.
218    122    14         17.8071    29.5786    66.1051    % 
UB: 29.578571428571426
branching on CartesianIndex(1, 3) with a.
219    123    13         17.8071    29.5786    66.1051    % 
LB close or above UB, fathomed
220    122    12         17.8071    29.5786    66.1051    % 
LB close or above UB, fathomed
221    121    12         17.8071    29.5786    66.1051    % 
UB: 29.578571428571426
branching on CartesianIndex(1, 2) with a.
222    122    12         17.8071    29.5786    66.1051    % 
UB: 29.578571428571426
branching on CartesianIndex(1, 2) with a.
223    123    20         17.8071    29.5786    66.1051    % 
UB: 29.578571428571426
branching on CartesianIndex(6, 3) with a.
224    124    21         17.8071    29.5786    66.1051    % 
UB: 29.578571428571426
branching on CartesianIndex(1, 4) with c.
225    125    22         17.8071    29.5786    66.1051    % 
LB close or above UB, fathomed
226    124    22         17.8071    29.5786    66.1051    % 
UB: 29.578571428571426
branching on CartesianIndex(1, 5) with c.
227    125    23         17.8071    29.5786    66.1051    % 
UB: 29.578571428571426
branching on 1 with b.
228    126    24         17.8071    29.5786    66.1051    % 
UB: 29.578571428571426
branching on CartesianIndex(2, 5) with c.
229    127    25         17.8071    29.5786    66.1051    % 
UB: 29.578571428571426
branching on CartesianIndex(1, 6) with c.
230    128    26         17.8071    29.5786    66.1051    % 
LB close or above UB, fathomed
231    127    26         17.8071    29.5786    66.1051    % 
UB: 29.578571428571426
branching on CartesianIndex(1, 7) with c.
232    128    27         17.8071    29.5786    66.1051    % 
UB: 29.578571428571426
branching on CartesianIndex(2, 7) with c.
233    129    28         17.8071    29.5786    66.1051    % 
LB close or above UB, fathomed
234    128    28         17.8071    29.5786    66.1051    % 
UB: 29.578571428571426
branching on 2 with b.
235    129    29         17.8071    29.5786    66.1051    % 
UB: 29.578571428571426
branching on 3 with b.
236    130    29         17.8071    29.5786    66.1051    % 
UB: 29.578571428571426
branching on 3 with b.
237    131    30         17.8071    29.5786    66.1051    % 
UB: 29.578571428571426
branching on 1 with b.
238    132    31         17.8071    29.5786    66.1051    % 
UB: 29.578571428571426
branching on 2 with b.
239    133    32         17.8071    29.5786    66.1051    % 
UB: 29.578571428571426
branching on 3 with b.
240    134    33         17.8071    29.5786    66.1051    % 
UB: 29.578571428571426
branching on 1 with b.
241    135    34         17.8071    29.5786    66.1051    % 
UB: 29.578571428571426
branching on 2 with b.
242    136    35         17.8071    29.5786    66.1051    % 
UB: 29.578571428571426
branching on 3 with b.
243    137    35         17.8071    29.5786    66.1051    % 
UB: 29.578571428571426
branching on 3 with b.
244    138    34         17.8071    29.5786    66.1051    % 
UB: 29.578571428571426
branching on 2 with b.
245    139    33         17.8071    29.5786    66.1051    % 
LB close or above UB, fathomed
246    138    32         17.8071    29.5786    66.1051    % 
LB close or above UB, fathomed
247    137    31         17.8071    29.5786    66.1051    % 
UB: 29.578571428571426
branching on 2 with b.
248    138    30         17.8071    29.5786    66.1051    % 
LB close or above UB, fathomed
249    137    27         17.8071    29.5786    66.1051    % 
LB close or above UB, fathomed
250    136    25         17.8071    29.5786    66.1051    % 
LB close or above UB, fathomed
251    135    24         17.8071    29.5786    66.1051    % 
LB close or above UB, fathomed
252    134    23         17.8071    29.5786    66.1051    % 
LB close or above UB, fathomed
253    133    21         17.8071    29.5786    66.1051    % 
LB close or above UB, fathomed
254    132    20         17.8071    29.5786    66.1051    % 
LB close or above UB, fathomed
255    131    13         17.8071    29.5786    66.1051    % 
UB: 29.578571428571426
branching on CartesianIndex(2, 3) with a.
256    132    14         17.8071    29.5786    66.1051    % 
UB: 29.578571428571426
branching on 3 with b.
257    133    15         17.8071    29.5786    66.1051    % 
UB: 29.578571428571426
branching on CartesianIndex(3, 3) with a.
258    134    15         17.8071    29.5786    66.1051    % 
UB: 29.578571428571426
branching on CartesianIndex(3, 3) with a.
259    135    16         17.8071    29.5786    66.1051    % 
UB: 29.578571428571426
branching on 1 with b.
260    136    17         17.8071    29.5786    66.1051    % 
UB: 29.578571428571426
branching on CartesianIndex(4, 3) with a.
261    137    18         17.8071    29.5786    66.1051    % 
UB: 29.578571428571426
branching on CartesianIndex(5, 3) with a.
262    138    19         17.8071    29.5786    66.1051    % 
UB: 29.578571428571426
branching on CartesianIndex(6, 3) with a.
263    139    20         17.8071    29.5786    66.1051    % 
UB: 29.578571428571426
branching on CartesianIndex(1, 4) with c.
264    140    21         17.8071    29.5786    66.1051    % 
UB: 29.578571428571426
branching on CartesianIndex(2, 4) with c.
265    141    21         17.8071    29.5786    66.1051    % 
LB close or above UB, fathomed
266    140    20         17.8071    29.5786    66.1051    % 
LB close or above UB, fathomed
267    139    19         17.8071    29.5786    66.1051    % 
LB close or above UB, fathomed
268    138    18         17.8071    29.5786    66.1051    % 
UB: 29.578571428571426
branching on 2 with b.
269    139    17         17.8071    29.5786    66.1051    % 
LB close or above UB, fathomed
270    138    16         17.8071    29.5786    66.1051    % 
LB close or above UB, fathomed
271    137    14         17.8071    29.5786    66.1051    % 
LB close or above UB, fathomed
272    136    13         17.8071    29.5786    66.1051    % 
LB close or above UB, fathomed
273    135    10         20.7500    29.5786    42.5473    % 
UB: 29.578571428571426
branching on CartesianIndex(3, 1) with a.
274    136    10         20.7500    29.5786    42.5473    % 
LB close or above UB, fathomed
275    135    32         20.7500    29.5786    42.5473    % 
LB close or above UB, fathomed
276    134    32         20.7500    29.5786    42.5473    % 
UB: 29.578571428571426
branching on 3 with b.
277    135    33         20.7500    29.5786    42.5473    % 
UB: 29.578571428571426
branching on 1 with b.
278    136    33         20.7500    29.5786    42.5473    % 
LB close or above UB, fathomed
279    135    34         20.7500    29.5786    42.5473    % 
UB: 29.578571428571426
branching on 2 with b.
280    136    35         20.7500    29.5786    42.5473    % 
LB close or above UB, fathomed
281    135    35         20.7500    29.5786    42.5473    % 
UB: 29.578571428571426
branching on 3 with b.
282    136    34         20.7500    29.5786    42.5473    % 
LB close or above UB, fathomed
283    135    30         20.7500    29.5786    42.5473    % 
UB: 29.578571428571426
branching on 1 with b.
284    136    31         20.7500    29.5786    42.5473    % 
UB: 29.578571428571426
branching on 2 with b.
285    137    32         20.7500    29.5786    42.5473    % 
LB close or above UB, fathomed
286    136    32         20.7500    29.5786    42.5473    % 
UB: 29.578571428571426
branching on 3 with b.
287    137    33         20.7500    29.5786    42.5473    % 
UB: 29.578571428571426
branching on 1 with b.
288    138    34         20.7500    29.5786    42.5473    % 
UB: 29.578571428571426
branching on 2 with b.
289    139    35         20.7500    29.5786    42.5473    % 
LB close or above UB, fathomed
290    138    35         20.7500    29.5786    42.5473    % 
UB: 29.578571428571426
branching on 3 with b.
291    139    34         20.7500    29.5786    42.5473    % 
UB: 29.578571428571426
branching on 2 with b.
292    140    33         20.7500    29.5786    42.5473    % 
LB close or above UB, fathomed
293    139    31         20.7500    29.5786    42.5473    % 
LB close or above UB, fathomed
294    138    30         20.7500    29.5786    42.5473    % 
LB close or above UB, fathomed
295    137    13         20.7500    29.5786    42.5473    % 
UB: 29.578571428571426
branching on CartesianIndex(2, 2) with a.
296    138    14         20.7500    29.5786    42.5473    % 
UB: 29.578571428571426
branching on CartesianIndex(3, 2) with a.
297    139    15         20.7500    29.5786    42.5473    % 
UB: 29.578571428571426
branching on 1 with b.
298    140    16         20.7500    29.5786    42.5473    % 
UB: 29.578571428571426
branching on CartesianIndex(4, 2) with a.
299    141    16         20.7500    29.5786    42.5473    % 
UB: 29.578571428571426
branching on 2 with b.
300    142    15         20.7500    29.5786    42.5473    % 
LB close or above UB, fathomed
301    141    14         20.7500    29.5786    42.5473    % 
LB close or above UB, fathomed
302    140    13         20.7500    29.5786    42.5473    % 
LB close or above UB, fathomed
303    139    13         20.7500    29.5786    42.5473    % 
UB: 29.578571428571426
branching on CartesianIndex(2, 2) with a.
304    140    13         20.7500    29.5786    42.5473    % 
LB close or above UB, fathomed
305    139    15         20.7500    29.5786    42.5473    % 
LB close or above UB, fathomed
306    138    15         20.7500    29.5786    42.5473    % 
UB: 29.578571428571426
branching on CartesianIndex(1, 3) with a.
307    139    16         20.7500    29.5786    42.5473    % 
UB: 29.578571428571426
branching on 1 with b.
308    140    17         20.7500    29.5786    42.5473    % 
LB close or above UB, fathomed
309    139    17         20.7500    29.5786    42.5473    % 
UB: 29.578571428571426
branching on CartesianIndex(2, 3) with a.
310    140    18         20.7500    29.5786    42.5473    % 
UB: 29.578571428571426
branching on CartesianIndex(3, 3) with a.
311    141    19         20.7500    29.5786    42.5473    % 
UB: 29.578571428571426
branching on CartesianIndex(4, 3) with a.
312    142    20         20.7500    29.5786    42.5473    % 
UB: 29.578571428571426
branching on CartesianIndex(5, 3) with a.
313    143    21         20.7500    29.5786    42.5473    % 
UB: 29.578571428571426
branching on 2 with b.
314    144    22         20.7500    29.5786    42.5473    % 
UB: 29.578571428571426
branching on 3 with b.
315    145    22         20.7500    29.5786    42.5473    % 
UB: 29.578571428571426
branching on 3 with b.
316    146    21         20.7500    29.5786    42.5473    % 
LB close or above UB, fathomed
317    145    20         20.7500    29.5786    42.5473    % 
LB close or above UB, fathomed
318    144    19         20.7500    29.5786    42.5473    % 
LB close or above UB, fathomed
319    143    18         20.7500    29.5786    42.5473    % 
LB close or above UB, fathomed
320    142    16         20.7500    29.5786    42.5473    % 
LB close or above UB, fathomed
321    141    11         20.7500    29.5786    42.5473    % 
UB: 29.578571428571426
branching on CartesianIndex(2, 3) with a.
322    142    12         20.7500    29.5786    42.5473    % 
UB: 29.578571428571426
branching on 2 with b.
323    143    13         20.7500    29.5786    42.5473    % 
UB: 29.578571428571426
branching on CartesianIndex(3, 3) with a.
324    144    13         20.7500    29.5786    42.5473    % 
UB: 29.578571428571426
branching on CartesianIndex(3, 3) with a.
325    145    12         20.7500    29.5786    42.5473    % 
LB close or above UB, fathomed
326    144    11         20.7500    29.5786    42.5473    % 
LB close or above UB, fathomed
327    143    38         20.7500    29.5786    42.5473    % 
UB: 29.578571428571426
branching on 3 with b.
328    144    38         20.7500    29.5786    42.5473    % 
UB: 29.578571428571426
branching on 3 with b.
329    145    39         20.7500    29.5786    42.5473    % 
UB: 29.578571428571426
branching on 1 with b.
330    146    40         20.7500    29.5786    42.5473    % 
UB: 29.578571428571426
branching on 2 with b.
331    147    40         20.7500    29.5786    42.5473    % 
UB: 29.578571428571426
branching on 2 with b.
332    148    39         20.7500    29.5786    42.5473    % 
UB: 29.578571428571426
branching on 1 with b.
333    149    39         20.7500    29.5786    42.5473    % 
UB: 26.635714285714286
branching on 1 with b.
334    150    40         20.7500    26.6357    28.3649    % 
LB close or above UB, fathomed
335    109    40         20.7500    26.6357    28.3649    % 
UB: 26.635714285714286
branching on 2 with b.
336    110    39         20.7500    26.6357    28.3649    % 
LB close or above UB, fathomed
337    109    16         20.7500    26.6357    28.3649    % 
UB: 26.635714285714286
branching on CartesianIndex(1, 2) with a.
338    110    16         20.7500    26.6357    28.3649    % 
LB close or above UB, fathomed
339    109    20         20.7500    26.6357    28.3649    % 
UB: 26.635714285714286
branching on CartesianIndex(4, 2) with a.
340    110    20         20.7500    26.6357    28.3649    % 
LB close or above UB, fathomed
341    109    18         20.7500    26.6357    28.3649    % 
UB: 26.635714285714286
branching on CartesianIndex(4, 2) with a.
342    110    18         20.7500    26.6357    28.3649    % 
LB close or above UB, fathomed
343    109    18         20.7500    26.6357    28.3649    % 
UB: 26.635714285714286
branching on 1 with b.
344    110    19         20.7500    26.6357    28.3649    % 
UB: 26.635714285714286
branching on CartesianIndex(3, 2) with a.
345    111    20         20.7500    26.6357    28.3649    % 
UB: 26.635714285714286
branching on CartesianIndex(4, 2) with a.
346    112    21         20.7500    26.6357    28.3649    % 
UB: 26.635714285714286
branching on CartesianIndex(5, 2) with a.
347    113    22         20.7500    26.6357    28.3649    % 
UB: 26.635714285714286
branching on CartesianIndex(6, 2) with a.
348    114    23         20.7500    26.6357    28.3649    % 
UB: 26.635714285714286
branching on CartesianIndex(1, 3) with a.
349    115    23         20.7500    26.6357    28.3649    % 
LB close or above UB, fathomed
350    114    22         20.7500    26.6357    28.3649    % 
LB close or above UB, fathomed
351    113    21         20.7500    26.6357    28.3649    % 
LB close or above UB, fathomed
352    112    20         20.7500    26.6357    28.3649    % 
LB close or above UB, fathomed
353    111    19         20.7500    26.6357    28.3649    % 
LB close or above UB, fathomed
354    110    18         20.7500    26.6357    28.3649    % 
LB close or above UB, fathomed
355    109    41         20.7500    26.6357    28.3649    % 
UB: 26.635714285714286
branching on 3 with b.
356    110    42         20.7500    26.6357    28.3649    % 
UB: 26.635714285714286
branching on 1 with b.
357    111    43         20.7500    26.6357    28.3649    % 
UB: 26.635714285714286
branching on 2 with b.
358    112    43         20.7500    26.6357    28.3649    % 
UB: 26.635714285714286
branching on 2 with b.
359    113    44         20.7500    26.6357    28.3649    % 
UB: 26.635714285714286
branching on 3 with b.
360    114    45         20.7500    26.6357    28.3649    % 
UB: 26.635714285714286
branching on 1 with b.
361    114    45         20.7500    26.6357    28.3649    % 
UB: 26.635714285714286
branching on 1 with b.
362    114    44         20.7500    26.6357    28.3649    % 
UB: 26.635714285714286
branching on 3 with b.
363    115    42         20.7500    26.6357    28.3649    % 
UB: 26.635714285714286
branching on 1 with b.
364    116    41         20.7500    26.6357    28.3649    % 
LB close or above UB, fathomed
365    115    39         20.7500    26.6357    28.3649    % 
UB: 26.635714285714286
branching on 1 with b.
366    116    40         20.7500    26.6357    28.3649    % 
UB: 26.635714285714286
branching on 2 with b.
367    117    41         20.7500    26.6357    28.3649    % 
UB: 26.635714285714286
branching on 3 with b.
368    118    42         20.7500    26.6357    28.3649    % 
UB: 26.635714285714286
branching on 1 with b.
369    118    43         20.7500    26.6357    28.3649    % 
UB: 26.635714285714286
branching on 2 with b.
370    119    44         20.7500    26.6357    28.3649    % 
UB: 26.635714285714286
branching on 3 with b.
371    120    45         20.7500    26.6357    28.3649    % 
UB: 26.635714285714286
branching on 1 with b.
372    120    45         20.7500    26.6357    28.3649    % 
UB: 26.635714285714286
branching on 1 with b.
373    120    44         20.7500    26.6357    28.3649    % 
UB: 26.635714285714286
branching on 3 with b.
374    121    42         20.7500    26.6357    28.3649    % 
branching on 1 with b.
375    121    41         20.7500    23.6929    14.1824    % 
LB close or above UB, fathomed
376    33     40         20.7500    23.6929    14.1824    % 
LB close or above UB, fathomed
377    32     39         20.7500    23.6929    14.1824    % 
LB close or above UB, fathomed
378    31     11         20.7500    23.6929    14.1824    % 
UB: 23.692857142857143
branching on CartesianIndex(4, 1) with a.
379    32     12         20.7500    23.6929    14.1824    % 
LB close or above UB, fathomed
380    31     12         20.7500    23.6929    14.1824    % 
LB close or above UB, fathomed
381    30     11         20.7500    23.6929    14.1824    % 
LB close or above UB, fathomed
382    29     37         20.7500    23.6929    14.1824    % 
UB: 23.692857142857143
branching on 1 with b.
383    30     38         20.7500    23.6929    14.1824    % 
LB close or above UB, fathomed
384    29     38         20.7500    23.6929    14.1824    % 
LB close or above UB, fathomed
385    28     37         20.7500    23.6929    14.1824    % 
LB close or above UB, fathomed
386    27     39         20.7500    23.6929    14.1824    % 
LB close or above UB, fathomed
387    26     39         20.7500    23.6929    14.1824    % 
LB close or above UB, fathomed
388    25     33         20.7500    23.6929    14.1824    % 
LB close or above UB, fathomed
389    24     33         20.7500    23.6929    14.1824    % 
UB: 23.692857142857143
branching on 3 with b.
390    25     34         20.7500    23.6929    14.1824    % 
UB: 23.692857142857143
branching on 1 with b.
391    26     35         20.7500    23.6929    14.1824    % 
UB: 23.692857142857143
branching on 2 with b.
392    27     36         20.7500    23.6929    14.1824    % 
LB close or above UB, fathomed
393    26     36         20.7500    23.6929    14.1824    % 
LB close or above UB, fathomed
394    25     35         20.7500    23.6929    14.1824    % 
LB close or above UB, fathomed
395    24     34         20.7500    23.6929    14.1824    % 
LB close or above UB, fathomed
396    23     19         20.7500    23.6929    14.1824    % 
UB: 23.692857142857143
branching on CartesianIndex(5, 3) with a.
397    24     19         20.7500    23.6929    14.1824    % 
LB close or above UB, fathomed
398    23     39         20.7500    23.6929    14.1824    % 
UB: 23.692857142857143
branching on 1 with b.
399    24     40         20.7500    23.6929    14.1824    % 
LB close or above UB, fathomed
400    23     40         20.7500    23.6929    14.1824    % 
LB close or above UB, fathomed
401    22     39         20.7500    23.6929    14.1824    % 
LB close or above UB, fathomed
402    21     17         20.7500    23.6929    14.1824    % 
UB: 23.692857142857143
branching on CartesianIndex(2, 3) with a.
403    22     17         20.7500    23.6929    14.1824    % 
LB close or above UB, fathomed
404    21     14         20.7500    23.6929    14.1824    % 
UB: 23.692857142857143
branching on CartesianIndex(5, 2) with a.
405    22     15         20.7500    23.6929    14.1824    % 
UB: 23.692857142857143
branching on CartesianIndex(6, 2) with a.
406    23     16         20.7500    23.6929    14.1824    % 
LB close or above UB, fathomed
407    22     16         20.7500    23.6929    14.1824    % 
LB close or above UB, fathomed
408    21     15         20.7500    23.6929    14.1824    % 
LB close or above UB, fathomed
409    20     14         20.7500    23.6929    14.1824    % 
LB close or above UB, fathomed
410    19     16         20.7500    23.6929    14.1824    % 
LB close or above UB, fathomed
411    18     16         20.7500    23.6929    14.1824    % 
LB close or above UB, fathomed
412    17     20         20.7500    23.6929    14.1824    % 
UB: 23.692857142857143
branching on CartesianIndex(1, 4) with c.
413    18     21         20.7500    23.6929    14.1824    % 
LB close or above UB, fathomed
414    17     21         20.7500    23.6929    14.1824    % 
UB: 23.692857142857143
branching on CartesianIndex(1, 5) with c.
415    18     22         20.7500    23.6929    14.1824    % 
UB: 23.692857142857143
branching on CartesianIndex(2, 5) with c.
416    19     23         20.7500    23.6929    14.1824    % 
UB: 23.692857142857143
branching on 2 with b.
417    20     24         20.7500    23.6929    14.1824    % 
UB: 23.692857142857143
branching on CartesianIndex(1, 6) with c.
418    21     25         20.7500    23.6929    14.1824    % 
LB close or above UB, fathomed
419    20     25         20.7500    23.6929    14.1824    % 
UB: 23.692857142857143
branching on CartesianIndex(1, 7) with c.
420    21     26         20.7500    23.6929    14.1824    % 
UB: 23.692857142857143
branching on 3 with b.
421    22     27         20.7500    23.6929    14.1824    % 
UB: 23.692857142857143
branching on 1 with b.
422    23     28         20.7500    23.6929    14.1824    % 
UB: 23.692857142857143
branching on CartesianIndex(2, 7) with c.
423    24     29         20.7500    23.6929    14.1824    % 
LB close or above UB, fathomed
424    23     29         20.7500    23.6929    14.1824    % 
UB: 23.692857142857143
branching on 2 with b.
425    24     30         20.7500    23.6929    14.1824    % 
LB close or above UB, fathomed
426    23     30         20.7500    23.6929    14.1824    % 
UB: 23.692857142857143
branching on 3 with b.
427    24     31         20.7500    23.6929    14.1824    % 
UB: 23.692857142857143
branching on 1 with b.
428    25     32         20.7500    23.6929    14.1824    % 
UB: 23.692857142857143
branching on 2 with b.
429    26     33         20.7500    23.6929    14.1824    % 
LB close or above UB, fathomed
430    25     33         20.7500    23.6929    14.1824    % 
LB close or above UB, fathomed
431    24     32         20.7500    23.6929    14.1824    % 
LB close or above UB, fathomed
432    23     31         20.7500    23.6929    14.1824    % 
LB close or above UB, fathomed
433    22     28         20.7500    23.6929    14.1824    % 
LB close or above UB, fathomed
434    21     27         20.7500    23.6929    14.1824    % 
LB close or above UB, fathomed
435    20     26         20.7500    23.6929    14.1824    % 
LB close or above UB, fathomed
436    19     24         20.7500    23.6929    14.1824    % 
LB close or above UB, fathomed
437    18     23         20.7500    23.6929    14.1824    % 
LB close or above UB, fathomed
438    17     22         20.7500    23.6929    14.1824    % 
LB close or above UB, fathomed
439    16     20         20.7500    23.6929    14.1824    % 
LB close or above UB, fathomed
440    15     35         20.7500    23.6929    14.1824    % 
LB close or above UB, fathomed
441    14     35         20.7500    23.6929    14.1824    % 
LB close or above UB, fathomed
442    13     17         20.7500    23.6929    14.1824    % 
UB: 23.692857142857143
branching on CartesianIndex(3, 3) with a.
443    14     18         20.7500    23.6929    14.1824    % 
UB: 23.692857142857143
branching on CartesianIndex(4, 3) with a.
444    15     19         20.7500    23.6929    14.1824    % 
UB: 23.692857142857143
branching on CartesianIndex(5, 3) with a.
445    16     20         20.7500    23.6929    14.1824    % 
UB: 23.692857142857143
branching on CartesianIndex(6, 3) with a.
446    17     21         20.7500    23.6929    14.1824    % 
UB: 23.692857142857143
branching on CartesianIndex(1, 4) with c.
447    18     22         20.7500    23.6929    14.1824    % 
LB close or above UB, fathomed
448    17     22         20.7500    23.6929    14.1824    % 
UB: 23.692857142857143
branching on 1 with b.
449    18     23         20.7500    23.6929    14.1824    % 
UB: 23.692857142857143
branching on 2 with b.
450    19     23         20.7500    23.6929    14.1824    % 
LB close or above UB, fathomed
451    18     21         20.7500    23.6929    14.1824    % 
LB close or above UB, fathomed
452    17     20         20.7500    23.6929    14.1824    % 
LB close or above UB, fathomed
453    16     19         20.7500    23.6929    14.1824    % 
LB close or above UB, fathomed
454    15     18         20.7500    23.6929    14.1824    % 
LB close or above UB, fathomed
455    14     17         20.7500    23.6929    14.1824    % 
LB close or above UB, fathomed
456    13     18         20.7500    23.6929    14.1824    % 
UB: 23.692857142857143
branching on CartesianIndex(3, 3) with a.
457    14     19         20.7500    23.6929    14.1824    % 
UB: 23.692857142857143
branching on 1 with b.
458    15     20         20.7500    23.6929    14.1824    % 
UB: 23.692857142857143
branching on CartesianIndex(4, 3) with a.
459    16     21         20.7500    23.6929    14.1824    % 
UB: 23.692857142857143
branching on 2 with b.
460    17     22         20.7500    23.6929    14.1824    % 
UB: 23.692857142857143
branching on 3 with b.
461    18     22         20.7500    23.6929    14.1824    % 
UB: 23.692857142857143
branching on CartesianIndex(5, 3) with a.
462    19     23         20.7500    23.6929    14.1824    % 
UB: 23.692857142857143
branching on CartesianIndex(6, 3) with a.
463    20     24         20.7500    23.6929    14.1824    % 
UB: 23.692857142857143
branching on CartesianIndex(1, 4) with c.
464    21     25         20.7500    23.6929    14.1824    % 
LB close or above UB, fathomed
465    20     25         20.7500    23.6929    14.1824    % 
UB: 23.692857142857143
branching on CartesianIndex(1, 5) with c.
466    21     26         20.7500    23.6929    14.1824    % 
UB: 23.692857142857143
branching on CartesianIndex(2, 5) with c.
467    22     27         20.7500    23.6929    14.1824    % 
UB: 23.692857142857143
branching on 3 with b.
468    23     28         20.7500    23.6929    14.1824    % 
UB: 23.692857142857143
branching on CartesianIndex(1, 6) with c.
469    24     29         20.7500    23.6929    14.1824    % 
LB close or above UB, fathomed
470    23     29         20.7500    23.6929    14.1824    % 
UB: 23.692857142857143
branching on CartesianIndex(1, 7) with c.
471    24     30         20.7500    23.6929    14.1824    % 
UB: 23.692857142857143
branching on CartesianIndex(2, 7) with c.
472    25     31         20.7500    23.6929    14.1824    % 
LB close or above UB, fathomed
473    24     31         20.7500    23.6929    14.1824    % 
UB: 23.692857142857143
branching on 1 with b.
474    25     32         20.7500    23.6929    14.1824    % 
LB close or above UB, fathomed
475    24     32         20.7500    23.6929    14.1824    % 
LB close or above UB, fathomed
476    23     30         20.7500    23.6929    14.1824    % 
LB close or above UB, fathomed
477    22     28         20.7500    23.6929    14.1824    % 
LB close or above UB, fathomed
478    21     27         20.7500    23.6929    14.1824    % 
LB close or above UB, fathomed
479    20     26         20.7500    23.6929    14.1824    % 
LB close or above UB, fathomed
480    19     24         20.7500    23.6929    14.1824    % 
LB close or above UB, fathomed
481    18     23         20.7500    23.6929    14.1824    % 
LB close or above UB, fathomed
482    17     21         20.7500    23.6929    14.1824    % 
LB close or above UB, fathomed
483    16     20         20.7500    23.6929    14.1824    % 
LB close or above UB, fathomed
484    15     19         20.7500    23.6929    14.1824    % 
LB close or above UB, fathomed
485    14     18         20.7500    23.6929    14.1824    % 
LB close or above UB, fathomed
486    13     20         20.7500    23.6929    14.1824    % 
UB: 23.692857142857143
branching on CartesianIndex(6, 3) with a.
487    14     21         20.7500    23.6929    14.1824    % 
LB close or above UB, fathomed
488    13     21         20.7500    23.6929    14.1824    % 
LB close or above UB, fathomed
489    12     20         20.7500    23.6929    14.1824    % 
LB close or above UB, fathomed
490    11     14         20.7500    23.6929    14.1824    % 
UB: 23.692857142857143
branching on 3 with b.
491    12     15         20.7500    23.6929    14.1824    % 
LB close or above UB, fathomed
492    11     15         20.7500    23.6929    14.1824    % 
UB: 23.692857142857143
branching on CartesianIndex(4, 3) with a.
493    12     16         20.7500    23.6929    14.1824    % 
UB: 23.692857142857143
branching on CartesianIndex(5, 3) with a.
494    13     17         20.7500    23.6929    14.1824    % 
UB: 23.692857142857143
branching on CartesianIndex(6, 3) with a.
495    14     18         20.7500    23.6929    14.1824    % 
UB: 23.692857142857143
branching on CartesianIndex(1, 4) with c.
496    15     19         20.7500    23.6929    14.1824    % 
LB close or above UB, fathomed
497    14     19         20.7500    23.6929    14.1824    % 
LB close or above UB, fathomed
498    13     18         20.7500    23.6929    14.1824    % 
LB close or above UB, fathomed
499    12     17         20.7500    23.6929    14.1824    % 
LB close or above UB, fathomed
500    11     16         20.7500    23.6929    14.1824    % 
LB close or above UB, fathomed
501    10     14         20.7500    23.6929    14.1824    % 
LB close or above UB, fathomed
502    9      23         20.7500    23.6929    14.1824    % 
UB: 23.692857142857143
branching on CartesianIndex(6, 3) with a.
503    10     24         20.7500    23.6929    14.1824    % 
UB: 23.692857142857143
branching on CartesianIndex(1, 4) with c.
504    11     25         20.7500    23.6929    14.1824    % 
LB close or above UB, fathomed
505    10     25         20.7500    23.6929    14.1824    % 
UB: 23.692857142857143
branching on CartesianIndex(1, 5) with c.
506    11     26         20.7500    23.6929    14.1824    % 
UB: 23.692857142857143
branching on CartesianIndex(2, 5) with c.
507    12     27         20.7500    23.6929    14.1824    % 
UB: 23.692857142857143
branching on CartesianIndex(1, 6) with c.
508    13     28         20.7500    23.6929    14.1824    % 
LB close or above UB, fathomed
509    12     28         20.7500    23.6929    14.1824    % 
UB: 23.692857142857143
branching on CartesianIndex(1, 7) with c.
510    13     29         20.7500    23.6929    14.1824    % 
UB: 23.692857142857143
branching on CartesianIndex(2, 7) with c.
511    14     30         20.7500    23.6929    14.1824    % 
LB close or above UB, fathomed
512    13     30         20.7500    23.6929    14.1824    % 
UB: 23.692857142857143
branching on 1 with b.
513    14     31         20.7500    23.6929    14.1824    % 
LB close or above UB, fathomed
514    13     31         20.7500    23.6929    14.1824    % 
UB: 23.692857142857143
branching on 2 with b.
515    14     32         20.7500    23.6929    14.1824    % 
LB close or above UB, fathomed
516    13     32         20.7500    23.6929    14.1824    % 
UB: 23.692857142857143
branching on 3 with b.
517    14     33         20.7500    23.6929    14.1824    % 
UB: 23.692857142857143
branching on 1 with b.
518    15     34         20.7500    23.6929    14.1824    % 
LB close or above UB, fathomed
519    14     34         20.7500    23.6929    14.1824    % 
LB close or above UB, fathomed
520    13     33         20.7500    23.6929    14.1824    % 
LB close or above UB, fathomed
521    12     29         20.7500    23.6929    14.1824    % 
LB close or above UB, fathomed
522    11     27         20.7500    23.6929    14.1824    % 
LB close or above UB, fathomed
523    10     26         20.7500    23.6929    14.1824    % 
LB close or above UB, fathomed
524    9      24         20.7500    23.6929    14.1824    % 
LB close or above UB, fathomed
525    8      23         20.7500    23.6929    14.1824    % 
LB close or above UB, fathomed
526    7      11         20.7500    23.6929    14.1824    % 
UB: 23.692857142857143
branching on CartesianIndex(2, 2) with a.
527    8      12         20.7500    23.6929    14.1824    % 
UB: 23.692857142857143
branching on CartesianIndex(3, 2) with a.
528    9      13         20.7500    23.6929    14.1824    % 
LB close or above UB, fathomed
529    8      13         20.7500    23.6929    14.1824    % 
UB: 23.692857142857143
branching on CartesianIndex(1, 3) with a.
530    9      12         20.7500    23.6929    14.1824    % 
LB close or above UB, fathomed
531    8      11         20.7500    23.6929    14.1824    % 
LB close or above UB, fathomed
532    7      20         20.7500    23.6929    14.1824    % 
LB close or above UB, fathomed
533    6      20         20.7500    23.6929    14.1824    % 
UB: 23.692857142857143
branching on 1 with b.
534    7      21         20.7500    23.6929    14.1824    % 
LB close or above UB, fathomed
535    6      21         20.7500    23.6929    14.1824    % 
LB close or above UB, fathomed
536    5      14         20.7500    23.6929    14.1824    % 
UB: 23.692857142857143
branching on CartesianIndex(2, 3) with a.
537    6      15         20.7500    23.6929    14.1824    % 
UB: 23.692857142857143
branching on CartesianIndex(3, 3) with a.
538    7      16         20.7500    23.6929    14.1824    % 
UB: 23.692857142857143
branching on CartesianIndex(4, 3) with a.
539    8      17         20.7500    23.6929    14.1824    % 
UB: 23.692857142857143
branching on 1 with b.
540    9      18         20.7500    23.6929    14.1824    % 
UB: 23.692857142857143
branching on CartesianIndex(5, 3) with a.
541    10     19         20.7500    23.6929    14.1824    % 
UB: 23.692857142857143
branching on 2 with b.
542    11     20         20.7500    23.6929    14.1824    % 
UB: 23.692857142857143
branching on CartesianIndex(6, 3) with a.
543    12     21         20.7500    23.6929    14.1824    % 
UB: 23.692857142857143
branching on CartesianIndex(1, 4) with c.
544    13     22         20.7500    23.6929    14.1824    % 
UB: 23.692857142857143
branching on CartesianIndex(2, 4) with c.
545    14     23         20.7500    23.6929    14.1824    % 
UB: 23.692857142857143
branching on CartesianIndex(1, 5) with c.
546    15     24         20.7500    23.6929    14.1824    % 
LB close or above UB, fathomed
547    14     24         20.7500    23.6929    14.1824    % 
LB close or above UB, fathomed
548    13     23         20.7500    23.6929    14.1824    % 
LB close or above UB, fathomed
549    12     22         20.7500    23.6929    14.1824    % 
LB close or above UB, fathomed
550    11     21         20.7500    23.6929    14.1824    % 
LB close or above UB, fathomed
551    10     20         20.7500    23.6929    14.1824    % 
LB close or above UB, fathomed
552    9      19         20.7500    23.6929    14.1824    % 
LB close or above UB, fathomed
553    8      18         20.7500    23.6929    14.1824    % 
LB close or above UB, fathomed
554    7      17         20.7500    23.6929    14.1824    % 
LB close or above UB, fathomed
555    6      16         20.7500    23.6929    14.1824    % 
LB close or above UB, fathomed
556    5      15         20.7500    23.6929    14.1824    % 
LB close or above UB, fathomed
557    4      14         20.7500    23.6929    14.1824    % 
LB close or above UB, fathomed
558    3      23         20.7500    23.6929    14.1824    % 
UB: 23.692857142857143
branching on CartesianIndex(5, 3) with a.
559    4      24         20.7500    23.6929    14.1824    % 
UB: 23.692857142857143
branching on 1 with b.
560    5      25         20.7500    23.6929    14.1824    % 
LB close or above UB, fathomed
561    4      25         20.7500    23.6929    14.1824    % 
LB close or above UB, fathomed
562    3      24         20.7500    23.6929    14.1824    % 
LB close or above UB, fathomed
563    2      23         20.7500    23.6929    14.1824    % 
LB close or above UB, fathomed
564    1      24         20.7500    23.6929    14.1824    % 
UB: 23.692857142857143
branching on CartesianIndex(1, 5) with c.
565    2      25         20.7500    23.6929    14.1824    % 
UB: 23.692857142857143
branching on CartesianIndex(2, 5) with c.
566    3      26         20.7500    23.6929    14.1824    % 
UB: 23.692857142857143
branching on CartesianIndex(1, 6) with c.
567    4      27         20.7500    23.6929    14.1824    % 
LB close or above UB, fathomed
568    3      27         20.7500    23.6929    14.1824    % 
UB: 23.692857142857143
branching on CartesianIndex(1, 7) with c.
569    4      28         20.7500    23.6929    14.1824    % 
UB: 23.692857142857143
branching on CartesianIndex(2, 7) with c.
570    5      29         20.7500    23.6929    14.1824    % 
LB close or above UB, fathomed
571    4      29         20.7500    23.6929    14.1824    % 
UB: 23.692857142857143
branching on 3 with b.
572    5      30         20.7500    23.6929    14.1824    % 
LB close or above UB, fathomed
573    4      30         20.7500    23.6929    14.1824    % 
UB: 23.692857142857143
branching on 1 with b.
574    5      31         20.7500    23.6929    14.1824    % 
UB: 23.692857142857143
branching on 2 with b.
575    6      32         20.7500    23.6929    14.1824    % 
LB close or above UB, fathomed
576    5      32         20.7500    23.6929    14.1824    % 
UB: 23.692857142857143
branching on 3 with b.
577    6      33         20.7500    23.6929    14.1824    % 
LB close or above UB, fathomed
578    5      33         20.7500    23.6929    14.1824    % 
UB: 23.692857142857143
branching on 1 with b.
579    6      34         20.7500    23.6929    14.1824    % 
UB: 23.692857142857143
branching on 2 with b.
580    7      35         20.7500    23.6929    14.1824    % 
LB close or above UB, fathomed
581    6      35         20.7500    23.6929    14.1824    % 
LB close or above UB, fathomed
582    5      34         20.7500    23.6929    14.1824    % 
LB close or above UB, fathomed
583    4      31         20.7500    23.6929    14.1824    % 
LB close or above UB, fathomed
584    3      28         20.7500    23.6929    14.1824    % 
LB close or above UB, fathomed
585    2      26         20.7500    23.6929    14.1824    % 
LB close or above UB, fathomed
586    1      25         20.7500    23.6929    14.1824    % 
LB close or above UB, fathomed
587    0      24         20.7500    23.6929    14.1824    % 
LB close or above UB, fathomed
all node solved
solved nodes:  588
588                                                   2.3687e+01     2.3693e+01     0.0245  % 
7×3 Matrix{Float64}:
 0.0  1.0  0.0
 0.0  0.0  0.0
 0.0  0.0  0.0
 0.0  0.0  0.0
 0.0  0.0  0.0
 0.0  0.0  1.0
 1.0  0.0  0.0
3-element Vector{Float64}:
 0.550914758337125
 0.26793180977371067
 0.17493617908143427
3×7 Matrix{Float64}:
 0.0  0.0  0.0  0.0  1.0  0.0  0.0
 0.0  0.0  0.0  0.0  0.0  1.0  1.0
 0.0  0.0  0.0  1.0  0.0  0.0  0.0
3-element Vector{Float64}:
 1.0
 1.0
 1.0
7×3 Matrix{Float64}:
 1.0  0.0  0.0
 0.0  0.0  0.0
 0.0  0.0  0.0
 0.0  0.0  0.0
 0.0  0.0  0.0
 0.0  0.0  0.0
 0.0  1.0  1.0
3-element Vector{Float64}:
 0.265625
 0.161957155890611
 0.515625
3×7 Matrix{Float64}:
 0.0  0.0  0.0  1.0  0.0  1.0  0.0
 0.0  0.0  0.0  0.0  0.0  0.0  1.0
 0.0  0.0  0.0  0.0  1.0  0.0  0.0
3-element Vector{Float64}:
 1.0
 1.0
 1.0
comparison (CRT and Glb)on prediction: Dict{Bool, Int64}(0 => 1, 1 => 50)
Dataname	 time	 objv	 lb	 gap	 train_w	 train_g	 test_w	 test_g
seeds_848.seeds	 81.49	 23.692857142857143	 23.687	 0.0002	 90.323	 94.839	 94.118	 96.078
